
$ defects4j compile -w /work/JacksonCore_21f
Running ant (compile)...................................................... OK
Running ant (compile.tests)................................................ OK

[exit=0 timeout=False time=0.8s]

$ defects4j compile -w /work/JacksonCore_21b
Running ant (compile)...................................................... OK
Running ant (compile.tests)................................................ OK

[exit=0 timeout=False time=0.8s]

$ java -Djava.awt.headless=true -cp /opt/defects4j/framework/projects/lib/junit-4.12-hamcrest-1.3.jar:/opt/evosuite/evosuite-1.2.0.jar:/work/JacksonCore_21f/target/classes:/work/JacksonCore_21f/target/test-classes org.evosuite.EvoSuite -generateSuite -class com.fasterxml.jackson.core.filter.FilteringParserDelegate -projectCP /opt/defects4j/framework/projects/lib/junit-4.12-hamcrest-1.3.jar:/work/JacksonCore_21f/target/classes:/work/JacksonCore_21f/target/test-classes -Dcriterion=LINE:BRANCH:EXCEPTION -Dsearch_budget=120 -seed 1 -Dtest_dir=/work/evo_out/JacksonCore_21f/budget120_seed1/tests -Dreport_dir=/work/evo_out/JacksonCore_21f/budget120_seed1/report
* EvoSuite 1.2.0
* Going to generate test cases for class: com.fasterxml.jackson.core.filter.FilteringParserDelegate
* Starting Client-0
* Connecting to master process on port 9922
* Analyzing classpath: 
  - /opt/defects4j/framework/projects/lib/junit-4.12-hamcrest-1.3.jar
  - /work/JacksonCore_21f/target/classes
  - /work/JacksonCore_21f/target/test-classes
[MASTER] 02:23:09.751 [logback-1] WARN  InheritanceTree - Class not in inheritance graph: java.io.ObjectInputFilter
[MASTER] 02:23:09.822 [logback-1] WARN  InheritanceTree - Class not in inheritance graph: java.util.Locale$IsoCountryCode
* Finished analyzing classpath
* Generating tests for class com.fasterxml.jackson.core.filter.FilteringParserDelegate
* Test criteria:
  - Line Coverage
  - Branch Coverage
  - Exception
* Setting up search algorithm for whole suite generation
* Total number of test goals: 
  - Line 386
  - Branch 331
  - Exception 0

[Progress:>                             0%] [Cov:>                                  0%]* Using seed 1
* Starting evolution

[Progress:>                             0%] [Cov:>                                  1%]
[Progress:>                             0%] [Cov:============>                      35%]
[Progress:>                             0%] [Cov:============>                      36%]
[Progress:>                             0%] [Cov:============>                      36%]
[Progress:>                             1%] [Cov:============>                      35%]
[Progress:>                             1%] [Cov:============>                      36%]
[Progress:>                             1%] [Cov:===============>                   45%]
[Progress:>                             1%] [Cov:===============>                   45%]
[Progress:>                             1%] [Cov:===============>                   45%]
[Progress:>                             1%] [Cov:===============>                   45%]
[Progress:>                             2%] [Cov:===============>                   45%]
[Progress:>                             2%] [Cov:===============>                   45%]
[Progress:>                             2%] [Cov:================>                  46%]
[Progress:>                             2%] [Cov:================>                  46%]
[Progress:>                             2%] [Cov:================>                  46%]
[Progress:=>                            6%] [Cov:================>                  46%]
[Progress:=>                            6%] [Cov:================>                  46%]
[Progress:==>                           7%] [Cov:================>                  46%]
[Progress:==>                           7%] [Cov:================>                  46%]
[Progress:==>                           7%] [Cov:================>                  46%]
[Progress:==>                           7%] [Cov:================>                  46%]
[Progress:==>                           7%] [Cov:================>                  46%]
[Progress:==>                           8%] [Cov:================>                  46%]
[Progress:==>                           8%] [Cov:================>                  46%]
[Progress:==>                           8%] [Cov:================>                  46%]
[Progress:==>                           8%] [Cov:================>                  46%]
[Progress:==>                           8%] [Cov:================>                  46%]
[Progress:==>                           9%] [Cov:================>                  46%]
[Progress:==>                           9%] [Cov:================>                  46%]
[Progress:==>                           9%] [Cov:================>                  46%]
[Progress:==>                           9%] [Cov:================>                  46%]
[Progress:===>                          10%] [Cov:================>                  46%]
[Progress:===>                          10%] [Cov:================>                  46%]
[Progress:===>                          10%] [Cov:================>                  46%]
[Progress:===>                          10%] [Cov:================>                  46%]
[Progress:===>                          10%] [Cov:================>                  46%]
[Progress:===>                          10%] [Cov:================>                  46%]
[Progress:===>                          10%] [Cov:================>                  46%]
[Progress:===>                          10%] [Cov:================>                  46%]
[Progress:===>                          11%] [Cov:================>                  46%]
[Progress:===>                          11%] [Cov:================>                  46%]
[Progress:===>                          11%] [Cov:================>                  46%]
[Progress:===>                          11%] [Cov:================>                  46%]
[Progress:===>                          12%] [Cov:================>                  46%]
[Progress:===>                          12%] [Cov:================>                  47%]
[Progress:===>                          12%] [Cov:================>                  47%]
[Progress:===>                          12%] [Cov:================>                  47%]
[Progress:===>                          13%] [Cov:================>                  47%]
[Progress:===>                          13%] [Cov:================>                  47%]
[Progress:===>                          13%] [Cov:================>                  47%]
[Progress:====>                         14%] [Cov:================>                  47%]
[Progress:====>                         14%] [Cov:================>                  47%]
[Progress:====>                         14%] [Cov:================>                  47%]
[Progress:====>                         15%] [Cov:================>                  47%]
[Progress:====>                         15%] [Cov:================>                  47%]
[Progress:====>                         15%] [Cov:================>                  47%]
[Progress:====>                         15%] [Cov:================>                  47%]
[Progress:====>                         15%] [Cov:================>                  47%]
[Progress:====>                         16%] [Cov:================>                  47%]
[Progress:====>                         16%] [Cov:================>                  47%]
[Progress:=====>                        17%] [Cov:================>                  47%]
[Progress:=====>                        17%] [Cov:================>                  47%]
[Progress:=====>                        17%] [Cov:================>                  47%]
[Progress:=====>                        18%] [Cov:================>                  47%]
[Progress:=====>                        18%] [Cov:================>                  47%]
[Progress:=====>                        18%] [Cov:================>                  47%]
[Progress:=====>                        19%] [Cov:================>                  47%]
[Progress:=====>                        19%] [Cov:================>                  47%]
[Progress:=====>                        19%] [Cov:================>                  47%]
[Progress:======>                       20%] [Cov:================>                  47%]
[Progress:======>                       20%] [Cov:================>                  47%]
[Progress:======>                       20%] [Cov:================>                  47%]
[Progress:======>                       20%] [Cov:================>                  47%]
[Progress:======>                       20%] [Cov:================>                  47%]
[Progress:======>                       21%] [Cov:================>                  47%]
[Progress:======>                       21%] [Cov:================>                  47%]
[Progress:======>                       21%] [Cov:================>                  47%]
[Progress:======>                       22%] [Cov:================>                  47%]
[Progress:======>                       22%] [Cov:================>                  47%]
[Progress:======>                       23%] [Cov:================>                  47%]
[Progress:======>                       23%] [Cov:================>                  47%]
[Progress:======>                       23%] [Cov:================>                  47%]
[Progress:=======>                      24%] [Cov:================>                  47%]
[Progress:=======>                      24%] [Cov:================>                  47%]
[Progress:=======>                      24%] [Cov:================>                  47%]
[Progress:=======>                      25%] [Cov:================>                  47%]
[Progress:=======>                      25%] [Cov:================>                  47%]
[Progress:=======>                      25%] [Cov:================>                  47%]
[Progress:=======>                      25%] [Cov:================>                  47%]
[Progress:=======>                      25%] [Cov:================>                  47%]
[Progress:=======>                      26%] [Cov:================>                  47%]
[Progress:=======>                      26%] [Cov:================>                  47%]
[Progress:=======>                      26%] [Cov:================>                  47%]
[Progress:========>                     27%] [Cov:================>                  47%]
[Progress:========>                     27%] [Cov:================>                  47%]
[Progress:========>                     27%] [Cov:================>                  47%]
[Progress:========>                     28%] [Cov:================>                  47%]
[Progress:========>                     28%] [Cov:================>                  47%]
[Progress:========>                     28%] [Cov:================>                  47%]
[Progress:========>                     29%] [Cov:================>                  47%]
[Progress:========>                     29%] [Cov:================>                  47%]
[Progress:========>                     29%] [Cov:================>                  47%]
[Progress:=========>                    33%] [Cov:================>                  47%]
[Progress:==========>                   34%] [Cov:================>                  47%]
[Progress:==========>                   34%] [Cov:================>                  47%]
[Progress:==========>                   35%] [Cov:================>                  47%]
[Progress:==========>                   35%] [Cov:================>                  47%]
[Progress:==========>                   35%] [Cov:================>                  47%]
[Progress:==========>                   35%] [Cov:================>                  47%]
[Progress:==========>                   35%] [Cov:================>                  47%]
[Progress:==========>                   36%] [Cov:================>                  47%]
[Progress:==========>                   36%] [Cov:================>                  47%]
[Progress:==========>                   36%] [Cov:================>                  48%]
[Progress:===========>                  37%] [Cov:================>                  48%]
[Progress:===========>                  37%] [Cov:================>                  48%]
[Progress:===========>                  38%] [Cov:================>                  48%]
[Progress:===========>                  38%] [Cov:================>                  48%]
[Progress:===========>                  38%] [Cov:================>                  48%]
[Progress:===========>                  39%] [Cov:================>                  48%]
[Progress:===========>                  39%] [Cov:================>                  48%]
[Progress:===========>                  39%] [Cov:=================>                 49%]
[Progress:===========>                  39%] [Cov:=================>                 50%]
[Progress:============>                 40%] [Cov:=================>                 50%]
[Progress:============>                 40%] [Cov:=================>                 50%]
[Progress:============>                 40%] [Cov:=================>                 50%]
[Progress:============>                 40%] [Cov:=================>                 50%]
[Progress:============>                 41%] [Cov:=================>                 50%]
[Progress:============>                 41%] [Cov:=================>                 50%]
[Progress:============>                 41%] [Cov:=================>                 50%]
[Progress:============>                 42%] [Cov:=================>                 50%]
[Progress:============>                 42%] [Cov:=================>                 51%]
[Progress:============>                 42%] [Cov:=================>                 51%]
[Progress:============>                 43%] [Cov:=================>                 51%]
[Progress:============>                 43%] [Cov:=================>                 51%]
[Progress:============>                 43%] [Cov:=================>                 51%]
[Progress:=============>                44%] [Cov:=================>                 51%]
[Progress:=============>                44%] [Cov:=================>                 51%]
[Progress:=============>                45%] [Cov:=================>                 51%]
[Progress:=============>                45%] [Cov:=================>                 51%]
[Progress:=============>                45%] [Cov:=================>                 51%]
[Progress:=============>                45%] [Cov:=================>                 51%]
[Progress:=============>                46%] [Cov:=================>                 51%]
[Progress:=============>                46%] [Cov:=================>                 51%]
[Progress:==============>               47%] [Cov:=================>                 51%]
[Progress:==============>               47%] [Cov:=================>                 51%]
[Progress:==============>               48%] [Cov:=================>                 51%]
[Progress:==============>               48%] [Cov:=================>                 51%]
[Progress:==============>               48%] [Cov:=================>                 51%]
[Progress:==============>               49%] [Cov:=================>                 51%]
[Progress:==============>               49%] [Cov:=================>                 51%]
[Progress:==============>               49%] [Cov:=================>                 51%]
[Progress:===============>              50%] [Cov:=================>                 51%]
[Progress:===============>              50%] [Cov:=================>                 51%]
[Progress:===============>              50%] [Cov:=================>                 51%]
[Progress:===============>              50%] [Cov:=================>                 51%]
[Progress:===============>              50%] [Cov:=================>                 51%]
[Progress:===============>              51%] [Cov:=================>                 51%]
[Progress:===============>              51%] [Cov:=================>                 51%]
[Progress:===============>              51%] [Cov:=================>                 51%]
[Progress:===============>              52%] [Cov:=================>                 51%]
[Progress:===============>              52%] [Cov:=================>                 51%]
[Progress:===============>              53%] [Cov:=================>                 51%]
[Progress:===============>              53%] [Cov:=================>                 51%]
[Progress:================>             54%] [Cov:=================>                 51%]
[Progress:================>             54%] [Cov:=================>                 51%]
[Progress:================>             54%] [Cov:=================>                 51%]
[Progress:================>             55%] [Cov:=================>                 51%]
[Progress:================>             55%] [Cov:==================>                52%]
[Progress:================>             55%] [Cov:==================>                53%]
[Progress:================>             55%] [Cov:==================>                53%]
[Progress:================>             55%] [Cov:==================>                53%]
[Progress:================>             56%] [Cov:==================>                53%]
[Progress:================>             56%] [Cov:==================>                53%]
[Progress:=================>            57%] [Cov:==================>                53%]
[Progress:=================>            57%] [Cov:==================>                53%]
[Progress:=================>            57%] [Cov:==================>                53%]
[Progress:=================>            58%] [Cov:==================>                53%]
[Progress:=================>            58%] [Cov:==================>                53%]
[Progress:=================>            58%] [Cov:==================>                53%]
[Progress:=================>            59%] [Cov:==================>                53%]
[Progress:=================>            59%] [Cov:==================>                53%]
[Progress:=================>            59%] [Cov:==================>                53%]
[Progress:==================>           60%] [Cov:==================>                53%]
[Progress:==================>           60%] [Cov:==================>                54%]
[Progress:==================>           60%] [Cov:==================>                54%]
[Progress:==================>           60%] [Cov:==================>                54%]
[Progress:==================>           61%] [Cov:==================>                54%]
[Progress:==================>           61%] [Cov:==================>                54%]
[Progress:==================>           62%] [Cov:==================>                54%]
[Progress:==================>           62%] [Cov:==================>                54%]
[Progress:==================>           63%] [Cov:==================>                54%]
[Progress:==================>           63%] [Cov:==================>                54%]
[Progress:==================>           63%] [Cov:==================>                54%]
[Progress:===================>          64%] [Cov:==================>                54%]
[Progress:===================>          64%] [Cov:==================>                54%]
[Progress:===================>          65%] [Cov:==================>                54%]
[Progress:===================>          65%] [Cov:==================>                54%]
[Progress:===================>          65%] [Cov:==================>                54%]
[Progress:===================>          66%] [Cov:==================>                54%]
[Progress:===================>          66%] [Cov:==================>                54%]
[Progress:===================>          66%] [Cov:==================>                54%]
[Progress:====================>         67%] [Cov:==================>                54%]
[Progress:====================>         67%] [Cov:==================>                54%]
[Progress:====================>         68%] [Cov:==================>                54%]
[Progress:====================>         68%] [Cov:==================>                54%]
[Progress:====================>         69%] [Cov:==================>                54%]
[Progress:====================>         69%] [Cov:==================>                54%]
[Progress:====================>         69%] [Cov:==================>                54%]
[Progress:=====================>        70%] [Cov:==================>                54%]
[Progress:=====================>        70%] [Cov:==================>                54%]
[Progress:=====================>        70%] [Cov:==================>                54%]
[Progress:=====================>        70%] [Cov:==================>                54%]
[Progress:=====================>        71%] [Cov:==================>                54%]
[Progress:=====================>        71%] [Cov:==================>                54%]
[Progress:=====================>        72%] [Cov:==================>                54%]
[Progress:=====================>        72%] [Cov:==================>                54%]
[Progress:=====================>        73%] [Cov:==================>                54%]
[Progress:=====================>        73%] [Cov:==================>                54%]
[Progress:======================>       74%] [Cov:==================>                54%]
[Progress:======================>       75%] [Cov:==================>                54%]
[Progress:======================>       75%] [Cov:==================>                54%]
[Progress:======================>       75%] [Cov:==================>                54%]
[Progress:======================>       75%] [Cov:==================>                54%]
[Progress:======================>       75%] [Cov:==================>                54%]
[Progress:======================>       76%] [Cov:==================>                54%]
[Progress:======================>       76%] [Cov:==================>                54%]
[Progress:=======================>      77%] [Cov:==================>                54%]
[Progress:=======================>      77%] [Cov:==================>                54%]
[Progress:=======================>      77%] [Cov:==================>                54%]
[Progress:=======================>      78%] [Cov:==================>                54%]
[Progress:=======================>      78%] [Cov:==================>                54%]
[Progress:=======================>      79%] [Cov:==================>                54%]
[Progress:=======================>      79%] [Cov:==================>                54%]
[Progress:=======================>      79%] [Cov:==================>                54%]
[Progress:========================>     80%] [Cov:==================>                54%]
[Progress:========================>     80%] [Cov:==================>                54%]
[Progress:========================>     80%] [Cov:==================>                54%]
[Progress:========================>     80%] [Cov:==================>                54%]
[Progress:========================>     81%] [Cov:==================>                54%]
[Progress:========================>     81%] [Cov:==================>                54%]
[Progress:========================>     82%] [Cov:==================>                54%]
[Progress:========================>     82%] [Cov:==================>                54%]
[Progress:========================>     83%] [Cov:==================>                54%]
[Progress:========================>     83%] [Cov:==================>                54%]
[Progress:=========================>    84%] [Cov:==================>                54%]
[Progress:=========================>    85%] [Cov:==================>                54%]
[Progress:=========================>    85%] [Cov:==================>                54%]
[Progress:=========================>    85%] [Cov:==================>                54%]
[Progress:=========================>    85%] [Cov:==================>                54%]
[Progress:=========================>    86%] [Cov:==================>                54%]
[Progress:=========================>    86%] [Cov:==================>                54%]
[Progress:=========================>    86%] [Cov:==================>                54%]
[Progress:==========================>   87%] [Cov:==================>                54%]
[Progress:==========================>   87%] [Cov:==================>                54%]
[Progress:==========================>   88%] [Cov:==================>                54%]
[Progress:==========================>   88%] [Cov:==================>                54%]
[Progress:==========================>   88%] [Cov:==================>                54%]
[Progress:==========================>   89%] [Cov:==================>                54%]
[Progress:==========================>   89%] [Cov:==================>                54%]
[Progress:===========================>  90%] [Cov:==================>                54%]
[Progress:===========================>  90%] [Cov:==================>                54%]
[Progress:===========================>  90%] [Cov:==================>                54%]
[Progress:===========================>  90%] [Cov:==================>                54%]
[Progress:===========================>  91%] [Cov:==================>                54%]
[Progress:===========================>  91%] [Cov:==================>                54%]
[Progress:===========================>  91%] [Cov:===================>               55%]
[Progress:===========================>  92%] [Cov:===================>               55%]
[Progress:===========================>  93%] [Cov:===================>               55%]
[Progress:===========================>  93%] [Cov:===================>               55%]
[Progress:============================> 94%] [Cov:===================>               55%]
[Progress:============================> 95%] [Cov:===================>               55%]
[Progress:============================> 95%] [Cov:===================>               55%]
[Progress:============================> 95%] [Cov:===================>               55%]
[Progress:============================> 96%] [Cov:===================>               55%]
[Progress:============================> 96%] [Cov:===================>               55%]
[Progress:============================> 96%] [Cov:===================>               55%]
[Progress:=============================>97%] [Cov:===================>               55%]
[Progress:=============================>97%] [Cov:===================>               55%]
[Progress:=============================>98%] [Cov:===================>               55%]
[Progress:=============================>98%] [Cov:===================>               55%]
[Progress:=============================>98%] [Cov:===================>               55%]
[Progress:=============================>99%] [Cov:===================>               55%]
[Progress:=============================>99%] [Cov:===================>               55%]
[Progress:==============================100%] [Cov:===================>               55%]
[Progress:==============================100%] [Cov:===================>               55%]
[Progress:==============================100%] [Cov:===================>               55%]
[Progress:==============================100%] [Cov:===================>               55%]
* Search finished after 122s and 193 generations, 98632 statements, best individual has fitness: 379.5620562219799
* Minimizing test suite
* Going to analyze the coverage criteria
* Coverage analysis for criterion LINE
* Coverage of criterion LINE: 32%
* Total number of goals: 386
* Number of covered goals: 125
* Coverage analysis for criterion BRANCH
* Coverage of criterion BRANCH: 35%
* Total number of goals: 331
* Number of covered goals: 117
* Coverage analysis for criterion EXCEPTION
* Coverage of criterion EXCEPTION: 100%
* Total number of goals: 62
* Number of covered goals: 62
* Generated 92 tests with total length 523
* Resulting test suite's coverage: 56% (average coverage for all fitness functions)
* Generating assertions
* Resulting test suite's mutation score: 19%
* Compiling and checking tests
* Writing tests to file
* Writing JUnit test case 'FilteringParserDelegate_ESTest' to /work/evo_out/JacksonCore_21f/budget120_seed1/tests
* Done!

* Computation finished

[exit=0 timeout=False time=142.7s]

$ javac -nowarn -cp /work/JacksonCore_21f/target/classes:/opt/defects4j/framework/projects/lib/junit-4.12-hamcrest-1.3.jar:/work/JacksonCore_21f/target/classes:/work/JacksonCore_21f/target/test-classes:/opt/evosuite/evosuite-standalone-runtime-1.2.0.jar -d /work/evo_out/JacksonCore_21f/budget120_seed1/classes /work/evo_out/JacksonCore_21f/budget120_seed1/tests/com/fasterxml/jackson/core/filter/FilteringParserDelegate_ESTest.java /work/evo_out/JacksonCore_21f/budget120_seed1/tests/com/fasterxml/jackson/core/filter/FilteringParserDelegate_ESTest_scaffolding.java

[exit=0 timeout=False time=0.7s]

$ java -jar /opt/jacoco/lib/jacococli.jar instrument /work/JacksonCore_21f/target/classes --dest /work/evo_out/JacksonCore_21f/budget120_seed1/instrumented
[INFO] 109 classes instrumented to /work/evo_out/JacksonCore_21f/budget120_seed1/instrumented.

[exit=0 timeout=False time=0.3s]

$ java -Djacoco-agent.destfile=/workspace/EvoSuite/Result_Round2/JacksonCore_21/budget120_seed1/jacoco.exec -cp /work/evo_out/JacksonCore_21f/budget120_seed1/instrumented:/work/evo_out/JacksonCore_21f/budget120_seed1/classes:/opt/defects4j/framework/projects/lib/junit-4.12-hamcrest-1.3.jar:/work/JacksonCore_21f/target/classes:/work/JacksonCore_21f/target/test-classes:/opt/evosuite/evosuite-standalone-runtime-1.2.0.jar:/opt/jacoco/lib/jacocoagent.jar org.junit.runner.JUnitCore com.fasterxml.jackson.core.filter.FilteringParserDelegate_ESTest
JUnit version 4.12
............................................................................................
Time: 0.659

OK (92 tests)

SLF4J: Failed to load class "org.slf4j.impl.StaticLoggerBinder".
SLF4J: Defaulting to no-operation (NOP) logger implementation
SLF4J: See http://www.slf4j.org/codes.html#StaticLoggerBinder for further details.
WARNING: An illegal reflective access operation has occurred
WARNING: Illegal reflective access by org.evosuite.runtime.GuiSupport (file:/opt/evosuite/evosuite-standalone-runtime-1.2.0.jar) to field java.awt.GraphicsEnvironment.headless
WARNING: Please consider reporting this to the maintainers of org.evosuite.runtime.GuiSupport
WARNING: Use --illegal-access=warn to enable warnings of further illegal reflective access operations
WARNING: All illegal access operations will be denied in a future release

[exit=0 timeout=False time=1.5s]

$ java -jar /opt/jacoco/lib/jacococli.jar report /workspace/EvoSuite/Result_Round2/JacksonCore_21/budget120_seed1/jacoco.exec --classfiles /work/JacksonCore_21f/target/classes --csv /workspace/EvoSuite/Result_Round2/JacksonCore_21/budget120_seed1/jacoco.csv
[INFO] Loading execution data file /workspace/EvoSuite/Result_Round2/JacksonCore_21/budget120_seed1/jacoco.exec.
[INFO] Analyzing 89 classes.

[exit=0 timeout=False time=0.3s]

$ java -cp /work/evo_out/JacksonCore_21f/budget120_seed1/classes:/opt/defects4j/framework/projects/lib/junit-4.12-hamcrest-1.3.jar:/work/JacksonCore_21b/target/classes:/work/JacksonCore_21b/target/test-classes:/opt/evosuite/evosuite-standalone-runtime-1.2.0.jar org.junit.runner.JUnitCore com.fasterxml.jackson.core.filter.FilteringParserDelegate_ESTest
JUnit version 4.12
............................................................................................
Time: 0.582

OK (92 tests)

SLF4J: Failed to load class "org.slf4j.impl.StaticLoggerBinder".
SLF4J: Defaulting to no-operation (NOP) logger implementation
SLF4J: See http://www.slf4j.org/codes.html#StaticLoggerBinder for further details.
WARNING: An illegal reflective access operation has occurred
WARNING: Illegal reflective access by org.evosuite.runtime.GuiSupport (file:/opt/evosuite/evosuite-standalone-runtime-1.2.0.jar) to field java.awt.GraphicsEnvironment.headless
WARNING: Please consider reporting this to the maintainers of org.evosuite.runtime.GuiSupport
WARNING: Use --illegal-access=warn to enable warnings of further illegal reflective access operations
WARNING: All illegal access operations will be denied in a future release

[exit=0 timeout=False time=0.9s]
