
$ defects4j checkout -p Chart -v 22f -w /work/Chart_22f
Checking out 227 to /work/Chart_22f........................................ OK
Init local repository...................................................... OK
Tag post-fix revision...................................................... OK
Apply patch................................................................ OK
Run post-checkout hook..................................................... OK
Excluding broken/flaky tests............................................... OK
Excluding broken/flaky tests............................................... OK
Initialize fixed program version........................................... OK
Apply patch................................................................ OK
Initialize buggy program version........................................... OK
Diff 227:225............................................................... OK
Apply patch................................................................ OK
Tag pre-fix revision....................................................... OK
Check out program version: Chart-22f....................................... OK

[exit=0 timeout=False time=4.9s]

$ defects4j compile -w /work/Chart_22f
Running ant (compile)...................................................... OK
Running ant (compile.tests)................................................ OK

[exit=0 timeout=False time=18.2s]

$ defects4j checkout -p Chart -v 22b -w /work/Chart_22b
Checking out 227 to /work/Chart_22b........................................ OK
Init local repository...................................................... OK
Tag post-fix revision...................................................... OK
Apply patch................................................................ OK
Run post-checkout hook..................................................... OK
Excluding broken/flaky tests............................................... OK
Excluding broken/flaky tests............................................... OK
Initialize fixed program version........................................... OK
Apply patch................................................................ OK
Initialize buggy program version........................................... OK
Diff 227:225............................................................... OK
Apply patch................................................................ OK
Tag pre-fix revision....................................................... OK
Check out program version: Chart-22b....................................... OK

[exit=0 timeout=False time=4.9s]

$ defects4j compile -w /work/Chart_22b
Running ant (compile)...................................................... OK
Running ant (compile.tests)................................................ OK

[exit=0 timeout=False time=17.4s]

$ java -Djava.awt.headless=true -cp /opt/defects4j/framework/projects/lib/junit-4.12-hamcrest-1.3.jar:/opt/evosuite/evosuite-1.2.0.jar:/work/Chart_22f/build:/work/Chart_22f/lib/servlet.jar:/work/Chart_22f/build-tests org.evosuite.EvoSuite -generateSuite -class org.jfree.data.KeyedObjects2D -projectCP /opt/defects4j/framework/projects/lib/junit-4.12-hamcrest-1.3.jar:/work/Chart_22f/build:/work/Chart_22f/lib/servlet.jar:/work/Chart_22f/build-tests -Dcriterion=LINE:BRANCH:EXCEPTION -Dsearch_budget=60 -seed 1 -Dtest_dir=/work/evo_out/Chart_22f/budget60_seed1/tests -Dreport_dir=/work/evo_out/Chart_22f/budget60_seed1/report
* EvoSuite 1.2.0
* Going to generate test cases for class: org.jfree.data.KeyedObjects2D
* Starting Client-0
* Connecting to master process on port 9922
* Analyzing classpath: 
  - /opt/defects4j/framework/projects/lib/junit-4.12-hamcrest-1.3.jar
  - /work/Chart_22f/build
  - /work/Chart_22f/lib/servlet.jar
  - /work/Chart_22f/build-tests
* Finished analyzing classpath
* Generating tests for class org.jfree.data.KeyedObjects2D
* Test criteria:
  - Line Coverage
  - Branch Coverage
  - Exception
* Setting up search algorithm for whole suite generation
* Total number of test goals: 
  - Line 145
  - Branch 87
  - Exception 0

[Progress:>                             0%] [Cov:>                                  0%]* Using seed 1
* Starting evolution
[MASTER] 07:52:35.498 [logback-1] WARN  TestCluster - Failed to check cache for java.lang.Comparable<T> : Type points to itself

[Progress:>                             1%] [Cov:====>                              13%]
[Progress:>                             1%] [Cov:=======>                           21%]
[Progress:>                             1%] [Cov:===================>               55%]
[Progress:>                             3%] [Cov:====>                              14%]
[Progress:>                             3%] [Cov:========>                          25%]
[Progress:>                             3%] [Cov:====================>              58%]
[Progress:=>                            5%] [Cov:=>                                 4%]
[Progress:=>                            5%] [Cov:==>                                6%]
[Progress:=>                            5%] [Cov:=============>                     39%]
[Progress:=>                            5%] [Cov:==================>                54%]
[Progress:=>                            5%] [Cov:===================>               56%]
[Progress:=>                            5%] [Cov:===================>               57%]
[Progress:=>                            6%] [Cov:==>                                6%]
[Progress:=>                            6%] [Cov:===>                               11%]
[Progress:=>                            6%] [Cov:===============>                   45%]
[Progress:=>                            6%] [Cov:===================>               55%]
[Progress:=>                            6%] [Cov:====================>              59%]
[Progress:=>                            6%] [Cov:=====================>             61%]
[Progress:=>                            6%] [Cov:====================>              59%]
[Progress:==>                           8%] [Cov:===================>               57%]
[Progress:==>                           8%] [Cov:====================>              59%]
[Progress:==>                           8%] [Cov:=====================>             60%]
[Progress:==>                           8%] [Cov:=====================>             61%]
[Progress:==>                           8%] [Cov:=====================>             62%]
[Progress:==>                           8%] [Cov:=========================>         73%]
[Progress:===>                          10%] [Cov:=========================>         73%]
[Progress:===>                          10%] [Cov:=========================>         73%]
[Progress:===>                          10%] [Cov:=========================>         73%]
[Progress:===>                          10%] [Cov:=========================>         74%]
[Progress:===>                          10%] [Cov:=========================>         74%]
[Progress:===>                          11%] [Cov:=========================>         74%]
[Progress:===>                          11%] [Cov:=========================>         74%]
[Progress:===>                          11%] [Cov:=========================>         74%]
[Progress:===>                          11%] [Cov:=========================>         74%]
[Progress:===>                          11%] [Cov:==========================>        77%]
[Progress:===>                          11%] [Cov:===========================>       78%]
[Progress:===>                          13%] [Cov:=========================>         74%]
[Progress:===>                          13%] [Cov:===========================>       78%]
[Progress:===>                          13%] [Cov:===========================>       79%]
[Progress:===>                          13%] [Cov:===========================>       79%]
[Progress:===>                          13%] [Cov:===========================>       79%]
[Progress:====>                         15%] [Cov:===========================>       79%]
[Progress:====>                         15%] [Cov:===========================>       79%]
[Progress:====>                         15%] [Cov:===========================>       79%]
[Progress:====>                         15%] [Cov:============================>      81%]
[Progress:====>                         15%] [Cov:=============================>     84%]
[Progress:====>                         15%] [Cov:=============================>     84%]
[Progress:====>                         15%] [Cov:=============================>     84%]
[Progress:====>                         16%] [Cov:=============================>     84%]
[Progress:====>                         16%] [Cov:=============================>     84%]
[Progress:====>                         16%] [Cov:=============================>     84%]
[Progress:====>                         16%] [Cov:=============================>     84%]
[Progress:====>                         16%] [Cov:=============================>     84%]
[Progress:=====>                        18%] [Cov:=============================>     84%]
[Progress:=====>                        18%] [Cov:=============================>     84%]
[Progress:=====>                        18%] [Cov:=============================>     85%]
[Progress:=====>                        18%] [Cov:=============================>     85%]
[Progress:=====>                        18%] [Cov:=============================>     85%]
[Progress:======>                       20%] [Cov:=============================>     85%]
[Progress:======>                       20%] [Cov:=============================>     85%]
[Progress:======>                       20%] [Cov:=============================>     85%]
[Progress:======>                       20%] [Cov:=============================>     85%]
[Progress:======>                       20%] [Cov:=============================>     85%]
[Progress:======>                       21%] [Cov:=============================>     85%]
[Progress:======>                       21%] [Cov:=============================>     85%]
[Progress:======>                       21%] [Cov:=============================>     85%]
[Progress:======>                       21%] [Cov:=============================>     85%]
[Progress:======>                       21%] [Cov:=============================>     85%]
[Progress:======>                       21%] [Cov:=============================>     85%]
[Progress:======>                       21%] [Cov:==============================>    86%]
[Progress:======>                       23%] [Cov:=============================>     85%]
[Progress:======>                       23%] [Cov:==============================>    86%]
[Progress:======>                       23%] [Cov:==============================>    86%]
[Progress:======>                       23%] [Cov:==============================>    86%]
[Progress:======>                       23%] [Cov:==============================>    86%]
[Progress:======>                       23%] [Cov:==============================>    86%]
[Progress:=======>                      25%] [Cov:==============================>    86%]
[Progress:=======>                      25%] [Cov:==============================>    86%]
[Progress:=======>                      25%] [Cov:==============================>    86%]
[Progress:=======>                      25%] [Cov:==============================>    86%]
[Progress:=======>                      25%] [Cov:==============================>    86%]
[Progress:=======>                      26%] [Cov:==============================>    86%]
[Progress:=======>                      26%] [Cov:==============================>    86%]
[Progress:=======>                      26%] [Cov:==============================>    86%]
[Progress:=======>                      26%] [Cov:==============================>    87%]
[Progress:=======>                      26%] [Cov:==============================>    87%]
[Progress:=======>                      26%] [Cov:==============================>    87%]
[Progress:========>                     28%] [Cov:==============================>    87%]
[Progress:========>                     28%] [Cov:==============================>    87%]
[Progress:========>                     28%] [Cov:==============================>    87%]
[Progress:========>                     28%] [Cov:==============================>    87%]
[Progress:========>                     28%] [Cov:==============================>    87%]
[Progress:========>                     28%] [Cov:==============================>    87%]
[Progress:=========>                    30%] [Cov:==============================>    87%]
[Progress:=========>                    30%] [Cov:==============================>    87%]
[Progress:=========>                    30%] [Cov:==============================>    87%]
[Progress:=========>                    30%] [Cov:==============================>    87%]
[Progress:=========>                    30%] [Cov:==============================>    87%]
[Progress:=========>                    31%] [Cov:==============================>    87%]
[Progress:=========>                    31%] [Cov:==============================>    87%]
[Progress:=========>                    31%] [Cov:==============================>    87%]
[Progress:=========>                    31%] [Cov:==============================>    87%]
[Progress:=========>                    31%] [Cov:==============================>    87%]
[Progress:=========>                    33%] [Cov:==============================>    87%]
[Progress:=========>                    33%] [Cov:==============================>    87%]
[Progress:=========>                    33%] [Cov:==============================>    87%]
[Progress:=========>                    33%] [Cov:==============================>    87%]
[Progress:=========>                    33%] [Cov:==============================>    87%]
[Progress:=========>                    33%] [Cov:==============================>    87%]
[Progress:==========>                   35%] [Cov:==============================>    87%]
[Progress:==========>                   35%] [Cov:==============================>    87%]
[Progress:==========>                   35%] [Cov:==============================>    87%]
[Progress:==========>                   35%] [Cov:==============================>    87%]
[Progress:==========>                   35%] [Cov:==============================>    87%]
[Progress:==========>                   36%] [Cov:==============================>    87%]
[Progress:==========>                   36%] [Cov:==============================>    87%]
[Progress:==========>                   36%] [Cov:==============================>    87%]
[Progress:==========>                   36%] [Cov:==============================>    87%]
[Progress:==========>                   36%] [Cov:==============================>    87%]
[Progress:===========>                  38%] [Cov:==============================>    87%]
[Progress:===========>                  38%] [Cov:==============================>    87%]
[Progress:===========>                  38%] [Cov:==============================>    87%]
[Progress:===========>                  38%] [Cov:==============================>    87%]
[Progress:===========>                  38%] [Cov:==============================>    87%]
[Progress:===========>                  38%] [Cov:==============================>    87%]
[Progress:===========>                  38%] [Cov:===============================>   89%]
[Progress:===========>                  38%] [Cov:===============================>   90%]
[Progress:============>                 40%] [Cov:==============================>    87%]
[Progress:============>                 40%] [Cov:===============================>   90%]
[Progress:============>                 40%] [Cov:===============================>   90%]
[Progress:============>                 40%] [Cov:===============================>   90%]
[Progress:============>                 40%] [Cov:===============================>   90%]
[Progress:============>                 40%] [Cov:===============================>   90%]
[Progress:============>                 40%] [Cov:===============================>   90%]
[Progress:============>                 40%] [Cov:===============================>   91%]
[Progress:============>                 40%] [Cov:================================>  92%]
[Progress:============>                 41%] [Cov:===============================>   90%]
[Progress:============>                 41%] [Cov:================================>  92%]
[Progress:============>                 41%] [Cov:================================>  92%]
[Progress:============>                 41%] [Cov:================================>  92%]
[Progress:============>                 41%] [Cov:================================>  92%]
[Progress:============>                 41%] [Cov:================================>  92%]
[Progress:============>                 41%] [Cov:================================>  92%]
[Progress:============>                 43%] [Cov:================================>  92%]
[Progress:============>                 43%] [Cov:================================>  92%]
[Progress:============>                 43%] [Cov:================================>  92%]
[Progress:============>                 43%] [Cov:================================>  92%]
[Progress:============>                 43%] [Cov:================================>  92%]
[Progress:============>                 43%] [Cov:================================>  93%]
[Progress:============>                 43%] [Cov:================================>  94%]
[Progress:============>                 43%] [Cov:================================>  94%]
[Progress:============>                 43%] [Cov:================================>  94%]
[Progress:=============>                45%] [Cov:================================>  94%]
[Progress:=============>                45%] [Cov:================================>  94%]
[Progress:=============>                45%] [Cov:================================>  94%]
[Progress:=============>                45%] [Cov:================================>  94%]
[Progress:=============>                45%] [Cov:================================>  94%]
[Progress:=============>                45%] [Cov:================================>  94%]
[Progress:=============>                46%] [Cov:================================>  94%]
[Progress:=============>                46%] [Cov:================================>  94%]
[Progress:=============>                46%] [Cov:================================>  94%]
[Progress:=============>                46%] [Cov:================================>  94%]
[Progress:=============>                46%] [Cov:================================>  94%]
[Progress:=============>                46%] [Cov:================================>  94%]
[Progress:=============>                46%] [Cov:================================>  94%]
[Progress:==============>               48%] [Cov:================================>  94%]
[Progress:==============>               48%] [Cov:================================>  94%]
[Progress:==============>               48%] [Cov:================================>  94%]
[Progress:==============>               48%] [Cov:================================>  94%]
[Progress:==============>               48%] [Cov:================================>  94%]
[Progress:==============>               48%] [Cov:================================>  94%]
[Progress:===============>              50%] [Cov:================================>  94%]
[Progress:===============>              50%] [Cov:================================>  94%]
[Progress:===============>              50%] [Cov:================================>  94%]
[Progress:===============>              50%] [Cov:================================>  94%]
[Progress:===============>              50%] [Cov:================================>  94%]
[Progress:===============>              50%] [Cov:================================>  94%]
[Progress:===============>              51%] [Cov:================================>  94%]
[Progress:===============>              51%] [Cov:================================>  94%]
[Progress:===============>              51%] [Cov:================================>  94%]
[Progress:===============>              51%] [Cov:================================>  94%]
[Progress:===============>              51%] [Cov:================================>  94%]
[Progress:===============>              53%] [Cov:================================>  94%]
[Progress:===============>              53%] [Cov:================================>  94%]
[Progress:===============>              53%] [Cov:================================>  94%]
[Progress:===============>              53%] [Cov:================================>  94%]
[Progress:===============>              53%] [Cov:================================>  94%]
[Progress:===============>              53%] [Cov:================================>  94%]
[Progress:================>             55%] [Cov:================================>  94%]
[Progress:================>             55%] [Cov:================================>  94%]
[Progress:================>             55%] [Cov:================================>  94%]
[Progress:================>             55%] [Cov:================================>  94%]
[Progress:================>             55%] [Cov:================================>  94%]
[Progress:================>             55%] [Cov:================================>  94%]
[Progress:================>             56%] [Cov:================================>  94%]
[Progress:================>             56%] [Cov:================================>  94%]
[Progress:================>             56%] [Cov:================================>  94%]
[Progress:================>             56%] [Cov:================================>  94%]
[Progress:================>             56%] [Cov:================================>  94%]
[Progress:=================>            58%] [Cov:================================>  94%]
[Progress:=================>            58%] [Cov:================================>  94%]
[Progress:=================>            58%] [Cov:================================>  94%]
[Progress:=================>            58%] [Cov:================================>  94%]
[Progress:=================>            58%] [Cov:================================>  94%]
[Progress:=================>            58%] [Cov:================================>  94%]
[Progress:==================>           60%] [Cov:================================>  94%]
[Progress:==================>           60%] [Cov:================================>  94%]
[Progress:==================>           60%] [Cov:================================>  94%]
[Progress:==================>           60%] [Cov:================================>  94%]
[Progress:==================>           60%] [Cov:================================>  94%]
[Progress:==================>           61%] [Cov:================================>  94%]
[Progress:==================>           61%] [Cov:================================>  94%]
[Progress:==================>           61%] [Cov:================================>  94%]
[Progress:==================>           61%] [Cov:================================>  94%]
[Progress:==================>           61%] [Cov:================================>  94%]
[Progress:==================>           63%] [Cov:================================>  94%]
[Progress:==================>           63%] [Cov:================================>  94%]
[Progress:==================>           63%] [Cov:================================>  94%]
[Progress:==================>           63%] [Cov:================================>  94%]
[Progress:==================>           63%] [Cov:================================>  94%]
[Progress:==================>           63%] [Cov:================================>  94%]
[Progress:===================>          65%] [Cov:================================>  94%]
[Progress:===================>          65%] [Cov:================================>  94%]
[Progress:===================>          65%] [Cov:================================>  94%]
[Progress:===================>          65%] [Cov:================================>  94%]
[Progress:===================>          66%] [Cov:================================>  94%]
[Progress:===================>          66%] [Cov:================================>  94%]
[Progress:===================>          66%] [Cov:================================>  94%]
[Progress:===================>          66%] [Cov:================================>  94%]
[Progress:===================>          66%] [Cov:================================>  94%]
[Progress:===================>          66%] [Cov:================================>  94%]
[Progress:====================>         68%] [Cov:================================>  94%]
[Progress:====================>         68%] [Cov:================================>  94%]
[Progress:====================>         68%] [Cov:================================>  94%]
[Progress:====================>         68%] [Cov:================================>  94%]
[Progress:====================>         68%] [Cov:================================>  94%]
[Progress:=====================>        70%] [Cov:================================>  94%]
[Progress:=====================>        70%] [Cov:================================>  94%]
[Progress:=====================>        70%] [Cov:================================>  94%]
[Progress:=====================>        70%] [Cov:================================>  94%]
[Progress:=====================>        70%] [Cov:================================>  94%]
[Progress:=====================>        70%] [Cov:================================>  94%]
[Progress:=====================>        71%] [Cov:================================>  94%]
[Progress:=====================>        71%] [Cov:================================>  94%]
[Progress:=====================>        71%] [Cov:================================>  94%]
[Progress:=====================>        71%] [Cov:================================>  94%]
[Progress:=====================>        71%] [Cov:================================>  94%]
[Progress:=====================>        71%] [Cov:================================>  94%]
[Progress:=====================>        73%] [Cov:================================>  94%]
[Progress:=====================>        73%] [Cov:================================>  94%]
[Progress:=====================>        73%] [Cov:================================>  94%]
[Progress:=====================>        73%] [Cov:================================>  94%]
[Progress:=====================>        73%] [Cov:================================>  94%]
[Progress:=====================>        73%] [Cov:================================>  94%]
[Progress:======================>       75%] [Cov:================================>  94%]
[Progress:======================>       75%] [Cov:================================>  94%]
[Progress:======================>       75%] [Cov:================================>  94%]
[Progress:======================>       75%] [Cov:================================>  94%]
[Progress:======================>       75%] [Cov:================================>  94%]
[Progress:======================>       75%] [Cov:================================>  94%]
[Progress:======================>       75%] [Cov:================================>  94%]
[Progress:======================>       76%] [Cov:================================>  94%]
[Progress:======================>       76%] [Cov:================================>  94%]
[Progress:======================>       76%] [Cov:================================>  94%]
[Progress:======================>       76%] [Cov:================================>  94%]
[Progress:======================>       76%] [Cov:================================>  94%]
[Progress:======================>       76%] [Cov:================================>  94%]
[Progress:======================>       76%] [Cov:================================>  94%]
[Progress:=======================>      78%] [Cov:================================>  94%]
[Progress:=======================>      78%] [Cov:================================>  94%]
[Progress:=======================>      78%] [Cov:================================>  94%]
[Progress:=======================>      78%] [Cov:================================>  94%]
[Progress:=======================>      78%] [Cov:================================>  94%]
[Progress:=======================>      78%] [Cov:================================>  94%]
[Progress:========================>     80%] [Cov:================================>  94%]
[Progress:========================>     80%] [Cov:================================>  94%]
[Progress:========================>     80%] [Cov:================================>  94%]
[Progress:========================>     80%] [Cov:================================>  94%]
[Progress:========================>     80%] [Cov:================================>  94%]
[Progress:========================>     80%] [Cov:================================>  94%]
[Progress:========================>     80%] [Cov:================================>  94%]
[Progress:========================>     81%] [Cov:================================>  94%]
[Progress:========================>     81%] [Cov:================================>  94%]
[Progress:========================>     81%] [Cov:================================>  94%]
[Progress:========================>     81%] [Cov:================================>  94%]
[Progress:========================>     81%] [Cov:================================>  94%]
[Progress:========================>     81%] [Cov:================================>  94%]
[Progress:========================>     81%] [Cov:================================>  94%]
[Progress:========================>     83%] [Cov:================================>  94%]
[Progress:========================>     83%] [Cov:================================>  94%]
[Progress:========================>     83%] [Cov:================================>  94%]
[Progress:========================>     83%] [Cov:================================>  94%]
[Progress:========================>     83%] [Cov:================================>  94%]
[Progress:========================>     83%] [Cov:================================>  94%]
[Progress:=========================>    85%] [Cov:================================>  94%]
[Progress:=========================>    85%] [Cov:================================>  94%]
[Progress:=========================>    85%] [Cov:================================>  94%]
[Progress:=========================>    85%] [Cov:================================>  94%]
[Progress:=========================>    85%] [Cov:================================>  94%]
[Progress:=========================>    85%] [Cov:================================>  94%]
[Progress:=========================>    86%] [Cov:================================>  94%]
[Progress:=========================>    86%] [Cov:================================>  94%]
[Progress:=========================>    86%] [Cov:================================>  94%]
[Progress:=========================>    86%] [Cov:================================>  94%]
[Progress:=========================>    86%] [Cov:================================>  94%]
[Progress:=========================>    86%] [Cov:================================>  94%]
[Progress:==========================>   88%] [Cov:================================>  94%]
[Progress:==========================>   88%] [Cov:================================>  94%]
[Progress:==========================>   88%] [Cov:================================>  94%]
[Progress:==========================>   88%] [Cov:================================>  94%]
[Progress:==========================>   88%] [Cov:================================>  94%]
[Progress:==========================>   88%] [Cov:================================>  94%]
[Progress:===========================>  90%] [Cov:================================>  94%]
[Progress:===========================>  90%] [Cov:================================>  94%]
[Progress:===========================>  90%] [Cov:================================>  94%]
[Progress:===========================>  90%] [Cov:================================>  94%]
[Progress:===========================>  90%] [Cov:================================>  94%]
[Progress:===========================>  90%] [Cov:================================>  94%]
[Progress:===========================>  91%] [Cov:================================>  94%]
[Progress:===========================>  91%] [Cov:================================>  94%]
[Progress:===========================>  91%] [Cov:================================>  94%]
[Progress:===========================>  91%] [Cov:================================>  94%]
[Progress:===========================>  91%] [Cov:================================>  94%]
[Progress:===========================>  91%] [Cov:================================>  94%]
[Progress:===========================>  91%] [Cov:================================>  94%]
[Progress:===========================>  93%] [Cov:================================>  94%]
[Progress:===========================>  93%] [Cov:================================>  94%]
[Progress:===========================>  93%] [Cov:================================>  94%]
[Progress:===========================>  93%] [Cov:================================>  94%]
[Progress:===========================>  93%] [Cov:================================>  94%]
[Progress:===========================>  93%] [Cov:================================>  94%]
[Progress:===========================>  93%] [Cov:================================>  94%]
[Progress:============================> 95%] [Cov:================================>  94%]
[Progress:============================> 95%] [Cov:================================>  94%]
[Progress:============================> 95%] [Cov:================================>  94%]
[Progress:============================> 95%] [Cov:================================>  94%]
[Progress:============================> 95%] [Cov:================================>  94%]
[Progress:============================> 95%] [Cov:================================>  94%]
[Progress:============================> 96%] [Cov:================================>  94%]
[Progress:============================> 96%] [Cov:================================>  94%]
[Progress:============================> 96%] [Cov:================================>  94%]
[Progress:============================> 96%] [Cov:================================>  94%]
[Progress:============================> 96%] [Cov:================================>  94%]
[Progress:============================> 96%] [Cov:================================>  94%]
[Progress:============================> 96%] [Cov:================================>  94%]
[Progress:=============================>98%] [Cov:================================>  94%]
[Progress:=============================>98%] [Cov:================================>  94%]
[Progress:=============================>98%] [Cov:================================>  94%]
[Progress:=============================>98%] [Cov:================================>  94%]
[Progress:=============================>98%] [Cov:================================>  94%]
[Progress:=============================>98%] [Cov:================================>  94%]
[Progress:==============================100%] [Cov:================================>  94%]
[Progress:==============================100%] [Cov:================================>  94%]
[Progress:==============================100%] [Cov:================================>  94%]
[Progress:==============================100%] [Cov:================================>  94%]
[Progress:==============================100%] [Cov:================================>  94%]
[Progress:==============================100%] [Cov:================================>  94%]
[Progress:==============================100%] [Cov:================================>  94%]
[Progress:==============================100%] [Cov:================================>  94%]
[Progress:==============================100%] [Cov:================================>  94%]
* Search finished after 61s and 266 generations, 93321 statements, best individual has fitness: 8.451923076923077
* Minimizing test suite
* Going to analyze the coverage criteria
* Coverage analysis for criterion LINE
* Coverage of criterion LINE: 95%
* Total number of goals: 145
* Number of covered goals: 138
* Coverage analysis for criterion BRANCH
* Coverage of criterion BRANCH: 90%
* Total number of goals: 87
* Number of covered goals: 78
* Coverage analysis for criterion EXCEPTION
* Coverage of criterion EXCEPTION: 100%
* Total number of goals: 12
* Number of covered goals: 12
* Generated 24 tests with total length 89
* Resulting test suite's coverage: 95% (average coverage for all fitness functions)
* Generating assertions
* Resulting test suite's mutation score: 46%
* Compiling and checking tests
* Writing tests to file
* Writing JUnit test case 'KeyedObjects2D_ESTest' to /work/evo_out/Chart_22f/budget60_seed1/tests
* Done!

* Computation finished

[exit=0 timeout=False time=81.4s]

$ javac -nowarn -cp /work/Chart_22f/build:/opt/defects4j/framework/projects/lib/junit-4.12-hamcrest-1.3.jar:/work/Chart_22f/lib/servlet.jar:/work/Chart_22f/build:/work/Chart_22f/build-tests:/opt/evosuite/evosuite-standalone-runtime-1.2.0.jar -d /work/evo_out/Chart_22f/budget60_seed1/classes /work/evo_out/Chart_22f/budget60_seed1/tests/org/jfree/data/KeyedObjects2D_ESTest.java /work/evo_out/Chart_22f/budget60_seed1/tests/org/jfree/data/KeyedObjects2D_ESTest_scaffolding.java
Note: /work/evo_out/Chart_22f/budget60_seed1/tests/org/jfree/data/KeyedObjects2D_ESTest.java uses unchecked or unsafe operations.
Note: Recompile with -Xlint:unchecked for details.

[exit=0 timeout=False time=1.5s]

$ java -jar /opt/jacoco/lib/jacococli.jar instrument /work/Chart_22f/build --dest /work/evo_out/Chart_22f/budget60_seed1/instrumented
[INFO] 610 classes instrumented to /work/evo_out/Chart_22f/budget60_seed1/instrumented.

[exit=0 timeout=False time=1.5s]

$ java -Djacoco-agent.destfile=/workspace/EvoSuite/Result_Round1/Chart_22/budget60_seed1/jacoco.exec -cp /work/evo_out/Chart_22f/budget60_seed1/instrumented:/work/evo_out/Chart_22f/budget60_seed1/classes:/opt/defects4j/framework/projects/lib/junit-4.12-hamcrest-1.3.jar:/work/Chart_22f/lib/servlet.jar:/work/Chart_22f/build:/work/Chart_22f/build-tests:/opt/evosuite/evosuite-standalone-runtime-1.2.0.jar:/opt/jacoco/lib/jacocoagent.jar org.junit.runner.JUnitCore org.jfree.data.KeyedObjects2D_ESTest
JUnit version 4.12
........................
Time: 1.572

OK (24 tests)

SLF4J: Failed to load class "org.slf4j.impl.StaticLoggerBinder".
SLF4J: Defaulting to no-operation (NOP) logger implementation
SLF4J: See http://www.slf4j.org/codes.html#StaticLoggerBinder for further details.
WARNING: An illegal reflective access operation has occurred
WARNING: Illegal reflective access by org.evosuite.runtime.GuiSupport (file:/opt/evosuite/evosuite-standalone-runtime-1.2.0.jar) to field java.awt.GraphicsEnvironment.headless
WARNING: Please consider reporting this to the maintainers of org.evosuite.runtime.GuiSupport
WARNING: Use --illegal-access=warn to enable warnings of further illegal reflective access operations
WARNING: All illegal access operations will be denied in a future release

[exit=0 timeout=False time=2.1s]

$ java -jar /opt/jacoco/lib/jacococli.jar report /workspace/EvoSuite/Result_Round1/Chart_22/budget60_seed1/jacoco.exec --classfiles /work/Chart_22f/build --csv /workspace/EvoSuite/Result_Round1/Chart_22/budget60_seed1/jacoco.csv
[INFO] Loading execution data file /workspace/EvoSuite/Result_Round1/Chart_22/budget60_seed1/jacoco.exec.
[INFO] Analyzing 517 classes.

[exit=0 timeout=False time=1.2s]

$ java -cp /work/evo_out/Chart_22f/budget60_seed1/classes:/opt/defects4j/framework/projects/lib/junit-4.12-hamcrest-1.3.jar:/work/Chart_22b/lib/servlet.jar:/work/Chart_22b/build:/work/Chart_22b/build-tests:/opt/evosuite/evosuite-standalone-runtime-1.2.0.jar org.junit.runner.JUnitCore org.jfree.data.KeyedObjects2D_ESTest
JUnit version 4.12
......E..E....E...E.........
Time: 1.396
There were 4 failures:
1) test08(org.jfree.data.KeyedObjects2D_ESTest)
org.jfree.data.UnknownKeyException: The key (org.evosuite.shaded.org.mockito.codegen.Comparable$MockitoMock$1907964398@0000000006) is not recognised.
	at org.jfree.data.KeyedObjects.removeValue(KeyedObjects.java:268)
	at org.jfree.data.KeyedObjects2D.removeColumn(KeyedObjects2D.java:378)
	at org.jfree.data.KeyedObjects2D_ESTest.test08(KeyedObjects2D_ESTest.java:131)
	at java.base/jdk.internal.reflect.NativeMethodAccessorImpl.invoke0(Native Method)
	at java.base/jdk.internal.reflect.NativeMethodAccessorImpl.invoke(NativeMethodAccessorImpl.java:62)
	at java.base/jdk.internal.reflect.DelegatingMethodAccessorImpl.invoke(DelegatingMethodAccessorImpl.java:43)
	at java.base/java.lang.reflect.Method.invoke(Method.java:566)
	at org.junit.runners.model.FrameworkMethod$1.runReflectiveCall(FrameworkMethod.java:50)
	at org.junit.internal.runners.model.ReflectiveCallable.run(ReflectiveCallable.java:12)
	at org.junit.runners.model.FrameworkMethod.invokeExplosively(FrameworkMethod.java:47)
	at org.junit.internal.runners.statements.InvokeMethod.evaluate(InvokeMethod.java:17)
	at org.junit.internal.runners.statements.FailOnTimeout$CallableStatement.call(FailOnTimeout.java:298)
	at org.junit.internal.runners.statements.FailOnTimeout$CallableStatement.call(FailOnTimeout.java:292)
	at java.base/java.util.concurrent.FutureTask.run(FutureTask.java:264)
	at java.base/java.lang.Thread.run(Thread.java:829)
2) test10(org.jfree.data.KeyedObjects2D_ESTest)
java.lang.IndexOutOfBoundsException: Index -1 out of bounds for length 0
	at java.base/jdk.internal.util.Preconditions.outOfBounds(Preconditions.java:64)
	at java.base/jdk.internal.util.Preconditions.outOfBoundsCheckIndex(Preconditions.java:70)
	at java.base/jdk.internal.util.Preconditions.checkIndex(Preconditions.java:248)
	at java.base/java.util.Objects.checkIndex(Objects.java:374)
	at java.base/java.util.ArrayList.remove(ArrayList.java:536)
	at org.jfree.data.KeyedObjects2D.removeRow(KeyedObjects2D.java:330)
	at org.jfree.data.KeyedObjects2D.removeRow(KeyedObjects2D.java:345)
	at org.jfree.data.KeyedObjects2D_ESTest.test10(KeyedObjects2D_ESTest.java:158)
	at java.base/jdk.internal.reflect.NativeMethodAccessorImpl.invoke0(Native Method)
	at java.base/jdk.internal.reflect.NativeMethodAccessorImpl.invoke(NativeMethodAccessorImpl.java:62)
	at java.base/jdk.internal.reflect.DelegatingMethodAccessorImpl.invoke(DelegatingMethodAccessorImpl.java:43)
	at java.base/java.lang.reflect.Method.invoke(Method.java:566)
	at org.junit.runners.model.FrameworkMethod$1.runReflectiveCall(FrameworkMethod.java:50)
	at org.junit.internal.runners.model.ReflectiveCallable.run(ReflectiveCallable.java:12)
	at org.junit.runners.model.FrameworkMethod.invokeExplosively(FrameworkMethod.java:47)
	at org.junit.internal.runners.statements.InvokeMethod.evaluate(InvokeMethod.java:17)
	at org.junit.internal.runners.statements.FailOnTimeout$CallableStatement.call(FailOnTimeout.java:298)
	at org.junit.internal.runners.statements.FailOnTimeout$CallableStatement.call(FailOnTimeout.java:292)
	at java.base/java.util.concurrent.FutureTask.run(FutureTask.java:264)
	at java.base/java.lang.Thread.run(Thread.java:829)
3) test12(org.jfree.data.KeyedObjects2D_ESTest)
java.lang.AssertionError: expected:<1> but was:<2>
	at org.junit.Assert.fail(Assert.java:88)
	at org.junit.Assert.failNotEquals(Assert.java:834)
	at org.junit.Assert.assertEquals(Assert.java:645)
	at org.junit.Assert.assertEquals(Assert.java:631)
	at org.jfree.data.KeyedObjects2D_ESTest.test12(KeyedObjects2D_ESTest.java:190)
	at java.base/jdk.internal.reflect.NativeMethodAccessorImpl.invoke0(Native Method)
	at java.base/jdk.internal.reflect.NativeMethodAccessorImpl.invoke(NativeMethodAccessorImpl.java:62)
	at java.base/jdk.internal.reflect.DelegatingMethodAccessorImpl.invoke(DelegatingMethodAccessorImpl.java:43)
	at java.base/java.lang.reflect.Method.invoke(Method.java:566)
	at org.junit.runners.model.FrameworkMethod$1.runReflectiveCall(FrameworkMethod.java:50)
	at org.junit.internal.runners.model.ReflectiveCallable.run(ReflectiveCallable.java:12)
	at org.junit.runners.model.FrameworkMethod.invokeExplosively(FrameworkMethod.java:47)
	at org.junit.internal.runners.statements.InvokeMethod.evaluate(InvokeMethod.java:17)
	at org.junit.internal.runners.statements.FailOnTimeout$CallableStatement.call(FailOnTimeout.java:298)
	at org.junit.internal.runners.statements.FailOnTimeout$CallableStatement.call(FailOnTimeout.java:292)
	at java.base/java.util.concurrent.FutureTask.run(FutureTask.java:264)
	at java.base/java.lang.Thread.run(Thread.java:829)
4) test11(org.jfree.data.KeyedObjects2D_ESTest)
java.lang.AssertionError: expected:<1> but was:<2>
	at org.junit.Assert.fail(Assert.java:88)
	at org.junit.Assert.failNotEquals(Assert.java:834)
	at org.junit.Assert.assertEquals(Assert.java:645)
	at org.junit.Assert.assertEquals(Assert.java:631)
	at org.jfree.data.KeyedObjects2D_ESTest.test11(KeyedObjects2D_ESTest.java:177)
	at java.base/jdk.internal.reflect.NativeMethodAccessorImpl.invoke0(Native Method)
	at java.base/jdk.internal.reflect.NativeMethodAccessorImpl.invoke(NativeMethodAccessorImpl.java:62)
	at java.base/jdk.internal.reflect.DelegatingMethodAccessorImpl.invoke(DelegatingMethodAccessorImpl.java:43)
	at java.base/java.lang.reflect.Method.invoke(Method.java:566)
	at org.junit.runners.model.FrameworkMethod$1.runReflectiveCall(FrameworkMethod.java:50)
	at org.junit.internal.runners.model.ReflectiveCallable.run(ReflectiveCallable.java:12)
	at org.junit.runners.model.FrameworkMethod.invokeExplosively(FrameworkMethod.java:47)
	at org.junit.internal.runners.statements.InvokeMethod.evaluate(InvokeMethod.java:17)
	at org.junit.internal.runners.statements.FailOnTimeout$CallableStatement.call(FailOnTimeout.java:298)
	at org.junit.internal.runners.statements.FailOnTimeout$CallableStatement.call(FailOnTimeout.java:292)
	at java.base/java.util.concurrent.FutureTask.run(FutureTask.java:264)
	at java.base/java.lang.Thread.run(Thread.java:829)

FAILURES!!!
Tests run: 24,  Failures: 4

SLF4J: Failed to load class "org.slf4j.impl.StaticLoggerBinder".
SLF4J: Defaulting to no-operation (NOP) logger implementation
SLF4J: See http://www.slf4j.org/codes.html#StaticLoggerBinder for further details.
WARNING: An illegal reflective access operation has occurred
WARNING: Illegal reflective access by org.evosuite.runtime.GuiSupport (file:/opt/evosuite/evosuite-standalone-runtime-1.2.0.jar) to field java.awt.GraphicsEnvironment.headless
WARNING: Please consider reporting this to the maintainers of org.evosuite.runtime.GuiSupport
WARNING: Use --illegal-access=warn to enable warnings of further illegal reflective access operations
WARNING: All illegal access operations will be denied in a future release

[exit=1 timeout=False time=1.7s]
