
$ defects4j checkout -p Lang -v 20f -w /work/Lang_20f
Checking out a80f11cf to /work/Lang_20f.................................... OK
Init local repository...................................................... OK
Tag post-fix revision...................................................... OK
Apply patch................................................................ OK
Apply patch................................................................ OK
Apply patch................................................................ OK
Apply patch................................................................ OK
Run post-checkout hook..................................................... OK
Excluding broken/flaky tests............................................... OK
Excluding broken/flaky tests............................................... OK
Excluding broken/flaky tests............................................... OK
Backing up build file: /work/Lang_20f/default.properties................... OK
Initialize fixed program version........................................... OK
Apply patch................................................................ OK
Initialize buggy program version........................................... OK
Diff a80f11cf:f5cb67ac..................................................... OK
Apply patch................................................................ OK
Tag pre-fix revision....................................................... OK
Check out program version: Lang-20f........................................ OK

[exit=0 timeout=False time=3.6s]

$ defects4j compile -w /work/Lang_20f
Running ant (compile)...................................................... OK
Running ant (compile.tests)................................................ OK

[exit=0 timeout=False time=6.6s]

$ defects4j checkout -p Lang -v 20b -w /work/Lang_20b
Checking out a80f11cf to /work/Lang_20b.................................... OK
Init local repository...................................................... OK
Tag post-fix revision...................................................... OK
Apply patch................................................................ OK
Apply patch................................................................ OK
Apply patch................................................................ OK
Apply patch................................................................ OK
Run post-checkout hook..................................................... OK
Excluding broken/flaky tests............................................... OK
Excluding broken/flaky tests............................................... OK
Excluding broken/flaky tests............................................... OK
Backing up build file: /work/Lang_20b/default.properties................... OK
Initialize fixed program version........................................... OK
Apply patch................................................................ OK
Initialize buggy program version........................................... OK
Diff a80f11cf:f5cb67ac..................................................... OK
Apply patch................................................................ OK
Tag pre-fix revision....................................................... OK
Check out program version: Lang-20b........................................ OK

[exit=0 timeout=False time=3.7s]

$ defects4j compile -w /work/Lang_20b
Running ant (compile)...................................................... OK
Running ant (compile.tests)................................................ OK

[exit=0 timeout=False time=6.5s]

$ java -jar /opt/evosuite/evosuite-1.2.0.jar -generateSuite -class org.apache.commons.lang3.StringUtils -projectCP /work/Lang_20f/target/classes:/work/Lang_20f/target/classes -Dcriterion=LINE:BRANCH:EXCEPTION -Dsearch_budget=60 -seed 1 -Dtest_dir=/work/evo_out/Lang_20f/budget60_seed1/tests -Dreport_dir=/work/evo_out/Lang_20f/budget60_seed1/report
* EvoSuite 1.2.0
* Going to generate test cases for class: org.apache.commons.lang3.StringUtils
* Starting Client-0
* Connecting to master process on port 9922
* Analyzing classpath: 
  - /work/Lang_20f/target/classes
  - /work/Lang_20f/target/classes
[MASTER] 06:17:21.845 [logback-1] WARN  InheritanceTree - Class not in inheritance graph: java.util.Locale$IsoCountryCode
[MASTER] 06:17:21.898 [logback-1] WARN  InheritanceTree - Class not in inheritance graph: java.lang.module.ModuleFinder
* Finished analyzing classpath
* Generating tests for class org.apache.commons.lang3.StringUtils
* Test criteria:
  - Line Coverage
  - Branch Coverage
  - Exception
* Setting up search algorithm for whole suite generation
* Total number of test goals: 
  - Line 1264
  - Branch 1183
  - Exception 0

[Progress:>                             0%] [Cov:>                                  0%]* Using seed 1
* Starting evolution

[Progress:>                             0%] [Cov:===>                               10%]
[Progress:>                             0%] [Cov:======>                            18%]
[Progress:>                             0%] [Cov:=================>                 51%]
[Progress:>                             1%] [Cov:=>                                 4%]
[Progress:>                             1%] [Cov:==>                                7%]
[Progress:>                             1%] [Cov:==============>                    41%][MASTER] 06:17:23.621 [logback-1] WARN  TestCluster - Failed to check cache for java.util.Comparator<T> : Type points to itself

[Progress:>                             1%] [Cov:===============>                   45%]
[Progress:>                             1%] [Cov:================>                  46%]
[Progress:>                             3%] [Cov:=>                                 4%]
[Progress:>                             3%] [Cov:==>                                8%]
[Progress:>                             3%] [Cov:==============>                    42%]
[Progress:>                             3%] [Cov:===============>                   43%]
[Progress:>                             3%] [Cov:================>                  47%]
[Progress:>                             3%] [Cov:=================>                 50%]
[Progress:=>                            5%] [Cov:==>                                7%]
[Progress:=>                            5%] [Cov:====>                              12%]
[Progress:=>                            5%] [Cov:================>                  46%][MASTER] 06:17:25.489 [logback-1] WARN  TestCluster - Failed to check cache for java.util.function.Function<T, R> : Type points to itself

[Progress:=>                            5%] [Cov:=================>                 50%]
[Progress:=>                            6%] [Cov:==============>                    42%]
[Progress:=>                            6%] [Cov:===============>                   44%]
[Progress:=>                            6%] [Cov:================>                  46%]
[Progress:=>                            6%] [Cov:================>                  47%]
[Progress:=>                            6%] [Cov:=================>                 50%]
[Progress:=>                            6%] [Cov:=================>                 51%]
[Progress:=>                            6%] [Cov:==================>                52%]
[Progress:==>                           8%] [Cov:===============================>   90%]
[Progress:==>                           8%] [Cov:===============================>   90%]
[Progress:===>                          10%] [Cov:===============================>   90%]
[Progress:===>                          10%] [Cov:===============================>   90%]
[Progress:===>                          10%] [Cov:===============================>   90%]
[Progress:===>                          10%] [Cov:===============================>   91%]
[Progress:===>                          11%] [Cov:===============================>   90%]
[Progress:===>                          11%] [Cov:===============================>   91%]
[Progress:===>                          11%] [Cov:===============================>   91%]
[Progress:===>                          13%] [Cov:===============================>   91%]
[Progress:===>                          13%] [Cov:===============================>   91%]
[Progress:====>                         15%] [Cov:===============================>   91%]
[Progress:====>                         15%] [Cov:===============================>   91%]
[Progress:====>                         16%] [Cov:===============================>   91%]
[Progress:====>                         16%] [Cov:===============================>   91%]
[Progress:=====>                        18%] [Cov:===============================>   91%]
[Progress:=====>                        18%] [Cov:===============================>   91%]
[Progress:=====>                        18%] [Cov:================================>  92%]
[Progress:======>                       20%] [Cov:================================>  92%]
[Progress:======>                       20%] [Cov:================================>  92%]
[Progress:======>                       21%] [Cov:================================>  92%]
[Progress:======>                       21%] [Cov:================================>  93%]
[Progress:======>                       23%] [Cov:================================>  93%]
[Progress:======>                       23%] [Cov:================================>  93%]
[Progress:=======>                      25%] [Cov:================================>  93%]
[Progress:=======>                      25%] [Cov:================================>  93%]
[Progress:=======>                      26%] [Cov:================================>  93%]
[Progress:=======>                      26%] [Cov:================================>  93%]
[Progress:========>                     28%] [Cov:================================>  93%]
[Progress:========>                     28%] [Cov:================================>  93%]
[Progress:========>                     28%] [Cov:================================>  93%]
[Progress:=========>                    30%] [Cov:================================>  93%]
[Progress:=========>                    30%] [Cov:================================>  93%]
[Progress:=========>                    31%] [Cov:================================>  93%]
[Progress:=========>                    31%] [Cov:================================>  93%]
[Progress:=========>                    33%] [Cov:================================>  93%]
[Progress:=========>                    33%] [Cov:================================>  93%]
[Progress:==========>                   35%] [Cov:================================>  93%]
[Progress:==========>                   35%] [Cov:================================>  93%]
[Progress:==========>                   35%] [Cov:================================>  93%]
[Progress:==========>                   36%] [Cov:================================>  93%]
[Progress:===========>                  38%] [Cov:================================>  93%]
[Progress:===========>                  38%] [Cov:================================>  94%]
[Progress:============>                 40%] [Cov:================================>  93%]
[Progress:============>                 40%] [Cov:================================>  94%]
[Progress:============>                 41%] [Cov:================================>  94%]
[Progress:============>                 41%] [Cov:================================>  94%]
[Progress:============>                 43%] [Cov:================================>  94%]
[Progress:============>                 43%] [Cov:================================>  94%]
[Progress:=============>                45%] [Cov:================================>  94%]
[Progress:=============>                46%] [Cov:================================>  94%]
[Progress:==============>               48%] [Cov:================================>  94%]
[Progress:==============>               48%] [Cov:================================>  94%]
[Progress:===============>              50%] [Cov:================================>  94%]
[Progress:===============>              50%] [Cov:================================>  94%]
[Progress:===============>              51%] [Cov:================================>  94%]
[Progress:===============>              53%] [Cov:================================>  94%]
[Progress:================>             55%] [Cov:================================>  94%]
[Progress:================>             56%] [Cov:================================>  94%]
[Progress:=================>            58%] [Cov:================================>  94%]
[Progress:=================>            58%] [Cov:================================>  94%]
[Progress:=================>            58%] [Cov:================================>  94%]
[Progress:==================>           60%] [Cov:================================>  94%]
[Progress:==================>           60%] [Cov:================================>  94%]
[Progress:==================>           61%] [Cov:================================>  94%]
[Progress:==================>           61%] [Cov:================================>  94%]
[Progress:==================>           63%] [Cov:================================>  94%]
[Progress:===================>          65%] [Cov:================================>  94%]
[Progress:===================>          65%] [Cov:================================>  94%]
[Progress:===================>          66%] [Cov:================================>  94%]
[Progress:===================>          66%] [Cov:================================>  94%]
[Progress:====================>         68%] [Cov:================================>  94%]
[Progress:====================>         68%] [Cov:================================>  94%]
[Progress:=====================>        70%] [Cov:================================>  94%]
[Progress:=====================>        70%] [Cov:================================>  94%]
[Progress:=====================>        71%] [Cov:================================>  94%]
[Progress:=====================>        71%] [Cov:=================================> 95%]
[Progress:=====================>        73%] [Cov:=================================> 95%]
[Progress:=====================>        73%] [Cov:=================================> 95%]
[Progress:======================>       75%] [Cov:=================================> 95%]
[Progress:======================>       75%] [Cov:=================================> 95%]
[Progress:======================>       75%] [Cov:=================================> 95%]
[Progress:======================>       76%] [Cov:=================================> 95%]
[Progress:======================>       76%] [Cov:=================================> 95%]
[Progress:=======================>      78%] [Cov:=================================> 95%]
[Progress:=======================>      78%] [Cov:=================================> 95%]
[Progress:=======================>      78%] [Cov:=================================> 95%]
[Progress:========================>     80%] [Cov:=================================> 95%]
[Progress:========================>     80%] [Cov:=================================> 95%]
[Progress:========================>     81%] [Cov:=================================> 95%]
[Progress:========================>     83%] [Cov:=================================> 95%]
[Progress:=========================>    85%] [Cov:=================================> 95%]
[Progress:=========================>    85%] [Cov:=================================> 95%]
[Progress:=========================>    86%] [Cov:=================================> 95%]
[Progress:=========================>    86%] [Cov:=================================> 95%]
[Progress:==========================>   88%] [Cov:=================================> 95%]
[Progress:==========================>   88%] [Cov:=================================> 95%]
[Progress:===========================>  90%] [Cov:=================================> 95%]
[Progress:===========================>  91%] [Cov:=================================> 95%]
[Progress:===========================>  91%] [Cov:=================================> 95%]
[Progress:===========================>  93%] [Cov:=================================> 95%]
[Progress:===========================>  93%] [Cov:=================================> 95%]
[Progress:============================> 95%] [Cov:=================================> 95%]
[Progress:============================> 95%] [Cov:=================================> 95%]
[Progress:============================> 96%] [Cov:=================================> 95%]
[Progress:============================> 96%] [Cov:=================================> 95%]
[Progress:============================> 96%] [Cov:=================================> 95%]
[Progress:=============================>98%] [Cov:=================================> 95%]
[Progress:=============================>98%] [Cov:=================================> 95%]
[Progress:==============================100%] [Cov:=================================> 95%]
[Progress:==============================100%] [Cov:=================================> 95%]
[Progress:==============================100%] [Cov:=================================> 95%]
[Progress:==============================100%] [Cov:=================================> 95%]
[Progress:==============================100%] [Cov:=================================> 95%]
* Search finished after 62s and 69 generations, 65584 statements, best individual has fitness: 138.93619518461864
* Minimizing test suite
* Going to analyze the coverage criteria
* Coverage analysis for criterion LINE
* Coverage of criterion LINE: 94%
* Total number of goals: 1264
* Number of covered goals: 1191
* Coverage analysis for criterion BRANCH
* Coverage of criterion BRANCH: 92%
* Total number of goals: 1183
* Number of covered goals: 1091
* Coverage analysis for criterion EXCEPTION
* Coverage of criterion EXCEPTION: 100%
* Total number of goals: 17
* Number of covered goals: 17
* Generated 442 tests with total length 589
* Resulting test suite's coverage: 95% (average coverage for all fitness functions)
* Generating assertions
* Resulting test suite's mutation score: 55%
* Compiling and checking tests
* Writing tests to file
* Writing JUnit test case 'StringUtils_ESTest' to /work/evo_out/Lang_20f/budget60_seed1/tests
* Done!

* Computation finished

[exit=0 timeout=False time=168.6s]

$ javac -nowarn -cp /work/Lang_20f/target/classes:/work/Lang_20f/target/classes:/work/Lang_20f/target/tests:/opt/defects4j/framework/projects/lib/junit-4.12-hamcrest-1.3.jar:/opt/defects4j/framework/projects/Lang/lib/easymock.jar:/opt/defects4j/framework/projects/Lang/lib/cglib.jar:/opt/defects4j/framework/projects/Lang/lib/asm.jar:/opt/defects4j/framework/projects/Lang/lib/commons-io.jar:/opt/evosuite/evosuite-standalone-runtime-1.2.0.jar -d /work/evo_out/Lang_20f/budget60_seed1/classes /work/evo_out/Lang_20f/budget60_seed1/tests/org/apache/commons/lang3/StringUtils_ESTest.java /work/evo_out/Lang_20f/budget60_seed1/tests/org/apache/commons/lang3/StringUtils_ESTest_scaffolding.java
Note: /work/evo_out/Lang_20f/budget60_seed1/tests/org/apache/commons/lang3/StringUtils_ESTest.java uses unchecked or unsafe operations.
Note: Recompile with -Xlint:unchecked for details.

[exit=0 timeout=False time=1.0s]

$ java -jar /opt/jacoco/lib/jacococli.jar instrument /work/Lang_20f/target/classes --dest /work/evo_out/Lang_20f/budget60_seed1/instrumented
[INFO] 151 classes instrumented to /work/evo_out/Lang_20f/budget60_seed1/instrumented.

[exit=0 timeout=False time=0.4s]

$ java -Djacoco-agent.destfile=/workspace/EvoSuite/Result_Round1/Lang_20/budget60_seed1/jacoco.exec -cp /work/evo_out/Lang_20f/budget60_seed1/instrumented:/work/evo_out/Lang_20f/budget60_seed1/classes:/work/Lang_20f/target/classes:/work/Lang_20f/target/tests:/opt/defects4j/framework/projects/lib/junit-4.12-hamcrest-1.3.jar:/opt/defects4j/framework/projects/Lang/lib/easymock.jar:/opt/defects4j/framework/projects/Lang/lib/cglib.jar:/opt/defects4j/framework/projects/Lang/lib/asm.jar:/opt/defects4j/framework/projects/Lang/lib/commons-io.jar:/opt/evosuite/evosuite-standalone-runtime-1.2.0.jar:/opt/jacoco/lib/jacocoagent.jar org.junit.runner.JUnitCore org.apache.commons.lang3.StringUtils_ESTest
JUnit version 4.12
..........................................................................................................................................................................................................................................................................................................................................................................................................................................................
Time: 2.629

OK (442 tests)

SLF4J: Failed to load class "org.slf4j.impl.StaticLoggerBinder".
SLF4J: Defaulting to no-operation (NOP) logger implementation
SLF4J: See http://www.slf4j.org/codes.html#StaticLoggerBinder for further details.
WARNING: An illegal reflective access operation has occurred
WARNING: Illegal reflective access by org.evosuite.runtime.GuiSupport (file:/opt/evosuite/evosuite-standalone-runtime-1.2.0.jar) to field java.awt.GraphicsEnvironment.headless
WARNING: Please consider reporting this to the maintainers of org.evosuite.runtime.GuiSupport
WARNING: Use --illegal-access=warn to enable warnings of further illegal reflective access operations
WARNING: All illegal access operations will be denied in a future release

[exit=0 timeout=False time=3.2s]

$ java -jar /opt/jacoco/lib/jacococli.jar report /workspace/EvoSuite/Result_Round1/Lang_20/budget60_seed1/jacoco.exec --classfiles /work/Lang_20f/target/classes --csv /workspace/EvoSuite/Result_Round1/Lang_20/budget60_seed1/jacoco.csv
[INFO] Loading execution data file /workspace/EvoSuite/Result_Round1/Lang_20/budget60_seed1/jacoco.exec.
[INFO] Analyzing 141 classes.

[exit=0 timeout=False time=0.4s]

$ java -cp /work/evo_out/Lang_20f/budget60_seed1/classes:/work/Lang_20b/target/classes:/work/Lang_20b/target/tests:/opt/defects4j/framework/projects/lib/junit-4.12-hamcrest-1.3.jar:/opt/defects4j/framework/projects/Lang/lib/easymock.jar:/opt/defects4j/framework/projects/Lang/lib/cglib.jar:/opt/defects4j/framework/projects/Lang/lib/asm.jar:/opt/defects4j/framework/projects/Lang/lib/commons-io.jar:/opt/evosuite/evosuite-standalone-runtime-1.2.0.jar org.junit.runner.JUnitCore org.apache.commons.lang3.StringUtils_ESTest
JUnit version 4.12
........................................................................................................................................................................................................................................................................................................................E..................................................................................................................................
Time: 2.566
There was 1 failure:
1) test236(org.apache.commons.lang3.StringUtils_ESTest)
java.lang.ArrayIndexOutOfBoundsException: Index 2147483647 out of bounds for length 6
	at org.apache.commons.lang3.StringUtils.join(StringUtils.java:3298)
	at org.apache.commons.lang3.StringUtils_ESTest.test236(StringUtils_ESTest.java:1705)
	at java.base/jdk.internal.reflect.NativeMethodAccessorImpl.invoke0(Native Method)
	at java.base/jdk.internal.reflect.NativeMethodAccessorImpl.invoke(NativeMethodAccessorImpl.java:62)
	at java.base/jdk.internal.reflect.DelegatingMethodAccessorImpl.invoke(DelegatingMethodAccessorImpl.java:43)
	at java.base/java.lang.reflect.Method.invoke(Method.java:566)
	at org.junit.runners.model.FrameworkMethod$1.runReflectiveCall(FrameworkMethod.java:50)
	at org.junit.internal.runners.model.ReflectiveCallable.run(ReflectiveCallable.java:12)
	at org.junit.runners.model.FrameworkMethod.invokeExplosively(FrameworkMethod.java:47)
	at org.junit.internal.runners.statements.InvokeMethod.evaluate(InvokeMethod.java:17)
	at org.junit.internal.runners.statements.FailOnTimeout$CallableStatement.call(FailOnTimeout.java:298)
	at org.junit.internal.runners.statements.FailOnTimeout$CallableStatement.call(FailOnTimeout.java:292)
	at java.base/java.util.concurrent.FutureTask.run(FutureTask.java:264)
	at java.base/java.lang.Thread.run(Thread.java:829)

FAILURES!!!
Tests run: 442,  Failures: 1

SLF4J: Failed to load class "org.slf4j.impl.StaticLoggerBinder".
SLF4J: Defaulting to no-operation (NOP) logger implementation
SLF4J: See http://www.slf4j.org/codes.html#StaticLoggerBinder for further details.
WARNING: An illegal reflective access operation has occurred
WARNING: Illegal reflective access by org.evosuite.runtime.GuiSupport (file:/opt/evosuite/evosuite-standalone-runtime-1.2.0.jar) to field java.awt.GraphicsEnvironment.headless
WARNING: Please consider reporting this to the maintainers of org.evosuite.runtime.GuiSupport
WARNING: Use --illegal-access=warn to enable warnings of further illegal reflective access operations
WARNING: All illegal access operations will be denied in a future release

[exit=1 timeout=False time=3.0s]
