
$ javac -nowarn -encoding UTF-8 -cp /work/Closure_68f/build/classes:/work/Closure_68f/lib/args4j.jar:/work/Closure_68f/lib/guava.jar:/work/Closure_68f/lib/json.jar:/work/Closure_68f/lib/jsr305.jar:/work/Closure_68f/lib/libtrunk_rhino_parser_jarjared.jar:/work/Closure_68f/lib/protobuf-java.jar:/work/Closure_68f/lib/ant.jar:/work/Closure_68f/lib/ant-launcher.jar:/work/Closure_68f/lib/caja-r4314.jar:/work/Closure_68f/lib/junit.jar:/work/Closure_68f/build/test:/work/jqwik_harness:/workspace/lib/jqwik/jqwik-1.7.4.jar:/workspace/lib/jqwik/jqwik-api-1.7.4.jar:/workspace/lib/jqwik/jqwik-engine-1.7.4.jar -d /work/jqwik_out/Closure_68/auto_round1_tries200_seed3/classes_f /workspace/jqwik/Auto/Closure_68/com/google/javascript/jscomp/parsing/JsDocInfoParser_AutoPbtTest.java

[exit=0 timeout=False time=1.2s]

$ javac -nowarn -encoding UTF-8 -cp /work/Closure_68b/build/classes:/work/Closure_68b/lib/args4j.jar:/work/Closure_68b/lib/guava.jar:/work/Closure_68b/lib/json.jar:/work/Closure_68b/lib/jsr305.jar:/work/Closure_68b/lib/libtrunk_rhino_parser_jarjared.jar:/work/Closure_68b/lib/protobuf-java.jar:/work/Closure_68b/lib/ant.jar:/work/Closure_68b/lib/ant-launcher.jar:/work/Closure_68b/lib/caja-r4314.jar:/work/Closure_68b/lib/junit.jar:/work/Closure_68b/build/test:/work/jqwik_harness:/workspace/lib/jqwik/jqwik-1.7.4.jar:/workspace/lib/jqwik/jqwik-api-1.7.4.jar:/workspace/lib/jqwik/jqwik-engine-1.7.4.jar -d /work/jqwik_out/Closure_68/auto_round1_tries200_seed3/classes_b /workspace/jqwik/Auto/Closure_68/com/google/javascript/jscomp/parsing/JsDocInfoParser_AutoPbtTest.java

[exit=0 timeout=False time=1.1s]

$ java -Djava.awt.headless=true -Xss4m -Xmx1g -Dpbt.seed=3 -Dpbt.tries=200 -Dpbt.snapshot.dir=/work/jqwik_out/Closure_68/auto_round1_tries200_seed3/snapshots -Dpbt.propertyBudgetMs=5000 -Dpbt.mask=/work/Closure_68f:/work/Closure_68b:/work/jqwik_out/Closure_68/auto_round1_tries200_seed3/classes_f:/work/jqwik_out/Closure_68/auto_round1_tries200_seed3/classes_b -Dpbt.mode=record -jar /workspace/lib/jqwik/junit-platform-console-standalone-1.9.3.jar --disable-banner --details tree --class-path /work/jqwik_out/Closure_68/auto_round1_tries200_seed3/classes_f:/work/Closure_68f/build/classes:/work/Closure_68f/lib/args4j.jar:/work/Closure_68f/lib/guava.jar:/work/Closure_68f/lib/json.jar:/work/Closure_68f/lib/jsr305.jar:/work/Closure_68f/lib/libtrunk_rhino_parser_jarjared.jar:/work/Closure_68f/lib/protobuf-java.jar:/work/Closure_68f/lib/ant.jar:/work/Closure_68f/lib/ant-launcher.jar:/work/Closure_68f/lib/caja-r4314.jar:/work/Closure_68f/lib/junit.jar:/work/Closure_68f/build/test:/work/jqwik_harness:/workspace/lib/jqwik/jqwik-1.7.4.jar:/workspace/lib/jqwik/jqwik-api-1.7.4.jar:/workspace/lib/jqwik/jqwik-engine-1.7.4.jar --scan-class-path /work/jqwik_out/Closure_68/auto_round1_tries200_seed3/classes_f --include-classname .* --include-engine jqwik --config jqwik.database=/workspace/jqwik/Result_auto_Round1/Closure_68/tries200_seed3/reports_record/jqwik-database --config jqwik.tries.default=200 --reports-dir /workspace/jqwik/Result_auto_Round1/Closure_68/tries200_seed3/reports_record
alls
generation = RANDOMIZED       | parameters are randomly generated
after-failure = SAMPLE_FIRST  | try previously failed sample, then previous seed
when-fixed-seed = ALLOW       | fixing the random seed is allowed
edge-cases#mode = NONE        | edge cases are not explicitly generated
seed = 3                      | random seed to reproduce generated values


timestamp = 2026-09-30T21:38:08.503437, JsDocInfoParser AutoPbtTest:m005 setFileLevelJsDocBuilder = 
                              |-----------------------jqwik-----------------------
tries = 200                   | # of calls to property
checks = 200                  | # of not rejected calls
generation = RANDOMIZED       | parameters are randomly generated
after-failure = SAMPLE_FIRST  | try previously failed sample, then previous seed
when-fixed-seed = ALLOW       | fixing the random seed is allowed
edge-cases#mode = NONE        | edge cases are not explicitly generated
seed = 3                      | random seed to reproduce generated values


timestamp = 2026-09-30T21:38:08.648532, JsDocInfoParser AutoPbtTest:m003 parseTypeString = 
                              |-----------------------jqwik-----------------------
tries = 200                   | # of calls to property
checks = 200                  | # of not rejected calls
generation = RANDOMIZED       | parameters are randomly generated
after-failure = SAMPLE_FIRST  | try previously failed sample, then previous seed
when-fixed-seed = ALLOW       | fixing the random seed is allowed
edge-cases#mode = NONE        | edge cases are not explicitly generated
seed = 3                      | random seed to reproduce generated values


timestamp = 2026-09-30T21:38:08.783677, JsDocInfoParser AutoPbtTest:m002 parse = 
                              |-----------------------jqwik-----------------------
tries = 200                   | # of calls to property
checks = 200                  | # of not rejected calls
generation = RANDOMIZED       | parameters are randomly generated
after-failure = SAMPLE_FIRST  | try previously failed sample, then previous seed
when-fixed-seed = ALLOW       | fixing the random seed is allowed
edge-cases#mode = NONE        | edge cases are not explicitly generated
seed = 3                      | random seed to reproduce generated values


timestamp = 2026-09-30T21:38:08.904321, JsDocInfoParser AutoPbtTest:m001 hasParsedJSDocInfo = 
                              |-----------------------jqwik-----------------------
tries = 200                   | # of calls to property
checks = 200                  | # of not rejected calls
generation = RANDOMIZED       | parameters are randomly generated
after-failure = SAMPLE_FIRST  | try previously failed sample, then previous seed
when-fixed-seed = ALLOW       | fixing the random seed is allowed
edge-cases#mode = NONE        | edge cases are not explicitly generated
seed = 3                      | random seed to reproduce generated values


[36m╷[0m
[36m└─[0m [36mjqwik (JUnit Platform)[0m [32m✔[0m
[36m   └─[0m [36mJsDocInfoParser AutoPbtTest[0m [32m✔[0m
[36m      ├─[0m [34mm004 retrieveAndResetParsedJSDocInfo[0m [32m✔[0m
[36m      ├─[0m [34mm006 setFileOverviewJSDocInfo[0m [32m✔[0m
[36m      ├─[0m [34mm000 getFileOverviewJSDocInfo[0m [32m✔[0m
[36m      ├─[0m [34mm005 setFileLevelJsDocBuilder[0m [32m✔[0m
[36m      ├─[0m [34mm003 parseTypeString[0m [32m✔[0m
[36m      ├─[0m [34mm002 parse[0m [32m✔[0m
[36m      └─[0m [34mm001 hasParsedJSDocInfo[0m [32m✔[0m

Test run finished after 2401 ms
[         2 containers found      ]
[         0 containers skipped    ]
[         2 containers started    ]
[         0 containers aborted    ]
[         2 containers successful ]
[         0 containers failed     ]
[         7 tests found           ]
[         0 tests skipped         ]
[         7 tests started         ]
[         0 tests aborted         ]
[         7 tests successful      ]
[         0 tests failed          ]


[exit=0 timeout=False time=3.7s]

$ java -Djava.awt.headless=true -Xss4m -Xmx1g -Dpbt.seed=3 -Dpbt.tries=200 -Dpbt.snapshot.dir=/work/jqwik_out/Closure_68/auto_round1_tries200_seed3/snapshots -Dpbt.propertyBudgetMs=5000 -Dpbt.mask=/work/Closure_68f:/work/Closure_68b:/work/jqwik_out/Closure_68/auto_round1_tries200_seed3/classes_f:/work/jqwik_out/Closure_68/auto_round1_tries200_seed3/classes_b -Dpbt.mode=check -javaagent:/opt/jacoco/lib/jacocoagent.jar=destfile=/workspace/jqwik/Result_auto_Round1/Closure_68/tries200_seed3/jacoco.exec -jar /workspace/lib/jqwik/junit-platform-console-standalone-1.9.3.jar --disable-banner --details tree --class-path /work/jqwik_out/Closure_68/auto_round1_tries200_seed3/classes_f:/work/Closure_68f/build/classes:/work/Closure_68f/lib/args4j.jar:/work/Closure_68f/lib/guava.jar:/work/Closure_68f/lib/json.jar:/work/Closure_68f/lib/jsr305.jar:/work/Closure_68f/lib/libtrunk_rhino_parser_jarjared.jar:/work/Closure_68f/lib/protobuf-java.jar:/work/Closure_68f/lib/ant.jar:/work/Closure_68f/lib/ant-launcher.jar:/work/Closure_68f/lib/caja-r4314.jar:/work/Closure_68f/lib/junit.jar:/work/Closure_68f/build/test:/work/jqwik_harness:/workspace/lib/jqwik/jqwik-1.7.4.jar:/workspace/lib/jqwik/jqwik-api-1.7.4.jar:/workspace/lib/jqwik/jqwik-engine-1.7.4.jar --scan-class-path /work/jqwik_out/Closure_68/auto_round1_tries200_seed3/classes_f --include-classname .* --include-engine jqwik --config jqwik.database=/workspace/jqwik/Result_auto_Round1/Closure_68/tries200_seed3/reports_fixed/jqwik-database --config jqwik.tries.default=200 --reports-dir /workspace/jqwik/Result_auto_Round1/Closure_68/tries200_seed3/reports_fixed
alls
generation = RANDOMIZED       | parameters are randomly generated
after-failure = SAMPLE_FIRST  | try previously failed sample, then previous seed
when-fixed-seed = ALLOW       | fixing the random seed is allowed
edge-cases#mode = NONE        | edge cases are not explicitly generated
seed = 3                      | random seed to reproduce generated values


timestamp = 2026-09-30T21:38:13.398693, JsDocInfoParser AutoPbtTest:m005 setFileLevelJsDocBuilder = 
                              |-----------------------jqwik-----------------------
tries = 200                   | # of calls to property
checks = 200                  | # of not rejected calls
generation = RANDOMIZED       | parameters are randomly generated
after-failure = SAMPLE_FIRST  | try previously failed sample, then previous seed
when-fixed-seed = ALLOW       | fixing the random seed is allowed
edge-cases#mode = NONE        | edge cases are not explicitly generated
seed = 3                      | random seed to reproduce generated values


timestamp = 2026-09-30T21:38:13.624597, JsDocInfoParser AutoPbtTest:m003 parseTypeString = 
                              |-----------------------jqwik-----------------------
tries = 200                   | # of calls to property
checks = 200                  | # of not rejected calls
generation = RANDOMIZED       | parameters are randomly generated
after-failure = SAMPLE_FIRST  | try previously failed sample, then previous seed
when-fixed-seed = ALLOW       | fixing the random seed is allowed
edge-cases#mode = NONE        | edge cases are not explicitly generated
seed = 3                      | random seed to reproduce generated values


timestamp = 2026-09-30T21:38:13.757668, JsDocInfoParser AutoPbtTest:m002 parse = 
                              |-----------------------jqwik-----------------------
tries = 200                   | # of calls to property
checks = 200                  | # of not rejected calls
generation = RANDOMIZED       | parameters are randomly generated
after-failure = SAMPLE_FIRST  | try previously failed sample, then previous seed
when-fixed-seed = ALLOW       | fixing the random seed is allowed
edge-cases#mode = NONE        | edge cases are not explicitly generated
seed = 3                      | random seed to reproduce generated values


timestamp = 2026-09-30T21:38:13.902246, JsDocInfoParser AutoPbtTest:m001 hasParsedJSDocInfo = 
                              |-----------------------jqwik-----------------------
tries = 200                   | # of calls to property
checks = 200                  | # of not rejected calls
generation = RANDOMIZED       | parameters are randomly generated
after-failure = SAMPLE_FIRST  | try previously failed sample, then previous seed
when-fixed-seed = ALLOW       | fixing the random seed is allowed
edge-cases#mode = NONE        | edge cases are not explicitly generated
seed = 3                      | random seed to reproduce generated values


[36m╷[0m
[36m└─[0m [36mjqwik (JUnit Platform)[0m [32m✔[0m
[36m   └─[0m [36mJsDocInfoParser AutoPbtTest[0m [32m✔[0m
[36m      ├─[0m [34mm004 retrieveAndResetParsedJSDocInfo[0m [32m✔[0m
[36m      ├─[0m [34mm006 setFileOverviewJSDocInfo[0m [32m✔[0m
[36m      ├─[0m [34mm000 getFileOverviewJSDocInfo[0m [32m✔[0m
[36m      ├─[0m [34mm005 setFileLevelJsDocBuilder[0m [32m✔[0m
[36m      ├─[0m [34mm003 parseTypeString[0m [32m✔[0m
[36m      ├─[0m [34mm002 parse[0m [32m✔[0m
[36m      └─[0m [34mm001 hasParsedJSDocInfo[0m [32m✔[0m

Test run finished after 3193 ms
[         2 containers found      ]
[         0 containers skipped    ]
[         2 containers started    ]
[         0 containers aborted    ]
[         2 containers successful ]
[         0 containers failed     ]
[         7 tests found           ]
[         0 tests skipped         ]
[         7 tests started         ]
[         0 tests aborted         ]
[         7 tests successful      ]
[         0 tests failed          ]


[exit=0 timeout=False time=13.1s]

$ java -jar /opt/jacoco/lib/jacococli.jar report /workspace/jqwik/Result_auto_Round1/Closure_68/tries200_seed3/jacoco.exec --classfiles /work/Closure_68f/build/classes --csv /workspace/jqwik/Result_auto_Round1/Closure_68/tries200_seed3/jacoco.csv
[INFO] Loading execution data file /workspace/jqwik/Result_auto_Round1/Closure_68/tries200_seed3/jacoco.exec.
[INFO] Analyzing 1088 classes.

[exit=0 timeout=False time=0.9s]

$ java -Djava.awt.headless=true -Xss4m -Xmx1g -Dpbt.seed=3 -Dpbt.tries=200 -Dpbt.snapshot.dir=/work/jqwik_out/Closure_68/auto_round1_tries200_seed3/snapshots -Dpbt.propertyBudgetMs=5000 -Dpbt.mask=/work/Closure_68f:/work/Closure_68b:/work/jqwik_out/Closure_68/auto_round1_tries200_seed3/classes_f:/work/jqwik_out/Closure_68/auto_round1_tries200_seed3/classes_b -Dpbt.mode=check -jar /workspace/lib/jqwik/junit-platform-console-standalone-1.9.3.jar --disable-banner --details tree --class-path /work/jqwik_out/Closure_68/auto_round1_tries200_seed3/classes_b:/work/Closure_68b/build/classes:/work/Closure_68b/lib/args4j.jar:/work/Closure_68b/lib/guava.jar:/work/Closure_68b/lib/json.jar:/work/Closure_68b/lib/jsr305.jar:/work/Closure_68b/lib/libtrunk_rhino_parser_jarjared.jar:/work/Closure_68b/lib/protobuf-java.jar:/work/Closure_68b/lib/ant.jar:/work/Closure_68b/lib/ant-launcher.jar:/work/Closure_68b/lib/caja-r4314.jar:/work/Closure_68b/lib/junit.jar:/work/Closure_68b/build/test:/work/jqwik_harness:/workspace/lib/jqwik/jqwik-1.7.4.jar:/workspace/lib/jqwik/jqwik-api-1.7.4.jar:/workspace/lib/jqwik/jqwik-engine-1.7.4.jar --scan-class-path /work/jqwik_out/Closure_68/auto_round1_tries200_seed3/classes_b --include-classname .* --include-engine jqwik --config jqwik.database=/workspace/jqwik/Result_auto_Round1/Closure_68/tries200_seed3/reports_buggy/jqwik-database --config jqwik.tries.default=200 --reports-dir /workspace/jqwik/Result_auto_Round1/Closure_68/tries200_seed3/reports_buggy
alls
generation = RANDOMIZED       | parameters are randomly generated
after-failure = SAMPLE_FIRST  | try previously failed sample, then previous seed
when-fixed-seed = ALLOW       | fixing the random seed is allowed
edge-cases#mode = NONE        | edge cases are not explicitly generated
seed = 3                      | random seed to reproduce generated values


timestamp = 2026-09-30T21:38:27.188614, JsDocInfoParser AutoPbtTest:m005 setFileLevelJsDocBuilder = 
                              |-----------------------jqwik-----------------------
tries = 200                   | # of calls to property
checks = 200                  | # of not rejected calls
generation = RANDOMIZED       | parameters are randomly generated
after-failure = SAMPLE_FIRST  | try previously failed sample, then previous seed
when-fixed-seed = ALLOW       | fixing the random seed is allowed
edge-cases#mode = NONE        | edge cases are not explicitly generated
seed = 3                      | random seed to reproduce generated values


timestamp = 2026-09-30T21:38:27.297705, JsDocInfoParser AutoPbtTest:m003 parseTypeString = 
                              |-----------------------jqwik-----------------------
tries = 200                   | # of calls to property
checks = 200                  | # of not rejected calls
generation = RANDOMIZED       | parameters are randomly generated
after-failure = SAMPLE_FIRST  | try previously failed sample, then previous seed
when-fixed-seed = ALLOW       | fixing the random seed is allowed
edge-cases#mode = NONE        | edge cases are not explicitly generated
seed = 3                      | random seed to reproduce generated values


timestamp = 2026-09-30T21:38:27.410498, JsDocInfoParser AutoPbtTest:m002 parse = 
                              |-----------------------jqwik-----------------------
tries = 200                   | # of calls to property
checks = 200                  | # of not rejected calls
generation = RANDOMIZED       | parameters are randomly generated
after-failure = SAMPLE_FIRST  | try previously failed sample, then previous seed
when-fixed-seed = ALLOW       | fixing the random seed is allowed
edge-cases#mode = NONE        | edge cases are not explicitly generated
seed = 3                      | random seed to reproduce generated values


timestamp = 2026-09-30T21:38:27.503530, JsDocInfoParser AutoPbtTest:m001 hasParsedJSDocInfo = 
                              |-----------------------jqwik-----------------------
tries = 200                   | # of calls to property
checks = 200                  | # of not rejected calls
generation = RANDOMIZED       | parameters are randomly generated
after-failure = SAMPLE_FIRST  | try previously failed sample, then previous seed
when-fixed-seed = ALLOW       | fixing the random seed is allowed
edge-cases#mode = NONE        | edge cases are not explicitly generated
seed = 3                      | random seed to reproduce generated values


[36m╷[0m
[36m└─[0m [36mjqwik (JUnit Platform)[0m [32m✔[0m
[36m   └─[0m [36mJsDocInfoParser AutoPbtTest[0m [32m✔[0m
[36m      ├─[0m [34mm004 retrieveAndResetParsedJSDocInfo[0m [32m✔[0m
[36m      ├─[0m [34mm006 setFileOverviewJSDocInfo[0m [32m✔[0m
[36m      ├─[0m [34mm000 getFileOverviewJSDocInfo[0m [32m✔[0m
[36m      ├─[0m [34mm005 setFileLevelJsDocBuilder[0m [32m✔[0m
[36m      ├─[0m [34mm003 parseTypeString[0m [32m✔[0m
[36m      ├─[0m [34mm002 parse[0m [32m✔[0m
[36m      └─[0m [34mm001 hasParsedJSDocInfo[0m [32m✔[0m

Test run finished after 1873 ms
[         2 containers found      ]
[         0 containers skipped    ]
[         2 containers started    ]
[         0 containers aborted    ]
[         2 containers successful ]
[         0 containers failed     ]
[         7 tests found           ]
[         0 tests skipped         ]
[         7 tests started         ]
[         0 tests aborted         ]
[         7 tests successful      ]
[         0 tests failed          ]


[exit=0 timeout=False time=3.2s]
