
$ defects4j compile -w /work/Compress_37f
Running ant (compile)...................................................... OK
Running ant (compile.tests)................................................ OK

[exit=0 timeout=False time=0.8s]

$ defects4j compile -w /work/Compress_37b
Running ant (compile)...................................................... OK
Running ant (compile.tests)................................................ OK

[exit=0 timeout=False time=0.9s]

$ java -Djava.awt.headless=true -cp /opt/defects4j/framework/projects/lib/junit-4.12-hamcrest-1.3.jar:/opt/evosuite/evosuite-1.2.0.jar:/work/Compress_37f/target/classes:/opt/defects4j/framework/projects/Compress/lib/org/tukaani/xz/1.5/xz-1.5.jar:/opt/defects4j/framework/projects/Compress/lib/org/powermock/powermock-core/1.6.4/powermock-core-1.6.4.jar:/opt/defects4j/framework/projects/Compress/lib/org/javassist/javassist/3.20.0-GA/javassist-3.20.0-GA.jar:/opt/defects4j/framework/projects/Compress/lib/org/powermock/powermock-reflect/1.6.4/powermock-reflect-1.6.4.jar:/opt/defects4j/framework/projects/Compress/lib/org/powermock/powermock-api-mockito/1.6.4/powermock-api-mockito-1.6.4.jar:/opt/defects4j/framework/projects/Compress/lib/org/mockito/mockito-core/1.10.19/mockito-core-1.10.19.jar:/opt/defects4j/framework/projects/Compress/lib/org/objenesis/objenesis/2.1/objenesis-2.1.jar:/opt/defects4j/framework/projects/Compress/lib/org/powermock/powermock-api-support/1.6.4/powermock-api-support-1.6.4.jar:/work/Compress_37f/target/test-classes org.evosuite.EvoSuite -generateSuite -class org.apache.commons.compress.archivers.tar.TarArchiveInputStream -projectCP /opt/defects4j/framework/projects/lib/junit-4.12-hamcrest-1.3.jar:/work/Compress_37f/target/classes:/opt/defects4j/framework/projects/Compress/lib/org/tukaani/xz/1.5/xz-1.5.jar:/opt/defects4j/framework/projects/Compress/lib/org/powermock/powermock-core/1.6.4/powermock-core-1.6.4.jar:/opt/defects4j/framework/projects/Compress/lib/org/javassist/javassist/3.20.0-GA/javassist-3.20.0-GA.jar:/opt/defects4j/framework/projects/Compress/lib/org/powermock/powermock-reflect/1.6.4/powermock-reflect-1.6.4.jar:/opt/defects4j/framework/projects/Compress/lib/org/powermock/powermock-api-mockito/1.6.4/powermock-api-mockito-1.6.4.jar:/opt/defects4j/framework/projects/Compress/lib/org/mockito/mockito-core/1.10.19/mockito-core-1.10.19.jar:/opt/defects4j/framework/projects/Compress/lib/org/objenesis/objenesis/2.1/objenesis-2.1.jar:/opt/defects4j/framework/projects/Compress/lib/org/powermock/powermock-api-support/1.6.4/powermock-api-support-1.6.4.jar:/work/Compress_37f/target/test-classes -Dcriterion=LINE:BRANCH:EXCEPTION -Dsearch_budget=120 -seed 1 -Dtest_dir=/work/evo_out/Compress_37f/budget120_seed1/tests -Dreport_dir=/work/evo_out/Compress_37f/budget120_seed1/report
* EvoSuite 1.2.0
* Going to generate test cases for class: org.apache.commons.compress.archivers.tar.TarArchiveInputStream
* Starting Client-0
* Connecting to master process on port 9922
* Analyzing classpath: 
  - /opt/defects4j/framework/projects/lib/junit-4.12-hamcrest-1.3.jar
  - /work/Compress_37f/target/classes
  - /opt/defects4j/framework/projects/Compress/lib/org/tukaani/xz/1.5/xz-1.5.jar
  - /opt/defects4j/framework/projects/Compress/lib/org/powermock/powermock-core/1.6.4/powermock-core-1.6.4.jar
  - /opt/defects4j/framework/projects/Compress/lib/org/javassist/javassist/3.20.0-GA/javassist-3.20.0-GA.jar
  - /opt/defects4j/framework/projects/Compress/lib/org/powermock/powermock-reflect/1.6.4/powermock-reflect-1.6.4.jar
  - /opt/defects4j/framework/projects/Compress/lib/org/powermock/powermock-api-mockito/1.6.4/powermock-api-mockito-1.6.4.jar
  - /opt/defects4j/framework/projects/Compress/lib/org/mockito/mockito-core/1.10.19/mockito-core-1.10.19.jar
  - /opt/defects4j/framework/projects/Compress/lib/org/objenesis/objenesis/2.1/objenesis-2.1.jar
  - /opt/defects4j/framework/projects/Compress/lib/org/powermock/powermock-api-support/1.6.4/powermock-api-support-1.6.4.jar
  - /work/Compress_37f/target/test-classes
[MASTER] 21:39:39.881 [logback-1] WARN  InheritanceTree - Class not in inheritance graph: java.io.ObjectInputFilter
[MASTER] 21:39:40.123 [logback-1] WARN  InheritanceTree - Class not in inheritance graph: java.util.Locale$IsoCountryCode
[MASTER] 21:39:40.200 [logback-1] WARN  InheritanceTree - Class not in inheritance graph: java.lang.module.ModuleFinder
* Finished analyzing classpath
* Generating tests for class org.apache.commons.compress.archivers.tar.TarArchiveInputStream
* Test criteria:
  - Line Coverage
  - Branch Coverage
  - Exception
* Setting up search algorithm for whole suite generation
* Total number of test goals: 
  - Line 239
  - Branch 178
  - Exception 0

[Progress:>                             0%] [Cov:>                                  0%]* Using seed 1
* Starting evolution

[Progress:=>                            4%] [Cov:>                                  1%]
[Progress:=>                            4%] [Cov:>                                  2%]
[Progress:=>                            4%] [Cov:============>                      35%]
[Progress:=>                            4%] [Cov:=============>                     38%]
[Progress:=>                            4%] [Cov:==============>                    42%]
[Progress:=>                            5%] [Cov:>                                  2%]
[Progress:=>                            5%] [Cov:=>                                 4%]
[Progress:=>                            5%] [Cov:=============>                     38%]
[Progress:=>                            5%] [Cov:==============>                    41%]
[Progress:=>                            5%] [Cov:===============>                   43%]
[Progress:=>                            5%] [Cov:=================>                 49%]
[Progress:==>                           9%] [Cov:=>                                 4%]
[Progress:==>                           9%] [Cov:==>                                6%]
[Progress:==>                           9%] [Cov:=============>                     39%]
[Progress:===>                          13%] [Cov:>                                  1%]
[Progress:===>                          13%] [Cov:>                                  2%]
[Progress:===>                          13%] [Cov:============>                      35%]
[Progress:===>                          13%] [Cov:==============>                    40%]
[Progress:===>                          13%] [Cov:===============>                   43%]
[Progress:===>                          13%] [Cov:=================>                 49%]
[Progress:=====>                        17%] [Cov:============>                      37%]
[Progress:=====>                        17%] [Cov:=============>                     38%]
[Progress:=====>                        17%] [Cov:=============>                     39%]
[Progress:=====>                        17%] [Cov:==============>                    42%]
[Progress:=====>                        17%] [Cov:===============>                   43%]
[Progress:=====>                        17%] [Cov:===============>                   45%]
[Progress:=====>                        17%] [Cov:=================>                 49%]
[Progress:=====>                        17%] [Cov:===================>               56%]
[Progress:======>                       21%] [Cov:===================>               56%]
[Progress:======>                       22%] [Cov:===================>               56%]
[Progress:======>                       22%] [Cov:===================>               56%]
[Progress:=======>                      26%] [Cov:===================>               56%]
[Progress:=======>                      26%] [Cov:===================>               56%]
[Progress:=======>                      26%] [Cov:===================>               56%]
[Progress:=======>                      26%] [Cov:===================>               56%]
[Progress:=======>                      26%] [Cov:===================>               57%]
[Progress:=======>                      26%] [Cov:====================>              58%]
[Progress:=======>                      26%] [Cov:====================>              58%]
[Progress:========>                     27%] [Cov:====================>              58%]
[Progress:========>                     27%] [Cov:====================>              59%]
[Progress:========>                     27%] [Cov:====================>              59%]
[Progress:========>                     27%] [Cov:====================>              59%]
[Progress:========>                     27%] [Cov:====================>              59%]
[Progress:========>                     27%] [Cov:====================>              59%]
[Progress:========>                     28%] [Cov:====================>              59%]
[Progress:========>                     28%] [Cov:====================>              59%]
[Progress:========>                     28%] [Cov:====================>              59%]
[Progress:=========>                    32%] [Cov:====================>              59%]
[Progress:==========>                   36%] [Cov:====================>              59%]
[Progress:==========>                   36%] [Cov:====================>              59%]
[Progress:============>                 40%] [Cov:====================>              59%]
[Progress:============>                 40%] [Cov:====================>              59%]
[Progress:============>                 41%] [Cov:====================>              59%]
[Progress:============>                 41%] [Cov:====================>              59%]
[Progress:============>                 41%] [Cov:====================>              59%]
[Progress:============>                 41%] [Cov:====================>              59%]
[Progress:=============>                45%] [Cov:====================>              59%]
[Progress:=============>                46%] [Cov:====================>              59%]
[Progress:=============>                46%] [Cov:====================>              59%]
[Progress:===============>              50%] [Cov:====================>              59%]
[Progress:===============>              50%] [Cov:====================>              59%]
[Progress:================>             55%] [Cov:====================>              59%]
[Progress:================>             55%] [Cov:====================>              59%]
[Progress:================>             55%] [Cov:====================>              59%]
[Progress:================>             55%] [Cov:====================>              59%]
[Progress:================>             55%] [Cov:====================>              59%]
[Progress:================>             55%] [Cov:====================>              59%]
[Progress:================>             55%] [Cov:====================>              59%]
[Progress:================>             56%] [Cov:====================>              59%]
[Progress:================>             56%] [Cov:====================>              59%]
[Progress:================>             56%] [Cov:====================>              59%]
[Progress:================>             56%] [Cov:====================>              59%]
[Progress:================>             56%] [Cov:====================>              59%]
[Progress:=================>            57%] [Cov:====================>              59%]
[Progress:=================>            57%] [Cov:====================>              59%]
[Progress:=================>            57%] [Cov:====================>              59%]
[Progress:=================>            57%] [Cov:====================>              59%]
[Progress:=================>            57%] [Cov:====================>              59%]
[Progress:=================>            58%] [Cov:====================>              59%]
[Progress:==================>           62%] [Cov:====================>              59%]
[Progress:==================>           62%] [Cov:====================>              59%]
[Progress:==================>           62%] [Cov:=====================>             60%]
[Progress:==================>           62%] [Cov:=====================>             60%]
[Progress:==================>           62%] [Cov:=====================>             60%]
[Progress:==================>           63%] [Cov:=====================>             60%]
[Progress:==================>           63%] [Cov:=====================>             60%]
[Progress:==================>           63%] [Cov:=====================>             60%]
[Progress:==================>           63%] [Cov:=====================>             60%]
[Progress:===================>          64%] [Cov:=====================>             60%]
[Progress:===================>          64%] [Cov:=====================>             60%]
[Progress:===================>          64%] [Cov:=====================>             60%]
[Progress:===================>          64%] [Cov:=====================>             60%]
[Progress:===================>          65%] [Cov:=====================>             60%]
[Progress:===================>          65%] [Cov:=====================>             60%]
[Progress:===================>          66%] [Cov:=====================>             60%]
[Progress:===================>          66%] [Cov:=====================>             60%]
[Progress:===================>          66%] [Cov:=====================>             60%]
[Progress:===================>          66%] [Cov:=====================>             60%]
[Progress:===================>          66%] [Cov:=====================>             60%]
[Progress:====================>         67%] [Cov:=====================>             60%]
[Progress:====================>         67%] [Cov:=====================>             60%]
[Progress:====================>         67%] [Cov:=====================>             61%]
[Progress:====================>         67%] [Cov:=====================>             61%]
[Progress:====================>         67%] [Cov:=====================>             61%]
[Progress:====================>         68%] [Cov:=====================>             61%]
[Progress:====================>         68%] [Cov:=====================>             61%]
[Progress:====================>         68%] [Cov:=====================>             61%]
[Progress:====================>         68%] [Cov:=====================>             61%]
[Progress:====================>         68%] [Cov:=====================>             61%]
[Progress:====================>         69%] [Cov:=====================>             61%]
[Progress:====================>         69%] [Cov:=====================>             61%]
[Progress:=====================>        73%] [Cov:=====================>             61%]
[Progress:=====================>        73%] [Cov:=====================>             61%]
[Progress:=====================>        73%] [Cov:=====================>             61%]
[Progress:=====================>        73%] [Cov:=====================>             61%]
[Progress:======================>       74%] [Cov:=====================>             61%]
[Progress:======================>       74%] [Cov:=====================>             61%]
[Progress:======================>       74%] [Cov:=====================>             61%]
[Progress:======================>       74%] [Cov:=====================>             61%]
[Progress:=======================>      78%] [Cov:=====================>             61%]
[Progress:=======================>      78%] [Cov:=====================>             61%]
[Progress:=======================>      79%] [Cov:=====================>             61%]
[Progress:=======================>      79%] [Cov:=====================>             61%]
[Progress:=======================>      79%] [Cov:=====================>             61%]
[Progress:=======================>      79%] [Cov:=====================>             61%]
[Progress:========================>     83%] [Cov:=====================>             61%]
[Progress:========================>     83%] [Cov:=====================>             61%]
[Progress:=========================>    84%] [Cov:=====================>             61%]
[Progress:=========================>    84%] [Cov:=====================>             61%][MASTER] 21:41:21.911 [logback-1] WARN  TestCluster - Failed to check cache for java.util.AbstractMap<K, V>.SimpleImmutableEntry<K, V> : Type points to itself

[Progress:=========================>    84%] [Cov:=====================>             61%]
[Progress:=========================>    84%] [Cov:=====================>             61%]
[Progress:=========================>    85%] [Cov:=====================>             61%]
[Progress:==========================>   89%] [Cov:=====================>             61%]
[Progress:==========================>   89%] [Cov:=====================>             61%]
[Progress:==========================>   89%] [Cov:=====================>             61%]
[Progress:==========================>   89%] [Cov:=====================>             61%]
[Progress:===========================>  90%] [Cov:=====================>             61%]
[Progress:===========================>  90%] [Cov:=====================>             61%]
[Progress:============================> 94%] [Cov:=====================>             61%]
[Progress:============================> 94%] [Cov:=====================>             61%]
[Progress:============================> 94%] [Cov:=====================>             61%]
[Progress:============================> 95%] [Cov:=====================>             61%]
[Progress:============================> 95%] [Cov:=====================>             61%]
[Progress:============================> 95%] [Cov:=====================>             61%]
[Progress:============================> 95%] [Cov:=====================>             62%]
[Progress:============================> 95%] [Cov:=====================>             62%]
[Progress:============================> 95%] [Cov:=====================>             62%]
[Progress:============================> 95%] [Cov:=====================>             62%]
[Progress:============================> 95%] [Cov:=====================>             62%]
[Progress:============================> 96%] [Cov:=====================>             62%]
[Progress:============================> 96%] [Cov:=====================>             62%]
[Progress:============================> 96%] [Cov:=====================>             62%]
[Progress:============================> 96%] [Cov:=====================>             62%]
[Progress:============================> 96%] [Cov:=====================>             62%]
[Progress:=============================>97%] [Cov:=====================>             62%]
[Progress:=============================>97%] [Cov:=====================>             62%]
[Progress:=============================>97%] [Cov:=====================>             62%]
[Progress:=============================>97%] [Cov:=====================>             62%]
[Progress:=============================>98%] [Cov:=====================>             62%]
[Progress:=============================>98%] [Cov:=====================>             62%]
[Progress:=============================>98%] [Cov:=====================>             62%]
[Progress:=============================>98%] [Cov:=====================>             62%]
[Progress:=============================>98%] [Cov:=====================>             62%]
[Progress:=============================>99%] [Cov:=====================>             62%]
[Progress:=============================>99%] [Cov:=====================>             62%]
[Progress:=============================>99%] [Cov:=====================>             62%]
[Progress:=============================>99%] [Cov:=====================>             62%]
[Progress:==============================100%] [Cov:=====================>             62%]
[Progress:==============================100%] [Cov:=====================>             62%]
[Progress:==============================100%] [Cov:=====================>             62%]
[Progress:==============================100%] [Cov:=====================>             62%]
[Progress:==============================100%] [Cov:=====================>             62%]
[Progress:==============================100%] [Cov:=====================>             62%]
* Search finished after 121s and 102 generations, 65662 statements, best individual has fitness: 189.35765488898164
* Minimizing test suite
* Going to analyze the coverage criteria
* Coverage analysis for criterion LINE
* Coverage of criterion LINE: 48%
* Total number of goals: 239
* Number of covered goals: 114
* Coverage analysis for criterion BRANCH
* Coverage of criterion BRANCH: 40%
* Total number of goals: 178
* Number of covered goals: 71
* Coverage analysis for criterion EXCEPTION
* Coverage of criterion EXCEPTION: 100%
* Total number of goals: 30
* Number of covered goals: 30
* Generated 52 tests with total length 228
* Resulting test suite's coverage: 63% (average coverage for all fitness functions)
* Generating assertions
* Resulting test suite's mutation score: 13%
* Compiling and checking tests
* Writing tests to file
* Writing JUnit test case 'TarArchiveInputStream_ESTest' to /work/evo_out/Compress_37f/budget120_seed1/tests
* Done!

* Computation finished

[exit=0 timeout=False time=135.8s]

$ javac -nowarn -cp /work/Compress_37f/target/classes:/opt/defects4j/framework/projects/lib/junit-4.12-hamcrest-1.3.jar:/opt/defects4j/framework/projects/Compress/lib/org/tukaani/xz/1.5/xz-1.5.jar:/opt/defects4j/framework/projects/Compress/lib/org/powermock/powermock-core/1.6.4/powermock-core-1.6.4.jar:/opt/defects4j/framework/projects/Compress/lib/org/javassist/javassist/3.20.0-GA/javassist-3.20.0-GA.jar:/opt/defects4j/framework/projects/Compress/lib/org/powermock/powermock-reflect/1.6.4/powermock-reflect-1.6.4.jar:/opt/defects4j/framework/projects/Compress/lib/org/powermock/powermock-api-mockito/1.6.4/powermock-api-mockito-1.6.4.jar:/opt/defects4j/framework/projects/Compress/lib/org/mockito/mockito-core/1.10.19/mockito-core-1.10.19.jar:/opt/defects4j/framework/projects/Compress/lib/org/objenesis/objenesis/2.1/objenesis-2.1.jar:/opt/defects4j/framework/projects/Compress/lib/org/powermock/powermock-api-support/1.6.4/powermock-api-support-1.6.4.jar:/work/Compress_37f/target/classes:/work/Compress_37f/target/test-classes:/opt/evosuite/evosuite-standalone-runtime-1.2.0.jar -d /work/evo_out/Compress_37f/budget120_seed1/classes /work/evo_out/Compress_37f/budget120_seed1/tests/org/apache/commons/compress/archivers/tar/TarArchiveInputStream_ESTest.java /work/evo_out/Compress_37f/budget120_seed1/tests/org/apache/commons/compress/archivers/tar/TarArchiveInputStream_ESTest_scaffolding.java
Note: /work/evo_out/Compress_37f/budget120_seed1/tests/org/apache/commons/compress/archivers/tar/TarArchiveInputStream_ESTest.java uses or overrides a deprecated API.
Note: Recompile with -Xlint:deprecation for details.

[exit=0 timeout=False time=0.7s]

$ java -jar /opt/jacoco/lib/jacococli.jar instrument /work/Compress_37f/target/classes --dest /work/evo_out/Compress_37f/budget120_seed1/instrumented
[INFO] 232 classes instrumented to /work/evo_out/Compress_37f/budget120_seed1/instrumented.

[exit=0 timeout=False time=0.3s]

$ java -Djacoco-agent.destfile=/workspace/EvoSuite/Result_Round2/Compress_37/budget120_seed1/jacoco.exec -cp /work/evo_out/Compress_37f/budget120_seed1/instrumented:/work/evo_out/Compress_37f/budget120_seed1/classes:/opt/defects4j/framework/projects/lib/junit-4.12-hamcrest-1.3.jar:/opt/defects4j/framework/projects/Compress/lib/org/tukaani/xz/1.5/xz-1.5.jar:/opt/defects4j/framework/projects/Compress/lib/org/powermock/powermock-core/1.6.4/powermock-core-1.6.4.jar:/opt/defects4j/framework/projects/Compress/lib/org/javassist/javassist/3.20.0-GA/javassist-3.20.0-GA.jar:/opt/defects4j/framework/projects/Compress/lib/org/powermock/powermock-reflect/1.6.4/powermock-reflect-1.6.4.jar:/opt/defects4j/framework/projects/Compress/lib/org/powermock/powermock-api-mockito/1.6.4/powermock-api-mockito-1.6.4.jar:/opt/defects4j/framework/projects/Compress/lib/org/mockito/mockito-core/1.10.19/mockito-core-1.10.19.jar:/opt/defects4j/framework/projects/Compress/lib/org/objenesis/objenesis/2.1/objenesis-2.1.jar:/opt/defects4j/framework/projects/Compress/lib/org/powermock/powermock-api-support/1.6.4/powermock-api-support-1.6.4.jar:/work/Compress_37f/target/classes:/work/Compress_37f/target/test-classes:/opt/evosuite/evosuite-standalone-runtime-1.2.0.jar:/opt/jacoco/lib/jacocoagent.jar org.junit.runner.JUnitCore org.apache.commons.compress.archivers.tar.TarArchiveInputStream_ESTest
JUnit version 4.12
....................................................
Time: 0.506

OK (52 tests)

SLF4J: Failed to load class "org.slf4j.impl.StaticLoggerBinder".
SLF4J: Defaulting to no-operation (NOP) logger implementation
SLF4J: See http://www.slf4j.org/codes.html#StaticLoggerBinder for further details.
WARNING: An illegal reflective access operation has occurred
WARNING: Illegal reflective access by org.evosuite.runtime.GuiSupport (file:/opt/evosuite/evosuite-standalone-runtime-1.2.0.jar) to field java.awt.GraphicsEnvironment.headless
WARNING: Please consider reporting this to the maintainers of org.evosuite.runtime.GuiSupport
WARNING: Use --illegal-access=warn to enable warnings of further illegal reflective access operations
WARNING: All illegal access operations will be denied in a future release

[exit=0 timeout=False time=1.0s]

$ java -jar /opt/jacoco/lib/jacococli.jar report /workspace/EvoSuite/Result_Round2/Compress_37/budget120_seed1/jacoco.exec --classfiles /work/Compress_37f/target/classes --csv /workspace/EvoSuite/Result_Round2/Compress_37/budget120_seed1/jacoco.csv
[INFO] Loading execution data file /workspace/EvoSuite/Result_Round2/Compress_37/budget120_seed1/jacoco.exec.
[INFO] Analyzing 213 classes.

[exit=0 timeout=False time=0.4s]

$ java -cp /work/evo_out/Compress_37f/budget120_seed1/classes:/opt/defects4j/framework/projects/lib/junit-4.12-hamcrest-1.3.jar:/opt/defects4j/framework/projects/Compress/lib/org/tukaani/xz/1.5/xz-1.5.jar:/opt/defects4j/framework/projects/Compress/lib/org/powermock/powermock-core/1.6.4/powermock-core-1.6.4.jar:/opt/defects4j/framework/projects/Compress/lib/org/javassist/javassist/3.20.0-GA/javassist-3.20.0-GA.jar:/opt/defects4j/framework/projects/Compress/lib/org/powermock/powermock-reflect/1.6.4/powermock-reflect-1.6.4.jar:/opt/defects4j/framework/projects/Compress/lib/org/powermock/powermock-api-mockito/1.6.4/powermock-api-mockito-1.6.4.jar:/opt/defects4j/framework/projects/Compress/lib/org/mockito/mockito-core/1.10.19/mockito-core-1.10.19.jar:/opt/defects4j/framework/projects/Compress/lib/org/objenesis/objenesis/2.1/objenesis-2.1.jar:/opt/defects4j/framework/projects/Compress/lib/org/powermock/powermock-api-support/1.6.4/powermock-api-support-1.6.4.jar:/work/Compress_37b/target/classes:/work/Compress_37b/target/test-classes:/opt/evosuite/evosuite-standalone-runtime-1.2.0.jar org.junit.runner.JUnitCore org.apache.commons.compress.archivers.tar.TarArchiveInputStream_ESTest
JUnit version 4.12
....................................................
Time: 0.494

OK (52 tests)

SLF4J: Failed to load class "org.slf4j.impl.StaticLoggerBinder".
SLF4J: Defaulting to no-operation (NOP) logger implementation
SLF4J: See http://www.slf4j.org/codes.html#StaticLoggerBinder for further details.
WARNING: An illegal reflective access operation has occurred
WARNING: Illegal reflective access by org.evosuite.runtime.GuiSupport (file:/opt/evosuite/evosuite-standalone-runtime-1.2.0.jar) to field java.awt.GraphicsEnvironment.headless
WARNING: Please consider reporting this to the maintainers of org.evosuite.runtime.GuiSupport
WARNING: Use --illegal-access=warn to enable warnings of further illegal reflective access operations
WARNING: All illegal access operations will be denied in a future release

[exit=0 timeout=False time=0.8s]
