
$ defects4j checkout -p Collections -v 14f -w /work/Collections_14f
Checking out 0725e476 to /work/Collections_14f............................. OK
Init local repository...................................................... OK
Tag post-fix revision...................................................... OK
Apply patch................................................................ OK
Run post-checkout hook..................................................... OK
Excluding broken/flaky tests............................................... OK
Backing up build file: /work/Collections_14f/project.properties............ OK
Initialize fixed program version........................................... OK
Apply patch................................................................ OK
Initialize buggy program version........................................... OK
Diff 0725e476:f3eaf2ce..................................................... OK
Apply patch................................................................ OK
Tag pre-fix revision....................................................... OK
Check out program version: Collections-14f................................. OK

[exit=0 timeout=False time=1.6s]

$ defects4j compile -w /work/Collections_14f
Running ant (compile)...................................................... OK
Running ant (compile.tests)................................................ OK

[exit=0 timeout=False time=5.6s]

$ defects4j checkout -p Collections -v 14b -w /work/Collections_14b
Checking out 0725e476 to /work/Collections_14b............................. OK
Init local repository...................................................... OK
Tag post-fix revision...................................................... OK
Apply patch................................................................ OK
Run post-checkout hook..................................................... OK
Excluding broken/flaky tests............................................... OK
Backing up build file: /work/Collections_14b/project.properties............ OK
Initialize fixed program version........................................... OK
Apply patch................................................................ OK
Initialize buggy program version........................................... OK
Diff 0725e476:f3eaf2ce..................................................... OK
Apply patch................................................................ OK
Tag pre-fix revision....................................................... OK
Check out program version: Collections-14b................................. OK

[exit=0 timeout=False time=1.5s]

$ defects4j compile -w /work/Collections_14b
Running ant (compile)...................................................... OK
Running ant (compile.tests)................................................ OK

[exit=0 timeout=False time=5.7s]

$ java -Djava.awt.headless=true -cp /opt/defects4j/framework/projects/lib/junit-4.12-hamcrest-1.3.jar:/opt/evosuite/evosuite-1.2.0.jar:/work/Collections_14f/build/classes:/work/Collections_14f/build/tests:/opt/defects4j/framework/projects/Collections/lib/easymock-2.0.jar org.evosuite.EvoSuite -generateSuite -class org.apache.commons.collections.map.CaseInsensitiveMap -projectCP /opt/defects4j/framework/projects/lib/junit-4.12-hamcrest-1.3.jar:/work/Collections_14f/build/classes:/work/Collections_14f/build/tests:/opt/defects4j/framework/projects/Collections/lib/easymock-2.0.jar -Dcriterion=LINE:BRANCH:EXCEPTION -Dsearch_budget=60 -seed 1 -Dtest_dir=/work/evo_out/Collections_14f/budget60_seed1/tests -Dreport_dir=/work/evo_out/Collections_14f/budget60_seed1/report
* EvoSuite 1.2.0
* Going to generate test cases for class: org.apache.commons.collections.map.CaseInsensitiveMap
* Starting Client-0
* Connecting to master process on port 9922
* Analyzing classpath: 
  - /opt/defects4j/framework/projects/lib/junit-4.12-hamcrest-1.3.jar
  - /work/Collections_14f/build/classes
  - /work/Collections_14f/build/tests
  - /opt/defects4j/framework/projects/Collections/lib/easymock-2.0.jar
[MASTER] 17:52:59.000 [logback-1] WARN  InheritanceTree - Class not in inheritance graph: java.io.ObjectInputFilter
[MASTER] 17:52:59.070 [logback-1] WARN  InheritanceTree - Class not in inheritance graph: java.util.Locale$IsoCountryCode
* Finished analyzing classpath
* Generating tests for class org.apache.commons.collections.map.CaseInsensitiveMap
* Test criteria:
  - Line Coverage
  - Branch Coverage
  - Exception
* Setting up search algorithm for whole suite generation
* Total number of test goals: 
  - Line 21
  - Branch 11
  - Exception 0

[Progress:>                             0%] [Cov:>                                  0%]* Using seed 1
* Starting evolution

[Progress:>                             0%] [Cov:========>                          23%]
[Progress:>                             0%] [Cov:=================>                 51%]
[Progress:>                             0%] [Cov:=============================>     84%]
[Progress:>                             1%] [Cov:========>                          23%]
[Progress:>                             1%] [Cov:=================>                 51%]
[Progress:>                             1%] [Cov:=============================>     84%]
[Progress:>                             3%] [Cov:=====>                             17%]
[Progress:>                             3%] [Cov:==============>                    41%]
[Progress:>                             3%] [Cov:==========================>        75%]
[Progress:>                             3%] [Cov:===========================>       78%]
[Progress:>                             3%] [Cov:============================>      81%]
[Progress:>                             3%] [Cov:=============================>     84%]
[Progress:===>                          11%] [Cov:===========================>       78%]
[Progress:======>                       20%] [Cov:=============================>     84%]
[Progress:======>                       20%] [Cov:=============================>     84%]
[Progress:======>                       20%] [Cov:=============================>     84%]
[Progress:======>                       20%] [Cov:=============================>     84%]
[Progress:======>                       20%] [Cov:=============================>     84%]
[Progress:======>                       20%] [Cov:=============================>     84%]
[Progress:======>                       21%] [Cov:=============================>     84%]
[Progress:======>                       21%] [Cov:=============================>     84%]
[Progress:======>                       21%] [Cov:=============================>     84%]
[Progress:======>                       21%] [Cov:=============================>     84%]
[Progress:======>                       21%] [Cov:=============================>     84%]
[Progress:======>                       21%] [Cov:=============================>     84%]
[Progress:======>                       21%] [Cov:=============================>     84%]
[Progress:======>                       21%] [Cov:=============================>     84%]
[Progress:======>                       21%] [Cov:=============================>     84%]
[Progress:======>                       21%] [Cov:=============================>     84%]
[Progress:======>                       21%] [Cov:=============================>     84%]
[Progress:======>                       23%] [Cov:=============================>     84%]
[Progress:======>                       23%] [Cov:=============================>     84%]
[Progress:======>                       23%] [Cov:=============================>     84%]
[Progress:======>                       23%] [Cov:=============================>     84%]
[Progress:======>                       23%] [Cov:=============================>     84%]
[Progress:======>                       23%] [Cov:=============================>     84%]
[Progress:======>                       23%] [Cov:=============================>     84%]
[Progress:======>                       23%] [Cov:=============================>     84%]
[Progress:======>                       23%] [Cov:=============================>     84%]
[Progress:======>                       23%] [Cov:=============================>     84%]
[Progress:======>                       23%] [Cov:=============================>     84%]
[Progress:======>                       23%] [Cov:=============================>     84%]
[Progress:=======>                      25%] [Cov:=============================>     84%]
[Progress:=======>                      25%] [Cov:=============================>     84%]
[Progress:=======>                      25%] [Cov:=============================>     84%]
[Progress:=======>                      25%] [Cov:=============================>     84%]
[Progress:=======>                      25%] [Cov:=============================>     84%]
[Progress:=======>                      25%] [Cov:=============================>     84%]
[Progress:=======>                      25%] [Cov:=============================>     84%]
[Progress:=======>                      25%] [Cov:=============================>     84%]
[Progress:=======>                      25%] [Cov:=============================>     84%]
[Progress:=======>                      25%] [Cov:=============================>     84%]
[Progress:=======>                      25%] [Cov:=============================>     84%]
[Progress:=======>                      25%] [Cov:=============================>     84%]
[Progress:=======>                      26%] [Cov:=============================>     84%]
[Progress:=======>                      26%] [Cov:=============================>     84%]
[Progress:=======>                      26%] [Cov:=============================>     84%]
[Progress:=======>                      26%] [Cov:=============================>     84%]
[Progress:=======>                      26%] [Cov:=============================>     84%]
[Progress:=======>                      26%] [Cov:=============================>     84%]
[Progress:=======>                      26%] [Cov:=============================>     84%]
[Progress:=======>                      26%] [Cov:=============================>     84%]
[Progress:=======>                      26%] [Cov:=============================>     84%]
[Progress:=======>                      26%] [Cov:=============================>     84%]
[Progress:=======>                      26%] [Cov:=============================>     84%]
[Progress:=======>                      26%] [Cov:=============================>     84%]
[Progress:=======>                      26%] [Cov:===============================>   89%]
[Progress:=======>                      26%] [Cov:================================>  92%]
[Progress:=======>                      26%] [Cov:================================>  92%]
[Progress:=======>                      26%] [Cov:================================>  92%]
[Progress:=======>                      26%] [Cov:================================>  92%]
[Progress:=======>                      26%] [Cov:================================>  92%]
[Progress:=======>                      26%] [Cov:================================>  92%]
[Progress:=======>                      26%] [Cov:================================>  92%]
[Progress:=======>                      26%] [Cov:================================>  92%]
[Progress:========>                     28%] [Cov:================================>  92%]
[Progress:========>                     28%] [Cov:================================>  92%]
[Progress:========>                     28%] [Cov:================================>  92%]
[Progress:========>                     28%] [Cov:================================>  92%]
[Progress:========>                     28%] [Cov:================================>  92%]
[Progress:========>                     28%] [Cov:================================>  92%]
[Progress:========>                     28%] [Cov:================================>  92%]
[Progress:========>                     28%] [Cov:================================>  92%]
[Progress:========>                     28%] [Cov:================================>  92%]
[Progress:========>                     28%] [Cov:================================>  92%]
[Progress:========>                     28%] [Cov:================================>  92%]
[Progress:========>                     28%] [Cov:================================>  92%]
[Progress:========>                     28%] [Cov:================================>  92%]
[Progress:========>                     28%] [Cov:================================>  92%]
[Progress:========>                     28%] [Cov:================================>  92%]
[Progress:========>                     28%] [Cov:================================>  92%]
[Progress:========>                     28%] [Cov:================================>  92%]
[Progress:========>                     28%] [Cov:================================>  92%]
[Progress:========>                     28%] [Cov:================================>  92%]
[Progress:========>                     28%] [Cov:================================>  92%]
[Progress:========>                     28%] [Cov:================================>  92%]
[Progress:========>                     28%] [Cov:================================>  92%]
[Progress:========>                     28%] [Cov:================================>  92%]
[Progress:========>                     28%] [Cov:================================>  92%]
[Progress:=========>                    30%] [Cov:================================>  92%]
[Progress:=========>                    30%] [Cov:================================>  92%]
[Progress:=========>                    30%] [Cov:================================>  92%]
[Progress:=========>                    30%] [Cov:================================>  92%]
[Progress:=========>                    30%] [Cov:================================>  92%]
[Progress:=========>                    30%] [Cov:================================>  92%]
[Progress:=========>                    30%] [Cov:================================>  92%]
[Progress:=========>                    30%] [Cov:================================>  92%]
[Progress:=========>                    30%] [Cov:================================>  92%]
[Progress:=========>                    30%] [Cov:================================>  92%]
[Progress:=========>                    30%] [Cov:================================>  92%]
[Progress:=========>                    30%] [Cov:================================>  92%]
[Progress:=========>                    30%] [Cov:================================>  92%]
[Progress:=========>                    31%] [Cov:================================>  92%]
[Progress:=========>                    31%] [Cov:================================>  92%]
[Progress:=========>                    31%] [Cov:================================>  92%]
[Progress:=========>                    31%] [Cov:================================>  92%]
[Progress:=========>                    31%] [Cov:================================>  92%]
[Progress:=========>                    31%] [Cov:================================>  92%]
[Progress:=========>                    31%] [Cov:================================>  92%]
[Progress:=========>                    31%] [Cov:================================>  92%]
[Progress:=========>                    31%] [Cov:================================>  92%]
[Progress:=========>                    31%] [Cov:================================>  92%]
[Progress:=========>                    31%] [Cov:================================>  92%]
[Progress:=========>                    31%] [Cov:================================>  92%]
[Progress:=========>                    31%] [Cov:================================>  92%]
[Progress:=========>                    31%] [Cov:================================>  92%]
[Progress:=========>                    31%] [Cov:================================>  92%]
[Progress:=========>                    31%] [Cov:================================>  92%]
[Progress:=========>                    31%] [Cov:================================>  92%]
[Progress:=========>                    31%] [Cov:================================>  92%]
[Progress:=========>                    33%] [Cov:================================>  92%]
[Progress:=========>                    33%] [Cov:================================>  92%]
[Progress:=========>                    33%] [Cov:================================>  92%]
[Progress:=========>                    33%] [Cov:================================>  92%]
[Progress:=========>                    33%] [Cov:================================>  92%]
[Progress:=========>                    33%] [Cov:================================>  92%]
[Progress:=========>                    33%] [Cov:================================>  92%]
[Progress:=========>                    33%] [Cov:================================>  92%]
[Progress:=========>                    33%] [Cov:================================>  92%]
[Progress:=========>                    33%] [Cov:================================>  92%]
[Progress:=========>                    33%] [Cov:================================>  92%]
[Progress:=========>                    33%] [Cov:================================>  92%]
[Progress:=========>                    33%] [Cov:================================>  92%]
[Progress:=========>                    33%] [Cov:================================>  92%]
[Progress:=========>                    33%] [Cov:================================>  92%]
[Progress:=========>                    33%] [Cov:================================>  92%]
[Progress:=========>                    33%] [Cov:================================>  92%]
[Progress:=========>                    33%] [Cov:================================>  92%]
[Progress:=========>                    33%] [Cov:================================>  92%]
[Progress:=========>                    33%] [Cov:================================>  92%]
[Progress:=========>                    33%] [Cov:================================>  92%]
[Progress:==========>                   35%] [Cov:================================>  92%]
[Progress:==========>                   35%] [Cov:================================>  92%]
[Progress:==========>                   35%] [Cov:================================>  92%]
[Progress:==========>                   35%] [Cov:================================>  92%]
[Progress:==========>                   35%] [Cov:================================>  92%]
[Progress:==========>                   35%] [Cov:================================>  92%]
[Progress:==========>                   35%] [Cov:================================>  92%]
[Progress:==========>                   35%] [Cov:================================>  92%]
[Progress:==========>                   35%] [Cov:================================>  92%]
[Progress:==========>                   35%] [Cov:================================>  92%]
[Progress:==========>                   35%] [Cov:================================>  92%]
[Progress:==========>                   35%] [Cov:================================>  92%]
[Progress:==========>                   35%] [Cov:================================>  92%]
[Progress:==========>                   35%] [Cov:================================>  92%]
[Progress:==========>                   35%] [Cov:================================>  92%]
[Progress:==========>                   35%] [Cov:================================>  92%]
[Progress:==========>                   35%] [Cov:================================>  92%]
[Progress:==========>                   35%] [Cov:================================>  92%]
[Progress:==========>                   35%] [Cov:================================>  92%]
[Progress:==========>                   35%] [Cov:================================>  92%]
[Progress:==========>                   35%] [Cov:================================>  92%]
[Progress:==========>                   35%] [Cov:================================>  92%]
[Progress:==========>                   35%] [Cov:================================>  92%]
[Progress:==========>                   35%] [Cov:================================>  92%]
[Progress:==========>                   35%] [Cov:================================>  92%]
[Progress:==========>                   35%] [Cov:================================>  92%]
[Progress:==========>                   36%] [Cov:================================>  92%]
[Progress:==========>                   36%] [Cov:================================>  92%]
[Progress:==========>                   36%] [Cov:================================>  92%]
[Progress:==========>                   36%] [Cov:================================>  92%]
[Progress:==========>                   36%] [Cov:================================>  92%]
[Progress:=============>                45%] [Cov:================================>  92%]
[Progress:=============>                45%] [Cov:================================>  92%]
[Progress:=============>                45%] [Cov:================================>  92%]
[Progress:=============>                45%] [Cov:================================>  92%]
[Progress:=============>                45%] [Cov:================================>  92%]
[Progress:=============>                45%] [Cov:================================>  92%]
[Progress:=============>                45%] [Cov:================================>  92%]
[Progress:=============>                45%] [Cov:================================>  92%]
[Progress:=============>                45%] [Cov:================================>  92%]
[Progress:=============>                45%] [Cov:================================>  92%]
[Progress:=============>                45%] [Cov:================================>  92%]
[Progress:=============>                45%] [Cov:================================>  92%]
[Progress:=============>                45%] [Cov:================================>  92%]
[Progress:=============>                45%] [Cov:================================>  92%]
[Progress:=============>                46%] [Cov:================================>  92%]
[Progress:=============>                46%] [Cov:================================>  92%]
[Progress:=============>                46%] [Cov:================================>  92%]
[Progress:=============>                46%] [Cov:================================>  92%]
[Progress:=============>                46%] [Cov:================================>  92%]
[Progress:=============>                46%] [Cov:================================>  92%]
[Progress:=============>                46%] [Cov:================================>  92%]
[Progress:=============>                46%] [Cov:================================>  92%]
[Progress:=============>                46%] [Cov:================================>  92%]
[Progress:=============>                46%] [Cov:================================>  92%]
[Progress:=============>                46%] [Cov:================================>  92%]
[Progress:=============>                46%] [Cov:================================>  92%]
[Progress:=============>                46%] [Cov:================================>  92%]
[Progress:=============>                46%] [Cov:================================>  92%]
[Progress:=============>                46%] [Cov:================================>  92%]
[Progress:=============>                46%] [Cov:================================>  92%]
[Progress:=============>                46%] [Cov:================================>  92%]
[Progress:=============>                46%] [Cov:================================>  92%]
[Progress:=============>                46%] [Cov:================================>  92%]
[Progress:==============>               48%] [Cov:================================>  92%]
[Progress:==============>               48%] [Cov:================================>  92%]
[Progress:================>             56%] [Cov:================================>  92%]
[Progress:================>             56%] [Cov:================================>  92%]
[Progress:================>             56%] [Cov:================================>  92%]
[Progress:================>             56%] [Cov:================================>  92%]
[Progress:================>             56%] [Cov:================================>  92%]
[Progress:================>             56%] [Cov:================================>  92%]
[Progress:================>             56%] [Cov:================================>  92%]
[Progress:================>             56%] [Cov:================================>  92%]
[Progress:================>             56%] [Cov:================================>  92%]
[Progress:================>             56%] [Cov:================================>  92%]
[Progress:================>             56%] [Cov:================================>  92%]
[Progress:================>             56%] [Cov:================================>  92%]
[Progress:================>             56%] [Cov:================================>  92%]
[Progress:=================>            58%] [Cov:================================>  92%]
[Progress:=================>            58%] [Cov:================================>  92%]
[Progress:=================>            58%] [Cov:================================>  92%]
[Progress:=================>            58%] [Cov:================================>  92%]
[Progress:=================>            58%] [Cov:================================>  92%]
[Progress:=================>            58%] [Cov:================================>  92%]
[Progress:=================>            58%] [Cov:================================>  92%]
[Progress:=================>            58%] [Cov:================================>  92%]
[Progress:=================>            58%] [Cov:================================>  92%]
[Progress:=================>            58%] [Cov:================================>  92%]
[Progress:=================>            58%] [Cov:================================>  92%]
[Progress:=================>            58%] [Cov:================================>  92%]
[Progress:=================>            58%] [Cov:================================>  92%]
[Progress:=================>            58%] [Cov:================================>  92%]
[Progress:=================>            58%] [Cov:================================>  92%]
[Progress:=================>            58%] [Cov:================================>  92%]
[Progress:=================>            58%] [Cov:================================>  92%]
[Progress:=================>            58%] [Cov:================================>  92%]
[Progress:=================>            58%] [Cov:================================>  92%]
[Progress:==================>           60%] [Cov:================================>  92%]
[Progress:==================>           60%] [Cov:================================>  92%]
[Progress:==================>           60%] [Cov:================================>  92%]
[Progress:==================>           60%] [Cov:================================>  92%]
[Progress:==================>           60%] [Cov:================================>  92%]
[Progress:==================>           60%] [Cov:================================>  92%]
[Progress:==================>           60%] [Cov:================================>  92%]
[Progress:==================>           60%] [Cov:================================>  92%]
[Progress:==================>           60%] [Cov:================================>  92%]
[Progress:==================>           60%] [Cov:================================>  92%]
[Progress:==================>           60%] [Cov:================================>  92%]
[Progress:==================>           60%] [Cov:================================>  92%]
[Progress:==================>           60%] [Cov:================================>  92%]
[Progress:==================>           60%] [Cov:================================>  92%]
[Progress:==================>           60%] [Cov:================================>  92%]
[Progress:==================>           60%] [Cov:================================>  92%]
[Progress:==================>           61%] [Cov:================================>  92%]
[Progress:==================>           61%] [Cov:================================>  92%]
[Progress:=====================>        70%] [Cov:================================>  92%]
[Progress:=====================>        70%] [Cov:================================>  92%]
[Progress:=====================>        70%] [Cov:================================>  92%]
[Progress:=====================>        70%] [Cov:================================>  92%]
[Progress:=====================>        70%] [Cov:================================>  92%]
[Progress:=====================>        70%] [Cov:================================>  92%]
[Progress:=====================>        70%] [Cov:================================>  92%]
[Progress:=====================>        70%] [Cov:================================>  92%]
[Progress:=====================>        70%] [Cov:================================>  92%]
[Progress:=====================>        70%] [Cov:================================>  92%]
[Progress:=====================>        70%] [Cov:================================>  92%]
[Progress:=====================>        70%] [Cov:================================>  92%]
[Progress:=====================>        71%] [Cov:================================>  92%]
[Progress:=====================>        71%] [Cov:================================>  92%]
[Progress:=====================>        71%] [Cov:================================>  92%]
[Progress:=====================>        71%] [Cov:================================>  92%]
[Progress:=====================>        71%] [Cov:================================>  92%]
[Progress:=====================>        71%] [Cov:================================>  92%]
[Progress:=====================>        71%] [Cov:================================>  92%]
[Progress:=====================>        71%] [Cov:================================>  92%]
[Progress:=====================>        71%] [Cov:================================>  92%]
[Progress:=====================>        71%] [Cov:================================>  92%]
[Progress:=====================>        71%] [Cov:================================>  92%]
[Progress:=====================>        71%] [Cov:================================>  92%]
[Progress:=====================>        71%] [Cov:================================>  92%]
[Progress:=====================>        71%] [Cov:================================>  92%]
[Progress:=====================>        71%] [Cov:================================>  92%]
[Progress:=====================>        71%] [Cov:================================>  92%]
[Progress:========================>     80%] [Cov:================================>  92%]
[Progress:========================>     80%] [Cov:================================>  92%]
[Progress:========================>     80%] [Cov:================================>  92%]
[Progress:========================>     81%] [Cov:================================>  92%]
[Progress:========================>     81%] [Cov:================================>  92%]
[Progress:========================>     81%] [Cov:================================>  92%]
[Progress:========================>     81%] [Cov:================================>  92%]
[Progress:========================>     81%] [Cov:================================>  92%]
[Progress:========================>     81%] [Cov:================================>  92%]
[Progress:========================>     81%] [Cov:================================>  92%]
[Progress:========================>     81%] [Cov:================================>  92%]
[Progress:========================>     81%] [Cov:================================>  92%]
[Progress:========================>     81%] [Cov:================================>  92%]
[Progress:========================>     81%] [Cov:================================>  92%]
[Progress:========================>     81%] [Cov:================================>  92%]
[Progress:========================>     81%] [Cov:================================>  92%]
[Progress:========================>     81%] [Cov:================================>  92%]
[Progress:========================>     81%] [Cov:================================>  92%]
[Progress:========================>     81%] [Cov:================================>  92%]
[Progress:========================>     81%] [Cov:================================>  92%]
[Progress:========================>     81%] [Cov:================================>  92%]
[Progress:========================>     81%] [Cov:================================>  92%]
[Progress:========================>     83%] [Cov:================================>  92%]
[Progress:========================>     83%] [Cov:================================>  92%]
[Progress:========================>     83%] [Cov:================================>  92%]
[Progress:========================>     83%] [Cov:================================>  92%]
[Progress:========================>     83%] [Cov:================================>  92%]
[Progress:========================>     83%] [Cov:================================>  92%]
[Progress:========================>     83%] [Cov:================================>  92%]
[Progress:========================>     83%] [Cov:================================>  92%]
[Progress:========================>     83%] [Cov:================================>  92%]
[Progress:=========================>    85%] [Cov:================================>  92%]
[Progress:=========================>    85%] [Cov:================================>  92%]
[Progress:=========================>    85%] [Cov:================================>  92%]
[Progress:===========================>  93%] [Cov:================================>  92%]
[Progress:===========================>  93%] [Cov:================================>  92%]
[Progress:===========================>  93%] [Cov:================================>  92%]
[Progress:===========================>  93%] [Cov:================================>  92%]
[Progress:===========================>  93%] [Cov:================================>  92%]
[Progress:===========================>  93%] [Cov:================================>  92%]
[Progress:===========================>  93%] [Cov:================================>  92%]
[Progress:===========================>  93%] [Cov:================================>  92%]
[Progress:===========================>  93%] [Cov:================================>  92%]
[Progress:===========================>  93%] [Cov:================================>  92%]
[Progress:===========================>  93%] [Cov:================================>  92%]
[Progress:===========================>  93%] [Cov:================================>  92%]
[Progress:===========================>  93%] [Cov:================================>  92%]
[Progress:===========================>  93%] [Cov:================================>  92%]
[Progress:============================> 95%] [Cov:================================>  92%]
[Progress:============================> 95%] [Cov:================================>  92%]
[Progress:============================> 95%] [Cov:================================>  92%]
[Progress:============================> 95%] [Cov:================================>  92%]
[Progress:============================> 95%] [Cov:================================>  92%]
[Progress:============================> 95%] [Cov:================================>  92%]
[Progress:============================> 95%] [Cov:================================>  92%]
[Progress:============================> 95%] [Cov:================================>  92%]
[Progress:============================> 95%] [Cov:================================>  92%]
[Progress:============================> 95%] [Cov:================================>  92%]
[Progress:============================> 95%] [Cov:================================>  92%]
[Progress:============================> 95%] [Cov:================================>  92%]
[Progress:============================> 95%] [Cov:================================>  92%]
[Progress:============================> 95%] [Cov:================================>  92%]
[Progress:============================> 95%] [Cov:================================>  92%]
[Progress:============================> 95%] [Cov:================================>  92%]
[Progress:============================> 95%] [Cov:================================>  92%]
[Progress:============================> 95%] [Cov:================================>  92%]
[Progress:============================> 95%] [Cov:================================>  92%]
[Progress:============================> 95%] [Cov:================================>  92%]
[Progress:============================> 95%] [Cov:================================>  92%]
[Progress:============================> 95%] [Cov:================================>  92%]
[Progress:============================> 96%] [Cov:================================>  92%]
[Progress:============================> 96%] [Cov:================================>  92%]
[Progress:============================> 96%] [Cov:================================>  92%]
[Progress:============================> 96%] [Cov:================================>  92%]
[Progress:============================> 96%] [Cov:================================>  92%]
[Progress:============================> 96%] [Cov:================================>  92%]
[Progress:============================> 96%] [Cov:================================>  92%]
[Progress:============================> 96%] [Cov:================================>  92%]
[Progress:============================> 96%] [Cov:================================>  92%]
[Progress:============================> 96%] [Cov:================================>  92%]
[Progress:==============================100%] [Cov:================================>  92%]
[Progress:==============================100%] [Cov:================================>  92%]
* Search finished after 63s and 334 generations, 79207 statements, best individual has fitness: 1.8611111111111112
* Minimizing test suite
* Going to analyze the coverage criteria
* Coverage analysis for criterion LINE
* Coverage of criterion LINE: 86%
* Total number of goals: 21
* Number of covered goals: 18
* Coverage analysis for criterion BRANCH
* Coverage of criterion BRANCH: 91%
* Total number of goals: 11
* Number of covered goals: 10
* Coverage analysis for criterion EXCEPTION
* Coverage of criterion EXCEPTION: 100%
* Total number of goals: 8
* Number of covered goals: 8
* Generated 12 tests with total length 28
* Resulting test suite's coverage: 92% (average coverage for all fitness functions)
* Generating assertions
* Resulting test suite's mutation score: 55%
* Compiling and checking tests
[MASTER] 17:54:21.942 [logback-1] WARN  JUnitAnalyzer - Found unstable test named test0 -> class java.lang.OutOfMemoryError: Java heap space
[MASTER] 17:54:21.942 [logback-1] WARN  JUnitAnalyzer - Failing test:
 CaseInsensitiveMap caseInsensitiveMap0 = new CaseInsensitiveMap(1073741824);

[MASTER] 17:54:22.406 [logback-1] WARN  JUnitAnalyzer - Found unstable test named test0 -> class java.lang.OutOfMemoryError: Java heap space
[MASTER] 17:54:22.406 [logback-1] WARN  JUnitAnalyzer - Failing test:
 CaseInsensitiveMap caseInsensitiveMap0 = new CaseInsensitiveMap(1073741824, 1073741824);

[MASTER] 17:54:22.934 [logback-1] WARN  JUnitAnalyzer - Found unstable test named test0 -> class java.lang.OutOfMemoryError: Java heap space
[MASTER] 17:54:22.934 [logback-1] WARN  JUnitAnalyzer - Failing test:
 CaseInsensitiveMap caseInsensitiveMap0 = new CaseInsensitiveMap();
caseInsensitiveMap0.loadFactor = 0.0F;
caseInsensitiveMap0.put(caseInsensitiveMap0, caseInsensitiveMap0);
caseInsensitiveMap0.clone();

* Permissions denied during test execution: 
  - java.lang.RuntimePermission: 
         writeFileDescriptor: 5
* Writing tests to file
* Writing JUnit test case 'CaseInsensitiveMap_ESTest' to /work/evo_out/Collections_14f/budget60_seed1/tests
* Done!

* Computation finished

[exit=0 timeout=False time=86.5s]

$ javac -nowarn -cp /work/Collections_14f/build/classes:/opt/defects4j/framework/projects/lib/junit-4.12-hamcrest-1.3.jar:/work/Collections_14f/build/classes:/work/Collections_14f/build/tests:/opt/defects4j/framework/projects/Collections/lib/easymock-2.0.jar:/opt/evosuite/evosuite-standalone-runtime-1.2.0.jar -d /work/evo_out/Collections_14f/budget60_seed1/classes /work/evo_out/Collections_14f/budget60_seed1/tests/org/apache/commons/collections/map/CaseInsensitiveMap_ESTest.java /work/evo_out/Collections_14f/budget60_seed1/tests/org/apache/commons/collections/map/CaseInsensitiveMap_ESTest_scaffolding.java
Note: /work/evo_out/Collections_14f/budget60_seed1/tests/org/apache/commons/collections/map/CaseInsensitiveMap_ESTest.java uses unchecked or unsafe operations.
Note: Recompile with -Xlint:unchecked for details.

[exit=0 timeout=False time=0.6s]

$ java -jar /opt/jacoco/lib/jacococli.jar instrument /work/Collections_14f/build/classes --dest /work/evo_out/Collections_14f/budget60_seed1/instrumented
[INFO] 458 classes instrumented to /work/evo_out/Collections_14f/budget60_seed1/instrumented.

[exit=0 timeout=False time=0.4s]

$ java -Djacoco-agent.destfile=/workspace/EvoSuite/Result_Round1/Collections_14/budget60_seed1/jacoco.exec -cp /work/evo_out/Collections_14f/budget60_seed1/instrumented:/work/evo_out/Collections_14f/budget60_seed1/classes:/opt/defects4j/framework/projects/lib/junit-4.12-hamcrest-1.3.jar:/work/Collections_14f/build/classes:/work/Collections_14f/build/tests:/opt/defects4j/framework/projects/Collections/lib/easymock-2.0.jar:/opt/evosuite/evosuite-standalone-runtime-1.2.0.jar:/opt/jacoco/lib/jacocoagent.jar org.junit.runner.JUnitCore org.apache.commons.collections.map.CaseInsensitiveMap_ESTest
JUnit version 4.12
.........
Time: 0.633

OK (9 tests)

SLF4J: Failed to load class "org.slf4j.impl.StaticLoggerBinder".
SLF4J: Defaulting to no-operation (NOP) logger implementation
SLF4J: See http://www.slf4j.org/codes.html#StaticLoggerBinder for further details.
WARNING: An illegal reflective access operation has occurred
WARNING: Illegal reflective access by org.evosuite.runtime.GuiSupport (file:/opt/evosuite/evosuite-standalone-runtime-1.2.0.jar) to field java.awt.GraphicsEnvironment.headless
WARNING: Please consider reporting this to the maintainers of org.evosuite.runtime.GuiSupport
WARNING: Use --illegal-access=warn to enable warnings of further illegal reflective access operations
WARNING: All illegal access operations will be denied in a future release

[exit=0 timeout=False time=0.9s]

$ java -jar /opt/jacoco/lib/jacococli.jar report /workspace/EvoSuite/Result_Round1/Collections_14/budget60_seed1/jacoco.exec --classfiles /work/Collections_14f/build/classes --csv /workspace/EvoSuite/Result_Round1/Collections_14/budget60_seed1/jacoco.csv
[INFO] Loading execution data file /workspace/EvoSuite/Result_Round1/Collections_14/budget60_seed1/jacoco.exec.
[INFO] Analyzing 420 classes.

[exit=0 timeout=False time=0.4s]

$ java -cp /work/evo_out/Collections_14f/budget60_seed1/classes:/opt/defects4j/framework/projects/lib/junit-4.12-hamcrest-1.3.jar:/work/Collections_14b/build/classes:/work/Collections_14b/build/tests:/opt/defects4j/framework/projects/Collections/lib/easymock-2.0.jar:/opt/evosuite/evosuite-standalone-runtime-1.2.0.jar org.junit.runner.JUnitCore org.apache.commons.collections.map.CaseInsensitiveMap_ESTest
JUnit version 4.12
.........
Time: 0.608

OK (9 tests)

SLF4J: Failed to load class "org.slf4j.impl.StaticLoggerBinder".
SLF4J: Defaulting to no-operation (NOP) logger implementation
SLF4J: See http://www.slf4j.org/codes.html#StaticLoggerBinder for further details.
WARNING: An illegal reflective access operation has occurred
WARNING: Illegal reflective access by org.evosuite.runtime.GuiSupport (file:/opt/evosuite/evosuite-standalone-runtime-1.2.0.jar) to field java.awt.GraphicsEnvironment.headless
WARNING: Please consider reporting this to the maintainers of org.evosuite.runtime.GuiSupport
WARNING: Use --illegal-access=warn to enable warnings of further illegal reflective access operations
WARNING: All illegal access operations will be denied in a future release

[exit=0 timeout=False time=0.8s]
