
$ defects4j checkout -p Lang -v 42f -w /work/Lang_42f
Checking out c0683957 to /work/Lang_42f.................................... OK
Init local repository...................................................... OK
Tag post-fix revision...................................................... OK
Apply patch................................................................ OK
Apply patch................................................................ OK
Apply patch................................................................ OK
Apply patch................................................................ OK
Rename enum package in src................................................. OK
Move enum package in src................................................... OK
Rename enum package in test................................................ OK
Move enum package in test.................................................. OK
Run post-checkout hook..................................................... OK
Excluding broken/flaky tests............................................... OK
Excluding broken/flaky tests............................................... OK
Excluding broken/flaky tests............................................... OK
Backing up build file: /work/Lang_42f/default.properties................... OK
Initialize fixed program version........................................... OK
Apply patch................................................................ OK
Initialize buggy program version........................................... OK
Diff c0683957:00fee20e..................................................... OK
Apply patch................................................................ OK
Tag pre-fix revision....................................................... OK
Check out program version: Lang-42f........................................ OK

[exit=0 timeout=False time=3.7s]

$ defects4j compile -w /work/Lang_42f
Running ant (compile)...................................................... OK
Running ant (compile.tests)................................................ OK

[exit=0 timeout=False time=6.8s]

$ defects4j checkout -p Lang -v 42b -w /work/Lang_42b
Checking out c0683957 to /work/Lang_42b.................................... OK
Init local repository...................................................... OK
Tag post-fix revision...................................................... OK
Apply patch................................................................ OK
Apply patch................................................................ OK
Apply patch................................................................ OK
Apply patch................................................................ OK
Rename enum package in src................................................. OK
Move enum package in src................................................... OK
Rename enum package in test................................................ OK
Move enum package in test.................................................. OK
Run post-checkout hook..................................................... OK
Excluding broken/flaky tests............................................... OK
Excluding broken/flaky tests............................................... OK
Excluding broken/flaky tests............................................... OK
Backing up build file: /work/Lang_42b/default.properties................... OK
Initialize fixed program version........................................... OK
Apply patch................................................................ OK
Initialize buggy program version........................................... OK
Diff c0683957:00fee20e..................................................... OK
Apply patch................................................................ OK
Tag pre-fix revision....................................................... OK
Check out program version: Lang-42b........................................ OK

[exit=0 timeout=False time=3.7s]

$ defects4j compile -w /work/Lang_42b
Running ant (compile)...................................................... OK
Running ant (compile.tests)................................................ OK

[exit=0 timeout=False time=6.8s]

$ java -jar /opt/evosuite/evosuite-1.2.0.jar -generateSuite -class org.apache.commons.lang.Entities -projectCP /work/Lang_42f/target/classes:/work/Lang_42f/target/classes -Dcriterion=LINE:BRANCH:EXCEPTION -Dsearch_budget=60 -seed 1 -Dtest_dir=/work/evo_out/Lang_42f/budget60_seed1/tests -Dreport_dir=/work/evo_out/Lang_42f/budget60_seed1/report
* EvoSuite 1.2.0
* Going to generate test cases for class: org.apache.commons.lang.Entities
* Starting Client-0
* Connecting to master process on port 9922
* Analyzing classpath: 
  - /work/Lang_42f/target/classes
  - /work/Lang_42f/target/classes
* Finished analyzing classpath
* Generating tests for class org.apache.commons.lang.Entities
* Test criteria:
  - Line Coverage
  - Branch Coverage
  - Exception
* Setting up search algorithm for whole suite generation
* Total number of test goals: 
  - Line 201
  - Branch 93
  - Exception 0

[Progress:>                             0%] [Cov:>                                  0%]* Using seed 1
* Starting evolution

[Progress:>                             0%] [Cov:========>                          24%]
[Progress:>                             0%] [Cov:==============>                    42%]
[Progress:>                             0%] [Cov:==========================>        76%]
[Progress:>                             1%] [Cov:===>                               11%]
[Progress:>                             1%] [Cov:=======>                           21%]
[Progress:>                             1%] [Cov:==================>                54%]
[Progress:>                             1%] [Cov:=====================>             60%]
[Progress:>                             1%] [Cov:========================>          71%]
[Progress:>                             1%] [Cov:=========================>         72%]
[Progress:>                             3%] [Cov:===============>                   44%]
[Progress:>                             3%] [Cov:==================>                53%]
[Progress:>                             3%] [Cov:===================>               56%]
[Progress:>                             3%] [Cov:======================>            63%]
[Progress:>                             3%] [Cov:==========================>        76%]
[Progress:>                             3%] [Cov:==============================>    86%]
[Progress:>                             3%] [Cov:==============================>    87%]
[Progress:>                             3%] [Cov:==============================>    87%]
[Progress:=>                            5%] [Cov:==============================>    87%]
[Progress:=>                            5%] [Cov:==============================>    87%]
[Progress:=>                            5%] [Cov:==============================>    87%]
[Progress:=>                            5%] [Cov:==============================>    87%]
[Progress:=>                            5%] [Cov:==============================>    87%]
[Progress:=>                            5%] [Cov:==============================>    87%]
[Progress:=>                            6%] [Cov:==============================>    87%]
[Progress:=>                            6%] [Cov:==============================>    87%]
[Progress:=>                            6%] [Cov:==============================>    87%]
[Progress:=>                            6%] [Cov:==============================>    87%]
[Progress:=>                            6%] [Cov:==============================>    87%]
[Progress:=>                            6%] [Cov:==============================>    87%]
[Progress:=>                            6%] [Cov:==============================>    87%]
[Progress:==>                           8%] [Cov:==============================>    87%]
[Progress:==>                           8%] [Cov:==============================>    87%]
[Progress:==>                           8%] [Cov:==============================>    87%]
[Progress:==>                           8%] [Cov:==============================>    87%]
[Progress:==>                           8%] [Cov:==============================>    87%]
[Progress:==>                           8%] [Cov:==============================>    87%]
[Progress:===>                          10%] [Cov:==============================>    87%]
[Progress:===>                          10%] [Cov:==============================>    87%]
[Progress:===>                          10%] [Cov:==============================>    87%]
[Progress:===>                          10%] [Cov:==============================>    87%]
[Progress:===>                          10%] [Cov:==============================>    87%]
[Progress:===>                          11%] [Cov:==============================>    87%]
[Progress:===>                          11%] [Cov:==============================>    87%]
[Progress:===>                          11%] [Cov:==============================>    87%]
[Progress:===>                          11%] [Cov:==============================>    87%]
[Progress:===>                          11%] [Cov:==============================>    87%]
[Progress:===>                          11%] [Cov:==============================>    88%]
[Progress:===>                          11%] [Cov:==============================>    88%]
[Progress:===>                          13%] [Cov:==============================>    88%]
[Progress:===>                          13%] [Cov:==============================>    88%]
[Progress:===>                          13%] [Cov:==============================>    88%]
[Progress:===>                          13%] [Cov:==============================>    88%]
[Progress:===>                          13%] [Cov:==============================>    88%]
[Progress:===>                          13%] [Cov:==============================>    88%]
[Progress:====>                         15%] [Cov:==============================>    88%]
[Progress:====>                         15%] [Cov:===============================>   89%]
[Progress:====>                         15%] [Cov:===============================>   89%]
[Progress:====>                         15%] [Cov:===============================>   89%]
[Progress:====>                         15%] [Cov:===============================>   89%]
[Progress:====>                         15%] [Cov:===============================>   89%]
[Progress:====>                         16%] [Cov:===============================>   89%]
[Progress:====>                         16%] [Cov:===============================>   89%]
[Progress:====>                         16%] [Cov:===============================>   89%]
[Progress:====>                         16%] [Cov:===============================>   89%]
[Progress:====>                         16%] [Cov:===============================>   89%]
[Progress:====>                         16%] [Cov:===============================>   89%]
[Progress:=====>                        18%] [Cov:===============================>   89%]
[Progress:=====>                        18%] [Cov:===============================>   89%]
[Progress:=====>                        18%] [Cov:===============================>   89%]
[Progress:=====>                        18%] [Cov:===============================>   89%]
[Progress:=====>                        18%] [Cov:===============================>   89%]
[Progress:======>                       20%] [Cov:===============================>   89%]
[Progress:======>                       20%] [Cov:===============================>   89%]
[Progress:======>                       20%] [Cov:===============================>   89%]
[Progress:======>                       20%] [Cov:===============================>   89%]
[Progress:======>                       21%] [Cov:===============================>   89%]
[Progress:======>                       21%] [Cov:===============================>   89%]
[Progress:======>                       21%] [Cov:===============================>   89%]
[Progress:======>                       21%] [Cov:===============================>   89%]
[Progress:======>                       21%] [Cov:===============================>   89%]
[Progress:======>                       23%] [Cov:===============================>   89%]
[Progress:======>                       23%] [Cov:===============================>   89%]
[Progress:======>                       23%] [Cov:===============================>   89%]
[Progress:======>                       23%] [Cov:===============================>   89%]
[Progress:=======>                      25%] [Cov:===============================>   89%]
[Progress:=======>                      25%] [Cov:===============================>   89%]
[Progress:=======>                      25%] [Cov:===============================>   89%]
[Progress:=======>                      25%] [Cov:===============================>   89%]
[Progress:=======>                      25%] [Cov:===============================>   89%]
[Progress:=======>                      26%] [Cov:===============================>   89%]
[Progress:=======>                      26%] [Cov:===============================>   89%]
[Progress:=======>                      26%] [Cov:===============================>   89%]
[Progress:=======>                      26%] [Cov:===============================>   89%]
[Progress:=======>                      26%] [Cov:===============================>   89%]
[Progress:=======>                      26%] [Cov:===============================>   89%]
[Progress:========>                     28%] [Cov:===============================>   89%]
[Progress:========>                     28%] [Cov:===============================>   89%]
[Progress:========>                     28%] [Cov:===============================>   89%]
[Progress:========>                     28%] [Cov:===============================>   89%]
[Progress:========>                     28%] [Cov:===============================>   89%]
[Progress:=========>                    30%] [Cov:===============================>   89%]
[Progress:=========>                    30%] [Cov:===============================>   89%]
[Progress:=========>                    30%] [Cov:===============================>   89%]
[Progress:=========>                    30%] [Cov:===============================>   89%]
[Progress:=========>                    30%] [Cov:===============================>   89%]
[Progress:=========>                    31%] [Cov:===============================>   89%]
[Progress:=========>                    31%] [Cov:===============================>   89%]
[Progress:=========>                    31%] [Cov:===============================>   89%]
[Progress:=========>                    31%] [Cov:===============================>   89%]
[Progress:=========>                    31%] [Cov:===============================>   89%]
[Progress:=========>                    33%] [Cov:===============================>   89%]
[Progress:=========>                    33%] [Cov:===============================>   89%]
[Progress:=========>                    33%] [Cov:===============================>   89%]
[Progress:=========>                    33%] [Cov:===============================>   89%]
[Progress:=========>                    33%] [Cov:===============================>   89%]
[Progress:==========>                   35%] [Cov:===============================>   89%]
[Progress:==========>                   35%] [Cov:===============================>   89%]
[Progress:==========>                   35%] [Cov:===============================>   89%]
[Progress:==========>                   35%] [Cov:===============================>   89%]
[Progress:==========>                   35%] [Cov:===============================>   89%]
[Progress:==========>                   36%] [Cov:===============================>   89%]
[Progress:==========>                   36%] [Cov:===============================>   89%]
[Progress:==========>                   36%] [Cov:===============================>   89%]
[Progress:==========>                   36%] [Cov:===============================>   89%]
[Progress:==========>                   36%] [Cov:===============================>   89%]
[Progress:==========>                   36%] [Cov:===============================>   89%]
[Progress:===========>                  38%] [Cov:===============================>   89%]
[Progress:===========>                  38%] [Cov:===============================>   89%]
[Progress:===========>                  38%] [Cov:===============================>   89%]
[Progress:===========>                  38%] [Cov:===============================>   89%]
[Progress:===========>                  38%] [Cov:===============================>   89%]
[Progress:===========>                  38%] [Cov:===============================>   89%]
[Progress:============>                 40%] [Cov:===============================>   89%]
[Progress:============>                 40%] [Cov:===============================>   89%]
[Progress:============>                 40%] [Cov:===============================>   89%]
[Progress:============>                 40%] [Cov:===============================>   89%]
[Progress:============>                 40%] [Cov:===============================>   89%]
[Progress:============>                 40%] [Cov:===============================>   89%]
[Progress:============>                 41%] [Cov:===============================>   89%]
[Progress:============>                 41%] [Cov:===============================>   89%]
[Progress:============>                 41%] [Cov:===============================>   89%]
[Progress:============>                 41%] [Cov:===============================>   89%]
[Progress:============>                 41%] [Cov:===============================>   89%]
[Progress:============>                 41%] [Cov:===============================>   89%]
[Progress:============>                 43%] [Cov:===============================>   89%]
[Progress:============>                 43%] [Cov:===============================>   89%]
[Progress:============>                 43%] [Cov:===============================>   89%]
[Progress:============>                 43%] [Cov:===============================>   89%]
[Progress:============>                 43%] [Cov:===============================>   89%]
[Progress:============>                 43%] [Cov:===============================>   89%]
[Progress:=============>                45%] [Cov:===============================>   89%]
[Progress:=============>                45%] [Cov:===============================>   89%]
[Progress:=============>                45%] [Cov:===============================>   89%]
[Progress:=============>                45%] [Cov:===============================>   89%]
[Progress:=============>                45%] [Cov:===============================>   89%]
[Progress:=============>                45%] [Cov:===============================>   89%]
[Progress:=============>                46%] [Cov:===============================>   89%]
[Progress:=============>                46%] [Cov:===============================>   89%]
[Progress:=============>                46%] [Cov:===============================>   89%]
[Progress:=============>                46%] [Cov:===============================>   89%]
[Progress:=============>                46%] [Cov:===============================>   89%]
[Progress:=============>                46%] [Cov:===============================>   89%]
[Progress:=============>                46%] [Cov:===============================>   89%]
[Progress:=============>                46%] [Cov:===============================>   89%]
[Progress:==============>               48%] [Cov:===============================>   89%]
[Progress:==============>               48%] [Cov:===============================>   89%]
[Progress:==============>               48%] [Cov:===============================>   89%]
[Progress:==============>               48%] [Cov:===============================>   89%]
[Progress:==============>               48%] [Cov:===============================>   89%]
[Progress:==============>               48%] [Cov:===============================>   89%]
[Progress:==============>               48%] [Cov:===============================>   89%]
[Progress:===============>              50%] [Cov:===============================>   89%]
[Progress:===============>              50%] [Cov:===============================>   89%]
[Progress:===============>              50%] [Cov:===============================>   89%]
[Progress:===============>              50%] [Cov:===============================>   89%]
[Progress:===============>              50%] [Cov:===============================>   89%]
[Progress:===============>              50%] [Cov:===============================>   89%]
[Progress:===============>              50%] [Cov:===============================>   89%]
[Progress:===============>              50%] [Cov:===============================>   89%]
[Progress:===============>              51%] [Cov:===============================>   89%]
[Progress:===============>              51%] [Cov:===============================>   89%]
[Progress:===============>              51%] [Cov:===============================>   89%]
[Progress:===============>              51%] [Cov:===============================>   89%]
[Progress:===============>              51%] [Cov:===============================>   89%]
[Progress:===============>              51%] [Cov:===============================>   89%]
[Progress:===============>              51%] [Cov:===============================>   89%]
[Progress:===============>              51%] [Cov:===============================>   89%]
[Progress:===============>              51%] [Cov:===============================>   89%]
[Progress:===============>              53%] [Cov:===============================>   89%]
[Progress:===============>              53%] [Cov:===============================>   89%]
[Progress:===============>              53%] [Cov:===============================>   89%]
[Progress:===============>              53%] [Cov:===============================>   89%]
[Progress:===============>              53%] [Cov:===============================>   89%]
[Progress:===============>              53%] [Cov:===============================>   89%]
[Progress:===============>              53%] [Cov:===============================>   89%]
[Progress:===============>              53%] [Cov:===============================>   89%]
[Progress:===============>              53%] [Cov:===============================>   89%]
[Progress:================>             55%] [Cov:===============================>   89%]
[Progress:================>             55%] [Cov:===============================>   89%]
[Progress:================>             55%] [Cov:===============================>   89%]
[Progress:================>             55%] [Cov:===============================>   89%]
[Progress:================>             55%] [Cov:===============================>   89%]
[Progress:================>             55%] [Cov:===============================>   89%]
[Progress:================>             55%] [Cov:===============================>   89%]
[Progress:================>             55%] [Cov:===============================>   89%]
[Progress:================>             56%] [Cov:===============================>   89%]
[Progress:================>             56%] [Cov:===============================>   89%]
[Progress:================>             56%] [Cov:===============================>   89%]
[Progress:================>             56%] [Cov:===============================>   89%]
[Progress:================>             56%] [Cov:===============================>   89%]
[Progress:================>             56%] [Cov:===============================>   89%]
[Progress:================>             56%] [Cov:===============================>   89%]
[Progress:================>             56%] [Cov:===============================>   89%]
[Progress:================>             56%] [Cov:===============================>   89%]
[Progress:=================>            58%] [Cov:===============================>   89%]
[Progress:=================>            58%] [Cov:===============================>   89%]
[Progress:=================>            58%] [Cov:===============================>   89%]
[Progress:=================>            58%] [Cov:===============================>   89%]
[Progress:=================>            58%] [Cov:===============================>   89%]
[Progress:=================>            58%] [Cov:===============================>   89%]
[Progress:=================>            58%] [Cov:===============================>   89%]
[Progress:=================>            58%] [Cov:===============================>   89%]
[Progress:=================>            58%] [Cov:===============================>   89%]
[Progress:==================>           60%] [Cov:===============================>   89%]
[Progress:==================>           60%] [Cov:===============================>   89%]
[Progress:==================>           60%] [Cov:===============================>   89%]
[Progress:==================>           60%] [Cov:===============================>   89%]
[Progress:==================>           60%] [Cov:===============================>   89%]
[Progress:==================>           60%] [Cov:===============================>   89%]
[Progress:==================>           60%] [Cov:===============================>   89%]
[Progress:==================>           60%] [Cov:===============================>   89%]
[Progress:==================>           60%] [Cov:===============================>   89%]
[Progress:==================>           61%] [Cov:===============================>   89%]
[Progress:==================>           61%] [Cov:===============================>   89%]
[Progress:==================>           61%] [Cov:===============================>   89%]
[Progress:==================>           61%] [Cov:===============================>   89%]
[Progress:==================>           61%] [Cov:===============================>   89%]
[Progress:==================>           61%] [Cov:===============================>   89%]
[Progress:==================>           61%] [Cov:===============================>   89%]
[Progress:==================>           61%] [Cov:===============================>   89%]
[Progress:==================>           61%] [Cov:===============================>   89%]
[Progress:==================>           63%] [Cov:===============================>   89%]
[Progress:==================>           63%] [Cov:===============================>   89%]
[Progress:==================>           63%] [Cov:===============================>   89%]
[Progress:==================>           63%] [Cov:===============================>   89%]
[Progress:==================>           63%] [Cov:===============================>   89%]
[Progress:==================>           63%] [Cov:===============================>   89%]
[Progress:==================>           63%] [Cov:===============================>   89%]
[Progress:==================>           63%] [Cov:===============================>   89%]
[Progress:==================>           63%] [Cov:===============================>   89%]
[Progress:===================>          65%] [Cov:===============================>   89%]
[Progress:===================>          65%] [Cov:===============================>   89%]
[Progress:===================>          65%] [Cov:===============================>   89%]
[Progress:===================>          65%] [Cov:===============================>   89%]
[Progress:===================>          65%] [Cov:===============================>   89%]
[Progress:===================>          65%] [Cov:===============================>   89%]
[Progress:===================>          65%] [Cov:===============================>   89%]
[Progress:===================>          65%] [Cov:===============================>   89%]
[Progress:===================>          65%] [Cov:===============================>   89%]
[Progress:===================>          65%] [Cov:===============================>   89%]
[Progress:===================>          66%] [Cov:===============================>   89%]
[Progress:===================>          66%] [Cov:===============================>   89%]
[Progress:===================>          66%] [Cov:===============================>   89%]
[Progress:===================>          66%] [Cov:===============================>   89%]
[Progress:===================>          66%] [Cov:===============================>   89%]
[Progress:===================>          66%] [Cov:===============================>   89%]
[Progress:===================>          66%] [Cov:===============================>   89%]
[Progress:===================>          66%] [Cov:===============================>   89%]
[Progress:===================>          66%] [Cov:===============================>   89%]
[Progress:====================>         68%] [Cov:===============================>   89%]
[Progress:====================>         68%] [Cov:===============================>   89%]
[Progress:====================>         68%] [Cov:===============================>   89%]
[Progress:====================>         68%] [Cov:===============================>   89%]
[Progress:====================>         68%] [Cov:===============================>   89%]
[Progress:====================>         68%] [Cov:===============================>   89%]
[Progress:====================>         68%] [Cov:===============================>   89%]
[Progress:====================>         68%] [Cov:===============================>   89%]
[Progress:====================>         68%] [Cov:===============================>   89%]
[Progress:====================>         68%] [Cov:===============================>   89%]
[Progress:=====================>        70%] [Cov:===============================>   89%]
[Progress:=====================>        70%] [Cov:===============================>   89%]
[Progress:=====================>        70%] [Cov:===============================>   89%]
[Progress:=====================>        70%] [Cov:===============================>   89%]
[Progress:=====================>        70%] [Cov:===============================>   89%]
[Progress:=====================>        70%] [Cov:===============================>   89%]
[Progress:=====================>        70%] [Cov:===============================>   89%]
[Progress:=====================>        70%] [Cov:===============================>   89%]
[Progress:=====================>        70%] [Cov:===============================>   89%]
[Progress:=====================>        70%] [Cov:===============================>   89%]
[Progress:=====================>        71%] [Cov:===============================>   89%]
[Progress:=====================>        71%] [Cov:===============================>   89%]
[Progress:=====================>        71%] [Cov:===============================>   89%]
[Progress:=====================>        71%] [Cov:===============================>   89%]
[Progress:=====================>        71%] [Cov:===============================>   89%]
[Progress:=====================>        71%] [Cov:===============================>   89%]
[Progress:=====================>        71%] [Cov:===============================>   89%]
[Progress:=====================>        71%] [Cov:===============================>   89%]
[Progress:=====================>        71%] [Cov:===============================>   89%]
[Progress:=====================>        71%] [Cov:===============================>   89%]
[Progress:=====================>        73%] [Cov:===============================>   89%]
[Progress:=====================>        73%] [Cov:===============================>   89%]
[Progress:=====================>        73%] [Cov:===============================>   89%]
[Progress:=====================>        73%] [Cov:===============================>   89%]
[Progress:=====================>        73%] [Cov:===============================>   89%]
[Progress:=====================>        73%] [Cov:===============================>   89%]
[Progress:=====================>        73%] [Cov:===============================>   89%]
[Progress:=====================>        73%] [Cov:===============================>   89%]
[Progress:=====================>        73%] [Cov:===============================>   89%]
[Progress:======================>       75%] [Cov:===============================>   89%]
[Progress:======================>       75%] [Cov:===============================>   89%]
[Progress:======================>       75%] [Cov:===============================>   89%]
[Progress:======================>       75%] [Cov:===============================>   89%]
[Progress:======================>       75%] [Cov:===============================>   89%]
[Progress:======================>       75%] [Cov:===============================>   89%]
[Progress:======================>       75%] [Cov:===============================>   89%]
[Progress:======================>       75%] [Cov:===============================>   89%]
[Progress:======================>       75%] [Cov:===============================>   89%]
[Progress:======================>       75%] [Cov:===============================>   89%]
[Progress:======================>       75%] [Cov:===============================>   89%]
[Progress:======================>       76%] [Cov:===============================>   89%]
[Progress:======================>       76%] [Cov:===============================>   89%]
[Progress:======================>       76%] [Cov:===============================>   89%]
[Progress:======================>       76%] [Cov:===============================>   89%]
[Progress:======================>       76%] [Cov:===============================>   89%]
[Progress:======================>       76%] [Cov:===============================>   89%]
[Progress:======================>       76%] [Cov:===============================>   89%]
[Progress:======================>       76%] [Cov:===============================>   89%]
[Progress:======================>       76%] [Cov:===============================>   89%]
[Progress:======================>       76%] [Cov:===============================>   90%]
[Progress:======================>       76%] [Cov:===============================>   90%]
[Progress:=======================>      78%] [Cov:===============================>   90%]
[Progress:=======================>      78%] [Cov:===============================>   90%]
[Progress:=======================>      78%] [Cov:===============================>   90%]
[Progress:=======================>      78%] [Cov:===============================>   90%]
[Progress:=======================>      78%] [Cov:===============================>   90%]
[Progress:=======================>      78%] [Cov:===============================>   90%]
[Progress:=======================>      78%] [Cov:===============================>   90%]
[Progress:=======================>      78%] [Cov:===============================>   90%]
[Progress:=======================>      78%] [Cov:===============================>   90%]
[Progress:=======================>      78%] [Cov:===============================>   90%]
[Progress:========================>     80%] [Cov:===============================>   90%]
[Progress:========================>     80%] [Cov:===============================>   90%]
[Progress:========================>     80%] [Cov:===============================>   90%]
[Progress:========================>     80%] [Cov:===============================>   90%]
[Progress:========================>     80%] [Cov:===============================>   90%]
[Progress:========================>     80%] [Cov:===============================>   90%]
[Progress:========================>     80%] [Cov:===============================>   90%]
[Progress:========================>     80%] [Cov:===============================>   90%]
[Progress:========================>     80%] [Cov:===============================>   90%]
[Progress:========================>     80%] [Cov:===============================>   90%]
[Progress:========================>     80%] [Cov:===============================>   90%]
[Progress:========================>     81%] [Cov:===============================>   90%]
[Progress:========================>     81%] [Cov:===============================>   90%]
[Progress:========================>     81%] [Cov:===============================>   90%]
[Progress:========================>     81%] [Cov:===============================>   90%]
[Progress:========================>     81%] [Cov:===============================>   90%]
[Progress:========================>     81%] [Cov:===============================>   90%]
[Progress:========================>     81%] [Cov:===============================>   90%]
[Progress:========================>     81%] [Cov:===============================>   90%]
[Progress:========================>     81%] [Cov:===============================>   90%]
[Progress:========================>     81%] [Cov:===============================>   90%]
[Progress:========================>     81%] [Cov:===============================>   90%]
[Progress:========================>     83%] [Cov:===============================>   90%]
[Progress:========================>     83%] [Cov:===============================>   90%]
[Progress:========================>     83%] [Cov:===============================>   90%]
[Progress:========================>     83%] [Cov:===============================>   90%]
[Progress:========================>     83%] [Cov:===============================>   90%]
[Progress:========================>     83%] [Cov:===============================>   90%]
[Progress:========================>     83%] [Cov:===============================>   90%]
[Progress:========================>     83%] [Cov:===============================>   90%]
[Progress:========================>     83%] [Cov:===============================>   90%]
[Progress:========================>     83%] [Cov:===============================>   90%]
[Progress:=========================>    85%] [Cov:===============================>   90%]
[Progress:=========================>    85%] [Cov:===============================>   90%]
[Progress:=========================>    85%] [Cov:===============================>   90%]
[Progress:=========================>    85%] [Cov:===============================>   90%]
[Progress:=========================>    85%] [Cov:===============================>   90%]
[Progress:=========================>    85%] [Cov:===============================>   90%]
[Progress:=========================>    85%] [Cov:===============================>   90%]
[Progress:=========================>    85%] [Cov:===============================>   90%]
[Progress:=========================>    85%] [Cov:===============================>   90%]
[Progress:=========================>    85%] [Cov:===============================>   90%]
[Progress:=========================>    86%] [Cov:===============================>   90%]
[Progress:=========================>    86%] [Cov:===============================>   90%]
[Progress:=========================>    86%] [Cov:===============================>   90%]
[Progress:=========================>    86%] [Cov:===============================>   90%]
[Progress:=========================>    86%] [Cov:===============================>   90%]
[Progress:=========================>    86%] [Cov:===============================>   90%]
[Progress:=========================>    86%] [Cov:===============================>   90%]
[Progress:=========================>    86%] [Cov:===============================>   90%]
[Progress:=========================>    86%] [Cov:===============================>   90%]
[Progress:=========================>    86%] [Cov:===============================>   90%]
[Progress:=========================>    86%] [Cov:===============================>   90%]
[Progress:==========================>   88%] [Cov:===============================>   90%]
[Progress:==========================>   88%] [Cov:===============================>   90%]
[Progress:==========================>   88%] [Cov:===============================>   90%]
[Progress:==========================>   88%] [Cov:===============================>   90%]
[Progress:==========================>   88%] [Cov:===============================>   90%]
[Progress:==========================>   88%] [Cov:===============================>   90%]
[Progress:==========================>   88%] [Cov:===============================>   90%]
[Progress:==========================>   88%] [Cov:===============================>   90%]
[Progress:==========================>   88%] [Cov:===============================>   90%]
[Progress:==========================>   88%] [Cov:===============================>   90%]
[Progress:===========================>  90%] [Cov:===============================>   90%]
[Progress:===========================>  90%] [Cov:===============================>   90%]
[Progress:===========================>  90%] [Cov:===============================>   90%]
[Progress:===========================>  90%] [Cov:===============================>   90%]
[Progress:===========================>  90%] [Cov:===============================>   90%]
[Progress:===========================>  90%] [Cov:===============================>   90%]
[Progress:===========================>  90%] [Cov:===============================>   90%]
[Progress:===========================>  90%] [Cov:===============================>   90%]
[Progress:===========================>  90%] [Cov:===============================>   90%]
[Progress:===========================>  90%] [Cov:===============================>   90%]
[Progress:===========================>  90%] [Cov:===============================>   90%]
[Progress:===========================>  91%] [Cov:===============================>   90%]
[Progress:===========================>  91%] [Cov:===============================>   90%]
[Progress:===========================>  91%] [Cov:===============================>   90%]
[Progress:===========================>  91%] [Cov:===============================>   90%]
[Progress:===========================>  91%] [Cov:===============================>   90%]
[Progress:===========================>  91%] [Cov:===============================>   90%]
[Progress:===========================>  91%] [Cov:===============================>   90%]
[Progress:===========================>  91%] [Cov:===============================>   90%]
[Progress:===========================>  91%] [Cov:===============================>   90%]
[Progress:===========================>  91%] [Cov:===============================>   90%]
[Progress:===========================>  91%] [Cov:===============================>   90%]
[Progress:===========================>  93%] [Cov:===============================>   90%]
[Progress:===========================>  93%] [Cov:===============================>   90%]
[Progress:===========================>  93%] [Cov:===============================>   90%]
[Progress:===========================>  93%] [Cov:===============================>   90%]
[Progress:===========================>  93%] [Cov:===============================>   90%]
[Progress:===========================>  93%] [Cov:===============================>   90%]
[Progress:===========================>  93%] [Cov:===============================>   90%]
[Progress:===========================>  93%] [Cov:===============================>   90%]
[Progress:===========================>  93%] [Cov:===============================>   90%]
[Progress:===========================>  93%] [Cov:===============================>   90%]
[Progress:===========================>  93%] [Cov:===============================>   90%]
[Progress:============================> 95%] [Cov:===============================>   90%]
[Progress:============================> 95%] [Cov:===============================>   90%]
[Progress:============================> 95%] [Cov:===============================>   90%]
[Progress:============================> 95%] [Cov:===============================>   90%]
[Progress:============================> 95%] [Cov:===============================>   90%]
[Progress:============================> 95%] [Cov:===============================>   90%]
[Progress:============================> 95%] [Cov:===============================>   90%]
[Progress:============================> 95%] [Cov:===============================>   90%]
[Progress:============================> 95%] [Cov:===============================>   90%]
[Progress:============================> 95%] [Cov:===============================>   90%]
[Progress:============================> 95%] [Cov:===============================>   90%]
[Progress:============================> 96%] [Cov:===============================>   90%]
[Progress:============================> 96%] [Cov:===============================>   90%]
[Progress:============================> 96%] [Cov:===============================>   90%]
[Progress:============================> 96%] [Cov:===============================>   90%]
[Progress:============================> 96%] [Cov:===============================>   90%]
[Progress:============================> 96%] [Cov:===============================>   90%]
[Progress:============================> 96%] [Cov:===============================>   90%]
[Progress:============================> 96%] [Cov:===============================>   90%]
[Progress:============================> 96%] [Cov:===============================>   90%]
[Progress:============================> 96%] [Cov:===============================>   90%]
[Progress:============================> 96%] [Cov:===============================>   90%]
[Progress:=============================>98%] [Cov:===============================>   90%]
[Progress:=============================>98%] [Cov:===============================>   90%]
[Progress:=============================>98%] [Cov:===============================>   90%]
[Progress:=============================>98%] [Cov:===============================>   90%]
[Progress:=============================>98%] [Cov:===============================>   90%]
[Progress:=============================>98%] [Cov:===============================>   90%]
[Progress:=============================>98%] [Cov:===============================>   90%]
[Progress:=============================>98%] [Cov:===============================>   90%]
[Progress:=============================>98%] [Cov:===============================>   90%]
[Progress:=============================>98%] [Cov:===============================>   90%]
[Progress:==============================100%] [Cov:===============================>   90%]
[Progress:==============================100%] [Cov:===============================>   90%]
[Progress:==============================100%] [Cov:===============================>   90%]
[Progress:==============================100%] [Cov:===============================>   90%]
[Progress:==============================100%] [Cov:===============================>   90%]
[Progress:==============================100%] [Cov:===============================>   90%]
[Progress:==============================100%] [Cov:===============================>   90%]
[Progress:==============================100%] [Cov:===============================>   90%]
[Progress:==============================100%] [Cov:===============================>   90%]
[Progress:==============================100%] [Cov:===============================>   90%]
[Progress:==============================100%] [Cov:===============================>   90%]
[Progress:==============================100%] [Cov:===============================>   90%]
* Search finished after 61s and 410 generations, 188938 statements, best individual has fitness: 24.344267669717016
* Minimizing test suite
* Going to analyze the coverage criteria
* Coverage analysis for criterion LINE
* Coverage of criterion LINE: 89%
* Total number of goals: 201
* Number of covered goals: 178
* Coverage analysis for criterion BRANCH
* Coverage of criterion BRANCH: 84%
* Total number of goals: 93
* Number of covered goals: 78
* Coverage analysis for criterion EXCEPTION
* Coverage of criterion EXCEPTION: 78%
* Total number of goals: 18
* Number of covered goals: 14
* Generated 34 tests with total length 108
* Resulting test suite's coverage: 91% (average coverage for all fitness functions)
* Generating assertions
* Resulting test suite's mutation score: 42%
* Compiling and checking tests
[MASTER] 07:04:09.403 [logback-1] WARN  JUnitAnalyzer - Found unstable test named test0 -> class java.lang.ArrayIndexOutOfBoundsException: Index -1 out of bounds for length 256
[MASTER] 07:04:09.404 [logback-1] WARN  JUnitAnalyzer - Failing test:
 Entities entities0 = Entities.HTML32;
entities0.entityName((-1));

* Writing tests to file
* Writing JUnit test case 'Entities_ESTest' to /work/evo_out/Lang_42f/budget60_seed1/tests
* Done!

* Computation finished

[exit=0 timeout=False time=78.8s]

$ javac -nowarn -cp /work/Lang_42f/target/classes:/work/Lang_42f/target/classes:/work/Lang_42f/target/tests:/opt/defects4j/framework/projects/lib/junit-4.12-hamcrest-1.3.jar:/opt/defects4j/framework/projects/Lang/lib/cglib.jar:/opt/defects4j/framework/projects/Lang/lib/asm.jar:/opt/defects4j/framework/projects/Lang/lib/easymock.jar:/opt/defects4j/framework/projects/Lang/lib/commons-io.jar:/opt/evosuite/evosuite-standalone-runtime-1.2.0.jar -d /work/evo_out/Lang_42f/budget60_seed1/classes /work/evo_out/Lang_42f/budget60_seed1/tests/org/apache/commons/lang/Entities_ESTest.java /work/evo_out/Lang_42f/budget60_seed1/tests/org/apache/commons/lang/Entities_ESTest_scaffolding.java

[exit=0 timeout=False time=0.7s]

$ java -jar /opt/jacoco/lib/jacococli.jar instrument /work/Lang_42f/target/classes --dest /work/evo_out/Lang_42f/budget60_seed1/instrumented
[INFO] 132 classes instrumented to /work/evo_out/Lang_42f/budget60_seed1/instrumented.

[exit=0 timeout=False time=0.3s]

$ java -Djacoco-agent.destfile=/workspace/EvoSuite/Result_Round1/Lang_42/budget60_seed1/jacoco.exec -cp /work/evo_out/Lang_42f/budget60_seed1/instrumented:/work/evo_out/Lang_42f/budget60_seed1/classes:/work/Lang_42f/target/classes:/work/Lang_42f/target/tests:/opt/defects4j/framework/projects/lib/junit-4.12-hamcrest-1.3.jar:/opt/defects4j/framework/projects/Lang/lib/cglib.jar:/opt/defects4j/framework/projects/Lang/lib/asm.jar:/opt/defects4j/framework/projects/Lang/lib/easymock.jar:/opt/defects4j/framework/projects/Lang/lib/commons-io.jar:/opt/evosuite/evosuite-standalone-runtime-1.2.0.jar:/opt/jacoco/lib/jacocoagent.jar org.junit.runner.JUnitCore org.apache.commons.lang.Entities_ESTest
JUnit version 4.12
.................................
Time: 0.404

OK (33 tests)

SLF4J: Failed to load class "org.slf4j.impl.StaticLoggerBinder".
SLF4J: Defaulting to no-operation (NOP) logger implementation
SLF4J: See http://www.slf4j.org/codes.html#StaticLoggerBinder for further details.
WARNING: An illegal reflective access operation has occurred
WARNING: Illegal reflective access by org.evosuite.runtime.GuiSupport (file:/opt/evosuite/evosuite-standalone-runtime-1.2.0.jar) to field java.awt.GraphicsEnvironment.headless
WARNING: Please consider reporting this to the maintainers of org.evosuite.runtime.GuiSupport
WARNING: Use --illegal-access=warn to enable warnings of further illegal reflective access operations
WARNING: All illegal access operations will be denied in a future release

[exit=0 timeout=False time=0.7s]

$ java -jar /opt/jacoco/lib/jacococli.jar report /workspace/EvoSuite/Result_Round1/Lang_42/budget60_seed1/jacoco.exec --classfiles /work/Lang_42f/target/classes --csv /workspace/EvoSuite/Result_Round1/Lang_42/budget60_seed1/jacoco.csv
[INFO] Loading execution data file /workspace/EvoSuite/Result_Round1/Lang_42/budget60_seed1/jacoco.exec.
[INFO] Analyzing 126 classes.

[exit=0 timeout=False time=0.3s]

$ java -cp /work/evo_out/Lang_42f/budget60_seed1/classes:/work/Lang_42b/target/classes:/work/Lang_42b/target/tests:/opt/defects4j/framework/projects/lib/junit-4.12-hamcrest-1.3.jar:/opt/defects4j/framework/projects/Lang/lib/cglib.jar:/opt/defects4j/framework/projects/Lang/lib/asm.jar:/opt/defects4j/framework/projects/Lang/lib/easymock.jar:/opt/defects4j/framework/projects/Lang/lib/commons-io.jar:/opt/evosuite/evosuite-standalone-runtime-1.2.0.jar org.junit.runner.JUnitCore org.apache.commons.lang.Entities_ESTest
JUnit version 4.12
.................................
Time: 0.382

OK (33 tests)

SLF4J: Failed to load class "org.slf4j.impl.StaticLoggerBinder".
SLF4J: Defaulting to no-operation (NOP) logger implementation
SLF4J: See http://www.slf4j.org/codes.html#StaticLoggerBinder for further details.
WARNING: An illegal reflective access operation has occurred
WARNING: Illegal reflective access by org.evosuite.runtime.GuiSupport (file:/opt/evosuite/evosuite-standalone-runtime-1.2.0.jar) to field java.awt.GraphicsEnvironment.headless
WARNING: Please consider reporting this to the maintainers of org.evosuite.runtime.GuiSupport
WARNING: Use --illegal-access=warn to enable warnings of further illegal reflective access operations
WARNING: All illegal access operations will be denied in a future release

[exit=0 timeout=False time=0.6s]
