
$ javac -nowarn -encoding UTF-8 -cp /work/Lang_22f/target/classes:/opt/defects4j/framework/projects/Lang/lib/junit/junit/4.7/junit-4.7.jar:/opt/defects4j/framework/projects/Lang/lib/org/easymock/easymock/2.5.2/easymock-2.5.2.jar:/work/Lang_22f/target/test-classes:/opt/defects4j/framework/projects/Lang/lib/cglib.jar:/opt/defects4j/framework/projects/Lang/lib/asm.jar:/opt/defects4j/framework/projects/Lang/lib/easymock.jar:/opt/defects4j/framework/projects/Lang/lib/commons-io.jar:/opt/defects4j/framework/projects/lib/junit-4.12-hamcrest-1.3.jar:/work/jqwik_harness:/workspace/lib/jqwik/jqwik-1.7.4.jar:/workspace/lib/jqwik/jqwik-api-1.7.4.jar:/workspace/lib/jqwik/jqwik-engine-1.7.4.jar -d /work/jqwik_out/Lang_22/auto_round1_tries200_seed3/classes_f /workspace/jqwik/Auto/Lang_22/org/apache/commons/lang3/math/Fraction_AutoPbtTest.java

[exit=0 timeout=False time=8.0s]

$ javac -nowarn -encoding UTF-8 -cp /work/Lang_22b/target/classes:/opt/defects4j/framework/projects/Lang/lib/junit/junit/4.7/junit-4.7.jar:/opt/defects4j/framework/projects/Lang/lib/org/easymock/easymock/2.5.2/easymock-2.5.2.jar:/work/Lang_22b/target/test-classes:/opt/defects4j/framework/projects/Lang/lib/cglib.jar:/opt/defects4j/framework/projects/Lang/lib/asm.jar:/opt/defects4j/framework/projects/Lang/lib/easymock.jar:/opt/defects4j/framework/projects/Lang/lib/commons-io.jar:/opt/defects4j/framework/projects/lib/junit-4.12-hamcrest-1.3.jar:/work/jqwik_harness:/workspace/lib/jqwik/jqwik-1.7.4.jar:/workspace/lib/jqwik/jqwik-api-1.7.4.jar:/workspace/lib/jqwik/jqwik-engine-1.7.4.jar -d /work/jqwik_out/Lang_22/auto_round1_tries200_seed3/classes_b /workspace/jqwik/Auto/Lang_22/org/apache/commons/lang3/math/Fraction_AutoPbtTest.java

[exit=0 timeout=False time=6.9s]

$ java -Djava.awt.headless=true -Xss4m -Xmx1g -Dpbt.seed=3 -Dpbt.tries=200 -Dpbt.snapshot.dir=/work/jqwik_out/Lang_22/auto_round1_tries200_seed3/snapshots -Dpbt.propertyBudgetMs=5000 -Dpbt.mask=/work/Lang_22f:/work/Lang_22b:/work/jqwik_out/Lang_22/auto_round1_tries200_seed3/classes_f:/work/jqwik_out/Lang_22/auto_round1_tries200_seed3/classes_b -Dpbt.mode=record -jar /workspace/lib/jqwik/junit-platform-console-standalone-1.9.3.jar --disable-banner --details tree --class-path /work/jqwik_out/Lang_22/auto_round1_tries200_seed3/classes_f:/work/Lang_22f/target/classes:/opt/defects4j/framework/projects/Lang/lib/junit/junit/4.7/junit-4.7.jar:/opt/defects4j/framework/projects/Lang/lib/org/easymock/easymock/2.5.2/easymock-2.5.2.jar:/work/Lang_22f/target/test-classes:/opt/defects4j/framework/projects/Lang/lib/cglib.jar:/opt/defects4j/framework/projects/Lang/lib/asm.jar:/opt/defects4j/framework/projects/Lang/lib/easymock.jar:/opt/defects4j/framework/projects/Lang/lib/commons-io.jar:/opt/defects4j/framework/projects/lib/junit-4.12-hamcrest-1.3.jar:/work/jqwik_harness:/workspace/lib/jqwik/jqwik-1.7.4.jar:/workspace/lib/jqwik/jqwik-api-1.7.4.jar:/workspace/lib/jqwik/jqwik-engine-1.7.4.jar --scan-class-path /work/jqwik_out/Lang_22/auto_round1_tries200_seed3/classes_f --include-classname .* --include-engine jqwik --config jqwik.database=/workspace/jqwik/Result_auto_Round1/Lang_22/tries200_seed3/reports_record/jqwik-database --config jqwik.tries.default=200 --reports-dir /workspace/jqwik/Result_auto_Round1/Lang_22/tries200_seed3/reports_record
46, Fraction AutoPbtTest:m000 abs = 
                              |-----------------------jqwik-----------------------
tries = 200                   | # of calls to property
checks = 200                  | # of not rejected calls
generation = RANDOMIZED       | parameters are randomly generated
after-failure = SAMPLE_FIRST  | try previously failed sample, then previous seed
when-fixed-seed = ALLOW       | fixing the random seed is allowed
edge-cases#mode = NONE        | edge cases are not explicitly generated
seed = 3                      | random seed to reproduce generated values


timestamp = 2026-09-26T10:37:41.546914, Fraction AutoPbtTest:m001 add = 
                              |-----------------------jqwik-----------------------
tries = 200                   | # of calls to property
checks = 200                  | # of not rejected calls
generation = RANDOMIZED       | parameters are randomly generated
after-failure = SAMPLE_FIRST  | try previously failed sample, then previous seed
when-fixed-seed = ALLOW       | fixing the random seed is allowed
edge-cases#mode = NONE        | edge cases are not explicitly generated
seed = 3                      | random seed to reproduce generated values


timestamp = 2026-09-26T10:37:41.709330, Fraction AutoPbtTest:m022 pow = 
                              |-----------------------jqwik-----------------------
tries = 200                   | # of calls to property
checks = 200                  | # of not rejected calls
generation = RANDOMIZED       | parameters are randomly generated
after-failure = SAMPLE_FIRST  | try previously failed sample, then previous seed
when-fixed-seed = ALLOW       | fixing the random seed is allowed
edge-cases#mode = NONE        | edge cases are not explicitly generated
seed = 3                      | random seed to reproduce generated values


[36m╷[0m
[36m└─[0m [36mjqwik (JUnit Platform)[0m [32m✔[0m
[36m   └─[0m [36mFraction AutoPbtTest[0m [32m✔[0m
[36m      ├─[0m [34mm025 toProperString[0m [32m✔[0m
[36m      ├─[0m [34mm018 invert[0m [32m✔[0m
[36m      ├─[0m [34mm013 getProperNumerator[0m [32m✔[0m
[36m      ├─[0m [34mm003 divideBy[0m [32m✔[0m
[36m      ├─[0m [34mm015 getReducedFraction[0m [32m✔[0m
[36m      ├─[0m [34mm011 getFraction[0m [32m✔[0m
[36m      ├─[0m [34mm002 compareTo[0m [32m✔[0m
[36m      ├─[0m [34mm007 getDenominator[0m [32m✔[0m
[36m      ├─[0m [34mm010 getFraction[0m [32m✔[0m
[36m      ├─[0m [34mm005 equals[0m [32m✔[0m
[36m      ├─[0m [34mm012 getNumerator[0m [32m✔[0m
[36m      ├─[0m [34mm006 floatValue[0m [32m✔[0m
[36m      ├─[0m [34mm016 hashCode[0m [32m✔[0m
[36m      ├─[0m [34mm017 intValue[0m [32m✔[0m
[36m      ├─[0m [34mm004 doubleValue[0m [32m✔[0m
[36m      ├─[0m [34mm020 multiplyBy[0m [32m✔[0m
[36m      ├─[0m [34mm014 getProperWhole[0m [32m✔[0m
[36m      ├─[0m [34mm019 longValue[0m [32m✔[0m
[36m      ├─[0m [34mm026 toString[0m [32m✔[0m
[36m      ├─[0m [34mm024 subtract[0m [32m✔[0m
[36m      ├─[0m [34mcontract equalsHashCode[0m [32m✔[0m
[36m      ├─[0m [34mm023 reduce[0m [32m✔[0m
[36m      ├─[0m [34mm009 getFraction[0m [32m✔[0m
[36m      ├─[0m [34mcontract compareTo[0m [32m✔[0m
[36m      ├─[0m [34mm008 getFraction[0m [32m✔[0m
[36m      ├─[0m [34mm021 negate[0m [32m✔[0m
[36m      ├─[0m [34mm000 abs[0m [32m✔[0m
[36m      ├─[0m [34mm001 add[0m [32m✔[0m
[36m      └─[0m [34mm022 pow[0m [32m✔[0m

Test run finished after 14343 ms
[         2 containers found      ]
[         0 containers skipped    ]
[         2 containers started    ]
[         0 containers aborted    ]
[         2 containers successful ]
[         0 containers failed     ]
[        29 tests found           ]
[         0 tests skipped         ]
[        29 tests started         ]
[         0 tests aborted         ]
[        29 tests successful      ]
[         0 tests failed          ]


[exit=0 timeout=False time=21.3s]

$ java -Djava.awt.headless=true -Xss4m -Xmx1g -Dpbt.seed=3 -Dpbt.tries=200 -Dpbt.snapshot.dir=/work/jqwik_out/Lang_22/auto_round1_tries200_seed3/snapshots -Dpbt.propertyBudgetMs=5000 -Dpbt.mask=/work/Lang_22f:/work/Lang_22b:/work/jqwik_out/Lang_22/auto_round1_tries200_seed3/classes_f:/work/jqwik_out/Lang_22/auto_round1_tries200_seed3/classes_b -Dpbt.mode=check -javaagent:/opt/jacoco/lib/jacocoagent.jar=destfile=/workspace/jqwik/Result_auto_Round1/Lang_22/tries200_seed3/jacoco.exec -jar /workspace/lib/jqwik/junit-platform-console-standalone-1.9.3.jar --disable-banner --details tree --class-path /work/jqwik_out/Lang_22/auto_round1_tries200_seed3/classes_f:/work/Lang_22f/target/classes:/opt/defects4j/framework/projects/Lang/lib/junit/junit/4.7/junit-4.7.jar:/opt/defects4j/framework/projects/Lang/lib/org/easymock/easymock/2.5.2/easymock-2.5.2.jar:/work/Lang_22f/target/test-classes:/opt/defects4j/framework/projects/Lang/lib/cglib.jar:/opt/defects4j/framework/projects/Lang/lib/asm.jar:/opt/defects4j/framework/projects/Lang/lib/easymock.jar:/opt/defects4j/framework/projects/Lang/lib/commons-io.jar:/opt/defects4j/framework/projects/lib/junit-4.12-hamcrest-1.3.jar:/work/jqwik_harness:/workspace/lib/jqwik/jqwik-1.7.4.jar:/workspace/lib/jqwik/jqwik-api-1.7.4.jar:/workspace/lib/jqwik/jqwik-engine-1.7.4.jar --scan-class-path /work/jqwik_out/Lang_22/auto_round1_tries200_seed3/classes_f --include-classname .* --include-engine jqwik --config jqwik.database=/workspace/jqwik/Result_auto_Round1/Lang_22/tries200_seed3/reports_fixed/jqwik-database --config jqwik.tries.default=200 --reports-dir /workspace/jqwik/Result_auto_Round1/Lang_22/tries200_seed3/reports_fixed
23, Fraction AutoPbtTest:m000 abs = 
                              |-----------------------jqwik-----------------------
tries = 200                   | # of calls to property
checks = 200                  | # of not rejected calls
generation = RANDOMIZED       | parameters are randomly generated
after-failure = SAMPLE_FIRST  | try previously failed sample, then previous seed
when-fixed-seed = ALLOW       | fixing the random seed is allowed
edge-cases#mode = NONE        | edge cases are not explicitly generated
seed = 3                      | random seed to reproduce generated values


timestamp = 2026-09-26T10:38:06.896534, Fraction AutoPbtTest:m001 add = 
                              |-----------------------jqwik-----------------------
tries = 200                   | # of calls to property
checks = 200                  | # of not rejected calls
generation = RANDOMIZED       | parameters are randomly generated
after-failure = SAMPLE_FIRST  | try previously failed sample, then previous seed
when-fixed-seed = ALLOW       | fixing the random seed is allowed
edge-cases#mode = NONE        | edge cases are not explicitly generated
seed = 3                      | random seed to reproduce generated values


timestamp = 2026-09-26T10:38:07.397322, Fraction AutoPbtTest:m022 pow = 
                              |-----------------------jqwik-----------------------
tries = 200                   | # of calls to property
checks = 200                  | # of not rejected calls
generation = RANDOMIZED       | parameters are randomly generated
after-failure = SAMPLE_FIRST  | try previously failed sample, then previous seed
when-fixed-seed = ALLOW       | fixing the random seed is allowed
edge-cases#mode = NONE        | edge cases are not explicitly generated
seed = 3                      | random seed to reproduce generated values


[36m╷[0m
[36m└─[0m [36mjqwik (JUnit Platform)[0m [32m✔[0m
[36m   └─[0m [36mFraction AutoPbtTest[0m [32m✔[0m
[36m      ├─[0m [34mm025 toProperString[0m [32m✔[0m
[36m      ├─[0m [34mm018 invert[0m [32m✔[0m
[36m      ├─[0m [34mm013 getProperNumerator[0m [32m✔[0m
[36m      ├─[0m [34mm003 divideBy[0m [32m✔[0m
[36m      ├─[0m [34mm015 getReducedFraction[0m [32m✔[0m
[36m      ├─[0m [34mm011 getFraction[0m [32m✔[0m
[36m      ├─[0m [34mm002 compareTo[0m [32m✔[0m
[36m      ├─[0m [34mm007 getDenominator[0m [32m✔[0m
[36m      ├─[0m [34mm010 getFraction[0m [32m✔[0m
[36m      ├─[0m [34mm005 equals[0m [32m✔[0m
[36m      ├─[0m [34mm012 getNumerator[0m [32m✔[0m
[36m      ├─[0m [34mm006 floatValue[0m [32m✔[0m
[36m      ├─[0m [34mm016 hashCode[0m [32m✔[0m
[36m      ├─[0m [34mm017 intValue[0m [32m✔[0m
[36m      ├─[0m [34mm004 doubleValue[0m [32m✔[0m
[36m      ├─[0m [34mm020 multiplyBy[0m [32m✔[0m
[36m      ├─[0m [34mm014 getProperWhole[0m [32m✔[0m
[36m      ├─[0m [34mm019 longValue[0m [32m✔[0m
[36m      ├─[0m [34mm026 toString[0m [32m✔[0m
[36m      ├─[0m [34mm024 subtract[0m [32m✔[0m
[36m      ├─[0m [34mcontract equalsHashCode[0m [32m✔[0m
[36m      ├─[0m [34mm023 reduce[0m [32m✔[0m
[36m      ├─[0m [34mm009 getFraction[0m [32m✔[0m
[36m      ├─[0m [34mcontract compareTo[0m [32m✔[0m
[36m      ├─[0m [34mm008 getFraction[0m [32m✔[0m
[36m      ├─[0m [34mm021 negate[0m [32m✔[0m
[36m      ├─[0m [34mm000 abs[0m [32m✔[0m
[36m      ├─[0m [34mm001 add[0m [32m✔[0m
[36m      └─[0m [34mm022 pow[0m [32m✔[0m

Test run finished after 18260 ms
[         2 containers found      ]
[         0 containers skipped    ]
[         2 containers started    ]
[         0 containers aborted    ]
[         2 containers successful ]
[         0 containers failed     ]
[        29 tests found           ]
[         0 tests skipped         ]
[        29 tests started         ]
[         0 tests aborted         ]
[        29 tests successful      ]
[         0 tests failed          ]


[exit=0 timeout=False time=45.8s]

$ java -jar /opt/jacoco/lib/jacococli.jar report /workspace/jqwik/Result_auto_Round1/Lang_22/tries200_seed3/jacoco.exec --classfiles /work/Lang_22f/target/classes --csv /workspace/jqwik/Result_auto_Round1/Lang_22/tries200_seed3/jacoco.csv
[INFO] Loading execution data file /workspace/jqwik/Result_auto_Round1/Lang_22/tries200_seed3/jacoco.exec.
[INFO] Analyzing 133 classes.

[exit=0 timeout=False time=4.5s]

$ java -Djava.awt.headless=true -Xss4m -Xmx1g -Dpbt.seed=3 -Dpbt.tries=200 -Dpbt.snapshot.dir=/work/jqwik_out/Lang_22/auto_round1_tries200_seed3/snapshots -Dpbt.propertyBudgetMs=5000 -Dpbt.mask=/work/Lang_22f:/work/Lang_22b:/work/jqwik_out/Lang_22/auto_round1_tries200_seed3/classes_f:/work/jqwik_out/Lang_22/auto_round1_tries200_seed3/classes_b -Dpbt.mode=check -jar /workspace/lib/jqwik/junit-platform-console-standalone-1.9.3.jar --disable-banner --details tree --class-path /work/jqwik_out/Lang_22/auto_round1_tries200_seed3/classes_b:/work/Lang_22b/target/classes:/opt/defects4j/framework/projects/Lang/lib/junit/junit/4.7/junit-4.7.jar:/opt/defects4j/framework/projects/Lang/lib/org/easymock/easymock/2.5.2/easymock-2.5.2.jar:/work/Lang_22b/target/test-classes:/opt/defects4j/framework/projects/Lang/lib/cglib.jar:/opt/defects4j/framework/projects/Lang/lib/asm.jar:/opt/defects4j/framework/projects/Lang/lib/easymock.jar:/opt/defects4j/framework/projects/Lang/lib/commons-io.jar:/opt/defects4j/framework/projects/lib/junit-4.12-hamcrest-1.3.jar:/work/jqwik_harness:/workspace/lib/jqwik/jqwik-1.7.4.jar:/workspace/lib/jqwik/jqwik-api-1.7.4.jar:/workspace/lib/jqwik/jqwik-engine-1.7.4.jar --scan-class-path /work/jqwik_out/Lang_22/auto_round1_tries200_seed3/classes_b --include-classname .* --include-engine jqwik --config jqwik.database=/workspace/jqwik/Result_auto_Round1/Lang_22/tries200_seed3/reports_buggy/jqwik-database --config jqwik.tries.default=200 --reports-dir /workspace/jqwik/Result_auto_Round1/Lang_22/tries200_seed3/reports_buggy
98, Fraction AutoPbtTest:m000 abs = 
                              |-----------------------jqwik-----------------------
tries = 200                   | # of calls to property
checks = 200                  | # of not rejected calls
generation = RANDOMIZED       | parameters are randomly generated
after-failure = SAMPLE_FIRST  | try previously failed sample, then previous seed
when-fixed-seed = ALLOW       | fixing the random seed is allowed
edge-cases#mode = NONE        | edge cases are not explicitly generated
seed = 3                      | random seed to reproduce generated values


timestamp = 2026-09-26T10:39:03.418015, Fraction AutoPbtTest:m001 add = 
                              |-----------------------jqwik-----------------------
tries = 200                   | # of calls to property
checks = 200                  | # of not rejected calls
generation = RANDOMIZED       | parameters are randomly generated
after-failure = SAMPLE_FIRST  | try previously failed sample, then previous seed
when-fixed-seed = ALLOW       | fixing the random seed is allowed
edge-cases#mode = NONE        | edge cases are not explicitly generated
seed = 3                      | random seed to reproduce generated values


timestamp = 2026-09-26T10:39:03.503611, Fraction AutoPbtTest:m022 pow = 
                              |-----------------------jqwik-----------------------
tries = 200                   | # of calls to property
checks = 200                  | # of not rejected calls
generation = RANDOMIZED       | parameters are randomly generated
after-failure = SAMPLE_FIRST  | try previously failed sample, then previous seed
when-fixed-seed = ALLOW       | fixing the random seed is allowed
edge-cases#mode = NONE        | edge cases are not explicitly generated
seed = 3                      | random seed to reproduce generated values


[36m╷[0m
[36m└─[0m [36mjqwik (JUnit Platform)[0m [32m✔[0m
[36m   └─[0m [36mFraction AutoPbtTest[0m [32m✔[0m
[36m      ├─[0m [34mm025 toProperString[0m [32m✔[0m
[36m      ├─[0m [34mm018 invert[0m [32m✔[0m
[36m      ├─[0m [34mm013 getProperNumerator[0m [32m✔[0m
[36m      ├─[0m [34mm003 divideBy[0m [32m✔[0m
[36m      ├─[0m [34mm015 getReducedFraction[0m [32m✔[0m
[36m      ├─[0m [34mm011 getFraction[0m [32m✔[0m
[36m      ├─[0m [34mm002 compareTo[0m [32m✔[0m
[36m      ├─[0m [34mm007 getDenominator[0m [32m✔[0m
[36m      ├─[0m [34mm010 getFraction[0m [32m✔[0m
[36m      ├─[0m [34mm005 equals[0m [32m✔[0m
[36m      ├─[0m [34mm012 getNumerator[0m [32m✔[0m
[36m      ├─[0m [34mm006 floatValue[0m [32m✔[0m
[36m      ├─[0m [34mm016 hashCode[0m [32m✔[0m
[36m      ├─[0m [34mm017 intValue[0m [32m✔[0m
[36m      ├─[0m [34mm004 doubleValue[0m [32m✔[0m
[36m      ├─[0m [34mm020 multiplyBy[0m [32m✔[0m
[36m      ├─[0m [34mm014 getProperWhole[0m [32m✔[0m
[36m      ├─[0m [34mm019 longValue[0m [32m✔[0m
[36m      ├─[0m [34mm026 toString[0m [32m✔[0m
[36m      ├─[0m [34mm024 subtract[0m [32m✔[0m
[36m      ├─[0m [34mcontract equalsHashCode[0m [32m✔[0m
[36m      ├─[0m [34mm023 reduce[0m [32m✔[0m
[36m      ├─[0m [34mm009 getFraction[0m [32m✔[0m
[36m      ├─[0m [34mcontract compareTo[0m [32m✔[0m
[36m      ├─[0m [34mm008 getFraction[0m [32m✔[0m
[36m      ├─[0m [34mm021 negate[0m [32m✔[0m
[36m      ├─[0m [34mm000 abs[0m [32m✔[0m
[36m      ├─[0m [34mm001 add[0m [32m✔[0m
[36m      └─[0m [34mm022 pow[0m [32m✔[0m

Test run finished after 15340 ms
[         2 containers found      ]
[         0 containers skipped    ]
[         2 containers started    ]
[         0 containers aborted    ]
[         2 containers successful ]
[         0 containers failed     ]
[        29 tests found           ]
[         0 tests skipped         ]
[        29 tests started         ]
[         0 tests aborted         ]
[        29 tests successful      ]
[         0 tests failed          ]


[exit=0 timeout=False time=23.2s]
