
$ defects4j checkout -p Math -v 81f -w /work/Math_81f
Checking out c78a0e3b to /work/Math_81f.................................... OK
Init local repository...................................................... OK
Tag post-fix revision...................................................... OK
Run post-checkout hook..................................................... OK
Excluding broken/flaky tests............................................... OK
Excluding broken/flaky tests............................................... OK
Excluding broken/flaky tests............................................... OK
Initialize fixed program version........................................... OK
Apply patch................................................................ OK
Initialize buggy program version........................................... OK
Diff c78a0e3b:0596e314..................................................... OK
Apply patch................................................................ OK
Tag pre-fix revision....................................................... OK
Check out program version: Math-81f........................................ OK

[exit=0 timeout=False time=4.6s]

$ defects4j compile -w /work/Math_81f
Running ant (compile)...................................................... OK
Running ant (compile.tests)................................................ OK

[exit=0 timeout=False time=14.9s]

$ defects4j checkout -p Math -v 81b -w /work/Math_81b
Checking out c78a0e3b to /work/Math_81b.................................... OK
Init local repository...................................................... OK
Tag post-fix revision...................................................... OK
Run post-checkout hook..................................................... OK
Excluding broken/flaky tests............................................... OK
Excluding broken/flaky tests............................................... OK
Excluding broken/flaky tests............................................... OK
Initialize fixed program version........................................... OK
Apply patch................................................................ OK
Initialize buggy program version........................................... OK
Diff c78a0e3b:0596e314..................................................... OK
Apply patch................................................................ OK
Tag pre-fix revision....................................................... OK
Check out program version: Math-81b........................................ OK

[exit=0 timeout=False time=4.3s]

$ defects4j compile -w /work/Math_81b
Running ant (compile)...................................................... OK
Running ant (compile.tests)................................................ OK

[exit=0 timeout=False time=18.1s]

$ java -cp /work/jqwik_harness:/workspace/lib/jqwik/jqwik-1.7.4.jar:/workspace/lib/jqwik/jqwik-api-1.7.4.jar:/workspace/lib/jqwik/jqwik-engine-1.7.4.jar pbt.auto.Generate --targets org.apache.commons.math.linear.EigenDecompositionImpl --fixed-cp /work/Math_81f/target/classes:/work/Math_81f/target/test-classes:/opt/defects4j/framework/projects/lib/junit-4.12-hamcrest-1.3.jar --buggy-cp /work/Math_81b/target/classes:/work/Math_81b/target/test-classes:/opt/defects4j/framework/projects/lib/junit-4.12-hamcrest-1.3.jar --out /workspace/jqwik/Auto/Math_81 --max-methods 150
generated test classes: 1 / 1

[exit=0 timeout=False time=0.5s]

$ javac -nowarn -encoding UTF-8 -cp /work/Math_81f/target/classes:/work/Math_81f/target/test-classes:/opt/defects4j/framework/projects/lib/junit-4.12-hamcrest-1.3.jar:/work/jqwik_harness:/workspace/lib/jqwik/jqwik-1.7.4.jar:/workspace/lib/jqwik/jqwik-api-1.7.4.jar:/workspace/lib/jqwik/jqwik-engine-1.7.4.jar -d /work/jqwik_out/Math_81/auto_round1_tries200_seed1/classes_f /workspace/jqwik/Auto/Math_81/org/apache/commons/math/linear/EigenDecompositionImpl_AutoPbtTest.java

[exit=0 timeout=False time=1.2s]

$ javac -nowarn -encoding UTF-8 -cp /work/Math_81b/target/classes:/work/Math_81b/target/test-classes:/opt/defects4j/framework/projects/lib/junit-4.12-hamcrest-1.3.jar:/work/jqwik_harness:/workspace/lib/jqwik/jqwik-1.7.4.jar:/workspace/lib/jqwik/jqwik-api-1.7.4.jar:/workspace/lib/jqwik/jqwik-engine-1.7.4.jar -d /work/jqwik_out/Math_81/auto_round1_tries200_seed1/classes_b /workspace/jqwik/Auto/Math_81/org/apache/commons/math/linear/EigenDecompositionImpl_AutoPbtTest.java

[exit=0 timeout=False time=0.9s]

$ java -Djava.awt.headless=true -Xss4m -Xmx1g -Dpbt.seed=1 -Dpbt.tries=200 -Dpbt.snapshot.dir=/work/jqwik_out/Math_81/auto_round1_tries200_seed1/snapshots -Dpbt.propertyBudgetMs=5000 -Dpbt.mask=/work/Math_81f:/work/Math_81b:/work/jqwik_out/Math_81/auto_round1_tries200_seed1/classes_f:/work/jqwik_out/Math_81/auto_round1_tries200_seed1/classes_b -Dpbt.mode=record -jar /workspace/lib/jqwik/junit-platform-console-standalone-1.9.3.jar --disable-banner --details tree --class-path /work/jqwik_out/Math_81/auto_round1_tries200_seed1/classes_f:/work/Math_81f/target/classes:/work/Math_81f/target/test-classes:/opt/defects4j/framework/projects/lib/junit-4.12-hamcrest-1.3.jar:/work/jqwik_harness:/workspace/lib/jqwik/jqwik-1.7.4.jar:/workspace/lib/jqwik/jqwik-api-1.7.4.jar:/workspace/lib/jqwik/jqwik-engine-1.7.4.jar --scan-class-path /work/jqwik_out/Math_81/auto_round1_tries200_seed1/classes_f --include-classname .* --include-engine jqwik --config jqwik.database=/workspace/jqwik/Result_auto_Round1/Math_81/tries200_seed1/reports_record/jqwik-database --config jqwik.tries.default=200 --reports-dir /workspace/jqwik/Result_auto_Round1/Math_81/tries200_seed1/reports_record
 seed
when-fixed-seed = ALLOW       | fixing the random seed is allowed
edge-cases#mode = NONE        | edge cases are not explicitly generated
seed = 1                      | random seed to reproduce generated values


timestamp = 2026-09-29T23:50:45.417745, EigenDecompositionImpl AutoPbtTest:m005 getRealEigenvalue = 
                              |-----------------------jqwik-----------------------
tries = 200                   | # of calls to property
checks = 200                  | # of not rejected calls
generation = RANDOMIZED       | parameters are randomly generated
after-failure = SAMPLE_FIRST  | try previously failed sample, then previous seed
when-fixed-seed = ALLOW       | fixing the random seed is allowed
edge-cases#mode = NONE        | edge cases are not explicitly generated
seed = 1                      | random seed to reproduce generated values


timestamp = 2026-09-29T23:50:45.496427, EigenDecompositionImpl AutoPbtTest:m007 getSolver = 
                              |-----------------------jqwik-----------------------
tries = 200                   | # of calls to property
checks = 200                  | # of not rejected calls
generation = RANDOMIZED       | parameters are randomly generated
after-failure = SAMPLE_FIRST  | try previously failed sample, then previous seed
when-fixed-seed = ALLOW       | fixing the random seed is allowed
edge-cases#mode = NONE        | edge cases are not explicitly generated
seed = 1                      | random seed to reproduce generated values


timestamp = 2026-09-29T23:50:45.587921, EigenDecompositionImpl AutoPbtTest:m004 getImagEigenvalues = 
                              |-----------------------jqwik-----------------------
tries = 200                   | # of calls to property
checks = 200                  | # of not rejected calls
generation = RANDOMIZED       | parameters are randomly generated
after-failure = SAMPLE_FIRST  | try previously failed sample, then previous seed
when-fixed-seed = ALLOW       | fixing the random seed is allowed
edge-cases#mode = NONE        | edge cases are not explicitly generated
seed = 1                      | random seed to reproduce generated values


timestamp = 2026-09-29T23:50:45.695204, EigenDecompositionImpl AutoPbtTest:m006 getRealEigenvalues = 
                              |-----------------------jqwik-----------------------
tries = 200                   | # of calls to property
checks = 200                  | # of not rejected calls
generation = RANDOMIZED       | parameters are randomly generated
after-failure = SAMPLE_FIRST  | try previously failed sample, then previous seed
when-fixed-seed = ALLOW       | fixing the random seed is allowed
edge-cases#mode = NONE        | edge cases are not explicitly generated
seed = 1                      | random seed to reproduce generated values


[36m╷[0m
[36m└─[0m [36mjqwik (JUnit Platform)[0m [32m✔[0m
[36m   └─[0m [36mEigenDecompositionImpl AutoPbtTest[0m [32m✔[0m
[36m      ├─[0m [34mm009 getVT[0m [32m✔[0m
[36m      ├─[0m [34mm000 getD[0m [32m✔[0m
[36m      ├─[0m [34mm002 getEigenvector[0m [32m✔[0m
[36m      ├─[0m [34mm008 getV[0m [32m✔[0m
[36m      ├─[0m [34mm001 getDeterminant[0m [32m✔[0m
[36m      ├─[0m [34mm003 getImagEigenvalue[0m [32m✔[0m
[36m      ├─[0m [34mm005 getRealEigenvalue[0m [32m✔[0m
[36m      ├─[0m [34mm007 getSolver[0m [32m✔[0m
[36m      ├─[0m [34mm004 getImagEigenvalues[0m [32m✔[0m
[36m      └─[0m [34mm006 getRealEigenvalues[0m [32m✔[0m

Test run finished after 1809 ms
[         2 containers found      ]
[         0 containers skipped    ]
[         2 containers started    ]
[         0 containers aborted    ]
[         2 containers successful ]
[         0 containers failed     ]
[        10 tests found           ]
[         0 tests skipped         ]
[        10 tests started         ]
[         0 tests aborted         ]
[        10 tests successful      ]
[         0 tests failed          ]


[exit=0 timeout=False time=2.9s]

$ java -Djava.awt.headless=true -Xss4m -Xmx1g -Dpbt.seed=1 -Dpbt.tries=200 -Dpbt.snapshot.dir=/work/jqwik_out/Math_81/auto_round1_tries200_seed1/snapshots -Dpbt.propertyBudgetMs=5000 -Dpbt.mask=/work/Math_81f:/work/Math_81b:/work/jqwik_out/Math_81/auto_round1_tries200_seed1/classes_f:/work/jqwik_out/Math_81/auto_round1_tries200_seed1/classes_b -Dpbt.mode=check -javaagent:/opt/jacoco/lib/jacocoagent.jar=destfile=/workspace/jqwik/Result_auto_Round1/Math_81/tries200_seed1/jacoco.exec -jar /workspace/lib/jqwik/junit-platform-console-standalone-1.9.3.jar --disable-banner --details tree --class-path /work/jqwik_out/Math_81/auto_round1_tries200_seed1/classes_f:/work/Math_81f/target/classes:/work/Math_81f/target/test-classes:/opt/defects4j/framework/projects/lib/junit-4.12-hamcrest-1.3.jar:/work/jqwik_harness:/workspace/lib/jqwik/jqwik-1.7.4.jar:/workspace/lib/jqwik/jqwik-api-1.7.4.jar:/workspace/lib/jqwik/jqwik-engine-1.7.4.jar --scan-class-path /work/jqwik_out/Math_81/auto_round1_tries200_seed1/classes_f --include-classname .* --include-engine jqwik --config jqwik.database=/workspace/jqwik/Result_auto_Round1/Math_81/tries200_seed1/reports_fixed/jqwik-database --config jqwik.tries.default=200 --reports-dir /workspace/jqwik/Result_auto_Round1/Math_81/tries200_seed1/reports_fixed
 seed
when-fixed-seed = ALLOW       | fixing the random seed is allowed
edge-cases#mode = NONE        | edge cases are not explicitly generated
seed = 1                      | random seed to reproduce generated values


timestamp = 2026-09-29T23:50:49.829402, EigenDecompositionImpl AutoPbtTest:m005 getRealEigenvalue = 
                              |-----------------------jqwik-----------------------
tries = 200                   | # of calls to property
checks = 200                  | # of not rejected calls
generation = RANDOMIZED       | parameters are randomly generated
after-failure = SAMPLE_FIRST  | try previously failed sample, then previous seed
when-fixed-seed = ALLOW       | fixing the random seed is allowed
edge-cases#mode = NONE        | edge cases are not explicitly generated
seed = 1                      | random seed to reproduce generated values


timestamp = 2026-09-29T23:50:49.931001, EigenDecompositionImpl AutoPbtTest:m007 getSolver = 
                              |-----------------------jqwik-----------------------
tries = 200                   | # of calls to property
checks = 200                  | # of not rejected calls
generation = RANDOMIZED       | parameters are randomly generated
after-failure = SAMPLE_FIRST  | try previously failed sample, then previous seed
when-fixed-seed = ALLOW       | fixing the random seed is allowed
edge-cases#mode = NONE        | edge cases are not explicitly generated
seed = 1                      | random seed to reproduce generated values


timestamp = 2026-09-29T23:50:49.995393, EigenDecompositionImpl AutoPbtTest:m004 getImagEigenvalues = 
                              |-----------------------jqwik-----------------------
tries = 200                   | # of calls to property
checks = 200                  | # of not rejected calls
generation = RANDOMIZED       | parameters are randomly generated
after-failure = SAMPLE_FIRST  | try previously failed sample, then previous seed
when-fixed-seed = ALLOW       | fixing the random seed is allowed
edge-cases#mode = NONE        | edge cases are not explicitly generated
seed = 1                      | random seed to reproduce generated values


timestamp = 2026-09-29T23:50:50.055301, EigenDecompositionImpl AutoPbtTest:m006 getRealEigenvalues = 
                              |-----------------------jqwik-----------------------
tries = 200                   | # of calls to property
checks = 200                  | # of not rejected calls
generation = RANDOMIZED       | parameters are randomly generated
after-failure = SAMPLE_FIRST  | try previously failed sample, then previous seed
when-fixed-seed = ALLOW       | fixing the random seed is allowed
edge-cases#mode = NONE        | edge cases are not explicitly generated
seed = 1                      | random seed to reproduce generated values


[36m╷[0m
[36m└─[0m [36mjqwik (JUnit Platform)[0m [32m✔[0m
[36m   └─[0m [36mEigenDecompositionImpl AutoPbtTest[0m [32m✔[0m
[36m      ├─[0m [34mm009 getVT[0m [32m✔[0m
[36m      ├─[0m [34mm000 getD[0m [32m✔[0m
[36m      ├─[0m [34mm002 getEigenvector[0m [32m✔[0m
[36m      ├─[0m [34mm008 getV[0m [32m✔[0m
[36m      ├─[0m [34mm001 getDeterminant[0m [32m✔[0m
[36m      ├─[0m [34mm003 getImagEigenvalue[0m [32m✔[0m
[36m      ├─[0m [34mm005 getRealEigenvalue[0m [32m✔[0m
[36m      ├─[0m [34mm007 getSolver[0m [32m✔[0m
[36m      ├─[0m [34mm004 getImagEigenvalues[0m [32m✔[0m
[36m      └─[0m [34mm006 getRealEigenvalues[0m [32m✔[0m

Test run finished after 2411 ms
[         2 containers found      ]
[         0 containers skipped    ]
[         2 containers started    ]
[         0 containers aborted    ]
[         2 containers successful ]
[         0 containers failed     ]
[        10 tests found           ]
[         0 tests skipped         ]
[        10 tests started         ]
[         0 tests aborted         ]
[        10 tests successful      ]
[         0 tests failed          ]


[exit=0 timeout=False time=10.1s]

$ java -jar /opt/jacoco/lib/jacococli.jar report /workspace/jqwik/Result_auto_Round1/Math_81/tries200_seed1/jacoco.exec --classfiles /work/Math_81f/target/classes --csv /workspace/jqwik/Result_auto_Round1/Math_81/tries200_seed1/jacoco.csv
[INFO] Loading execution data file /workspace/jqwik/Result_auto_Round1/Math_81/tries200_seed1/jacoco.exec.
[INFO] Analyzing 361 classes.

[exit=0 timeout=False time=1.0s]

$ java -Djava.awt.headless=true -Xss4m -Xmx1g -Dpbt.seed=1 -Dpbt.tries=200 -Dpbt.snapshot.dir=/work/jqwik_out/Math_81/auto_round1_tries200_seed1/snapshots -Dpbt.propertyBudgetMs=5000 -Dpbt.mask=/work/Math_81f:/work/Math_81b:/work/jqwik_out/Math_81/auto_round1_tries200_seed1/classes_f:/work/jqwik_out/Math_81/auto_round1_tries200_seed1/classes_b -Dpbt.mode=check -jar /workspace/lib/jqwik/junit-platform-console-standalone-1.9.3.jar --disable-banner --details tree --class-path /work/jqwik_out/Math_81/auto_round1_tries200_seed1/classes_b:/work/Math_81b/target/classes:/work/Math_81b/target/test-classes:/opt/defects4j/framework/projects/lib/junit-4.12-hamcrest-1.3.jar:/work/jqwik_harness:/workspace/lib/jqwik/jqwik-1.7.4.jar:/workspace/lib/jqwik/jqwik-api-1.7.4.jar:/workspace/lib/jqwik/jqwik-engine-1.7.4.jar --scan-class-path /work/jqwik_out/Math_81/auto_round1_tries200_seed1/classes_b --include-classname .* --include-engine jqwik --config jqwik.database=/workspace/jqwik/Result_auto_Round1/Math_81/tries200_seed1/reports_buggy/jqwik-database --config jqwik.tries.default=200 --reports-dir /workspace/jqwik/Result_auto_Round1/Math_81/tries200_seed1/reports_buggy
 seed
when-fixed-seed = ALLOW       | fixing the random seed is allowed
edge-cases#mode = NONE        | edge cases are not explicitly generated
seed = 1                      | random seed to reproduce generated values


timestamp = 2026-09-29T23:51:02.533529, EigenDecompositionImpl AutoPbtTest:m005 getRealEigenvalue = 
                              |-----------------------jqwik-----------------------
tries = 200                   | # of calls to property
checks = 200                  | # of not rejected calls
generation = RANDOMIZED       | parameters are randomly generated
after-failure = SAMPLE_FIRST  | try previously failed sample, then previous seed
when-fixed-seed = ALLOW       | fixing the random seed is allowed
edge-cases#mode = NONE        | edge cases are not explicitly generated
seed = 1                      | random seed to reproduce generated values


timestamp = 2026-09-29T23:51:02.664456, EigenDecompositionImpl AutoPbtTest:m007 getSolver = 
                              |-----------------------jqwik-----------------------
tries = 200                   | # of calls to property
checks = 200                  | # of not rejected calls
generation = RANDOMIZED       | parameters are randomly generated
after-failure = SAMPLE_FIRST  | try previously failed sample, then previous seed
when-fixed-seed = ALLOW       | fixing the random seed is allowed
edge-cases#mode = NONE        | edge cases are not explicitly generated
seed = 1                      | random seed to reproduce generated values


timestamp = 2026-09-29T23:51:02.785020, EigenDecompositionImpl AutoPbtTest:m004 getImagEigenvalues = 
                              |-----------------------jqwik-----------------------
tries = 200                   | # of calls to property
checks = 200                  | # of not rejected calls
generation = RANDOMIZED       | parameters are randomly generated
after-failure = SAMPLE_FIRST  | try previously failed sample, then previous seed
when-fixed-seed = ALLOW       | fixing the random seed is allowed
edge-cases#mode = NONE        | edge cases are not explicitly generated
seed = 1                      | random seed to reproduce generated values


timestamp = 2026-09-29T23:51:02.905877, EigenDecompositionImpl AutoPbtTest:m006 getRealEigenvalues = 
                              |-----------------------jqwik-----------------------
tries = 200                   | # of calls to property
checks = 200                  | # of not rejected calls
generation = RANDOMIZED       | parameters are randomly generated
after-failure = SAMPLE_FIRST  | try previously failed sample, then previous seed
when-fixed-seed = ALLOW       | fixing the random seed is allowed
edge-cases#mode = NONE        | edge cases are not explicitly generated
seed = 1                      | random seed to reproduce generated values


[36m╷[0m
[36m└─[0m [36mjqwik (JUnit Platform)[0m [32m✔[0m
[36m   └─[0m [36mEigenDecompositionImpl AutoPbtTest[0m [32m✔[0m
[36m      ├─[0m [34mm009 getVT[0m [32m✔[0m
[36m      ├─[0m [34mm000 getD[0m [32m✔[0m
[36m      ├─[0m [34mm002 getEigenvector[0m [32m✔[0m
[36m      ├─[0m [34mm008 getV[0m [32m✔[0m
[36m      ├─[0m [34mm001 getDeterminant[0m [32m✔[0m
[36m      ├─[0m [34mm003 getImagEigenvalue[0m [32m✔[0m
[36m      ├─[0m [34mm005 getRealEigenvalue[0m [32m✔[0m
[36m      ├─[0m [34mm007 getSolver[0m [32m✔[0m
[36m      ├─[0m [34mm004 getImagEigenvalues[0m [32m✔[0m
[36m      └─[0m [34mm006 getRealEigenvalues[0m [32m✔[0m

Test run finished after 2875 ms
[         2 containers found      ]
[         0 containers skipped    ]
[         2 containers started    ]
[         0 containers aborted    ]
[         2 containers successful ]
[         0 containers failed     ]
[        10 tests found           ]
[         0 tests skipped         ]
[        10 tests started         ]
[         0 tests aborted         ]
[        10 tests successful      ]
[         0 tests failed          ]


[exit=0 timeout=False time=4.4s]
