
$ defects4j compile -w /work/Lang_20f
Running ant (compile)...................................................... OK
Running ant (compile.tests)................................................ OK

[exit=0 timeout=False time=0.9s]

$ defects4j compile -w /work/Lang_20b
Running ant (compile)...................................................... OK
Running ant (compile.tests)................................................ OK

[exit=0 timeout=False time=0.9s]

$ java -jar /opt/evosuite/evosuite-1.2.0.jar -generateSuite -class org.apache.commons.lang3.StringUtils -projectCP /work/Lang_20f/target/classes:/work/Lang_20f/target/classes -Dcriterion=LINE:BRANCH:EXCEPTION -Dsearch_budget=120 -seed 1 -Dtest_dir=/work/evo_out/Lang_20f/budget120_seed1/tests -Dreport_dir=/work/evo_out/Lang_20f/budget120_seed1/report
* EvoSuite 1.2.0
* Going to generate test cases for class: org.apache.commons.lang3.StringUtils
* Starting Client-0
* Connecting to master process on port 9922
* Analyzing classpath: 
  - /work/Lang_20f/target/classes
  - /work/Lang_20f/target/classes
[MASTER] 08:43:56.682 [logback-1] WARN  InheritanceTree - Class not in inheritance graph: java.util.Locale$IsoCountryCode
[MASTER] 08:43:56.732 [logback-1] WARN  InheritanceTree - Class not in inheritance graph: java.lang.module.ModuleFinder
* Finished analyzing classpath
* Generating tests for class org.apache.commons.lang3.StringUtils
* Test criteria:
  - Line Coverage
  - Branch Coverage
  - Exception
* Setting up search algorithm for whole suite generation
* Total number of test goals: 
  - Line 1264
  - Branch 1183
  - Exception 0

[Progress:>                             0%] [Cov:>                                  0%]* Using seed 1
* Starting evolution

[Progress:>                             0%] [Cov:===>                               10%]
[Progress:>                             0%] [Cov:======>                            18%]
[Progress:>                             0%] [Cov:=================>                 51%][MASTER] 08:43:58.409 [logback-1] WARN  TestCluster - Failed to check cache for java.util.Comparator<T> : Type points to itself

[Progress:>                             1%] [Cov:=>                                 4%]
[Progress:>                             1%] [Cov:==>                                8%]
[Progress:>                             1%] [Cov:==============>                    42%]
[Progress:>                             1%] [Cov:===============>                   43%]
[Progress:>                             1%] [Cov:================>                  47%]
[Progress:>                             1%] [Cov:=================>                 50%]
[Progress:>                             2%] [Cov:==>                                6%]
[Progress:>                             2%] [Cov:===>                               11%]
[Progress:>                             2%] [Cov:===============>                   44%]
[Progress:>                             2%] [Cov:================>                  47%]
[Progress:>                             2%] [Cov:=================>                 50%]
[Progress:>                             2%] [Cov:=================>                 51%]
[Progress:>                             3%] [Cov:================>                  46%]
[Progress:>                             3%] [Cov:================>                  48%]
[Progress:>                             3%] [Cov:===============================>   89%]
[Progress:=>                            4%] [Cov:===============================>   89%]
[Progress:=>                            4%] [Cov:===============================>   89%]
[Progress:=>                            4%] [Cov:===============================>   90%]
[Progress:=>                            4%] [Cov:===============================>   90%]
[Progress:=>                            5%] [Cov:===============================>   90%]
[Progress:=>                            5%] [Cov:===============================>   90%]
[Progress:=>                            5%] [Cov:===============================>   91%]
[Progress:=>                            5%] [Cov:===============================>   91%]
[Progress:=>                            5%] [Cov:===============================>   91%]
[Progress:=>                            6%] [Cov:===============================>   91%]
[Progress:=>                            6%] [Cov:===============================>   91%]
[Progress:=>                            6%] [Cov:===============================>   91%]
[Progress:==>                           7%] [Cov:===============================>   91%]
[Progress:==>                           7%] [Cov:===============================>   91%]
[Progress:==>                           8%] [Cov:===============================>   91%]
[Progress:==>                           8%] [Cov:================================>  92%]
[Progress:==>                           8%] [Cov:================================>  92%]
[Progress:==>                           9%] [Cov:================================>  92%]
[Progress:==>                           9%] [Cov:================================>  92%]
[Progress:===>                          10%] [Cov:================================>  92%]
[Progress:===>                          10%] [Cov:================================>  92%]
[Progress:===>                          10%] [Cov:================================>  92%]
[Progress:===>                          11%] [Cov:================================>  92%]
[Progress:===>                          11%] [Cov:================================>  92%]
[Progress:===>                          12%] [Cov:================================>  92%]
[Progress:===>                          12%] [Cov:================================>  92%]
[Progress:===>                          12%] [Cov:================================>  92%]
[Progress:===>                          13%] [Cov:================================>  92%]
[Progress:===>                          13%] [Cov:================================>  92%]
[Progress:====>                         14%] [Cov:================================>  92%]
[Progress:====>                         14%] [Cov:================================>  92%]
[Progress:====>                         14%] [Cov:================================>  92%]
[Progress:====>                         15%] [Cov:================================>  92%]
[Progress:====>                         15%] [Cov:================================>  93%]
[Progress:====>                         15%] [Cov:================================>  93%]
[Progress:====>                         15%] [Cov:================================>  93%]
[Progress:====>                         16%] [Cov:================================>  93%]
[Progress:====>                         16%] [Cov:================================>  93%]
[Progress:=====>                        17%] [Cov:================================>  93%]
[Progress:=====>                        17%] [Cov:================================>  93%]
[Progress:=====>                        18%] [Cov:================================>  93%]
[Progress:=====>                        18%] [Cov:================================>  93%]
[Progress:=====>                        19%] [Cov:================================>  93%]
[Progress:=====>                        19%] [Cov:================================>  93%]
[Progress:======>                       20%] [Cov:================================>  93%]
[Progress:======>                       20%] [Cov:================================>  93%]
[Progress:======>                       20%] [Cov:================================>  94%]
[Progress:======>                       20%] [Cov:================================>  94%]
[Progress:======>                       21%] [Cov:================================>  94%]
[Progress:======>                       21%] [Cov:================================>  94%]
[Progress:======>                       22%] [Cov:================================>  94%]
[Progress:======>                       23%] [Cov:================================>  94%]
[Progress:=======>                      24%] [Cov:================================>  94%]
[Progress:=======>                      25%] [Cov:================================>  94%]
[Progress:=======>                      25%] [Cov:================================>  94%]
[Progress:=======>                      26%] [Cov:================================>  94%]
[Progress:========>                     27%] [Cov:================================>  94%]
[Progress:========>                     27%] [Cov:================================>  94%]
[Progress:========>                     28%] [Cov:================================>  94%]
[Progress:========>                     28%] [Cov:================================>  94%]
[Progress:========>                     29%] [Cov:================================>  94%]
[Progress:========>                     29%] [Cov:================================>  94%]
[Progress:=========>                    30%] [Cov:================================>  94%]
[Progress:=========>                    30%] [Cov:================================>  94%]
[Progress:=========>                    30%] [Cov:================================>  94%]
[Progress:=========>                    31%] [Cov:================================>  94%]
[Progress:=========>                    31%] [Cov:================================>  94%]
[Progress:=========>                    31%] [Cov:================================>  94%]
[Progress:=========>                    32%] [Cov:================================>  94%]
[Progress:=========>                    32%] [Cov:================================>  94%]
[Progress:=========>                    33%] [Cov:================================>  94%]
[Progress:==========>                   34%] [Cov:================================>  94%]
[Progress:==========>                   34%] [Cov:================================>  94%]
[Progress:==========>                   35%] [Cov:================================>  94%]
[Progress:==========>                   35%] [Cov:================================>  94%]
[Progress:==========>                   35%] [Cov:================================>  94%]
[Progress:==========>                   35%] [Cov:================================>  94%]
[Progress:==========>                   36%] [Cov:================================>  94%]
[Progress:==========>                   36%] [Cov:================================>  94%]
[Progress:===========>                  37%] [Cov:================================>  94%]
[Progress:===========>                  37%] [Cov:================================>  94%]
[Progress:===========>                  37%] [Cov:================================>  94%]
[Progress:===========>                  38%] [Cov:================================>  94%]
[Progress:===========>                  39%] [Cov:================================>  94%]
[Progress:===========>                  39%] [Cov:=================================> 95%]
[Progress:============>                 40%] [Cov:=================================> 95%]
[Progress:============>                 40%] [Cov:=================================> 95%]
[Progress:============>                 41%] [Cov:=================================> 95%]
[Progress:============>                 41%] [Cov:=================================> 95%]
[Progress:============>                 41%] [Cov:=================================> 95%]
[Progress:============>                 42%] [Cov:=================================> 95%]
[Progress:============>                 42%] [Cov:=================================> 95%]
[Progress:============>                 43%] [Cov:=================================> 95%]
[Progress:============>                 43%] [Cov:=================================> 95%]
[Progress:=============>                44%] [Cov:=================================> 95%]
[Progress:=============>                44%] [Cov:=================================> 95%]
[Progress:=============>                44%] [Cov:=================================> 95%]
[Progress:=============>                45%] [Cov:=================================> 95%]
[Progress:=============>                45%] [Cov:=================================> 95%]
[Progress:=============>                45%] [Cov:=================================> 95%]
[Progress:=============>                46%] [Cov:=================================> 95%]
[Progress:==============>               47%] [Cov:=================================> 95%]
[Progress:==============>               47%] [Cov:=================================> 95%]
[Progress:==============>               47%] [Cov:=================================> 95%]
[Progress:==============>               48%] [Cov:=================================> 95%]
[Progress:==============>               48%] [Cov:=================================> 95%]
[Progress:==============>               49%] [Cov:=================================> 95%]
[Progress:==============>               49%] [Cov:=================================> 95%]
[Progress:===============>              50%] [Cov:=================================> 95%]
[Progress:===============>              50%] [Cov:=================================> 95%]
[Progress:===============>              50%] [Cov:=================================> 96%]
[Progress:===============>              50%] [Cov:=================================> 96%]
[Progress:===============>              51%] [Cov:=================================> 96%]
[Progress:===============>              51%] [Cov:=================================> 96%]
[Progress:===============>              51%] [Cov:=================================> 96%]
[Progress:===============>              52%] [Cov:=================================> 96%]
[Progress:===============>              52%] [Cov:=================================> 96%]
[Progress:===============>              53%] [Cov:=================================> 96%]
[Progress:===============>              53%] [Cov:=================================> 96%]
[Progress:===============>              53%] [Cov:=================================> 96%]
[Progress:================>             54%] [Cov:=================================> 96%]
[Progress:================>             54%] [Cov:=================================> 96%]
[Progress:================>             55%] [Cov:=================================> 96%]
[Progress:================>             55%] [Cov:=================================> 96%]
[Progress:================>             55%] [Cov:=================================> 96%]
[Progress:================>             55%] [Cov:=================================> 96%]
[Progress:================>             56%] [Cov:=================================> 96%]
[Progress:================>             56%] [Cov:=================================> 96%]
[Progress:=================>            57%] [Cov:=================================> 96%]
[Progress:=================>            58%] [Cov:=================================> 96%]
[Progress:=================>            58%] [Cov:=================================> 96%]
[Progress:=================>            59%] [Cov:=================================> 96%]
[Progress:=================>            59%] [Cov:=================================> 96%]
[Progress:==================>           60%] [Cov:=================================> 96%]
[Progress:==================>           60%] [Cov:=================================> 96%]
[Progress:==================>           60%] [Cov:=================================> 96%]
[Progress:==================>           61%] [Cov:=================================> 96%]
[Progress:==================>           61%] [Cov:=================================> 96%]
[Progress:==================>           62%] [Cov:=================================> 96%]
[Progress:==================>           62%] [Cov:=================================> 96%]
[Progress:==================>           62%] [Cov:=================================> 96%]
[Progress:==================>           63%] [Cov:=================================> 96%]
[Progress:==================>           63%] [Cov:=================================> 96%]
[Progress:===================>          64%] [Cov:=================================> 96%]
[Progress:===================>          64%] [Cov:=================================> 96%]
[Progress:===================>          65%] [Cov:=================================> 96%]
[Progress:===================>          65%] [Cov:=================================> 96%]
[Progress:===================>          65%] [Cov:=================================> 96%]
[Progress:===================>          66%] [Cov:=================================> 96%]
[Progress:===================>          66%] [Cov:=================================> 96%]
[Progress:===================>          66%] [Cov:=================================> 96%]
[Progress:====================>         67%] [Cov:=================================> 96%]
[Progress:====================>         67%] [Cov:=================================> 96%]
[Progress:====================>         68%] [Cov:=================================> 96%]
[Progress:====================>         68%] [Cov:=================================> 96%]
[Progress:====================>         68%] [Cov:=================================> 96%]
[Progress:====================>         69%] [Cov:=================================> 96%]
[Progress:====================>         69%] [Cov:=================================> 96%]
[Progress:=====================>        70%] [Cov:=================================> 96%]
[Progress:=====================>        70%] [Cov:=================================> 96%]
[Progress:=====================>        70%] [Cov:=================================> 96%]
[Progress:=====================>        70%] [Cov:=================================> 96%]
[Progress:=====================>        71%] [Cov:=================================> 96%]
[Progress:=====================>        71%] [Cov:=================================> 96%]
[Progress:=====================>        72%] [Cov:=================================> 96%]
[Progress:=====================>        72%] [Cov:=================================> 96%]
[Progress:=====================>        73%] [Cov:=================================> 96%]
[Progress:=====================>        73%] [Cov:=================================> 96%]
[Progress:======================>       74%] [Cov:=================================> 96%]
[Progress:======================>       74%] [Cov:=================================> 96%]
[Progress:======================>       75%] [Cov:=================================> 96%]
[Progress:======================>       75%] [Cov:=================================> 96%]
[Progress:======================>       75%] [Cov:=================================> 96%]
[Progress:======================>       76%] [Cov:=================================> 96%]
[Progress:======================>       76%] [Cov:=================================> 96%]
[Progress:======================>       76%] [Cov:=================================> 96%]
[Progress:=======================>      77%] [Cov:=================================> 96%]
[Progress:=======================>      77%] [Cov:=================================> 96%]
[Progress:=======================>      78%] [Cov:=================================> 96%]
[Progress:=======================>      78%] [Cov:=================================> 96%]
[Progress:=======================>      79%] [Cov:=================================> 96%]
[Progress:=======================>      79%] [Cov:=================================> 96%]
[Progress:========================>     80%] [Cov:=================================> 96%]
[Progress:========================>     80%] [Cov:=================================> 96%]
[Progress:========================>     80%] [Cov:=================================> 96%]
[Progress:========================>     80%] [Cov:=================================> 96%]
[Progress:========================>     81%] [Cov:=================================> 96%]
[Progress:========================>     81%] [Cov:=================================> 96%]
[Progress:========================>     82%] [Cov:=================================> 96%]
[Progress:========================>     82%] [Cov:=================================> 96%]
[Progress:========================>     83%] [Cov:=================================> 96%]
[Progress:========================>     83%] [Cov:=================================> 96%]
[Progress:========================>     83%] [Cov:=================================> 96%]
[Progress:=========================>    84%] [Cov:=================================> 96%]
[Progress:=========================>    84%] [Cov:=================================> 96%]
[Progress:=========================>    85%] [Cov:=================================> 96%]
[Progress:=========================>    85%] [Cov:=================================> 96%]
[Progress:=========================>    85%] [Cov:=================================> 96%]
[Progress:=========================>    85%] [Cov:=================================> 96%]
[Progress:=========================>    86%] [Cov:=================================> 96%]
[Progress:=========================>    86%] [Cov:=================================> 96%]
[Progress:==========================>   87%] [Cov:=================================> 96%]
[Progress:==========================>   87%] [Cov:=================================> 96%]
[Progress:==========================>   88%] [Cov:=================================> 96%]
[Progress:==========================>   88%] [Cov:=================================> 96%]
[Progress:==========================>   89%] [Cov:=================================> 96%]
[Progress:==========================>   89%] [Cov:=================================> 96%]
[Progress:===========================>  90%] [Cov:=================================> 96%]
[Progress:===========================>  90%] [Cov:=================================> 96%]
[Progress:===========================>  90%] [Cov:=================================> 96%]
[Progress:===========================>  90%] [Cov:=================================> 96%]
[Progress:===========================>  91%] [Cov:=================================> 96%]
[Progress:===========================>  91%] [Cov:=================================> 96%]
[Progress:===========================>  92%] [Cov:=================================> 96%]
[Progress:===========================>  92%] [Cov:=================================> 96%]
[Progress:===========================>  93%] [Cov:=================================> 96%]
[Progress:===========================>  93%] [Cov:=================================> 96%]
[Progress:===========================>  93%] [Cov:=================================> 96%]
[Progress:============================> 94%] [Cov:=================================> 96%]
[Progress:============================> 95%] [Cov:=================================> 96%]
[Progress:============================> 95%] [Cov:=================================> 96%]
[Progress:============================> 95%] [Cov:=================================> 96%]
[Progress:============================> 96%] [Cov:=================================> 96%]
[Progress:============================> 96%] [Cov:=================================> 96%]
[Progress:=============================>97%] [Cov:=================================> 96%]
[Progress:=============================>97%] [Cov:=================================> 96%]
[Progress:=============================>98%] [Cov:=================================> 96%]
[Progress:=============================>98%] [Cov:=================================> 96%]
[Progress:=============================>99%] [Cov:=================================> 96%]
[Progress:=============================>99%] [Cov:=================================> 96%]
[Progress:==============================100%] [Cov:=================================> 96%]
[Progress:==============================100%] [Cov:=================================> 96%]
[Progress:==============================100%] [Cov:=================================> 96%]
[Progress:==============================100%] [Cov:=================================> 96%]
* Search finished after 122s and 150 generations, 136165 statements, best individual has fitness: 106.58706602244085
* Minimizing test suite
* Going to analyze the coverage criteria
* Coverage analysis for criterion LINE
* Coverage of criterion LINE: 96%
* Total number of goals: 1264
* Number of covered goals: 1210
* Coverage analysis for criterion BRANCH
* Coverage of criterion BRANCH: 94%
* Total number of goals: 1183
* Number of covered goals: 1115
* Coverage analysis for criterion EXCEPTION
* Coverage of criterion EXCEPTION: 100%
* Total number of goals: 20
* Number of covered goals: 20
* Generated 450 tests with total length 629
* Resulting test suite's coverage: 97% (average coverage for all fitness functions)
* Generating assertions
* Resulting test suite's mutation score: 53%
[MASTER] 08:47:23.524 [logback-1] WARN  SimpleMutationAssertionGenerator - Reached maximum time to generate assertions, aborting assertion generation
* Compiling and checking tests
* Writing tests to file
* Writing JUnit test case 'StringUtils_ESTest' to /work/evo_out/Lang_20f/budget120_seed1/tests
* Done!

* Computation finished
[MASTER] 08:44:09.516 [logback-2] ERROR ClientNodeImpl - Cannot inform master of change of state
java.rmi.ServerException: RemoteException occurred in server thread; nested exception is: 
	java.rmi.UnmarshalException: error unmarshalling arguments; nested exception is: 
	java.io.OptionalDataException
	at java.rmi/sun.rmi.server.UnicastServerRef.dispatch(UnicastServerRef.java:391)
	at java.rmi/sun.rmi.transport.Transport$1.run(Transport.java:200)
	at java.rmi/sun.rmi.transport.Transport$1.run(Transport.java:197)
	at java.base/java.security.AccessController.doPrivileged(Native Method)
	at java.rmi/sun.rmi.transport.Transport.serviceCall(Transport.java:196)
	at java.rmi/sun.rmi.transport.tcp.TCPTransport.handleMessages(TCPTransport.java:562)
	at java.rmi/sun.rmi.transport.tcp.TCPTransport$ConnectionHandler.run0(TCPTransport.java:796)
	at java.rmi/sun.rmi.transport.tcp.TCPTransport$ConnectionHandler.lambda$run$0(TCPTransport.java:677)
	at java.base/java.security.AccessController.doPrivileged(Native Method)
	at java.rmi/sun.rmi.transport.tcp.TCPTransport$ConnectionHandler.run(TCPTransport.java:676)
	at java.base/java.util.concurrent.ThreadPoolExecutor.runWorker(ThreadPoolExecutor.java:1128)
	at java.base/java.util.concurrent.ThreadPoolExecutor$Worker.run(ThreadPoolExecutor.java:628)
	at java.base/java.lang.Thread.run(Thread.java:829)
	at java.rmi/sun.rmi.transport.StreamRemoteCall.exceptionReceivedFromServer(StreamRemoteCall.java:303)
	at java.rmi/sun.rmi.transport.StreamRemoteCall.executeCall(StreamRemoteCall.java:279)
	at java.rmi/sun.rmi.server.UnicastRef.invoke(UnicastRef.java:164)
	at java.rmi/java.rmi.server.RemoteObjectInvocationHandler.invokeRemoteMethod(RemoteObjectInvocationHandler.java:217)
	at java.rmi/java.rmi.server.RemoteObjectInvocationHandler.invoke(RemoteObjectInvocationHandler.java:162)
	at com.sun.proxy.$Proxy7.evosuite_collectStatistics(Unknown Source)
	at org.evosuite.rmi.service.ClientNodeImpl.updateStatistics(ClientNodeImpl.java:251)
	at org.evosuite.statistics.StatisticsSender.sendIndividualToMaster(StatisticsSender.java:62)
	at org.evosuite.statistics.StatisticsListener.lambda$new$0(StatisticsListener.java:76)
	at java.base/java.lang.Thread.run(Thread.java:829)
Caused by: java.rmi.UnmarshalException: error unmarshalling arguments; nested exception is: 
	java.io.OptionalDataException
	at java.rmi/sun.rmi.server.UnicastServerRef.dispatch(UnicastServerRef.java:350)
	at java.rmi/sun.rmi.transport.Transport$1.run(Transport.java:200)
	at java.rmi/sun.rmi.transport.Transport$1.run(Transport.java:197)
	at java.base/java.security.AccessController.doPrivileged(Native Method)
	at java.rmi/sun.rmi.transport.Transport.serviceCall(Transport.java:196)
	at java.rmi/sun.rmi.transport.tcp.TCPTransport.handleMessages(TCPTransport.java:562)
	at java.rmi/sun.rmi.transport.tcp.TCPTransport$ConnectionHandler.run0(TCPTransport.java:796)
	at java.rmi/sun.rmi.transport.tcp.TCPTransport$ConnectionHandler.lambda$run$0(TCPTransport.java:677)
	at java.base/java.security.AccessController.doPrivileged(Native Method)
	at java.rmi/sun.rmi.transport.tcp.TCPTransport$ConnectionHandler.run(TCPTransport.java:676)
	at java.base/java.util.concurrent.ThreadPoolExecutor.runWorker(ThreadPoolExecutor.java:1128)
	at java.base/java.util.concurrent.ThreadPoolExecutor$Worker.run(ThreadPoolExecutor.java:628)
	... 1 common frames omitted
Caused by: java.io.OptionalDataException: null
	at java.base/java.io.ObjectInputStream.readObject0(ObjectInputStream.java:1710)
	at java.base/java.io.ObjectInputStream.readObject(ObjectInputStream.java:489)
	at java.base/java.io.ObjectInputStream.readObject(ObjectInputStream.java:447)
	at java.base/java.util.HashMap.readObject(HashMap.java:1464)
	at java.base/jdk.internal.reflect.GeneratedMethodAccessor6.invoke(Unknown Source)
	at java.base/jdk.internal.reflect.DelegatingMethodAccessorImpl.invoke(DelegatingMethodAccessorImpl.java:43)
	at java.base/java.lang.reflect.Method.invoke(Method.java:566)
	at java.base/java.io.ObjectStreamClass.invokeReadObject(ObjectStreamClass.java:1046)
	at java.base/java.io.ObjectInputStream.readSerialData(ObjectInputStream.java:2357)
	at java.base/java.io.ObjectInputStream.readOrdinaryObject(ObjectInputStream.java:2228)
	at java.base/java.io.ObjectInputStream.readObject0(ObjectInputStream.java:1687)
	at java.base/java.io.ObjectInputStream.defaultReadFields(ObjectInputStream.java:2496)
	at java.base/java.io.ObjectInputStream.readSerialData(ObjectInputStream.java:2390)
	at java.base/java.io.ObjectInputStream.readOrdinaryObject(ObjectInputStream.java:2228)
	at java.base/java.io.ObjectInputStream.readObject0(ObjectInputStream.java:1687)
	at java.base/java.io.ObjectInputStream.readObject(ObjectInputStream.java:489)
	at java.base/java.io.ObjectInputStream.readObject(ObjectInputStream.java:447)
	at java.base/java.util.HashMap.readObject(HashMap.java:1464)
	at java.base/jdk.internal.reflect.GeneratedMethodAccessor6.invoke(Unknown Source)
	at java.base/jdk.internal.reflect.DelegatingMethodAccessorImpl.invoke(DelegatingMethodAccessorImpl.java:43)
	at java.base/java.lang.reflect.Method.invoke(Method.java:566)
	at java.base/java.io.ObjectStreamClass.invokeReadObject(ObjectStreamClass.java:1046)
	at java.base/java.io.ObjectInputStream.readSerialData(ObjectInputStream.java:2357)
	at java.base/java.io.ObjectInputStream.readOrdinaryObject(ObjectInputStream.java:2228)
	at java.base/java.io.ObjectInputStream.readObject0(ObjectInputStream.java:1687)
	at java.base/java.io.ObjectInputStream.defaultReadFields(ObjectInputStream.java:2496)
	at java.base/java.io.ObjectInputStream.readSerialData(ObjectInputStream.java:2390)
	at java.base/java.io.ObjectInputStream.readOrdinaryObject(ObjectInputStream.java:2228)
	at java.base/java.io.ObjectInputStream.readObject0(ObjectInputStream.java:1687)
	at java.base/java.io.ObjectInputStream.readObject(ObjectInputStream.java:489)
	at java.base/java.io.ObjectInputStream.readObject(ObjectInputStream.java:447)
	at java.rmi/sun.rmi.server.UnicastRef.unmarshalValue(UnicastRef.java:327)
	at java.rmi/sun.rmi.server.UnicastServerRef.dispatch(UnicastServerRef.java:339)
	... 12 common frames omitted

[exit=0 timeout=False time=247.3s]

$ javac -nowarn -cp /work/Lang_20f/target/classes:/work/Lang_20f/target/classes:/work/Lang_20f/target/tests:/opt/defects4j/framework/projects/lib/junit-4.12-hamcrest-1.3.jar:/opt/defects4j/framework/projects/Lang/lib/easymock.jar:/opt/defects4j/framework/projects/Lang/lib/cglib.jar:/opt/defects4j/framework/projects/Lang/lib/asm.jar:/opt/defects4j/framework/projects/Lang/lib/commons-io.jar:/opt/evosuite/evosuite-standalone-runtime-1.2.0.jar -d /work/evo_out/Lang_20f/budget120_seed1/classes /work/evo_out/Lang_20f/budget120_seed1/tests/org/apache/commons/lang3/StringUtils_ESTest.java /work/evo_out/Lang_20f/budget120_seed1/tests/org/apache/commons/lang3/StringUtils_ESTest_scaffolding.java

[exit=0 timeout=False time=1.0s]

$ java -jar /opt/jacoco/lib/jacococli.jar instrument /work/Lang_20f/target/classes --dest /work/evo_out/Lang_20f/budget120_seed1/instrumented
[INFO] 151 classes instrumented to /work/evo_out/Lang_20f/budget120_seed1/instrumented.

[exit=0 timeout=False time=0.4s]

$ java -Djacoco-agent.destfile=/workspace/EvoSuite/Result_Round2/Lang_20/budget120_seed1/jacoco.exec -cp /work/evo_out/Lang_20f/budget120_seed1/instrumented:/work/evo_out/Lang_20f/budget120_seed1/classes:/work/Lang_20f/target/classes:/work/Lang_20f/target/tests:/opt/defects4j/framework/projects/lib/junit-4.12-hamcrest-1.3.jar:/opt/defects4j/framework/projects/Lang/lib/easymock.jar:/opt/defects4j/framework/projects/Lang/lib/cglib.jar:/opt/defects4j/framework/projects/Lang/lib/asm.jar:/opt/defects4j/framework/projects/Lang/lib/commons-io.jar:/opt/evosuite/evosuite-standalone-runtime-1.2.0.jar:/opt/jacoco/lib/jacocoagent.jar org.junit.runner.JUnitCore org.apache.commons.lang3.StringUtils_ESTest
JUnit version 4.12
..................................................................................................................................................................................................................................................................................................................................................................................................................................................................
Time: 1.073

OK (450 tests)

SLF4J: Failed to load class "org.slf4j.impl.StaticLoggerBinder".
SLF4J: Defaulting to no-operation (NOP) logger implementation
SLF4J: See http://www.slf4j.org/codes.html#StaticLoggerBinder for further details.
WARNING: An illegal reflective access operation has occurred
WARNING: Illegal reflective access by org.evosuite.runtime.GuiSupport (file:/opt/evosuite/evosuite-standalone-runtime-1.2.0.jar) to field java.awt.GraphicsEnvironment.headless
WARNING: Please consider reporting this to the maintainers of org.evosuite.runtime.GuiSupport
WARNING: Use --illegal-access=warn to enable warnings of further illegal reflective access operations
WARNING: All illegal access operations will be denied in a future release

[exit=0 timeout=False time=1.5s]

$ java -jar /opt/jacoco/lib/jacococli.jar report /workspace/EvoSuite/Result_Round2/Lang_20/budget120_seed1/jacoco.exec --classfiles /work/Lang_20f/target/classes --csv /workspace/EvoSuite/Result_Round2/Lang_20/budget120_seed1/jacoco.csv
[INFO] Loading execution data file /workspace/EvoSuite/Result_Round2/Lang_20/budget120_seed1/jacoco.exec.
[INFO] Analyzing 141 classes.

[exit=0 timeout=False time=0.4s]

$ java -cp /work/evo_out/Lang_20f/budget120_seed1/classes:/work/Lang_20b/target/classes:/work/Lang_20b/target/tests:/opt/defects4j/framework/projects/lib/junit-4.12-hamcrest-1.3.jar:/opt/defects4j/framework/projects/Lang/lib/easymock.jar:/opt/defects4j/framework/projects/Lang/lib/cglib.jar:/opt/defects4j/framework/projects/Lang/lib/asm.jar:/opt/defects4j/framework/projects/Lang/lib/commons-io.jar:/opt/evosuite/evosuite-standalone-runtime-1.2.0.jar org.junit.runner.JUnitCore org.apache.commons.lang3.StringUtils_ESTest
JUnit version 4.12
.......................................................................................................................................................................................................................................................................................E...........................................................................................................................................................................
Time: 0.989
There was 1 failure:
1) test240(org.apache.commons.lang3.StringUtils_ESTest)
java.lang.ArrayIndexOutOfBoundsException: Index 2147483647 out of bounds for length 6
	at org.apache.commons.lang3.StringUtils.join(StringUtils.java:3298)
	at org.apache.commons.lang3.StringUtils_ESTest.test240(StringUtils_ESTest.java:1731)
	at java.base/jdk.internal.reflect.NativeMethodAccessorImpl.invoke0(Native Method)
	at java.base/jdk.internal.reflect.NativeMethodAccessorImpl.invoke(NativeMethodAccessorImpl.java:62)
	at java.base/jdk.internal.reflect.DelegatingMethodAccessorImpl.invoke(DelegatingMethodAccessorImpl.java:43)
	at java.base/java.lang.reflect.Method.invoke(Method.java:566)
	at org.junit.runners.model.FrameworkMethod$1.runReflectiveCall(FrameworkMethod.java:50)
	at org.junit.internal.runners.model.ReflectiveCallable.run(ReflectiveCallable.java:12)
	at org.junit.runners.model.FrameworkMethod.invokeExplosively(FrameworkMethod.java:47)
	at org.junit.internal.runners.statements.InvokeMethod.evaluate(InvokeMethod.java:17)
	at org.junit.internal.runners.statements.FailOnTimeout$CallableStatement.call(FailOnTimeout.java:298)
	at org.junit.internal.runners.statements.FailOnTimeout$CallableStatement.call(FailOnTimeout.java:292)
	at java.base/java.util.concurrent.FutureTask.run(FutureTask.java:264)
	at java.base/java.lang.Thread.run(Thread.java:829)

FAILURES!!!
Tests run: 450,  Failures: 1

SLF4J: Failed to load class "org.slf4j.impl.StaticLoggerBinder".
SLF4J: Defaulting to no-operation (NOP) logger implementation
SLF4J: See http://www.slf4j.org/codes.html#StaticLoggerBinder for further details.
WARNING: An illegal reflective access operation has occurred
WARNING: Illegal reflective access by org.evosuite.runtime.GuiSupport (file:/opt/evosuite/evosuite-standalone-runtime-1.2.0.jar) to field java.awt.GraphicsEnvironment.headless
WARNING: Please consider reporting this to the maintainers of org.evosuite.runtime.GuiSupport
WARNING: Use --illegal-access=warn to enable warnings of further illegal reflective access operations
WARNING: All illegal access operations will be denied in a future release

[exit=1 timeout=False time=1.3s]
