
$ javac -nowarn -encoding UTF-8 -cp /work/Closure_46f/build/classes:/work/Closure_46f/lib/args4j.jar:/work/Closure_46f/lib/guava.jar:/work/Closure_46f/lib/json.jar:/work/Closure_46f/lib/jsr305.jar:/work/Closure_46f/lib/protobuf-java.jar:/work/Closure_46f/build/lib/rhino.jar:/work/Closure_46f/lib/ant.jar:/work/Closure_46f/lib/ant-launcher.jar:/work/Closure_46f/lib/caja-r4314.jar:/work/Closure_46f/lib/jarjar.jar:/work/Closure_46f/lib/junit.jar:/work/Closure_46f/build/test:/work/jqwik_harness:/workspace/lib/jqwik/jqwik-1.7.4.jar:/workspace/lib/jqwik/jqwik-api-1.7.4.jar:/workspace/lib/jqwik/jqwik-engine-1.7.4.jar -d /work/jqwik_out/Closure_46/auto_round2_tries1000_seed3/classes_f /workspace/jqwik/Auto/Closure_46/com/google/javascript/rhino/jstype/RecordType_AutoPbtTest.java

[exit=0 timeout=False time=1.1s]

$ javac -nowarn -encoding UTF-8 -cp /work/Closure_46b/build/classes:/work/Closure_46b/lib/args4j.jar:/work/Closure_46b/lib/guava.jar:/work/Closure_46b/lib/json.jar:/work/Closure_46b/lib/jsr305.jar:/work/Closure_46b/lib/protobuf-java.jar:/work/Closure_46b/build/lib/rhino.jar:/work/Closure_46b/lib/ant.jar:/work/Closure_46b/lib/ant-launcher.jar:/work/Closure_46b/lib/caja-r4314.jar:/work/Closure_46b/lib/jarjar.jar:/work/Closure_46b/lib/junit.jar:/work/Closure_46b/build/test:/work/jqwik_harness:/workspace/lib/jqwik/jqwik-1.7.4.jar:/workspace/lib/jqwik/jqwik-api-1.7.4.jar:/workspace/lib/jqwik/jqwik-engine-1.7.4.jar -d /work/jqwik_out/Closure_46/auto_round2_tries1000_seed3/classes_b /workspace/jqwik/Auto/Closure_46/com/google/javascript/rhino/jstype/RecordType_AutoPbtTest.java

[exit=0 timeout=False time=0.9s]

$ java -Djava.awt.headless=true -Xss4m -Xmx1g -Dpbt.seed=3 -Dpbt.tries=1000 -Dpbt.snapshot.dir=/work/jqwik_out/Closure_46/auto_round2_tries1000_seed3/snapshots -Dpbt.propertyBudgetMs=5000 -Dpbt.mask=/work/Closure_46f:/work/Closure_46b:/work/jqwik_out/Closure_46/auto_round2_tries1000_seed3/classes_f:/work/jqwik_out/Closure_46/auto_round2_tries1000_seed3/classes_b -Dpbt.mode=record -jar /workspace/lib/jqwik/junit-platform-console-standalone-1.9.3.jar --disable-banner --details tree --class-path /work/jqwik_out/Closure_46/auto_round2_tries1000_seed3/classes_f:/work/Closure_46f/build/classes:/work/Closure_46f/lib/args4j.jar:/work/Closure_46f/lib/guava.jar:/work/Closure_46f/lib/json.jar:/work/Closure_46f/lib/jsr305.jar:/work/Closure_46f/lib/protobuf-java.jar:/work/Closure_46f/build/lib/rhino.jar:/work/Closure_46f/lib/ant.jar:/work/Closure_46f/lib/ant-launcher.jar:/work/Closure_46f/lib/caja-r4314.jar:/work/Closure_46f/lib/jarjar.jar:/work/Closure_46f/lib/junit.jar:/work/Closure_46f/build/test:/work/jqwik_harness:/workspace/lib/jqwik/jqwik-1.7.4.jar:/workspace/lib/jqwik/jqwik-api-1.7.4.jar:/workspace/lib/jqwik/jqwik-engine-1.7.4.jar --scan-class-path /work/jqwik_out/Closure_46/auto_round2_tries1000_seed3/classes_f --include-classname .* --include-engine jqwik --config jqwik.database=/workspace/jqwik/Result_auto_Round2/Closure_46/tries1000_seed3/reports_record/jqwik-database --config jqwik.tries.default=1000 --reports-dir /workspace/jqwik/Result_auto_Round2/Closure_46/tries1000_seed3/reports_record
eneration = RANDOMIZED       | parameters are randomly generated
after-failure = SAMPLE_FIRST  | try previously failed sample, then previous seed
when-fixed-seed = ALLOW       | fixing the random seed is allowed
edge-cases#mode = NONE        | edge cases are not explicitly generated
seed = 3                      | random seed to reproduce generated values


timestamp = 2026-09-30T23:10:14.461795, RecordType AutoPbtTest:m005 isSubtype = 
                              |-----------------------jqwik-----------------------
tries = 1000                  | # of calls to property
checks = 1000                 | # of not rejected calls
generation = RANDOMIZED       | parameters are randomly generated
after-failure = SAMPLE_FIRST  | try previously failed sample, then previous seed
when-fixed-seed = ALLOW       | fixing the random seed is allowed
edge-cases#mode = NONE        | edge cases are not explicitly generated
seed = 3                      | random seed to reproduce generated values


timestamp = 2026-09-30T23:10:14.898054, RecordType AutoPbtTest:m002 getImplicitPrototype = 
                              |-----------------------jqwik-----------------------
tries = 1000                  | # of calls to property
checks = 1000                 | # of not rejected calls
generation = RANDOMIZED       | parameters are randomly generated
after-failure = SAMPLE_FIRST  | try previously failed sample, then previous seed
when-fixed-seed = ALLOW       | fixing the random seed is allowed
edge-cases#mode = NONE        | edge cases are not explicitly generated
seed = 3                      | random seed to reproduce generated values


timestamp = 2026-09-30T23:10:15.319694, RecordType AutoPbtTest:m006 resolveInternal = 
                              |-----------------------jqwik-----------------------
tries = 1000                  | # of calls to property
checks = 1000                 | # of not rejected calls
generation = RANDOMIZED       | parameters are randomly generated
after-failure = SAMPLE_FIRST  | try previously failed sample, then previous seed
when-fixed-seed = ALLOW       | fixing the random seed is allowed
edge-cases#mode = NONE        | edge cases are not explicitly generated
seed = 3                      | random seed to reproduce generated values


timestamp = 2026-09-30T23:10:15.915639, RecordType AutoPbtTest:m001 getGreatestSubtypeHelper = 
                              |-----------------------jqwik-----------------------
tries = 1000                  | # of calls to property
checks = 1000                 | # of not rejected calls
generation = RANDOMIZED       | parameters are randomly generated
after-failure = SAMPLE_FIRST  | try previously failed sample, then previous seed
when-fixed-seed = ALLOW       | fixing the random seed is allowed
edge-cases#mode = NONE        | edge cases are not explicitly generated
seed = 3                      | random seed to reproduce generated values


[36m╷[0m
[36m└─[0m [36mjqwik (JUnit Platform)[0m [32m✔[0m
[36m   └─[0m [36mRecordType AutoPbtTest[0m [32m✔[0m
[36m      ├─[0m [34mm003 isEquivalentTo[0m [32m✔[0m
[36m      ├─[0m [34mm004 isSubtype[0m [32m✔[0m
[36m      ├─[0m [34mm000 defineProperty[0m [32m✔[0m
[36m      ├─[0m [34mm007 toMaybeRecordType[0m [32m✔[0m
[36m      ├─[0m [34mm005 isSubtype[0m [32m✔[0m
[36m      ├─[0m [34mm002 getImplicitPrototype[0m [32m✔[0m
[36m      ├─[0m [34mm006 resolveInternal[0m [32m✔[0m
[36m      └─[0m [34mm001 getGreatestSubtypeHelper[0m [32m✔[0m

Test run finished after 6882 ms
[         2 containers found      ]
[         0 containers skipped    ]
[         2 containers started    ]
[         0 containers aborted    ]
[         2 containers successful ]
[         0 containers failed     ]
[         8 tests found           ]
[         0 tests skipped         ]
[         8 tests started         ]
[         0 tests aborted         ]
[         8 tests successful      ]
[         0 tests failed          ]


[exit=0 timeout=False time=8.0s]

$ java -Djava.awt.headless=true -Xss4m -Xmx1g -Dpbt.seed=3 -Dpbt.tries=1000 -Dpbt.snapshot.dir=/work/jqwik_out/Closure_46/auto_round2_tries1000_seed3/snapshots -Dpbt.propertyBudgetMs=5000 -Dpbt.mask=/work/Closure_46f:/work/Closure_46b:/work/jqwik_out/Closure_46/auto_round2_tries1000_seed3/classes_f:/work/jqwik_out/Closure_46/auto_round2_tries1000_seed3/classes_b -Dpbt.mode=check -javaagent:/opt/jacoco/lib/jacocoagent.jar=destfile=/workspace/jqwik/Result_auto_Round2/Closure_46/tries1000_seed3/jacoco.exec -jar /workspace/lib/jqwik/junit-platform-console-standalone-1.9.3.jar --disable-banner --details tree --class-path /work/jqwik_out/Closure_46/auto_round2_tries1000_seed3/classes_f:/work/Closure_46f/build/classes:/work/Closure_46f/lib/args4j.jar:/work/Closure_46f/lib/guava.jar:/work/Closure_46f/lib/json.jar:/work/Closure_46f/lib/jsr305.jar:/work/Closure_46f/lib/protobuf-java.jar:/work/Closure_46f/build/lib/rhino.jar:/work/Closure_46f/lib/ant.jar:/work/Closure_46f/lib/ant-launcher.jar:/work/Closure_46f/lib/caja-r4314.jar:/work/Closure_46f/lib/jarjar.jar:/work/Closure_46f/lib/junit.jar:/work/Closure_46f/build/test:/work/jqwik_harness:/workspace/lib/jqwik/jqwik-1.7.4.jar:/workspace/lib/jqwik/jqwik-api-1.7.4.jar:/workspace/lib/jqwik/jqwik-engine-1.7.4.jar --scan-class-path /work/jqwik_out/Closure_46/auto_round2_tries1000_seed3/classes_f --include-classname .* --include-engine jqwik --config jqwik.database=/workspace/jqwik/Result_auto_Round2/Closure_46/tries1000_seed3/reports_fixed/jqwik-database --config jqwik.tries.default=1000 --reports-dir /workspace/jqwik/Result_auto_Round2/Closure_46/tries1000_seed3/reports_fixed
eneration = RANDOMIZED       | parameters are randomly generated
after-failure = SAMPLE_FIRST  | try previously failed sample, then previous seed
when-fixed-seed = ALLOW       | fixing the random seed is allowed
edge-cases#mode = NONE        | edge cases are not explicitly generated
seed = 3                      | random seed to reproduce generated values


timestamp = 2026-09-30T23:10:21.533464, RecordType AutoPbtTest:m005 isSubtype = 
                              |-----------------------jqwik-----------------------
tries = 1000                  | # of calls to property
checks = 1000                 | # of not rejected calls
generation = RANDOMIZED       | parameters are randomly generated
after-failure = SAMPLE_FIRST  | try previously failed sample, then previous seed
when-fixed-seed = ALLOW       | fixing the random seed is allowed
edge-cases#mode = NONE        | edge cases are not explicitly generated
seed = 3                      | random seed to reproduce generated values


timestamp = 2026-09-30T23:10:21.990144, RecordType AutoPbtTest:m002 getImplicitPrototype = 
                              |-----------------------jqwik-----------------------
tries = 1000                  | # of calls to property
checks = 1000                 | # of not rejected calls
generation = RANDOMIZED       | parameters are randomly generated
after-failure = SAMPLE_FIRST  | try previously failed sample, then previous seed
when-fixed-seed = ALLOW       | fixing the random seed is allowed
edge-cases#mode = NONE        | edge cases are not explicitly generated
seed = 3                      | random seed to reproduce generated values


timestamp = 2026-09-30T23:10:22.491756, RecordType AutoPbtTest:m006 resolveInternal = 
                              |-----------------------jqwik-----------------------
tries = 1000                  | # of calls to property
checks = 1000                 | # of not rejected calls
generation = RANDOMIZED       | parameters are randomly generated
after-failure = SAMPLE_FIRST  | try previously failed sample, then previous seed
when-fixed-seed = ALLOW       | fixing the random seed is allowed
edge-cases#mode = NONE        | edge cases are not explicitly generated
seed = 3                      | random seed to reproduce generated values


timestamp = 2026-09-30T23:10:23.375056, RecordType AutoPbtTest:m001 getGreatestSubtypeHelper = 
                              |-----------------------jqwik-----------------------
tries = 1000                  | # of calls to property
checks = 1000                 | # of not rejected calls
generation = RANDOMIZED       | parameters are randomly generated
after-failure = SAMPLE_FIRST  | try previously failed sample, then previous seed
when-fixed-seed = ALLOW       | fixing the random seed is allowed
edge-cases#mode = NONE        | edge cases are not explicitly generated
seed = 3                      | random seed to reproduce generated values


[36m╷[0m
[36m└─[0m [36mjqwik (JUnit Platform)[0m [32m✔[0m
[36m   └─[0m [36mRecordType AutoPbtTest[0m [32m✔[0m
[36m      ├─[0m [34mm003 isEquivalentTo[0m [32m✔[0m
[36m      ├─[0m [34mm004 isSubtype[0m [32m✔[0m
[36m      ├─[0m [34mm000 defineProperty[0m [32m✔[0m
[36m      ├─[0m [34mm007 toMaybeRecordType[0m [32m✔[0m
[36m      ├─[0m [34mm005 isSubtype[0m [32m✔[0m
[36m      ├─[0m [34mm002 getImplicitPrototype[0m [32m✔[0m
[36m      ├─[0m [34mm006 resolveInternal[0m [32m✔[0m
[36m      └─[0m [34mm001 getGreatestSubtypeHelper[0m [32m✔[0m

Test run finished after 5846 ms
[         2 containers found      ]
[         0 containers skipped    ]
[         2 containers started    ]
[         0 containers aborted    ]
[         2 containers successful ]
[         0 containers failed     ]
[         8 tests found           ]
[         0 tests skipped         ]
[         8 tests started         ]
[         0 tests aborted         ]
[         8 tests successful      ]
[         0 tests failed          ]


[exit=0 timeout=False time=13.9s]

$ java -jar /opt/jacoco/lib/jacococli.jar report /workspace/jqwik/Result_auto_Round2/Closure_46/tries1000_seed3/jacoco.exec --classfiles /work/Closure_46f/build/classes --csv /workspace/jqwik/Result_auto_Round2/Closure_46/tries1000_seed3/jacoco.csv
[INFO] Loading execution data file /workspace/jqwik/Result_auto_Round2/Closure_46/tries1000_seed3/jacoco.exec.
[INFO] Analyzing 1124 classes.

[exit=0 timeout=False time=0.9s]

$ java -Djava.awt.headless=true -Xss4m -Xmx1g -Dpbt.seed=3 -Dpbt.tries=1000 -Dpbt.snapshot.dir=/work/jqwik_out/Closure_46/auto_round2_tries1000_seed3/snapshots -Dpbt.propertyBudgetMs=5000 -Dpbt.mask=/work/Closure_46f:/work/Closure_46b:/work/jqwik_out/Closure_46/auto_round2_tries1000_seed3/classes_f:/work/jqwik_out/Closure_46/auto_round2_tries1000_seed3/classes_b -Dpbt.mode=check -jar /workspace/lib/jqwik/junit-platform-console-standalone-1.9.3.jar --disable-banner --details tree --class-path /work/jqwik_out/Closure_46/auto_round2_tries1000_seed3/classes_b:/work/Closure_46b/build/classes:/work/Closure_46b/lib/args4j.jar:/work/Closure_46b/lib/guava.jar:/work/Closure_46b/lib/json.jar:/work/Closure_46b/lib/jsr305.jar:/work/Closure_46b/lib/protobuf-java.jar:/work/Closure_46b/build/lib/rhino.jar:/work/Closure_46b/lib/ant.jar:/work/Closure_46b/lib/ant-launcher.jar:/work/Closure_46b/lib/caja-r4314.jar:/work/Closure_46b/lib/jarjar.jar:/work/Closure_46b/lib/junit.jar:/work/Closure_46b/build/test:/work/jqwik_harness:/workspace/lib/jqwik/jqwik-1.7.4.jar:/workspace/lib/jqwik/jqwik-api-1.7.4.jar:/workspace/lib/jqwik/jqwik-engine-1.7.4.jar --scan-class-path /work/jqwik_out/Closure_46/auto_round2_tries1000_seed3/classes_b --include-classname .* --include-engine jqwik --config jqwik.database=/workspace/jqwik/Result_auto_Round2/Closure_46/tries1000_seed3/reports_buggy/jqwik-database --config jqwik.tries.default=1000 --reports-dir /workspace/jqwik/Result_auto_Round2/Closure_46/tries1000_seed3/reports_buggy
eneration = RANDOMIZED       | parameters are randomly generated
after-failure = SAMPLE_FIRST  | try previously failed sample, then previous seed
when-fixed-seed = ALLOW       | fixing the random seed is allowed
edge-cases#mode = NONE        | edge cases are not explicitly generated
seed = 3                      | random seed to reproduce generated values


timestamp = 2026-09-30T23:10:39.076962, RecordType AutoPbtTest:m005 isSubtype = 
                              |-----------------------jqwik-----------------------
tries = 1000                  | # of calls to property
checks = 1000                 | # of not rejected calls
generation = RANDOMIZED       | parameters are randomly generated
after-failure = SAMPLE_FIRST  | try previously failed sample, then previous seed
when-fixed-seed = ALLOW       | fixing the random seed is allowed
edge-cases#mode = NONE        | edge cases are not explicitly generated
seed = 3                      | random seed to reproduce generated values


timestamp = 2026-09-30T23:10:39.537594, RecordType AutoPbtTest:m002 getImplicitPrototype = 
                              |-----------------------jqwik-----------------------
tries = 1000                  | # of calls to property
checks = 1000                 | # of not rejected calls
generation = RANDOMIZED       | parameters are randomly generated
after-failure = SAMPLE_FIRST  | try previously failed sample, then previous seed
when-fixed-seed = ALLOW       | fixing the random seed is allowed
edge-cases#mode = NONE        | edge cases are not explicitly generated
seed = 3                      | random seed to reproduce generated values


timestamp = 2026-09-30T23:10:39.929650, RecordType AutoPbtTest:m006 resolveInternal = 
                              |-----------------------jqwik-----------------------
tries = 1000                  | # of calls to property
checks = 1000                 | # of not rejected calls
generation = RANDOMIZED       | parameters are randomly generated
after-failure = SAMPLE_FIRST  | try previously failed sample, then previous seed
when-fixed-seed = ALLOW       | fixing the random seed is allowed
edge-cases#mode = NONE        | edge cases are not explicitly generated
seed = 3                      | random seed to reproduce generated values


timestamp = 2026-09-30T23:10:40.502800, RecordType AutoPbtTest:m001 getGreatestSubtypeHelper = 
                              |-----------------------jqwik-----------------------
tries = 1000                  | # of calls to property
checks = 1000                 | # of not rejected calls
generation = RANDOMIZED       | parameters are randomly generated
after-failure = SAMPLE_FIRST  | try previously failed sample, then previous seed
when-fixed-seed = ALLOW       | fixing the random seed is allowed
edge-cases#mode = NONE        | edge cases are not explicitly generated
seed = 3                      | random seed to reproduce generated values


[36m╷[0m
[36m└─[0m [36mjqwik (JUnit Platform)[0m [32m✔[0m
[36m   └─[0m [36mRecordType AutoPbtTest[0m [32m✔[0m
[36m      ├─[0m [34mm003 isEquivalentTo[0m [32m✔[0m
[36m      ├─[0m [34mm004 isSubtype[0m [32m✔[0m
[36m      ├─[0m [34mm000 defineProperty[0m [32m✔[0m
[36m      ├─[0m [34mm007 toMaybeRecordType[0m [32m✔[0m
[36m      ├─[0m [34mm005 isSubtype[0m [32m✔[0m
[36m      ├─[0m [34mm002 getImplicitPrototype[0m [32m✔[0m
[36m      ├─[0m [34mm006 resolveInternal[0m [32m✔[0m
[36m      └─[0m [34mm001 getGreatestSubtypeHelper[0m [32m✔[0m

Test run finished after 7401 ms
[         2 containers found      ]
[         0 containers skipped    ]
[         2 containers started    ]
[         0 containers aborted    ]
[         2 containers successful ]
[         0 containers failed     ]
[         8 tests found           ]
[         0 tests skipped         ]
[         8 tests started         ]
[         0 tests aborted         ]
[         8 tests successful      ]
[         0 tests failed          ]


[exit=0 timeout=False time=8.7s]
