
$ javac -nowarn -encoding UTF-8 -cp /work/Gson_3f/target/classes:/opt/defects4j/framework/projects/Gson/lib/junit/junit/3.8.2/junit-3.8.2.jar:/work/Gson_3f/target/test-classes:/opt/defects4j/framework/projects/lib/junit-4.12-hamcrest-1.3.jar:/opt/defects4j/framework/projects/Gson/lib/com/google/code/findbugs/jsr305/3.0.0/jsr305-3.0.0.jar:/opt/defects4j/framework/projects/Gson/lib/junit/junit/4.12/junit-4.12.jar:/opt/defects4j/framework/projects/Gson/lib/org/hamcrest/hamcrest-core/1.3/hamcrest-core-1.3.jar:/work/jqwik_harness:/workspace/lib/jqwik/jqwik-1.7.4.jar:/workspace/lib/jqwik/jqwik-api-1.7.4.jar:/workspace/lib/jqwik/jqwik-engine-1.7.4.jar -d /work/jqwik_out/Gson_3/auto_round1_tries200_seed2/classes_f /workspace/jqwik/Auto/Gson_3/com/google/gson/internal/ConstructorConstructor_AutoPbtTest.java

[exit=0 timeout=False time=4.5s]

$ javac -nowarn -encoding UTF-8 -cp /work/Gson_3b/target/classes:/opt/defects4j/framework/projects/Gson/lib/junit/junit/3.8.2/junit-3.8.2.jar:/work/Gson_3b/target/test-classes:/opt/defects4j/framework/projects/lib/junit-4.12-hamcrest-1.3.jar:/opt/defects4j/framework/projects/Gson/lib/com/google/code/findbugs/jsr305/3.0.0/jsr305-3.0.0.jar:/opt/defects4j/framework/projects/Gson/lib/junit/junit/4.12/junit-4.12.jar:/opt/defects4j/framework/projects/Gson/lib/org/hamcrest/hamcrest-core/1.3/hamcrest-core-1.3.jar:/work/jqwik_harness:/workspace/lib/jqwik/jqwik-1.7.4.jar:/workspace/lib/jqwik/jqwik-api-1.7.4.jar:/workspace/lib/jqwik/jqwik-engine-1.7.4.jar -d /work/jqwik_out/Gson_3/auto_round1_tries200_seed2/classes_b /workspace/jqwik/Auto/Gson_3/com/google/gson/internal/ConstructorConstructor_AutoPbtTest.java

[exit=0 timeout=False time=5.1s]

$ java -Djava.awt.headless=true -Xss4m -Xmx1g -Dpbt.seed=2 -Dpbt.tries=200 -Dpbt.snapshot.dir=/work/jqwik_out/Gson_3/auto_round1_tries200_seed2/snapshots -Dpbt.propertyBudgetMs=5000 -Dpbt.mask=/work/Gson_3f:/work/Gson_3b:/work/jqwik_out/Gson_3/auto_round1_tries200_seed2/classes_f:/work/jqwik_out/Gson_3/auto_round1_tries200_seed2/classes_b -Dpbt.mode=record -jar /workspace/lib/jqwik/junit-platform-console-standalone-1.9.3.jar --disable-banner --details tree --class-path /work/jqwik_out/Gson_3/auto_round1_tries200_seed2/classes_f:/work/Gson_3f/target/classes:/opt/defects4j/framework/projects/Gson/lib/junit/junit/3.8.2/junit-3.8.2.jar:/work/Gson_3f/target/test-classes:/opt/defects4j/framework/projects/lib/junit-4.12-hamcrest-1.3.jar:/opt/defects4j/framework/projects/Gson/lib/com/google/code/findbugs/jsr305/3.0.0/jsr305-3.0.0.jar:/opt/defects4j/framework/projects/Gson/lib/junit/junit/4.12/junit-4.12.jar:/opt/defects4j/framework/projects/Gson/lib/org/hamcrest/hamcrest-core/1.3/hamcrest-core-1.3.jar:/work/jqwik_harness:/workspace/lib/jqwik/jqwik-1.7.4.jar:/workspace/lib/jqwik/jqwik-api-1.7.4.jar:/workspace/lib/jqwik/jqwik-engine-1.7.4.jar --scan-class-path /work/jqwik_out/Gson_3/auto_round1_tries200_seed2/classes_f --include-classname .* --include-engine jqwik --config jqwik.database=/workspace/jqwik/Result_auto_Round1/Gson_3/tries200_seed2/reports_record/jqwik-database --config jqwik.tries.default=200 --reports-dir /workspace/jqwik/Result_auto_Round1/Gson_3/tries200_seed2/reports_record
timestamp = 2026-09-27T05:08:10.062129, ConstructorConstructor AutoPbtTest:m001 toString = 
                              |-----------------------jqwik-----------------------
tries = 200                   | # of calls to property
checks = 200                  | # of not rejected calls
generation = RANDOMIZED       | parameters are randomly generated
after-failure = SAMPLE_FIRST  | try previously failed sample, then previous seed
when-fixed-seed = ALLOW       | fixing the random seed is allowed
edge-cases#mode = NONE        | edge cases are not explicitly generated
seed = 2                      | random seed to reproduce generated values


timestamp = 2026-09-27T05:08:10.994834, ConstructorConstructor AutoPbtTest:m000 get = 
                              |-----------------------jqwik-----------------------
tries = 200                   | # of calls to property
checks = 200                  | # of not rejected calls
generation = RANDOMIZED       | parameters are randomly generated
after-failure = SAMPLE_FIRST  | try previously failed sample, then previous seed
when-fixed-seed = ALLOW       | fixing the random seed is allowed
edge-cases#mode = NONE        | edge cases are not explicitly generated
seed = 2                      | random seed to reproduce generated values


[36m╷[0m
[36m└─[0m [36mjqwik (JUnit Platform)[0m [32m✔[0m
[36m   └─[0m [36mConstructorConstructor AutoPbtTest[0m [32m✔[0m
[36m      ├─[0m [34mm001 toString[0m [32m✔[0m
[36m      └─[0m [34mm000 get[0m [32m✔[0m

Test run finished after 5908 ms
[         2 containers found      ]
[         0 containers skipped    ]
[         2 containers started    ]
[         0 containers aborted    ]
[         2 containers successful ]
[         0 containers failed     ]
[         2 tests found           ]
[         0 tests skipped         ]
[         2 tests started         ]
[         0 tests aborted         ]
[         2 tests successful      ]
[         0 tests failed          ]


[exit=0 timeout=False time=11.3s]

$ java -Djava.awt.headless=true -Xss4m -Xmx1g -Dpbt.seed=2 -Dpbt.tries=200 -Dpbt.snapshot.dir=/work/jqwik_out/Gson_3/auto_round1_tries200_seed2/snapshots -Dpbt.propertyBudgetMs=5000 -Dpbt.mask=/work/Gson_3f:/work/Gson_3b:/work/jqwik_out/Gson_3/auto_round1_tries200_seed2/classes_f:/work/jqwik_out/Gson_3/auto_round1_tries200_seed2/classes_b -Dpbt.mode=check -javaagent:/opt/jacoco/lib/jacocoagent.jar=destfile=/workspace/jqwik/Result_auto_Round1/Gson_3/tries200_seed2/jacoco.exec -jar /workspace/lib/jqwik/junit-platform-console-standalone-1.9.3.jar --disable-banner --details tree --class-path /work/jqwik_out/Gson_3/auto_round1_tries200_seed2/classes_f:/work/Gson_3f/target/classes:/opt/defects4j/framework/projects/Gson/lib/junit/junit/3.8.2/junit-3.8.2.jar:/work/Gson_3f/target/test-classes:/opt/defects4j/framework/projects/lib/junit-4.12-hamcrest-1.3.jar:/opt/defects4j/framework/projects/Gson/lib/com/google/code/findbugs/jsr305/3.0.0/jsr305-3.0.0.jar:/opt/defects4j/framework/projects/Gson/lib/junit/junit/4.12/junit-4.12.jar:/opt/defects4j/framework/projects/Gson/lib/org/hamcrest/hamcrest-core/1.3/hamcrest-core-1.3.jar:/work/jqwik_harness:/workspace/lib/jqwik/jqwik-1.7.4.jar:/workspace/lib/jqwik/jqwik-api-1.7.4.jar:/workspace/lib/jqwik/jqwik-engine-1.7.4.jar --scan-class-path /work/jqwik_out/Gson_3/auto_round1_tries200_seed2/classes_f --include-classname .* --include-engine jqwik --config jqwik.database=/workspace/jqwik/Result_auto_Round1/Gson_3/tries200_seed2/reports_fixed/jqwik-database --config jqwik.tries.default=200 --reports-dir /workspace/jqwik/Result_auto_Round1/Gson_3/tries200_seed2/reports_fixed
timestamp = 2026-09-27T05:08:22.790934, ConstructorConstructor AutoPbtTest:m001 toString = 
                              |-----------------------jqwik-----------------------
tries = 200                   | # of calls to property
checks = 200                  | # of not rejected calls
generation = RANDOMIZED       | parameters are randomly generated
after-failure = SAMPLE_FIRST  | try previously failed sample, then previous seed
when-fixed-seed = ALLOW       | fixing the random seed is allowed
edge-cases#mode = NONE        | edge cases are not explicitly generated
seed = 2                      | random seed to reproduce generated values


timestamp = 2026-09-27T05:08:23.816718, ConstructorConstructor AutoPbtTest:m000 get = 
                              |-----------------------jqwik-----------------------
tries = 200                   | # of calls to property
checks = 200                  | # of not rejected calls
generation = RANDOMIZED       | parameters are randomly generated
after-failure = SAMPLE_FIRST  | try previously failed sample, then previous seed
when-fixed-seed = ALLOW       | fixing the random seed is allowed
edge-cases#mode = NONE        | edge cases are not explicitly generated
seed = 2                      | random seed to reproduce generated values


[36m╷[0m
[36m└─[0m [36mjqwik (JUnit Platform)[0m [32m✔[0m
[36m   └─[0m [36mConstructorConstructor AutoPbtTest[0m [32m✔[0m
[36m      ├─[0m [34mm001 toString[0m [32m✔[0m
[36m      └─[0m [34mm000 get[0m [32m✔[0m

Test run finished after 6614 ms
[         2 containers found      ]
[         0 containers skipped    ]
[         2 containers started    ]
[         0 containers aborted    ]
[         2 containers successful ]
[         0 containers failed     ]
[         2 tests found           ]
[         0 tests skipped         ]
[         2 tests started         ]
[         0 tests aborted         ]
[         2 tests successful      ]
[         0 tests failed          ]


[exit=0 timeout=False time=25.4s]

$ java -jar /opt/jacoco/lib/jacococli.jar report /workspace/jqwik/Result_auto_Round1/Gson_3/tries200_seed2/jacoco.exec --classfiles /work/Gson_3f/target/classes --csv /workspace/jqwik/Result_auto_Round1/Gson_3/tries200_seed2/jacoco.csv
[INFO] Loading execution data file /workspace/jqwik/Result_auto_Round1/Gson_3/tries200_seed2/jacoco.exec.
[INFO] Analyzing 150 classes.

[exit=0 timeout=False time=2.1s]

$ java -Djava.awt.headless=true -Xss4m -Xmx1g -Dpbt.seed=2 -Dpbt.tries=200 -Dpbt.snapshot.dir=/work/jqwik_out/Gson_3/auto_round1_tries200_seed2/snapshots -Dpbt.propertyBudgetMs=5000 -Dpbt.mask=/work/Gson_3f:/work/Gson_3b:/work/jqwik_out/Gson_3/auto_round1_tries200_seed2/classes_f:/work/jqwik_out/Gson_3/auto_round1_tries200_seed2/classes_b -Dpbt.mode=check -jar /workspace/lib/jqwik/junit-platform-console-standalone-1.9.3.jar --disable-banner --details tree --class-path /work/jqwik_out/Gson_3/auto_round1_tries200_seed2/classes_b:/work/Gson_3b/target/classes:/opt/defects4j/framework/projects/Gson/lib/junit/junit/3.8.2/junit-3.8.2.jar:/work/Gson_3b/target/test-classes:/opt/defects4j/framework/projects/lib/junit-4.12-hamcrest-1.3.jar:/opt/defects4j/framework/projects/Gson/lib/com/google/code/findbugs/jsr305/3.0.0/jsr305-3.0.0.jar:/opt/defects4j/framework/projects/Gson/lib/junit/junit/4.12/junit-4.12.jar:/opt/defects4j/framework/projects/Gson/lib/org/hamcrest/hamcrest-core/1.3/hamcrest-core-1.3.jar:/work/jqwik_harness:/workspace/lib/jqwik/jqwik-1.7.4.jar:/workspace/lib/jqwik/jqwik-api-1.7.4.jar:/workspace/lib/jqwik/jqwik-engine-1.7.4.jar --scan-class-path /work/jqwik_out/Gson_3/auto_round1_tries200_seed2/classes_b --include-classname .* --include-engine jqwik --config jqwik.database=/workspace/jqwik/Result_auto_Round1/Gson_3/tries200_seed2/reports_buggy/jqwik-database --config jqwik.tries.default=200 --reports-dir /workspace/jqwik/Result_auto_Round1/Gson_3/tries200_seed2/reports_buggy
put:    new ConstructorConstructor.<init>[map{"e.10"="[a-z]",}].get[new TypeToken.get[class java.lang.Integer]]
      expected: ret=obj com.google.gson.internal.ConstructorConstructor$14 | this=ConstructorConstructor:{e.10=[a-z]}
      actual:   ret=obj com.google.gson.internal.ConstructorConstructor$12 | this=ConstructorConstructor:{e.10=[a-z]}

                              |-----------------------jqwik-----------------------
tries = 11                    | # of calls to property
checks = 11                   | # of not rejected calls
generation = RANDOMIZED       | parameters are randomly generated
after-failure = SAMPLE_FIRST  | try previously failed sample, then previous seed
when-fixed-seed = ALLOW       | fixing the random seed is allowed
edge-cases#mode = NONE        | edge cases are not explicitly generated
seed = 2                      | random seed to reproduce generated values

Sample
------
  arg0:
    new ConstructorConstructor.<init>[map{"e.10"="[a-z]",}].get[new TypeToken.get[class java.lang.Integer]]


[36m╷[0m
[36m└─[0m [36mjqwik (JUnit Platform)[0m [32m✔[0m
[36m   └─[0m [36mConstructorConstructor AutoPbtTest[0m [32m✔[0m
[36m      ├─[0m [34mm001 toString[0m [32m✔[0m
[36m      └─[0m [31mm000 get[0m [31m✘[0m [31m[regression] com.google.gson.internal.ConstructorConstructor.get(com.google.gson.reflect.TypeToken)[0m
[36m            [0m[31m     input:    new ConstructorConstructor.<init>[map{"e.10"="[a-z]",}].get[new TypeToken.get[class java.lang.Integer]][0m
[36m            [0m[31m     expected: ret=obj com.google.gson.internal.ConstructorConstructor$14 | this=ConstructorConstructor:{e.10=[a-z]}[0m
[36m            [0m[31m     actual:   ret=obj com.google.gson.internal.ConstructorConstructor$12 | this=ConstructorConstructor:{e.10=[a-z]}[0m

Failures (1):
  jqwik (JUnit Platform):ConstructorConstructor AutoPbtTest:m000 get
    MethodSource [className = 'com.google.gson.internal.ConstructorConstructor_AutoPbtTest', methodName = 'm000_get', methodParameterTypes = 'pbt.auto.AutoTarget$Call']
    => java.lang.AssertionError: [regression] com.google.gson.internal.ConstructorConstructor.get(com.google.gson.reflect.TypeToken)
  input:    new ConstructorConstructor.<init>[map{"e.10"="[a-z]",}].get[new TypeToken.get[class java.lang.Integer]]
  expected: ret=obj com.google.gson.internal.ConstructorConstructor$14 | this=ConstructorConstructor:{e.10=[a-z]}
  actual:   ret=obj com.google.gson.internal.ConstructorConstructor$12 | this=ConstructorConstructor:{e.10=[a-z]}
       pbt.auto.AutoTarget.check(AutoTarget.java:127)
       com.google.gson.internal.ConstructorConstructor_AutoPbtTest.m000_get(ConstructorConstructor_AutoPbtTest.java:15)
       java.base/jdk.internal.reflect.NativeMethodAccessorImpl.invoke0(Native Method)
       java.base/jdk.internal.reflect.NativeMethodAccessorImpl.invoke(NativeMethodAccessorImpl.java:62)
       java.base/jdk.internal.reflect.DelegatingMethodAccessorImpl.invoke(DelegatingMethodAccessorImpl.java:43)
       java.base/java.lang.reflect.Method.invoke(Method.java:566)
       org.junit.platform.commons.util.ReflectionUtils.invokeMethod(ReflectionUtils.java:727)
       org.junit.platform.commons.support.ReflectionSupport.invokeMethod(ReflectionSupport.java:198)
       net.jqwik.engine.execution.CheckedPropertyFactory.lambda$createRawFunction$1(CheckedPropertyFactory.java:84)
       net.jqwik.engine.execution.CheckedPropertyFactory.lambda$createRawFunction$2(CheckedPropertyFactory.java:91)
       [...]

Test run finished after 5841 ms
[         2 containers found      ]
[         0 containers skipped    ]
[         2 containers started    ]
[         0 containers aborted    ]
[         2 containers successful ]
[         0 containers failed     ]
[         2 tests found           ]
[         0 tests skipped         ]
[         2 tests started         ]
[         0 tests aborted         ]
[         1 tests successful      ]
[         1 tests failed          ]


[exit=1 timeout=False time=11.2s]
