
$ defects4j checkout -p Closure -v 97f -w /work/Closure_97f
Checking out ee749e28 to /work/Closure_97f................................. OK
Init local repository...................................................... OK
Tag post-fix revision...................................................... OK
Apply patch................................................................ OK
sed: can't read /work/Closure_97f/lib/rhino/build.properties: No such file or directory
sed: can't read /work/Closure_97f/lib/rhino/build.properties: No such file or directory
sed: can't read /work/Closure_97f/lib/rhino/src/mozilla/js/rhino/build.properties: No such file or directory
sed: can't read /work/Closure_97f/lib/rhino/src/mozilla/js/rhino/build.properties: No such file or directory
Run post-checkout hook..................................................... OK
Excluding broken/flaky tests............................................... OK
Excluding broken/flaky tests............................................... OK
Initialize fixed program version........................................... OK
Apply patch................................................................ OK
Initialize buggy program version........................................... OK
Diff ee749e28:4cf197f6..................................................... OK
Apply patch................................................................ OK
Tag pre-fix revision....................................................... OK
Check out program version: Closure-97f..................................... OK

[exit=0 timeout=False time=3.4s]

$ defects4j compile -w /work/Closure_97f
Running ant (compile)...................................................... OK
Running ant (compile.tests)................................................ OK

[exit=0 timeout=False time=11.4s]

$ defects4j checkout -p Closure -v 97b -w /work/Closure_97b
Checking out ee749e28 to /work/Closure_97b................................. OK
Init local repository...................................................... OK
Tag post-fix revision...................................................... OK
Apply patch................................................................ OK
sed: can't read /work/Closure_97b/lib/rhino/build.properties: No such file or directory
sed: can't read /work/Closure_97b/lib/rhino/build.properties: No such file or directory
sed: can't read /work/Closure_97b/lib/rhino/src/mozilla/js/rhino/build.properties: No such file or directory
sed: can't read /work/Closure_97b/lib/rhino/src/mozilla/js/rhino/build.properties: No such file or directory
Run post-checkout hook..................................................... OK
Excluding broken/flaky tests............................................... OK
Excluding broken/flaky tests............................................... OK
Initialize fixed program version........................................... OK
Apply patch................................................................ OK
Initialize buggy program version........................................... OK
Diff ee749e28:4cf197f6..................................................... OK
Apply patch................................................................ OK
Tag pre-fix revision....................................................... OK
Check out program version: Closure-97b..................................... OK

[exit=0 timeout=False time=3.5s]

$ defects4j compile -w /work/Closure_97b
Running ant (compile)...................................................... OK
Running ant (compile.tests)................................................ OK

[exit=0 timeout=False time=9.7s]

$ java -cp /work/jqwik_harness:/workspace/lib/jqwik/jqwik-1.7.4.jar:/workspace/lib/jqwik/jqwik-api-1.7.4.jar:/workspace/lib/jqwik/jqwik-engine-1.7.4.jar pbt.auto.Generate --targets com.google.javascript.jscomp.PeepholeFoldConstants --fixed-cp /work/Closure_97f/build/classes:/work/Closure_97f/lib/ant_deploy.jar:/work/Closure_97f/lib/args4j_deploy.jar:/work/Closure_97f/lib/google_common_deploy.jar:/work/Closure_97f/lib/hamcrest-core-1.1.jar:/work/Closure_97f/lib/json.jar:/work/Closure_97f/lib/junit.jar:/work/Closure_97f/lib/libtrunk_rhino_parser_jarjared.jar:/work/Closure_97f/lib/protobuf_deploy.jar:/work/Closure_97f/build/test --buggy-cp /work/Closure_97b/build/classes:/work/Closure_97b/lib/ant_deploy.jar:/work/Closure_97b/lib/args4j_deploy.jar:/work/Closure_97b/lib/google_common_deploy.jar:/work/Closure_97b/lib/hamcrest-core-1.1.jar:/work/Closure_97b/lib/json.jar:/work/Closure_97b/lib/junit.jar:/work/Closure_97b/lib/libtrunk_rhino_parser_jarjared.jar:/work/Closure_97b/lib/protobuf_deploy.jar:/work/Closure_97b/build/test --out /workspace/jqwik/Auto/Closure_97 --max-methods 150
generated test classes: 1 / 1

[exit=0 timeout=False time=0.3s]

$ javac -nowarn -encoding UTF-8 -cp /work/Closure_97f/build/classes:/work/Closure_97f/lib/ant_deploy.jar:/work/Closure_97f/lib/args4j_deploy.jar:/work/Closure_97f/lib/google_common_deploy.jar:/work/Closure_97f/lib/hamcrest-core-1.1.jar:/work/Closure_97f/lib/json.jar:/work/Closure_97f/lib/junit.jar:/work/Closure_97f/lib/libtrunk_rhino_parser_jarjared.jar:/work/Closure_97f/lib/protobuf_deploy.jar:/work/Closure_97f/build/test:/work/jqwik_harness:/workspace/lib/jqwik/jqwik-1.7.4.jar:/workspace/lib/jqwik/jqwik-api-1.7.4.jar:/workspace/lib/jqwik/jqwik-engine-1.7.4.jar -d /work/jqwik_out/Closure_97/auto_round1_tries200_seed1/classes_f /workspace/jqwik/Auto/Closure_97/com/google/javascript/jscomp/PeepholeFoldConstants_AutoPbtTest.java

[exit=0 timeout=False time=0.8s]

$ javac -nowarn -encoding UTF-8 -cp /work/Closure_97b/build/classes:/work/Closure_97b/lib/ant_deploy.jar:/work/Closure_97b/lib/args4j_deploy.jar:/work/Closure_97b/lib/google_common_deploy.jar:/work/Closure_97b/lib/hamcrest-core-1.1.jar:/work/Closure_97b/lib/json.jar:/work/Closure_97b/lib/junit.jar:/work/Closure_97b/lib/libtrunk_rhino_parser_jarjared.jar:/work/Closure_97b/lib/protobuf_deploy.jar:/work/Closure_97b/build/test:/work/jqwik_harness:/workspace/lib/jqwik/jqwik-1.7.4.jar:/workspace/lib/jqwik/jqwik-api-1.7.4.jar:/workspace/lib/jqwik/jqwik-engine-1.7.4.jar -d /work/jqwik_out/Closure_97/auto_round1_tries200_seed1/classes_b /workspace/jqwik/Auto/Closure_97/com/google/javascript/jscomp/PeepholeFoldConstants_AutoPbtTest.java

[exit=0 timeout=False time=0.9s]

$ java -Djava.awt.headless=true -Xss4m -Xmx1g -Dpbt.seed=1 -Dpbt.tries=200 -Dpbt.snapshot.dir=/work/jqwik_out/Closure_97/auto_round1_tries200_seed1/snapshots -Dpbt.propertyBudgetMs=5000 -Dpbt.mask=/work/Closure_97f:/work/Closure_97b:/work/jqwik_out/Closure_97/auto_round1_tries200_seed1/classes_f:/work/jqwik_out/Closure_97/auto_round1_tries200_seed1/classes_b -Dpbt.mode=record -jar /workspace/lib/jqwik/junit-platform-console-standalone-1.9.3.jar --disable-banner --details tree --class-path /work/jqwik_out/Closure_97/auto_round1_tries200_seed1/classes_f:/work/Closure_97f/build/classes:/work/Closure_97f/lib/ant_deploy.jar:/work/Closure_97f/lib/args4j_deploy.jar:/work/Closure_97f/lib/google_common_deploy.jar:/work/Closure_97f/lib/hamcrest-core-1.1.jar:/work/Closure_97f/lib/json.jar:/work/Closure_97f/lib/junit.jar:/work/Closure_97f/lib/libtrunk_rhino_parser_jarjared.jar:/work/Closure_97f/lib/protobuf_deploy.jar:/work/Closure_97f/build/test:/work/jqwik_harness:/workspace/lib/jqwik/jqwik-1.7.4.jar:/workspace/lib/jqwik/jqwik-api-1.7.4.jar:/workspace/lib/jqwik/jqwik-engine-1.7.4.jar --scan-class-path /work/jqwik_out/Closure_97/auto_round1_tries200_seed1/classes_f --include-classname .* --include-engine jqwik --config jqwik.database=/workspace/jqwik/Result_auto_Round1/Closure_97/tries200_seed1/reports_record/jqwik-database --config jqwik.tries.default=200 --reports-dir /workspace/jqwik/Result_auto_Round1/Closure_97/tries200_seed1/reports_record
timestamp = 2026-09-30T21:52:04.449006, PeepholeFoldConstants AutoPbtTest:m000 optimizeSubtree = 
                              |-----------------------jqwik-----------------------
tries = 200                   | # of calls to property
checks = 200                  | # of not rejected calls
generation = RANDOMIZED       | parameters are randomly generated
after-failure = SAMPLE_FIRST  | try previously failed sample, then previous seed
when-fixed-seed = ALLOW       | fixing the random seed is allowed
edge-cases#mode = NONE        | edge cases are not explicitly generated
seed = 1                      | random seed to reproduce generated values


[36m╷[0m
[36m└─[0m [36mjqwik (JUnit Platform)[0m [32m✔[0m
[36m   └─[0m [36mPeepholeFoldConstants AutoPbtTest[0m [32m✔[0m
[36m      └─[0m [34mm000 optimizeSubtree[0m [32m✔[0m

Test run finished after 1277 ms
[         2 containers found      ]
[         0 containers skipped    ]
[         2 containers started    ]
[         0 containers aborted    ]
[         2 containers successful ]
[         0 containers failed     ]
[         1 tests found           ]
[         0 tests skipped         ]
[         1 tests started         ]
[         0 tests aborted         ]
[         1 tests successful      ]
[         0 tests failed          ]


[exit=0 timeout=False time=2.3s]

$ java -Djava.awt.headless=true -Xss4m -Xmx1g -Dpbt.seed=1 -Dpbt.tries=200 -Dpbt.snapshot.dir=/work/jqwik_out/Closure_97/auto_round1_tries200_seed1/snapshots -Dpbt.propertyBudgetMs=5000 -Dpbt.mask=/work/Closure_97f:/work/Closure_97b:/work/jqwik_out/Closure_97/auto_round1_tries200_seed1/classes_f:/work/jqwik_out/Closure_97/auto_round1_tries200_seed1/classes_b -Dpbt.mode=check -javaagent:/opt/jacoco/lib/jacocoagent.jar=destfile=/workspace/jqwik/Result_auto_Round1/Closure_97/tries200_seed1/jacoco.exec -jar /workspace/lib/jqwik/junit-platform-console-standalone-1.9.3.jar --disable-banner --details tree --class-path /work/jqwik_out/Closure_97/auto_round1_tries200_seed1/classes_f:/work/Closure_97f/build/classes:/work/Closure_97f/lib/ant_deploy.jar:/work/Closure_97f/lib/args4j_deploy.jar:/work/Closure_97f/lib/google_common_deploy.jar:/work/Closure_97f/lib/hamcrest-core-1.1.jar:/work/Closure_97f/lib/json.jar:/work/Closure_97f/lib/junit.jar:/work/Closure_97f/lib/libtrunk_rhino_parser_jarjared.jar:/work/Closure_97f/lib/protobuf_deploy.jar:/work/Closure_97f/build/test:/work/jqwik_harness:/workspace/lib/jqwik/jqwik-1.7.4.jar:/workspace/lib/jqwik/jqwik-api-1.7.4.jar:/workspace/lib/jqwik/jqwik-engine-1.7.4.jar --scan-class-path /work/jqwik_out/Closure_97/auto_round1_tries200_seed1/classes_f --include-classname .* --include-engine jqwik --config jqwik.database=/workspace/jqwik/Result_auto_Round1/Closure_97/tries200_seed1/reports_fixed/jqwik-database --config jqwik.tries.default=200 --reports-dir /workspace/jqwik/Result_auto_Round1/Closure_97/tries200_seed1/reports_fixed
timestamp = 2026-09-30T21:52:08.875557, PeepholeFoldConstants AutoPbtTest:m000 optimizeSubtree = 
                              |-----------------------jqwik-----------------------
tries = 200                   | # of calls to property
checks = 200                  | # of not rejected calls
generation = RANDOMIZED       | parameters are randomly generated
after-failure = SAMPLE_FIRST  | try previously failed sample, then previous seed
when-fixed-seed = ALLOW       | fixing the random seed is allowed
edge-cases#mode = NONE        | edge cases are not explicitly generated
seed = 1                      | random seed to reproduce generated values


[36m╷[0m
[36m└─[0m [36mjqwik (JUnit Platform)[0m [32m✔[0m
[36m   └─[0m [36mPeepholeFoldConstants AutoPbtTest[0m [32m✔[0m
[36m      └─[0m [34mm000 optimizeSubtree[0m [32m✔[0m

Test run finished after 2252 ms
[         2 containers found      ]
[         0 containers skipped    ]
[         2 containers started    ]
[         0 containers aborted    ]
[         2 containers successful ]
[         0 containers failed     ]
[         1 tests found           ]
[         0 tests skipped         ]
[         1 tests started         ]
[         0 tests aborted         ]
[         1 tests successful      ]
[         0 tests failed          ]


[exit=0 timeout=False time=11.0s]

$ java -jar /opt/jacoco/lib/jacococli.jar report /workspace/jqwik/Result_auto_Round1/Closure_97/tries200_seed1/jacoco.exec --classfiles /work/Closure_97f/build/classes --csv /workspace/jqwik/Result_auto_Round1/Closure_97/tries200_seed1/jacoco.csv
[INFO] Loading execution data file /workspace/jqwik/Result_auto_Round1/Closure_97/tries200_seed1/jacoco.exec.
[INFO] Analyzing 907 classes.

[exit=0 timeout=False time=0.9s]

$ java -Djava.awt.headless=true -Xss4m -Xmx1g -Dpbt.seed=1 -Dpbt.tries=200 -Dpbt.snapshot.dir=/work/jqwik_out/Closure_97/auto_round1_tries200_seed1/snapshots -Dpbt.propertyBudgetMs=5000 -Dpbt.mask=/work/Closure_97f:/work/Closure_97b:/work/jqwik_out/Closure_97/auto_round1_tries200_seed1/classes_f:/work/jqwik_out/Closure_97/auto_round1_tries200_seed1/classes_b -Dpbt.mode=check -jar /workspace/lib/jqwik/junit-platform-console-standalone-1.9.3.jar --disable-banner --details tree --class-path /work/jqwik_out/Closure_97/auto_round1_tries200_seed1/classes_b:/work/Closure_97b/build/classes:/work/Closure_97b/lib/ant_deploy.jar:/work/Closure_97b/lib/args4j_deploy.jar:/work/Closure_97b/lib/google_common_deploy.jar:/work/Closure_97b/lib/hamcrest-core-1.1.jar:/work/Closure_97b/lib/json.jar:/work/Closure_97b/lib/junit.jar:/work/Closure_97b/lib/libtrunk_rhino_parser_jarjared.jar:/work/Closure_97b/lib/protobuf_deploy.jar:/work/Closure_97b/build/test:/work/jqwik_harness:/workspace/lib/jqwik/jqwik-1.7.4.jar:/workspace/lib/jqwik/jqwik-api-1.7.4.jar:/workspace/lib/jqwik/jqwik-engine-1.7.4.jar --scan-class-path /work/jqwik_out/Closure_97/auto_round1_tries200_seed1/classes_b --include-classname .* --include-engine jqwik --config jqwik.database=/workspace/jqwik/Result_auto_Round1/Closure_97/tries200_seed1/reports_buggy/jqwik-database --config jqwik.tries.default=200 --reports-dir /workspace/jqwik/Result_auto_Round1/Closure_97/tries200_seed1/reports_buggy
timestamp = 2026-09-30T21:52:19.970418, PeepholeFoldConstants AutoPbtTest:m000 optimizeSubtree = 
                              |-----------------------jqwik-----------------------
tries = 200                   | # of calls to property
checks = 200                  | # of not rejected calls
generation = RANDOMIZED       | parameters are randomly generated
after-failure = SAMPLE_FIRST  | try previously failed sample, then previous seed
when-fixed-seed = ALLOW       | fixing the random seed is allowed
edge-cases#mode = NONE        | edge cases are not explicitly generated
seed = 1                      | random seed to reproduce generated values


[36m╷[0m
[36m└─[0m [36mjqwik (JUnit Platform)[0m [32m✔[0m
[36m   └─[0m [36mPeepholeFoldConstants AutoPbtTest[0m [32m✔[0m
[36m      └─[0m [34mm000 optimizeSubtree[0m [32m✔[0m

Test run finished after 1293 ms
[         2 containers found      ]
[         0 containers skipped    ]
[         2 containers started    ]
[         0 containers aborted    ]
[         2 containers successful ]
[         0 containers failed     ]
[         1 tests found           ]
[         0 tests skipped         ]
[         1 tests started         ]
[         0 tests aborted         ]
[         1 tests successful      ]
[         0 tests failed          ]


[exit=0 timeout=False time=2.5s]
