
$ javac -nowarn -encoding UTF-8 -cp /work/Closure_75f/build/classes:/work/Closure_75f/lib/args4j.jar:/work/Closure_75f/lib/guava.jar:/work/Closure_75f/lib/json.jar:/work/Closure_75f/lib/jsr305.jar:/work/Closure_75f/lib/libtrunk_rhino_parser_jarjared.jar:/work/Closure_75f/lib/protobuf-java.jar:/work/Closure_75f/lib/ant.jar:/work/Closure_75f/lib/ant-launcher.jar:/work/Closure_75f/lib/caja-r4314.jar:/work/Closure_75f/lib/junit.jar:/work/Closure_75f/build/test:/work/jqwik_harness:/workspace/lib/jqwik/jqwik-1.7.4.jar:/workspace/lib/jqwik/jqwik-api-1.7.4.jar:/workspace/lib/jqwik/jqwik-engine-1.7.4.jar -d /work/jqwik_out/Closure_75/auto_round1_tries200_seed3/classes_f /workspace/jqwik/Auto/Closure_75/com/google/javascript/jscomp/NodeUtil_AutoPbtTest.java

[exit=0 timeout=False time=1.4s]

$ javac -nowarn -encoding UTF-8 -cp /work/Closure_75b/build/classes:/work/Closure_75b/lib/args4j.jar:/work/Closure_75b/lib/guava.jar:/work/Closure_75b/lib/json.jar:/work/Closure_75b/lib/jsr305.jar:/work/Closure_75b/lib/libtrunk_rhino_parser_jarjared.jar:/work/Closure_75b/lib/protobuf-java.jar:/work/Closure_75b/lib/ant.jar:/work/Closure_75b/lib/ant-launcher.jar:/work/Closure_75b/lib/caja-r4314.jar:/work/Closure_75b/lib/junit.jar:/work/Closure_75b/build/test:/work/jqwik_harness:/workspace/lib/jqwik/jqwik-1.7.4.jar:/workspace/lib/jqwik/jqwik-api-1.7.4.jar:/workspace/lib/jqwik/jqwik-engine-1.7.4.jar -d /work/jqwik_out/Closure_75/auto_round1_tries200_seed3/classes_b /workspace/jqwik/Auto/Closure_75/com/google/javascript/jscomp/NodeUtil_AutoPbtTest.java

[exit=0 timeout=False time=1.3s]

$ java -Djava.awt.headless=true -Xss4m -Xmx1g -Dpbt.seed=3 -Dpbt.tries=200 -Dpbt.snapshot.dir=/work/jqwik_out/Closure_75/auto_round1_tries200_seed3/snapshots -Dpbt.propertyBudgetMs=5000 -Dpbt.mask=/work/Closure_75f:/work/Closure_75b:/work/jqwik_out/Closure_75/auto_round1_tries200_seed3/classes_f:/work/jqwik_out/Closure_75/auto_round1_tries200_seed3/classes_b -Dpbt.mode=record -jar /workspace/lib/jqwik/junit-platform-console-standalone-1.9.3.jar --disable-banner --details tree --class-path /work/jqwik_out/Closure_75/auto_round1_tries200_seed3/classes_f:/work/Closure_75f/build/classes:/work/Closure_75f/lib/args4j.jar:/work/Closure_75f/lib/guava.jar:/work/Closure_75f/lib/json.jar:/work/Closure_75f/lib/jsr305.jar:/work/Closure_75f/lib/libtrunk_rhino_parser_jarjared.jar:/work/Closure_75f/lib/protobuf-java.jar:/work/Closure_75f/lib/ant.jar:/work/Closure_75f/lib/ant-launcher.jar:/work/Closure_75f/lib/caja-r4314.jar:/work/Closure_75f/lib/junit.jar:/work/Closure_75f/build/test:/work/jqwik_harness:/workspace/lib/jqwik/jqwik-1.7.4.jar:/workspace/lib/jqwik/jqwik-api-1.7.4.jar:/workspace/lib/jqwik/jqwik-engine-1.7.4.jar --scan-class-path /work/jqwik_out/Closure_75/auto_round1_tries200_seed3/classes_f --include-classname .* --include-engine jqwik --config jqwik.database=/workspace/jqwik/Result_auto_Round1/Closure_75/tries200_seed3/reports_record/jqwik-database --config jqwik.tries.default=200 --reports-dir /workspace/jqwik/Result_auto_Round1/Closure_75/tries200_seed3/reports_record
m [32m✔[0m
[36m      ├─[0m [34mm022 getFnParameters[0m [32m✔[0m
[36m      ├─[0m [34mm114 mayBeString[0m [32m✔[0m
[36m      ├─[0m [34mm031 getNodeTypeReferenceCount[0m [32m✔[0m
[36m      ├─[0m [34mm122 newCallNode[0m [32m✔[0m
[36m      ├─[0m [34mm004 constructorCallHasSideEffects[0m [32m✔[0m
[36m      ├─[0m [34mm002 canBeSideEffected[0m [32m✔[0m
[36m      ├─[0m [34mm124 newFunctionNode[0m [32m✔[0m
[36m      ├─[0m [34mm062 isExprAssign[0m [32m✔[0m
[36m      ├─[0m [34mm063 isExprCall[0m [32m✔[0m
[36m      ├─[0m [34mm059 isControlStructureCodeBlock[0m [32m✔[0m
[36m      ├─[0m [34mm080 isLiteralValue[0m [32m✔[0m
[36m      ├─[0m [34mm141 trimJsWhiteSpace[0m [32m✔[0m
[36m      ├─[0m [34mm090 isObjectCallMethod[0m [32m✔[0m
[36m      ├─[0m [34mm089 isNumericResultHelper[0m [32m✔[0m
[36m      ├─[0m [34mm072 isGet[0m [32m✔[0m
[36m      ├─[0m [34mm139 removeChild[0m [32m✔[0m
[36m      ├─[0m [34mm000 arrayToString[0m [32m✔[0m
[36m      ├─[0m [34mm030 getNearestFunctionName[0m [32m✔[0m
[36m      ├─[0m [34mm005 constructorCallHasSideEffects[0m [32m✔[0m
[36m      ├─[0m [34mm078 isLatin[0m [32m✔[0m
[36m      ├─[0m [34mm006 containsCall[0m [32m✔[0m
[36m      ├─[0m [34mm085 isNew[0m [32m✔[0m
[36m      ├─[0m [34mm029 getNameReferenceCount[0m [32m✔[0m
[36m      ├─[0m [34mm047 isArrayLiteral[0m [32m✔[0m
[36m      ├─[0m [34mm143 valueCheck[0m [32m✔[0m
[36m      ├─[0m [34mm076 isImmutableValue[0m [32m✔[0m
[36m      ├─[0m [34mm046 hasFinally[0m [32m✔[0m
[36m      ├─[0m [34mm111 isVarArgsFunction[0m [32m✔[0m
[36m      ├─[0m [34mm028 getLoopCodeBlock[0m [32m✔[0m
[36m      ├─[0m [34mm070 isFunctionObjectCall[0m [32m✔[0m
[36m      ├─[0m [34mm109 isValidPropertyName[0m [32m✔[0m
[36m      ├─[0m [34mm082 isName[0m [32m✔[0m
[36m      ├─[0m [34mm087 isNullOrUndefined[0m [32m✔[0m
[36m      ├─[0m [34mm074 isGetProp[0m [32m✔[0m
[36m      ├─[0m [34mm052 isBooleanResultHelper[0m [32m✔[0m
[36m      ├─[0m [34mm135 opToStrNoFail[0m [32m✔[0m
[36m      ├─[0m [34mm103 isSwitchCase[0m [32m✔[0m
[36m      ├─[0m [34mm021 getCount[0m [32m✔[0m
[36m      ├─[0m [34mm025 getFunctionName[0m [32m✔[0m
[36m      ├─[0m [34mm127 newName[0m [32m✔[0m
[36m      ├─[0m [34mm043 getVarsDeclaredInBranch[0m [32m✔[0m
[36m      ├─[0m [34mm073 isGetOrSetKey[0m [32m✔[0m
[36m      ├─[0m [34mm129 newQualifiedNameNode[0m [32m✔[0m
[36m      ├─[0m [34mm133 nodeTypeMayHaveSideEffects[0m [32m✔[0m
[36m      ├─[0m [34mm091 isObjectLitKey[0m [32m✔[0m
[36m      ├─[0m [34mm064 isExpressionNode[0m [32m✔[0m
[36m      ├─[0m [34mm113 isWithinLoop[0m [32m✔[0m
[36m      ├─[0m [34mm142 tryMergeBlock[0m [32m✔[0m
[36m      ├─[0m [34mm117 mayEffectMutableState[0m [32m✔[0m
[36m      ├─[0m [34mm104 isThis[0m [32m✔[0m
[36m      ├─[0m [34mm140 setDebugInformation[0m [32m✔[0m
[36m      ├─[0m [34mm132 nodeTypeMayHaveSideEffects[0m [32m✔[0m
[36m      ├─[0m [34mm016 getArgumentForFunction[0m [32m✔[0m
[36m      ├─[0m [34mm055 isCommutative[0m [32m✔[0m
[36m      ├─[0m [34mm145 visitPreOrder[0m [32m✔[0m
[36m      ├─[0m [34mm065 isForIn[0m [32m✔[0m
[36m      ├─[0m [34mm088 isNumericResult[0m [32m✔[0m
[36m      ├─[0m [34mm036 getPrototypeClassName[0m [32m✔[0m
[36m      └─[0m [34mm075 isHoistedFunctionDeclaration[0m [32m✔[0m

Test run finished after 10270 ms
[         2 containers found      ]
[         0 containers skipped    ]
[         2 containers started    ]
[         0 containers aborted    ]
[         2 containers successful ]
[         0 containers failed     ]
[       146 tests found           ]
[         0 tests skipped         ]
[       146 tests started         ]
[         0 tests aborted         ]
[       146 tests successful      ]
[         0 tests failed          ]


[exit=0 timeout=False time=11.6s]

$ java -Djava.awt.headless=true -Xss4m -Xmx1g -Dpbt.seed=3 -Dpbt.tries=200 -Dpbt.snapshot.dir=/work/jqwik_out/Closure_75/auto_round1_tries200_seed3/snapshots -Dpbt.propertyBudgetMs=5000 -Dpbt.mask=/work/Closure_75f:/work/Closure_75b:/work/jqwik_out/Closure_75/auto_round1_tries200_seed3/classes_f:/work/jqwik_out/Closure_75/auto_round1_tries200_seed3/classes_b -Dpbt.mode=check -javaagent:/opt/jacoco/lib/jacocoagent.jar=destfile=/workspace/jqwik/Result_auto_Round1/Closure_75/tries200_seed3/jacoco.exec -jar /workspace/lib/jqwik/junit-platform-console-standalone-1.9.3.jar --disable-banner --details tree --class-path /work/jqwik_out/Closure_75/auto_round1_tries200_seed3/classes_f:/work/Closure_75f/build/classes:/work/Closure_75f/lib/args4j.jar:/work/Closure_75f/lib/guava.jar:/work/Closure_75f/lib/json.jar:/work/Closure_75f/lib/jsr305.jar:/work/Closure_75f/lib/libtrunk_rhino_parser_jarjared.jar:/work/Closure_75f/lib/protobuf-java.jar:/work/Closure_75f/lib/ant.jar:/work/Closure_75f/lib/ant-launcher.jar:/work/Closure_75f/lib/caja-r4314.jar:/work/Closure_75f/lib/junit.jar:/work/Closure_75f/build/test:/work/jqwik_harness:/workspace/lib/jqwik/jqwik-1.7.4.jar:/workspace/lib/jqwik/jqwik-api-1.7.4.jar:/workspace/lib/jqwik/jqwik-engine-1.7.4.jar --scan-class-path /work/jqwik_out/Closure_75/auto_round1_tries200_seed3/classes_f --include-classname .* --include-engine jqwik --config jqwik.database=/workspace/jqwik/Result_auto_Round1/Closure_75/tries200_seed3/reports_fixed/jqwik-database --config jqwik.tries.default=200 --reports-dir /workspace/jqwik/Result_auto_Round1/Closure_75/tries200_seed3/reports_fixed
m [32m✔[0m
[36m      ├─[0m [34mm022 getFnParameters[0m [32m✔[0m
[36m      ├─[0m [34mm114 mayBeString[0m [32m✔[0m
[36m      ├─[0m [34mm031 getNodeTypeReferenceCount[0m [32m✔[0m
[36m      ├─[0m [34mm122 newCallNode[0m [32m✔[0m
[36m      ├─[0m [34mm004 constructorCallHasSideEffects[0m [32m✔[0m
[36m      ├─[0m [34mm002 canBeSideEffected[0m [32m✔[0m
[36m      ├─[0m [34mm124 newFunctionNode[0m [32m✔[0m
[36m      ├─[0m [34mm062 isExprAssign[0m [32m✔[0m
[36m      ├─[0m [34mm063 isExprCall[0m [32m✔[0m
[36m      ├─[0m [34mm059 isControlStructureCodeBlock[0m [32m✔[0m
[36m      ├─[0m [34mm080 isLiteralValue[0m [32m✔[0m
[36m      ├─[0m [34mm141 trimJsWhiteSpace[0m [32m✔[0m
[36m      ├─[0m [34mm090 isObjectCallMethod[0m [32m✔[0m
[36m      ├─[0m [34mm089 isNumericResultHelper[0m [32m✔[0m
[36m      ├─[0m [34mm072 isGet[0m [32m✔[0m
[36m      ├─[0m [34mm139 removeChild[0m [32m✔[0m
[36m      ├─[0m [34mm000 arrayToString[0m [32m✔[0m
[36m      ├─[0m [34mm030 getNearestFunctionName[0m [32m✔[0m
[36m      ├─[0m [34mm005 constructorCallHasSideEffects[0m [32m✔[0m
[36m      ├─[0m [34mm078 isLatin[0m [32m✔[0m
[36m      ├─[0m [34mm006 containsCall[0m [32m✔[0m
[36m      ├─[0m [34mm085 isNew[0m [32m✔[0m
[36m      ├─[0m [34mm029 getNameReferenceCount[0m [32m✔[0m
[36m      ├─[0m [34mm047 isArrayLiteral[0m [32m✔[0m
[36m      ├─[0m [34mm143 valueCheck[0m [32m✔[0m
[36m      ├─[0m [34mm076 isImmutableValue[0m [32m✔[0m
[36m      ├─[0m [34mm046 hasFinally[0m [32m✔[0m
[36m      ├─[0m [34mm111 isVarArgsFunction[0m [32m✔[0m
[36m      ├─[0m [34mm028 getLoopCodeBlock[0m [32m✔[0m
[36m      ├─[0m [34mm070 isFunctionObjectCall[0m [32m✔[0m
[36m      ├─[0m [34mm109 isValidPropertyName[0m [32m✔[0m
[36m      ├─[0m [34mm082 isName[0m [32m✔[0m
[36m      ├─[0m [34mm087 isNullOrUndefined[0m [32m✔[0m
[36m      ├─[0m [34mm074 isGetProp[0m [32m✔[0m
[36m      ├─[0m [34mm052 isBooleanResultHelper[0m [32m✔[0m
[36m      ├─[0m [34mm135 opToStrNoFail[0m [32m✔[0m
[36m      ├─[0m [34mm103 isSwitchCase[0m [32m✔[0m
[36m      ├─[0m [34mm021 getCount[0m [32m✔[0m
[36m      ├─[0m [34mm025 getFunctionName[0m [32m✔[0m
[36m      ├─[0m [34mm127 newName[0m [32m✔[0m
[36m      ├─[0m [34mm043 getVarsDeclaredInBranch[0m [32m✔[0m
[36m      ├─[0m [34mm073 isGetOrSetKey[0m [32m✔[0m
[36m      ├─[0m [34mm129 newQualifiedNameNode[0m [32m✔[0m
[36m      ├─[0m [34mm133 nodeTypeMayHaveSideEffects[0m [32m✔[0m
[36m      ├─[0m [34mm091 isObjectLitKey[0m [32m✔[0m
[36m      ├─[0m [34mm064 isExpressionNode[0m [32m✔[0m
[36m      ├─[0m [34mm113 isWithinLoop[0m [32m✔[0m
[36m      ├─[0m [34mm142 tryMergeBlock[0m [32m✔[0m
[36m      ├─[0m [34mm117 mayEffectMutableState[0m [32m✔[0m
[36m      ├─[0m [34mm104 isThis[0m [32m✔[0m
[36m      ├─[0m [34mm140 setDebugInformation[0m [32m✔[0m
[36m      ├─[0m [34mm132 nodeTypeMayHaveSideEffects[0m [32m✔[0m
[36m      ├─[0m [34mm016 getArgumentForFunction[0m [32m✔[0m
[36m      ├─[0m [34mm055 isCommutative[0m [32m✔[0m
[36m      ├─[0m [34mm145 visitPreOrder[0m [32m✔[0m
[36m      ├─[0m [34mm065 isForIn[0m [32m✔[0m
[36m      ├─[0m [34mm088 isNumericResult[0m [32m✔[0m
[36m      ├─[0m [34mm036 getPrototypeClassName[0m [32m✔[0m
[36m      └─[0m [34mm075 isHoistedFunctionDeclaration[0m [32m✔[0m

Test run finished after 12576 ms
[         2 containers found      ]
[         0 containers skipped    ]
[         2 containers started    ]
[         0 containers aborted    ]
[         2 containers successful ]
[         0 containers failed     ]
[       146 tests found           ]
[         0 tests skipped         ]
[       146 tests started         ]
[         0 tests aborted         ]
[       146 tests successful      ]
[         0 tests failed          ]


[exit=0 timeout=False time=21.1s]

$ java -jar /opt/jacoco/lib/jacococli.jar report /workspace/jqwik/Result_auto_Round1/Closure_75/tries200_seed3/jacoco.exec --classfiles /work/Closure_75f/build/classes --csv /workspace/jqwik/Result_auto_Round1/Closure_75/tries200_seed3/jacoco.csv
[INFO] Loading execution data file /workspace/jqwik/Result_auto_Round1/Closure_75/tries200_seed3/jacoco.exec.
[INFO] Analyzing 1030 classes.

[exit=0 timeout=False time=0.7s]

$ java -Djava.awt.headless=true -Xss4m -Xmx1g -Dpbt.seed=3 -Dpbt.tries=200 -Dpbt.snapshot.dir=/work/jqwik_out/Closure_75/auto_round1_tries200_seed3/snapshots -Dpbt.propertyBudgetMs=5000 -Dpbt.mask=/work/Closure_75f:/work/Closure_75b:/work/jqwik_out/Closure_75/auto_round1_tries200_seed3/classes_f:/work/jqwik_out/Closure_75/auto_round1_tries200_seed3/classes_b -Dpbt.mode=check -jar /workspace/lib/jqwik/junit-platform-console-standalone-1.9.3.jar --disable-banner --details tree --class-path /work/jqwik_out/Closure_75/auto_round1_tries200_seed3/classes_b:/work/Closure_75b/build/classes:/work/Closure_75b/lib/args4j.jar:/work/Closure_75b/lib/guava.jar:/work/Closure_75b/lib/json.jar:/work/Closure_75b/lib/jsr305.jar:/work/Closure_75b/lib/libtrunk_rhino_parser_jarjared.jar:/work/Closure_75b/lib/protobuf-java.jar:/work/Closure_75b/lib/ant.jar:/work/Closure_75b/lib/ant-launcher.jar:/work/Closure_75b/lib/caja-r4314.jar:/work/Closure_75b/lib/junit.jar:/work/Closure_75b/build/test:/work/jqwik_harness:/workspace/lib/jqwik/jqwik-1.7.4.jar:/workspace/lib/jqwik/jqwik-api-1.7.4.jar:/workspace/lib/jqwik/jqwik-engine-1.7.4.jar --scan-class-path /work/jqwik_out/Closure_75/auto_round1_tries200_seed3/classes_b --include-classname .* --include-engine jqwik --config jqwik.database=/workspace/jqwik/Result_auto_Round1/Closure_75/tries200_seed3/reports_buggy/jqwik-database --config jqwik.tries.default=200 --reports-dir /workspace/jqwik/Result_auto_Round1/Closure_75/tries200_seed3/reports_buggy
─[0m [34mm143 valueCheck[0m [32m✔[0m
[36m      ├─[0m [34mm076 isImmutableValue[0m [32m✔[0m
[36m      ├─[0m [34mm046 hasFinally[0m [32m✔[0m
[36m      ├─[0m [34mm111 isVarArgsFunction[0m [32m✔[0m
[36m      ├─[0m [34mm028 getLoopCodeBlock[0m [32m✔[0m
[36m      ├─[0m [34mm070 isFunctionObjectCall[0m [32m✔[0m
[36m      ├─[0m [34mm109 isValidPropertyName[0m [32m✔[0m
[36m      ├─[0m [34mm082 isName[0m [32m✔[0m
[36m      ├─[0m [34mm087 isNullOrUndefined[0m [32m✔[0m
[36m      ├─[0m [34mm074 isGetProp[0m [32m✔[0m
[36m      ├─[0m [34mm052 isBooleanResultHelper[0m [32m✔[0m
[36m      ├─[0m [34mm135 opToStrNoFail[0m [32m✔[0m
[36m      ├─[0m [34mm103 isSwitchCase[0m [32m✔[0m
[36m      ├─[0m [34mm021 getCount[0m [32m✔[0m
[36m      ├─[0m [34mm025 getFunctionName[0m [32m✔[0m
[36m      ├─[0m [34mm127 newName[0m [32m✔[0m
[36m      ├─[0m [34mm043 getVarsDeclaredInBranch[0m [32m✔[0m
[36m      ├─[0m [34mm073 isGetOrSetKey[0m [32m✔[0m
[36m      ├─[0m [34mm129 newQualifiedNameNode[0m [32m✔[0m
[36m      ├─[0m [34mm133 nodeTypeMayHaveSideEffects[0m [32m✔[0m
[36m      ├─[0m [34mm091 isObjectLitKey[0m [32m✔[0m
[36m      ├─[0m [34mm064 isExpressionNode[0m [32m✔[0m
[36m      ├─[0m [34mm113 isWithinLoop[0m [32m✔[0m
[36m      ├─[0m [34mm142 tryMergeBlock[0m [32m✔[0m
[36m      ├─[0m [34mm117 mayEffectMutableState[0m [32m✔[0m
[36m      ├─[0m [34mm104 isThis[0m [32m✔[0m
[36m      ├─[0m [34mm140 setDebugInformation[0m [32m✔[0m
[36m      ├─[0m [34mm132 nodeTypeMayHaveSideEffects[0m [32m✔[0m
[36m      ├─[0m [34mm016 getArgumentForFunction[0m [32m✔[0m
[36m      ├─[0m [34mm055 isCommutative[0m [32m✔[0m
[36m      ├─[0m [34mm145 visitPreOrder[0m [32m✔[0m
[36m      ├─[0m [34mm065 isForIn[0m [32m✔[0m
[36m      ├─[0m [34mm088 isNumericResult[0m [32m✔[0m
[36m      ├─[0m [34mm036 getPrototypeClassName[0m [32m✔[0m
[36m      └─[0m [34mm075 isHoistedFunctionDeclaration[0m [32m✔[0m

Failures (1):
  jqwik (JUnit Platform):NodeUtil AutoPbtTest:m101 isStrWhiteSpaceChar
    MethodSource [className = 'com.google.javascript.jscomp.NodeUtil_AutoPbtTest', methodName = 'm101_isStrWhiteSpaceChar', methodParameterTypes = 'pbt.auto.AutoTarget$Call']
    => java.lang.AssertionError: [regression] com.google.javascript.jscomp.NodeUtil.isStrWhiteSpaceChar(int)
  input:    isStrWhiteSpaceChar[Integer:11]
  expected: ret=TernaryValue.UNKNOWN
  actual:   ret=TernaryValue.TRUE
       pbt.auto.AutoTarget.check(AutoTarget.java:127)
       com.google.javascript.jscomp.NodeUtil_AutoPbtTest.m101_isStrWhiteSpaceChar(NodeUtil_AutoPbtTest.java:1024)
       java.base/jdk.internal.reflect.NativeMethodAccessorImpl.invoke0(Native Method)
       java.base/jdk.internal.reflect.NativeMethodAccessorImpl.invoke(NativeMethodAccessorImpl.java:62)
       java.base/jdk.internal.reflect.DelegatingMethodAccessorImpl.invoke(DelegatingMethodAccessorImpl.java:43)
       java.base/java.lang.reflect.Method.invoke(Method.java:566)
       org.junit.platform.commons.util.ReflectionUtils.invokeMethod(ReflectionUtils.java:727)
       org.junit.platform.commons.support.ReflectionSupport.invokeMethod(ReflectionSupport.java:198)
       net.jqwik.engine.execution.CheckedPropertyFactory.lambda$createRawFunction$1(CheckedPropertyFactory.java:84)
       net.jqwik.engine.execution.CheckedPropertyFactory.lambda$createRawFunction$2(CheckedPropertyFactory.java:91)
       [...]

Test run finished after 12035 ms
[         2 containers found      ]
[         0 containers skipped    ]
[         2 containers started    ]
[         0 containers aborted    ]
[         2 containers successful ]
[         0 containers failed     ]
[       146 tests found           ]
[         0 tests skipped         ]
[       146 tests started         ]
[         0 tests aborted         ]
[       145 tests successful      ]
[         1 tests failed          ]


[exit=1 timeout=False time=13.1s]
