
$ javac -nowarn -encoding UTF-8 -cp /work/Gson_11f/target/classes:/opt/defects4j/framework/projects/Gson/lib/junit/junit/4.12/junit-4.12.jar:/opt/defects4j/framework/projects/Gson/lib/org/hamcrest/hamcrest-core/1.3/hamcrest-core-1.3.jar:/work/Gson_11f/target/test-classes:/opt/defects4j/framework/projects/lib/junit-4.12-hamcrest-1.3.jar:/opt/defects4j/framework/projects/Gson/lib/com/google/code/findbugs/jsr305/3.0.0/jsr305-3.0.0.jar:/opt/defects4j/framework/projects/Gson/lib/junit/junit/3.8.2/junit-3.8.2.jar:/work/jqwik_harness:/workspace/lib/jqwik/jqwik-1.7.4.jar:/workspace/lib/jqwik/jqwik-api-1.7.4.jar:/workspace/lib/jqwik/jqwik-engine-1.7.4.jar -d /work/jqwik_out/Gson_11/auto_round2_tries1000_seed3/classes_f /workspace/jqwik/Auto/Gson_11/com/google/gson/internal/bind/TypeAdapters_AutoPbtTest.java

[exit=0 timeout=False time=5.7s]

$ javac -nowarn -encoding UTF-8 -cp /work/Gson_11b/target/classes:/opt/defects4j/framework/projects/Gson/lib/junit/junit/4.12/junit-4.12.jar:/opt/defects4j/framework/projects/Gson/lib/org/hamcrest/hamcrest-core/1.3/hamcrest-core-1.3.jar:/work/Gson_11b/target/test-classes:/opt/defects4j/framework/projects/lib/junit-4.12-hamcrest-1.3.jar:/opt/defects4j/framework/projects/Gson/lib/com/google/code/findbugs/jsr305/3.0.0/jsr305-3.0.0.jar:/opt/defects4j/framework/projects/Gson/lib/junit/junit/3.8.2/junit-3.8.2.jar:/work/jqwik_harness:/workspace/lib/jqwik/jqwik-1.7.4.jar:/workspace/lib/jqwik/jqwik-api-1.7.4.jar:/workspace/lib/jqwik/jqwik-engine-1.7.4.jar -d /work/jqwik_out/Gson_11/auto_round2_tries1000_seed3/classes_b /workspace/jqwik/Auto/Gson_11/com/google/gson/internal/bind/TypeAdapters_AutoPbtTest.java

[exit=0 timeout=False time=4.7s]

$ java -Djava.awt.headless=true -Xss4m -Xmx1g -Dpbt.seed=3 -Dpbt.tries=1000 -Dpbt.snapshot.dir=/work/jqwik_out/Gson_11/auto_round2_tries1000_seed3/snapshots -Dpbt.propertyBudgetMs=5000 -Dpbt.mask=/work/Gson_11f:/work/Gson_11b:/work/jqwik_out/Gson_11/auto_round2_tries1000_seed3/classes_f:/work/jqwik_out/Gson_11/auto_round2_tries1000_seed3/classes_b -Dpbt.mode=record -jar /workspace/lib/jqwik/junit-platform-console-standalone-1.9.3.jar --disable-banner --details tree --class-path /work/jqwik_out/Gson_11/auto_round2_tries1000_seed3/classes_f:/work/Gson_11f/target/classes:/opt/defects4j/framework/projects/Gson/lib/junit/junit/4.12/junit-4.12.jar:/opt/defects4j/framework/projects/Gson/lib/org/hamcrest/hamcrest-core/1.3/hamcrest-core-1.3.jar:/work/Gson_11f/target/test-classes:/opt/defects4j/framework/projects/lib/junit-4.12-hamcrest-1.3.jar:/opt/defects4j/framework/projects/Gson/lib/com/google/code/findbugs/jsr305/3.0.0/jsr305-3.0.0.jar:/opt/defects4j/framework/projects/Gson/lib/junit/junit/3.8.2/junit-3.8.2.jar:/work/jqwik_harness:/workspace/lib/jqwik/jqwik-1.7.4.jar:/workspace/lib/jqwik/jqwik-api-1.7.4.jar:/workspace/lib/jqwik/jqwik-engine-1.7.4.jar --scan-class-path /work/jqwik_out/Gson_11/auto_round2_tries1000_seed3/classes_f --include-classname .* --include-engine jqwik --config jqwik.database=/workspace/jqwik/Result_auto_Round2/Gson_11/tries1000_seed3/reports_record/jqwik-database --config jqwik.tries.default=1000 --reports-dir /workspace/jqwik/Result_auto_Round2/Gson_11/tries1000_seed3/reports_record
----------------jqwik-----------------------
tries = 14                    | # of calls to property
checks = 14                   | # of not rejected calls
generation = EXHAUSTIVE       | parameters are exhaustively generated
after-failure = SAMPLE_FIRST  | try previously failed sample, then previous seed
when-fixed-seed = ALLOW       | fixing the random seed is allowed
edge-cases#mode = NONE        | edge cases are not explicitly generated
seed = 3                      | random seed to reproduce generated values


timestamp = 2026-09-27T05:14:38.469313, TypeAdapters AutoPbtTest:m000 newFactory = 
                              |-----------------------jqwik-----------------------
tries = 542                   | # of calls to property
checks = 542                  | # of not rejected calls
generation = EXHAUSTIVE       | parameters are exhaustively generated
after-failure = SAMPLE_FIRST  | try previously failed sample, then previous seed
when-fixed-seed = ALLOW       | fixing the random seed is allowed
edge-cases#mode = NONE        | edge cases are not explicitly generated
seed = 3                      | random seed to reproduce generated values


timestamp = 2026-09-27T05:14:38.516573, TypeAdapters AutoPbtTest:m001 newFactory = 
                              |-----------------------jqwik-----------------------
tries = 14                    | # of calls to property
checks = 14                   | # of not rejected calls
generation = EXHAUSTIVE       | parameters are exhaustively generated
after-failure = SAMPLE_FIRST  | try previously failed sample, then previous seed
when-fixed-seed = ALLOW       | fixing the random seed is allowed
edge-cases#mode = NONE        | edge cases are not explicitly generated
seed = 3                      | random seed to reproduce generated values


timestamp = 2026-09-27T05:14:38.829750, TypeAdapters AutoPbtTest:m002 newFactory = 
                              |-----------------------jqwik-----------------------
tries = 98                    | # of calls to property
checks = 98                   | # of not rejected calls
generation = EXHAUSTIVE       | parameters are exhaustively generated
after-failure = SAMPLE_FIRST  | try previously failed sample, then previous seed
when-fixed-seed = ALLOW       | fixing the random seed is allowed
edge-cases#mode = NONE        | edge cases are not explicitly generated
seed = 3                      | random seed to reproduce generated values


timestamp = 2026-09-27T05:14:39.110763, TypeAdapters AutoPbtTest:m003 newFactoryForMultipleTypes = 
                              |-----------------------jqwik-----------------------
tries = 98                    | # of calls to property
checks = 98                   | # of not rejected calls
generation = EXHAUSTIVE       | parameters are exhaustively generated
after-failure = SAMPLE_FIRST  | try previously failed sample, then previous seed
when-fixed-seed = ALLOW       | fixing the random seed is allowed
edge-cases#mode = NONE        | edge cases are not explicitly generated
seed = 3                      | random seed to reproduce generated values


[36m╷[0m
[36m└─[0m [36mjqwik (JUnit Platform)[0m [32m✔[0m
[36m   └─[0m [36mTypeAdapters AutoPbtTest[0m [32m✔[0m
[36m      ├─[0m [34mm004 newTypeHierarchyFactory[0m [32m✔[0m
[36m      ├─[0m [34mm000 newFactory[0m [32m✔[0m
[36m      ├─[0m [34mm001 newFactory[0m [32m✔[0m
[36m      ├─[0m [34mm002 newFactory[0m [32m✔[0m
[36m      └─[0m [34mm003 newFactoryForMultipleTypes[0m [32m✔[0m

Test run finished after 4060 ms
[         2 containers found      ]
[         0 containers skipped    ]
[         2 containers started    ]
[         0 containers aborted    ]
[         2 containers successful ]
[         0 containers failed     ]
[         5 tests found           ]
[         0 tests skipped         ]
[         5 tests started         ]
[         0 tests aborted         ]
[         5 tests successful      ]
[         0 tests failed          ]


[exit=0 timeout=False time=9.5s]

$ java -Djava.awt.headless=true -Xss4m -Xmx1g -Dpbt.seed=3 -Dpbt.tries=1000 -Dpbt.snapshot.dir=/work/jqwik_out/Gson_11/auto_round2_tries1000_seed3/snapshots -Dpbt.propertyBudgetMs=5000 -Dpbt.mask=/work/Gson_11f:/work/Gson_11b:/work/jqwik_out/Gson_11/auto_round2_tries1000_seed3/classes_f:/work/jqwik_out/Gson_11/auto_round2_tries1000_seed3/classes_b -Dpbt.mode=check -javaagent:/opt/jacoco/lib/jacocoagent.jar=destfile=/workspace/jqwik/Result_auto_Round2/Gson_11/tries1000_seed3/jacoco.exec -jar /workspace/lib/jqwik/junit-platform-console-standalone-1.9.3.jar --disable-banner --details tree --class-path /work/jqwik_out/Gson_11/auto_round2_tries1000_seed3/classes_f:/work/Gson_11f/target/classes:/opt/defects4j/framework/projects/Gson/lib/junit/junit/4.12/junit-4.12.jar:/opt/defects4j/framework/projects/Gson/lib/org/hamcrest/hamcrest-core/1.3/hamcrest-core-1.3.jar:/work/Gson_11f/target/test-classes:/opt/defects4j/framework/projects/lib/junit-4.12-hamcrest-1.3.jar:/opt/defects4j/framework/projects/Gson/lib/com/google/code/findbugs/jsr305/3.0.0/jsr305-3.0.0.jar:/opt/defects4j/framework/projects/Gson/lib/junit/junit/3.8.2/junit-3.8.2.jar:/work/jqwik_harness:/workspace/lib/jqwik/jqwik-1.7.4.jar:/workspace/lib/jqwik/jqwik-api-1.7.4.jar:/workspace/lib/jqwik/jqwik-engine-1.7.4.jar --scan-class-path /work/jqwik_out/Gson_11/auto_round2_tries1000_seed3/classes_f --include-classname .* --include-engine jqwik --config jqwik.database=/workspace/jqwik/Result_auto_Round2/Gson_11/tries1000_seed3/reports_fixed/jqwik-database --config jqwik.tries.default=1000 --reports-dir /workspace/jqwik/Result_auto_Round2/Gson_11/tries1000_seed3/reports_fixed
----------------jqwik-----------------------
tries = 14                    | # of calls to property
checks = 14                   | # of not rejected calls
generation = EXHAUSTIVE       | parameters are exhaustively generated
after-failure = SAMPLE_FIRST  | try previously failed sample, then previous seed
when-fixed-seed = ALLOW       | fixing the random seed is allowed
edge-cases#mode = NONE        | edge cases are not explicitly generated
seed = 3                      | random seed to reproduce generated values


timestamp = 2026-09-27T05:14:49.896594, TypeAdapters AutoPbtTest:m000 newFactory = 
                              |-----------------------jqwik-----------------------
tries = 542                   | # of calls to property
checks = 542                  | # of not rejected calls
generation = EXHAUSTIVE       | parameters are exhaustively generated
after-failure = SAMPLE_FIRST  | try previously failed sample, then previous seed
when-fixed-seed = ALLOW       | fixing the random seed is allowed
edge-cases#mode = NONE        | edge cases are not explicitly generated
seed = 3                      | random seed to reproduce generated values


timestamp = 2026-09-27T05:14:49.923404, TypeAdapters AutoPbtTest:m001 newFactory = 
                              |-----------------------jqwik-----------------------
tries = 14                    | # of calls to property
checks = 14                   | # of not rejected calls
generation = EXHAUSTIVE       | parameters are exhaustively generated
after-failure = SAMPLE_FIRST  | try previously failed sample, then previous seed
when-fixed-seed = ALLOW       | fixing the random seed is allowed
edge-cases#mode = NONE        | edge cases are not explicitly generated
seed = 3                      | random seed to reproduce generated values


timestamp = 2026-09-27T05:14:50.026900, TypeAdapters AutoPbtTest:m002 newFactory = 
                              |-----------------------jqwik-----------------------
tries = 98                    | # of calls to property
checks = 98                   | # of not rejected calls
generation = EXHAUSTIVE       | parameters are exhaustively generated
after-failure = SAMPLE_FIRST  | try previously failed sample, then previous seed
when-fixed-seed = ALLOW       | fixing the random seed is allowed
edge-cases#mode = NONE        | edge cases are not explicitly generated
seed = 3                      | random seed to reproduce generated values


timestamp = 2026-09-27T05:14:50.075633, TypeAdapters AutoPbtTest:m003 newFactoryForMultipleTypes = 
                              |-----------------------jqwik-----------------------
tries = 98                    | # of calls to property
checks = 98                   | # of not rejected calls
generation = EXHAUSTIVE       | parameters are exhaustively generated
after-failure = SAMPLE_FIRST  | try previously failed sample, then previous seed
when-fixed-seed = ALLOW       | fixing the random seed is allowed
edge-cases#mode = NONE        | edge cases are not explicitly generated
seed = 3                      | random seed to reproduce generated values


[36m╷[0m
[36m└─[0m [36mjqwik (JUnit Platform)[0m [32m✔[0m
[36m   └─[0m [36mTypeAdapters AutoPbtTest[0m [32m✔[0m
[36m      ├─[0m [34mm004 newTypeHierarchyFactory[0m [32m✔[0m
[36m      ├─[0m [34mm000 newFactory[0m [32m✔[0m
[36m      ├─[0m [34mm001 newFactory[0m [32m✔[0m
[36m      ├─[0m [34mm002 newFactory[0m [32m✔[0m
[36m      └─[0m [34mm003 newFactoryForMultipleTypes[0m [32m✔[0m

Test run finished after 4634 ms
[         2 containers found      ]
[         0 containers skipped    ]
[         2 containers started    ]
[         0 containers aborted    ]
[         2 containers successful ]
[         0 containers failed     ]
[         5 tests found           ]
[         0 tests skipped         ]
[         5 tests started         ]
[         0 tests aborted         ]
[         5 tests successful      ]
[         0 tests failed          ]


[exit=0 timeout=False time=22.2s]

$ java -jar /opt/jacoco/lib/jacococli.jar report /workspace/jqwik/Result_auto_Round2/Gson_11/tries1000_seed3/jacoco.exec --classfiles /work/Gson_11f/target/classes --csv /workspace/jqwik/Result_auto_Round2/Gson_11/tries1000_seed3/jacoco.csv
[INFO] Loading execution data file /workspace/jqwik/Result_auto_Round2/Gson_11/tries1000_seed3/jacoco.exec.
[INFO] Analyzing 157 classes.

[exit=0 timeout=False time=1.6s]

$ java -Djava.awt.headless=true -Xss4m -Xmx1g -Dpbt.seed=3 -Dpbt.tries=1000 -Dpbt.snapshot.dir=/work/jqwik_out/Gson_11/auto_round2_tries1000_seed3/snapshots -Dpbt.propertyBudgetMs=5000 -Dpbt.mask=/work/Gson_11f:/work/Gson_11b:/work/jqwik_out/Gson_11/auto_round2_tries1000_seed3/classes_f:/work/jqwik_out/Gson_11/auto_round2_tries1000_seed3/classes_b -Dpbt.mode=check -jar /workspace/lib/jqwik/junit-platform-console-standalone-1.9.3.jar --disable-banner --details tree --class-path /work/jqwik_out/Gson_11/auto_round2_tries1000_seed3/classes_b:/work/Gson_11b/target/classes:/opt/defects4j/framework/projects/Gson/lib/junit/junit/4.12/junit-4.12.jar:/opt/defects4j/framework/projects/Gson/lib/org/hamcrest/hamcrest-core/1.3/hamcrest-core-1.3.jar:/work/Gson_11b/target/test-classes:/opt/defects4j/framework/projects/lib/junit-4.12-hamcrest-1.3.jar:/opt/defects4j/framework/projects/Gson/lib/com/google/code/findbugs/jsr305/3.0.0/jsr305-3.0.0.jar:/opt/defects4j/framework/projects/Gson/lib/junit/junit/3.8.2/junit-3.8.2.jar:/work/jqwik_harness:/workspace/lib/jqwik/jqwik-1.7.4.jar:/workspace/lib/jqwik/jqwik-api-1.7.4.jar:/workspace/lib/jqwik/jqwik-engine-1.7.4.jar --scan-class-path /work/jqwik_out/Gson_11/auto_round2_tries1000_seed3/classes_b --include-classname .* --include-engine jqwik --config jqwik.database=/workspace/jqwik/Result_auto_Round2/Gson_11/tries1000_seed3/reports_buggy/jqwik-database --config jqwik.tries.default=1000 --reports-dir /workspace/jqwik/Result_auto_Round2/Gson_11/tries1000_seed3/reports_buggy
----------------jqwik-----------------------
tries = 14                    | # of calls to property
checks = 14                   | # of not rejected calls
generation = EXHAUSTIVE       | parameters are exhaustively generated
after-failure = SAMPLE_FIRST  | try previously failed sample, then previous seed
when-fixed-seed = ALLOW       | fixing the random seed is allowed
edge-cases#mode = NONE        | edge cases are not explicitly generated
seed = 3                      | random seed to reproduce generated values


timestamp = 2026-09-27T05:15:15.872257, TypeAdapters AutoPbtTest:m000 newFactory = 
                              |-----------------------jqwik-----------------------
tries = 542                   | # of calls to property
checks = 542                  | # of not rejected calls
generation = EXHAUSTIVE       | parameters are exhaustively generated
after-failure = SAMPLE_FIRST  | try previously failed sample, then previous seed
when-fixed-seed = ALLOW       | fixing the random seed is allowed
edge-cases#mode = NONE        | edge cases are not explicitly generated
seed = 3                      | random seed to reproduce generated values


timestamp = 2026-09-27T05:15:15.890985, TypeAdapters AutoPbtTest:m001 newFactory = 
                              |-----------------------jqwik-----------------------
tries = 14                    | # of calls to property
checks = 14                   | # of not rejected calls
generation = EXHAUSTIVE       | parameters are exhaustively generated
after-failure = SAMPLE_FIRST  | try previously failed sample, then previous seed
when-fixed-seed = ALLOW       | fixing the random seed is allowed
edge-cases#mode = NONE        | edge cases are not explicitly generated
seed = 3                      | random seed to reproduce generated values


timestamp = 2026-09-27T05:15:15.996862, TypeAdapters AutoPbtTest:m002 newFactory = 
                              |-----------------------jqwik-----------------------
tries = 98                    | # of calls to property
checks = 98                   | # of not rejected calls
generation = EXHAUSTIVE       | parameters are exhaustively generated
after-failure = SAMPLE_FIRST  | try previously failed sample, then previous seed
when-fixed-seed = ALLOW       | fixing the random seed is allowed
edge-cases#mode = NONE        | edge cases are not explicitly generated
seed = 3                      | random seed to reproduce generated values


timestamp = 2026-09-27T05:15:16.171348, TypeAdapters AutoPbtTest:m003 newFactoryForMultipleTypes = 
                              |-----------------------jqwik-----------------------
tries = 98                    | # of calls to property
checks = 98                   | # of not rejected calls
generation = EXHAUSTIVE       | parameters are exhaustively generated
after-failure = SAMPLE_FIRST  | try previously failed sample, then previous seed
when-fixed-seed = ALLOW       | fixing the random seed is allowed
edge-cases#mode = NONE        | edge cases are not explicitly generated
seed = 3                      | random seed to reproduce generated values


[36m╷[0m
[36m└─[0m [36mjqwik (JUnit Platform)[0m [32m✔[0m
[36m   └─[0m [36mTypeAdapters AutoPbtTest[0m [32m✔[0m
[36m      ├─[0m [34mm004 newTypeHierarchyFactory[0m [32m✔[0m
[36m      ├─[0m [34mm000 newFactory[0m [32m✔[0m
[36m      ├─[0m [34mm001 newFactory[0m [32m✔[0m
[36m      ├─[0m [34mm002 newFactory[0m [32m✔[0m
[36m      └─[0m [34mm003 newFactoryForMultipleTypes[0m [32m✔[0m

Test run finished after 3728 ms
[         2 containers found      ]
[         0 containers skipped    ]
[         2 containers started    ]
[         0 containers aborted    ]
[         2 containers successful ]
[         0 containers failed     ]
[         5 tests found           ]
[         0 tests skipped         ]
[         5 tests started         ]
[         0 tests aborted         ]
[         5 tests successful      ]
[         0 tests failed          ]


[exit=0 timeout=False time=8.0s]
