
$ defects4j checkout -p Collections -v 20f -w /work/Collections_20f
Checking out b88692f8 to /work/Collections_20f............................. OK
Init local repository...................................................... OK
Tag post-fix revision...................................................... OK
Apply patch................................................................ OK
Run post-checkout hook..................................................... OK
Excluding broken/flaky tests............................................... OK
Excluding broken/flaky tests............................................... OK
Initialize fixed program version........................................... OK
Apply patch................................................................ OK
Initialize buggy program version........................................... OK
Diff b88692f8:89ebfe8f..................................................... OK
Apply patch................................................................ OK
Tag pre-fix revision....................................................... OK
Check out program version: Collections-20f................................. OK

[exit=0 timeout=False time=2.8s]

$ defects4j compile -w /work/Collections_20f
Running ant (compile)...................................................... OK
Running ant (compile.tests)................................................ OK

[exit=0 timeout=False time=11.0s]

$ defects4j checkout -p Collections -v 20b -w /work/Collections_20b
Checking out b88692f8 to /work/Collections_20b............................. OK
Init local repository...................................................... OK
Tag post-fix revision...................................................... OK
Apply patch................................................................ OK
Run post-checkout hook..................................................... OK
Excluding broken/flaky tests............................................... OK
Excluding broken/flaky tests............................................... OK
Initialize fixed program version........................................... OK
Apply patch................................................................ OK
Initialize buggy program version........................................... OK
Diff b88692f8:89ebfe8f..................................................... OK
Apply patch................................................................ OK
Tag pre-fix revision....................................................... OK
Check out program version: Collections-20b................................. OK

[exit=0 timeout=False time=2.9s]

$ defects4j compile -w /work/Collections_20b
Running ant (compile)...................................................... OK
Running ant (compile.tests)................................................ OK

[exit=0 timeout=False time=10.4s]

$ java -cp /work/jqwik_harness:/workspace/lib/jqwik/jqwik-1.7.4.jar:/workspace/lib/jqwik/jqwik-api-1.7.4.jar:/workspace/lib/jqwik/jqwik-engine-1.7.4.jar pbt.auto.Generate --targets org.apache.commons.collections.list.TreeList --fixed-cp /work/Collections_20f/build/classes:/work/Collections_20f/build/tests:/opt/defects4j/framework/projects/lib/junit-4.12-hamcrest-1.3.jar:/opt/defects4j/framework/projects/Collections/lib/easymock-2.0.jar --buggy-cp /work/Collections_20b/build/classes:/work/Collections_20b/build/tests:/opt/defects4j/framework/projects/lib/junit-4.12-hamcrest-1.3.jar:/opt/defects4j/framework/projects/Collections/lib/easymock-2.0.jar --out /workspace/jqwik/Auto/Collections_20 --max-methods 150
generated test classes: 1 / 1

[exit=0 timeout=False time=0.5s]

$ javac -nowarn -encoding UTF-8 -cp /work/Collections_20f/build/classes:/work/Collections_20f/build/tests:/opt/defects4j/framework/projects/lib/junit-4.12-hamcrest-1.3.jar:/opt/defects4j/framework/projects/Collections/lib/easymock-2.0.jar:/work/jqwik_harness:/workspace/lib/jqwik/jqwik-1.7.4.jar:/workspace/lib/jqwik/jqwik-api-1.7.4.jar:/workspace/lib/jqwik/jqwik-engine-1.7.4.jar -d /work/jqwik_out/Collections_20/auto_round1_tries200_seed1/classes_f /workspace/jqwik/Auto/Collections_20/org/apache/commons/collections/list/TreeList_AutoPbtTest.java

[exit=0 timeout=False time=1.3s]

$ javac -nowarn -encoding UTF-8 -cp /work/Collections_20b/build/classes:/work/Collections_20b/build/tests:/opt/defects4j/framework/projects/lib/junit-4.12-hamcrest-1.3.jar:/opt/defects4j/framework/projects/Collections/lib/easymock-2.0.jar:/work/jqwik_harness:/workspace/lib/jqwik/jqwik-1.7.4.jar:/workspace/lib/jqwik/jqwik-api-1.7.4.jar:/workspace/lib/jqwik/jqwik-engine-1.7.4.jar -d /work/jqwik_out/Collections_20/auto_round1_tries200_seed1/classes_b /workspace/jqwik/Auto/Collections_20/org/apache/commons/collections/list/TreeList_AutoPbtTest.java

[exit=0 timeout=False time=1.2s]

$ java -Djava.awt.headless=true -Xss4m -Xmx1g -Dpbt.seed=1 -Dpbt.tries=200 -Dpbt.snapshot.dir=/work/jqwik_out/Collections_20/auto_round1_tries200_seed1/snapshots -Dpbt.propertyBudgetMs=5000 -Dpbt.mask=/work/Collections_20f:/work/Collections_20b:/work/jqwik_out/Collections_20/auto_round1_tries200_seed1/classes_f:/work/jqwik_out/Collections_20/auto_round1_tries200_seed1/classes_b -Dpbt.mode=record -jar /workspace/lib/jqwik/junit-platform-console-standalone-1.9.3.jar --disable-banner --details tree --class-path /work/jqwik_out/Collections_20/auto_round1_tries200_seed1/classes_f:/work/Collections_20f/build/classes:/work/Collections_20f/build/tests:/opt/defects4j/framework/projects/lib/junit-4.12-hamcrest-1.3.jar:/opt/defects4j/framework/projects/Collections/lib/easymock-2.0.jar:/work/jqwik_harness:/workspace/lib/jqwik/jqwik-1.7.4.jar:/workspace/lib/jqwik/jqwik-api-1.7.4.jar:/workspace/lib/jqwik/jqwik-engine-1.7.4.jar --scan-class-path /work/jqwik_out/Collections_20/auto_round1_tries200_seed1/classes_f --include-classname .* --include-engine jqwik --config jqwik.database=/workspace/jqwik/Result_auto_Round1/Collections_20/tries200_seed1/reports_record/jqwik-database --config jqwik.tries.default=200 --reports-dir /workspace/jqwik/Result_auto_Round1/Collections_20/tries200_seed1/reports_record
ure = SAMPLE_FIRST  | try previously failed sample, then previous seed
when-fixed-seed = ALLOW       | fixing the random seed is allowed
edge-cases#mode = NONE        | edge cases are not explicitly generated
seed = 1                      | random seed to reproduce generated values


timestamp = 2026-09-28T19:50:37.487306, TreeList AutoPbtTest:m006 listIterator = 
                              |-----------------------jqwik-----------------------
tries = 200                   | # of calls to property
checks = 200                  | # of not rejected calls
generation = RANDOMIZED       | parameters are randomly generated
after-failure = SAMPLE_FIRST  | try previously failed sample, then previous seed
when-fixed-seed = ALLOW       | fixing the random seed is allowed
edge-cases#mode = NONE        | edge cases are not explicitly generated
seed = 1                      | random seed to reproduce generated values


timestamp = 2026-09-28T19:50:37.594352, TreeList AutoPbtTest:m000 add = 
                              |-----------------------jqwik-----------------------
tries = 200                   | # of calls to property
checks = 200                  | # of not rejected calls
generation = RANDOMIZED       | parameters are randomly generated
after-failure = SAMPLE_FIRST  | try previously failed sample, then previous seed
when-fixed-seed = ALLOW       | fixing the random seed is allowed
edge-cases#mode = NONE        | edge cases are not explicitly generated
seed = 1                      | random seed to reproduce generated values


timestamp = 2026-09-28T19:50:37.645085, TreeList AutoPbtTest:m003 get = 
                              |-----------------------jqwik-----------------------
tries = 200                   | # of calls to property
checks = 200                  | # of not rejected calls
generation = RANDOMIZED       | parameters are randomly generated
after-failure = SAMPLE_FIRST  | try previously failed sample, then previous seed
when-fixed-seed = ALLOW       | fixing the random seed is allowed
edge-cases#mode = NONE        | edge cases are not explicitly generated
seed = 1                      | random seed to reproduce generated values


timestamp = 2026-09-28T19:50:37.706209, TreeList AutoPbtTest:m009 set = 
                              |-----------------------jqwik-----------------------
tries = 200                   | # of calls to property
checks = 200                  | # of not rejected calls
generation = RANDOMIZED       | parameters are randomly generated
after-failure = SAMPLE_FIRST  | try previously failed sample, then previous seed
when-fixed-seed = ALLOW       | fixing the random seed is allowed
edge-cases#mode = NONE        | edge cases are not explicitly generated
seed = 1                      | random seed to reproduce generated values


[36m╷[0m
[36m└─[0m [36mjqwik (JUnit Platform)[0m [32m✔[0m
[36m   └─[0m [36mTreeList AutoPbtTest[0m [32m✔[0m
[36m      ├─[0m [34mm002 contains[0m [32m✔[0m
[36m      ├─[0m [34mm011 toArray[0m [32m✔[0m
[36m      ├─[0m [34mm005 iterator[0m [32m✔[0m
[36m      ├─[0m [34mm007 listIterator[0m [32m✔[0m
[36m      ├─[0m [34mm001 clear[0m [32m✔[0m
[36m      ├─[0m [34mm010 size[0m [32m✔[0m
[36m      ├─[0m [34mm004 indexOf[0m [32m✔[0m
[36m      ├─[0m [34mm008 remove[0m [32m✔[0m
[36m      ├─[0m [34mm006 listIterator[0m [32m✔[0m
[36m      ├─[0m [34mm000 add[0m [32m✔[0m
[36m      ├─[0m [34mm003 get[0m [32m✔[0m
[36m      └─[0m [34mm009 set[0m [32m✔[0m

Test run finished after 2456 ms
[         2 containers found      ]
[         0 containers skipped    ]
[         2 containers started    ]
[         0 containers aborted    ]
[         2 containers successful ]
[         0 containers failed     ]
[        12 tests found           ]
[         0 tests skipped         ]
[        12 tests started         ]
[         0 tests aborted         ]
[        12 tests successful      ]
[         0 tests failed          ]


[exit=0 timeout=False time=4.4s]

$ java -Djava.awt.headless=true -Xss4m -Xmx1g -Dpbt.seed=1 -Dpbt.tries=200 -Dpbt.snapshot.dir=/work/jqwik_out/Collections_20/auto_round1_tries200_seed1/snapshots -Dpbt.propertyBudgetMs=5000 -Dpbt.mask=/work/Collections_20f:/work/Collections_20b:/work/jqwik_out/Collections_20/auto_round1_tries200_seed1/classes_f:/work/jqwik_out/Collections_20/auto_round1_tries200_seed1/classes_b -Dpbt.mode=check -javaagent:/opt/jacoco/lib/jacocoagent.jar=destfile=/workspace/jqwik/Result_auto_Round1/Collections_20/tries200_seed1/jacoco.exec -jar /workspace/lib/jqwik/junit-platform-console-standalone-1.9.3.jar --disable-banner --details tree --class-path /work/jqwik_out/Collections_20/auto_round1_tries200_seed1/classes_f:/work/Collections_20f/build/classes:/work/Collections_20f/build/tests:/opt/defects4j/framework/projects/lib/junit-4.12-hamcrest-1.3.jar:/opt/defects4j/framework/projects/Collections/lib/easymock-2.0.jar:/work/jqwik_harness:/workspace/lib/jqwik/jqwik-1.7.4.jar:/workspace/lib/jqwik/jqwik-api-1.7.4.jar:/workspace/lib/jqwik/jqwik-engine-1.7.4.jar --scan-class-path /work/jqwik_out/Collections_20/auto_round1_tries200_seed1/classes_f --include-classname .* --include-engine jqwik --config jqwik.database=/workspace/jqwik/Result_auto_Round1/Collections_20/tries200_seed1/reports_fixed/jqwik-database --config jqwik.tries.default=200 --reports-dir /workspace/jqwik/Result_auto_Round1/Collections_20/tries200_seed1/reports_fixed
ure = SAMPLE_FIRST  | try previously failed sample, then previous seed
when-fixed-seed = ALLOW       | fixing the random seed is allowed
edge-cases#mode = NONE        | edge cases are not explicitly generated
seed = 1                      | random seed to reproduce generated values


timestamp = 2026-09-28T19:50:41.620795, TreeList AutoPbtTest:m006 listIterator = 
                              |-----------------------jqwik-----------------------
tries = 200                   | # of calls to property
checks = 200                  | # of not rejected calls
generation = RANDOMIZED       | parameters are randomly generated
after-failure = SAMPLE_FIRST  | try previously failed sample, then previous seed
when-fixed-seed = ALLOW       | fixing the random seed is allowed
edge-cases#mode = NONE        | edge cases are not explicitly generated
seed = 1                      | random seed to reproduce generated values


timestamp = 2026-09-28T19:50:41.744607, TreeList AutoPbtTest:m000 add = 
                              |-----------------------jqwik-----------------------
tries = 200                   | # of calls to property
checks = 200                  | # of not rejected calls
generation = RANDOMIZED       | parameters are randomly generated
after-failure = SAMPLE_FIRST  | try previously failed sample, then previous seed
when-fixed-seed = ALLOW       | fixing the random seed is allowed
edge-cases#mode = NONE        | edge cases are not explicitly generated
seed = 1                      | random seed to reproduce generated values


timestamp = 2026-09-28T19:50:41.861495, TreeList AutoPbtTest:m003 get = 
                              |-----------------------jqwik-----------------------
tries = 200                   | # of calls to property
checks = 200                  | # of not rejected calls
generation = RANDOMIZED       | parameters are randomly generated
after-failure = SAMPLE_FIRST  | try previously failed sample, then previous seed
when-fixed-seed = ALLOW       | fixing the random seed is allowed
edge-cases#mode = NONE        | edge cases are not explicitly generated
seed = 1                      | random seed to reproduce generated values


timestamp = 2026-09-28T19:50:41.992577, TreeList AutoPbtTest:m009 set = 
                              |-----------------------jqwik-----------------------
tries = 200                   | # of calls to property
checks = 200                  | # of not rejected calls
generation = RANDOMIZED       | parameters are randomly generated
after-failure = SAMPLE_FIRST  | try previously failed sample, then previous seed
when-fixed-seed = ALLOW       | fixing the random seed is allowed
edge-cases#mode = NONE        | edge cases are not explicitly generated
seed = 1                      | random seed to reproduce generated values


[36m╷[0m
[36m└─[0m [36mjqwik (JUnit Platform)[0m [32m✔[0m
[36m   └─[0m [36mTreeList AutoPbtTest[0m [32m✔[0m
[36m      ├─[0m [34mm002 contains[0m [32m✔[0m
[36m      ├─[0m [34mm011 toArray[0m [32m✔[0m
[36m      ├─[0m [34mm005 iterator[0m [32m✔[0m
[36m      ├─[0m [34mm007 listIterator[0m [32m✔[0m
[36m      ├─[0m [34mm001 clear[0m [32m✔[0m
[36m      ├─[0m [34mm010 size[0m [32m✔[0m
[36m      ├─[0m [34mm004 indexOf[0m [32m✔[0m
[36m      ├─[0m [34mm008 remove[0m [32m✔[0m
[36m      ├─[0m [34mm006 listIterator[0m [32m✔[0m
[36m      ├─[0m [34mm000 add[0m [32m✔[0m
[36m      ├─[0m [34mm003 get[0m [32m✔[0m
[36m      └─[0m [34mm009 set[0m [32m✔[0m

Test run finished after 2724 ms
[         2 containers found      ]
[         0 containers skipped    ]
[         2 containers started    ]
[         0 containers aborted    ]
[         2 containers successful ]
[         0 containers failed     ]
[        12 tests found           ]
[         0 tests skipped         ]
[        12 tests started         ]
[         0 tests aborted         ]
[        12 tests successful      ]
[         0 tests failed          ]


[exit=0 timeout=False time=10.2s]

$ java -jar /opt/jacoco/lib/jacococli.jar report /workspace/jqwik/Result_auto_Round1/Collections_20/tries200_seed1/jacoco.exec --classfiles /work/Collections_20f/build/classes --csv /workspace/jqwik/Result_auto_Round1/Collections_20/tries200_seed1/jacoco.csv
[INFO] Loading execution data file /workspace/jqwik/Result_auto_Round1/Collections_20/tries200_seed1/jacoco.exec.
[INFO] Analyzing 404 classes.

[exit=0 timeout=False time=1.2s]

$ java -Djava.awt.headless=true -Xss4m -Xmx1g -Dpbt.seed=1 -Dpbt.tries=200 -Dpbt.snapshot.dir=/work/jqwik_out/Collections_20/auto_round1_tries200_seed1/snapshots -Dpbt.propertyBudgetMs=5000 -Dpbt.mask=/work/Collections_20f:/work/Collections_20b:/work/jqwik_out/Collections_20/auto_round1_tries200_seed1/classes_f:/work/jqwik_out/Collections_20/auto_round1_tries200_seed1/classes_b -Dpbt.mode=check -jar /workspace/lib/jqwik/junit-platform-console-standalone-1.9.3.jar --disable-banner --details tree --class-path /work/jqwik_out/Collections_20/auto_round1_tries200_seed1/classes_b:/work/Collections_20b/build/classes:/work/Collections_20b/build/tests:/opt/defects4j/framework/projects/lib/junit-4.12-hamcrest-1.3.jar:/opt/defects4j/framework/projects/Collections/lib/easymock-2.0.jar:/work/jqwik_harness:/workspace/lib/jqwik/jqwik-1.7.4.jar:/workspace/lib/jqwik/jqwik-api-1.7.4.jar:/workspace/lib/jqwik/jqwik-engine-1.7.4.jar --scan-class-path /work/jqwik_out/Collections_20/auto_round1_tries200_seed1/classes_b --include-classname .* --include-engine jqwik --config jqwik.database=/workspace/jqwik/Result_auto_Round1/Collections_20/tries200_seed1/reports_buggy/jqwik-database --config jqwik.tries.default=200 --reports-dir /workspace/jqwik/Result_auto_Round1/Collections_20/tries200_seed1/reports_buggy
ure = SAMPLE_FIRST  | try previously failed sample, then previous seed
when-fixed-seed = ALLOW       | fixing the random seed is allowed
edge-cases#mode = NONE        | edge cases are not explicitly generated
seed = 1                      | random seed to reproduce generated values


timestamp = 2026-09-28T19:50:54.463356, TreeList AutoPbtTest:m006 listIterator = 
                              |-----------------------jqwik-----------------------
tries = 200                   | # of calls to property
checks = 200                  | # of not rejected calls
generation = RANDOMIZED       | parameters are randomly generated
after-failure = SAMPLE_FIRST  | try previously failed sample, then previous seed
when-fixed-seed = ALLOW       | fixing the random seed is allowed
edge-cases#mode = NONE        | edge cases are not explicitly generated
seed = 1                      | random seed to reproduce generated values


timestamp = 2026-09-28T19:50:54.549718, TreeList AutoPbtTest:m000 add = 
                              |-----------------------jqwik-----------------------
tries = 200                   | # of calls to property
checks = 200                  | # of not rejected calls
generation = RANDOMIZED       | parameters are randomly generated
after-failure = SAMPLE_FIRST  | try previously failed sample, then previous seed
when-fixed-seed = ALLOW       | fixing the random seed is allowed
edge-cases#mode = NONE        | edge cases are not explicitly generated
seed = 1                      | random seed to reproduce generated values


timestamp = 2026-09-28T19:50:54.646181, TreeList AutoPbtTest:m003 get = 
                              |-----------------------jqwik-----------------------
tries = 200                   | # of calls to property
checks = 200                  | # of not rejected calls
generation = RANDOMIZED       | parameters are randomly generated
after-failure = SAMPLE_FIRST  | try previously failed sample, then previous seed
when-fixed-seed = ALLOW       | fixing the random seed is allowed
edge-cases#mode = NONE        | edge cases are not explicitly generated
seed = 1                      | random seed to reproduce generated values


timestamp = 2026-09-28T19:50:54.747347, TreeList AutoPbtTest:m009 set = 
                              |-----------------------jqwik-----------------------
tries = 200                   | # of calls to property
checks = 200                  | # of not rejected calls
generation = RANDOMIZED       | parameters are randomly generated
after-failure = SAMPLE_FIRST  | try previously failed sample, then previous seed
when-fixed-seed = ALLOW       | fixing the random seed is allowed
edge-cases#mode = NONE        | edge cases are not explicitly generated
seed = 1                      | random seed to reproduce generated values


[36m╷[0m
[36m└─[0m [36mjqwik (JUnit Platform)[0m [32m✔[0m
[36m   └─[0m [36mTreeList AutoPbtTest[0m [32m✔[0m
[36m      ├─[0m [34mm002 contains[0m [32m✔[0m
[36m      ├─[0m [34mm011 toArray[0m [32m✔[0m
[36m      ├─[0m [34mm005 iterator[0m [32m✔[0m
[36m      ├─[0m [34mm007 listIterator[0m [32m✔[0m
[36m      ├─[0m [34mm001 clear[0m [32m✔[0m
[36m      ├─[0m [34mm010 size[0m [32m✔[0m
[36m      ├─[0m [34mm004 indexOf[0m [32m✔[0m
[36m      ├─[0m [34mm008 remove[0m [32m✔[0m
[36m      ├─[0m [34mm006 listIterator[0m [32m✔[0m
[36m      ├─[0m [34mm000 add[0m [32m✔[0m
[36m      ├─[0m [34mm003 get[0m [32m✔[0m
[36m      └─[0m [34mm009 set[0m [32m✔[0m

Test run finished after 2355 ms
[         2 containers found      ]
[         0 containers skipped    ]
[         2 containers started    ]
[         0 containers aborted    ]
[         2 containers successful ]
[         0 containers failed     ]
[        12 tests found           ]
[         0 tests skipped         ]
[        12 tests started         ]
[         0 tests aborted         ]
[        12 tests successful      ]
[         0 tests failed          ]


[exit=0 timeout=False time=3.5s]
