
$ javac -nowarn -encoding UTF-8 -cp /work/JxPath_11f/target/classes:/work/JxPath_11f/src/java:/work/JxPath_11f/target/lib/commons-beanutils-1.4.jar:/work/JxPath_11f/target/lib/commons-collections-2.0.jar:/work/JxPath_11f/target/lib/commons-logging-1.0.4.jar:/work/JxPath_11f/target/lib/jdom-1.0.jar:/work/JxPath_11f/target/lib/junit-3.8.1.jar:/work/JxPath_11f/target/lib/junit-3.8.jar:/work/JxPath_11f/target/lib/mockrunner-0.4.1.jar:/work/JxPath_11f/target/lib/servletapi-2.2.jar:/work/JxPath_11f/target/lib/xerces-2.4.0.jar:/work/JxPath_11f/target/lib/xml-apis-2.0.2.jar:/work/JxPath_11f/src/test:/work/JxPath_11f/target/test-classes:/opt/defects4j/framework/projects/lib/junit-4.12-hamcrest-1.3.jar:/work/jqwik_harness:/workspace/lib/jqwik/jqwik-1.7.4.jar:/workspace/lib/jqwik/jqwik-api-1.7.4.jar:/workspace/lib/jqwik/jqwik-engine-1.7.4.jar -d /work/jqwik_out/JxPath_11/auto_round2_tries1000_seed3/classes_f /workspace/jqwik/Auto/JxPath_11/org/apache/commons/jxpath/ri/model/dom/DOMAttributeIterator_AutoPbtTest.java /workspace/jqwik/Auto/JxPath_11/org/apache/commons/jxpath/ri/model/jdom/JDOMAttributeIterator_AutoPbtTest.java

[exit=0 timeout=False time=3.9s]

$ javac -nowarn -encoding UTF-8 -cp /work/JxPath_11b/target/classes:/work/JxPath_11b/src/java:/work/JxPath_11b/target/lib/commons-beanutils-1.4.jar:/work/JxPath_11b/target/lib/commons-collections-2.0.jar:/work/JxPath_11b/target/lib/commons-logging-1.0.4.jar:/work/JxPath_11b/target/lib/jdom-1.0.jar:/work/JxPath_11b/target/lib/junit-3.8.1.jar:/work/JxPath_11b/target/lib/junit-3.8.jar:/work/JxPath_11b/target/lib/mockrunner-0.4.1.jar:/work/JxPath_11b/target/lib/servletapi-2.2.jar:/work/JxPath_11b/target/lib/xerces-2.4.0.jar:/work/JxPath_11b/target/lib/xml-apis-2.0.2.jar:/work/JxPath_11b/src/test:/work/JxPath_11b/target/test-classes:/opt/defects4j/framework/projects/lib/junit-4.12-hamcrest-1.3.jar:/work/jqwik_harness:/workspace/lib/jqwik/jqwik-1.7.4.jar:/workspace/lib/jqwik/jqwik-api-1.7.4.jar:/workspace/lib/jqwik/jqwik-engine-1.7.4.jar -d /work/jqwik_out/JxPath_11/auto_round2_tries1000_seed3/classes_b /workspace/jqwik/Auto/JxPath_11/org/apache/commons/jxpath/ri/model/dom/DOMAttributeIterator_AutoPbtTest.java /workspace/jqwik/Auto/JxPath_11/org/apache/commons/jxpath/ri/model/jdom/JDOMAttributeIterator_AutoPbtTest.java

[exit=0 timeout=False time=3.8s]

$ java -Djava.awt.headless=true -Xss4m -Xmx1g -Dpbt.seed=3 -Dpbt.tries=1000 -Dpbt.snapshot.dir=/work/jqwik_out/JxPath_11/auto_round2_tries1000_seed3/snapshots -Dpbt.propertyBudgetMs=5000 -Dpbt.mask=/work/JxPath_11f:/work/JxPath_11b:/work/jqwik_out/JxPath_11/auto_round2_tries1000_seed3/classes_f:/work/jqwik_out/JxPath_11/auto_round2_tries1000_seed3/classes_b -Dpbt.mode=record -jar /workspace/lib/jqwik/junit-platform-console-standalone-1.9.3.jar --disable-banner --details tree --class-path /work/jqwik_out/JxPath_11/auto_round2_tries1000_seed3/classes_f:/work/JxPath_11f/target/classes:/work/JxPath_11f/src/java:/work/JxPath_11f/target/lib/commons-beanutils-1.4.jar:/work/JxPath_11f/target/lib/commons-collections-2.0.jar:/work/JxPath_11f/target/lib/commons-logging-1.0.4.jar:/work/JxPath_11f/target/lib/jdom-1.0.jar:/work/JxPath_11f/target/lib/junit-3.8.1.jar:/work/JxPath_11f/target/lib/junit-3.8.jar:/work/JxPath_11f/target/lib/mockrunner-0.4.1.jar:/work/JxPath_11f/target/lib/servletapi-2.2.jar:/work/JxPath_11f/target/lib/xerces-2.4.0.jar:/work/JxPath_11f/target/lib/xml-apis-2.0.2.jar:/work/JxPath_11f/src/test:/work/JxPath_11f/target/test-classes:/opt/defects4j/framework/projects/lib/junit-4.12-hamcrest-1.3.jar:/work/jqwik_harness:/workspace/lib/jqwik/jqwik-1.7.4.jar:/workspace/lib/jqwik/jqwik-api-1.7.4.jar:/workspace/lib/jqwik/jqwik-engine-1.7.4.jar --scan-class-path /work/jqwik_out/JxPath_11/auto_round2_tries1000_seed3/classes_f --include-classname .* --include-engine jqwik --config jqwik.database=/workspace/jqwik/Result_auto_Round2/JxPath_11/tries1000_seed3/reports_record/jqwik-database --config jqwik.tries.default=1000 --reports-dir /workspace/jqwik/Result_auto_Round2/JxPath_11/tries1000_seed3/reports_record
           | # of not rejected calls
generation = RANDOMIZED       | parameters are randomly generated
after-failure = SAMPLE_FIRST  | try previously failed sample, then previous seed
when-fixed-seed = ALLOW       | fixing the random seed is allowed
edge-cases#mode = NONE        | edge cases are not explicitly generated
seed = 3                      | random seed to reproduce generated values


timestamp = 2026-09-27T05:37:00.105180, JDOMAttributeIterator AutoPbtTest:m001 getPosition = 
                              |-----------------------jqwik-----------------------
tries = 1000                  | # of calls to property
checks = 1000                 | # of not rejected calls
generation = RANDOMIZED       | parameters are randomly generated
after-failure = SAMPLE_FIRST  | try previously failed sample, then previous seed
when-fixed-seed = ALLOW       | fixing the random seed is allowed
edge-cases#mode = NONE        | edge cases are not explicitly generated
seed = 3                      | random seed to reproduce generated values


timestamp = 2026-09-27T05:37:01.695249, DOMAttributeIterator AutoPbtTest:m000 getNodePointer = 
                              |-----------------------jqwik-----------------------
tries = 1000                  | # of calls to property
checks = 1000                 | # of not rejected calls
generation = RANDOMIZED       | parameters are randomly generated
after-failure = SAMPLE_FIRST  | try previously failed sample, then previous seed
when-fixed-seed = ALLOW       | fixing the random seed is allowed
edge-cases#mode = NONE        | edge cases are not explicitly generated
seed = 3                      | random seed to reproduce generated values


timestamp = 2026-09-27T05:37:03.288758, DOMAttributeIterator AutoPbtTest:m002 setPosition = 
                              |-----------------------jqwik-----------------------
tries = 1000                  | # of calls to property
checks = 1000                 | # of not rejected calls
generation = RANDOMIZED       | parameters are randomly generated
after-failure = SAMPLE_FIRST  | try previously failed sample, then previous seed
when-fixed-seed = ALLOW       | fixing the random seed is allowed
edge-cases#mode = NONE        | edge cases are not explicitly generated
seed = 3                      | random seed to reproduce generated values


timestamp = 2026-09-27T05:37:04.606401, DOMAttributeIterator AutoPbtTest:m001 getPosition = 
                              |-----------------------jqwik-----------------------
tries = 1000                  | # of calls to property
checks = 1000                 | # of not rejected calls
generation = RANDOMIZED       | parameters are randomly generated
after-failure = SAMPLE_FIRST  | try previously failed sample, then previous seed
when-fixed-seed = ALLOW       | fixing the random seed is allowed
edge-cases#mode = NONE        | edge cases are not explicitly generated
seed = 3                      | random seed to reproduce generated values


[36m╷[0m
[36m└─[0m [36mjqwik (JUnit Platform)[0m [32m✔[0m
[36m   ├─[0m [36mJDOMAttributeIterator AutoPbtTest[0m [32m✔[0m
[36m   │  ├─[0m [34mm000 getNodePointer[0m [32m✔[0m
[36m   │  ├─[0m [34mm002 setPosition[0m [32m✔[0m
[36m   │  └─[0m [34mm001 getPosition[0m [32m✔[0m
[36m   └─[0m [36mDOMAttributeIterator AutoPbtTest[0m [32m✔[0m
[36m      ├─[0m [34mm000 getNodePointer[0m [32m✔[0m
[36m      ├─[0m [34mm002 setPosition[0m [32m✔[0m
[36m      └─[0m [34mm001 getPosition[0m [32m✔[0m

Test run finished after 14646 ms
[         3 containers found      ]
[         0 containers skipped    ]
[         3 containers started    ]
[         0 containers aborted    ]
[         3 containers successful ]
[         0 containers failed     ]
[         6 tests found           ]
[         0 tests skipped         ]
[         6 tests started         ]
[         0 tests aborted         ]
[         6 tests successful      ]
[         0 tests failed          ]


[exit=0 timeout=False time=18.6s]

$ java -Djava.awt.headless=true -Xss4m -Xmx1g -Dpbt.seed=3 -Dpbt.tries=1000 -Dpbt.snapshot.dir=/work/jqwik_out/JxPath_11/auto_round2_tries1000_seed3/snapshots -Dpbt.propertyBudgetMs=5000 -Dpbt.mask=/work/JxPath_11f:/work/JxPath_11b:/work/jqwik_out/JxPath_11/auto_round2_tries1000_seed3/classes_f:/work/jqwik_out/JxPath_11/auto_round2_tries1000_seed3/classes_b -Dpbt.mode=check -javaagent:/opt/jacoco/lib/jacocoagent.jar=destfile=/workspace/jqwik/Result_auto_Round2/JxPath_11/tries1000_seed3/jacoco.exec -jar /workspace/lib/jqwik/junit-platform-console-standalone-1.9.3.jar --disable-banner --details tree --class-path /work/jqwik_out/JxPath_11/auto_round2_tries1000_seed3/classes_f:/work/JxPath_11f/target/classes:/work/JxPath_11f/src/java:/work/JxPath_11f/target/lib/commons-beanutils-1.4.jar:/work/JxPath_11f/target/lib/commons-collections-2.0.jar:/work/JxPath_11f/target/lib/commons-logging-1.0.4.jar:/work/JxPath_11f/target/lib/jdom-1.0.jar:/work/JxPath_11f/target/lib/junit-3.8.1.jar:/work/JxPath_11f/target/lib/junit-3.8.jar:/work/JxPath_11f/target/lib/mockrunner-0.4.1.jar:/work/JxPath_11f/target/lib/servletapi-2.2.jar:/work/JxPath_11f/target/lib/xerces-2.4.0.jar:/work/JxPath_11f/target/lib/xml-apis-2.0.2.jar:/work/JxPath_11f/src/test:/work/JxPath_11f/target/test-classes:/opt/defects4j/framework/projects/lib/junit-4.12-hamcrest-1.3.jar:/work/jqwik_harness:/workspace/lib/jqwik/jqwik-1.7.4.jar:/workspace/lib/jqwik/jqwik-api-1.7.4.jar:/workspace/lib/jqwik/jqwik-engine-1.7.4.jar --scan-class-path /work/jqwik_out/JxPath_11/auto_round2_tries1000_seed3/classes_f --include-classname .* --include-engine jqwik --config jqwik.database=/workspace/jqwik/Result_auto_Round2/JxPath_11/tries1000_seed3/reports_fixed/jqwik-database --config jqwik.tries.default=1000 --reports-dir /workspace/jqwik/Result_auto_Round2/JxPath_11/tries1000_seed3/reports_fixed
           | # of not rejected calls
generation = RANDOMIZED       | parameters are randomly generated
after-failure = SAMPLE_FIRST  | try previously failed sample, then previous seed
when-fixed-seed = ALLOW       | fixing the random seed is allowed
edge-cases#mode = NONE        | edge cases are not explicitly generated
seed = 3                      | random seed to reproduce generated values


timestamp = 2026-09-27T05:37:19.740203, JDOMAttributeIterator AutoPbtTest:m001 getPosition = 
                              |-----------------------jqwik-----------------------
tries = 1000                  | # of calls to property
checks = 1000                 | # of not rejected calls
generation = RANDOMIZED       | parameters are randomly generated
after-failure = SAMPLE_FIRST  | try previously failed sample, then previous seed
when-fixed-seed = ALLOW       | fixing the random seed is allowed
edge-cases#mode = NONE        | edge cases are not explicitly generated
seed = 3                      | random seed to reproduce generated values


timestamp = 2026-09-27T05:37:20.669005, DOMAttributeIterator AutoPbtTest:m000 getNodePointer = 
                              |-----------------------jqwik-----------------------
tries = 1000                  | # of calls to property
checks = 1000                 | # of not rejected calls
generation = RANDOMIZED       | parameters are randomly generated
after-failure = SAMPLE_FIRST  | try previously failed sample, then previous seed
when-fixed-seed = ALLOW       | fixing the random seed is allowed
edge-cases#mode = NONE        | edge cases are not explicitly generated
seed = 3                      | random seed to reproduce generated values


timestamp = 2026-09-27T05:37:22.672274, DOMAttributeIterator AutoPbtTest:m002 setPosition = 
                              |-----------------------jqwik-----------------------
tries = 1000                  | # of calls to property
checks = 1000                 | # of not rejected calls
generation = RANDOMIZED       | parameters are randomly generated
after-failure = SAMPLE_FIRST  | try previously failed sample, then previous seed
when-fixed-seed = ALLOW       | fixing the random seed is allowed
edge-cases#mode = NONE        | edge cases are not explicitly generated
seed = 3                      | random seed to reproduce generated values


timestamp = 2026-09-27T05:37:23.700220, DOMAttributeIterator AutoPbtTest:m001 getPosition = 
                              |-----------------------jqwik-----------------------
tries = 1000                  | # of calls to property
checks = 1000                 | # of not rejected calls
generation = RANDOMIZED       | parameters are randomly generated
after-failure = SAMPLE_FIRST  | try previously failed sample, then previous seed
when-fixed-seed = ALLOW       | fixing the random seed is allowed
edge-cases#mode = NONE        | edge cases are not explicitly generated
seed = 3                      | random seed to reproduce generated values


[36m╷[0m
[36m└─[0m [36mjqwik (JUnit Platform)[0m [32m✔[0m
[36m   ├─[0m [36mJDOMAttributeIterator AutoPbtTest[0m [32m✔[0m
[36m   │  ├─[0m [34mm000 getNodePointer[0m [32m✔[0m
[36m   │  ├─[0m [34mm002 setPosition[0m [32m✔[0m
[36m   │  └─[0m [34mm001 getPosition[0m [32m✔[0m
[36m   └─[0m [36mDOMAttributeIterator AutoPbtTest[0m [32m✔[0m
[36m      ├─[0m [34mm000 getNodePointer[0m [32m✔[0m
[36m      ├─[0m [34mm002 setPosition[0m [32m✔[0m
[36m      └─[0m [34mm001 getPosition[0m [32m✔[0m

Test run finished after 13746 ms
[         3 containers found      ]
[         0 containers skipped    ]
[         3 containers started    ]
[         0 containers aborted    ]
[         3 containers successful ]
[         0 containers failed     ]
[         6 tests found           ]
[         0 tests skipped         ]
[         6 tests started         ]
[         0 tests aborted         ]
[         6 tests successful      ]
[         0 tests failed          ]


[exit=0 timeout=False time=29.4s]

$ java -jar /opt/jacoco/lib/jacococli.jar report /workspace/jqwik/Result_auto_Round2/JxPath_11/tries1000_seed3/jacoco.exec --classfiles /work/JxPath_11f/target/classes --csv /workspace/jqwik/Result_auto_Round2/JxPath_11/tries1000_seed3/jacoco.csv
[INFO] Loading execution data file /workspace/jqwik/Result_auto_Round2/JxPath_11/tries1000_seed3/jacoco.exec.
[INFO] Analyzing 161 classes.

[exit=0 timeout=False time=1.7s]

$ java -Djava.awt.headless=true -Xss4m -Xmx1g -Dpbt.seed=3 -Dpbt.tries=1000 -Dpbt.snapshot.dir=/work/jqwik_out/JxPath_11/auto_round2_tries1000_seed3/snapshots -Dpbt.propertyBudgetMs=5000 -Dpbt.mask=/work/JxPath_11f:/work/JxPath_11b:/work/jqwik_out/JxPath_11/auto_round2_tries1000_seed3/classes_f:/work/jqwik_out/JxPath_11/auto_round2_tries1000_seed3/classes_b -Dpbt.mode=check -jar /workspace/lib/jqwik/junit-platform-console-standalone-1.9.3.jar --disable-banner --details tree --class-path /work/jqwik_out/JxPath_11/auto_round2_tries1000_seed3/classes_b:/work/JxPath_11b/target/classes:/work/JxPath_11b/src/java:/work/JxPath_11b/target/lib/commons-beanutils-1.4.jar:/work/JxPath_11b/target/lib/commons-collections-2.0.jar:/work/JxPath_11b/target/lib/commons-logging-1.0.4.jar:/work/JxPath_11b/target/lib/jdom-1.0.jar:/work/JxPath_11b/target/lib/junit-3.8.1.jar:/work/JxPath_11b/target/lib/junit-3.8.jar:/work/JxPath_11b/target/lib/mockrunner-0.4.1.jar:/work/JxPath_11b/target/lib/servletapi-2.2.jar:/work/JxPath_11b/target/lib/xerces-2.4.0.jar:/work/JxPath_11b/target/lib/xml-apis-2.0.2.jar:/work/JxPath_11b/src/test:/work/JxPath_11b/target/test-classes:/opt/defects4j/framework/projects/lib/junit-4.12-hamcrest-1.3.jar:/work/jqwik_harness:/workspace/lib/jqwik/jqwik-1.7.4.jar:/workspace/lib/jqwik/jqwik-api-1.7.4.jar:/workspace/lib/jqwik/jqwik-engine-1.7.4.jar --scan-class-path /work/jqwik_out/JxPath_11/auto_round2_tries1000_seed3/classes_b --include-classname .* --include-engine jqwik --config jqwik.database=/workspace/jqwik/Result_auto_Round2/JxPath_11/tries1000_seed3/reports_buggy/jqwik-database --config jqwik.tries.default=1000 --reports-dir /workspace/jqwik/Result_auto_Round2/JxPath_11/tries1000_seed3/reports_buggy
           | # of not rejected calls
generation = RANDOMIZED       | parameters are randomly generated
after-failure = SAMPLE_FIRST  | try previously failed sample, then previous seed
when-fixed-seed = ALLOW       | fixing the random seed is allowed
edge-cases#mode = NONE        | edge cases are not explicitly generated
seed = 3                      | random seed to reproduce generated values


timestamp = 2026-09-27T05:37:51.492034, JDOMAttributeIterator AutoPbtTest:m001 getPosition = 
                              |-----------------------jqwik-----------------------
tries = 1000                  | # of calls to property
checks = 1000                 | # of not rejected calls
generation = RANDOMIZED       | parameters are randomly generated
after-failure = SAMPLE_FIRST  | try previously failed sample, then previous seed
when-fixed-seed = ALLOW       | fixing the random seed is allowed
edge-cases#mode = NONE        | edge cases are not explicitly generated
seed = 3                      | random seed to reproduce generated values


timestamp = 2026-09-27T05:37:52.737040, DOMAttributeIterator AutoPbtTest:m000 getNodePointer = 
                              |-----------------------jqwik-----------------------
tries = 1000                  | # of calls to property
checks = 1000                 | # of not rejected calls
generation = RANDOMIZED       | parameters are randomly generated
after-failure = SAMPLE_FIRST  | try previously failed sample, then previous seed
when-fixed-seed = ALLOW       | fixing the random seed is allowed
edge-cases#mode = NONE        | edge cases are not explicitly generated
seed = 3                      | random seed to reproduce generated values


timestamp = 2026-09-27T05:37:54.069510, DOMAttributeIterator AutoPbtTest:m002 setPosition = 
                              |-----------------------jqwik-----------------------
tries = 1000                  | # of calls to property
checks = 1000                 | # of not rejected calls
generation = RANDOMIZED       | parameters are randomly generated
after-failure = SAMPLE_FIRST  | try previously failed sample, then previous seed
when-fixed-seed = ALLOW       | fixing the random seed is allowed
edge-cases#mode = NONE        | edge cases are not explicitly generated
seed = 3                      | random seed to reproduce generated values


timestamp = 2026-09-27T05:37:55.460155, DOMAttributeIterator AutoPbtTest:m001 getPosition = 
                              |-----------------------jqwik-----------------------
tries = 1000                  | # of calls to property
checks = 1000                 | # of not rejected calls
generation = RANDOMIZED       | parameters are randomly generated
after-failure = SAMPLE_FIRST  | try previously failed sample, then previous seed
when-fixed-seed = ALLOW       | fixing the random seed is allowed
edge-cases#mode = NONE        | edge cases are not explicitly generated
seed = 3                      | random seed to reproduce generated values


[36m╷[0m
[36m└─[0m [36mjqwik (JUnit Platform)[0m [32m✔[0m
[36m   ├─[0m [36mJDOMAttributeIterator AutoPbtTest[0m [32m✔[0m
[36m   │  ├─[0m [34mm000 getNodePointer[0m [32m✔[0m
[36m   │  ├─[0m [34mm002 setPosition[0m [32m✔[0m
[36m   │  └─[0m [34mm001 getPosition[0m [32m✔[0m
[36m   └─[0m [36mDOMAttributeIterator AutoPbtTest[0m [32m✔[0m
[36m      ├─[0m [34mm000 getNodePointer[0m [32m✔[0m
[36m      ├─[0m [34mm002 setPosition[0m [32m✔[0m
[36m      └─[0m [34mm001 getPosition[0m [32m✔[0m

Test run finished after 12029 ms
[         3 containers found      ]
[         0 containers skipped    ]
[         3 containers started    ]
[         0 containers aborted    ]
[         3 containers successful ]
[         0 containers failed     ]
[         6 tests found           ]
[         0 tests skipped         ]
[         6 tests started         ]
[         0 tests aborted         ]
[         6 tests successful      ]
[         0 tests failed          ]


[exit=0 timeout=False time=15.6s]
