
$ javac -nowarn -encoding UTF-8 -cp /work/Closure_30f/build/classes:/work/Closure_30f/lib/args4j.jar:/work/Closure_30f/lib/guava.jar:/work/Closure_30f/lib/json.jar:/work/Closure_30f/lib/jsr305.jar:/work/Closure_30f/lib/protobuf-java.jar:/work/Closure_30f/build/lib/rhino.jar:/work/Closure_30f/lib/ant.jar:/work/Closure_30f/lib/ant-launcher.jar:/work/Closure_30f/lib/caja-r4314.jar:/work/Closure_30f/lib/jarjar.jar:/work/Closure_30f/lib/junit.jar:/work/Closure_30f/build/test:/work/jqwik_harness:/workspace/lib/jqwik/jqwik-1.7.4.jar:/workspace/lib/jqwik/jqwik-api-1.7.4.jar:/workspace/lib/jqwik/jqwik-engine-1.7.4.jar -d /work/jqwik_out/Closure_30/auto_round2_tries1000_seed1/classes_f /workspace/jqwik/Auto/Closure_30/com/google/javascript/jscomp/FlowSensitiveInlineVariables_AutoPbtTest.java /workspace/jqwik/Auto/Closure_30/com/google/javascript/jscomp/MustBeReachingVariableDef_AutoPbtTest.java

[exit=0 timeout=False time=1.3s]

$ javac -nowarn -encoding UTF-8 -cp /work/Closure_30b/build/classes:/work/Closure_30b/lib/args4j.jar:/work/Closure_30b/lib/guava.jar:/work/Closure_30b/lib/json.jar:/work/Closure_30b/lib/jsr305.jar:/work/Closure_30b/lib/protobuf-java.jar:/work/Closure_30b/build/lib/rhino.jar:/work/Closure_30b/lib/ant.jar:/work/Closure_30b/lib/ant-launcher.jar:/work/Closure_30b/lib/caja-r4314.jar:/work/Closure_30b/lib/jarjar.jar:/work/Closure_30b/lib/junit.jar:/work/Closure_30b/build/test:/work/jqwik_harness:/workspace/lib/jqwik/jqwik-1.7.4.jar:/workspace/lib/jqwik/jqwik-api-1.7.4.jar:/workspace/lib/jqwik/jqwik-engine-1.7.4.jar -d /work/jqwik_out/Closure_30/auto_round2_tries1000_seed1/classes_b /workspace/jqwik/Auto/Closure_30/com/google/javascript/jscomp/FlowSensitiveInlineVariables_AutoPbtTest.java /workspace/jqwik/Auto/Closure_30/com/google/javascript/jscomp/MustBeReachingVariableDef_AutoPbtTest.java

[exit=0 timeout=False time=1.2s]

$ java -Djava.awt.headless=true -Xss4m -Xmx1g -Dpbt.seed=1 -Dpbt.tries=1000 -Dpbt.snapshot.dir=/work/jqwik_out/Closure_30/auto_round2_tries1000_seed1/snapshots -Dpbt.propertyBudgetMs=5000 -Dpbt.mask=/work/Closure_30f:/work/Closure_30b:/work/jqwik_out/Closure_30/auto_round2_tries1000_seed1/classes_f:/work/jqwik_out/Closure_30/auto_round2_tries1000_seed1/classes_b -Dpbt.mode=record -jar /workspace/lib/jqwik/junit-platform-console-standalone-1.9.3.jar --disable-banner --details tree --class-path /work/jqwik_out/Closure_30/auto_round2_tries1000_seed1/classes_f:/work/Closure_30f/build/classes:/work/Closure_30f/lib/args4j.jar:/work/Closure_30f/lib/guava.jar:/work/Closure_30f/lib/json.jar:/work/Closure_30f/lib/jsr305.jar:/work/Closure_30f/lib/protobuf-java.jar:/work/Closure_30f/build/lib/rhino.jar:/work/Closure_30f/lib/ant.jar:/work/Closure_30f/lib/ant-launcher.jar:/work/Closure_30f/lib/caja-r4314.jar:/work/Closure_30f/lib/jarjar.jar:/work/Closure_30f/lib/junit.jar:/work/Closure_30f/build/test:/work/jqwik_harness:/workspace/lib/jqwik/jqwik-1.7.4.jar:/workspace/lib/jqwik/jqwik-api-1.7.4.jar:/workspace/lib/jqwik/jqwik-engine-1.7.4.jar --scan-class-path /work/jqwik_out/Closure_30/auto_round2_tries1000_seed1/classes_f --include-classname .* --include-engine jqwik --config jqwik.database=/workspace/jqwik/Result_auto_Round2/Closure_30/tries1000_seed1/reports_record/jqwik-database --config jqwik.tries.default=1000 --reports-dir /workspace/jqwik/Result_auto_Round2/Closure_30/tries1000_seed1/reports_record
e = NONE        | edge cases are not explicitly generated
seed = 1                      | random seed to reproduce generated values


timestamp = 2026-09-30T22:59:12.433551, FlowSensitiveInlineVariables AutoPbtTest:m000 enterScope = 
                              |-----------------------jqwik-----------------------
tries = 26                    | # of calls to property
checks = 26                   | # of not rejected calls
generation = EXHAUSTIVE       | parameters are exhaustively generated
after-failure = SAMPLE_FIRST  | try previously failed sample, then previous seed
when-fixed-seed = ALLOW       | fixing the random seed is allowed
edge-cases#mode = NONE        | edge cases are not explicitly generated
seed = 1                      | random seed to reproduce generated values


timestamp = 2026-09-30T22:59:12.441851, FlowSensitiveInlineVariables AutoPbtTest:m001 exitScope = 
                              |-----------------------jqwik-----------------------
tries = 26                    | # of calls to property
checks = 26                   | # of not rejected calls
generation = EXHAUSTIVE       | parameters are exhaustively generated
after-failure = SAMPLE_FIRST  | try previously failed sample, then previous seed
when-fixed-seed = ALLOW       | fixing the random seed is allowed
edge-cases#mode = NONE        | edge cases are not explicitly generated
seed = 1                      | random seed to reproduce generated values


timestamp = 2026-09-30T22:59:12.884151, FlowSensitiveInlineVariables AutoPbtTest:m002 process = 
                              |-----------------------jqwik-----------------------
tries = 1000                  | # of calls to property
checks = 1000                 | # of not rejected calls
generation = RANDOMIZED       | parameters are randomly generated
after-failure = SAMPLE_FIRST  | try previously failed sample, then previous seed
when-fixed-seed = ALLOW       | fixing the random seed is allowed
edge-cases#mode = NONE        | edge cases are not explicitly generated
seed = 1                      | random seed to reproduce generated values


timestamp = 2026-09-30T22:59:13.290529, FlowSensitiveInlineVariables AutoPbtTest:m003 visit = 
                              |-----------------------jqwik-----------------------
tries = 1000                  | # of calls to property
checks = 1000                 | # of not rejected calls
generation = RANDOMIZED       | parameters are randomly generated
after-failure = SAMPLE_FIRST  | try previously failed sample, then previous seed
when-fixed-seed = ALLOW       | fixing the random seed is allowed
edge-cases#mode = NONE        | edge cases are not explicitly generated
seed = 1                      | random seed to reproduce generated values


[36m╷[0m
[36m└─[0m [36mjqwik (JUnit Platform)[0m [32m✔[0m
[36m   ├─[0m [36mMustBeReachingVariableDef AutoPbtTest[0m [32m✔[0m
[36m   │  ├─[0m [34mm005 isForward[0m [32m✔[0m
[36m   │  ├─[0m [34mm000 createEntryLattice[0m [32m✔[0m
[36m   │  ├─[0m [34mm003 flowThrough[0m [32m✔[0m
[36m   │  ├─[0m [34mm001 createInitialEstimateLattice[0m [32m✔[0m
[36m   │  ├─[0m [34mm002 dependsOnOuterScopeVars[0m [32m✔[0m
[36m   │  └─[0m [34mm004 getDef[0m [32m✔[0m
[36m   └─[0m [36mFlowSensitiveInlineVariables AutoPbtTest[0m [32m✔[0m
[36m      ├─[0m [34mm000 enterScope[0m [32m✔[0m
[36m      ├─[0m [34mm001 exitScope[0m [32m✔[0m
[36m      ├─[0m [34mm002 process[0m [32m✔[0m
[36m      └─[0m [34mm003 visit[0m [32m✔[0m

Test run finished after 5962 ms
[         3 containers found      ]
[         0 containers skipped    ]
[         3 containers started    ]
[         0 containers aborted    ]
[         3 containers successful ]
[         0 containers failed     ]
[        10 tests found           ]
[         0 tests skipped         ]
[        10 tests started         ]
[         0 tests aborted         ]
[        10 tests successful      ]
[         0 tests failed          ]


[exit=0 timeout=False time=7.1s]

$ java -Djava.awt.headless=true -Xss4m -Xmx1g -Dpbt.seed=1 -Dpbt.tries=1000 -Dpbt.snapshot.dir=/work/jqwik_out/Closure_30/auto_round2_tries1000_seed1/snapshots -Dpbt.propertyBudgetMs=5000 -Dpbt.mask=/work/Closure_30f:/work/Closure_30b:/work/jqwik_out/Closure_30/auto_round2_tries1000_seed1/classes_f:/work/jqwik_out/Closure_30/auto_round2_tries1000_seed1/classes_b -Dpbt.mode=check -javaagent:/opt/jacoco/lib/jacocoagent.jar=destfile=/workspace/jqwik/Result_auto_Round2/Closure_30/tries1000_seed1/jacoco.exec -jar /workspace/lib/jqwik/junit-platform-console-standalone-1.9.3.jar --disable-banner --details tree --class-path /work/jqwik_out/Closure_30/auto_round2_tries1000_seed1/classes_f:/work/Closure_30f/build/classes:/work/Closure_30f/lib/args4j.jar:/work/Closure_30f/lib/guava.jar:/work/Closure_30f/lib/json.jar:/work/Closure_30f/lib/jsr305.jar:/work/Closure_30f/lib/protobuf-java.jar:/work/Closure_30f/build/lib/rhino.jar:/work/Closure_30f/lib/ant.jar:/work/Closure_30f/lib/ant-launcher.jar:/work/Closure_30f/lib/caja-r4314.jar:/work/Closure_30f/lib/jarjar.jar:/work/Closure_30f/lib/junit.jar:/work/Closure_30f/build/test:/work/jqwik_harness:/workspace/lib/jqwik/jqwik-1.7.4.jar:/workspace/lib/jqwik/jqwik-api-1.7.4.jar:/workspace/lib/jqwik/jqwik-engine-1.7.4.jar --scan-class-path /work/jqwik_out/Closure_30/auto_round2_tries1000_seed1/classes_f --include-classname .* --include-engine jqwik --config jqwik.database=/workspace/jqwik/Result_auto_Round2/Closure_30/tries1000_seed1/reports_fixed/jqwik-database --config jqwik.tries.default=1000 --reports-dir /workspace/jqwik/Result_auto_Round2/Closure_30/tries1000_seed1/reports_fixed
e = NONE        | edge cases are not explicitly generated
seed = 1                      | random seed to reproduce generated values


timestamp = 2026-09-30T22:59:20.492478, FlowSensitiveInlineVariables AutoPbtTest:m000 enterScope = 
                              |-----------------------jqwik-----------------------
tries = 26                    | # of calls to property
checks = 26                   | # of not rejected calls
generation = EXHAUSTIVE       | parameters are exhaustively generated
after-failure = SAMPLE_FIRST  | try previously failed sample, then previous seed
when-fixed-seed = ALLOW       | fixing the random seed is allowed
edge-cases#mode = NONE        | edge cases are not explicitly generated
seed = 1                      | random seed to reproduce generated values


timestamp = 2026-09-30T22:59:20.503440, FlowSensitiveInlineVariables AutoPbtTest:m001 exitScope = 
                              |-----------------------jqwik-----------------------
tries = 26                    | # of calls to property
checks = 26                   | # of not rejected calls
generation = EXHAUSTIVE       | parameters are exhaustively generated
after-failure = SAMPLE_FIRST  | try previously failed sample, then previous seed
when-fixed-seed = ALLOW       | fixing the random seed is allowed
edge-cases#mode = NONE        | edge cases are not explicitly generated
seed = 1                      | random seed to reproduce generated values


timestamp = 2026-09-30T22:59:20.960909, FlowSensitiveInlineVariables AutoPbtTest:m002 process = 
                              |-----------------------jqwik-----------------------
tries = 1000                  | # of calls to property
checks = 1000                 | # of not rejected calls
generation = RANDOMIZED       | parameters are randomly generated
after-failure = SAMPLE_FIRST  | try previously failed sample, then previous seed
when-fixed-seed = ALLOW       | fixing the random seed is allowed
edge-cases#mode = NONE        | edge cases are not explicitly generated
seed = 1                      | random seed to reproduce generated values


timestamp = 2026-09-30T22:59:21.300710, FlowSensitiveInlineVariables AutoPbtTest:m003 visit = 
                              |-----------------------jqwik-----------------------
tries = 1000                  | # of calls to property
checks = 1000                 | # of not rejected calls
generation = RANDOMIZED       | parameters are randomly generated
after-failure = SAMPLE_FIRST  | try previously failed sample, then previous seed
when-fixed-seed = ALLOW       | fixing the random seed is allowed
edge-cases#mode = NONE        | edge cases are not explicitly generated
seed = 1                      | random seed to reproduce generated values


[36m╷[0m
[36m└─[0m [36mjqwik (JUnit Platform)[0m [32m✔[0m
[36m   ├─[0m [36mMustBeReachingVariableDef AutoPbtTest[0m [32m✔[0m
[36m   │  ├─[0m [34mm005 isForward[0m [32m✔[0m
[36m   │  ├─[0m [34mm000 createEntryLattice[0m [32m✔[0m
[36m   │  ├─[0m [34mm003 flowThrough[0m [32m✔[0m
[36m   │  ├─[0m [34mm001 createInitialEstimateLattice[0m [32m✔[0m
[36m   │  ├─[0m [34mm002 dependsOnOuterScopeVars[0m [32m✔[0m
[36m   │  └─[0m [34mm004 getDef[0m [32m✔[0m
[36m   └─[0m [36mFlowSensitiveInlineVariables AutoPbtTest[0m [32m✔[0m
[36m      ├─[0m [34mm000 enterScope[0m [32m✔[0m
[36m      ├─[0m [34mm001 exitScope[0m [32m✔[0m
[36m      ├─[0m [34mm002 process[0m [32m✔[0m
[36m      └─[0m [34mm003 visit[0m [32m✔[0m

Test run finished after 6163 ms
[         3 containers found      ]
[         0 containers skipped    ]
[         3 containers started    ]
[         0 containers aborted    ]
[         3 containers successful ]
[         0 containers failed     ]
[        10 tests found           ]
[         0 tests skipped         ]
[        10 tests started         ]
[         0 tests aborted         ]
[        10 tests successful      ]
[         0 tests failed          ]


[exit=0 timeout=False time=14.1s]

$ java -jar /opt/jacoco/lib/jacococli.jar report /workspace/jqwik/Result_auto_Round2/Closure_30/tries1000_seed1/jacoco.exec --classfiles /work/Closure_30f/build/classes --csv /workspace/jqwik/Result_auto_Round2/Closure_30/tries1000_seed1/jacoco.csv
[INFO] Loading execution data file /workspace/jqwik/Result_auto_Round2/Closure_30/tries1000_seed1/jacoco.exec.
[INFO] Analyzing 1144 classes.

[exit=0 timeout=False time=1.9s]

$ java -Djava.awt.headless=true -Xss4m -Xmx1g -Dpbt.seed=1 -Dpbt.tries=1000 -Dpbt.snapshot.dir=/work/jqwik_out/Closure_30/auto_round2_tries1000_seed1/snapshots -Dpbt.propertyBudgetMs=5000 -Dpbt.mask=/work/Closure_30f:/work/Closure_30b:/work/jqwik_out/Closure_30/auto_round2_tries1000_seed1/classes_f:/work/jqwik_out/Closure_30/auto_round2_tries1000_seed1/classes_b -Dpbt.mode=check -jar /workspace/lib/jqwik/junit-platform-console-standalone-1.9.3.jar --disable-banner --details tree --class-path /work/jqwik_out/Closure_30/auto_round2_tries1000_seed1/classes_b:/work/Closure_30b/build/classes:/work/Closure_30b/lib/args4j.jar:/work/Closure_30b/lib/guava.jar:/work/Closure_30b/lib/json.jar:/work/Closure_30b/lib/jsr305.jar:/work/Closure_30b/lib/protobuf-java.jar:/work/Closure_30b/build/lib/rhino.jar:/work/Closure_30b/lib/ant.jar:/work/Closure_30b/lib/ant-launcher.jar:/work/Closure_30b/lib/caja-r4314.jar:/work/Closure_30b/lib/jarjar.jar:/work/Closure_30b/lib/junit.jar:/work/Closure_30b/build/test:/work/jqwik_harness:/workspace/lib/jqwik/jqwik-1.7.4.jar:/workspace/lib/jqwik/jqwik-api-1.7.4.jar:/workspace/lib/jqwik/jqwik-engine-1.7.4.jar --scan-class-path /work/jqwik_out/Closure_30/auto_round2_tries1000_seed1/classes_b --include-classname .* --include-engine jqwik --config jqwik.database=/workspace/jqwik/Result_auto_Round2/Closure_30/tries1000_seed1/reports_buggy/jqwik-database --config jqwik.tries.default=1000 --reports-dir /workspace/jqwik/Result_auto_Round2/Closure_30/tries1000_seed1/reports_buggy
y
checks = 1000                 | # of not rejected calls
generation = RANDOMIZED       | parameters are randomly generated
after-failure = SAMPLE_FIRST  | try previously failed sample, then previous seed
when-fixed-seed = ALLOW       | fixing the random seed is allowed
edge-cases#mode = NONE        | edge cases are not explicitly generated
seed = 1                      | random seed to reproduce generated values


[36m╷[0m
[36m└─[0m [36mjqwik (JUnit Platform)[0m [32m✔[0m
[36m   ├─[0m [36mMustBeReachingVariableDef AutoPbtTest[0m [32m✔[0m
[36m   │  ├─[0m [34mm005 isForward[0m [32m✔[0m
[36m   │  ├─[0m [34mm000 createEntryLattice[0m [32m✔[0m
[36m   │  ├─[0m [34mm003 flowThrough[0m [32m✔[0m
[36m   │  ├─[0m [34mm001 createInitialEstimateLattice[0m [32m✔[0m
[36m   │  ├─[0m [34mm002 dependsOnOuterScopeVars[0m [32m✔[0m
[36m   │  └─[0m [34mm004 getDef[0m [32m✔[0m
[36m   └─[0m [36mFlowSensitiveInlineVariables AutoPbtTest[0m [32m✔[0m
[36m      ├─[0m [34mm000 enterScope[0m [32m✔[0m
[36m      ├─[0m [34mm001 exitScope[0m [32m✔[0m
[36m      ├─[0m [31mm002 process[0m [31m✘[0m [31m[regression] com.google.javascript.jscomp.FlowSensitiveInlineVariables.process(com.google.javascript.rhino.Node,com.google.javascript.rhino.Node)[0m
[36m      │     [0m[31m     input:    new FlowSensitiveInlineVariables.<init>[null].process[null, new Node.<init>[Integer:102]][0m
[36m      │     [0m[31m     expected: throws java.lang.NullPointerException | this=obj com.google.javascript.jscomp.FlowSensitiveInlineVariables[0m
[36m      │     [0m[31m     actual:   ret=void | this=obj com.google.javascript.jscomp.FlowSensitiveInlineVariables[0m
[36m      └─[0m [34mm003 visit[0m [32m✔[0m

Failures (1):
  jqwik (JUnit Platform):FlowSensitiveInlineVariables AutoPbtTest:m002 process
    MethodSource [className = 'com.google.javascript.jscomp.FlowSensitiveInlineVariables_AutoPbtTest', methodName = 'm002_process', methodParameterTypes = 'pbt.auto.AutoTarget$Call']
    => java.lang.AssertionError: [regression] com.google.javascript.jscomp.FlowSensitiveInlineVariables.process(com.google.javascript.rhino.Node,com.google.javascript.rhino.Node)
  input:    new FlowSensitiveInlineVariables.<init>[null].process[null, new Node.<init>[Integer:102]]
  expected: throws java.lang.NullPointerException | this=obj com.google.javascript.jscomp.FlowSensitiveInlineVariables
  actual:   ret=void | this=obj com.google.javascript.jscomp.FlowSensitiveInlineVariables
       pbt.auto.AutoTarget.check(AutoTarget.java:127)
       com.google.javascript.jscomp.FlowSensitiveInlineVariables_AutoPbtTest.m002_process(FlowSensitiveInlineVariables_AutoPbtTest.java:35)
       java.base/jdk.internal.reflect.NativeMethodAccessorImpl.invoke0(Native Method)
       java.base/jdk.internal.reflect.NativeMethodAccessorImpl.invoke(NativeMethodAccessorImpl.java:62)
       java.base/jdk.internal.reflect.DelegatingMethodAccessorImpl.invoke(DelegatingMethodAccessorImpl.java:43)
       java.base/java.lang.reflect.Method.invoke(Method.java:566)
       org.junit.platform.commons.util.ReflectionUtils.invokeMethod(ReflectionUtils.java:727)
       org.junit.platform.commons.support.ReflectionSupport.invokeMethod(ReflectionSupport.java:198)
       net.jqwik.engine.execution.CheckedPropertyFactory.lambda$createRawFunction$1(CheckedPropertyFactory.java:84)
       net.jqwik.engine.execution.CheckedPropertyFactory.lambda$createRawFunction$2(CheckedPropertyFactory.java:91)
       [...]

Test run finished after 4305 ms
[         3 containers found      ]
[         0 containers skipped    ]
[         3 containers started    ]
[         0 containers aborted    ]
[         3 containers successful ]
[         0 containers failed     ]
[        10 tests found           ]
[         0 tests skipped         ]
[        10 tests started         ]
[         0 tests aborted         ]
[         9 tests successful      ]
[         1 tests failed          ]


[exit=1 timeout=False time=5.7s]
