
$ javac -nowarn -encoding UTF-8 -cp /work/Mockito_13f/target/classes:/opt/defects4j/framework/projects/lib/junit-4.12-hamcrest-1.3.jar:/work/Mockito_13f/target/test-classes:/opt/defects4j/framework/projects/Mockito/lib/asm-all-5.0.4.jar:/opt/defects4j/framework/projects/Mockito/lib/assertj-core-2.1.0.jar:/opt/defects4j/framework/projects/Mockito/lib/cglib-and-asm-1.0.jar:/opt/defects4j/framework/projects/Mockito/lib/cobertura-2.0.3.jar:/opt/defects4j/framework/projects/Mockito/lib/fest-assert-1.3.jar:/opt/defects4j/framework/projects/Mockito/lib/fest-util-1.1.4.jar:/opt/defects4j/framework/projects/Mockito/lib/hamcrest-all-1.3.jar:/opt/defects4j/framework/projects/Mockito/lib/hamcrest-core-1.1.jar:/opt/defects4j/framework/projects/Mockito/lib/objenesis-2.1.jar:/opt/defects4j/framework/projects/Mockito/lib/objenesis-2.2.jar:/opt/defects4j/framework/projects/Mockito/lib/powermock-reflect-1.2.5.jar:/work/jqwik_harness:/workspace/lib/jqwik/jqwik-1.7.4.jar:/workspace/lib/jqwik/jqwik-api-1.7.4.jar:/workspace/lib/jqwik/jqwik-engine-1.7.4.jar -d /work/jqwik_out/Mockito_13/auto_round1_tries200_seed3/classes_f /workspace/jqwik/Auto/Mockito_13/org/mockito/internal/MockHandler_AutoPbtTest.java

[exit=0 timeout=False time=0.9s]

$ javac -nowarn -encoding UTF-8 -cp /work/Mockito_13b/target/classes:/opt/defects4j/framework/projects/lib/junit-4.12-hamcrest-1.3.jar:/work/Mockito_13b/target/test-classes:/opt/defects4j/framework/projects/Mockito/lib/asm-all-5.0.4.jar:/opt/defects4j/framework/projects/Mockito/lib/assertj-core-2.1.0.jar:/opt/defects4j/framework/projects/Mockito/lib/cglib-and-asm-1.0.jar:/opt/defects4j/framework/projects/Mockito/lib/cobertura-2.0.3.jar:/opt/defects4j/framework/projects/Mockito/lib/fest-assert-1.3.jar:/opt/defects4j/framework/projects/Mockito/lib/fest-util-1.1.4.jar:/opt/defects4j/framework/projects/Mockito/lib/hamcrest-all-1.3.jar:/opt/defects4j/framework/projects/Mockito/lib/hamcrest-core-1.1.jar:/opt/defects4j/framework/projects/Mockito/lib/objenesis-2.1.jar:/opt/defects4j/framework/projects/Mockito/lib/objenesis-2.2.jar:/opt/defects4j/framework/projects/Mockito/lib/powermock-reflect-1.2.5.jar:/work/jqwik_harness:/workspace/lib/jqwik/jqwik-1.7.4.jar:/workspace/lib/jqwik/jqwik-api-1.7.4.jar:/workspace/lib/jqwik/jqwik-engine-1.7.4.jar -d /work/jqwik_out/Mockito_13/auto_round1_tries200_seed3/classes_b /workspace/jqwik/Auto/Mockito_13/org/mockito/internal/MockHandler_AutoPbtTest.java

[exit=0 timeout=False time=1.0s]

$ java -Djava.awt.headless=true -Xss4m -Xmx1g -Dpbt.seed=3 -Dpbt.tries=200 -Dpbt.snapshot.dir=/work/jqwik_out/Mockito_13/auto_round1_tries200_seed3/snapshots -Dpbt.propertyBudgetMs=5000 -Dpbt.mask=/work/Mockito_13f:/work/Mockito_13b:/work/jqwik_out/Mockito_13/auto_round1_tries200_seed3/classes_f:/work/jqwik_out/Mockito_13/auto_round1_tries200_seed3/classes_b -Dpbt.mode=record -jar /workspace/lib/jqwik/junit-platform-console-standalone-1.9.3.jar --disable-banner --details tree --class-path /work/jqwik_out/Mockito_13/auto_round1_tries200_seed3/classes_f:/work/Mockito_13f/target/classes:/opt/defects4j/framework/projects/lib/junit-4.12-hamcrest-1.3.jar:/work/Mockito_13f/target/test-classes:/opt/defects4j/framework/projects/Mockito/lib/asm-all-5.0.4.jar:/opt/defects4j/framework/projects/Mockito/lib/assertj-core-2.1.0.jar:/opt/defects4j/framework/projects/Mockito/lib/cglib-and-asm-1.0.jar:/opt/defects4j/framework/projects/Mockito/lib/cobertura-2.0.3.jar:/opt/defects4j/framework/projects/Mockito/lib/fest-assert-1.3.jar:/opt/defects4j/framework/projects/Mockito/lib/fest-util-1.1.4.jar:/opt/defects4j/framework/projects/Mockito/lib/hamcrest-all-1.3.jar:/opt/defects4j/framework/projects/Mockito/lib/hamcrest-core-1.1.jar:/opt/defects4j/framework/projects/Mockito/lib/objenesis-2.1.jar:/opt/defects4j/framework/projects/Mockito/lib/objenesis-2.2.jar:/opt/defects4j/framework/projects/Mockito/lib/powermock-reflect-1.2.5.jar:/work/jqwik_harness:/workspace/lib/jqwik/jqwik-1.7.4.jar:/workspace/lib/jqwik/jqwik-api-1.7.4.jar:/workspace/lib/jqwik/jqwik-engine-1.7.4.jar --scan-class-path /work/jqwik_out/Mockito_13/auto_round1_tries200_seed3/classes_f --include-classname .* --include-engine jqwik --config jqwik.database=/workspace/jqwik/Result_auto_Round1/Mockito_13/tries200_seed3/reports_record/jqwik-database --config jqwik.tries.default=200 --reports-dir /workspace/jqwik/Result_auto_Round1/Mockito_13/tries200_seed3/reports_record
--------jqwik-----------------------
tries = 200                   | # of calls to property
checks = 200                  | # of not rejected calls
generation = RANDOMIZED       | parameters are randomly generated
after-failure = SAMPLE_FIRST  | try previously failed sample, then previous seed
when-fixed-seed = ALLOW       | fixing the random seed is allowed
edge-cases#mode = NONE        | edge cases are not explicitly generated
seed = 3                      | random seed to reproduce generated values


timestamp = 2026-09-28T20:33:46.004887, MockHandler AutoPbtTest:m000 getInvocationContainer = 
                              |-----------------------jqwik-----------------------
tries = 5                     | # of calls to property
checks = 5                    | # of not rejected calls
generation = EXHAUSTIVE       | parameters are exhaustively generated
after-failure = SAMPLE_FIRST  | try previously failed sample, then previous seed
when-fixed-seed = ALLOW       | fixing the random seed is allowed
edge-cases#mode = NONE        | edge cases are not explicitly generated
seed = 3                      | random seed to reproduce generated values


timestamp = 2026-09-28T20:33:46.014584, MockHandler AutoPbtTest:m001 getMockSettings = 
                              |-----------------------jqwik-----------------------
tries = 5                     | # of calls to property
checks = 5                    | # of not rejected calls
generation = EXHAUSTIVE       | parameters are exhaustively generated
after-failure = SAMPLE_FIRST  | try previously failed sample, then previous seed
when-fixed-seed = ALLOW       | fixing the random seed is allowed
edge-cases#mode = NONE        | edge cases are not explicitly generated
seed = 3                      | random seed to reproduce generated values


timestamp = 2026-09-28T20:33:46.201256, MockHandler AutoPbtTest:m003 setAnswersForStubbing = 
                              |-----------------------jqwik-----------------------
tries = 200                   | # of calls to property
checks = 200                  | # of not rejected calls
generation = RANDOMIZED       | parameters are randomly generated
after-failure = SAMPLE_FIRST  | try previously failed sample, then previous seed
when-fixed-seed = ALLOW       | fixing the random seed is allowed
edge-cases#mode = NONE        | edge cases are not explicitly generated
seed = 3                      | random seed to reproduce generated values


timestamp = 2026-09-28T20:33:46.293498, MockHandler AutoPbtTest:m004 voidMethodStubbable = 
                              |-----------------------jqwik-----------------------
tries = 200                   | # of calls to property
checks = 200                  | # of not rejected calls
generation = RANDOMIZED       | parameters are randomly generated
after-failure = SAMPLE_FIRST  | try previously failed sample, then previous seed
when-fixed-seed = ALLOW       | fixing the random seed is allowed
edge-cases#mode = NONE        | edge cases are not explicitly generated
seed = 3                      | random seed to reproduce generated values


[36m╷[0m
[36m└─[0m [36mjqwik (JUnit Platform)[0m [32m✔[0m
[36m   └─[0m [36mMockHandler AutoPbtTest[0m [32m✔[0m
[36m      ├─[0m [34mm002 handle[0m [32m✔[0m
[36m      ├─[0m [34mm000 getInvocationContainer[0m [32m✔[0m
[36m      ├─[0m [34mm001 getMockSettings[0m [32m✔[0m
[36m      ├─[0m [34mm003 setAnswersForStubbing[0m [32m✔[0m
[36m      └─[0m [34mm004 voidMethodStubbable[0m [32m✔[0m

Test run finished after 1869 ms
[         2 containers found      ]
[         0 containers skipped    ]
[         2 containers started    ]
[         0 containers aborted    ]
[         2 containers successful ]
[         0 containers failed     ]
[         5 tests found           ]
[         0 tests skipped         ]
[         5 tests started         ]
[         0 tests aborted         ]
[         5 tests successful      ]
[         0 tests failed          ]


[exit=0 timeout=False time=3.2s]

$ java -Djava.awt.headless=true -Xss4m -Xmx1g -Dpbt.seed=3 -Dpbt.tries=200 -Dpbt.snapshot.dir=/work/jqwik_out/Mockito_13/auto_round1_tries200_seed3/snapshots -Dpbt.propertyBudgetMs=5000 -Dpbt.mask=/work/Mockito_13f:/work/Mockito_13b:/work/jqwik_out/Mockito_13/auto_round1_tries200_seed3/classes_f:/work/jqwik_out/Mockito_13/auto_round1_tries200_seed3/classes_b -Dpbt.mode=check -javaagent:/opt/jacoco/lib/jacocoagent.jar=destfile=/workspace/jqwik/Result_auto_Round1/Mockito_13/tries200_seed3/jacoco.exec -jar /workspace/lib/jqwik/junit-platform-console-standalone-1.9.3.jar --disable-banner --details tree --class-path /work/jqwik_out/Mockito_13/auto_round1_tries200_seed3/classes_f:/work/Mockito_13f/target/classes:/opt/defects4j/framework/projects/lib/junit-4.12-hamcrest-1.3.jar:/work/Mockito_13f/target/test-classes:/opt/defects4j/framework/projects/Mockito/lib/asm-all-5.0.4.jar:/opt/defects4j/framework/projects/Mockito/lib/assertj-core-2.1.0.jar:/opt/defects4j/framework/projects/Mockito/lib/cglib-and-asm-1.0.jar:/opt/defects4j/framework/projects/Mockito/lib/cobertura-2.0.3.jar:/opt/defects4j/framework/projects/Mockito/lib/fest-assert-1.3.jar:/opt/defects4j/framework/projects/Mockito/lib/fest-util-1.1.4.jar:/opt/defects4j/framework/projects/Mockito/lib/hamcrest-all-1.3.jar:/opt/defects4j/framework/projects/Mockito/lib/hamcrest-core-1.1.jar:/opt/defects4j/framework/projects/Mockito/lib/objenesis-2.1.jar:/opt/defects4j/framework/projects/Mockito/lib/objenesis-2.2.jar:/opt/defects4j/framework/projects/Mockito/lib/powermock-reflect-1.2.5.jar:/work/jqwik_harness:/workspace/lib/jqwik/jqwik-1.7.4.jar:/workspace/lib/jqwik/jqwik-api-1.7.4.jar:/workspace/lib/jqwik/jqwik-engine-1.7.4.jar --scan-class-path /work/jqwik_out/Mockito_13/auto_round1_tries200_seed3/classes_f --include-classname .* --include-engine jqwik --config jqwik.database=/workspace/jqwik/Result_auto_Round1/Mockito_13/tries200_seed3/reports_fixed/jqwik-database --config jqwik.tries.default=200 --reports-dir /workspace/jqwik/Result_auto_Round1/Mockito_13/tries200_seed3/reports_fixed
--------jqwik-----------------------
tries = 200                   | # of calls to property
checks = 200                  | # of not rejected calls
generation = RANDOMIZED       | parameters are randomly generated
after-failure = SAMPLE_FIRST  | try previously failed sample, then previous seed
when-fixed-seed = ALLOW       | fixing the random seed is allowed
edge-cases#mode = NONE        | edge cases are not explicitly generated
seed = 3                      | random seed to reproduce generated values


timestamp = 2026-09-28T20:33:50.360461, MockHandler AutoPbtTest:m000 getInvocationContainer = 
                              |-----------------------jqwik-----------------------
tries = 5                     | # of calls to property
checks = 5                    | # of not rejected calls
generation = EXHAUSTIVE       | parameters are exhaustively generated
after-failure = SAMPLE_FIRST  | try previously failed sample, then previous seed
when-fixed-seed = ALLOW       | fixing the random seed is allowed
edge-cases#mode = NONE        | edge cases are not explicitly generated
seed = 3                      | random seed to reproduce generated values


timestamp = 2026-09-28T20:33:50.368760, MockHandler AutoPbtTest:m001 getMockSettings = 
                              |-----------------------jqwik-----------------------
tries = 5                     | # of calls to property
checks = 5                    | # of not rejected calls
generation = EXHAUSTIVE       | parameters are exhaustively generated
after-failure = SAMPLE_FIRST  | try previously failed sample, then previous seed
when-fixed-seed = ALLOW       | fixing the random seed is allowed
edge-cases#mode = NONE        | edge cases are not explicitly generated
seed = 3                      | random seed to reproduce generated values


timestamp = 2026-09-28T20:33:50.560739, MockHandler AutoPbtTest:m003 setAnswersForStubbing = 
                              |-----------------------jqwik-----------------------
tries = 200                   | # of calls to property
checks = 200                  | # of not rejected calls
generation = RANDOMIZED       | parameters are randomly generated
after-failure = SAMPLE_FIRST  | try previously failed sample, then previous seed
when-fixed-seed = ALLOW       | fixing the random seed is allowed
edge-cases#mode = NONE        | edge cases are not explicitly generated
seed = 3                      | random seed to reproduce generated values


timestamp = 2026-09-28T20:33:50.687871, MockHandler AutoPbtTest:m004 voidMethodStubbable = 
                              |-----------------------jqwik-----------------------
tries = 200                   | # of calls to property
checks = 200                  | # of not rejected calls
generation = RANDOMIZED       | parameters are randomly generated
after-failure = SAMPLE_FIRST  | try previously failed sample, then previous seed
when-fixed-seed = ALLOW       | fixing the random seed is allowed
edge-cases#mode = NONE        | edge cases are not explicitly generated
seed = 3                      | random seed to reproduce generated values


[36m╷[0m
[36m└─[0m [36mjqwik (JUnit Platform)[0m [32m✔[0m
[36m   └─[0m [36mMockHandler AutoPbtTest[0m [32m✔[0m
[36m      ├─[0m [34mm002 handle[0m [32m✔[0m
[36m      ├─[0m [34mm000 getInvocationContainer[0m [32m✔[0m
[36m      ├─[0m [34mm001 getMockSettings[0m [32m✔[0m
[36m      ├─[0m [34mm003 setAnswersForStubbing[0m [32m✔[0m
[36m      └─[0m [34mm004 voidMethodStubbable[0m [32m✔[0m

Test run finished after 2186 ms
[         2 containers found      ]
[         0 containers skipped    ]
[         2 containers started    ]
[         0 containers aborted    ]
[         2 containers successful ]
[         0 containers failed     ]
[         5 tests found           ]
[         0 tests skipped         ]
[         5 tests started         ]
[         0 tests aborted         ]
[         5 tests successful      ]
[         0 tests failed          ]


[exit=0 timeout=False time=10.2s]

$ java -jar /opt/jacoco/lib/jacococli.jar report /workspace/jqwik/Result_auto_Round1/Mockito_13/tries200_seed3/jacoco.exec --classfiles /work/Mockito_13f/target/classes --csv /workspace/jqwik/Result_auto_Round1/Mockito_13/tries200_seed3/jacoco.csv
[INFO] Loading execution data file /workspace/jqwik/Result_auto_Round1/Mockito_13/tries200_seed3/jacoco.exec.
[INFO] Analyzing 203 classes.

[exit=0 timeout=False time=0.5s]

$ java -Djava.awt.headless=true -Xss4m -Xmx1g -Dpbt.seed=3 -Dpbt.tries=200 -Dpbt.snapshot.dir=/work/jqwik_out/Mockito_13/auto_round1_tries200_seed3/snapshots -Dpbt.propertyBudgetMs=5000 -Dpbt.mask=/work/Mockito_13f:/work/Mockito_13b:/work/jqwik_out/Mockito_13/auto_round1_tries200_seed3/classes_f:/work/jqwik_out/Mockito_13/auto_round1_tries200_seed3/classes_b -Dpbt.mode=check -jar /workspace/lib/jqwik/junit-platform-console-standalone-1.9.3.jar --disable-banner --details tree --class-path /work/jqwik_out/Mockito_13/auto_round1_tries200_seed3/classes_b:/work/Mockito_13b/target/classes:/opt/defects4j/framework/projects/lib/junit-4.12-hamcrest-1.3.jar:/work/Mockito_13b/target/test-classes:/opt/defects4j/framework/projects/Mockito/lib/asm-all-5.0.4.jar:/opt/defects4j/framework/projects/Mockito/lib/assertj-core-2.1.0.jar:/opt/defects4j/framework/projects/Mockito/lib/cglib-and-asm-1.0.jar:/opt/defects4j/framework/projects/Mockito/lib/cobertura-2.0.3.jar:/opt/defects4j/framework/projects/Mockito/lib/fest-assert-1.3.jar:/opt/defects4j/framework/projects/Mockito/lib/fest-util-1.1.4.jar:/opt/defects4j/framework/projects/Mockito/lib/hamcrest-all-1.3.jar:/opt/defects4j/framework/projects/Mockito/lib/hamcrest-core-1.1.jar:/opt/defects4j/framework/projects/Mockito/lib/objenesis-2.1.jar:/opt/defects4j/framework/projects/Mockito/lib/objenesis-2.2.jar:/opt/defects4j/framework/projects/Mockito/lib/powermock-reflect-1.2.5.jar:/work/jqwik_harness:/workspace/lib/jqwik/jqwik-1.7.4.jar:/workspace/lib/jqwik/jqwik-api-1.7.4.jar:/workspace/lib/jqwik/jqwik-engine-1.7.4.jar --scan-class-path /work/jqwik_out/Mockito_13/auto_round1_tries200_seed3/classes_b --include-classname .* --include-engine jqwik --config jqwik.database=/workspace/jqwik/Result_auto_Round1/Mockito_13/tries200_seed3/reports_buggy/jqwik-database --config jqwik.tries.default=200 --reports-dir /workspace/jqwik/Result_auto_Round1/Mockito_13/tries200_seed3/reports_buggy
--------jqwik-----------------------
tries = 200                   | # of calls to property
checks = 200                  | # of not rejected calls
generation = RANDOMIZED       | parameters are randomly generated
after-failure = SAMPLE_FIRST  | try previously failed sample, then previous seed
when-fixed-seed = ALLOW       | fixing the random seed is allowed
edge-cases#mode = NONE        | edge cases are not explicitly generated
seed = 3                      | random seed to reproduce generated values


timestamp = 2026-09-28T20:34:00.534488, MockHandler AutoPbtTest:m000 getInvocationContainer = 
                              |-----------------------jqwik-----------------------
tries = 5                     | # of calls to property
checks = 5                    | # of not rejected calls
generation = EXHAUSTIVE       | parameters are exhaustively generated
after-failure = SAMPLE_FIRST  | try previously failed sample, then previous seed
when-fixed-seed = ALLOW       | fixing the random seed is allowed
edge-cases#mode = NONE        | edge cases are not explicitly generated
seed = 3                      | random seed to reproduce generated values


timestamp = 2026-09-28T20:34:00.544400, MockHandler AutoPbtTest:m001 getMockSettings = 
                              |-----------------------jqwik-----------------------
tries = 5                     | # of calls to property
checks = 5                    | # of not rejected calls
generation = EXHAUSTIVE       | parameters are exhaustively generated
after-failure = SAMPLE_FIRST  | try previously failed sample, then previous seed
when-fixed-seed = ALLOW       | fixing the random seed is allowed
edge-cases#mode = NONE        | edge cases are not explicitly generated
seed = 3                      | random seed to reproduce generated values


timestamp = 2026-09-28T20:34:00.749609, MockHandler AutoPbtTest:m003 setAnswersForStubbing = 
                              |-----------------------jqwik-----------------------
tries = 200                   | # of calls to property
checks = 200                  | # of not rejected calls
generation = RANDOMIZED       | parameters are randomly generated
after-failure = SAMPLE_FIRST  | try previously failed sample, then previous seed
when-fixed-seed = ALLOW       | fixing the random seed is allowed
edge-cases#mode = NONE        | edge cases are not explicitly generated
seed = 3                      | random seed to reproduce generated values


timestamp = 2026-09-28T20:34:00.868673, MockHandler AutoPbtTest:m004 voidMethodStubbable = 
                              |-----------------------jqwik-----------------------
tries = 200                   | # of calls to property
checks = 200                  | # of not rejected calls
generation = RANDOMIZED       | parameters are randomly generated
after-failure = SAMPLE_FIRST  | try previously failed sample, then previous seed
when-fixed-seed = ALLOW       | fixing the random seed is allowed
edge-cases#mode = NONE        | edge cases are not explicitly generated
seed = 3                      | random seed to reproduce generated values


[36m╷[0m
[36m└─[0m [36mjqwik (JUnit Platform)[0m [32m✔[0m
[36m   └─[0m [36mMockHandler AutoPbtTest[0m [32m✔[0m
[36m      ├─[0m [34mm002 handle[0m [32m✔[0m
[36m      ├─[0m [34mm000 getInvocationContainer[0m [32m✔[0m
[36m      ├─[0m [34mm001 getMockSettings[0m [32m✔[0m
[36m      ├─[0m [34mm003 setAnswersForStubbing[0m [32m✔[0m
[36m      └─[0m [34mm004 voidMethodStubbable[0m [32m✔[0m

Test run finished after 1706 ms
[         2 containers found      ]
[         0 containers skipped    ]
[         2 containers started    ]
[         0 containers aborted    ]
[         2 containers successful ]
[         0 containers failed     ]
[         5 tests found           ]
[         0 tests skipped         ]
[         5 tests started         ]
[         0 tests aborted         ]
[         5 tests successful      ]
[         0 tests failed          ]


[exit=0 timeout=False time=3.0s]
