
$ javac -nowarn -encoding UTF-8 -cp /work/Cli_11f/target/classes:/work/Cli_11f/target/lib/junit-3.8.1.jar:/work/Cli_11f/target/test-classes:/work/jqwik_harness:/workspace/lib/jqwik/jqwik-1.7.4.jar:/workspace/lib/jqwik/jqwik-api-1.7.4.jar:/workspace/lib/jqwik/jqwik-engine-1.7.4.jar -d /work/jqwik_out/Cli_11/auto_round2_tries1000_seed1/classes_f /workspace/jqwik/Auto/Cli_11/org/apache/commons/cli/HelpFormatter_AutoPbtTest.java

[exit=0 timeout=False time=1.0s]

$ javac -nowarn -encoding UTF-8 -cp /work/Cli_11b/target/classes:/work/Cli_11b/target/lib/junit-3.8.1.jar:/work/Cli_11b/target/test-classes:/work/jqwik_harness:/workspace/lib/jqwik/jqwik-1.7.4.jar:/workspace/lib/jqwik/jqwik-api-1.7.4.jar:/workspace/lib/jqwik/jqwik-engine-1.7.4.jar -d /work/jqwik_out/Cli_11/auto_round2_tries1000_seed1/classes_b /workspace/jqwik/Auto/Cli_11/org/apache/commons/cli/HelpFormatter_AutoPbtTest.java

[exit=0 timeout=False time=1.1s]

$ java -Djava.awt.headless=true -Xss4m -Xmx1g -Dpbt.seed=1 -Dpbt.tries=1000 -Dpbt.snapshot.dir=/work/jqwik_out/Cli_11/auto_round2_tries1000_seed1/snapshots -Dpbt.propertyBudgetMs=5000 -Dpbt.mask=/work/Cli_11f:/work/Cli_11b:/work/jqwik_out/Cli_11/auto_round2_tries1000_seed1/classes_f:/work/jqwik_out/Cli_11/auto_round2_tries1000_seed1/classes_b -Dpbt.mode=record -jar /workspace/lib/jqwik/junit-platform-console-standalone-1.9.3.jar --disable-banner --details tree --class-path /work/jqwik_out/Cli_11/auto_round2_tries1000_seed1/classes_f:/work/Cli_11f/target/classes:/work/Cli_11f/target/lib/junit-3.8.1.jar:/work/Cli_11f/target/test-classes:/work/jqwik_harness:/workspace/lib/jqwik/jqwik-1.7.4.jar:/workspace/lib/jqwik/jqwik-api-1.7.4.jar:/workspace/lib/jqwik/jqwik-engine-1.7.4.jar --scan-class-path /work/jqwik_out/Cli_11/auto_round2_tries1000_seed1/classes_f --include-classname .* --include-engine jqwik --config jqwik.database=/workspace/jqwik/Result_auto_Round2/Cli_11/tries1000_seed1/reports_record/jqwik-database --config jqwik.tries.default=1000 --reports-dir /workspace/jqwik/Result_auto_Round2/Cli_11/tries1000_seed1/reports_record
age: NaN

usage: #ED2m;O.4_R

usage: Gz

usage: 0X1F

usage: Infinity

usage: #FF

usage: 107298701192.0392990157769727e+355f

usage: {0}

usage: a

usage: 設툐工ნ

usage: #FED9bdA

usage: *

usage: -3956110784028422L

usage: OhI_9X

usage: BDv/y

usage: -0xDb87BEc2C

usage: -585f

usage: false

usage: ⒊罼栎훶랉퀇

usage: Z

usage: 15e-19

usage: 0x904aF65BA2b9eb

usage: 😀

usage: 8E.

usage: 12:34:56

usage: 18

usage: NJfzqU

usage: L

usage: 12:34:56

usage: -x99edFlD61

usage: 01

usage: #d59fF4Ae9E61A

usage: 9+T+Pg7+u

usage: 镫⁥⿬

usage:

usage: -0x663FBd4737aA53AFCc

usage: -38.1

usage: 0XbFBf80ADA00Ce4C

usage: -7

usage: "q"

usage: 9D7.3158Xf7

usage: +74

usage: 5.

usage: 4jB,JxRgY

usage: u8K

usage: ABC

usage: fP2U7e+rPg

usage: 1d

usage: uvA9e;Nao,

usage: xd2L-lf2X4#

usage: 1

usage: UTC

usage: 3832LLlx+

usage: 2L

usage: vrcTr

usage:   x  y

usage: D

usage: -8220393.68960

usage: +7626313156108893449.649e-55L

usage: CM:PxeM

usage: #cF582559e0CcfB9efF

usage: 빴䈢솝납ꅆ旆

usage: 㡟圗襶ﶾ画䰴

usage: ✬ᯊ嗯髞忎

usage:  I

usage: Iq0cyH7tVd4t

usage: #3a4Afde8

usage: ᥛཬ囉픱Ȯ喙

usage: #930a0B6f7aeBB97127

usage: 1.0f

timestamp = 2026-09-28T21:48:12.860832, HelpFormatter AutoPbtTest:m015 printHelp = 
                              |-----------------------jqwik-----------------------
tries = 1000                  | # of calls to property
checks = 1000                 | # of not rejected calls
generation = RANDOMIZED       | parameters are randomly generated
after-failure = SAMPLE_FIRST  | try previously failed sample, then previous seed
when-fixed-seed = ALLOW       | fixing the random seed is allowed
edge-cases#mode = NONE        | edge cases are not explicitly generated
seed = 1                      | random seed to reproduce generated values


[36m╷[0m
[36m└─[0m [36mjqwik (JUnit Platform)[0m [32m✔[0m
[36m   └─[0m [36mHelpFormatter AutoPbtTest[0m [32m✔[0m
[36m      ├─[0m [34mm022 setLeftPadding[0m [32m✔[0m
[36m      ├─[0m [34mm017 renderOptions[0m [32m✔[0m
[36m      ├─[0m [34mm021 setDescPadding[0m [32m✔[0m
[36m      ├─[0m [34mm008 getOptionComparator[0m [32m✔[0m
[36m      ├─[0m [34mm012 printHelp[0m [32m✔[0m
[36m      ├─[0m [34mm005 getLongOptPrefix[0m [32m✔[0m
[36m      ├─[0m [34mm010 getWidth[0m [32m✔[0m
[36m      ├─[0m [34mm007 getOptPrefix[0m [32m✔[0m
[36m      ├─[0m [34mm009 getSyntaxPrefix[0m [32m✔[0m
[36m      ├─[0m [34mm014 printHelp[0m [32m✔[0m
[36m      ├─[0m [34mm028 setWidth[0m [32m✔[0m
[36m      ├─[0m [34mm006 getNewLine[0m [32m✔[0m
[36m      ├─[0m [34mm027 setSyntaxPrefix[0m [32m✔[0m
[36m      ├─[0m [34mm016 printHelp[0m [32m✔[0m
[36m      ├─[0m [34mm018 renderWrappedText[0m [32m✔[0m
[36m      ├─[0m [34mm025 setOptPrefix[0m [32m✔[0m
[36m      ├─[0m [34mm011 printHelp[0m [32m✔[0m
[36m      ├─[0m [34mm004 getLeftPadding[0m [32m✔[0m
[36m      ├─[0m [34mm000 createPadding[0m [32m✔[0m
[36m      ├─[0m [34mm024 setNewLine[0m [32m✔[0m
[36m      ├─[0m [34mm019 rtrim[0m [32m✔[0m
[36m      ├─[0m [34mm002 getArgName[0m [32m✔[0m
[36m      ├─[0m [34mm003 getDescPadding[0m [32m✔[0m
[36m      ├─[0m [34mm013 printHelp[0m [32m✔[0m
[36m      ├─[0m [34mm026 setOptionComparator[0m [32m✔[0m
[36m      ├─[0m [34mm001 findWrapPos[0m [32m✔[0m
[36m      ├─[0m [34mm023 setLongOptPrefix[0m [32m✔[0m
[36m      ├─[0m [34mm020 setArgName[0m [32m✔[0m
[36m      └─[0m [34mm015 printHelp[0m [32m✔[0m

Test run finished after 30280 ms
[         2 containers found      ]
[         0 containers skipped    ]
[         2 containers started    ]
[         0 containers aborted    ]
[         2 containers successful ]
[         0 containers failed     ]
[        29 tests found           ]
[         0 tests skipped         ]
[        29 tests started         ]
[         0 tests aborted         ]
[        29 tests successful      ]
[         0 tests failed          ]


[exit=0 timeout=False time=31.7s]

$ java -Djava.awt.headless=true -Xss4m -Xmx1g -Dpbt.seed=1 -Dpbt.tries=1000 -Dpbt.snapshot.dir=/work/jqwik_out/Cli_11/auto_round2_tries1000_seed1/snapshots -Dpbt.propertyBudgetMs=5000 -Dpbt.mask=/work/Cli_11f:/work/Cli_11b:/work/jqwik_out/Cli_11/auto_round2_tries1000_seed1/classes_f:/work/jqwik_out/Cli_11/auto_round2_tries1000_seed1/classes_b -Dpbt.mode=check -javaagent:/opt/jacoco/lib/jacocoagent.jar=destfile=/workspace/jqwik/Result_auto_Round2/Cli_11/tries1000_seed1/jacoco.exec -jar /workspace/lib/jqwik/junit-platform-console-standalone-1.9.3.jar --disable-banner --details tree --class-path /work/jqwik_out/Cli_11/auto_round2_tries1000_seed1/classes_f:/work/Cli_11f/target/classes:/work/Cli_11f/target/lib/junit-3.8.1.jar:/work/Cli_11f/target/test-classes:/work/jqwik_harness:/workspace/lib/jqwik/jqwik-1.7.4.jar:/workspace/lib/jqwik/jqwik-api-1.7.4.jar:/workspace/lib/jqwik/jqwik-engine-1.7.4.jar --scan-class-path /work/jqwik_out/Cli_11/auto_round2_tries1000_seed1/classes_f --include-classname .* --include-engine jqwik --config jqwik.database=/workspace/jqwik/Result_auto_Round2/Cli_11/tries1000_seed1/reports_fixed/jqwik-database --config jqwik.tries.default=1000 --reports-dir /workspace/jqwik/Result_auto_Round2/Cli_11/tries1000_seed1/reports_fixed
age: NaN

usage: #ED2m;O.4_R

usage: Gz

usage: 0X1F

usage: Infinity

usage: #FF

usage: 107298701192.0392990157769727e+355f

usage: {0}

usage: a

usage: 設툐工ნ

usage: #FED9bdA

usage: *

usage: -3956110784028422L

usage: OhI_9X

usage: BDv/y

usage: -0xDb87BEc2C

usage: -585f

usage: false

usage: ⒊罼栎훶랉퀇

usage: Z

usage: 15e-19

usage: 0x904aF65BA2b9eb

usage: 😀

usage: 8E.

usage: 12:34:56

usage: 18

usage: NJfzqU

usage: L

usage: 12:34:56

usage: -x99edFlD61

usage: 01

usage: #d59fF4Ae9E61A

usage: 9+T+Pg7+u

usage: 镫⁥⿬

usage:

usage: -0x663FBd4737aA53AFCc

usage: -38.1

usage: 0XbFBf80ADA00Ce4C

usage: -7

usage: "q"

usage: 9D7.3158Xf7

usage: +74

usage: 5.

usage: 4jB,JxRgY

usage: u8K

usage: ABC

usage: fP2U7e+rPg

usage: 1d

usage: uvA9e;Nao,

usage: xd2L-lf2X4#

usage: 1

usage: UTC

usage: 3832LLlx+

usage: 2L

usage: vrcTr

usage:   x  y

usage: D

usage: -8220393.68960

usage: +7626313156108893449.649e-55L

usage: CM:PxeM

usage: #cF582559e0CcfB9efF

usage: 빴䈢솝납ꅆ旆

usage: 㡟圗襶ﶾ画䰴

usage: ✬ᯊ嗯髞忎

usage:  I

usage: Iq0cyH7tVd4t

usage: #3a4Afde8

usage: ᥛཬ囉픱Ȯ喙

usage: #930a0B6f7aeBB97127

usage: 1.0f

timestamp = 2026-09-28T21:48:46.863822, HelpFormatter AutoPbtTest:m015 printHelp = 
                              |-----------------------jqwik-----------------------
tries = 1000                  | # of calls to property
checks = 1000                 | # of not rejected calls
generation = RANDOMIZED       | parameters are randomly generated
after-failure = SAMPLE_FIRST  | try previously failed sample, then previous seed
when-fixed-seed = ALLOW       | fixing the random seed is allowed
edge-cases#mode = NONE        | edge cases are not explicitly generated
seed = 1                      | random seed to reproduce generated values


[36m╷[0m
[36m└─[0m [36mjqwik (JUnit Platform)[0m [32m✔[0m
[36m   └─[0m [36mHelpFormatter AutoPbtTest[0m [32m✔[0m
[36m      ├─[0m [34mm022 setLeftPadding[0m [32m✔[0m
[36m      ├─[0m [34mm017 renderOptions[0m [32m✔[0m
[36m      ├─[0m [34mm021 setDescPadding[0m [32m✔[0m
[36m      ├─[0m [34mm008 getOptionComparator[0m [32m✔[0m
[36m      ├─[0m [34mm012 printHelp[0m [32m✔[0m
[36m      ├─[0m [34mm005 getLongOptPrefix[0m [32m✔[0m
[36m      ├─[0m [34mm010 getWidth[0m [32m✔[0m
[36m      ├─[0m [34mm007 getOptPrefix[0m [32m✔[0m
[36m      ├─[0m [34mm009 getSyntaxPrefix[0m [32m✔[0m
[36m      ├─[0m [34mm014 printHelp[0m [32m✔[0m
[36m      ├─[0m [34mm028 setWidth[0m [32m✔[0m
[36m      ├─[0m [34mm006 getNewLine[0m [32m✔[0m
[36m      ├─[0m [34mm027 setSyntaxPrefix[0m [32m✔[0m
[36m      ├─[0m [34mm016 printHelp[0m [32m✔[0m
[36m      ├─[0m [34mm018 renderWrappedText[0m [32m✔[0m
[36m      ├─[0m [34mm025 setOptPrefix[0m [32m✔[0m
[36m      ├─[0m [34mm011 printHelp[0m [32m✔[0m
[36m      ├─[0m [34mm004 getLeftPadding[0m [32m✔[0m
[36m      ├─[0m [34mm000 createPadding[0m [32m✔[0m
[36m      ├─[0m [34mm024 setNewLine[0m [32m✔[0m
[36m      ├─[0m [34mm019 rtrim[0m [32m✔[0m
[36m      ├─[0m [34mm002 getArgName[0m [32m✔[0m
[36m      ├─[0m [34mm003 getDescPadding[0m [32m✔[0m
[36m      ├─[0m [34mm013 printHelp[0m [32m✔[0m
[36m      ├─[0m [34mm026 setOptionComparator[0m [32m✔[0m
[36m      ├─[0m [34mm001 findWrapPos[0m [32m✔[0m
[36m      ├─[0m [34mm023 setLongOptPrefix[0m [32m✔[0m
[36m      ├─[0m [34mm020 setArgName[0m [32m✔[0m
[36m      └─[0m [34mm015 printHelp[0m [32m✔[0m

Test run finished after 31454 ms
[         2 containers found      ]
[         0 containers skipped    ]
[         2 containers started    ]
[         0 containers aborted    ]
[         2 containers successful ]
[         0 containers failed     ]
[        29 tests found           ]
[         0 tests skipped         ]
[        29 tests started         ]
[         0 tests aborted         ]
[        29 tests successful      ]
[         0 tests failed          ]


[exit=0 timeout=False time=38.7s]

$ java -jar /opt/jacoco/lib/jacococli.jar report /workspace/jqwik/Result_auto_Round2/Cli_11/tries1000_seed1/jacoco.exec --classfiles /work/Cli_11f/target/classes --csv /workspace/jqwik/Result_auto_Round2/Cli_11/tries1000_seed1/jacoco.csv
[INFO] Loading execution data file /workspace/jqwik/Result_auto_Round2/Cli_11/tries1000_seed1/jacoco.exec.
[INFO] Analyzing 20 classes.

[exit=0 timeout=False time=0.5s]

$ java -Djava.awt.headless=true -Xss4m -Xmx1g -Dpbt.seed=1 -Dpbt.tries=1000 -Dpbt.snapshot.dir=/work/jqwik_out/Cli_11/auto_round2_tries1000_seed1/snapshots -Dpbt.propertyBudgetMs=5000 -Dpbt.mask=/work/Cli_11f:/work/Cli_11b:/work/jqwik_out/Cli_11/auto_round2_tries1000_seed1/classes_f:/work/jqwik_out/Cli_11/auto_round2_tries1000_seed1/classes_b -Dpbt.mode=check -jar /workspace/lib/jqwik/junit-platform-console-standalone-1.9.3.jar --disable-banner --details tree --class-path /work/jqwik_out/Cli_11/auto_round2_tries1000_seed1/classes_b:/work/Cli_11b/target/classes:/work/Cli_11b/target/lib/junit-3.8.1.jar:/work/Cli_11b/target/test-classes:/work/jqwik_harness:/workspace/lib/jqwik/jqwik-1.7.4.jar:/workspace/lib/jqwik/jqwik-api-1.7.4.jar:/workspace/lib/jqwik/jqwik-engine-1.7.4.jar --scan-class-path /work/jqwik_out/Cli_11/auto_round2_tries1000_seed1/classes_b --include-classname .* --include-engine jqwik --config jqwik.database=/workspace/jqwik/Result_auto_Round2/Cli_11/tries1000_seed1/reports_buggy/jqwik-database --config jqwik.tries.default=1000 --reports-dir /workspace/jqwik/Result_auto_Round2/Cli_11/tries1000_seed1/reports_buggy
age: NaN

usage: #ED2m;O.4_R

usage: Gz

usage: 0X1F

usage: Infinity

usage: #FF

usage: 107298701192.0392990157769727e+355f

usage: {0}

usage: a

usage: 設툐工ნ

usage: #FED9bdA

usage: *

usage: -3956110784028422L

usage: OhI_9X

usage: BDv/y

usage: -0xDb87BEc2C

usage: -585f

usage: false

usage: ⒊罼栎훶랉퀇

usage: Z

usage: 15e-19

usage: 0x904aF65BA2b9eb

usage: 😀

usage: 8E.

usage: 12:34:56

usage: 18

usage: NJfzqU

usage: L

usage: 12:34:56

usage: -x99edFlD61

usage: 01

usage: #d59fF4Ae9E61A

usage: 9+T+Pg7+u

usage: 镫⁥⿬

usage:

usage: -0x663FBd4737aA53AFCc

usage: -38.1

usage: 0XbFBf80ADA00Ce4C

usage: -7

usage: "q"

usage: 9D7.3158Xf7

usage: +74

usage: 5.

usage: 4jB,JxRgY

usage: u8K

usage: ABC

usage: fP2U7e+rPg

usage: 1d

usage: uvA9e;Nao,

usage: xd2L-lf2X4#

usage: 1

usage: UTC

usage: 3832LLlx+

usage: 2L

usage: vrcTr

usage:   x  y

usage: D

usage: -8220393.68960

usage: +7626313156108893449.649e-55L

usage: CM:PxeM

usage: #cF582559e0CcfB9efF

usage: 빴䈢솝납ꅆ旆

usage: 㡟圗襶ﶾ画䰴

usage: ✬ᯊ嗯髞忎

usage:  I

usage: Iq0cyH7tVd4t

usage: #3a4Afde8

usage: ᥛཬ囉픱Ȯ喙

usage: #930a0B6f7aeBB97127

usage: 1.0f

timestamp = 2026-09-28T21:49:27.408810, HelpFormatter AutoPbtTest:m015 printHelp = 
                              |-----------------------jqwik-----------------------
tries = 1000                  | # of calls to property
checks = 1000                 | # of not rejected calls
generation = RANDOMIZED       | parameters are randomly generated
after-failure = SAMPLE_FIRST  | try previously failed sample, then previous seed
when-fixed-seed = ALLOW       | fixing the random seed is allowed
edge-cases#mode = NONE        | edge cases are not explicitly generated
seed = 1                      | random seed to reproduce generated values


[36m╷[0m
[36m└─[0m [36mjqwik (JUnit Platform)[0m [32m✔[0m
[36m   └─[0m [36mHelpFormatter AutoPbtTest[0m [32m✔[0m
[36m      ├─[0m [34mm022 setLeftPadding[0m [32m✔[0m
[36m      ├─[0m [34mm017 renderOptions[0m [32m✔[0m
[36m      ├─[0m [34mm021 setDescPadding[0m [32m✔[0m
[36m      ├─[0m [34mm008 getOptionComparator[0m [32m✔[0m
[36m      ├─[0m [34mm012 printHelp[0m [32m✔[0m
[36m      ├─[0m [34mm005 getLongOptPrefix[0m [32m✔[0m
[36m      ├─[0m [34mm010 getWidth[0m [32m✔[0m
[36m      ├─[0m [34mm007 getOptPrefix[0m [32m✔[0m
[36m      ├─[0m [34mm009 getSyntaxPrefix[0m [32m✔[0m
[36m      ├─[0m [34mm014 printHelp[0m [32m✔[0m
[36m      ├─[0m [34mm028 setWidth[0m [32m✔[0m
[36m      ├─[0m [34mm006 getNewLine[0m [32m✔[0m
[36m      ├─[0m [34mm027 setSyntaxPrefix[0m [32m✔[0m
[36m      ├─[0m [34mm016 printHelp[0m [32m✔[0m
[36m      ├─[0m [34mm018 renderWrappedText[0m [32m✔[0m
[36m      ├─[0m [34mm025 setOptPrefix[0m [32m✔[0m
[36m      ├─[0m [34mm011 printHelp[0m [32m✔[0m
[36m      ├─[0m [34mm004 getLeftPadding[0m [32m✔[0m
[36m      ├─[0m [34mm000 createPadding[0m [32m✔[0m
[36m      ├─[0m [34mm024 setNewLine[0m [32m✔[0m
[36m      ├─[0m [34mm019 rtrim[0m [32m✔[0m
[36m      ├─[0m [34mm002 getArgName[0m [32m✔[0m
[36m      ├─[0m [34mm003 getDescPadding[0m [32m✔[0m
[36m      ├─[0m [34mm013 printHelp[0m [32m✔[0m
[36m      ├─[0m [34mm026 setOptionComparator[0m [32m✔[0m
[36m      ├─[0m [34mm001 findWrapPos[0m [32m✔[0m
[36m      ├─[0m [34mm023 setLongOptPrefix[0m [32m✔[0m
[36m      ├─[0m [34mm020 setArgName[0m [32m✔[0m
[36m      └─[0m [34mm015 printHelp[0m [32m✔[0m

Test run finished after 31538 ms
[         2 containers found      ]
[         0 containers skipped    ]
[         2 containers started    ]
[         0 containers aborted    ]
[         2 containers successful ]
[         0 containers failed     ]
[        29 tests found           ]
[         0 tests skipped         ]
[        29 tests started         ]
[         0 tests aborted         ]
[        29 tests successful      ]
[         0 tests failed          ]


[exit=0 timeout=False time=33.4s]
