
$ defects4j checkout -p Jsoup -v 77f -w /work/Jsoup_77f
Checking out df272b77 to /work/Jsoup_77f................................... OK
Init local repository...................................................... OK
Tag post-fix revision...................................................... OK
Copy generated Ant build file.............................................. OK
Run post-checkout hook..................................................... OK
Excluding broken/flaky tests............................................... OK
Backing up build file: /work/Jsoup_77f/pom.xml............................. OK
Initialize fixed program version........................................... OK
Apply patch................................................................ OK
Initialize buggy program version........................................... OK
Diff df272b77:bf4f99c7..................................................... OK
Apply patch................................................................ OK
Tag pre-fix revision....................................................... OK
Check out program version: Jsoup-77f....................................... OK

[exit=0 timeout=False time=1.4s]

$ defects4j compile -w /work/Jsoup_77f
Running ant (compile)...................................................... OK
Running ant (compile.tests)................................................ OK

[exit=0 timeout=False time=5.3s]

$ defects4j checkout -p Jsoup -v 77b -w /work/Jsoup_77b
Checking out df272b77 to /work/Jsoup_77b................................... OK
Init local repository...................................................... OK
Tag post-fix revision...................................................... OK
Copy generated Ant build file.............................................. OK
Run post-checkout hook..................................................... OK
Excluding broken/flaky tests............................................... OK
Backing up build file: /work/Jsoup_77b/pom.xml............................. OK
Initialize fixed program version........................................... OK
Apply patch................................................................ OK
Initialize buggy program version........................................... OK
Diff df272b77:bf4f99c7..................................................... OK
Apply patch................................................................ OK
Tag pre-fix revision....................................................... OK
Check out program version: Jsoup-77b....................................... OK

[exit=0 timeout=False time=1.4s]

$ defects4j compile -w /work/Jsoup_77b
Running ant (compile)...................................................... OK
Running ant (compile.tests)................................................ OK

[exit=0 timeout=False time=5.2s]

$ java -Djava.awt.headless=true -cp /opt/defects4j/framework/projects/lib/junit-4.12-hamcrest-1.3.jar:/opt/evosuite/evosuite-1.2.0.jar:/work/Jsoup_77f/target/classes:/opt/defects4j/framework/projects/Jsoup/lib/com/google/code/gson/gson/2.7/gson-2.7.jar:/opt/defects4j/framework/projects/Jsoup/lib/org/eclipse/jetty/jetty-server/9.2.22.v20170606/jetty-server-9.2.22.v20170606.jar:/opt/defects4j/framework/projects/Jsoup/lib/javax/servlet/javax.servlet-api/3.1.0/javax.servlet-api-3.1.0.jar:/opt/defects4j/framework/projects/Jsoup/lib/org/eclipse/jetty/jetty-http/9.2.22.v20170606/jetty-http-9.2.22.v20170606.jar:/opt/defects4j/framework/projects/Jsoup/lib/org/eclipse/jetty/jetty-util/9.2.22.v20170606/jetty-util-9.2.22.v20170606.jar:/opt/defects4j/framework/projects/Jsoup/lib/org/eclipse/jetty/jetty-io/9.2.22.v20170606/jetty-io-9.2.22.v20170606.jar:/opt/defects4j/framework/projects/Jsoup/lib/org/eclipse/jetty/jetty-servlet/9.2.22.v20170606/jetty-servlet-9.2.22.v20170606.jar:/opt/defects4j/framework/projects/Jsoup/lib/org/eclipse/jetty/jetty-security/9.2.22.v20170606/jetty-security-9.2.22.v20170606.jar:/work/Jsoup_77f/target/test-classes:/opt/defects4j/framework/projects/Jsoup/lib/commons-lang/commons-lang/2.4/commons-lang-2.4.jar:/opt/defects4j/framework/projects/Jsoup/lib/org/eclipse/jetty/jetty-http/9.2.26.v20180806/jetty-http-9.2.26.v20180806.jar:/opt/defects4j/framework/projects/Jsoup/lib/org/eclipse/jetty/jetty-http/9.2.28.v20190418/jetty-http-9.2.28.v20190418.jar:/opt/defects4j/framework/projects/Jsoup/lib/org/eclipse/jetty/jetty-io/9.2.26.v20180806/jetty-io-9.2.26.v20180806.jar:/opt/defects4j/framework/projects/Jsoup/lib/org/eclipse/jetty/jetty-io/9.2.28.v20190418/jetty-io-9.2.28.v20190418.jar:/opt/defects4j/framework/projects/Jsoup/lib/org/eclipse/jetty/jetty-security/9.2.26.v20180806/jetty-security-9.2.26.v20180806.jar:/opt/defects4j/framework/projects/Jsoup/lib/org/eclipse/jetty/jetty-security/9.2.28.v20190418/jetty-security-9.2.28.v20190418.jar:/opt/defects4j/framework/projects/Jsoup/lib/org/eclipse/jetty/jetty-server/9.2.26.v20180806/jetty-server-9.2.26.v20180806.jar:/opt/defects4j/framework/projects/Jsoup/lib/org/eclipse/jetty/jetty-server/9.2.28.v20190418/jetty-server-9.2.28.v20190418.jar:/opt/defects4j/framework/projects/Jsoup/lib/org/eclipse/jetty/jetty-servlet/9.2.26.v20180806/jetty-servlet-9.2.26.v20180806.jar:/opt/defects4j/framework/projects/Jsoup/lib/org/eclipse/jetty/jetty-servlet/9.2.28.v20190418/jetty-servlet-9.2.28.v20190418.jar:/opt/defects4j/framework/projects/Jsoup/lib/org/eclipse/jetty/jetty-util/9.2.26.v20180806/jetty-util-9.2.26.v20180806.jar:/opt/defects4j/framework/projects/Jsoup/lib/org/eclipse/jetty/jetty-util/9.2.28.v20190418/jetty-util-9.2.28.v20190418.jar org.evosuite.EvoSuite -generateSuite -class org.jsoup.parser.XmlTreeBuilder -projectCP /opt/defects4j/framework/projects/lib/junit-4.12-hamcrest-1.3.jar:/work/Jsoup_77f/target/classes:/opt/defects4j/framework/projects/Jsoup/lib/com/google/code/gson/gson/2.7/gson-2.7.jar:/opt/defects4j/framework/projects/Jsoup/lib/org/eclipse/jetty/jetty-server/9.2.22.v20170606/jetty-server-9.2.22.v20170606.jar:/opt/defects4j/framework/projects/Jsoup/lib/javax/servlet/javax.servlet-api/3.1.0/javax.servlet-api-3.1.0.jar:/opt/defects4j/framework/projects/Jsoup/lib/org/eclipse/jetty/jetty-http/9.2.22.v20170606/jetty-http-9.2.22.v20170606.jar:/opt/defects4j/framework/projects/Jsoup/lib/org/eclipse/jetty/jetty-util/9.2.22.v20170606/jetty-util-9.2.22.v20170606.jar:/opt/defects4j/framework/projects/Jsoup/lib/org/eclipse/jetty/jetty-io/9.2.22.v20170606/jetty-io-9.2.22.v20170606.jar:/opt/defects4j/framework/projects/Jsoup/lib/org/eclipse/jetty/jetty-servlet/9.2.22.v20170606/jetty-servlet-9.2.22.v20170606.jar:/opt/defects4j/framework/projects/Jsoup/lib/org/eclipse/jetty/jetty-security/9.2.22.v20170606/jetty-security-9.2.22.v20170606.jar:/work/Jsoup_77f/target/test-classes:/opt/defects4j/framework/projects/Jsoup/lib/commons-lang/commons-lang/2.4/commons-lang-2.4.jar:/opt/defects4j/framework/projects/Jsoup/lib/org/eclipse/jetty/jetty-http/9.2.26.v20180806/jetty-http-9.2.26.v20180806.jar:/opt/defects4j/framework/projects/Jsoup/lib/org/eclipse/jetty/jetty-http/9.2.28.v20190418/jetty-http-9.2.28.v20190418.jar:/opt/defects4j/framework/projects/Jsoup/lib/org/eclipse/jetty/jetty-io/9.2.26.v20180806/jetty-io-9.2.26.v20180806.jar:/opt/defects4j/framework/projects/Jsoup/lib/org/eclipse/jetty/jetty-io/9.2.28.v20190418/jetty-io-9.2.28.v20190418.jar:/opt/defects4j/framework/projects/Jsoup/lib/org/eclipse/jetty/jetty-security/9.2.26.v20180806/jetty-security-9.2.26.v20180806.jar:/opt/defects4j/framework/projects/Jsoup/lib/org/eclipse/jetty/jetty-security/9.2.28.v20190418/jetty-security-9.2.28.v20190418.jar:/opt/defects4j/framework/projects/Jsoup/lib/org/eclipse/jetty/jetty-server/9.2.26.v20180806/jetty-server-9.2.26.v20180806.jar:/opt/defects4j/framework/projects/Jsoup/lib/org/eclipse/jetty/jetty-server/9.2.28.v20190418/jetty-server-9.2.28.v20190418.jar:/opt/defects4j/framework/projects/Jsoup/lib/org/eclipse/jetty/jetty-servlet/9.2.26.v20180806/jetty-servlet-9.2.26.v20180806.jar:/opt/defects4j/framework/projects/Jsoup/lib/org/eclipse/jetty/jetty-servlet/9.2.28.v20190418/jetty-servlet-9.2.28.v20190418.jar:/opt/defects4j/framework/projects/Jsoup/lib/org/eclipse/jetty/jetty-util/9.2.26.v20180806/jetty-util-9.2.26.v20180806.jar:/opt/defects4j/framework/projects/Jsoup/lib/org/eclipse/jetty/jetty-util/9.2.28.v20190418/jetty-util-9.2.28.v20190418.jar -Dcriterion=LINE:BRANCH:EXCEPTION -Dsearch_budget=60 -seed 1 -Dtest_dir=/work/evo_out/Jsoup_77f/budget60_seed1/tests -Dreport_dir=/work/evo_out/Jsoup_77f/budget60_seed1/report
* EvoSuite 1.2.0
* Going to generate test cases for class: org.jsoup.parser.XmlTreeBuilder
* Starting Client-0
* Connecting to master process on port 9922
* Analyzing classpath: 
  - /opt/defects4j/framework/projects/lib/junit-4.12-hamcrest-1.3.jar
  - /work/Jsoup_77f/target/classes
  - /opt/defects4j/framework/projects/Jsoup/lib/com/google/code/gson/gson/2.7/gson-2.7.jar
  - /opt/defects4j/framework/projects/Jsoup/lib/org/eclipse/jetty/jetty-server/9.2.22.v20170606/jetty-server-9.2.22.v20170606.jar
  - /opt/defects4j/framework/projects/Jsoup/lib/javax/servlet/javax.servlet-api/3.1.0/javax.servlet-api-3.1.0.jar
  - /opt/defects4j/framework/projects/Jsoup/lib/org/eclipse/jetty/jetty-http/9.2.22.v20170606/jetty-http-9.2.22.v20170606.jar
  - /opt/defects4j/framework/projects/Jsoup/lib/org/eclipse/jetty/jetty-util/9.2.22.v20170606/jetty-util-9.2.22.v20170606.jar
  - /opt/defects4j/framework/projects/Jsoup/lib/org/eclipse/jetty/jetty-io/9.2.22.v20170606/jetty-io-9.2.22.v20170606.jar
  - /opt/defects4j/framework/projects/Jsoup/lib/org/eclipse/jetty/jetty-servlet/9.2.22.v20170606/jetty-servlet-9.2.22.v20170606.jar
  - /opt/defects4j/framework/projects/Jsoup/lib/org/eclipse/jetty/jetty-security/9.2.22.v20170606/jetty-security-9.2.22.v20170606.jar
  - /work/Jsoup_77f/target/test-classes
  - /opt/defects4j/framework/projects/Jsoup/lib/commons-lang/commons-lang/2.4/commons-lang-2.4.jar
  - /opt/defects4j/framework/projects/Jsoup/lib/org/eclipse/jetty/jetty-http/9.2.26.v20180806/jetty-http-9.2.26.v20180806.jar
  - /opt/defects4j/framework/projects/Jsoup/lib/org/eclipse/jetty/jetty-http/9.2.28.v20190418/jetty-http-9.2.28.v20190418.jar
  - /opt/defects4j/framework/projects/Jsoup/lib/org/eclipse/jetty/jetty-io/9.2.26.v20180806/jetty-io-9.2.26.v20180806.jar
  - /opt/defects4j/framework/projects/Jsoup/lib/org/eclipse/jetty/jetty-io/9.2.28.v20190418/jetty-io-9.2.28.v20190418.jar
  - /opt/defects4j/framework/projects/Jsoup/lib/org/eclipse/jetty/jetty-security/9.2.26.v20180806/jetty-security-9.2.26.v20180806.jar
  - /opt/defects4j/framework/projects/Jsoup/lib/org/eclipse/jetty/jetty-security/9.2.28.v20190418/jetty-security-9.2.28.v20190418.jar
  - /opt/defects4j/framework/projects/Jsoup/lib/org/eclipse/jetty/jetty-server/9.2.26.v20180806/jetty-server-9.2.26.v20180806.jar
  - /opt/defects4j/framework/projects/Jsoup/lib/org/eclipse/jetty/jetty-server/9.2.28.v20190418/jetty-server-9.2.28.v20190418.jar
  - /opt/defects4j/framework/projects/Jsoup/lib/org/eclipse/jetty/jetty-servlet/9.2.26.v20180806/jetty-servlet-9.2.26.v20180806.jar
  - /opt/defects4j/framework/projects/Jsoup/lib/org/eclipse/jetty/jetty-servlet/9.2.28.v20190418/jetty-servlet-9.2.28.v20190418.jar
  - /opt/defects4j/framework/projects/Jsoup/lib/org/eclipse/jetty/jetty-util/9.2.26.v20180806/jetty-util-9.2.26.v20180806.jar
  - /opt/defects4j/framework/projects/Jsoup/lib/org/eclipse/jetty/jetty-util/9.2.28.v20190418/jetty-util-9.2.28.v20190418.jar
[MASTER] 00:26:55.297 [logback-1] WARN  InheritanceTree - Class not in inheritance graph: java.util.Locale$IsoCountryCode
* Finished analyzing classpath
* Generating tests for class org.jsoup.parser.XmlTreeBuilder
* Test criteria:
  - Line Coverage
  - Branch Coverage
  - Exception
* Setting up search algorithm for whole suite generation
* Total number of test goals: 
  - Line 68
  - Branch 46

[Progress:>                             0%] [Cov:>                                  0%]  - Exception 0
* Using seed 1
* Starting evolution

[Progress:>                             0%] [Cov:=>                                 4%]
[Progress:>                             0%] [Cov:=====>                             15%]
[Progress:>                             0%] [Cov:=================>                 49%]
[Progress:>                             1%] [Cov:=>                                 4%]
[Progress:>                             1%] [Cov:====>                              12%]
[Progress:>                             1%] [Cov:================>                  46%]
[Progress:>                             1%] [Cov:=====================>             61%]
[Progress:>                             3%] [Cov:===>                               10%]
[Progress:>                             3%] [Cov:=======>                           22%]
[Progress:>                             3%] [Cov:===================>               55%]
[Progress:>                             3%] [Cov:====================>              58%][MASTER] 00:26:57.749 [logback-1] WARN  TestCluster - Failed to check cache for java.util.Comparator<T> : Type points to itself

[Progress:>                             3%] [Cov:=====================>             60%]
[Progress:>                             3%] [Cov:======================>            63%]
[Progress:>                             3%] [Cov:======================>            64%]
[Progress:>                             3%] [Cov:=====================>             61%]
[Progress:>                             3%] [Cov:======================>            64%]
[Progress:=>                            5%] [Cov:=====================>             60%]
[Progress:=>                            5%] [Cov:==========================>        77%]
[Progress:=>                            5%] [Cov:===========================>       78%]
[Progress:=>                            5%] [Cov:===========================>       78%]
[Progress:=>                            5%] [Cov:===========================>       78%]
[Progress:=>                            5%] [Cov:===========================>       78%]
[Progress:=>                            5%] [Cov:===========================>       78%]
[Progress:=>                            6%] [Cov:===========================>       78%]
[Progress:=>                            6%] [Cov:===========================>       78%]
[Progress:=>                            6%] [Cov:===========================>       78%]
[Progress:=>                            6%] [Cov:===========================>       78%]
[Progress:=>                            6%] [Cov:============================>      80%]
[Progress:=>                            6%] [Cov:============================>      81%]
[Progress:=>                            6%] [Cov:============================>      81%]
[Progress:=>                            6%] [Cov:============================>      81%]
[Progress:=>                            6%] [Cov:============================>      81%]
[Progress:=>                            6%] [Cov:============================>      81%]
[Progress:==>                           8%] [Cov:============================>      81%]
[Progress:==>                           8%] [Cov:============================>      81%]
[Progress:==>                           8%] [Cov:============================>      81%]
[Progress:==>                           8%] [Cov:============================>      81%]
[Progress:==>                           8%] [Cov:============================>      81%]
[Progress:====>                         16%] [Cov:============================>      81%]
[Progress:====>                         16%] [Cov:============================>      81%]
[Progress:====>                         16%] [Cov:============================>      81%]
[Progress:====>                         16%] [Cov:============================>      81%]
[Progress:====>                         16%] [Cov:============================>      81%]
[Progress:=====>                        18%] [Cov:============================>      81%]
[Progress:=====>                        18%] [Cov:============================>      81%]
[Progress:=====>                        18%] [Cov:============================>      81%]
[Progress:=====>                        18%] [Cov:============================>      81%]
[Progress:=====>                        18%] [Cov:============================>      81%]
[Progress:=======>                      26%] [Cov:============================>      81%]
[Progress:=======>                      26%] [Cov:============================>      81%]
[Progress:=======>                      26%] [Cov:============================>      81%]
[Progress:=======>                      26%] [Cov:============================>      81%]
[Progress:=======>                      26%] [Cov:============================>      81%]
[Progress:=======>                      26%] [Cov:============================>      81%]
[Progress:========>                     28%] [Cov:============================>      81%]
[Progress:========>                     28%] [Cov:============================>      81%]
[Progress:========>                     28%] [Cov:============================>      81%]
[Progress:========>                     28%] [Cov:============================>      81%]
[Progress:========>                     28%] [Cov:============================>      81%]
[Progress:========>                     28%] [Cov:============================>      81%]
[Progress:========>                     28%] [Cov:============================>      81%]
[Progress:========>                     28%] [Cov:============================>      81%]
[Progress:========>                     28%] [Cov:============================>      81%]
[Progress:========>                     28%] [Cov:============================>      81%]
[Progress:=========>                    30%] [Cov:============================>      81%]
[Progress:=========>                    30%] [Cov:============================>      81%]
[Progress:=========>                    30%] [Cov:============================>      81%]
[Progress:=========>                    30%] [Cov:============================>      81%]
[Progress:=========>                    30%] [Cov:============================>      81%]
[Progress:=========>                    30%] [Cov:============================>      81%]
[Progress:=========>                    30%] [Cov:============================>      81%]
[Progress:=========>                    30%] [Cov:============================>      81%]
[Progress:=========>                    30%] [Cov:============================>      81%]
[Progress:=========>                    30%] [Cov:============================>      81%]
[Progress:=========>                    30%] [Cov:============================>      81%]
[Progress:=========>                    30%] [Cov:============================>      81%]
[Progress:=========>                    30%] [Cov:============================>      81%]
[Progress:=========>                    31%] [Cov:============================>      81%]
[Progress:=========>                    31%] [Cov:============================>      81%]
[Progress:=========>                    31%] [Cov:============================>      81%]
[Progress:=========>                    31%] [Cov:============================>      81%]
[Progress:=========>                    31%] [Cov:============================>      81%]
[Progress:=========>                    31%] [Cov:============================>      81%]
[Progress:=========>                    31%] [Cov:============================>      81%]
[Progress:=========>                    31%] [Cov:============================>      81%]
[Progress:=========>                    31%] [Cov:============================>      81%]
[Progress:=========>                    31%] [Cov:============================>      81%]
[Progress:=========>                    31%] [Cov:============================>      81%]
[Progress:=========>                    31%] [Cov:============================>      81%]
[Progress:=========>                    31%] [Cov:============================>      81%]
[Progress:=========>                    33%] [Cov:============================>      81%]
[Progress:=========>                    33%] [Cov:============================>      81%]
[Progress:=========>                    33%] [Cov:============================>      81%]
[Progress:=========>                    33%] [Cov:============================>      81%]
[Progress:=========>                    33%] [Cov:============================>      81%]
[Progress:=========>                    33%] [Cov:============================>      81%]
[Progress:=========>                    33%] [Cov:============================>      81%]
[Progress:=========>                    33%] [Cov:============================>      81%]
[Progress:=========>                    33%] [Cov:============================>      81%]
[Progress:=========>                    33%] [Cov:============================>      81%]
[Progress:=========>                    33%] [Cov:============================>      81%]
[Progress:=========>                    33%] [Cov:============================>      81%]
[Progress:=========>                    33%] [Cov:============================>      81%]
[Progress:==========>                   35%] [Cov:============================>      81%]
[Progress:==========>                   35%] [Cov:============================>      81%]
[Progress:==========>                   35%] [Cov:============================>      81%]
[Progress:==========>                   35%] [Cov:============================>      81%]
[Progress:==========>                   35%] [Cov:============================>      81%]
[Progress:==========>                   35%] [Cov:============================>      81%]
[Progress:==========>                   35%] [Cov:============================>      81%]
[Progress:==========>                   35%] [Cov:============================>      81%]
[Progress:==========>                   35%] [Cov:============================>      81%]
[Progress:==========>                   35%] [Cov:============================>      81%]
[Progress:==========>                   35%] [Cov:============================>      81%]
[Progress:==========>                   35%] [Cov:============================>      81%]
[Progress:==========>                   36%] [Cov:============================>      81%]
[Progress:==========>                   36%] [Cov:============================>      81%]
[Progress:==========>                   36%] [Cov:============================>      81%]
[Progress:==========>                   36%] [Cov:============================>      81%]
[Progress:==========>                   36%] [Cov:============================>      81%]
[Progress:==========>                   36%] [Cov:============================>      81%]
[Progress:==========>                   36%] [Cov:============================>      81%]
[Progress:==========>                   36%] [Cov:============================>      81%]
[Progress:==========>                   36%] [Cov:============================>      81%]
[Progress:==========>                   36%] [Cov:============================>      81%]
[Progress:==========>                   36%] [Cov:============================>      81%]
[Progress:==========>                   36%] [Cov:============================>      81%]
[Progress:==========>                   36%] [Cov:============================>      81%]
[Progress:==========>                   36%] [Cov:============================>      81%]
[Progress:===========>                  38%] [Cov:============================>      81%]
[Progress:===========>                  38%] [Cov:============================>      81%]
[Progress:===========>                  38%] [Cov:============================>      81%]
[Progress:===========>                  38%] [Cov:============================>      81%]
[Progress:===========>                  38%] [Cov:============================>      81%]
[Progress:===========>                  38%] [Cov:============================>      81%]
[Progress:===========>                  38%] [Cov:============================>      81%]
[Progress:===========>                  38%] [Cov:============================>      81%]
[Progress:===========>                  38%] [Cov:============================>      81%]
[Progress:===========>                  38%] [Cov:============================>      81%]
[Progress:===========>                  38%] [Cov:============================>      81%]
[Progress:===========>                  38%] [Cov:============================>      81%]
[Progress:===========>                  38%] [Cov:============================>      81%]
[Progress:===========>                  38%] [Cov:============================>      81%]
[Progress:===========>                  38%] [Cov:============================>      81%]
[Progress:============>                 40%] [Cov:============================>      81%]
[Progress:============>                 40%] [Cov:============================>      81%]
[Progress:============>                 40%] [Cov:============================>      81%]
[Progress:============>                 40%] [Cov:============================>      81%]
[Progress:============>                 40%] [Cov:============================>      81%]
[Progress:============>                 40%] [Cov:============================>      81%]
[Progress:============>                 40%] [Cov:============================>      81%]
[Progress:============>                 40%] [Cov:============================>      81%]
[Progress:============>                 40%] [Cov:============================>      81%]
[Progress:============>                 40%] [Cov:============================>      81%]
[Progress:============>                 40%] [Cov:============================>      81%]
[Progress:============>                 40%] [Cov:============================>      81%]
[Progress:============>                 40%] [Cov:============================>      81%]
[Progress:============>                 40%] [Cov:============================>      81%]
[Progress:============>                 40%] [Cov:============================>      81%]
[Progress:============>                 40%] [Cov:============================>      81%]
[Progress:============>                 41%] [Cov:============================>      81%]
[Progress:============>                 41%] [Cov:============================>      81%]
[Progress:============>                 41%] [Cov:============================>      81%]
[Progress:============>                 41%] [Cov:============================>      81%]
[Progress:============>                 41%] [Cov:============================>      81%]
[Progress:============>                 41%] [Cov:============================>      81%]
[Progress:============>                 41%] [Cov:============================>      81%]
[Progress:============>                 41%] [Cov:============================>      81%]
[Progress:============>                 41%] [Cov:============================>      81%]
[Progress:============>                 41%] [Cov:============================>      81%]
[Progress:============>                 41%] [Cov:============================>      81%]
[Progress:============>                 41%] [Cov:============================>      81%]
[Progress:============>                 41%] [Cov:============================>      81%]
[Progress:============>                 41%] [Cov:============================>      81%]
[Progress:============>                 41%] [Cov:============================>      81%]
[Progress:============>                 41%] [Cov:============================>      81%]
[Progress:============>                 43%] [Cov:============================>      81%]
[Progress:============>                 43%] [Cov:============================>      81%]
[Progress:============>                 43%] [Cov:============================>      81%]
[Progress:============>                 43%] [Cov:============================>      81%]
[Progress:============>                 43%] [Cov:============================>      81%]
[Progress:============>                 43%] [Cov:============================>      81%]
[Progress:============>                 43%] [Cov:============================>      81%]
[Progress:============>                 43%] [Cov:============================>      81%]
[Progress:============>                 43%] [Cov:============================>      81%]
[Progress:============>                 43%] [Cov:============================>      81%]
[Progress:============>                 43%] [Cov:============================>      81%]
[Progress:============>                 43%] [Cov:============================>      81%]
[Progress:============>                 43%] [Cov:============================>      81%]
[Progress:============>                 43%] [Cov:============================>      81%]
[Progress:============>                 43%] [Cov:============================>      81%]
[Progress:============>                 43%] [Cov:============================>      81%]
[Progress:=============>                45%] [Cov:============================>      81%]
[Progress:=============>                45%] [Cov:============================>      81%]
[Progress:=============>                45%] [Cov:============================>      81%]
[Progress:=============>                45%] [Cov:============================>      81%]
[Progress:=============>                45%] [Cov:============================>      81%]
[Progress:=============>                45%] [Cov:============================>      81%]
[Progress:=============>                45%] [Cov:============================>      81%]
[Progress:=============>                45%] [Cov:============================>      81%]
[Progress:=============>                45%] [Cov:============================>      81%]
[Progress:=============>                45%] [Cov:============================>      81%]
[Progress:=============>                45%] [Cov:============================>      81%]
[Progress:=============>                45%] [Cov:============================>      81%]
[Progress:=============>                45%] [Cov:============================>      81%]
[Progress:=============>                45%] [Cov:============================>      81%]
[Progress:=============>                45%] [Cov:============================>      81%]
[Progress:=============>                45%] [Cov:============================>      81%]
[Progress:=============>                45%] [Cov:============================>      81%]
[Progress:=============>                45%] [Cov:============================>      81%]
[Progress:=============>                46%] [Cov:============================>      81%]
[Progress:=============>                46%] [Cov:============================>      81%]
[Progress:=============>                46%] [Cov:============================>      81%]
[Progress:=============>                46%] [Cov:============================>      81%]
[Progress:=============>                46%] [Cov:============================>      81%]
[Progress:=============>                46%] [Cov:============================>      81%]
[Progress:=============>                46%] [Cov:============================>      81%]
[Progress:=============>                46%] [Cov:============================>      81%]
[Progress:=============>                46%] [Cov:============================>      81%]
[Progress:=============>                46%] [Cov:============================>      81%]
[Progress:=============>                46%] [Cov:============================>      81%]
[Progress:=============>                46%] [Cov:============================>      81%]
[Progress:=============>                46%] [Cov:============================>      81%]
[Progress:=============>                46%] [Cov:============================>      81%]
[Progress:=============>                46%] [Cov:============================>      81%]
[Progress:=============>                46%] [Cov:============================>      81%]
[Progress:=============>                46%] [Cov:============================>      81%]
[Progress:==============>               48%] [Cov:============================>      81%]
[Progress:==============>               48%] [Cov:============================>      81%]
[Progress:==============>               48%] [Cov:============================>      81%]
[Progress:==============>               48%] [Cov:============================>      81%]
[Progress:==============>               48%] [Cov:============================>      81%]
[Progress:==============>               48%] [Cov:============================>      81%]
[Progress:==============>               48%] [Cov:============================>      81%]
[Progress:==============>               48%] [Cov:============================>      81%]
[Progress:==============>               48%] [Cov:============================>      81%]
[Progress:==============>               48%] [Cov:============================>      81%]
[Progress:==============>               48%] [Cov:============================>      81%]
[Progress:==============>               48%] [Cov:============================>      81%]
[Progress:==============>               48%] [Cov:============================>      81%]
[Progress:==============>               48%] [Cov:============================>      81%]
[Progress:==============>               48%] [Cov:============================>      81%]
[Progress:==============>               48%] [Cov:============================>      81%]
[Progress:==============>               48%] [Cov:============================>      81%]
[Progress:==============>               48%] [Cov:============================>      81%]
[Progress:==============>               48%] [Cov:============================>      81%]
[Progress:==============>               48%] [Cov:============================>      81%]
[Progress:===============>              50%] [Cov:============================>      81%]
[Progress:===============>              50%] [Cov:============================>      81%]
[Progress:===============>              50%] [Cov:============================>      81%]
[Progress:===============>              50%] [Cov:============================>      81%]
[Progress:===============>              50%] [Cov:============================>      81%]
[Progress:===============>              50%] [Cov:============================>      81%]
[Progress:===============>              50%] [Cov:============================>      81%]
[Progress:===============>              50%] [Cov:============================>      81%]
[Progress:===============>              50%] [Cov:============================>      81%]
[Progress:===============>              50%] [Cov:============================>      81%]
[Progress:===============>              50%] [Cov:============================>      81%]
[Progress:===============>              50%] [Cov:============================>      81%]
[Progress:===============>              50%] [Cov:============================>      81%]
[Progress:===============>              50%] [Cov:============================>      81%]
[Progress:===============>              50%] [Cov:============================>      81%]
[Progress:===============>              50%] [Cov:============================>      81%]
[Progress:===============>              50%] [Cov:============================>      81%]
[Progress:===============>              50%] [Cov:============================>      81%]
[Progress:===============>              50%] [Cov:============================>      81%]
[Progress:===============>              50%] [Cov:============================>      81%]
[Progress:===============>              51%] [Cov:============================>      81%]
[Progress:===============>              51%] [Cov:============================>      81%]
[Progress:==================>           60%] [Cov:============================>      81%]
[Progress:==================>           60%] [Cov:============================>      81%]
[Progress:==================>           60%] [Cov:============================>      81%]
[Progress:==================>           60%] [Cov:============================>      81%]
[Progress:==================>           60%] [Cov:============================>      81%]
[Progress:==================>           60%] [Cov:============================>      81%]
[Progress:==================>           60%] [Cov:============================>      81%]
[Progress:==================>           60%] [Cov:============================>      81%]
[Progress:==================>           60%] [Cov:============================>      81%]
[Progress:==================>           60%] [Cov:============================>      81%]
[Progress:==================>           60%] [Cov:============================>      81%]
[Progress:==================>           60%] [Cov:============================>      81%]
[Progress:==================>           60%] [Cov:============================>      81%]
[Progress:==================>           60%] [Cov:=============================>     85%]
[Progress:==================>           60%] [Cov:===============================>   89%]
[Progress:==================>           60%] [Cov:===============================>   89%]
[Progress:==================>           60%] [Cov:===============================>   89%]
[Progress:==================>           60%] [Cov:===============================>   89%]
[Progress:==================>           60%] [Cov:===============================>   89%]
[Progress:==================>           60%] [Cov:===============================>   89%]
[Progress:==================>           61%] [Cov:===============================>   89%]
[Progress:==================>           61%] [Cov:===============================>   89%]
[Progress:==================>           61%] [Cov:===============================>   89%]
[Progress:==================>           61%] [Cov:===============================>   89%]
[Progress:==================>           61%] [Cov:===============================>   89%]
[Progress:==================>           61%] [Cov:===============================>   89%]
[Progress:==================>           61%] [Cov:===============================>   89%]
[Progress:==================>           61%] [Cov:===============================>   89%]
[Progress:==================>           61%] [Cov:===============================>   89%]
[Progress:==================>           61%] [Cov:===============================>   89%]
[Progress:==================>           61%] [Cov:===============================>   89%]
[Progress:==================>           61%] [Cov:===============================>   89%]
[Progress:==================>           61%] [Cov:===============================>   89%]
[Progress:==================>           61%] [Cov:===============================>   89%]
[Progress:==================>           61%] [Cov:===============================>   89%]
[Progress:==================>           61%] [Cov:===============================>   89%]
[Progress:==================>           61%] [Cov:===============================>   89%]
[Progress:==================>           61%] [Cov:===============================>   89%]
[Progress:==================>           61%] [Cov:===============================>   89%]
[Progress:==================>           61%] [Cov:===============================>   89%]
[Progress:==================>           63%] [Cov:===============================>   89%]
[Progress:==================>           63%] [Cov:===============================>   89%]
[Progress:==================>           63%] [Cov:===============================>   89%]
[Progress:==================>           63%] [Cov:===============================>   89%]
[Progress:==================>           63%] [Cov:===============================>   89%]
[Progress:==================>           63%] [Cov:===============================>   89%]
[Progress:==================>           63%] [Cov:===============================>   89%]
[Progress:==================>           63%] [Cov:===============================>   89%]
[Progress:==================>           63%] [Cov:===============================>   89%]
[Progress:==================>           63%] [Cov:===============================>   89%]
[Progress:==================>           63%] [Cov:===============================>   89%]
[Progress:==================>           63%] [Cov:===============================>   89%]
[Progress:==================>           63%] [Cov:===============================>   89%]
[Progress:==================>           63%] [Cov:===============================>   89%]
[Progress:==================>           63%] [Cov:===============================>   89%]
[Progress:==================>           63%] [Cov:===============================>   89%]
[Progress:==================>           63%] [Cov:===============================>   89%]
[Progress:==================>           63%] [Cov:===============================>   89%]
[Progress:===================>          65%] [Cov:===============================>   89%]
[Progress:===================>          65%] [Cov:===============================>   89%]
[Progress:===================>          65%] [Cov:===============================>   89%]
[Progress:===================>          65%] [Cov:===============================>   89%]
[Progress:===================>          65%] [Cov:===============================>   89%]
[Progress:===================>          65%] [Cov:===============================>   89%]
[Progress:===================>          65%] [Cov:===============================>   89%]
[Progress:===================>          65%] [Cov:===============================>   89%]
[Progress:===================>          65%] [Cov:===============================>   89%]
[Progress:===================>          65%] [Cov:===============================>   89%]
[Progress:===================>          65%] [Cov:===============================>   89%]
[Progress:===================>          65%] [Cov:===============================>   89%]
[Progress:===================>          65%] [Cov:===============================>   89%]
[Progress:===================>          65%] [Cov:===============================>   89%]
[Progress:===================>          65%] [Cov:===============================>   89%]
[Progress:===================>          65%] [Cov:===============================>   89%]
[Progress:===================>          65%] [Cov:===============================>   89%]
[Progress:===================>          65%] [Cov:===============================>   89%]
[Progress:===================>          65%] [Cov:===============================>   89%]
[Progress:===================>          65%] [Cov:===============================>   89%]
[Progress:===================>          66%] [Cov:===============================>   89%]
[Progress:===================>          66%] [Cov:===============================>   89%]
[Progress:===================>          66%] [Cov:===============================>   89%]
[Progress:===================>          66%] [Cov:===============================>   89%]
[Progress:===================>          66%] [Cov:===============================>   89%]
[Progress:===================>          66%] [Cov:===============================>   89%]
[Progress:===================>          66%] [Cov:===============================>   89%]
[Progress:===================>          66%] [Cov:===============================>   89%]
[Progress:===================>          66%] [Cov:===============================>   89%]
[Progress:===================>          66%] [Cov:===============================>   89%]
[Progress:===================>          66%] [Cov:===============================>   89%]
[Progress:===================>          66%] [Cov:===============================>   89%]
[Progress:===================>          66%] [Cov:===============================>   89%]
[Progress:===================>          66%] [Cov:===============================>   89%]
[Progress:===================>          66%] [Cov:===============================>   89%]
[Progress:===================>          66%] [Cov:===============================>   89%]
[Progress:===================>          66%] [Cov:===============================>   89%]
[Progress:===================>          66%] [Cov:===============================>   89%]
[Progress:===================>          66%] [Cov:===============================>   89%]
[Progress:===================>          66%] [Cov:===============================>   89%]
[Progress:===================>          66%] [Cov:===============================>   89%]
[Progress:===================>          66%] [Cov:===============================>   89%]
[Progress:===================>          66%] [Cov:===============================>   89%]
[Progress:====================>         68%] [Cov:===============================>   89%]
[Progress:====================>         68%] [Cov:===============================>   89%]
[Progress:====================>         68%] [Cov:===============================>   89%]
[Progress:====================>         68%] [Cov:===============================>   89%]
[Progress:====================>         68%] [Cov:===============================>   89%]
[Progress:====================>         68%] [Cov:===============================>   89%]
[Progress:====================>         68%] [Cov:===============================>   89%]
[Progress:====================>         68%] [Cov:===============================>   89%]
[Progress:====================>         68%] [Cov:===============================>   89%]
[Progress:====================>         68%] [Cov:===============================>   89%]
[Progress:====================>         68%] [Cov:===============================>   89%]
[Progress:====================>         68%] [Cov:===============================>   89%]
[Progress:====================>         68%] [Cov:===============================>   89%]
[Progress:====================>         68%] [Cov:===============================>   89%]
[Progress:====================>         68%] [Cov:===============================>   89%]
[Progress:====================>         68%] [Cov:===============================>   89%]
[Progress:====================>         68%] [Cov:===============================>   89%]
[Progress:====================>         68%] [Cov:===============================>   89%]
[Progress:====================>         68%] [Cov:===============================>   89%]
[Progress:====================>         68%] [Cov:===============================>   89%]
[Progress:====================>         68%] [Cov:===============================>   89%]
[Progress:====================>         68%] [Cov:===============================>   89%]
[Progress:====================>         68%] [Cov:===============================>   89%]
[Progress:=====================>        70%] [Cov:===============================>   89%]
[Progress:=====================>        70%] [Cov:===============================>   89%]
[Progress:=====================>        70%] [Cov:===============================>   89%]
[Progress:=====================>        70%] [Cov:===============================>   89%]
[Progress:=====================>        70%] [Cov:===============================>   89%]
[Progress:=====================>        70%] [Cov:===============================>   89%]
[Progress:=====================>        70%] [Cov:===============================>   89%]
[Progress:=====================>        70%] [Cov:===============================>   89%]
[Progress:=====================>        70%] [Cov:===============================>   89%]
[Progress:=====================>        70%] [Cov:===============================>   89%]
[Progress:=====================>        70%] [Cov:===============================>   89%]
[Progress:=====================>        70%] [Cov:===============================>   89%]
[Progress:=====================>        70%] [Cov:===============================>   89%]
[Progress:=====================>        70%] [Cov:===============================>   89%]
[Progress:=====================>        70%] [Cov:===============================>   89%]
[Progress:=====================>        70%] [Cov:===============================>   89%]
[Progress:=====================>        70%] [Cov:===============================>   89%]
[Progress:=====================>        70%] [Cov:===============================>   89%]
[Progress:=====================>        70%] [Cov:===============================>   89%]
[Progress:=====================>        70%] [Cov:===============================>   89%]
[Progress:=====================>        70%] [Cov:===============================>   89%]
[Progress:=====================>        70%] [Cov:===============================>   89%]
[Progress:=====================>        70%] [Cov:===============================>   89%]
[Progress:=====================>        71%] [Cov:===============================>   89%]
[Progress:=====================>        71%] [Cov:===============================>   89%]
[Progress:=====================>        71%] [Cov:===============================>   89%]
[Progress:=====================>        71%] [Cov:===============================>   89%]
[Progress:=====================>        71%] [Cov:===============================>   89%]
[Progress:=====================>        71%] [Cov:===============================>   89%]
[Progress:=====================>        71%] [Cov:===============================>   89%]
[Progress:=====================>        71%] [Cov:===============================>   89%]
[Progress:=====================>        71%] [Cov:===============================>   89%]
[Progress:=====================>        71%] [Cov:===============================>   89%]
[Progress:=====================>        71%] [Cov:===============================>   89%]
[Progress:=====================>        71%] [Cov:===============================>   89%]
[Progress:=====================>        71%] [Cov:===============================>   89%]
[Progress:=====================>        71%] [Cov:===============================>   89%]
[Progress:=====================>        71%] [Cov:===============================>   89%]
[Progress:=====================>        71%] [Cov:===============================>   89%]
[Progress:=====================>        71%] [Cov:===============================>   89%]
[Progress:=====================>        71%] [Cov:===============================>   89%]
[Progress:=====================>        71%] [Cov:===============================>   89%]
[Progress:=====================>        71%] [Cov:===============================>   89%]
[Progress:=====================>        71%] [Cov:===============================>   89%]
[Progress:=====================>        71%] [Cov:===============================>   89%]
[Progress:=====================>        71%] [Cov:===============================>   89%]
[Progress:=====================>        73%] [Cov:===============================>   89%]
[Progress:=====================>        73%] [Cov:===============================>   89%]
[Progress:=====================>        73%] [Cov:===============================>   89%]
[Progress:=====================>        73%] [Cov:===============================>   89%]
[Progress:=====================>        73%] [Cov:===============================>   89%]
[Progress:=====================>        73%] [Cov:===============================>   89%]
[Progress:=====================>        73%] [Cov:===============================>   89%]
[Progress:=====================>        73%] [Cov:===============================>   89%]
[Progress:=====================>        73%] [Cov:===============================>   89%]
[Progress:=====================>        73%] [Cov:===============================>   89%]
[Progress:=====================>        73%] [Cov:===============================>   89%]
[Progress:=====================>        73%] [Cov:===============================>   89%]
[Progress:=====================>        73%] [Cov:===============================>   89%]
[Progress:=====================>        73%] [Cov:===============================>   89%]
[Progress:=====================>        73%] [Cov:===============================>   89%]
[Progress:=====================>        73%] [Cov:===============================>   89%]
[Progress:=====================>        73%] [Cov:===============================>   89%]
[Progress:=====================>        73%] [Cov:===============================>   89%]
[Progress:=====================>        73%] [Cov:===============================>   89%]
[Progress:=====================>        73%] [Cov:===============================>   89%]
[Progress:=====================>        73%] [Cov:===============================>   89%]
[Progress:=====================>        73%] [Cov:===============================>   89%]
[Progress:=====================>        73%] [Cov:===============================>   89%]
[Progress:======================>       75%] [Cov:===============================>   89%]
[Progress:======================>       75%] [Cov:===============================>   89%]
[Progress:======================>       75%] [Cov:===============================>   89%]
[Progress:======================>       75%] [Cov:===============================>   89%]
[Progress:======================>       75%] [Cov:===============================>   89%]
[Progress:======================>       75%] [Cov:===============================>   89%]
[Progress:======================>       75%] [Cov:===============================>   89%]
[Progress:======================>       75%] [Cov:===============================>   89%]
[Progress:======================>       75%] [Cov:===============================>   89%]
[Progress:======================>       75%] [Cov:===============================>   89%]
[Progress:======================>       75%] [Cov:===============================>   89%]
[Progress:======================>       75%] [Cov:===============================>   89%]
[Progress:======================>       75%] [Cov:===============================>   89%]
[Progress:======================>       75%] [Cov:===============================>   89%]
[Progress:======================>       75%] [Cov:===============================>   89%]
[Progress:======================>       75%] [Cov:===============================>   89%]
[Progress:======================>       75%] [Cov:===============================>   89%]
[Progress:======================>       75%] [Cov:===============================>   89%]
[Progress:======================>       75%] [Cov:===============================>   89%]
[Progress:======================>       75%] [Cov:===============================>   89%]
[Progress:======================>       75%] [Cov:===============================>   89%]
[Progress:======================>       75%] [Cov:===============================>   89%]
[Progress:======================>       76%] [Cov:===============================>   89%]
[Progress:======================>       76%] [Cov:===============================>   89%]
[Progress:======================>       76%] [Cov:===============================>   89%]
[Progress:======================>       76%] [Cov:===============================>   89%]
[Progress:======================>       76%] [Cov:===============================>   89%]
[Progress:======================>       76%] [Cov:===============================>   89%]
[Progress:======================>       76%] [Cov:===============================>   89%]
[Progress:======================>       76%] [Cov:===============================>   89%]
[Progress:======================>       76%] [Cov:===============================>   89%]
[Progress:======================>       76%] [Cov:===============================>   89%]
[Progress:======================>       76%] [Cov:===============================>   89%]
[Progress:======================>       76%] [Cov:===============================>   89%]
[Progress:======================>       76%] [Cov:===============================>   89%]
[Progress:======================>       76%] [Cov:===============================>   89%]
[Progress:======================>       76%] [Cov:===============================>   89%]
[Progress:======================>       76%] [Cov:===============================>   89%]
[Progress:======================>       76%] [Cov:===============================>   89%]
[Progress:======================>       76%] [Cov:===============================>   89%]
[Progress:======================>       76%] [Cov:===============================>   89%]
[Progress:======================>       76%] [Cov:===============================>   89%]
[Progress:======================>       76%] [Cov:===============================>   89%]
[Progress:======================>       76%] [Cov:===============================>   89%]
[Progress:======================>       76%] [Cov:===============================>   89%]
[Progress:======================>       76%] [Cov:===============================>   89%]
[Progress:=======================>      78%] [Cov:===============================>   89%]
[Progress:=======================>      78%] [Cov:===============================>   89%]
[Progress:=======================>      78%] [Cov:===============================>   89%]
[Progress:=========================>    86%] [Cov:===============================>   89%]
[Progress:=========================>    86%] [Cov:===============================>   89%]
[Progress:=========================>    86%] [Cov:===============================>   89%]
[Progress:=========================>    86%] [Cov:===============================>   89%]
[Progress:=========================>    86%] [Cov:===============================>   89%]
[Progress:=========================>    86%] [Cov:===============================>   89%]
[Progress:=========================>    86%] [Cov:===============================>   89%]
[Progress:=========================>    86%] [Cov:===============================>   89%]
[Progress:=========================>    86%] [Cov:===============================>   89%]
[Progress:=========================>    86%] [Cov:===============================>   89%]
[Progress:=========================>    86%] [Cov:===============================>   89%]
[Progress:=========================>    86%] [Cov:===============================>   89%]
[Progress:=========================>    86%] [Cov:===============================>   89%]
[Progress:=========================>    86%] [Cov:===============================>   89%]
[Progress:=========================>    86%] [Cov:===============================>   89%]
[Progress:=========================>    86%] [Cov:===============================>   89%]
[Progress:=========================>    86%] [Cov:===============================>   89%]
[Progress:=========================>    86%] [Cov:===============================>   89%]
[Progress:=========================>    86%] [Cov:===============================>   89%]
[Progress:=========================>    86%] [Cov:===============================>   89%]
[Progress:=========================>    86%] [Cov:===============================>   89%]
[Progress:==========================>   88%] [Cov:===============================>   89%]
[Progress:==========================>   88%] [Cov:===============================>   89%]
[Progress:==========================>   88%] [Cov:===============================>   89%]
[Progress:==========================>   88%] [Cov:===============================>   89%]
[Progress:==========================>   88%] [Cov:===============================>   89%]
[Progress:==========================>   88%] [Cov:===============================>   89%]
[Progress:==========================>   88%] [Cov:===============================>   89%]
[Progress:==========================>   88%] [Cov:===============================>   89%]
[Progress:==========================>   88%] [Cov:===============================>   89%]
[Progress:==========================>   88%] [Cov:===============================>   89%]
[Progress:==========================>   88%] [Cov:===============================>   89%]
[Progress:==========================>   88%] [Cov:===============================>   89%]
[Progress:==========================>   88%] [Cov:===============================>   89%]
[Progress:==========================>   88%] [Cov:===============================>   89%]
[Progress:==========================>   88%] [Cov:===============================>   89%]
[Progress:==========================>   88%] [Cov:===============================>   89%]
[Progress:==========================>   88%] [Cov:===============================>   89%]
[Progress:==========================>   88%] [Cov:===============================>   89%]
[Progress:==========================>   88%] [Cov:===============================>   89%]
[Progress:==========================>   88%] [Cov:===============================>   89%]
[Progress:==========================>   88%] [Cov:===============================>   89%]
[Progress:==========================>   88%] [Cov:===============================>   89%]
[Progress:===========================>  90%] [Cov:===============================>   89%]
[Progress:===========================>  90%] [Cov:===============================>   89%]
[Progress:===========================>  90%] [Cov:===============================>   89%]
[Progress:===========================>  90%] [Cov:===============================>   89%]
[Progress:===========================>  90%] [Cov:===============================>   89%]
[Progress:===========================>  90%] [Cov:===============================>   89%]
[Progress:===========================>  90%] [Cov:===============================>   89%]
[Progress:===========================>  90%] [Cov:===============================>   89%]
[Progress:===========================>  90%] [Cov:===============================>   89%]
[Progress:===========================>  90%] [Cov:===============================>   89%]
[Progress:===========================>  90%] [Cov:===============================>   89%]
[Progress:===========================>  90%] [Cov:===============================>   89%]
[Progress:===========================>  90%] [Cov:===============================>   89%]
[Progress:===========================>  90%] [Cov:===============================>   89%]
[Progress:===========================>  90%] [Cov:===============================>   89%]
[Progress:===========================>  90%] [Cov:===============================>   89%]
[Progress:===========================>  90%] [Cov:===============================>   89%]
[Progress:===========================>  90%] [Cov:===============================>   89%]
[Progress:===========================>  90%] [Cov:===============================>   89%]
[Progress:===========================>  90%] [Cov:===============================>   89%]
[Progress:===========================>  90%] [Cov:===============================>   89%]
[Progress:===========================>  91%] [Cov:===============================>   89%]
[Progress:===========================>  91%] [Cov:===============================>   89%]
[Progress:===========================>  91%] [Cov:===============================>   89%]
[Progress:===========================>  91%] [Cov:===============================>   89%]
[Progress:===========================>  91%] [Cov:===============================>   89%]
[Progress:===========================>  91%] [Cov:===============================>   89%]
[Progress:===========================>  91%] [Cov:===============================>   89%]
[Progress:===========================>  91%] [Cov:===============================>   89%]
[Progress:===========================>  91%] [Cov:===============================>   89%]
[Progress:===========================>  91%] [Cov:===============================>   89%]
[Progress:===========================>  91%] [Cov:===============================>   89%]
[Progress:===========================>  91%] [Cov:===============================>   89%]
[Progress:===========================>  91%] [Cov:===============================>   89%]
[Progress:===========================>  91%] [Cov:===============================>   89%]
[Progress:===========================>  91%] [Cov:===============================>   89%]
[Progress:===========================>  91%] [Cov:===============================>   89%]
[Progress:===========================>  91%] [Cov:===============================>   89%]
[Progress:===========================>  91%] [Cov:===============================>   89%]
[Progress:===========================>  91%] [Cov:===============================>   89%]
[Progress:===========================>  91%] [Cov:===============================>   89%]
[Progress:===========================>  91%] [Cov:===============================>   89%]
[Progress:===========================>  91%] [Cov:===============================>   89%]
[Progress:===========================>  91%] [Cov:===============================>   89%]
[Progress:===========================>  93%] [Cov:===============================>   89%]
[Progress:===========================>  93%] [Cov:===============================>   89%]
[Progress:===========================>  93%] [Cov:===============================>   89%]
[Progress:===========================>  93%] [Cov:===============================>   89%]
[Progress:===========================>  93%] [Cov:===============================>   89%]
[Progress:===========================>  93%] [Cov:===============================>   89%]
[Progress:===========================>  93%] [Cov:===============================>   89%]
[Progress:===========================>  93%] [Cov:===============================>   89%]
[Progress:===========================>  93%] [Cov:===============================>   89%]
[Progress:===========================>  93%] [Cov:===============================>   89%]
[Progress:===========================>  93%] [Cov:===============================>   89%]
[Progress:===========================>  93%] [Cov:===============================>   89%]
[Progress:===========================>  93%] [Cov:===============================>   89%]
[Progress:===========================>  93%] [Cov:===============================>   89%]
[Progress:===========================>  93%] [Cov:===============================>   89%]
[Progress:===========================>  93%] [Cov:===============================>   89%]
[Progress:===========================>  93%] [Cov:===============================>   89%]
[Progress:===========================>  93%] [Cov:===============================>   89%]
[Progress:===========================>  93%] [Cov:===============================>   89%]
[Progress:===========================>  93%] [Cov:===============================>   89%]
[Progress:===========================>  93%] [Cov:===============================>   89%]
[Progress:===========================>  93%] [Cov:===============================>   89%]
[Progress:============================> 95%] [Cov:===============================>   89%]
[Progress:============================> 95%] [Cov:===============================>   89%]
[Progress:============================> 95%] [Cov:===============================>   89%]
[Progress:============================> 95%] [Cov:===============================>   89%]
[Progress:============================> 95%] [Cov:===============================>   89%]
[Progress:============================> 95%] [Cov:===============================>   89%]
[Progress:============================> 95%] [Cov:===============================>   89%]
[Progress:============================> 95%] [Cov:===============================>   89%]
[Progress:============================> 95%] [Cov:===============================>   89%]
[Progress:============================> 95%] [Cov:===============================>   89%]
[Progress:============================> 95%] [Cov:===============================>   89%]
[Progress:============================> 95%] [Cov:===============================>   89%]
[Progress:============================> 95%] [Cov:===============================>   89%]
[Progress:============================> 95%] [Cov:===============================>   89%]
[Progress:============================> 95%] [Cov:===============================>   89%]
[Progress:============================> 95%] [Cov:===============================>   89%]
[Progress:============================> 95%] [Cov:===============================>   89%]
[Progress:============================> 95%] [Cov:===============================>   89%]
[Progress:============================> 95%] [Cov:===============================>   89%]
[Progress:============================> 95%] [Cov:===============================>   89%]
[Progress:============================> 95%] [Cov:===============================>   89%]
[Progress:============================> 95%] [Cov:===============================>   89%]
[Progress:============================> 95%] [Cov:===============================>   89%]
[Progress:============================> 95%] [Cov:===============================>   89%]
[Progress:============================> 96%] [Cov:===============================>   89%]
[Progress:============================> 96%] [Cov:===============================>   89%]
[Progress:============================> 96%] [Cov:===============================>   89%]
[Progress:============================> 96%] [Cov:===============================>   89%]
[Progress:============================> 96%] [Cov:===============================>   89%]
[Progress:============================> 96%] [Cov:===============================>   89%]
[Progress:============================> 96%] [Cov:===============================>   89%]
[Progress:============================> 96%] [Cov:===============================>   89%]
[Progress:============================> 96%] [Cov:===============================>   89%]
[Progress:============================> 96%] [Cov:===============================>   89%]
[Progress:============================> 96%] [Cov:===============================>   89%]
[Progress:============================> 96%] [Cov:===============================>   89%]
[Progress:============================> 96%] [Cov:===============================>   89%]
[Progress:============================> 96%] [Cov:===============================>   89%]
[Progress:============================> 96%] [Cov:===============================>   89%]
[Progress:============================> 96%] [Cov:===============================>   89%]
[Progress:============================> 96%] [Cov:===============================>   89%]
[Progress:============================> 96%] [Cov:===============================>   89%]
[Progress:============================> 96%] [Cov:===============================>   89%]
[Progress:============================> 96%] [Cov:===============================>   89%]
[Progress:============================> 96%] [Cov:===============================>   89%]
[Progress:============================> 96%] [Cov:===============================>   89%]
[Progress:============================> 96%] [Cov:===============================>   89%]
[Progress:=============================>98%] [Cov:===============================>   89%]
[Progress:=============================>98%] [Cov:===============================>   89%]
[Progress:=============================>98%] [Cov:===============================>   89%]
[Progress:=============================>98%] [Cov:===============================>   89%]
[Progress:=============================>98%] [Cov:===============================>   89%]
[Progress:=============================>98%] [Cov:===============================>   89%]
[Progress:=============================>98%] [Cov:===============================>   89%]
[Progress:=============================>98%] [Cov:===============================>   89%]
[Progress:=============================>98%] [Cov:===============================>   89%]
[Progress:=============================>98%] [Cov:===============================>   89%]
[Progress:=============================>98%] [Cov:===============================>   89%]
[Progress:=============================>98%] [Cov:===============================>   89%]
[Progress:=============================>98%] [Cov:===============================>   89%]
[Progress:=============================>98%] [Cov:===============================>   89%]
[Progress:=============================>98%] [Cov:===============================>   89%]
[Progress:=============================>98%] [Cov:===============================>   89%]
[Progress:=============================>98%] [Cov:===============================>   89%]
[Progress:=============================>98%] [Cov:===============================>   89%]
[Progress:=============================>98%] [Cov:===============================>   89%]
[Progress:=============================>98%] [Cov:===============================>   89%]
[Progress:=============================>98%] [Cov:===============================>   89%]
[Progress:=============================>98%] [Cov:===============================>   89%]
[Progress:=============================>98%] [Cov:===============================>   89%]
[Progress:=============================>98%] [Cov:===============================>   89%]
[Progress:=============================>98%] [Cov:===============================>   89%]
[Progress:==============================100%] [Cov:===============================>   89%]
[Progress:==============================100%] [Cov:===============================>   89%]
[Progress:==============================100%] [Cov:===============================>   89%]
[Progress:==============================100%] [Cov:===============================>   89%]
[Progress:==============================100%] [Cov:===============================>   89%]
[Progress:==============================100%] [Cov:===============================>   89%]
[Progress:==============================100%] [Cov:===============================>   89%]
[Progress:==============================100%] [Cov:===============================>   89%]
[Progress:==============================100%] [Cov:===============================>   89%]
[Progress:==============================100%] [Cov:===============================>   89%]
[Progress:==============================100%] [Cov:===============================>   89%]
[Progress:==============================100%] [Cov:===============================>   89%]
[Progress:==============================100%] [Cov:===============================>   89%]
[Progress:==============================100%] [Cov:===============================>   89%]
[Progress:==============================100%] [Cov:===============================>   89%]
[Progress:==============================100%] [Cov:===============================>   89%]
[Progress:==============================100%] [Cov:===============================>   89%]
[Progress:==============================100%] [Cov:===============================>   89%]
[Progress:==============================100%] [Cov:===============================>   89%]
[Progress:==============================100%] [Cov:===============================>   89%]
[Progress:==============================100%] [Cov:===============================>   89%]
[Progress:==============================100%] [Cov:===============================>   89%]
[Progress:==============================100%] [Cov:===============================>   89%]
[Progress:==============================100%] [Cov:===============================>   89%]
[Progress:==============================100%] [Cov:===============================>   89%]
[Progress:==============================100%] [Cov:===============================>   89%]
[Progress:==============================100%] [Cov:===============================>   89%]
* Search finished after 61s and 655 generations, 200729 statements, best individual has fitness: 14.9375
* Minimizing test suite
* Going to analyze the coverage criteria
* Coverage analysis for criterion LINE
* Coverage of criterion LINE: 90%
* Total number of goals: 68
* Number of covered goals: 61
* Coverage analysis for criterion BRANCH
* Coverage of criterion BRANCH: 78%
* Total number of goals: 46
* Number of covered goals: 36
* Coverage analysis for criterion EXCEPTION
* Coverage of criterion EXCEPTION: 100%
* Total number of goals: 15
* Number of covered goals: 15
* Generated 21 tests with total length 74
* Resulting test suite's coverage: 89% (average coverage for all fitness functions)
* Generating assertions
* Resulting test suite's mutation score: 32%
* Compiling and checking tests
* Writing tests to file
* Writing JUnit test case 'XmlTreeBuilder_ESTest' to /work/evo_out/Jsoup_77f/budget60_seed1/tests
* Done!

* Computation finished

[exit=0 timeout=False time=74.4s]

$ javac -nowarn -cp /work/Jsoup_77f/target/classes:/opt/defects4j/framework/projects/lib/junit-4.12-hamcrest-1.3.jar:/opt/defects4j/framework/projects/Jsoup/lib/com/google/code/gson/gson/2.7/gson-2.7.jar:/opt/defects4j/framework/projects/Jsoup/lib/org/eclipse/jetty/jetty-server/9.2.22.v20170606/jetty-server-9.2.22.v20170606.jar:/opt/defects4j/framework/projects/Jsoup/lib/javax/servlet/javax.servlet-api/3.1.0/javax.servlet-api-3.1.0.jar:/opt/defects4j/framework/projects/Jsoup/lib/org/eclipse/jetty/jetty-http/9.2.22.v20170606/jetty-http-9.2.22.v20170606.jar:/opt/defects4j/framework/projects/Jsoup/lib/org/eclipse/jetty/jetty-util/9.2.22.v20170606/jetty-util-9.2.22.v20170606.jar:/opt/defects4j/framework/projects/Jsoup/lib/org/eclipse/jetty/jetty-io/9.2.22.v20170606/jetty-io-9.2.22.v20170606.jar:/opt/defects4j/framework/projects/Jsoup/lib/org/eclipse/jetty/jetty-servlet/9.2.22.v20170606/jetty-servlet-9.2.22.v20170606.jar:/opt/defects4j/framework/projects/Jsoup/lib/org/eclipse/jetty/jetty-security/9.2.22.v20170606/jetty-security-9.2.22.v20170606.jar:/work/Jsoup_77f/target/classes:/work/Jsoup_77f/target/test-classes:/opt/defects4j/framework/projects/Jsoup/lib/commons-lang/commons-lang/2.4/commons-lang-2.4.jar:/opt/defects4j/framework/projects/Jsoup/lib/org/eclipse/jetty/jetty-http/9.2.26.v20180806/jetty-http-9.2.26.v20180806.jar:/opt/defects4j/framework/projects/Jsoup/lib/org/eclipse/jetty/jetty-http/9.2.28.v20190418/jetty-http-9.2.28.v20190418.jar:/opt/defects4j/framework/projects/Jsoup/lib/org/eclipse/jetty/jetty-io/9.2.26.v20180806/jetty-io-9.2.26.v20180806.jar:/opt/defects4j/framework/projects/Jsoup/lib/org/eclipse/jetty/jetty-io/9.2.28.v20190418/jetty-io-9.2.28.v20190418.jar:/opt/defects4j/framework/projects/Jsoup/lib/org/eclipse/jetty/jetty-security/9.2.26.v20180806/jetty-security-9.2.26.v20180806.jar:/opt/defects4j/framework/projects/Jsoup/lib/org/eclipse/jetty/jetty-security/9.2.28.v20190418/jetty-security-9.2.28.v20190418.jar:/opt/defects4j/framework/projects/Jsoup/lib/org/eclipse/jetty/jetty-server/9.2.26.v20180806/jetty-server-9.2.26.v20180806.jar:/opt/defects4j/framework/projects/Jsoup/lib/org/eclipse/jetty/jetty-server/9.2.28.v20190418/jetty-server-9.2.28.v20190418.jar:/opt/defects4j/framework/projects/Jsoup/lib/org/eclipse/jetty/jetty-servlet/9.2.26.v20180806/jetty-servlet-9.2.26.v20180806.jar:/opt/defects4j/framework/projects/Jsoup/lib/org/eclipse/jetty/jetty-servlet/9.2.28.v20190418/jetty-servlet-9.2.28.v20190418.jar:/opt/defects4j/framework/projects/Jsoup/lib/org/eclipse/jetty/jetty-util/9.2.26.v20180806/jetty-util-9.2.26.v20180806.jar:/opt/defects4j/framework/projects/Jsoup/lib/org/eclipse/jetty/jetty-util/9.2.28.v20190418/jetty-util-9.2.28.v20190418.jar:/opt/evosuite/evosuite-standalone-runtime-1.2.0.jar -d /work/evo_out/Jsoup_77f/budget60_seed1/classes /work/evo_out/Jsoup_77f/budget60_seed1/tests/org/jsoup/parser/XmlTreeBuilder_ESTest.java /work/evo_out/Jsoup_77f/budget60_seed1/tests/org/jsoup/parser/XmlTreeBuilder_ESTest_scaffolding.java

[exit=0 timeout=False time=0.8s]

$ java -jar /opt/jacoco/lib/jacococli.jar instrument /work/Jsoup_77f/target/classes --dest /work/evo_out/Jsoup_77f/budget60_seed1/instrumented
[INFO] 260 classes instrumented to /work/evo_out/Jsoup_77f/budget60_seed1/instrumented.

[exit=0 timeout=False time=0.4s]

$ java -Djacoco-agent.destfile=/workspace/EvoSuite/Result_Round1/Jsoup_77/budget60_seed1/jacoco.exec -cp /work/evo_out/Jsoup_77f/budget60_seed1/instrumented:/work/evo_out/Jsoup_77f/budget60_seed1/classes:/opt/defects4j/framework/projects/lib/junit-4.12-hamcrest-1.3.jar:/opt/defects4j/framework/projects/Jsoup/lib/com/google/code/gson/gson/2.7/gson-2.7.jar:/opt/defects4j/framework/projects/Jsoup/lib/org/eclipse/jetty/jetty-server/9.2.22.v20170606/jetty-server-9.2.22.v20170606.jar:/opt/defects4j/framework/projects/Jsoup/lib/javax/servlet/javax.servlet-api/3.1.0/javax.servlet-api-3.1.0.jar:/opt/defects4j/framework/projects/Jsoup/lib/org/eclipse/jetty/jetty-http/9.2.22.v20170606/jetty-http-9.2.22.v20170606.jar:/opt/defects4j/framework/projects/Jsoup/lib/org/eclipse/jetty/jetty-util/9.2.22.v20170606/jetty-util-9.2.22.v20170606.jar:/opt/defects4j/framework/projects/Jsoup/lib/org/eclipse/jetty/jetty-io/9.2.22.v20170606/jetty-io-9.2.22.v20170606.jar:/opt/defects4j/framework/projects/Jsoup/lib/org/eclipse/jetty/jetty-servlet/9.2.22.v20170606/jetty-servlet-9.2.22.v20170606.jar:/opt/defects4j/framework/projects/Jsoup/lib/org/eclipse/jetty/jetty-security/9.2.22.v20170606/jetty-security-9.2.22.v20170606.jar:/work/Jsoup_77f/target/classes:/work/Jsoup_77f/target/test-classes:/opt/defects4j/framework/projects/Jsoup/lib/commons-lang/commons-lang/2.4/commons-lang-2.4.jar:/opt/defects4j/framework/projects/Jsoup/lib/org/eclipse/jetty/jetty-http/9.2.26.v20180806/jetty-http-9.2.26.v20180806.jar:/opt/defects4j/framework/projects/Jsoup/lib/org/eclipse/jetty/jetty-http/9.2.28.v20190418/jetty-http-9.2.28.v20190418.jar:/opt/defects4j/framework/projects/Jsoup/lib/org/eclipse/jetty/jetty-io/9.2.26.v20180806/jetty-io-9.2.26.v20180806.jar:/opt/defects4j/framework/projects/Jsoup/lib/org/eclipse/jetty/jetty-io/9.2.28.v20190418/jetty-io-9.2.28.v20190418.jar:/opt/defects4j/framework/projects/Jsoup/lib/org/eclipse/jetty/jetty-security/9.2.26.v20180806/jetty-security-9.2.26.v20180806.jar:/opt/defects4j/framework/projects/Jsoup/lib/org/eclipse/jetty/jetty-security/9.2.28.v20190418/jetty-security-9.2.28.v20190418.jar:/opt/defects4j/framework/projects/Jsoup/lib/org/eclipse/jetty/jetty-server/9.2.26.v20180806/jetty-server-9.2.26.v20180806.jar:/opt/defects4j/framework/projects/Jsoup/lib/org/eclipse/jetty/jetty-server/9.2.28.v20190418/jetty-server-9.2.28.v20190418.jar:/opt/defects4j/framework/projects/Jsoup/lib/org/eclipse/jetty/jetty-servlet/9.2.26.v20180806/jetty-servlet-9.2.26.v20180806.jar:/opt/defects4j/framework/projects/Jsoup/lib/org/eclipse/jetty/jetty-servlet/9.2.28.v20190418/jetty-servlet-9.2.28.v20190418.jar:/opt/defects4j/framework/projects/Jsoup/lib/org/eclipse/jetty/jetty-util/9.2.26.v20180806/jetty-util-9.2.26.v20180806.jar:/opt/defects4j/framework/projects/Jsoup/lib/org/eclipse/jetty/jetty-util/9.2.28.v20190418/jetty-util-9.2.28.v20190418.jar:/opt/evosuite/evosuite-standalone-runtime-1.2.0.jar:/opt/jacoco/lib/jacocoagent.jar org.junit.runner.JUnitCore org.jsoup.parser.XmlTreeBuilder_ESTest
JUnit version 4.12
.....................
Time: 1.035

OK (21 tests)

SLF4J: Failed to load class "org.slf4j.impl.StaticLoggerBinder".
SLF4J: Defaulting to no-operation (NOP) logger implementation
SLF4J: See http://www.slf4j.org/codes.html#StaticLoggerBinder for further details.
WARNING: An illegal reflective access operation has occurred
WARNING: Illegal reflective access by org.evosuite.runtime.GuiSupport (file:/opt/evosuite/evosuite-standalone-runtime-1.2.0.jar) to field java.awt.GraphicsEnvironment.headless
WARNING: Please consider reporting this to the maintainers of org.evosuite.runtime.GuiSupport
WARNING: Use --illegal-access=warn to enable warnings of further illegal reflective access operations
WARNING: All illegal access operations will be denied in a future release

[exit=0 timeout=False time=2.1s]

$ java -jar /opt/jacoco/lib/jacococli.jar report /workspace/EvoSuite/Result_Round1/Jsoup_77/budget60_seed1/jacoco.exec --classfiles /work/Jsoup_77f/target/classes --csv /workspace/EvoSuite/Result_Round1/Jsoup_77/budget60_seed1/jacoco.csv
[INFO] Loading execution data file /workspace/EvoSuite/Result_Round1/Jsoup_77/budget60_seed1/jacoco.exec.
[INFO] Analyzing 239 classes.

[exit=0 timeout=False time=0.4s]

$ java -cp /work/evo_out/Jsoup_77f/budget60_seed1/classes:/opt/defects4j/framework/projects/lib/junit-4.12-hamcrest-1.3.jar:/opt/defects4j/framework/projects/Jsoup/lib/com/google/code/gson/gson/2.7/gson-2.7.jar:/opt/defects4j/framework/projects/Jsoup/lib/org/eclipse/jetty/jetty-server/9.2.22.v20170606/jetty-server-9.2.22.v20170606.jar:/opt/defects4j/framework/projects/Jsoup/lib/javax/servlet/javax.servlet-api/3.1.0/javax.servlet-api-3.1.0.jar:/opt/defects4j/framework/projects/Jsoup/lib/org/eclipse/jetty/jetty-http/9.2.22.v20170606/jetty-http-9.2.22.v20170606.jar:/opt/defects4j/framework/projects/Jsoup/lib/org/eclipse/jetty/jetty-util/9.2.22.v20170606/jetty-util-9.2.22.v20170606.jar:/opt/defects4j/framework/projects/Jsoup/lib/org/eclipse/jetty/jetty-io/9.2.22.v20170606/jetty-io-9.2.22.v20170606.jar:/opt/defects4j/framework/projects/Jsoup/lib/org/eclipse/jetty/jetty-servlet/9.2.22.v20170606/jetty-servlet-9.2.22.v20170606.jar:/opt/defects4j/framework/projects/Jsoup/lib/org/eclipse/jetty/jetty-security/9.2.22.v20170606/jetty-security-9.2.22.v20170606.jar:/work/Jsoup_77b/target/classes:/work/Jsoup_77b/target/test-classes:/opt/defects4j/framework/projects/Jsoup/lib/commons-lang/commons-lang/2.4/commons-lang-2.4.jar:/opt/defects4j/framework/projects/Jsoup/lib/org/eclipse/jetty/jetty-http/9.2.26.v20180806/jetty-http-9.2.26.v20180806.jar:/opt/defects4j/framework/projects/Jsoup/lib/org/eclipse/jetty/jetty-http/9.2.28.v20190418/jetty-http-9.2.28.v20190418.jar:/opt/defects4j/framework/projects/Jsoup/lib/org/eclipse/jetty/jetty-io/9.2.26.v20180806/jetty-io-9.2.26.v20180806.jar:/opt/defects4j/framework/projects/Jsoup/lib/org/eclipse/jetty/jetty-io/9.2.28.v20190418/jetty-io-9.2.28.v20190418.jar:/opt/defects4j/framework/projects/Jsoup/lib/org/eclipse/jetty/jetty-security/9.2.26.v20180806/jetty-security-9.2.26.v20180806.jar:/opt/defects4j/framework/projects/Jsoup/lib/org/eclipse/jetty/jetty-security/9.2.28.v20190418/jetty-security-9.2.28.v20190418.jar:/opt/defects4j/framework/projects/Jsoup/lib/org/eclipse/jetty/jetty-server/9.2.26.v20180806/jetty-server-9.2.26.v20180806.jar:/opt/defects4j/framework/projects/Jsoup/lib/org/eclipse/jetty/jetty-server/9.2.28.v20190418/jetty-server-9.2.28.v20190418.jar:/opt/defects4j/framework/projects/Jsoup/lib/org/eclipse/jetty/jetty-servlet/9.2.26.v20180806/jetty-servlet-9.2.26.v20180806.jar:/opt/defects4j/framework/projects/Jsoup/lib/org/eclipse/jetty/jetty-servlet/9.2.28.v20190418/jetty-servlet-9.2.28.v20190418.jar:/opt/defects4j/framework/projects/Jsoup/lib/org/eclipse/jetty/jetty-util/9.2.26.v20180806/jetty-util-9.2.26.v20180806.jar:/opt/defects4j/framework/projects/Jsoup/lib/org/eclipse/jetty/jetty-util/9.2.28.v20190418/jetty-util-9.2.28.v20190418.jar:/opt/evosuite/evosuite-standalone-runtime-1.2.0.jar org.junit.runner.JUnitCore org.jsoup.parser.XmlTreeBuilder_ESTest
JUnit version 4.12
...........E..........
Time: 0.872
There was 1 failure:
1) test15(org.jsoup.parser.XmlTreeBuilder_ESTest)
org.evosuite.runtime.mock.java.lang.MockIllegalArgumentException: Must be false
	at org.jsoup.helper.Validate.isFalse(Validate.java:54)
	at org.jsoup.parser.Token$Tag.name(Token.java:134)
	at org.jsoup.parser.XmlTreeBuilder.popStackToClose(XmlTreeBuilder.java:117)
	at org.jsoup.parser.XmlTreeBuilder.process(XmlTreeBuilder.java:46)
	at org.jsoup.parser.XmlTreeBuilder_ESTest.test15(XmlTreeBuilder_ESTest.java:263)
	at java.base/jdk.internal.reflect.NativeMethodAccessorImpl.invoke0(Native Method)
	at java.base/jdk.internal.reflect.NativeMethodAccessorImpl.invoke(NativeMethodAccessorImpl.java:62)
	at java.base/jdk.internal.reflect.DelegatingMethodAccessorImpl.invoke(DelegatingMethodAccessorImpl.java:43)
	at java.base/java.lang.reflect.Method.invoke(Method.java:566)
	at org.junit.runners.model.FrameworkMethod$1.runReflectiveCall(FrameworkMethod.java:50)
	at org.junit.internal.runners.model.ReflectiveCallable.run(ReflectiveCallable.java:12)
	at org.junit.runners.model.FrameworkMethod.invokeExplosively(FrameworkMethod.java:47)
	at org.junit.internal.runners.statements.InvokeMethod.evaluate(InvokeMethod.java:17)
	at org.junit.internal.runners.statements.FailOnTimeout$CallableStatement.call(FailOnTimeout.java:298)
	at org.junit.internal.runners.statements.FailOnTimeout$CallableStatement.call(FailOnTimeout.java:292)
	at java.base/java.util.concurrent.FutureTask.run(FutureTask.java:264)
	at java.base/java.lang.Thread.run(Thread.java:829)

FAILURES!!!
Tests run: 21,  Failures: 1

SLF4J: Failed to load class "org.slf4j.impl.StaticLoggerBinder".
SLF4J: Defaulting to no-operation (NOP) logger implementation
SLF4J: See http://www.slf4j.org/codes.html#StaticLoggerBinder for further details.
WARNING: An illegal reflective access operation has occurred
WARNING: Illegal reflective access by org.evosuite.runtime.GuiSupport (file:/opt/evosuite/evosuite-standalone-runtime-1.2.0.jar) to field java.awt.GraphicsEnvironment.headless
WARNING: Please consider reporting this to the maintainers of org.evosuite.runtime.GuiSupport
WARNING: Use --illegal-access=warn to enable warnings of further illegal reflective access operations
WARNING: All illegal access operations will be denied in a future release

[exit=1 timeout=False time=1.3s]
