
$ javac -nowarn -encoding UTF-8 -cp /work/Closure_164f/build/classes:/work/Closure_164f/lib/args4j.jar:/work/Closure_164f/lib/guava.jar:/work/Closure_164f/lib/json.jar:/work/Closure_164f/lib/jsr305.jar:/work/Closure_164f/lib/protobuf-java.jar:/work/Closure_164f/build/lib/rhino.jar:/work/Closure_164f/lib/ant.jar:/work/Closure_164f/lib/ant-launcher.jar:/work/Closure_164f/lib/caja-r4314.jar:/work/Closure_164f/lib/jarjar.jar:/work/Closure_164f/lib/junit.jar:/work/Closure_164f/build/test:/work/jqwik_harness:/workspace/lib/jqwik/jqwik-1.7.4.jar:/workspace/lib/jqwik/jqwik-api-1.7.4.jar:/workspace/lib/jqwik/jqwik-engine-1.7.4.jar -d /work/jqwik_out/Closure_164/auto_round2_tries1000_seed2/classes_f /workspace/jqwik/Auto/Closure_164/com/google/javascript/rhino/jstype/ArrowType_AutoPbtTest.java

[exit=0 timeout=False time=0.9s]

$ javac -nowarn -encoding UTF-8 -cp /work/Closure_164b/build/classes:/work/Closure_164b/lib/args4j.jar:/work/Closure_164b/lib/guava.jar:/work/Closure_164b/lib/json.jar:/work/Closure_164b/lib/jsr305.jar:/work/Closure_164b/lib/protobuf-java.jar:/work/Closure_164b/build/lib/rhino.jar:/work/Closure_164b/lib/ant.jar:/work/Closure_164b/lib/ant-launcher.jar:/work/Closure_164b/lib/caja-r4314.jar:/work/Closure_164b/lib/jarjar.jar:/work/Closure_164b/lib/junit.jar:/work/Closure_164b/build/test:/work/jqwik_harness:/workspace/lib/jqwik/jqwik-1.7.4.jar:/workspace/lib/jqwik/jqwik-api-1.7.4.jar:/workspace/lib/jqwik/jqwik-engine-1.7.4.jar -d /work/jqwik_out/Closure_164/auto_round2_tries1000_seed2/classes_b /workspace/jqwik/Auto/Closure_164/com/google/javascript/rhino/jstype/ArrowType_AutoPbtTest.java

[exit=0 timeout=False time=0.9s]

$ java -Djava.awt.headless=true -Xss4m -Xmx1g -Dpbt.seed=2 -Dpbt.tries=1000 -Dpbt.snapshot.dir=/work/jqwik_out/Closure_164/auto_round2_tries1000_seed2/snapshots -Dpbt.propertyBudgetMs=5000 -Dpbt.mask=/work/Closure_164f:/work/Closure_164b:/work/jqwik_out/Closure_164/auto_round2_tries1000_seed2/classes_f:/work/jqwik_out/Closure_164/auto_round2_tries1000_seed2/classes_b -Dpbt.mode=record -jar /workspace/lib/jqwik/junit-platform-console-standalone-1.9.3.jar --disable-banner --details tree --class-path /work/jqwik_out/Closure_164/auto_round2_tries1000_seed2/classes_f:/work/Closure_164f/build/classes:/work/Closure_164f/lib/args4j.jar:/work/Closure_164f/lib/guava.jar:/work/Closure_164f/lib/json.jar:/work/Closure_164f/lib/jsr305.jar:/work/Closure_164f/lib/protobuf-java.jar:/work/Closure_164f/build/lib/rhino.jar:/work/Closure_164f/lib/ant.jar:/work/Closure_164f/lib/ant-launcher.jar:/work/Closure_164f/lib/caja-r4314.jar:/work/Closure_164f/lib/jarjar.jar:/work/Closure_164f/lib/junit.jar:/work/Closure_164f/build/test:/work/jqwik_harness:/workspace/lib/jqwik/jqwik-1.7.4.jar:/workspace/lib/jqwik/jqwik-api-1.7.4.jar:/workspace/lib/jqwik/jqwik-engine-1.7.4.jar --scan-class-path /work/jqwik_out/Closure_164/auto_round2_tries1000_seed2/classes_f --include-classname .* --include-engine jqwik --config jqwik.database=/workspace/jqwik/Result_auto_Round2/Closure_164/tries1000_seed2/reports_record/jqwik-database --config jqwik.tries.default=1000 --reports-dir /workspace/jqwik/Result_auto_Round2/Closure_164/tries1000_seed2/reports_record
mode = NONE        | edge cases are not explicitly generated
seed = 2                      | random seed to reproduce generated values


timestamp = 2026-10-01T00:20:40.979447, ArrowType AutoPbtTest:m010 toStringHelper = 
                              |-----------------------jqwik-----------------------
tries = 1000                  | # of calls to property
checks = 1000                 | # of not rejected calls
generation = RANDOMIZED       | parameters are randomly generated
after-failure = SAMPLE_FIRST  | try previously failed sample, then previous seed
when-fixed-seed = ALLOW       | fixing the random seed is allowed
edge-cases#mode = NONE        | edge cases are not explicitly generated
seed = 2                      | random seed to reproduce generated values


timestamp = 2026-10-01T00:20:42.047640, ArrowType AutoPbtTest:m007 isSubtype = 
                              |-----------------------jqwik-----------------------
tries = 1000                  | # of calls to property
checks = 1000                 | # of not rejected calls
generation = RANDOMIZED       | parameters are randomly generated
after-failure = SAMPLE_FIRST  | try previously failed sample, then previous seed
when-fixed-seed = ALLOW       | fixing the random seed is allowed
edge-cases#mode = NONE        | edge cases are not explicitly generated
seed = 2                      | random seed to reproduce generated values


timestamp = 2026-10-01T00:20:47.074831, ArrowType AutoPbtTest:m002 getPossibleToBooleanOutcomes = 
                              |-----------------------jqwik-----------------------
tries = 1000                  | # of calls to property
checks = 1000                 | # of not rejected calls
generation = RANDOMIZED       | parameters are randomly generated
after-failure = SAMPLE_FIRST  | try previously failed sample, then previous seed
when-fixed-seed = ALLOW       | fixing the random seed is allowed
edge-cases#mode = NONE        | edge cases are not explicitly generated
seed = 2                      | random seed to reproduce generated values


timestamp = 2026-10-01T00:20:52.083831, ArrowType AutoPbtTest:m011 visit = 
                              |-----------------------jqwik-----------------------
tries = 1000                  | # of calls to property
checks = 1000                 | # of not rejected calls
generation = RANDOMIZED       | parameters are randomly generated
after-failure = SAMPLE_FIRST  | try previously failed sample, then previous seed
when-fixed-seed = ALLOW       | fixing the random seed is allowed
edge-cases#mode = NONE        | edge cases are not explicitly generated
seed = 2                      | random seed to reproduce generated values


[36m╷[0m
[36m└─[0m [36mjqwik (JUnit Platform)[0m [32m✔[0m
[36m   └─[0m [36mArrowType AutoPbtTest[0m [32m✔[0m
[36m      ├─[0m [34mm005 hashCode[0m [32m✔[0m
[36m      ├─[0m [34mm001 getLeastSupertype[0m [32m✔[0m
[36m      ├─[0m [34mm003 hasEqualParameters[0m [32m✔[0m
[36m      ├─[0m [34mm009 testForEquality[0m [32m✔[0m
[36m      ├─[0m [34mm004 hasUnknownParamsOrReturn[0m [32m✔[0m
[36m      ├─[0m [34mm000 getGreatestSubtype[0m [32m✔[0m
[36m      ├─[0m [34mm008 resolveInternal[0m [32m✔[0m
[36m      ├─[0m [34mm006 isEquivalentTo[0m [32m✔[0m
[36m      ├─[0m [34mm010 toStringHelper[0m [32m✔[0m
[36m      ├─[0m [34mm007 isSubtype[0m [32m✔[0m
[36m      ├─[0m [34mm002 getPossibleToBooleanOutcomes[0m [32m✔[0m
[36m      └─[0m [34mm011 visit[0m [32m✔[0m

Test run finished after 38022 ms
[         2 containers found      ]
[         0 containers skipped    ]
[         2 containers started    ]
[         0 containers aborted    ]
[         2 containers successful ]
[         0 containers failed     ]
[        12 tests found           ]
[         0 tests skipped         ]
[        12 tests started         ]
[         0 tests aborted         ]
[        12 tests successful      ]
[         0 tests failed          ]


[exit=0 timeout=False time=39.0s]

$ java -Djava.awt.headless=true -Xss4m -Xmx1g -Dpbt.seed=2 -Dpbt.tries=1000 -Dpbt.snapshot.dir=/work/jqwik_out/Closure_164/auto_round2_tries1000_seed2/snapshots -Dpbt.propertyBudgetMs=5000 -Dpbt.mask=/work/Closure_164f:/work/Closure_164b:/work/jqwik_out/Closure_164/auto_round2_tries1000_seed2/classes_f:/work/jqwik_out/Closure_164/auto_round2_tries1000_seed2/classes_b -Dpbt.mode=check -javaagent:/opt/jacoco/lib/jacocoagent.jar=destfile=/workspace/jqwik/Result_auto_Round2/Closure_164/tries1000_seed2/jacoco.exec -jar /workspace/lib/jqwik/junit-platform-console-standalone-1.9.3.jar --disable-banner --details tree --class-path /work/jqwik_out/Closure_164/auto_round2_tries1000_seed2/classes_f:/work/Closure_164f/build/classes:/work/Closure_164f/lib/args4j.jar:/work/Closure_164f/lib/guava.jar:/work/Closure_164f/lib/json.jar:/work/Closure_164f/lib/jsr305.jar:/work/Closure_164f/lib/protobuf-java.jar:/work/Closure_164f/build/lib/rhino.jar:/work/Closure_164f/lib/ant.jar:/work/Closure_164f/lib/ant-launcher.jar:/work/Closure_164f/lib/caja-r4314.jar:/work/Closure_164f/lib/jarjar.jar:/work/Closure_164f/lib/junit.jar:/work/Closure_164f/build/test:/work/jqwik_harness:/workspace/lib/jqwik/jqwik-1.7.4.jar:/workspace/lib/jqwik/jqwik-api-1.7.4.jar:/workspace/lib/jqwik/jqwik-engine-1.7.4.jar --scan-class-path /work/jqwik_out/Closure_164/auto_round2_tries1000_seed2/classes_f --include-classname .* --include-engine jqwik --config jqwik.database=/workspace/jqwik/Result_auto_Round2/Closure_164/tries1000_seed2/reports_fixed/jqwik-database --config jqwik.tries.default=1000 --reports-dir /workspace/jqwik/Result_auto_Round2/Closure_164/tries1000_seed2/reports_fixed
00                 | # of not rejected calls
generation = RANDOMIZED       | parameters are randomly generated
after-failure = SAMPLE_FIRST  | try previously failed sample, then previous seed
when-fixed-seed = ALLOW       | fixing the random seed is allowed
edge-cases#mode = NONE        | edge cases are not explicitly generated
seed = 2                      | random seed to reproduce generated values


[36m╷[0m
[36m└─[0m [36mjqwik (JUnit Platform)[0m [32m✔[0m
[36m   └─[0m [36mArrowType AutoPbtTest[0m [32m✔[0m
[36m      ├─[0m [31mm005 hashCode[0m [31m✘[0m [31m[regression] com.google.javascript.rhino.jstype.ArrowType.hashCode()[0m
[36m      │     [0m[31m     input:    new ArrowType.<init>[new JSTypeRegistry.<init>[null], new Node.newString["K2en,aMQ"], new JSType.safeResolve[new JSType.toMaybeFunctionType[null], null, null]].hashCode[][0m
[36m      │     [0m[31m     expected: ret=Integer:1258192712 | this=ArrowType:ArrowType:toString-throws java.lang.StackOverflowError[0m
[36m      │     [0m[31m     actual:   ret=Integer:1808154371 | this=ArrowType:ArrowType:toString-throws java.lang.StackOverflowError[0m
[36m      ├─[0m [34mm001 getLeastSupertype[0m [32m✔[0m
[36m      ├─[0m [34mm003 hasEqualParameters[0m [32m✔[0m
[36m      ├─[0m [34mm009 testForEquality[0m [32m✔[0m
[36m      ├─[0m [34mm004 hasUnknownParamsOrReturn[0m [32m✔[0m
[36m      ├─[0m [34mm000 getGreatestSubtype[0m [32m✔[0m
[36m      ├─[0m [34mm008 resolveInternal[0m [32m✔[0m
[36m      ├─[0m [34mm006 isEquivalentTo[0m [32m✔[0m
[36m      ├─[0m [34mm010 toStringHelper[0m [32m✔[0m
[36m      ├─[0m [34mm007 isSubtype[0m [32m✔[0m
[36m      ├─[0m [34mm002 getPossibleToBooleanOutcomes[0m [32m✔[0m
[36m      └─[0m [34mm011 visit[0m [32m✔[0m

Failures (1):
  jqwik (JUnit Platform):ArrowType AutoPbtTest:m005 hashCode
    MethodSource [className = 'com.google.javascript.rhino.jstype.ArrowType_AutoPbtTest', methodName = 'm005_hashCode', methodParameterTypes = 'pbt.auto.AutoTarget$Call']
    => java.lang.AssertionError: [regression] com.google.javascript.rhino.jstype.ArrowType.hashCode()
  input:    new ArrowType.<init>[new JSTypeRegistry.<init>[null], new Node.newString["K2en,aMQ"], new JSType.safeResolve[new JSType.toMaybeFunctionType[null], null, null]].hashCode[]
  expected: ret=Integer:1258192712 | this=ArrowType:ArrowType:toString-throws java.lang.StackOverflowError
  actual:   ret=Integer:1808154371 | this=ArrowType:ArrowType:toString-throws java.lang.StackOverflowError
       pbt.auto.AutoTarget.check(AutoTarget.java:127)
       com.google.javascript.rhino.jstype.ArrowType_AutoPbtTest.m005_hashCode(ArrowType_AutoPbtTest.java:66)
       java.base/jdk.internal.reflect.NativeMethodAccessorImpl.invoke0(Native Method)
       java.base/jdk.internal.reflect.NativeMethodAccessorImpl.invoke(NativeMethodAccessorImpl.java:62)
       java.base/jdk.internal.reflect.DelegatingMethodAccessorImpl.invoke(DelegatingMethodAccessorImpl.java:43)
       java.base/java.lang.reflect.Method.invoke(Method.java:566)
       org.junit.platform.commons.util.ReflectionUtils.invokeMethod(ReflectionUtils.java:727)
       org.junit.platform.commons.support.ReflectionSupport.invokeMethod(ReflectionSupport.java:198)
       net.jqwik.engine.execution.CheckedPropertyFactory.lambda$createRawFunction$1(CheckedPropertyFactory.java:84)
       net.jqwik.engine.execution.CheckedPropertyFactory.lambda$createRawFunction$2(CheckedPropertyFactory.java:91)
       [...]

Test run finished after 25657 ms
[         2 containers found      ]
[         0 containers skipped    ]
[         2 containers started    ]
[         0 containers aborted    ]
[         2 containers successful ]
[         0 containers failed     ]
[        12 tests found           ]
[         0 tests skipped         ]
[        12 tests started         ]
[         0 tests aborted         ]
[        11 tests successful      ]
[         1 tests failed          ]


[exit=1 timeout=False time=33.9s]

$ java -jar /opt/jacoco/lib/jacococli.jar report /workspace/jqwik/Result_auto_Round2/Closure_164/tries1000_seed2/jacoco.exec --classfiles /work/Closure_164f/build/classes --csv /workspace/jqwik/Result_auto_Round2/Closure_164/tries1000_seed2/jacoco.csv
[INFO] Loading execution data file /workspace/jqwik/Result_auto_Round2/Closure_164/tries1000_seed2/jacoco.exec.
[INFO] Analyzing 1127 classes.

[exit=0 timeout=False time=0.8s]

$ java -Djava.awt.headless=true -Xss4m -Xmx1g -Dpbt.seed=2 -Dpbt.tries=1000 -Dpbt.snapshot.dir=/work/jqwik_out/Closure_164/auto_round2_tries1000_seed2/snapshots -Dpbt.propertyBudgetMs=5000 -Dpbt.mask=/work/Closure_164f:/work/Closure_164b:/work/jqwik_out/Closure_164/auto_round2_tries1000_seed2/classes_f:/work/jqwik_out/Closure_164/auto_round2_tries1000_seed2/classes_b -Dpbt.mode=check -jar /workspace/lib/jqwik/junit-platform-console-standalone-1.9.3.jar --disable-banner --details tree --class-path /work/jqwik_out/Closure_164/auto_round2_tries1000_seed2/classes_b:/work/Closure_164b/build/classes:/work/Closure_164b/lib/args4j.jar:/work/Closure_164b/lib/guava.jar:/work/Closure_164b/lib/json.jar:/work/Closure_164b/lib/jsr305.jar:/work/Closure_164b/lib/protobuf-java.jar:/work/Closure_164b/build/lib/rhino.jar:/work/Closure_164b/lib/ant.jar:/work/Closure_164b/lib/ant-launcher.jar:/work/Closure_164b/lib/caja-r4314.jar:/work/Closure_164b/lib/jarjar.jar:/work/Closure_164b/lib/junit.jar:/work/Closure_164b/build/test:/work/jqwik_harness:/workspace/lib/jqwik/jqwik-1.7.4.jar:/workspace/lib/jqwik/jqwik-api-1.7.4.jar:/workspace/lib/jqwik/jqwik-engine-1.7.4.jar --scan-class-path /work/jqwik_out/Closure_164/auto_round2_tries1000_seed2/classes_b --include-classname .* --include-engine jqwik --config jqwik.database=/workspace/jqwik/Result_auto_Round2/Closure_164/tries1000_seed2/reports_buggy/jqwik-database --config jqwik.tries.default=1000 --reports-dir /workspace/jqwik/Result_auto_Round2/Closure_164/tries1000_seed2/reports_buggy
1000                 | # of not rejected calls
generation = RANDOMIZED       | parameters are randomly generated
after-failure = SAMPLE_FIRST  | try previously failed sample, then previous seed
when-fixed-seed = ALLOW       | fixing the random seed is allowed
edge-cases#mode = NONE        | edge cases are not explicitly generated
seed = 2                      | random seed to reproduce generated values


[36m╷[0m
[36m└─[0m [36mjqwik (JUnit Platform)[0m [32m✔[0m
[36m   └─[0m [36mArrowType AutoPbtTest[0m [32m✔[0m
[36m      ├─[0m [31mm005 hashCode[0m [31m✘[0m [31m[regression] com.google.javascript.rhino.jstype.ArrowType.hashCode()[0m
[36m      │     [0m[31m     input:    new ArrowType.<init>[new JSTypeRegistry.<init>[null], new Node.newString["K2en,aMQ"], new JSType.safeResolve[new JSType.toMaybeFunctionType[null], null, null]].hashCode[][0m
[36m      │     [0m[31m     expected: ret=Integer:1258192712 | this=ArrowType:ArrowType:toString-throws java.lang.StackOverflowError[0m
[36m      │     [0m[31m     actual:   ret=Integer:779862928 | this=ArrowType:ArrowType:toString-throws java.lang.StackOverflowError[0m
[36m      ├─[0m [34mm001 getLeastSupertype[0m [32m✔[0m
[36m      ├─[0m [34mm003 hasEqualParameters[0m [32m✔[0m
[36m      ├─[0m [34mm009 testForEquality[0m [32m✔[0m
[36m      ├─[0m [34mm004 hasUnknownParamsOrReturn[0m [32m✔[0m
[36m      ├─[0m [34mm000 getGreatestSubtype[0m [32m✔[0m
[36m      ├─[0m [34mm008 resolveInternal[0m [32m✔[0m
[36m      ├─[0m [34mm006 isEquivalentTo[0m [32m✔[0m
[36m      ├─[0m [34mm010 toStringHelper[0m [32m✔[0m
[36m      ├─[0m [34mm007 isSubtype[0m [32m✔[0m
[36m      ├─[0m [34mm002 getPossibleToBooleanOutcomes[0m [32m✔[0m
[36m      └─[0m [34mm011 visit[0m [32m✔[0m

Failures (1):
  jqwik (JUnit Platform):ArrowType AutoPbtTest:m005 hashCode
    MethodSource [className = 'com.google.javascript.rhino.jstype.ArrowType_AutoPbtTest', methodName = 'm005_hashCode', methodParameterTypes = 'pbt.auto.AutoTarget$Call']
    => java.lang.AssertionError: [regression] com.google.javascript.rhino.jstype.ArrowType.hashCode()
  input:    new ArrowType.<init>[new JSTypeRegistry.<init>[null], new Node.newString["K2en,aMQ"], new JSType.safeResolve[new JSType.toMaybeFunctionType[null], null, null]].hashCode[]
  expected: ret=Integer:1258192712 | this=ArrowType:ArrowType:toString-throws java.lang.StackOverflowError
  actual:   ret=Integer:779862928 | this=ArrowType:ArrowType:toString-throws java.lang.StackOverflowError
       pbt.auto.AutoTarget.check(AutoTarget.java:127)
       com.google.javascript.rhino.jstype.ArrowType_AutoPbtTest.m005_hashCode(ArrowType_AutoPbtTest.java:66)
       java.base/jdk.internal.reflect.NativeMethodAccessorImpl.invoke0(Native Method)
       java.base/jdk.internal.reflect.NativeMethodAccessorImpl.invoke(NativeMethodAccessorImpl.java:62)
       java.base/jdk.internal.reflect.DelegatingMethodAccessorImpl.invoke(DelegatingMethodAccessorImpl.java:43)
       java.base/java.lang.reflect.Method.invoke(Method.java:566)
       org.junit.platform.commons.util.ReflectionUtils.invokeMethod(ReflectionUtils.java:727)
       org.junit.platform.commons.support.ReflectionSupport.invokeMethod(ReflectionSupport.java:198)
       net.jqwik.engine.execution.CheckedPropertyFactory.lambda$createRawFunction$1(CheckedPropertyFactory.java:84)
       net.jqwik.engine.execution.CheckedPropertyFactory.lambda$createRawFunction$2(CheckedPropertyFactory.java:91)
       [...]

Test run finished after 33936 ms
[         2 containers found      ]
[         0 containers skipped    ]
[         2 containers started    ]
[         0 containers aborted    ]
[         2 containers successful ]
[         0 containers failed     ]
[        12 tests found           ]
[         0 tests skipped         ]
[        12 tests started         ]
[         0 tests aborted         ]
[        11 tests successful      ]
[         1 tests failed          ]


[exit=1 timeout=False time=35.0s]
