
$ javac -nowarn -encoding UTF-8 -cp /work/JxPath_16f/target/classes:/work/JxPath_16f/src/java:/work/JxPath_16f/target/lib/commons-beanutils-1.7.0.jar:/work/JxPath_16f/target/lib/commons-logging-1.1.jar:/work/JxPath_16f/target/lib/jdom-1.0.jar:/work/JxPath_16f/target/lib/jsp-api-2.0.jar:/work/JxPath_16f/target/lib/junit-3.8.2.jar:/work/JxPath_16f/target/lib/mockrunner-0.4.1.jar:/work/JxPath_16f/target/lib/servletapi-2.4.jar:/work/JxPath_16f/target/lib/xerces-2.4.0.jar:/work/JxPath_16f/target/lib/xml-apis-2.0.2.jar:/work/JxPath_16f/src/test:/work/JxPath_16f/target/test-classes:/opt/defects4j/framework/projects/lib/junit-4.12-hamcrest-1.3.jar:/work/jqwik_harness:/workspace/lib/jqwik/jqwik-1.7.4.jar:/workspace/lib/jqwik/jqwik-api-1.7.4.jar:/workspace/lib/jqwik/jqwik-engine-1.7.4.jar -d /work/jqwik_out/JxPath_16/auto_round1_tries200_seed2/classes_f /workspace/jqwik/Auto/JxPath_16/org/apache/commons/jxpath/ri/model/dom/DOMNodePointer_AutoPbtTest.java /workspace/jqwik/Auto/JxPath_16/org/apache/commons/jxpath/ri/model/jdom/JDOMNodePointer_AutoPbtTest.java

[exit=0 timeout=False time=5.2s]

$ javac -nowarn -encoding UTF-8 -cp /work/JxPath_16b/target/classes:/work/JxPath_16b/src/java:/work/JxPath_16b/target/lib/commons-beanutils-1.7.0.jar:/work/JxPath_16b/target/lib/commons-logging-1.1.jar:/work/JxPath_16b/target/lib/jdom-1.0.jar:/work/JxPath_16b/target/lib/jsp-api-2.0.jar:/work/JxPath_16b/target/lib/junit-3.8.2.jar:/work/JxPath_16b/target/lib/mockrunner-0.4.1.jar:/work/JxPath_16b/target/lib/servletapi-2.4.jar:/work/JxPath_16b/target/lib/xerces-2.4.0.jar:/work/JxPath_16b/target/lib/xml-apis-2.0.2.jar:/work/JxPath_16b/src/test:/work/JxPath_16b/target/test-classes:/opt/defects4j/framework/projects/lib/junit-4.12-hamcrest-1.3.jar:/work/jqwik_harness:/workspace/lib/jqwik/jqwik-1.7.4.jar:/workspace/lib/jqwik/jqwik-api-1.7.4.jar:/workspace/lib/jqwik/jqwik-engine-1.7.4.jar -d /work/jqwik_out/JxPath_16/auto_round1_tries200_seed2/classes_b /workspace/jqwik/Auto/JxPath_16/org/apache/commons/jxpath/ri/model/dom/DOMNodePointer_AutoPbtTest.java /workspace/jqwik/Auto/JxPath_16/org/apache/commons/jxpath/ri/model/jdom/JDOMNodePointer_AutoPbtTest.java

[exit=0 timeout=False time=5.8s]

$ java -Djava.awt.headless=true -Xss4m -Xmx1g -Dpbt.seed=2 -Dpbt.tries=200 -Dpbt.snapshot.dir=/work/jqwik_out/JxPath_16/auto_round1_tries200_seed2/snapshots -Dpbt.propertyBudgetMs=5000 -Dpbt.mask=/work/JxPath_16f:/work/JxPath_16b:/work/jqwik_out/JxPath_16/auto_round1_tries200_seed2/classes_f:/work/jqwik_out/JxPath_16/auto_round1_tries200_seed2/classes_b -Dpbt.mode=record -jar /workspace/lib/jqwik/junit-platform-console-standalone-1.9.3.jar --disable-banner --details tree --class-path /work/jqwik_out/JxPath_16/auto_round1_tries200_seed2/classes_f:/work/JxPath_16f/target/classes:/work/JxPath_16f/src/java:/work/JxPath_16f/target/lib/commons-beanutils-1.7.0.jar:/work/JxPath_16f/target/lib/commons-logging-1.1.jar:/work/JxPath_16f/target/lib/jdom-1.0.jar:/work/JxPath_16f/target/lib/jsp-api-2.0.jar:/work/JxPath_16f/target/lib/junit-3.8.2.jar:/work/JxPath_16f/target/lib/mockrunner-0.4.1.jar:/work/JxPath_16f/target/lib/servletapi-2.4.jar:/work/JxPath_16f/target/lib/xerces-2.4.0.jar:/work/JxPath_16f/target/lib/xml-apis-2.0.2.jar:/work/JxPath_16f/src/test:/work/JxPath_16f/target/test-classes:/opt/defects4j/framework/projects/lib/junit-4.12-hamcrest-1.3.jar:/work/jqwik_harness:/workspace/lib/jqwik/jqwik-1.7.4.jar:/workspace/lib/jqwik/jqwik-api-1.7.4.jar:/workspace/lib/jqwik/jqwik-engine-1.7.4.jar --scan-class-path /work/jqwik_out/JxPath_16/auto_round1_tries200_seed2/classes_f --include-classname .* --include-engine jqwik --config jqwik.database=/workspace/jqwik/Result_auto_Round1/JxPath_16/tries200_seed2/reports_record/jqwik-database --config jqwik.tries.default=200 --reports-dir /workspace/jqwik/Result_auto_Round1/JxPath_16/tries200_seed2/reports_record
│  ├─[0m [34mm007 equals[0m [32m✔[0m
[36m   │  ├─[0m [34mm011 getLanguage[0m [32m✔[0m
[36m   │  ├─[0m [34mm018 getPrefix[0m [32m✔[0m
[36m   │  ├─[0m [34mm001 attributeIterator[0m [32m✔[0m
[36m   │  ├─[0m [34mm000 asPath[0m [32m✔[0m
[36m   │  ├─[0m [34mm004 createAttribute[0m [32m✔[0m
[36m   │  ├─[0m [34mm009 getBaseValue[0m [32m✔[0m
[36m   │  ├─[0m [34mm027 setValue[0m [32m✔[0m
[36m   │  ├─[0m [34mm015 getNamespaceResolver[0m [32m✔[0m
[36m   │  ├─[0m [34mm010 getImmediateNode[0m [32m✔[0m
[36m   │  ├─[0m [34mm017 getNamespaceURI[0m [32m✔[0m
[36m   │  ├─[0m [34mm020 hashCode[0m [32m✔[0m
[36m   │  ├─[0m [34mm021 isCollection[0m [32m✔[0m
[36m   │  ├─[0m [34mm013 getLocalName[0m [32m✔[0m
[36m   │  ├─[0m [34mm002 childIterator[0m [32m✔[0m
[36m   │  ├─[0m [34mm023 isLeaf[0m [32m✔[0m
[36m   │  ├─[0m [34mm029 testNode[0m [32m✔[0m
[36m   │  ├─[0m [34mm012 getLength[0m [32m✔[0m
[36m   │  ├─[0m [34mm003 compareChildNodePointers[0m [32m✔[0m
[36m   │  ├─[0m [34mcontract equalsHashCode[0m [32m✔[0m
[36m   │  ├─[0m [34mm028 testNode[0m [32m✔[0m
[36m   │  ├─[0m [34mm024 namespaceIterator[0m [32m✔[0m
[36m   │  ├─[0m [34mm006 createChild[0m [32m✔[0m
[36m   │  ├─[0m [34mm005 createChild[0m [32m✔[0m
[36m   │  ├─[0m [34mm019 getValue[0m [32m✔[0m
[36m   │  ├─[0m [34mm022 isLanguage[0m [32m✔[0m
[36m   │  └─[0m [34mm026 remove[0m [32m✔[0m
[36m   └─[0m [36mDOMNodePointer AutoPbtTest[0m [32m✔[0m
[36m      ├─[0m [34mm026 isLanguage[0m [32m✔[0m
[36m      ├─[0m [34mm024 isActual[0m [32m✔[0m
[36m      ├─[0m [34mm025 isCollection[0m [32m✔[0m
[36m      ├─[0m [34mm019 getNamespaceURI[0m [32m✔[0m
[36m      ├─[0m [34mm008 findEnclosingAttribute[0m [32m✔[0m
[36m      ├─[0m [34mm030 remove[0m [32m✔[0m
[36m      ├─[0m [34mm007 equals[0m [32m✔[0m
[36m      ├─[0m [34mm012 getLanguage[0m [32m✔[0m
[36m      ├─[0m [34mm029 namespacePointer[0m [32m✔[0m
[36m      ├─[0m [34mm011 getImmediateNode[0m [32m✔[0m
[36m      ├─[0m [34mm021 getPrefix[0m [32m✔[0m
[36m      ├─[0m [34mm001 attributeIterator[0m [32m✔[0m
[36m      ├─[0m [34mm031 setValue[0m [32m✔[0m
[36m      ├─[0m [34mm000 asPath[0m [32m✔[0m
[36m      ├─[0m [34mm004 createAttribute[0m [32m✔[0m
[36m      ├─[0m [34mm023 hashCode[0m [32m✔[0m
[36m      ├─[0m [34mm013 getLength[0m [32m✔[0m
[36m      ├─[0m [34mm027 isLeaf[0m [32m✔[0m
[36m      ├─[0m [34mm020 getPointerByID[0m [32m✔[0m
[36m      ├─[0m [34mm010 getDefaultNamespaceURI[0m [32m✔[0m
[36m      ├─[0m [34mm009 getBaseValue[0m [32m✔[0m
[36m      ├─[0m [34mm017 getNamespaceURI[0m [32m✔[0m
[36m      ├─[0m [34mm014 getLocalName[0m [32m✔[0m
[36m      ├─[0m [34mm033 testNode[0m [32m✔[0m
[36m      ├─[0m [34mm032 testNode[0m [32m✔[0m
[36m      ├─[0m [34mm015 getName[0m [32m✔[0m
[36m      ├─[0m [34mm002 childIterator[0m [32m✔[0m
[36m      ├─[0m [34mm003 compareChildNodePointers[0m [32m✔[0m
[36m      ├─[0m [34mcontract equalsHashCode[0m [32m✔[0m
[36m      ├─[0m [34mm018 getNamespaceURI[0m [32m✔[0m
[36m      ├─[0m [34mm022 getValue[0m [32m✔[0m
[36m      ├─[0m [34mm006 createChild[0m [32m✔[0m
[36m      ├─[0m [34mm005 createChild[0m [32m✔[0m
[36m      ├─[0m [34mm016 getNamespaceResolver[0m [32m✔[0m
[36m      └─[0m [34mm028 namespaceIterator[0m [32m✔[0m

Test run finished after 27336 ms
[         3 containers found      ]
[         0 containers skipped    ]
[         3 containers started    ]
[         0 containers aborted    ]
[         3 containers successful ]
[         0 containers failed     ]
[        66 tests found           ]
[         0 tests skipped         ]
[        66 tests started         ]
[         0 tests aborted         ]
[        66 tests successful      ]
[         0 tests failed          ]


[exit=0 timeout=False time=32.4s]

$ java -Djava.awt.headless=true -Xss4m -Xmx1g -Dpbt.seed=2 -Dpbt.tries=200 -Dpbt.snapshot.dir=/work/jqwik_out/JxPath_16/auto_round1_tries200_seed2/snapshots -Dpbt.propertyBudgetMs=5000 -Dpbt.mask=/work/JxPath_16f:/work/JxPath_16b:/work/jqwik_out/JxPath_16/auto_round1_tries200_seed2/classes_f:/work/jqwik_out/JxPath_16/auto_round1_tries200_seed2/classes_b -Dpbt.mode=check -javaagent:/opt/jacoco/lib/jacocoagent.jar=destfile=/workspace/jqwik/Result_auto_Round1/JxPath_16/tries200_seed2/jacoco.exec -jar /workspace/lib/jqwik/junit-platform-console-standalone-1.9.3.jar --disable-banner --details tree --class-path /work/jqwik_out/JxPath_16/auto_round1_tries200_seed2/classes_f:/work/JxPath_16f/target/classes:/work/JxPath_16f/src/java:/work/JxPath_16f/target/lib/commons-beanutils-1.7.0.jar:/work/JxPath_16f/target/lib/commons-logging-1.1.jar:/work/JxPath_16f/target/lib/jdom-1.0.jar:/work/JxPath_16f/target/lib/jsp-api-2.0.jar:/work/JxPath_16f/target/lib/junit-3.8.2.jar:/work/JxPath_16f/target/lib/mockrunner-0.4.1.jar:/work/JxPath_16f/target/lib/servletapi-2.4.jar:/work/JxPath_16f/target/lib/xerces-2.4.0.jar:/work/JxPath_16f/target/lib/xml-apis-2.0.2.jar:/work/JxPath_16f/src/test:/work/JxPath_16f/target/test-classes:/opt/defects4j/framework/projects/lib/junit-4.12-hamcrest-1.3.jar:/work/jqwik_harness:/workspace/lib/jqwik/jqwik-1.7.4.jar:/workspace/lib/jqwik/jqwik-api-1.7.4.jar:/workspace/lib/jqwik/jqwik-engine-1.7.4.jar --scan-class-path /work/jqwik_out/JxPath_16/auto_round1_tries200_seed2/classes_f --include-classname .* --include-engine jqwik --config jqwik.database=/workspace/jqwik/Result_auto_Round1/JxPath_16/tries200_seed2/reports_fixed/jqwik-database --config jqwik.tries.default=200 --reports-dir /workspace/jqwik/Result_auto_Round1/JxPath_16/tries200_seed2/reports_fixed

[36m      ├─[0m [34mm026 isLanguage[0m [32m✔[0m
[36m      ├─[0m [34mm024 isActual[0m [32m✔[0m
[36m      ├─[0m [34mm025 isCollection[0m [32m✔[0m
[36m      ├─[0m [34mm019 getNamespaceURI[0m [32m✔[0m
[36m      ├─[0m [34mm008 findEnclosingAttribute[0m [32m✔[0m
[36m      ├─[0m [34mm030 remove[0m [32m✔[0m
[36m      ├─[0m [34mm007 equals[0m [32m✔[0m
[36m      ├─[0m [34mm012 getLanguage[0m [32m✔[0m
[36m      ├─[0m [34mm029 namespacePointer[0m [32m✔[0m
[36m      ├─[0m [34mm011 getImmediateNode[0m [32m✔[0m
[36m      ├─[0m [34mm021 getPrefix[0m [32m✔[0m
[36m      ├─[0m [34mm001 attributeIterator[0m [32m✔[0m
[36m      ├─[0m [34mm031 setValue[0m [32m✔[0m
[36m      ├─[0m [34mm000 asPath[0m [32m✔[0m
[36m      ├─[0m [34mm004 createAttribute[0m [32m✔[0m
[36m      ├─[0m [34mm023 hashCode[0m [32m✔[0m
[36m      ├─[0m [34mm013 getLength[0m [32m✔[0m
[36m      ├─[0m [34mm027 isLeaf[0m [32m✔[0m
[36m      ├─[0m [34mm020 getPointerByID[0m [32m✔[0m
[36m      ├─[0m [34mm010 getDefaultNamespaceURI[0m [32m✔[0m
[36m      ├─[0m [34mm009 getBaseValue[0m [32m✔[0m
[36m      ├─[0m [34mm017 getNamespaceURI[0m [32m✔[0m
[36m      ├─[0m [34mm014 getLocalName[0m [32m✔[0m
[36m      ├─[0m [34mm033 testNode[0m [32m✔[0m
[36m      ├─[0m [34mm032 testNode[0m [32m✔[0m
[36m      ├─[0m [34mm015 getName[0m [32m✔[0m
[36m      ├─[0m [34mm002 childIterator[0m [32m✔[0m
[36m      ├─[0m [34mm003 compareChildNodePointers[0m [32m✔[0m
[36m      ├─[0m [34mcontract equalsHashCode[0m [32m✔[0m
[36m      ├─[0m [34mm018 getNamespaceURI[0m [32m✔[0m
[36m      ├─[0m [34mm022 getValue[0m [32m✔[0m
[36m      ├─[0m [34mm006 createChild[0m [32m✔[0m
[36m      ├─[0m [34mm005 createChild[0m [32m✔[0m
[36m      ├─[0m [34mm016 getNamespaceResolver[0m [32m✔[0m
[36m      └─[0m [34mm028 namespaceIterator[0m [32m✔[0m

Failures (1):
  jqwik (JUnit Platform):JDOMNodePointer AutoPbtTest:m020 hashCode
    MethodSource [className = 'org.apache.commons.jxpath.ri.model.jdom.JDOMNodePointer_AutoPbtTest', methodName = 'm020_hashCode', methodParameterTypes = 'pbt.auto.AutoTarget$Call']
    => java.lang.AssertionError: [regression] org.apache.commons.jxpath.ri.model.jdom.JDOMNodePointer.hashCode()
  input:    new JDOMNodePointer.<init>["L314ef", Locale:tr_TR].hashCode[]
  expected: ret=Integer:1598837095 | this=JDOMNodePointer:
  actual:   ret=Integer:441743380 | this=JDOMNodePointer:
       pbt.auto.AutoTarget.check(AutoTarget.java:127)
       org.apache.commons.jxpath.ri.model.jdom.JDOMNodePointer_AutoPbtTest.m020_hashCode(JDOMNodePointer_AutoPbtTest.java:217)
       java.base/jdk.internal.reflect.NativeMethodAccessorImpl.invoke0(Native Method)
       java.base/jdk.internal.reflect.NativeMethodAccessorImpl.invoke(NativeMethodAccessorImpl.java:62)
       java.base/jdk.internal.reflect.DelegatingMethodAccessorImpl.invoke(DelegatingMethodAccessorImpl.java:43)
       java.base/java.lang.reflect.Method.invoke(Method.java:566)
       org.junit.platform.commons.util.ReflectionUtils.invokeMethod(ReflectionUtils.java:727)
       org.junit.platform.commons.support.ReflectionSupport.invokeMethod(ReflectionSupport.java:198)
       net.jqwik.engine.execution.CheckedPropertyFactory.lambda$createRawFunction$1(CheckedPropertyFactory.java:84)
       net.jqwik.engine.execution.CheckedPropertyFactory.lambda$createRawFunction$2(CheckedPropertyFactory.java:91)
       [...]

Test run finished after 40248 ms
[         3 containers found      ]
[         0 containers skipped    ]
[         3 containers started    ]
[         0 containers aborted    ]
[         3 containers successful ]
[         0 containers failed     ]
[        66 tests found           ]
[         0 tests skipped         ]
[        66 tests started         ]
[         0 tests aborted         ]
[        65 tests successful      ]
[         1 tests failed          ]


[exit=1 timeout=False time=63.3s]

$ java -jar /opt/jacoco/lib/jacococli.jar report /workspace/jqwik/Result_auto_Round1/JxPath_16/tries200_seed2/jacoco.exec --classfiles /work/JxPath_16f/target/classes --csv /workspace/jqwik/Result_auto_Round1/JxPath_16/tries200_seed2/jacoco.csv
[INFO] Loading execution data file /workspace/jqwik/Result_auto_Round1/JxPath_16/tries200_seed2/jacoco.exec.
[INFO] Analyzing 161 classes.

[exit=0 timeout=False time=3.3s]

$ java -Djava.awt.headless=true -Xss4m -Xmx1g -Dpbt.seed=2 -Dpbt.tries=200 -Dpbt.snapshot.dir=/work/jqwik_out/JxPath_16/auto_round1_tries200_seed2/snapshots -Dpbt.propertyBudgetMs=5000 -Dpbt.mask=/work/JxPath_16f:/work/JxPath_16b:/work/jqwik_out/JxPath_16/auto_round1_tries200_seed2/classes_f:/work/jqwik_out/JxPath_16/auto_round1_tries200_seed2/classes_b -Dpbt.mode=check -jar /workspace/lib/jqwik/junit-platform-console-standalone-1.9.3.jar --disable-banner --details tree --class-path /work/jqwik_out/JxPath_16/auto_round1_tries200_seed2/classes_b:/work/JxPath_16b/target/classes:/work/JxPath_16b/src/java:/work/JxPath_16b/target/lib/commons-beanutils-1.7.0.jar:/work/JxPath_16b/target/lib/commons-logging-1.1.jar:/work/JxPath_16b/target/lib/jdom-1.0.jar:/work/JxPath_16b/target/lib/jsp-api-2.0.jar:/work/JxPath_16b/target/lib/junit-3.8.2.jar:/work/JxPath_16b/target/lib/mockrunner-0.4.1.jar:/work/JxPath_16b/target/lib/servletapi-2.4.jar:/work/JxPath_16b/target/lib/xerces-2.4.0.jar:/work/JxPath_16b/target/lib/xml-apis-2.0.2.jar:/work/JxPath_16b/src/test:/work/JxPath_16b/target/test-classes:/opt/defects4j/framework/projects/lib/junit-4.12-hamcrest-1.3.jar:/work/jqwik_harness:/workspace/lib/jqwik/jqwik-1.7.4.jar:/workspace/lib/jqwik/jqwik-api-1.7.4.jar:/workspace/lib/jqwik/jqwik-engine-1.7.4.jar --scan-class-path /work/jqwik_out/JxPath_16/auto_round1_tries200_seed2/classes_b --include-classname .* --include-engine jqwik --config jqwik.database=/workspace/jqwik/Result_auto_Round1/JxPath_16/tries200_seed2/reports_buggy/jqwik-database --config jqwik.tries.default=200 --reports-dir /workspace/jqwik/Result_auto_Round1/JxPath_16/tries200_seed2/reports_buggy

[36m      ├─[0m [34mm026 isLanguage[0m [32m✔[0m
[36m      ├─[0m [34mm024 isActual[0m [32m✔[0m
[36m      ├─[0m [34mm025 isCollection[0m [32m✔[0m
[36m      ├─[0m [34mm019 getNamespaceURI[0m [32m✔[0m
[36m      ├─[0m [34mm008 findEnclosingAttribute[0m [32m✔[0m
[36m      ├─[0m [34mm030 remove[0m [32m✔[0m
[36m      ├─[0m [34mm007 equals[0m [32m✔[0m
[36m      ├─[0m [34mm012 getLanguage[0m [32m✔[0m
[36m      ├─[0m [34mm029 namespacePointer[0m [32m✔[0m
[36m      ├─[0m [34mm011 getImmediateNode[0m [32m✔[0m
[36m      ├─[0m [34mm021 getPrefix[0m [32m✔[0m
[36m      ├─[0m [34mm001 attributeIterator[0m [32m✔[0m
[36m      ├─[0m [34mm031 setValue[0m [32m✔[0m
[36m      ├─[0m [34mm000 asPath[0m [32m✔[0m
[36m      ├─[0m [34mm004 createAttribute[0m [32m✔[0m
[36m      ├─[0m [34mm023 hashCode[0m [32m✔[0m
[36m      ├─[0m [34mm013 getLength[0m [32m✔[0m
[36m      ├─[0m [34mm027 isLeaf[0m [32m✔[0m
[36m      ├─[0m [34mm020 getPointerByID[0m [32m✔[0m
[36m      ├─[0m [34mm010 getDefaultNamespaceURI[0m [32m✔[0m
[36m      ├─[0m [34mm009 getBaseValue[0m [32m✔[0m
[36m      ├─[0m [34mm017 getNamespaceURI[0m [32m✔[0m
[36m      ├─[0m [34mm014 getLocalName[0m [32m✔[0m
[36m      ├─[0m [34mm033 testNode[0m [32m✔[0m
[36m      ├─[0m [34mm032 testNode[0m [32m✔[0m
[36m      ├─[0m [34mm015 getName[0m [32m✔[0m
[36m      ├─[0m [34mm002 childIterator[0m [32m✔[0m
[36m      ├─[0m [34mm003 compareChildNodePointers[0m [32m✔[0m
[36m      ├─[0m [34mcontract equalsHashCode[0m [32m✔[0m
[36m      ├─[0m [34mm018 getNamespaceURI[0m [32m✔[0m
[36m      ├─[0m [34mm022 getValue[0m [32m✔[0m
[36m      ├─[0m [34mm006 createChild[0m [32m✔[0m
[36m      ├─[0m [34mm005 createChild[0m [32m✔[0m
[36m      ├─[0m [34mm016 getNamespaceResolver[0m [32m✔[0m
[36m      └─[0m [34mm028 namespaceIterator[0m [32m✔[0m

Failures (1):
  jqwik (JUnit Platform):JDOMNodePointer AutoPbtTest:m020 hashCode
    MethodSource [className = 'org.apache.commons.jxpath.ri.model.jdom.JDOMNodePointer_AutoPbtTest', methodName = 'm020_hashCode', methodParameterTypes = 'pbt.auto.AutoTarget$Call']
    => java.lang.AssertionError: [regression] org.apache.commons.jxpath.ri.model.jdom.JDOMNodePointer.hashCode()
  input:    new JDOMNodePointer.<init>["L314ef", Locale:tr_TR].hashCode[]
  expected: ret=Integer:1598837095 | this=JDOMNodePointer:
  actual:   ret=Integer:571245223 | this=JDOMNodePointer:
       pbt.auto.AutoTarget.check(AutoTarget.java:127)
       org.apache.commons.jxpath.ri.model.jdom.JDOMNodePointer_AutoPbtTest.m020_hashCode(JDOMNodePointer_AutoPbtTest.java:217)
       java.base/jdk.internal.reflect.NativeMethodAccessorImpl.invoke0(Native Method)
       java.base/jdk.internal.reflect.NativeMethodAccessorImpl.invoke(NativeMethodAccessorImpl.java:62)
       java.base/jdk.internal.reflect.DelegatingMethodAccessorImpl.invoke(DelegatingMethodAccessorImpl.java:43)
       java.base/java.lang.reflect.Method.invoke(Method.java:566)
       org.junit.platform.commons.util.ReflectionUtils.invokeMethod(ReflectionUtils.java:727)
       org.junit.platform.commons.support.ReflectionSupport.invokeMethod(ReflectionSupport.java:198)
       net.jqwik.engine.execution.CheckedPropertyFactory.lambda$createRawFunction$1(CheckedPropertyFactory.java:84)
       net.jqwik.engine.execution.CheckedPropertyFactory.lambda$createRawFunction$2(CheckedPropertyFactory.java:91)
       [...]

Test run finished after 19828 ms
[         3 containers found      ]
[         0 containers skipped    ]
[         3 containers started    ]
[         0 containers aborted    ]
[         3 containers successful ]
[         0 containers failed     ]
[        66 tests found           ]
[         0 tests skipped         ]
[        66 tests started         ]
[         0 tests aborted         ]
[        65 tests successful      ]
[         1 tests failed          ]


[exit=1 timeout=False time=24.2s]
