
$ javac -nowarn -encoding UTF-8 -cp /work/Math_22f/target/classes:/work/Math_22f/target/test-classes:/opt/defects4j/framework/projects/lib/junit-4.12-hamcrest-1.3.jar:/work/jqwik_harness:/workspace/lib/jqwik/jqwik-1.7.4.jar:/workspace/lib/jqwik/jqwik-api-1.7.4.jar:/workspace/lib/jqwik/jqwik-engine-1.7.4.jar -d /work/jqwik_out/Math_22/auto_round2_tries1000_seed1/classes_f /workspace/jqwik/Auto/Math_22/org/apache/commons/math3/distribution/FDistribution_AutoPbtTest.java /workspace/jqwik/Auto/Math_22/org/apache/commons/math3/distribution/UniformRealDistribution_AutoPbtTest.java

[exit=0 timeout=False time=1.4s]

$ javac -nowarn -encoding UTF-8 -cp /work/Math_22b/target/classes:/work/Math_22b/target/test-classes:/opt/defects4j/framework/projects/lib/junit-4.12-hamcrest-1.3.jar:/work/jqwik_harness:/workspace/lib/jqwik/jqwik-1.7.4.jar:/workspace/lib/jqwik/jqwik-api-1.7.4.jar:/workspace/lib/jqwik/jqwik-engine-1.7.4.jar -d /work/jqwik_out/Math_22/auto_round2_tries1000_seed1/classes_b /workspace/jqwik/Auto/Math_22/org/apache/commons/math3/distribution/FDistribution_AutoPbtTest.java /workspace/jqwik/Auto/Math_22/org/apache/commons/math3/distribution/UniformRealDistribution_AutoPbtTest.java

[exit=0 timeout=False time=1.4s]

$ java -Djava.awt.headless=true -Xss4m -Xmx1g -Dpbt.seed=1 -Dpbt.tries=1000 -Dpbt.snapshot.dir=/work/jqwik_out/Math_22/auto_round2_tries1000_seed1/snapshots -Dpbt.propertyBudgetMs=5000 -Dpbt.mask=/work/Math_22f:/work/Math_22b:/work/jqwik_out/Math_22/auto_round2_tries1000_seed1/classes_f:/work/jqwik_out/Math_22/auto_round2_tries1000_seed1/classes_b -Dpbt.mode=record -jar /workspace/lib/jqwik/junit-platform-console-standalone-1.9.3.jar --disable-banner --details tree --class-path /work/jqwik_out/Math_22/auto_round2_tries1000_seed1/classes_f:/work/Math_22f/target/classes:/work/Math_22f/target/test-classes:/opt/defects4j/framework/projects/lib/junit-4.12-hamcrest-1.3.jar:/work/jqwik_harness:/workspace/lib/jqwik/jqwik-1.7.4.jar:/workspace/lib/jqwik/jqwik-api-1.7.4.jar:/workspace/lib/jqwik/jqwik-engine-1.7.4.jar --scan-class-path /work/jqwik_out/Math_22/auto_round2_tries1000_seed1/classes_f --include-classname .* --include-engine jqwik --config jqwik.database=/workspace/jqwik/Result_auto_Round2/Math_22/tries1000_seed1/reports_record/jqwik-database --config jqwik.tries.default=1000 --reports-dir /workspace/jqwik/Result_auto_Round2/Math_22/tries1000_seed1/reports_record

tries = 1000                  | # of calls to property
checks = 1000                 | # of not rejected calls
generation = RANDOMIZED       | parameters are randomly generated
after-failure = SAMPLE_FIRST  | try previously failed sample, then previous seed
when-fixed-seed = ALLOW       | fixing the random seed is allowed
edge-cases#mode = NONE        | edge cases are not explicitly generated
seed = 1                      | random seed to reproduce generated values


timestamp = 2026-09-30T01:33:01.256600, UniformRealDistribution AutoPbtTest:m004 getSolverAbsoluteAccuracy = 
                              |-----------------------jqwik-----------------------
tries = 1000                  | # of calls to property
checks = 1000                 | # of not rejected calls
generation = RANDOMIZED       | parameters are randomly generated
after-failure = SAMPLE_FIRST  | try previously failed sample, then previous seed
when-fixed-seed = ALLOW       | fixing the random seed is allowed
edge-cases#mode = NONE        | edge cases are not explicitly generated
seed = 1                      | random seed to reproduce generated values


timestamp = 2026-09-30T01:33:01.463391, UniformRealDistribution AutoPbtTest:m010 sample = 
                              |-----------------------jqwik-----------------------
tries = 1000                  | # of calls to property
checks = 1000                 | # of not rejected calls
generation = RANDOMIZED       | parameters are randomly generated
after-failure = SAMPLE_FIRST  | try previously failed sample, then previous seed
when-fixed-seed = ALLOW       | fixing the random seed is allowed
edge-cases#mode = NONE        | edge cases are not explicitly generated
seed = 1                      | random seed to reproduce generated values


[36m╷[0m
[36m└─[0m [36mjqwik (JUnit Platform)[0m [32m✔[0m
[36m   ├─[0m [36mFDistribution AutoPbtTest[0m [32m✔[0m
[36m   │  ├─[0m [34mm006 getNumericalVariance[0m [32m✔[0m
[36m   │  ├─[0m [34mm002 density[0m [32m✔[0m
[36m   │  ├─[0m [34mm010 isSupportConnected[0m [32m✔[0m
[36m   │  ├─[0m [34mm012 isSupportUpperBoundInclusive[0m [32m✔[0m
[36m   │  ├─[0m [34mm001 cumulativeProbability[0m [32m✔[0m
[36m   │  ├─[0m [34mm007 getSolverAbsoluteAccuracy[0m [32m✔[0m
[36m   │  ├─[0m [34mm004 getNumeratorDegreesOfFreedom[0m [32m✔[0m
[36m   │  ├─[0m [34mm003 getDenominatorDegreesOfFreedom[0m [32m✔[0m
[36m   │  ├─[0m [34mm000 calculateNumericalVariance[0m [32m✔[0m
[36m   │  ├─[0m [34mm011 isSupportLowerBoundInclusive[0m [32m✔[0m
[36m   │  ├─[0m [34mm009 getSupportUpperBound[0m [32m✔[0m
[36m   │  ├─[0m [34mm005 getNumericalMean[0m [32m✔[0m
[36m   │  └─[0m [34mm008 getSupportLowerBound[0m [32m✔[0m
[36m   └─[0m [36mUniformRealDistribution AutoPbtTest[0m [32m✔[0m
[36m      ├─[0m [34mm006 getSupportUpperBound[0m [32m✔[0m
[36m      ├─[0m [34mm000 cumulativeProbability[0m [32m✔[0m
[36m      ├─[0m [34mm005 getSupportLowerBound[0m [32m✔[0m
[36m      ├─[0m [34mm009 isSupportUpperBoundInclusive[0m [32m✔[0m
[36m      ├─[0m [34mm002 getNumericalMean[0m [32m✔[0m
[36m      ├─[0m [34mm008 isSupportLowerBoundInclusive[0m [32m✔[0m
[36m      ├─[0m [34mm007 isSupportConnected[0m [32m✔[0m
[36m      ├─[0m [34mm003 getNumericalVariance[0m [32m✔[0m
[36m      ├─[0m [34mm001 density[0m [32m✔[0m
[36m      ├─[0m [34mm004 getSolverAbsoluteAccuracy[0m [32m✔[0m
[36m      └─[0m [34mm010 sample[0m [32m✔[0m

Test run finished after 9936 ms
[         3 containers found      ]
[         0 containers skipped    ]
[         3 containers started    ]
[         0 containers aborted    ]
[         3 containers successful ]
[         0 containers failed     ]
[        24 tests found           ]
[         0 tests skipped         ]
[        24 tests started         ]
[         0 tests aborted         ]
[        24 tests successful      ]
[         0 tests failed          ]


[exit=0 timeout=False time=11.3s]

$ java -Djava.awt.headless=true -Xss4m -Xmx1g -Dpbt.seed=1 -Dpbt.tries=1000 -Dpbt.snapshot.dir=/work/jqwik_out/Math_22/auto_round2_tries1000_seed1/snapshots -Dpbt.propertyBudgetMs=5000 -Dpbt.mask=/work/Math_22f:/work/Math_22b:/work/jqwik_out/Math_22/auto_round2_tries1000_seed1/classes_f:/work/jqwik_out/Math_22/auto_round2_tries1000_seed1/classes_b -Dpbt.mode=check -javaagent:/opt/jacoco/lib/jacocoagent.jar=destfile=/workspace/jqwik/Result_auto_Round2/Math_22/tries1000_seed1/jacoco.exec -jar /workspace/lib/jqwik/junit-platform-console-standalone-1.9.3.jar --disable-banner --details tree --class-path /work/jqwik_out/Math_22/auto_round2_tries1000_seed1/classes_f:/work/Math_22f/target/classes:/work/Math_22f/target/test-classes:/opt/defects4j/framework/projects/lib/junit-4.12-hamcrest-1.3.jar:/work/jqwik_harness:/workspace/lib/jqwik/jqwik-1.7.4.jar:/workspace/lib/jqwik/jqwik-api-1.7.4.jar:/workspace/lib/jqwik/jqwik-engine-1.7.4.jar --scan-class-path /work/jqwik_out/Math_22/auto_round2_tries1000_seed1/classes_f --include-classname .* --include-engine jqwik --config jqwik.database=/workspace/jqwik/Result_auto_Round2/Math_22/tries1000_seed1/reports_fixed/jqwik-database --config jqwik.tries.default=1000 --reports-dir /workspace/jqwik/Result_auto_Round2/Math_22/tries1000_seed1/reports_fixed
getSolverAbsoluteAccuracy[0m [32m✔[0m
[36m   │  ├─[0m [34mm004 getNumeratorDegreesOfFreedom[0m [32m✔[0m
[36m   │  ├─[0m [34mm003 getDenominatorDegreesOfFreedom[0m [32m✔[0m
[36m   │  ├─[0m [34mm000 calculateNumericalVariance[0m [32m✔[0m
[36m   │  ├─[0m [34mm011 isSupportLowerBoundInclusive[0m [32m✔[0m
[36m   │  ├─[0m [34mm009 getSupportUpperBound[0m [32m✔[0m
[36m   │  ├─[0m [34mm005 getNumericalMean[0m [32m✔[0m
[36m   │  └─[0m [34mm008 getSupportLowerBound[0m [32m✔[0m
[36m   └─[0m [36mUniformRealDistribution AutoPbtTest[0m [32m✔[0m
[36m      ├─[0m [34mm006 getSupportUpperBound[0m [32m✔[0m
[36m      ├─[0m [34mm000 cumulativeProbability[0m [32m✔[0m
[36m      ├─[0m [34mm005 getSupportLowerBound[0m [32m✔[0m
[36m      ├─[0m [34mm009 isSupportUpperBoundInclusive[0m [32m✔[0m
[36m      ├─[0m [34mm002 getNumericalMean[0m [32m✔[0m
[36m      ├─[0m [34mm008 isSupportLowerBoundInclusive[0m [32m✔[0m
[36m      ├─[0m [34mm007 isSupportConnected[0m [32m✔[0m
[36m      ├─[0m [34mm003 getNumericalVariance[0m [32m✔[0m
[36m      ├─[0m [34mm001 density[0m [32m✔[0m
[36m      ├─[0m [34mm004 getSolverAbsoluteAccuracy[0m [32m✔[0m
[36m      └─[0m [31mm010 sample[0m [31m✘[0m [31m[regression] org.apache.commons.math3.distribution.UniformRealDistribution.sample()[0m
[36m            [0m[31m     input:    new UniformRealDistribution.<init>[Double:0.02, Double:0.5, Double:7.183135629E7].sample[][0m
[36m            [0m[31m     expected: ret=Double:0.18257417690233313 | this=obj org.apache.commons.math3.distribution.UniformRealDistribution[0m
[36m            [0m[31m     actual:   ret=Double:0.3011350422041351 | this=obj org.apache.commons.math3.distribution.UniformRealDistribution[0m

Failures (1):
  jqwik (JUnit Platform):UniformRealDistribution AutoPbtTest:m010 sample
    MethodSource [className = 'org.apache.commons.math3.distribution.UniformRealDistribution_AutoPbtTest', methodName = 'm010_sample', methodParameterTypes = 'pbt.auto.AutoTarget$Call']
    => java.lang.AssertionError: [regression] org.apache.commons.math3.distribution.UniformRealDistribution.sample()
  input:    new UniformRealDistribution.<init>[Double:0.02, Double:0.5, Double:7.183135629E7].sample[]
  expected: ret=Double:0.18257417690233313 | this=obj org.apache.commons.math3.distribution.UniformRealDistribution
  actual:   ret=Double:0.3011350422041351 | this=obj org.apache.commons.math3.distribution.UniformRealDistribution
       pbt.auto.AutoTarget.check(AutoTarget.java:127)
       org.apache.commons.math3.distribution.UniformRealDistribution_AutoPbtTest.m010_sample(UniformRealDistribution_AutoPbtTest.java:118)
       java.base/jdk.internal.reflect.NativeMethodAccessorImpl.invoke0(Native Method)
       java.base/jdk.internal.reflect.NativeMethodAccessorImpl.invoke(NativeMethodAccessorImpl.java:62)
       java.base/jdk.internal.reflect.DelegatingMethodAccessorImpl.invoke(DelegatingMethodAccessorImpl.java:43)
       java.base/java.lang.reflect.Method.invoke(Method.java:566)
       org.junit.platform.commons.util.ReflectionUtils.invokeMethod(ReflectionUtils.java:727)
       org.junit.platform.commons.support.ReflectionSupport.invokeMethod(ReflectionSupport.java:198)
       net.jqwik.engine.execution.CheckedPropertyFactory.lambda$createRawFunction$1(CheckedPropertyFactory.java:84)
       net.jqwik.engine.execution.CheckedPropertyFactory.lambda$createRawFunction$2(CheckedPropertyFactory.java:91)
       [...]

Test run finished after 11678 ms
[         3 containers found      ]
[         0 containers skipped    ]
[         3 containers started    ]
[         0 containers aborted    ]
[         3 containers successful ]
[         0 containers failed     ]
[        24 tests found           ]
[         0 tests skipped         ]
[        24 tests started         ]
[         0 tests aborted         ]
[        23 tests successful      ]
[         1 tests failed          ]


[exit=1 timeout=False time=19.5s]

$ java -jar /opt/jacoco/lib/jacococli.jar report /workspace/jqwik/Result_auto_Round2/Math_22/tries1000_seed1/jacoco.exec --classfiles /work/Math_22f/target/classes --csv /workspace/jqwik/Result_auto_Round2/Math_22/tries1000_seed1/jacoco.csv
[INFO] Loading execution data file /workspace/jqwik/Result_auto_Round2/Math_22/tries1000_seed1/jacoco.exec.
[INFO] Analyzing 656 classes.

[exit=0 timeout=False time=1.1s]

$ java -Djava.awt.headless=true -Xss4m -Xmx1g -Dpbt.seed=1 -Dpbt.tries=1000 -Dpbt.snapshot.dir=/work/jqwik_out/Math_22/auto_round2_tries1000_seed1/snapshots -Dpbt.propertyBudgetMs=5000 -Dpbt.mask=/work/Math_22f:/work/Math_22b:/work/jqwik_out/Math_22/auto_round2_tries1000_seed1/classes_f:/work/jqwik_out/Math_22/auto_round2_tries1000_seed1/classes_b -Dpbt.mode=check -jar /workspace/lib/jqwik/junit-platform-console-standalone-1.9.3.jar --disable-banner --details tree --class-path /work/jqwik_out/Math_22/auto_round2_tries1000_seed1/classes_b:/work/Math_22b/target/classes:/work/Math_22b/target/test-classes:/opt/defects4j/framework/projects/lib/junit-4.12-hamcrest-1.3.jar:/work/jqwik_harness:/workspace/lib/jqwik/jqwik-1.7.4.jar:/workspace/lib/jqwik/jqwik-api-1.7.4.jar:/workspace/lib/jqwik/jqwik-engine-1.7.4.jar --scan-class-path /work/jqwik_out/Math_22/auto_round2_tries1000_seed1/classes_b --include-classname .* --include-engine jqwik --config jqwik.database=/workspace/jqwik/Result_auto_Round2/Math_22/tries1000_seed1/reports_buggy/jqwik-database --config jqwik.tries.default=1000 --reports-dir /workspace/jqwik/Result_auto_Round2/Math_22/tries1000_seed1/reports_buggy
       [...]
  jqwik (JUnit Platform):UniformRealDistribution AutoPbtTest:m009 isSupportUpperBoundInclusive
    MethodSource [className = 'org.apache.commons.math3.distribution.UniformRealDistribution_AutoPbtTest', methodName = 'm009_isSupportUpperBoundInclusive', methodParameterTypes = 'pbt.auto.AutoTarget$Call']
    => java.lang.AssertionError: [regression] org.apache.commons.math3.distribution.UniformRealDistribution.isSupportUpperBoundInclusive()
  input:    new UniformRealDistribution.<init>[null, Double:-2.74, Double:9.156117338123807E99, Double:0.23].isSupportUpperBoundInclusive[]
  expected: ret=Boolean:true | this=obj org.apache.commons.math3.distribution.UniformRealDistribution
  actual:   ret=Boolean:false | this=obj org.apache.commons.math3.distribution.UniformRealDistribution
       pbt.auto.AutoTarget.check(AutoTarget.java:127)
       org.apache.commons.math3.distribution.UniformRealDistribution_AutoPbtTest.m009_isSupportUpperBoundInclusive(UniformRealDistribution_AutoPbtTest.java:108)
       java.base/jdk.internal.reflect.NativeMethodAccessorImpl.invoke0(Native Method)
       java.base/jdk.internal.reflect.NativeMethodAccessorImpl.invoke(NativeMethodAccessorImpl.java:62)
       java.base/jdk.internal.reflect.DelegatingMethodAccessorImpl.invoke(DelegatingMethodAccessorImpl.java:43)
       java.base/java.lang.reflect.Method.invoke(Method.java:566)
       org.junit.platform.commons.util.ReflectionUtils.invokeMethod(ReflectionUtils.java:727)
       org.junit.platform.commons.support.ReflectionSupport.invokeMethod(ReflectionSupport.java:198)
       net.jqwik.engine.execution.CheckedPropertyFactory.lambda$createRawFunction$1(CheckedPropertyFactory.java:84)
       net.jqwik.engine.execution.CheckedPropertyFactory.lambda$createRawFunction$2(CheckedPropertyFactory.java:91)
       [...]
  jqwik (JUnit Platform):UniformRealDistribution AutoPbtTest:m010 sample
    MethodSource [className = 'org.apache.commons.math3.distribution.UniformRealDistribution_AutoPbtTest', methodName = 'm010_sample', methodParameterTypes = 'pbt.auto.AutoTarget$Call']
    => java.lang.AssertionError: [regression] org.apache.commons.math3.distribution.UniformRealDistribution.sample()
  input:    new UniformRealDistribution.<init>[Double:0.02, Double:0.5, Double:7.183135629E7].sample[]
  expected: ret=Double:0.18257417690233313 | this=obj org.apache.commons.math3.distribution.UniformRealDistribution
  actual:   ret=Double:0.2469981359764555 | this=obj org.apache.commons.math3.distribution.UniformRealDistribution
       pbt.auto.AutoTarget.check(AutoTarget.java:127)
       org.apache.commons.math3.distribution.UniformRealDistribution_AutoPbtTest.m010_sample(UniformRealDistribution_AutoPbtTest.java:118)
       java.base/jdk.internal.reflect.NativeMethodAccessorImpl.invoke0(Native Method)
       java.base/jdk.internal.reflect.NativeMethodAccessorImpl.invoke(NativeMethodAccessorImpl.java:62)
       java.base/jdk.internal.reflect.DelegatingMethodAccessorImpl.invoke(DelegatingMethodAccessorImpl.java:43)
       java.base/java.lang.reflect.Method.invoke(Method.java:566)
       org.junit.platform.commons.util.ReflectionUtils.invokeMethod(ReflectionUtils.java:727)
       org.junit.platform.commons.support.ReflectionSupport.invokeMethod(ReflectionSupport.java:198)
       net.jqwik.engine.execution.CheckedPropertyFactory.lambda$createRawFunction$1(CheckedPropertyFactory.java:84)
       net.jqwik.engine.execution.CheckedPropertyFactory.lambda$createRawFunction$2(CheckedPropertyFactory.java:91)
       [...]

Test run finished after 9290 ms
[         3 containers found      ]
[         0 containers skipped    ]
[         3 containers started    ]
[         0 containers aborted    ]
[         3 containers successful ]
[         0 containers failed     ]
[        24 tests found           ]
[         0 tests skipped         ]
[        24 tests started         ]
[         0 tests aborted         ]
[        21 tests successful      ]
[         3 tests failed          ]


[exit=1 timeout=False time=10.4s]
