
$ defects4j checkout -p Closure -v 73f -w /work/Closure_73f
Checking out ee834409 to /work/Closure_73f................................. OK
Init local repository...................................................... OK
Tag post-fix revision...................................................... OK
sed: can't read /work/Closure_73f/lib/rhino/build.properties: No such file or directory
sed: can't read /work/Closure_73f/lib/rhino/build.properties: No such file or directory
sed: can't read /work/Closure_73f/lib/rhino/src/mozilla/js/rhino/build.properties: No such file or directory
sed: can't read /work/Closure_73f/lib/rhino/src/mozilla/js/rhino/build.properties: No such file or directory
Run post-checkout hook..................................................... OK
Excluding broken/flaky tests............................................... OK
Excluding broken/flaky tests............................................... OK
Initialize fixed program version........................................... OK
Apply patch................................................................ OK
Initialize buggy program version........................................... OK
Diff ee834409:760bded3..................................................... OK
Apply patch................................................................ OK
Tag pre-fix revision....................................................... OK
Check out program version: Closure-73f..................................... OK

[exit=0 timeout=False time=3.4s]

$ defects4j compile -w /work/Closure_73f
Running ant (compile)...................................................... OK
Running ant (compile.tests)................................................ OK

[exit=0 timeout=False time=20.9s]

$ defects4j checkout -p Closure -v 73b -w /work/Closure_73b
Checking out ee834409 to /work/Closure_73b................................. OK
Init local repository...................................................... OK
Tag post-fix revision...................................................... OK
sed: can't read /work/Closure_73b/lib/rhino/build.properties: No such file or directory
sed: can't read /work/Closure_73b/lib/rhino/build.properties: No such file or directory
sed: can't read /work/Closure_73b/lib/rhino/src/mozilla/js/rhino/build.properties: No such file or directory
sed: can't read /work/Closure_73b/lib/rhino/src/mozilla/js/rhino/build.properties: No such file or directory
Run post-checkout hook..................................................... OK
Excluding broken/flaky tests............................................... OK
Excluding broken/flaky tests............................................... OK
Initialize fixed program version........................................... OK
Apply patch................................................................ OK
Initialize buggy program version........................................... OK
Diff ee834409:760bded3..................................................... OK
Apply patch................................................................ OK
Tag pre-fix revision....................................................... OK
Check out program version: Closure-73b..................................... OK

[exit=0 timeout=False time=4.3s]

$ defects4j compile -w /work/Closure_73b
Running ant (compile)...................................................... OK
Running ant (compile.tests)................................................ OK

[exit=0 timeout=False time=23.3s]

$ java -cp /work/jqwik_harness:/workspace/lib/jqwik/jqwik-1.7.4.jar:/workspace/lib/jqwik/jqwik-api-1.7.4.jar:/workspace/lib/jqwik/jqwik-engine-1.7.4.jar pbt.auto.Generate --targets com.google.javascript.jscomp.CodeGenerator --fixed-cp /work/Closure_73f/build/classes:/work/Closure_73f/lib/args4j.jar:/work/Closure_73f/lib/guava.jar:/work/Closure_73f/lib/json.jar:/work/Closure_73f/lib/jsr305.jar:/work/Closure_73f/lib/libtrunk_rhino_parser_jarjared.jar:/work/Closure_73f/lib/protobuf-java.jar:/work/Closure_73f/lib/ant.jar:/work/Closure_73f/lib/ant-launcher.jar:/work/Closure_73f/lib/caja-r4314.jar:/work/Closure_73f/lib/junit.jar:/work/Closure_73f/build/test --buggy-cp /work/Closure_73b/build/classes:/work/Closure_73b/lib/args4j.jar:/work/Closure_73b/lib/guava.jar:/work/Closure_73b/lib/json.jar:/work/Closure_73b/lib/jsr305.jar:/work/Closure_73b/lib/libtrunk_rhino_parser_jarjared.jar:/work/Closure_73b/lib/protobuf-java.jar:/work/Closure_73b/lib/ant.jar:/work/Closure_73b/lib/ant-launcher.jar:/work/Closure_73b/lib/caja-r4314.jar:/work/Closure_73b/lib/junit.jar:/work/Closure_73b/build/test --out /workspace/jqwik/Auto/Closure_73 --max-methods 150
generated test classes: 1 / 1

[exit=0 timeout=False time=0.4s]

$ javac -nowarn -encoding UTF-8 -cp /work/Closure_73f/build/classes:/work/Closure_73f/lib/args4j.jar:/work/Closure_73f/lib/guava.jar:/work/Closure_73f/lib/json.jar:/work/Closure_73f/lib/jsr305.jar:/work/Closure_73f/lib/libtrunk_rhino_parser_jarjared.jar:/work/Closure_73f/lib/protobuf-java.jar:/work/Closure_73f/lib/ant.jar:/work/Closure_73f/lib/ant-launcher.jar:/work/Closure_73f/lib/caja-r4314.jar:/work/Closure_73f/lib/junit.jar:/work/Closure_73f/build/test:/work/jqwik_harness:/workspace/lib/jqwik/jqwik-1.7.4.jar:/workspace/lib/jqwik/jqwik-api-1.7.4.jar:/workspace/lib/jqwik/jqwik-engine-1.7.4.jar -d /work/jqwik_out/Closure_73/auto_round1_tries200_seed1/classes_f /workspace/jqwik/Auto/Closure_73/com/google/javascript/jscomp/CodeGenerator_AutoPbtTest.java

[exit=0 timeout=False time=1.3s]

$ javac -nowarn -encoding UTF-8 -cp /work/Closure_73b/build/classes:/work/Closure_73b/lib/args4j.jar:/work/Closure_73b/lib/guava.jar:/work/Closure_73b/lib/json.jar:/work/Closure_73b/lib/jsr305.jar:/work/Closure_73b/lib/libtrunk_rhino_parser_jarjared.jar:/work/Closure_73b/lib/protobuf-java.jar:/work/Closure_73b/lib/ant.jar:/work/Closure_73b/lib/ant-launcher.jar:/work/Closure_73b/lib/caja-r4314.jar:/work/Closure_73b/lib/junit.jar:/work/Closure_73b/build/test:/work/jqwik_harness:/workspace/lib/jqwik/jqwik-1.7.4.jar:/workspace/lib/jqwik/jqwik-api-1.7.4.jar:/workspace/lib/jqwik/jqwik-engine-1.7.4.jar -d /work/jqwik_out/Closure_73/auto_round1_tries200_seed1/classes_b /workspace/jqwik/Auto/Closure_73/com/google/javascript/jscomp/CodeGenerator_AutoPbtTest.java

[exit=0 timeout=False time=1.3s]

$ java -Djava.awt.headless=true -Xss4m -Xmx1g -Dpbt.seed=1 -Dpbt.tries=200 -Dpbt.snapshot.dir=/work/jqwik_out/Closure_73/auto_round1_tries200_seed1/snapshots -Dpbt.propertyBudgetMs=5000 -Dpbt.mask=/work/Closure_73f:/work/Closure_73b:/work/jqwik_out/Closure_73/auto_round1_tries200_seed1/classes_f:/work/jqwik_out/Closure_73/auto_round1_tries200_seed1/classes_b -Dpbt.mode=record -jar /workspace/lib/jqwik/junit-platform-console-standalone-1.9.3.jar --disable-banner --details tree --class-path /work/jqwik_out/Closure_73/auto_round1_tries200_seed1/classes_f:/work/Closure_73f/build/classes:/work/Closure_73f/lib/args4j.jar:/work/Closure_73f/lib/guava.jar:/work/Closure_73f/lib/json.jar:/work/Closure_73f/lib/jsr305.jar:/work/Closure_73f/lib/libtrunk_rhino_parser_jarjared.jar:/work/Closure_73f/lib/protobuf-java.jar:/work/Closure_73f/lib/ant.jar:/work/Closure_73f/lib/ant-launcher.jar:/work/Closure_73f/lib/caja-r4314.jar:/work/Closure_73f/lib/junit.jar:/work/Closure_73f/build/test:/work/jqwik_harness:/workspace/lib/jqwik/jqwik-1.7.4.jar:/workspace/lib/jqwik/jqwik-api-1.7.4.jar:/workspace/lib/jqwik/jqwik-engine-1.7.4.jar --scan-class-path /work/jqwik_out/Closure_73/auto_round1_tries200_seed1/classes_f --include-classname .* --include-engine jqwik --config jqwik.database=/workspace/jqwik/Result_auto_Round1/Closure_73/tries200_seed1/reports_record/jqwik-database --config jqwik.tries.default=200 --reports-dir /workspace/jqwik/Result_auto_Round1/Closure_73/tries200_seed1/reports_record
        | # of not rejected calls
generation = RANDOMIZED       | parameters are randomly generated
after-failure = SAMPLE_FIRST  | try previously failed sample, then previous seed
when-fixed-seed = ALLOW       | fixing the random seed is allowed
edge-cases#mode = NONE        | edge cases are not explicitly generated
seed = 1                      | random seed to reproduce generated values


timestamp = 2026-09-30T21:39:39.949045, CodeGenerator AutoPbtTest:m002 add = 
                              |-----------------------jqwik-----------------------
tries = 200                   | # of calls to property
checks = 200                  | # of not rejected calls
generation = RANDOMIZED       | parameters are randomly generated
after-failure = SAMPLE_FIRST  | try previously failed sample, then previous seed
when-fixed-seed = ALLOW       | fixing the random seed is allowed
edge-cases#mode = NONE        | edge cases are not explicitly generated
seed = 1                      | random seed to reproduce generated values


timestamp = 2026-09-30T21:39:39.969405, CodeGenerator AutoPbtTest:m019 tagAsStrict = 
                              |-----------------------jqwik-----------------------
tries = 6                     | # of calls to property
checks = 6                    | # of not rejected calls
generation = EXHAUSTIVE       | parameters are exhaustively generated
after-failure = SAMPLE_FIRST  | try previously failed sample, then previous seed
when-fixed-seed = ALLOW       | fixing the random seed is allowed
edge-cases#mode = NONE        | edge cases are not explicitly generated
seed = 1                      | random seed to reproduce generated values


timestamp = 2026-09-30T21:39:40.003812, CodeGenerator AutoPbtTest:m014 isSimpleNumber = 
                              |-----------------------jqwik-----------------------
tries = 200                   | # of calls to property
checks = 200                  | # of not rejected calls
generation = RANDOMIZED       | parameters are randomly generated
after-failure = SAMPLE_FIRST  | try previously failed sample, then previous seed
when-fixed-seed = ALLOW       | fixing the random seed is allowed
edge-cases#mode = NONE        | edge cases are not explicitly generated
seed = 1                      | random seed to reproduce generated values


[36m╷[0m
[36m└─[0m [36mjqwik (JUnit Platform)[0m [32m✔[0m
[36m   └─[0m [36mCodeGenerator AutoPbtTest[0m [32m✔[0m
[36m      ├─[0m [34mm007 addLeftExpr[0m [32m✔[0m
[36m      ├─[0m [34mm004 addArrayList[0m [32m✔[0m
[36m      ├─[0m [34mm006 addExpr[0m [32m✔[0m
[36m      ├─[0m [34mm008 addList[0m [32m✔[0m
[36m      ├─[0m [34mm010 addList[0m [32m✔[0m
[36m      ├─[0m [34mm003 addAllSiblings[0m [32m✔[0m
[36m      ├─[0m [34mm017 regexpEscape[0m [32m✔[0m
[36m      ├─[0m [34mm013 identifierEscape[0m [32m✔[0m
[36m      ├─[0m [34mm011 escapeToDoubleQuotedJsString[0m [32m✔[0m
[36m      ├─[0m [34mm005 addCaseBody[0m [32m✔[0m
[36m      ├─[0m [34mm016 regexpEscape[0m [32m✔[0m
[36m      ├─[0m [34mm009 addList[0m [32m✔[0m
[36m      ├─[0m [34mm012 getSimpleNumber[0m [32m✔[0m
[36m      ├─[0m [34mm018 strEscape[0m [32m✔[0m
[36m      ├─[0m [34mm015 jsString[0m [32m✔[0m
[36m      ├─[0m [34mm000 add[0m [32m✔[0m
[36m      ├─[0m [34mm001 add[0m [32m✔[0m
[36m      ├─[0m [34mm002 add[0m [32m✔[0m
[36m      ├─[0m [34mm019 tagAsStrict[0m [32m✔[0m
[36m      └─[0m [34mm014 isSimpleNumber[0m [32m✔[0m

Test run finished after 3839 ms
[         2 containers found      ]
[         0 containers skipped    ]
[         2 containers started    ]
[         0 containers aborted    ]
[         2 containers successful ]
[         0 containers failed     ]
[        20 tests found           ]
[         0 tests skipped         ]
[        20 tests started         ]
[         0 tests aborted         ]
[        20 tests successful      ]
[         0 tests failed          ]


[exit=0 timeout=False time=5.2s]

$ java -Djava.awt.headless=true -Xss4m -Xmx1g -Dpbt.seed=1 -Dpbt.tries=200 -Dpbt.snapshot.dir=/work/jqwik_out/Closure_73/auto_round1_tries200_seed1/snapshots -Dpbt.propertyBudgetMs=5000 -Dpbt.mask=/work/Closure_73f:/work/Closure_73b:/work/jqwik_out/Closure_73/auto_round1_tries200_seed1/classes_f:/work/jqwik_out/Closure_73/auto_round1_tries200_seed1/classes_b -Dpbt.mode=check -javaagent:/opt/jacoco/lib/jacocoagent.jar=destfile=/workspace/jqwik/Result_auto_Round1/Closure_73/tries200_seed1/jacoco.exec -jar /workspace/lib/jqwik/junit-platform-console-standalone-1.9.3.jar --disable-banner --details tree --class-path /work/jqwik_out/Closure_73/auto_round1_tries200_seed1/classes_f:/work/Closure_73f/build/classes:/work/Closure_73f/lib/args4j.jar:/work/Closure_73f/lib/guava.jar:/work/Closure_73f/lib/json.jar:/work/Closure_73f/lib/jsr305.jar:/work/Closure_73f/lib/libtrunk_rhino_parser_jarjared.jar:/work/Closure_73f/lib/protobuf-java.jar:/work/Closure_73f/lib/ant.jar:/work/Closure_73f/lib/ant-launcher.jar:/work/Closure_73f/lib/caja-r4314.jar:/work/Closure_73f/lib/junit.jar:/work/Closure_73f/build/test:/work/jqwik_harness:/workspace/lib/jqwik/jqwik-1.7.4.jar:/workspace/lib/jqwik/jqwik-api-1.7.4.jar:/workspace/lib/jqwik/jqwik-engine-1.7.4.jar --scan-class-path /work/jqwik_out/Closure_73/auto_round1_tries200_seed1/classes_f --include-classname .* --include-engine jqwik --config jqwik.database=/workspace/jqwik/Result_auto_Round1/Closure_73/tries200_seed1/reports_fixed/jqwik-database --config jqwik.tries.default=200 --reports-dir /workspace/jqwik/Result_auto_Round1/Closure_73/tries200_seed1/reports_fixed
        | # of not rejected calls
generation = RANDOMIZED       | parameters are randomly generated
after-failure = SAMPLE_FIRST  | try previously failed sample, then previous seed
when-fixed-seed = ALLOW       | fixing the random seed is allowed
edge-cases#mode = NONE        | edge cases are not explicitly generated
seed = 1                      | random seed to reproduce generated values


timestamp = 2026-09-30T21:39:46.634735, CodeGenerator AutoPbtTest:m002 add = 
                              |-----------------------jqwik-----------------------
tries = 200                   | # of calls to property
checks = 200                  | # of not rejected calls
generation = RANDOMIZED       | parameters are randomly generated
after-failure = SAMPLE_FIRST  | try previously failed sample, then previous seed
when-fixed-seed = ALLOW       | fixing the random seed is allowed
edge-cases#mode = NONE        | edge cases are not explicitly generated
seed = 1                      | random seed to reproduce generated values


timestamp = 2026-09-30T21:39:46.669384, CodeGenerator AutoPbtTest:m019 tagAsStrict = 
                              |-----------------------jqwik-----------------------
tries = 6                     | # of calls to property
checks = 6                    | # of not rejected calls
generation = EXHAUSTIVE       | parameters are exhaustively generated
after-failure = SAMPLE_FIRST  | try previously failed sample, then previous seed
when-fixed-seed = ALLOW       | fixing the random seed is allowed
edge-cases#mode = NONE        | edge cases are not explicitly generated
seed = 1                      | random seed to reproduce generated values


timestamp = 2026-09-30T21:39:46.750473, CodeGenerator AutoPbtTest:m014 isSimpleNumber = 
                              |-----------------------jqwik-----------------------
tries = 200                   | # of calls to property
checks = 200                  | # of not rejected calls
generation = RANDOMIZED       | parameters are randomly generated
after-failure = SAMPLE_FIRST  | try previously failed sample, then previous seed
when-fixed-seed = ALLOW       | fixing the random seed is allowed
edge-cases#mode = NONE        | edge cases are not explicitly generated
seed = 1                      | random seed to reproduce generated values


[36m╷[0m
[36m└─[0m [36mjqwik (JUnit Platform)[0m [32m✔[0m
[36m   └─[0m [36mCodeGenerator AutoPbtTest[0m [32m✔[0m
[36m      ├─[0m [34mm007 addLeftExpr[0m [32m✔[0m
[36m      ├─[0m [34mm004 addArrayList[0m [32m✔[0m
[36m      ├─[0m [34mm006 addExpr[0m [32m✔[0m
[36m      ├─[0m [34mm008 addList[0m [32m✔[0m
[36m      ├─[0m [34mm010 addList[0m [32m✔[0m
[36m      ├─[0m [34mm003 addAllSiblings[0m [32m✔[0m
[36m      ├─[0m [34mm017 regexpEscape[0m [32m✔[0m
[36m      ├─[0m [34mm013 identifierEscape[0m [32m✔[0m
[36m      ├─[0m [34mm011 escapeToDoubleQuotedJsString[0m [32m✔[0m
[36m      ├─[0m [34mm005 addCaseBody[0m [32m✔[0m
[36m      ├─[0m [34mm016 regexpEscape[0m [32m✔[0m
[36m      ├─[0m [34mm009 addList[0m [32m✔[0m
[36m      ├─[0m [34mm012 getSimpleNumber[0m [32m✔[0m
[36m      ├─[0m [34mm018 strEscape[0m [32m✔[0m
[36m      ├─[0m [34mm015 jsString[0m [32m✔[0m
[36m      ├─[0m [34mm000 add[0m [32m✔[0m
[36m      ├─[0m [34mm001 add[0m [32m✔[0m
[36m      ├─[0m [34mm002 add[0m [32m✔[0m
[36m      ├─[0m [34mm019 tagAsStrict[0m [32m✔[0m
[36m      └─[0m [34mm014 isSimpleNumber[0m [32m✔[0m

Test run finished after 4347 ms
[         2 containers found      ]
[         0 containers skipped    ]
[         2 containers started    ]
[         0 containers aborted    ]
[         2 containers successful ]
[         0 containers failed     ]
[        20 tests found           ]
[         0 tests skipped         ]
[        20 tests started         ]
[         0 tests aborted         ]
[        20 tests successful      ]
[         0 tests failed          ]


[exit=0 timeout=False time=13.2s]

$ java -jar /opt/jacoco/lib/jacococli.jar report /workspace/jqwik/Result_auto_Round1/Closure_73/tries200_seed1/jacoco.exec --classfiles /work/Closure_73f/build/classes --csv /workspace/jqwik/Result_auto_Round1/Closure_73/tries200_seed1/jacoco.csv
[INFO] Loading execution data file /workspace/jqwik/Result_auto_Round1/Closure_73/tries200_seed1/jacoco.exec.
[INFO] Analyzing 1036 classes.

[exit=0 timeout=False time=1.6s]

$ java -Djava.awt.headless=true -Xss4m -Xmx1g -Dpbt.seed=1 -Dpbt.tries=200 -Dpbt.snapshot.dir=/work/jqwik_out/Closure_73/auto_round1_tries200_seed1/snapshots -Dpbt.propertyBudgetMs=5000 -Dpbt.mask=/work/Closure_73f:/work/Closure_73b:/work/jqwik_out/Closure_73/auto_round1_tries200_seed1/classes_f:/work/jqwik_out/Closure_73/auto_round1_tries200_seed1/classes_b -Dpbt.mode=check -jar /workspace/lib/jqwik/junit-platform-console-standalone-1.9.3.jar --disable-banner --details tree --class-path /work/jqwik_out/Closure_73/auto_round1_tries200_seed1/classes_b:/work/Closure_73b/build/classes:/work/Closure_73b/lib/args4j.jar:/work/Closure_73b/lib/guava.jar:/work/Closure_73b/lib/json.jar:/work/Closure_73b/lib/jsr305.jar:/work/Closure_73b/lib/libtrunk_rhino_parser_jarjared.jar:/work/Closure_73b/lib/protobuf-java.jar:/work/Closure_73b/lib/ant.jar:/work/Closure_73b/lib/ant-launcher.jar:/work/Closure_73b/lib/caja-r4314.jar:/work/Closure_73b/lib/junit.jar:/work/Closure_73b/build/test:/work/jqwik_harness:/workspace/lib/jqwik/jqwik-1.7.4.jar:/workspace/lib/jqwik/jqwik-api-1.7.4.jar:/workspace/lib/jqwik/jqwik-engine-1.7.4.jar --scan-class-path /work/jqwik_out/Closure_73/auto_round1_tries200_seed1/classes_b --include-classname .* --include-engine jqwik --config jqwik.database=/workspace/jqwik/Result_auto_Round1/Closure_73/tries200_seed1/reports_buggy/jqwik-database --config jqwik.tries.default=200 --reports-dir /workspace/jqwik/Result_auto_Round1/Closure_73/tries200_seed1/reports_buggy
        | # of not rejected calls
generation = RANDOMIZED       | parameters are randomly generated
after-failure = SAMPLE_FIRST  | try previously failed sample, then previous seed
when-fixed-seed = ALLOW       | fixing the random seed is allowed
edge-cases#mode = NONE        | edge cases are not explicitly generated
seed = 1                      | random seed to reproduce generated values


timestamp = 2026-09-30T21:40:00.979319, CodeGenerator AutoPbtTest:m002 add = 
                              |-----------------------jqwik-----------------------
tries = 200                   | # of calls to property
checks = 200                  | # of not rejected calls
generation = RANDOMIZED       | parameters are randomly generated
after-failure = SAMPLE_FIRST  | try previously failed sample, then previous seed
when-fixed-seed = ALLOW       | fixing the random seed is allowed
edge-cases#mode = NONE        | edge cases are not explicitly generated
seed = 1                      | random seed to reproduce generated values


timestamp = 2026-09-30T21:40:01.015332, CodeGenerator AutoPbtTest:m019 tagAsStrict = 
                              |-----------------------jqwik-----------------------
tries = 6                     | # of calls to property
checks = 6                    | # of not rejected calls
generation = EXHAUSTIVE       | parameters are exhaustively generated
after-failure = SAMPLE_FIRST  | try previously failed sample, then previous seed
when-fixed-seed = ALLOW       | fixing the random seed is allowed
edge-cases#mode = NONE        | edge cases are not explicitly generated
seed = 1                      | random seed to reproduce generated values


timestamp = 2026-09-30T21:40:01.071246, CodeGenerator AutoPbtTest:m014 isSimpleNumber = 
                              |-----------------------jqwik-----------------------
tries = 200                   | # of calls to property
checks = 200                  | # of not rejected calls
generation = RANDOMIZED       | parameters are randomly generated
after-failure = SAMPLE_FIRST  | try previously failed sample, then previous seed
when-fixed-seed = ALLOW       | fixing the random seed is allowed
edge-cases#mode = NONE        | edge cases are not explicitly generated
seed = 1                      | random seed to reproduce generated values


[36m╷[0m
[36m└─[0m [36mjqwik (JUnit Platform)[0m [32m✔[0m
[36m   └─[0m [36mCodeGenerator AutoPbtTest[0m [32m✔[0m
[36m      ├─[0m [34mm007 addLeftExpr[0m [32m✔[0m
[36m      ├─[0m [34mm004 addArrayList[0m [32m✔[0m
[36m      ├─[0m [34mm006 addExpr[0m [32m✔[0m
[36m      ├─[0m [34mm008 addList[0m [32m✔[0m
[36m      ├─[0m [34mm010 addList[0m [32m✔[0m
[36m      ├─[0m [34mm003 addAllSiblings[0m [32m✔[0m
[36m      ├─[0m [34mm017 regexpEscape[0m [32m✔[0m
[36m      ├─[0m [34mm013 identifierEscape[0m [32m✔[0m
[36m      ├─[0m [34mm011 escapeToDoubleQuotedJsString[0m [32m✔[0m
[36m      ├─[0m [34mm005 addCaseBody[0m [32m✔[0m
[36m      ├─[0m [34mm016 regexpEscape[0m [32m✔[0m
[36m      ├─[0m [34mm009 addList[0m [32m✔[0m
[36m      ├─[0m [34mm012 getSimpleNumber[0m [32m✔[0m
[36m      ├─[0m [34mm018 strEscape[0m [32m✔[0m
[36m      ├─[0m [34mm015 jsString[0m [32m✔[0m
[36m      ├─[0m [34mm000 add[0m [32m✔[0m
[36m      ├─[0m [34mm001 add[0m [32m✔[0m
[36m      ├─[0m [34mm002 add[0m [32m✔[0m
[36m      ├─[0m [34mm019 tagAsStrict[0m [32m✔[0m
[36m      └─[0m [34mm014 isSimpleNumber[0m [32m✔[0m

Test run finished after 3697 ms
[         2 containers found      ]
[         0 containers skipped    ]
[         2 containers started    ]
[         0 containers aborted    ]
[         2 containers successful ]
[         0 containers failed     ]
[        20 tests found           ]
[         0 tests skipped         ]
[        20 tests started         ]
[         0 tests aborted         ]
[        20 tests successful      ]
[         0 tests failed          ]


[exit=0 timeout=False time=5.2s]
