
$ defects4j checkout -p Codec -v 16f -w /work/Codec_16f
Checking out c82fe35c to /work/Codec_16f................................... OK
Init local repository...................................................... OK
Tag post-fix revision...................................................... OK
Run post-checkout hook..................................................... OK
Initialize fixed program version........................................... OK
Apply patch................................................................ OK
Initialize buggy program version........................................... OK
Diff c82fe35c:38357dff..................................................... OK
Apply patch................................................................ OK
Tag pre-fix revision....................................................... OK
Check out program version: Codec-16f....................................... OK

[exit=0 timeout=False time=0.7s]

$ defects4j compile -w /work/Codec_16f
Running ant (compile)...................................................... OK
Running ant (compile.tests)................................................ OK

[exit=0 timeout=False time=29.7s]

$ defects4j checkout -p Codec -v 16b -w /work/Codec_16b
Checking out c82fe35c to /work/Codec_16b................................... OK
Init local repository...................................................... OK
Tag post-fix revision...................................................... OK
Run post-checkout hook..................................................... OK
Initialize fixed program version........................................... OK
Apply patch................................................................ OK
Initialize buggy program version........................................... OK
Diff c82fe35c:38357dff..................................................... OK
Apply patch................................................................ OK
Tag pre-fix revision....................................................... OK
Check out program version: Codec-16b....................................... OK

[exit=0 timeout=False time=1.6s]

$ defects4j compile -w /work/Codec_16b
Running ant (compile)...................................................... OK
Running ant (compile.tests)................................................ OK

[exit=0 timeout=False time=31.0s]

$ java -cp /work/jqwik_harness:/workspace/lib/jqwik/jqwik-1.7.4.jar:/workspace/lib/jqwik/jqwik-api-1.7.4.jar:/workspace/lib/jqwik/jqwik-engine-1.7.4.jar pbt.auto.Generate --targets org.apache.commons.codec.binary.Base32 --fixed-cp /work/Codec_16f/target/classes:/work/Codec_16f/src/main/resources:/work/Codec_16f/target/tests:/opt/defects4j/framework/projects/lib/junit-4.12-hamcrest-1.3.jar:/work/Codec_16f/src/main/resources/commons-lang3-3.8.1.jar:/opt/defects4j/framework/projects/Codec/lib/junit/junit/4.12/junit-4.12.jar:/opt/defects4j/framework/projects/Codec/lib/org/apache/commons/commons-lang3/3.4/commons-lang3-3.4.jar:/opt/defects4j/framework/projects/Codec/lib/org/apache/commons/commons-lang3/3.8.1/commons-lang3-3.8.1.jar:/opt/defects4j/framework/projects/Codec/lib/org/hamcrest/hamcrest-core/1.3/hamcrest-core-1.3.jar --buggy-cp /work/Codec_16b/target/classes:/work/Codec_16b/src/main/resources:/work/Codec_16b/target/tests:/opt/defects4j/framework/projects/lib/junit-4.12-hamcrest-1.3.jar:/work/Codec_16b/src/main/resources/commons-lang3-3.8.1.jar:/opt/defects4j/framework/projects/Codec/lib/junit/junit/4.12/junit-4.12.jar:/opt/defects4j/framework/projects/Codec/lib/org/apache/commons/commons-lang3/3.4/commons-lang3-3.4.jar:/opt/defects4j/framework/projects/Codec/lib/org/apache/commons/commons-lang3/3.8.1/commons-lang3-3.8.1.jar:/opt/defects4j/framework/projects/Codec/lib/org/hamcrest/hamcrest-core/1.3/hamcrest-core-1.3.jar --out /workspace/jqwik/Auto/Codec_16 --max-methods 150
generated test classes: 1 / 1

[exit=0 timeout=False time=0.6s]

$ javac -nowarn -encoding UTF-8 -cp /work/Codec_16f/target/classes:/work/Codec_16f/src/main/resources:/work/Codec_16f/target/tests:/opt/defects4j/framework/projects/lib/junit-4.12-hamcrest-1.3.jar:/work/Codec_16f/src/main/resources/commons-lang3-3.8.1.jar:/opt/defects4j/framework/projects/Codec/lib/junit/junit/4.12/junit-4.12.jar:/opt/defects4j/framework/projects/Codec/lib/org/apache/commons/commons-lang3/3.4/commons-lang3-3.4.jar:/opt/defects4j/framework/projects/Codec/lib/org/apache/commons/commons-lang3/3.8.1/commons-lang3-3.8.1.jar:/opt/defects4j/framework/projects/Codec/lib/org/hamcrest/hamcrest-core/1.3/hamcrest-core-1.3.jar:/work/jqwik_harness:/workspace/lib/jqwik/jqwik-1.7.4.jar:/workspace/lib/jqwik/jqwik-api-1.7.4.jar:/workspace/lib/jqwik/jqwik-engine-1.7.4.jar -d /work/jqwik_out/Codec_16/auto_round1_tries200_seed1/classes_f /workspace/jqwik/Auto/Codec_16/org/apache/commons/codec/binary/Base32_AutoPbtTest.java

[exit=0 timeout=False time=2.3s]

$ javac -nowarn -encoding UTF-8 -cp /work/Codec_16b/target/classes:/work/Codec_16b/src/main/resources:/work/Codec_16b/target/tests:/opt/defects4j/framework/projects/lib/junit-4.12-hamcrest-1.3.jar:/work/Codec_16b/src/main/resources/commons-lang3-3.8.1.jar:/opt/defects4j/framework/projects/Codec/lib/junit/junit/4.12/junit-4.12.jar:/opt/defects4j/framework/projects/Codec/lib/org/apache/commons/commons-lang3/3.4/commons-lang3-3.4.jar:/opt/defects4j/framework/projects/Codec/lib/org/apache/commons/commons-lang3/3.8.1/commons-lang3-3.8.1.jar:/opt/defects4j/framework/projects/Codec/lib/org/hamcrest/hamcrest-core/1.3/hamcrest-core-1.3.jar:/work/jqwik_harness:/workspace/lib/jqwik/jqwik-1.7.4.jar:/workspace/lib/jqwik/jqwik-api-1.7.4.jar:/workspace/lib/jqwik/jqwik-engine-1.7.4.jar -d /work/jqwik_out/Codec_16/auto_round1_tries200_seed1/classes_b /workspace/jqwik/Auto/Codec_16/org/apache/commons/codec/binary/Base32_AutoPbtTest.java

[exit=0 timeout=False time=2.3s]

$ java -Djava.awt.headless=true -Xss4m -Xmx1g -Dpbt.seed=1 -Dpbt.tries=200 -Dpbt.snapshot.dir=/work/jqwik_out/Codec_16/auto_round1_tries200_seed1/snapshots -Dpbt.propertyBudgetMs=5000 -Dpbt.mask=/work/Codec_16f:/work/Codec_16b:/work/jqwik_out/Codec_16/auto_round1_tries200_seed1/classes_f:/work/jqwik_out/Codec_16/auto_round1_tries200_seed1/classes_b -Dpbt.mode=record -jar /workspace/lib/jqwik/junit-platform-console-standalone-1.9.3.jar --disable-banner --details tree --class-path /work/jqwik_out/Codec_16/auto_round1_tries200_seed1/classes_f:/work/Codec_16f/target/classes:/work/Codec_16f/src/main/resources:/work/Codec_16f/target/tests:/opt/defects4j/framework/projects/lib/junit-4.12-hamcrest-1.3.jar:/work/Codec_16f/src/main/resources/commons-lang3-3.8.1.jar:/opt/defects4j/framework/projects/Codec/lib/junit/junit/4.12/junit-4.12.jar:/opt/defects4j/framework/projects/Codec/lib/org/apache/commons/commons-lang3/3.4/commons-lang3-3.4.jar:/opt/defects4j/framework/projects/Codec/lib/org/apache/commons/commons-lang3/3.8.1/commons-lang3-3.8.1.jar:/opt/defects4j/framework/projects/Codec/lib/org/hamcrest/hamcrest-core/1.3/hamcrest-core-1.3.jar:/work/jqwik_harness:/workspace/lib/jqwik/jqwik-1.7.4.jar:/workspace/lib/jqwik/jqwik-api-1.7.4.jar:/workspace/lib/jqwik/jqwik-engine-1.7.4.jar --scan-class-path /work/jqwik_out/Codec_16/auto_round1_tries200_seed1/classes_f --include-classname .* --include-engine jqwik --config jqwik.database=/workspace/jqwik/Result_auto_Round1/Codec_16/tries200_seed1/reports_record/jqwik-database --config jqwik.tries.default=200 --reports-dir /workspace/jqwik/Result_auto_Round1/Codec_16/tries200_seed1/reports_record
timestamp = 2026-09-27T04:51:25.211722, Base32 AutoPbtTest:m000 decode = 
                              |-----------------------jqwik-----------------------
tries = 200                   | # of calls to property
checks = 200                  | # of not rejected calls
generation = RANDOMIZED       | parameters are randomly generated
after-failure = SAMPLE_FIRST  | try previously failed sample, then previous seed
when-fixed-seed = ALLOW       | fixing the random seed is allowed
edge-cases#mode = NONE        | edge cases are not explicitly generated
seed = 1                      | random seed to reproduce generated values


timestamp = 2026-09-27T04:51:26.081628, Base32 AutoPbtTest:m002 isInAlphabet = 
                              |-----------------------jqwik-----------------------
tries = 200                   | # of calls to property
checks = 200                  | # of not rejected calls
generation = RANDOMIZED       | parameters are randomly generated
after-failure = SAMPLE_FIRST  | try previously failed sample, then previous seed
when-fixed-seed = ALLOW       | fixing the random seed is allowed
edge-cases#mode = NONE        | edge cases are not explicitly generated
seed = 1                      | random seed to reproduce generated values


timestamp = 2026-09-27T04:51:26.861158, Base32 AutoPbtTest:m001 encode = 
                              |-----------------------jqwik-----------------------
tries = 200                   | # of calls to property
checks = 200                  | # of not rejected calls
generation = RANDOMIZED       | parameters are randomly generated
after-failure = SAMPLE_FIRST  | try previously failed sample, then previous seed
when-fixed-seed = ALLOW       | fixing the random seed is allowed
edge-cases#mode = NONE        | edge cases are not explicitly generated
seed = 1                      | random seed to reproduce generated values


[36m╷[0m
[36m└─[0m [36mjqwik (JUnit Platform)[0m [32m✔[0m
[36m   └─[0m [36mBase32 AutoPbtTest[0m [32m✔[0m
[36m      ├─[0m [34mm000 decode[0m [32m✔[0m
[36m      ├─[0m [34mm002 isInAlphabet[0m [32m✔[0m
[36m      └─[0m [34mm001 encode[0m [32m✔[0m

Test run finished after 5869 ms
[         2 containers found      ]
[         0 containers skipped    ]
[         2 containers started    ]
[         0 containers aborted    ]
[         2 containers successful ]
[         0 containers failed     ]
[         3 tests found           ]
[         0 tests skipped         ]
[         3 tests started         ]
[         0 tests aborted         ]
[         3 tests successful      ]
[         0 tests failed          ]


[exit=0 timeout=False time=10.6s]

$ java -Djava.awt.headless=true -Xss4m -Xmx1g -Dpbt.seed=1 -Dpbt.tries=200 -Dpbt.snapshot.dir=/work/jqwik_out/Codec_16/auto_round1_tries200_seed1/snapshots -Dpbt.propertyBudgetMs=5000 -Dpbt.mask=/work/Codec_16f:/work/Codec_16b:/work/jqwik_out/Codec_16/auto_round1_tries200_seed1/classes_f:/work/jqwik_out/Codec_16/auto_round1_tries200_seed1/classes_b -Dpbt.mode=check -javaagent:/opt/jacoco/lib/jacocoagent.jar=destfile=/workspace/jqwik/Result_auto_Round1/Codec_16/tries200_seed1/jacoco.exec -jar /workspace/lib/jqwik/junit-platform-console-standalone-1.9.3.jar --disable-banner --details tree --class-path /work/jqwik_out/Codec_16/auto_round1_tries200_seed1/classes_f:/work/Codec_16f/target/classes:/work/Codec_16f/src/main/resources:/work/Codec_16f/target/tests:/opt/defects4j/framework/projects/lib/junit-4.12-hamcrest-1.3.jar:/work/Codec_16f/src/main/resources/commons-lang3-3.8.1.jar:/opt/defects4j/framework/projects/Codec/lib/junit/junit/4.12/junit-4.12.jar:/opt/defects4j/framework/projects/Codec/lib/org/apache/commons/commons-lang3/3.4/commons-lang3-3.4.jar:/opt/defects4j/framework/projects/Codec/lib/org/apache/commons/commons-lang3/3.8.1/commons-lang3-3.8.1.jar:/opt/defects4j/framework/projects/Codec/lib/org/hamcrest/hamcrest-core/1.3/hamcrest-core-1.3.jar:/work/jqwik_harness:/workspace/lib/jqwik/jqwik-1.7.4.jar:/workspace/lib/jqwik/jqwik-api-1.7.4.jar:/workspace/lib/jqwik/jqwik-engine-1.7.4.jar --scan-class-path /work/jqwik_out/Codec_16/auto_round1_tries200_seed1/classes_f --include-classname .* --include-engine jqwik --config jqwik.database=/workspace/jqwik/Result_auto_Round1/Codec_16/tries200_seed1/reports_fixed/jqwik-database --config jqwik.tries.default=200 --reports-dir /workspace/jqwik/Result_auto_Round1/Codec_16/tries200_seed1/reports_fixed
timestamp = 2026-09-27T04:51:42.562176, Base32 AutoPbtTest:m000 decode = 
                              |-----------------------jqwik-----------------------
tries = 200                   | # of calls to property
checks = 200                  | # of not rejected calls
generation = RANDOMIZED       | parameters are randomly generated
after-failure = SAMPLE_FIRST  | try previously failed sample, then previous seed
when-fixed-seed = ALLOW       | fixing the random seed is allowed
edge-cases#mode = NONE        | edge cases are not explicitly generated
seed = 1                      | random seed to reproduce generated values


timestamp = 2026-09-27T04:51:43.517067, Base32 AutoPbtTest:m002 isInAlphabet = 
                              |-----------------------jqwik-----------------------
tries = 200                   | # of calls to property
checks = 200                  | # of not rejected calls
generation = RANDOMIZED       | parameters are randomly generated
after-failure = SAMPLE_FIRST  | try previously failed sample, then previous seed
when-fixed-seed = ALLOW       | fixing the random seed is allowed
edge-cases#mode = NONE        | edge cases are not explicitly generated
seed = 1                      | random seed to reproduce generated values


timestamp = 2026-09-27T04:51:44.144055, Base32 AutoPbtTest:m001 encode = 
                              |-----------------------jqwik-----------------------
tries = 200                   | # of calls to property
checks = 200                  | # of not rejected calls
generation = RANDOMIZED       | parameters are randomly generated
after-failure = SAMPLE_FIRST  | try previously failed sample, then previous seed
when-fixed-seed = ALLOW       | fixing the random seed is allowed
edge-cases#mode = NONE        | edge cases are not explicitly generated
seed = 1                      | random seed to reproduce generated values


[36m╷[0m
[36m└─[0m [36mjqwik (JUnit Platform)[0m [32m✔[0m
[36m   └─[0m [36mBase32 AutoPbtTest[0m [32m✔[0m
[36m      ├─[0m [34mm000 decode[0m [32m✔[0m
[36m      ├─[0m [34mm002 isInAlphabet[0m [32m✔[0m
[36m      └─[0m [34mm001 encode[0m [32m✔[0m

Test run finished after 7714 ms
[         2 containers found      ]
[         0 containers skipped    ]
[         2 containers started    ]
[         0 containers aborted    ]
[         2 containers successful ]
[         0 containers failed     ]
[         3 tests found           ]
[         0 tests skipped         ]
[         3 tests started         ]
[         0 tests aborted         ]
[         3 tests successful      ]
[         0 tests failed          ]


[exit=0 timeout=False time=28.8s]

$ java -jar /opt/jacoco/lib/jacococli.jar report /workspace/jqwik/Result_auto_Round1/Codec_16/tries200_seed1/jacoco.exec --classfiles /work/Codec_16f/target/classes --csv /workspace/jqwik/Result_auto_Round1/Codec_16/tries200_seed1/jacoco.csv
[INFO] Loading execution data file /workspace/jqwik/Result_auto_Round1/Codec_16/tries200_seed1/jacoco.exec.
[INFO] Analyzing 81 classes.

[exit=0 timeout=False time=0.8s]

$ java -Djava.awt.headless=true -Xss4m -Xmx1g -Dpbt.seed=1 -Dpbt.tries=200 -Dpbt.snapshot.dir=/work/jqwik_out/Codec_16/auto_round1_tries200_seed1/snapshots -Dpbt.propertyBudgetMs=5000 -Dpbt.mask=/work/Codec_16f:/work/Codec_16b:/work/jqwik_out/Codec_16/auto_round1_tries200_seed1/classes_f:/work/jqwik_out/Codec_16/auto_round1_tries200_seed1/classes_b -Dpbt.mode=check -jar /workspace/lib/jqwik/junit-platform-console-standalone-1.9.3.jar --disable-banner --details tree --class-path /work/jqwik_out/Codec_16/auto_round1_tries200_seed1/classes_b:/work/Codec_16b/target/classes:/work/Codec_16b/src/main/resources:/work/Codec_16b/target/tests:/opt/defects4j/framework/projects/lib/junit-4.12-hamcrest-1.3.jar:/work/Codec_16b/src/main/resources/commons-lang3-3.8.1.jar:/opt/defects4j/framework/projects/Codec/lib/junit/junit/4.12/junit-4.12.jar:/opt/defects4j/framework/projects/Codec/lib/org/apache/commons/commons-lang3/3.4/commons-lang3-3.4.jar:/opt/defects4j/framework/projects/Codec/lib/org/apache/commons/commons-lang3/3.8.1/commons-lang3-3.8.1.jar:/opt/defects4j/framework/projects/Codec/lib/org/hamcrest/hamcrest-core/1.3/hamcrest-core-1.3.jar:/work/jqwik_harness:/workspace/lib/jqwik/jqwik-1.7.4.jar:/workspace/lib/jqwik/jqwik-api-1.7.4.jar:/workspace/lib/jqwik/jqwik-engine-1.7.4.jar --scan-class-path /work/jqwik_out/Codec_16/auto_round1_tries200_seed1/classes_b --include-classname .* --include-engine jqwik --config jqwik.database=/workspace/jqwik/Result_auto_Round1/Codec_16/tries200_seed1/reports_buggy/jqwik-database --config jqwik.tries.default=200 --reports-dir /workspace/jqwik/Result_auto_Round1/Codec_16/tries200_seed1/reports_buggy
jqwik (JUnit Platform):Base32 AutoPbtTest:m000 decode
    MethodSource [className = 'org.apache.commons.codec.binary.Base32_AutoPbtTest', methodName = 'm000_decode', methodParameterTypes = 'pbt.auto.AutoTarget$Call']
    => java.lang.AssertionError: [regression] org.apache.commons.codec.binary.Base32.decode(byte[],int,int,org.apache.commons.codec.binary.BaseNCodec$Context)
  input:    new Base32.<init>[Integer:8, byte[Byte:-31, Byte:-78, Byte:21, Byte:87, Byte:122], Boolean:true, Byte:-12].decode[byte[Byte:5, Byte:36, Byte:-69, Byte:-7, Byte:-12], Integer:8, Integer:1, new BaseNCodec$Context.<init>[]]
  expected: throws java.lang.ArrayIndexOutOfBoundsException | this=obj org.apache.commons.codec.binary.Base32 | arg0=byte[Byte:5,Byte:36,Byte:-69,Byte:-7,Byte:-12]
  actual:   receiver throws java.lang.IllegalArgumentException
       pbt.auto.AutoTarget.check(AutoTarget.java:127)
       org.apache.commons.codec.binary.Base32_AutoPbtTest.m000_decode(Base32_AutoPbtTest.java:22)
       jdk.internal.reflect.GeneratedMethodAccessor1.invoke(Unknown Source)
       java.base/jdk.internal.reflect.DelegatingMethodAccessorImpl.invoke(DelegatingMethodAccessorImpl.java:43)
       java.base/java.lang.reflect.Method.invoke(Method.java:566)
       org.junit.platform.commons.util.ReflectionUtils.invokeMethod(ReflectionUtils.java:727)
       org.junit.platform.commons.support.ReflectionSupport.invokeMethod(ReflectionSupport.java:198)
       net.jqwik.engine.execution.CheckedPropertyFactory.lambda$createRawFunction$1(CheckedPropertyFactory.java:84)
       net.jqwik.engine.execution.CheckedPropertyFactory.lambda$createRawFunction$2(CheckedPropertyFactory.java:91)
       net.jqwik.engine.properties.CheckedFunction.execute(CheckedFunction.java:17)
       [...]
  jqwik (JUnit Platform):Base32 AutoPbtTest:m001 encode
    MethodSource [className = 'org.apache.commons.codec.binary.Base32_AutoPbtTest', methodName = 'm001_encode', methodParameterTypes = 'pbt.auto.AutoTarget$Call']
    => java.lang.AssertionError: [regression] org.apache.commons.codec.binary.Base32.encode(byte[],int,int,org.apache.commons.codec.binary.BaseNCodec$Context)
  input:    new Base32.<init>[Integer:8, byte[Byte:-31, Byte:-78, Byte:21, Byte:87, Byte:122], Boolean:true, Byte:-12].encode[byte[Byte:5, Byte:36, Byte:-69, Byte:-7, Byte:-12], Integer:8, Integer:1, new BaseNCodec$Context.<init>[]]
  expected: throws java.lang.ArrayIndexOutOfBoundsException | this=obj org.apache.commons.codec.binary.Base32 | arg0=byte[Byte:5,Byte:36,Byte:-69,Byte:-7,Byte:-12]
  actual:   receiver throws java.lang.IllegalArgumentException
       pbt.auto.AutoTarget.check(AutoTarget.java:127)
       org.apache.commons.codec.binary.Base32_AutoPbtTest.m001_encode(Base32_AutoPbtTest.java:32)
       jdk.internal.reflect.GeneratedMethodAccessor5.invoke(Unknown Source)
       java.base/jdk.internal.reflect.DelegatingMethodAccessorImpl.invoke(DelegatingMethodAccessorImpl.java:43)
       java.base/java.lang.reflect.Method.invoke(Method.java:566)
       org.junit.platform.commons.util.ReflectionUtils.invokeMethod(ReflectionUtils.java:727)
       org.junit.platform.commons.support.ReflectionSupport.invokeMethod(ReflectionSupport.java:198)
       net.jqwik.engine.execution.CheckedPropertyFactory.lambda$createRawFunction$1(CheckedPropertyFactory.java:84)
       net.jqwik.engine.execution.CheckedPropertyFactory.lambda$createRawFunction$2(CheckedPropertyFactory.java:91)
       net.jqwik.engine.properties.CheckedFunction.execute(CheckedFunction.java:17)
       [...]

Test run finished after 4228 ms
[         2 containers found      ]
[         0 containers skipped    ]
[         2 containers started    ]
[         0 containers aborted    ]
[         2 containers successful ]
[         0 containers failed     ]
[         3 tests found           ]
[         0 tests skipped         ]
[         3 tests started         ]
[         0 tests aborted         ]
[         1 tests successful      ]
[         2 tests failed          ]


[exit=1 timeout=False time=6.9s]
