
$ defects4j checkout -p Compress -v 10f -w /work/Compress_10f
Checking out 34766064 to /work/Compress_10f................................ OK
Init local repository...................................................... OK
Tag post-fix revision...................................................... OK
Copy generated Ant build file.............................................. OK
Run post-checkout hook..................................................... OK
Excluding broken/flaky tests............................................... OK
Backing up build file: /work/Compress_10f/maven-build.xml.................. OK
Initialize fixed program version........................................... OK
Apply patch................................................................ OK
Initialize buggy program version........................................... OK
Diff 34766064:8cece722..................................................... OK
Apply patch................................................................ OK
Tag pre-fix revision....................................................... OK
Check out program version: Compress-10f.................................... OK

[exit=0 timeout=False time=2.0s]

$ defects4j compile -w /work/Compress_10f
Running ant (compile)...................................................... OK
Running ant (compile.tests)................................................ OK

[exit=0 timeout=False time=5.9s]

$ defects4j checkout -p Compress -v 10b -w /work/Compress_10b
Checking out 34766064 to /work/Compress_10b................................ OK
Init local repository...................................................... OK
Tag post-fix revision...................................................... OK
Copy generated Ant build file.............................................. OK
Run post-checkout hook..................................................... OK
Excluding broken/flaky tests............................................... OK
Backing up build file: /work/Compress_10b/maven-build.xml.................. OK
Initialize fixed program version........................................... OK
Apply patch................................................................ OK
Initialize buggy program version........................................... OK
Diff 34766064:8cece722..................................................... OK
Apply patch................................................................ OK
Tag pre-fix revision....................................................... OK
Check out program version: Compress-10b.................................... OK

[exit=0 timeout=False time=2.1s]

$ defects4j compile -w /work/Compress_10b
Running ant (compile)...................................................... OK
Running ant (compile.tests)................................................ OK

[exit=0 timeout=False time=6.8s]

$ java -cp /work/jqwik_harness:/workspace/lib/jqwik/jqwik-1.7.4.jar:/workspace/lib/jqwik/jqwik-api-1.7.4.jar:/workspace/lib/jqwik/jqwik-engine-1.7.4.jar pbt.auto.Generate --targets org.apache.commons.compress.archivers.zip.ZipFile --fixed-cp /work/Compress_10f/target/classes:/opt/defects4j/framework/projects/Compress/lib/junit/junit/4.10/junit-4.10.jar:/opt/defects4j/framework/projects/Compress/lib/org/hamcrest/hamcrest-core/1.1/hamcrest-core-1.1.jar:/opt/defects4j/framework/projects/Compress/lib/org/tukaani/xz/1.0/xz-1.0.jar:/work/Compress_10f/target/test-classes --buggy-cp /work/Compress_10b/target/classes:/opt/defects4j/framework/projects/Compress/lib/junit/junit/4.10/junit-4.10.jar:/opt/defects4j/framework/projects/Compress/lib/org/hamcrest/hamcrest-core/1.1/hamcrest-core-1.1.jar:/opt/defects4j/framework/projects/Compress/lib/org/tukaani/xz/1.0/xz-1.0.jar:/work/Compress_10b/target/test-classes --out /workspace/jqwik/Auto/Compress_10 --max-methods 150
generated test classes: 1 / 1

[exit=0 timeout=False time=0.3s]

$ javac -nowarn -encoding UTF-8 -cp /work/Compress_10f/target/classes:/opt/defects4j/framework/projects/Compress/lib/junit/junit/4.10/junit-4.10.jar:/opt/defects4j/framework/projects/Compress/lib/org/hamcrest/hamcrest-core/1.1/hamcrest-core-1.1.jar:/opt/defects4j/framework/projects/Compress/lib/org/tukaani/xz/1.0/xz-1.0.jar:/work/Compress_10f/target/test-classes:/work/jqwik_harness:/workspace/lib/jqwik/jqwik-1.7.4.jar:/workspace/lib/jqwik/jqwik-api-1.7.4.jar:/workspace/lib/jqwik/jqwik-engine-1.7.4.jar -d /work/jqwik_out/Compress_10/auto_round1_tries200_seed1/classes_f /workspace/jqwik/Auto/Compress_10/org/apache/commons/compress/archivers/zip/ZipFile_AutoPbtTest.java

[exit=0 timeout=False time=1.5s]

$ javac -nowarn -encoding UTF-8 -cp /work/Compress_10b/target/classes:/opt/defects4j/framework/projects/Compress/lib/junit/junit/4.10/junit-4.10.jar:/opt/defects4j/framework/projects/Compress/lib/org/hamcrest/hamcrest-core/1.1/hamcrest-core-1.1.jar:/opt/defects4j/framework/projects/Compress/lib/org/tukaani/xz/1.0/xz-1.0.jar:/work/Compress_10b/target/test-classes:/work/jqwik_harness:/workspace/lib/jqwik/jqwik-1.7.4.jar:/workspace/lib/jqwik/jqwik-api-1.7.4.jar:/workspace/lib/jqwik/jqwik-engine-1.7.4.jar -d /work/jqwik_out/Compress_10/auto_round1_tries200_seed1/classes_b /workspace/jqwik/Auto/Compress_10/org/apache/commons/compress/archivers/zip/ZipFile_AutoPbtTest.java

[exit=0 timeout=False time=1.2s]

$ java -Djava.awt.headless=true -Xss4m -Xmx1g -Dpbt.seed=1 -Dpbt.tries=200 -Dpbt.snapshot.dir=/work/jqwik_out/Compress_10/auto_round1_tries200_seed1/snapshots -Dpbt.propertyBudgetMs=5000 -Dpbt.mask=/work/Compress_10f:/work/Compress_10b:/work/jqwik_out/Compress_10/auto_round1_tries200_seed1/classes_f:/work/jqwik_out/Compress_10/auto_round1_tries200_seed1/classes_b -Dpbt.mode=record -jar /workspace/lib/jqwik/junit-platform-console-standalone-1.9.3.jar --disable-banner --details tree --class-path /work/jqwik_out/Compress_10/auto_round1_tries200_seed1/classes_f:/work/Compress_10f/target/classes:/opt/defects4j/framework/projects/Compress/lib/junit/junit/4.10/junit-4.10.jar:/opt/defects4j/framework/projects/Compress/lib/org/hamcrest/hamcrest-core/1.1/hamcrest-core-1.1.jar:/opt/defects4j/framework/projects/Compress/lib/org/tukaani/xz/1.0/xz-1.0.jar:/work/Compress_10f/target/test-classes:/work/jqwik_harness:/workspace/lib/jqwik/jqwik-1.7.4.jar:/workspace/lib/jqwik/jqwik-api-1.7.4.jar:/workspace/lib/jqwik/jqwik-engine-1.7.4.jar --scan-class-path /work/jqwik_out/Compress_10/auto_round1_tries200_seed1/classes_f --include-classname .* --include-engine jqwik --config jqwik.database=/workspace/jqwik/Result_auto_Round1/Compress_10/tries200_seed1/reports_record/jqwik-database --config jqwik.tries.default=200 --reports-dir /workspace/jqwik/Result_auto_Round1/Compress_10/tries200_seed1/reports_record
           | # of not rejected calls
generation = RANDOMIZED       | parameters are randomly generated
after-failure = SAMPLE_FIRST  | try previously failed sample, then previous seed
when-fixed-seed = ALLOW       | fixing the random seed is allowed
edge-cases#mode = NONE        | edge cases are not explicitly generated
seed = 1                      | random seed to reproduce generated values


timestamp = 2026-09-28T22:21:09.173959, ZipFile AutoPbtTest:m000 canReadEntryData = 
                              |-----------------------jqwik-----------------------
tries = 200                   | # of calls to property
checks = 200                  | # of not rejected calls
generation = RANDOMIZED       | parameters are randomly generated
after-failure = SAMPLE_FIRST  | try previously failed sample, then previous seed
when-fixed-seed = ALLOW       | fixing the random seed is allowed
edge-cases#mode = NONE        | edge cases are not explicitly generated
seed = 1                      | random seed to reproduce generated values


timestamp = 2026-09-28T22:21:09.404926, ZipFile AutoPbtTest:m007 getInputStream = 
                              |-----------------------jqwik-----------------------
tries = 200                   | # of calls to property
checks = 200                  | # of not rejected calls
generation = RANDOMIZED       | parameters are randomly generated
after-failure = SAMPLE_FIRST  | try previously failed sample, then previous seed
when-fixed-seed = ALLOW       | fixing the random seed is allowed
edge-cases#mode = NONE        | edge cases are not explicitly generated
seed = 1                      | random seed to reproduce generated values


timestamp = 2026-09-28T22:21:09.641881, ZipFile AutoPbtTest:m005 getEntriesInPhysicalOrder = 
                              |-----------------------jqwik-----------------------
tries = 200                   | # of calls to property
checks = 200                  | # of not rejected calls
generation = RANDOMIZED       | parameters are randomly generated
after-failure = SAMPLE_FIRST  | try previously failed sample, then previous seed
when-fixed-seed = ALLOW       | fixing the random seed is allowed
edge-cases#mode = NONE        | edge cases are not explicitly generated
seed = 1                      | random seed to reproduce generated values


timestamp = 2026-09-28T22:21:09.871409, ZipFile AutoPbtTest:m003 getEncoding = 
                              |-----------------------jqwik-----------------------
tries = 200                   | # of calls to property
checks = 200                  | # of not rejected calls
generation = RANDOMIZED       | parameters are randomly generated
after-failure = SAMPLE_FIRST  | try previously failed sample, then previous seed
when-fixed-seed = ALLOW       | fixing the random seed is allowed
edge-cases#mode = NONE        | edge cases are not explicitly generated
seed = 1                      | random seed to reproduce generated values


[36m╷[0m
[36m└─[0m [36mjqwik (JUnit Platform)[0m [32m✔[0m
[36m   └─[0m [36mZipFile AutoPbtTest[0m [32m✔[0m
[36m      ├─[0m [34mm006 getEntry[0m [32m✔[0m
[36m      ├─[0m [34mm002 closeQuietly[0m [32m✔[0m
[36m      ├─[0m [34mm004 getEntries[0m [32m✔[0m
[36m      ├─[0m [34mm001 close[0m [32m✔[0m
[36m      ├─[0m [34mm000 canReadEntryData[0m [32m✔[0m
[36m      ├─[0m [34mm007 getInputStream[0m [32m✔[0m
[36m      ├─[0m [34mm005 getEntriesInPhysicalOrder[0m [32m✔[0m
[36m      └─[0m [34mm003 getEncoding[0m [32m✔[0m

Test run finished after 3273 ms
[         2 containers found      ]
[         0 containers skipped    ]
[         2 containers started    ]
[         0 containers aborted    ]
[         2 containers successful ]
[         0 containers failed     ]
[         8 tests found           ]
[         0 tests skipped         ]
[         8 tests started         ]
[         0 tests aborted         ]
[         8 tests successful      ]
[         0 tests failed          ]


[exit=0 timeout=False time=4.9s]

$ java -Djava.awt.headless=true -Xss4m -Xmx1g -Dpbt.seed=1 -Dpbt.tries=200 -Dpbt.snapshot.dir=/work/jqwik_out/Compress_10/auto_round1_tries200_seed1/snapshots -Dpbt.propertyBudgetMs=5000 -Dpbt.mask=/work/Compress_10f:/work/Compress_10b:/work/jqwik_out/Compress_10/auto_round1_tries200_seed1/classes_f:/work/jqwik_out/Compress_10/auto_round1_tries200_seed1/classes_b -Dpbt.mode=check -javaagent:/opt/jacoco/lib/jacocoagent.jar=destfile=/workspace/jqwik/Result_auto_Round1/Compress_10/tries200_seed1/jacoco.exec -jar /workspace/lib/jqwik/junit-platform-console-standalone-1.9.3.jar --disable-banner --details tree --class-path /work/jqwik_out/Compress_10/auto_round1_tries200_seed1/classes_f:/work/Compress_10f/target/classes:/opt/defects4j/framework/projects/Compress/lib/junit/junit/4.10/junit-4.10.jar:/opt/defects4j/framework/projects/Compress/lib/org/hamcrest/hamcrest-core/1.1/hamcrest-core-1.1.jar:/opt/defects4j/framework/projects/Compress/lib/org/tukaani/xz/1.0/xz-1.0.jar:/work/Compress_10f/target/test-classes:/work/jqwik_harness:/workspace/lib/jqwik/jqwik-1.7.4.jar:/workspace/lib/jqwik/jqwik-api-1.7.4.jar:/workspace/lib/jqwik/jqwik-engine-1.7.4.jar --scan-class-path /work/jqwik_out/Compress_10/auto_round1_tries200_seed1/classes_f --include-classname .* --include-engine jqwik --config jqwik.database=/workspace/jqwik/Result_auto_Round1/Compress_10/tries200_seed1/reports_fixed/jqwik-database --config jqwik.tries.default=200 --reports-dir /workspace/jqwik/Result_auto_Round1/Compress_10/tries200_seed1/reports_fixed
           | # of not rejected calls
generation = RANDOMIZED       | parameters are randomly generated
after-failure = SAMPLE_FIRST  | try previously failed sample, then previous seed
when-fixed-seed = ALLOW       | fixing the random seed is allowed
edge-cases#mode = NONE        | edge cases are not explicitly generated
seed = 1                      | random seed to reproduce generated values


timestamp = 2026-09-28T22:21:14.391754, ZipFile AutoPbtTest:m000 canReadEntryData = 
                              |-----------------------jqwik-----------------------
tries = 200                   | # of calls to property
checks = 200                  | # of not rejected calls
generation = RANDOMIZED       | parameters are randomly generated
after-failure = SAMPLE_FIRST  | try previously failed sample, then previous seed
when-fixed-seed = ALLOW       | fixing the random seed is allowed
edge-cases#mode = NONE        | edge cases are not explicitly generated
seed = 1                      | random seed to reproduce generated values


timestamp = 2026-09-28T22:21:14.584199, ZipFile AutoPbtTest:m007 getInputStream = 
                              |-----------------------jqwik-----------------------
tries = 200                   | # of calls to property
checks = 200                  | # of not rejected calls
generation = RANDOMIZED       | parameters are randomly generated
after-failure = SAMPLE_FIRST  | try previously failed sample, then previous seed
when-fixed-seed = ALLOW       | fixing the random seed is allowed
edge-cases#mode = NONE        | edge cases are not explicitly generated
seed = 1                      | random seed to reproduce generated values


timestamp = 2026-09-28T22:21:14.850442, ZipFile AutoPbtTest:m005 getEntriesInPhysicalOrder = 
                              |-----------------------jqwik-----------------------
tries = 200                   | # of calls to property
checks = 200                  | # of not rejected calls
generation = RANDOMIZED       | parameters are randomly generated
after-failure = SAMPLE_FIRST  | try previously failed sample, then previous seed
when-fixed-seed = ALLOW       | fixing the random seed is allowed
edge-cases#mode = NONE        | edge cases are not explicitly generated
seed = 1                      | random seed to reproduce generated values


timestamp = 2026-09-28T22:21:15.089101, ZipFile AutoPbtTest:m003 getEncoding = 
                              |-----------------------jqwik-----------------------
tries = 200                   | # of calls to property
checks = 200                  | # of not rejected calls
generation = RANDOMIZED       | parameters are randomly generated
after-failure = SAMPLE_FIRST  | try previously failed sample, then previous seed
when-fixed-seed = ALLOW       | fixing the random seed is allowed
edge-cases#mode = NONE        | edge cases are not explicitly generated
seed = 1                      | random seed to reproduce generated values


[36m╷[0m
[36m└─[0m [36mjqwik (JUnit Platform)[0m [32m✔[0m
[36m   └─[0m [36mZipFile AutoPbtTest[0m [32m✔[0m
[36m      ├─[0m [34mm006 getEntry[0m [32m✔[0m
[36m      ├─[0m [34mm002 closeQuietly[0m [32m✔[0m
[36m      ├─[0m [34mm004 getEntries[0m [32m✔[0m
[36m      ├─[0m [34mm001 close[0m [32m✔[0m
[36m      ├─[0m [34mm000 canReadEntryData[0m [32m✔[0m
[36m      ├─[0m [34mm007 getInputStream[0m [32m✔[0m
[36m      ├─[0m [34mm005 getEntriesInPhysicalOrder[0m [32m✔[0m
[36m      └─[0m [34mm003 getEncoding[0m [32m✔[0m

Test run finished after 3050 ms
[         2 containers found      ]
[         0 containers skipped    ]
[         2 containers started    ]
[         0 containers aborted    ]
[         2 containers successful ]
[         0 containers failed     ]
[         8 tests found           ]
[         0 tests skipped         ]
[         8 tests started         ]
[         0 tests aborted         ]
[         8 tests successful      ]
[         0 tests failed          ]

19464406l
Cleaning up unclosed ZipFile for archive /work/jqwik_out/Compress_10/auto_round1_tries200_seed1/cwd/0xb06fFbe81E0
Cleaning up unclosed ZipFile for archive /work/jqwik_out/Compress_10/auto_round1_tries200_seed1/cwd/.5
Cleaning up unclosed ZipFile for archive /work/jqwik_out/Compress_10/auto_round1_tries200_seed1/cwd/썌臱ꯘ
Cleaning up unclosed ZipFile for archive /work/jqwik_out/Compress_10/auto_round1_tries200_seed1/cwd/1.0f
Cleaning up unclosed ZipFile for archive /work/jqwik_out/Compress_10/auto_round1_tries200_seed1/cwd/ᰰ殣
Cleaning up unclosed ZipFile for archive /work/jqwik_out/Compress_10/auto_round1_tries200_seed1/cwd/.xUM_
Cleaning up unclosed ZipFile for archive /work/jqwik_out/Compress_10/auto_round1_tries200_seed1/cwd/-45E+7
Cleaning up unclosed ZipFile for archive /work/jqwik_out/Compress_10/auto_round1_tries200_seed1/cwd/0x5aB500
Cleaning up unclosed ZipFile for archive /work/jqwik_out/Compress_10/auto_round1_tries200_seed1/cwd/4+9L8FX791e
Cleaning up unclosed ZipFile for archive /work/jqwik_out/Compress_10/auto_round1_tries200_seed1/cwd/Ꮕﹾ
Cleaning up unclosed ZipFile for archive /work/jqwik_out/Compress_10/auto_round1_tries200_seed1/cwd/ 
Cleaning up unclosed ZipFile for archive /work/jqwik_out/Compress_10/auto_round1_tries200_seed1/cwd/3jmYY
Cleaning up unclosed ZipFile for archive /work/jqwik_out/Compress_10/auto_round1_tries200_seed1/cwd/8.9uM
Cleaning up unclosed ZipFile for archive /work/jqwik_out/Compress_10/auto_round1_tries200_seed1/cwd
Cleaning up unclosed ZipFile for archive /work/jqwik_out/Compress_10/auto_round1_tries200_seed1/cwd/駗娿岕䶪鸓簆
Cleaning up unclosed ZipFile for archive /work/jqwik_out/Compress_10/auto_round1_tries200_seed1/cwd/0xDF86CF1F
Cleaning up unclosed ZipFile for archive /work/jqwik_out/Compress_10/auto_round1_tries200_seed1/cwd/.5
Cleaning up unclosed ZipFile for archive /work/jqwik_out/Compress_10/auto_round1_tries200_seed1/cwd/+0475
Cleaning up unclosed ZipFile for archive /work/jqwik_out/Compress_10/auto_round1_tries200_seed1/cwd/kcGy05qj.
Cleaning up unclosed ZipFile for archive /work/jqwik_out/Compress_10/auto_round1_tries200_seed1/cwd/&amp;
Cleaning up unclosed ZipFile for archive /work/jqwik_out/Compress_10/auto_round1_tries200_seed1/cwd/rxrygFEzM Z5
Cleaning up unclosed ZipFile for archive /work/jqwik_out/Compress_10/auto_round1_tries200_seed1/cwd/1e10
Cleaning up unclosed ZipFile for archive /work/jqwik_out/Compress_10/auto_round1_tries200_seed1/cwd/Infinity
Cleaning up unclosed ZipFile for archive /work/jqwik_out/Compress_10/auto_round1_tries200_seed1/cwd/F-p:6zqXig
Cleaning up unclosed ZipFile for archive /work/jqwik_out/Compress_10/auto_round1_tries200_seed1/cwd/false
Cleaning up unclosed ZipFile for archive /work/jqwik_out/Compress_10/auto_round1_tries200_seed1/cwd/0XC7CeCFED6FBcBdEa5e
Cleaning up unclosed ZipFile for archive /work/jqwik_out/Compress_10/auto_round1_tries200_seed1/cwd/K
Cleaning up unclosed ZipFile for archive /work/jqwik_out/Compress_10/auto_round1_tries200_seed1/cwd/1
Cleaning up unclosed ZipFile for archive /work/jqwik_out/Compress_10/auto_round1_tries200_seed1/cwd/%s
Cleaning up unclosed ZipFile for archive /work/jqwik_out/Compress_10/auto_round1_tries200_seed1/cwd/2474314601l
Cleaning up unclosed ZipFile for archive /work/jqwik_out/Compress_10/auto_round1_tries200_seed1/cwd/BxgBWcy9
Cleaning up unclosed ZipFile for archive /work/jqwik_out/Compress_10/auto_round1_tries200_seed1/cwd/79053875855422963.5656559223569491e-12D
Cleaning up unclosed ZipFile for archive /work/jqwik_out/Compress_10/auto_round1_tries200_seed1/cwd/e1
Cleaning up unclosed ZipFile for archive /work/jqwik_out/Compress_10/auto_round1_tries200_seed1/cwd/52613646298.L
Cleaning up unclosed ZipFile for archive /work/jqwik_out/Compress_10/auto_round1_tries200_seed1/cwd/3873304L
Cleaning up unclosed ZipFile for archive /work/jqwik_out/Compress_10/auto_round1_tries200_seed1/cwd/iGK
Cleaning up unclosed ZipFile for archive /work/jqwik_out/Compress_10/auto_round1_tries200_seed1/cwd/-9l

[exit=0 timeout=False time=12.1s]

$ java -jar /opt/jacoco/lib/jacococli.jar report /workspace/jqwik/Result_auto_Round1/Compress_10/tries200_seed1/jacoco.exec --classfiles /work/Compress_10f/target/classes --csv /workspace/jqwik/Result_auto_Round1/Compress_10/tries200_seed1/jacoco.csv
[INFO] Loading execution data file /workspace/jqwik/Result_auto_Round1/Compress_10/tries200_seed1/jacoco.exec.
[INFO] Analyzing 114 classes.

[exit=0 timeout=False time=1.0s]

$ java -Djava.awt.headless=true -Xss4m -Xmx1g -Dpbt.seed=1 -Dpbt.tries=200 -Dpbt.snapshot.dir=/work/jqwik_out/Compress_10/auto_round1_tries200_seed1/snapshots -Dpbt.propertyBudgetMs=5000 -Dpbt.mask=/work/Compress_10f:/work/Compress_10b:/work/jqwik_out/Compress_10/auto_round1_tries200_seed1/classes_f:/work/jqwik_out/Compress_10/auto_round1_tries200_seed1/classes_b -Dpbt.mode=check -jar /workspace/lib/jqwik/junit-platform-console-standalone-1.9.3.jar --disable-banner --details tree --class-path /work/jqwik_out/Compress_10/auto_round1_tries200_seed1/classes_b:/work/Compress_10b/target/classes:/opt/defects4j/framework/projects/Compress/lib/junit/junit/4.10/junit-4.10.jar:/opt/defects4j/framework/projects/Compress/lib/org/hamcrest/hamcrest-core/1.1/hamcrest-core-1.1.jar:/opt/defects4j/framework/projects/Compress/lib/org/tukaani/xz/1.0/xz-1.0.jar:/work/Compress_10b/target/test-classes:/work/jqwik_harness:/workspace/lib/jqwik/jqwik-1.7.4.jar:/workspace/lib/jqwik/jqwik-api-1.7.4.jar:/workspace/lib/jqwik/jqwik-engine-1.7.4.jar --scan-class-path /work/jqwik_out/Compress_10/auto_round1_tries200_seed1/classes_b --include-classname .* --include-engine jqwik --config jqwik.database=/workspace/jqwik/Result_auto_Round1/Compress_10/tries200_seed1/reports_buggy/jqwik-database --config jqwik.tries.default=200 --reports-dir /workspace/jqwik/Result_auto_Round1/Compress_10/tries200_seed1/reports_buggy
           | # of not rejected calls
generation = RANDOMIZED       | parameters are randomly generated
after-failure = SAMPLE_FIRST  | try previously failed sample, then previous seed
when-fixed-seed = ALLOW       | fixing the random seed is allowed
edge-cases#mode = NONE        | edge cases are not explicitly generated
seed = 1                      | random seed to reproduce generated values


timestamp = 2026-09-28T22:21:29.325838, ZipFile AutoPbtTest:m000 canReadEntryData = 
                              |-----------------------jqwik-----------------------
tries = 200                   | # of calls to property
checks = 200                  | # of not rejected calls
generation = RANDOMIZED       | parameters are randomly generated
after-failure = SAMPLE_FIRST  | try previously failed sample, then previous seed
when-fixed-seed = ALLOW       | fixing the random seed is allowed
edge-cases#mode = NONE        | edge cases are not explicitly generated
seed = 1                      | random seed to reproduce generated values


timestamp = 2026-09-28T22:21:29.516902, ZipFile AutoPbtTest:m007 getInputStream = 
                              |-----------------------jqwik-----------------------
tries = 200                   | # of calls to property
checks = 200                  | # of not rejected calls
generation = RANDOMIZED       | parameters are randomly generated
after-failure = SAMPLE_FIRST  | try previously failed sample, then previous seed
when-fixed-seed = ALLOW       | fixing the random seed is allowed
edge-cases#mode = NONE        | edge cases are not explicitly generated
seed = 1                      | random seed to reproduce generated values


timestamp = 2026-09-28T22:21:29.681633, ZipFile AutoPbtTest:m005 getEntriesInPhysicalOrder = 
                              |-----------------------jqwik-----------------------
tries = 200                   | # of calls to property
checks = 200                  | # of not rejected calls
generation = RANDOMIZED       | parameters are randomly generated
after-failure = SAMPLE_FIRST  | try previously failed sample, then previous seed
when-fixed-seed = ALLOW       | fixing the random seed is allowed
edge-cases#mode = NONE        | edge cases are not explicitly generated
seed = 1                      | random seed to reproduce generated values


timestamp = 2026-09-28T22:21:29.851172, ZipFile AutoPbtTest:m003 getEncoding = 
                              |-----------------------jqwik-----------------------
tries = 200                   | # of calls to property
checks = 200                  | # of not rejected calls
generation = RANDOMIZED       | parameters are randomly generated
after-failure = SAMPLE_FIRST  | try previously failed sample, then previous seed
when-fixed-seed = ALLOW       | fixing the random seed is allowed
edge-cases#mode = NONE        | edge cases are not explicitly generated
seed = 1                      | random seed to reproduce generated values


[36m╷[0m
[36m└─[0m [36mjqwik (JUnit Platform)[0m [32m✔[0m
[36m   └─[0m [36mZipFile AutoPbtTest[0m [32m✔[0m
[36m      ├─[0m [34mm006 getEntry[0m [32m✔[0m
[36m      ├─[0m [34mm002 closeQuietly[0m [32m✔[0m
[36m      ├─[0m [34mm004 getEntries[0m [32m✔[0m
[36m      ├─[0m [34mm001 close[0m [32m✔[0m
[36m      ├─[0m [34mm000 canReadEntryData[0m [32m✔[0m
[36m      ├─[0m [34mm007 getInputStream[0m [32m✔[0m
[36m      ├─[0m [34mm005 getEntriesInPhysicalOrder[0m [32m✔[0m
[36m      └─[0m [34mm003 getEncoding[0m [32m✔[0m

Test run finished after 3418 ms
[         2 containers found      ]
[         0 containers skipped    ]
[         2 containers started    ]
[         0 containers aborted    ]
[         2 containers successful ]
[         0 containers failed     ]
[         8 tests found           ]
[         0 tests skipped         ]
[         8 tests started         ]
[         0 tests aborted         ]
[         8 tests successful      ]
[         0 tests failed          ]

_out/Compress_10/auto_round1_tries200_seed1/cwd/xl215-5L
Cleaning up unclosed ZipFile for archive /work/jqwik_out/Compress_10/auto_round1_tries200_seed1/cwd/78399441216E82
Cleaning up unclosed ZipFile for archive /work/jqwik_out/Compress_10/auto_round1_tries200_seed1/cwd/12:34:56
Cleaning up unclosed ZipFile for archive /work/jqwik_out/Compress_10/auto_round1_tries200_seed1/cwd/-1.5
Cleaning up unclosed ZipFile for archive /work/jqwik_out/Compress_10/auto_round1_tries200_seed1/cwd/0x10
Cleaning up unclosed ZipFile for archive /work/jqwik_out/Compress_10/auto_round1_tries200_seed1/cwd/x836#+
Cleaning up unclosed ZipFile for archive /work/jqwik_out/Compress_10/auto_round1_tries200_seed1/cwd/170849021555335f
Cleaning up unclosed ZipFile for archive /work/jqwik_out/Compress_10/auto_round1_tries200_seed1/cwd/yes
Cleaning up unclosed ZipFile for archive /work/jqwik_out/Compress_10/auto_round1_tries200_seed1/cwd/E
Cleaning up unclosed ZipFile for archive /work/jqwik_out/Compress_10/auto_round1_tries200_seed1/cwd/245E+36
Cleaning up unclosed ZipFile for archive /6yAcC
Cleaning up unclosed ZipFile for archive /work/jqwik_out/Compress_10/auto_round1_tries200_seed1/cwd
Cleaning up unclosed ZipFile for archive /work/jqwik_out/Compress_10/auto_round1_tries200_seed1/cwd/06228D
Cleaning up unclosed ZipFile for archive /work/jqwik_out/Compress_10/auto_round1_tries200_seed1/cwd/mK#u6yxYYyBO
Cleaning up unclosed ZipFile for archive /work/jqwik_out/Compress_10/auto_round1_tries200_seed1/cwd/-0x8B2E4fc8C7
Cleaning up unclosed ZipFile for archive /work/jqwik_out/Compress_10/auto_round1_tries200_seed1/cwd/ᗪ朅捐覊䌦ꯛ
Cleaning up unclosed ZipFile for archive /work/jqwik_out/Compress_10/auto_round1_tries200_seed1/cwd/.j Uz,
Cleaning up unclosed ZipFile for archive /work/jqwik_out/Compress_10/auto_round1_tries200_seed1/cwd/䆳㴇ꚶ꛼
Cleaning up unclosed ZipFile for archive /work/jqwik_out/Compress_10/auto_round1_tries200_seed1/cwd
Cleaning up unclosed ZipFile for archive /work/jqwik_out/Compress_10/auto_round1_tries200_seed1/cwd/46393591014645630562.534602793815340789
Cleaning up unclosed ZipFile for archive /work/jqwik_out/Compress_10/auto_round1_tries200_seed1/cwd/RcZXivEdAboJ
Cleaning up unclosed ZipFile for archive /work/jqwik_out/Compress_10/auto_round1_tries200_seed1/cwd/xH:Ebhg#itW
Cleaning up unclosed ZipFile for archive /work/jqwik_out/Compress_10/auto_round1_tries200_seed1/cwd
Cleaning up unclosed ZipFile for archive /work/jqwik_out/Compress_10/auto_round1_tries200_seed1/cwd/'s'
Cleaning up unclosed ZipFile for archive /work/jqwik_out/Compress_10/auto_round1_tries200_seed1/cwd
Cleaning up unclosed ZipFile for archive /work/jqwik_out/Compress_10/auto_round1_tries200_seed1/cwd/2-7Ld3LF2
Cleaning up unclosed ZipFile for archive /work/jqwik_out/Compress_10/auto_round1_tries200_seed1/cwd/B+SWU
Cleaning up unclosed ZipFile for archive /work/jqwik_out/Compress_10/auto_round1_tries200_seed1/cwd
Cleaning up unclosed ZipFile for archive /work/jqwik_out/Compress_10/auto_round1_tries200_seed1/cwd/a b
Cleaning up unclosed ZipFile for archive /work/jqwik_out/Compress_10/auto_round1_tries200_seed1/cwd/ab
Cleaning up unclosed ZipFile for archive /work/jqwik_out/Compress_10/auto_round1_tries200_seed1/cwd/e064-#-
Cleaning up unclosed ZipFile for archive /work/jqwik_out/Compress_10/auto_round1_tries200_seed1/cwd/V
Cleaning up unclosed ZipFile for archive /work/jqwik_out/Compress_10/auto_round1_tries200_seed1/cwd/-064514283278510
Cleaning up unclosed ZipFile for archive /work/jqwik_out/Compress_10/auto_round1_tries200_seed1/cwd/0x25E
Cleaning up unclosed ZipFile for archive /work/jqwik_out/Compress_10/auto_round1_tries200_seed1/cwd/#bf02af9C7beF58
Cleaning up unclosed ZipFile for archive /work/jqwik_out/Compress_10/auto_round1_tries200_seed1/cwd/敖뺝ꛏ淎ত봆
Cleaning up unclosed ZipFile for archive /work/jqwik_out/Compress_10/auto_round1_tries200_seed1/cwd/9eN+
Cleaning up unclosed ZipFile for archive /work/jqwik_out/Compress_10/auto_round1_tries200_seed1/cwd/-37841230205168

[exit=0 timeout=False time=5.1s]
