
$ javac -nowarn -encoding UTF-8 -cp /work/JxPath_5f/target/classes:/work/JxPath_5f/src/java:/work/JxPath_5f/target/lib/commons-beanutils-1.4.jar:/work/JxPath_5f/target/lib/commons-collections-2.0.jar:/work/JxPath_5f/target/lib/commons-logging-1.0.4.jar:/work/JxPath_5f/target/lib/jdom-1.0.jar:/work/JxPath_5f/target/lib/junit-3.8.1.jar:/work/JxPath_5f/target/lib/junit-3.8.jar:/work/JxPath_5f/target/lib/mockrunner-0.4.1.jar:/work/JxPath_5f/target/lib/servletapi-2.2.jar:/work/JxPath_5f/target/lib/xerces-2.4.0.jar:/work/JxPath_5f/target/lib/xml-apis-2.0.2.jar:/work/JxPath_5f/src/test:/work/JxPath_5f/target/test-classes:/opt/defects4j/framework/projects/lib/junit-4.12-hamcrest-1.3.jar:/work/jqwik_harness:/workspace/lib/jqwik/jqwik-1.7.4.jar:/workspace/lib/jqwik/jqwik-api-1.7.4.jar:/workspace/lib/jqwik/jqwik-engine-1.7.4.jar -d /work/jqwik_out/JxPath_5/auto_round2_tries1000_seed3/classes_f /workspace/jqwik/Auto/JxPath_5/org/apache/commons/jxpath/ri/model/NodePointer_AutoPbtTest.java

[exit=0 timeout=False time=1.7s]

$ javac -nowarn -encoding UTF-8 -cp /work/JxPath_5b/target/classes:/work/JxPath_5b/src/java:/work/JxPath_5b/target/lib/commons-beanutils-1.4.jar:/work/JxPath_5b/target/lib/commons-collections-2.0.jar:/work/JxPath_5b/target/lib/commons-logging-1.0.4.jar:/work/JxPath_5b/target/lib/jdom-1.0.jar:/work/JxPath_5b/target/lib/junit-3.8.1.jar:/work/JxPath_5b/target/lib/junit-3.8.jar:/work/JxPath_5b/target/lib/mockrunner-0.4.1.jar:/work/JxPath_5b/target/lib/servletapi-2.2.jar:/work/JxPath_5b/target/lib/xerces-2.4.0.jar:/work/JxPath_5b/target/lib/xml-apis-2.0.2.jar:/work/JxPath_5b/src/test:/work/JxPath_5b/target/test-classes:/opt/defects4j/framework/projects/lib/junit-4.12-hamcrest-1.3.jar:/work/jqwik_harness:/workspace/lib/jqwik/jqwik-1.7.4.jar:/workspace/lib/jqwik/jqwik-api-1.7.4.jar:/workspace/lib/jqwik/jqwik-engine-1.7.4.jar -d /work/jqwik_out/JxPath_5/auto_round2_tries1000_seed3/classes_b /workspace/jqwik/Auto/JxPath_5/org/apache/commons/jxpath/ri/model/NodePointer_AutoPbtTest.java

[exit=0 timeout=False time=1.9s]

$ java -Djava.awt.headless=true -Xss4m -Xmx1g -Dpbt.seed=3 -Dpbt.tries=1000 -Dpbt.snapshot.dir=/work/jqwik_out/JxPath_5/auto_round2_tries1000_seed3/snapshots -Dpbt.propertyBudgetMs=5000 -Dpbt.mask=/work/JxPath_5f:/work/JxPath_5b:/work/jqwik_out/JxPath_5/auto_round2_tries1000_seed3/classes_f:/work/jqwik_out/JxPath_5/auto_round2_tries1000_seed3/classes_b -Dpbt.mode=record -jar /workspace/lib/jqwik/junit-platform-console-standalone-1.9.3.jar --disable-banner --details tree --class-path /work/jqwik_out/JxPath_5/auto_round2_tries1000_seed3/classes_f:/work/JxPath_5f/target/classes:/work/JxPath_5f/src/java:/work/JxPath_5f/target/lib/commons-beanutils-1.4.jar:/work/JxPath_5f/target/lib/commons-collections-2.0.jar:/work/JxPath_5f/target/lib/commons-logging-1.0.4.jar:/work/JxPath_5f/target/lib/jdom-1.0.jar:/work/JxPath_5f/target/lib/junit-3.8.1.jar:/work/JxPath_5f/target/lib/junit-3.8.jar:/work/JxPath_5f/target/lib/mockrunner-0.4.1.jar:/work/JxPath_5f/target/lib/servletapi-2.2.jar:/work/JxPath_5f/target/lib/xerces-2.4.0.jar:/work/JxPath_5f/target/lib/xml-apis-2.0.2.jar:/work/JxPath_5f/src/test:/work/JxPath_5f/target/test-classes:/opt/defects4j/framework/projects/lib/junit-4.12-hamcrest-1.3.jar:/work/jqwik_harness:/workspace/lib/jqwik/jqwik-1.7.4.jar:/workspace/lib/jqwik/jqwik-api-1.7.4.jar:/workspace/lib/jqwik/jqwik-engine-1.7.4.jar --scan-class-path /work/jqwik_out/JxPath_5/auto_round2_tries1000_seed3/classes_f --include-classname .* --include-engine jqwik --config jqwik.database=/workspace/jqwik/Result_auto_Round2/JxPath_5/tries1000_seed3/reports_record/jqwik-database --config jqwik.tries.default=1000 --reports-dir /workspace/jqwik/Result_auto_Round2/JxPath_5/tries1000_seed3/reports_record
MPLE_FIRST  | try previously failed sample, then previous seed
when-fixed-seed = ALLOW       | fixing the random seed is allowed
edge-cases#mode = NONE        | edge cases are not explicitly generated
seed = 3                      | random seed to reproduce generated values


timestamp = 2026-09-27T05:40:08.266663, NodePointer AutoPbtTest:m025 isActual = 
                              |-----------------------jqwik-----------------------
tries = 1000                  | # of calls to property
checks = 1000                 | # of not rejected calls
generation = RANDOMIZED       | parameters are randomly generated
after-failure = SAMPLE_FIRST  | try previously failed sample, then previous seed
when-fixed-seed = ALLOW       | fixing the random seed is allowed
edge-cases#mode = NONE        | edge cases are not explicitly generated
seed = 3                      | random seed to reproduce generated values


[36m╷[0m
[36m└─[0m [36mjqwik (JUnit Platform)[0m [32m✔[0m
[36m   └─[0m [36mNodePointer AutoPbtTest[0m [32m✔[0m
[36m      ├─[0m [34mm007 createPath[0m [32m✔[0m
[36m      ├─[0m [34mm042 toString[0m [32m✔[0m
[36m      ├─[0m [34mm030 isNode[0m [32m✔[0m
[36m      ├─[0m [34mm032 namespaceIterator[0m [32m✔[0m
[36m      ├─[0m [34mm008 createPath[0m [32m✔[0m
[36m      ├─[0m [34mm029 isLanguage[0m [32m✔[0m
[36m      ├─[0m [34mm016 getNamespaceURI[0m [32m✔[0m
[36m      ├─[0m [34mm028 isDefaultNamespace[0m [32m✔[0m
[36m      ├─[0m [34mm021 getPointerByKey[0m [32m✔[0m
[36m      ├─[0m [34mm010 getImmediateParentPointer[0m [32m✔[0m
[36m      ├─[0m [34mm012 getIndex[0m [32m✔[0m
[36m      ├─[0m [34mm011 getImmediateValuePointer[0m [32m✔[0m
[36m      ├─[0m [34mm035 newNodePointer[0m [32m✔[0m
[36m      ├─[0m [34mm041 testNode[0m [32m✔[0m
[36m      ├─[0m [34mm001 attributeIterator[0m [32m✔[0m
[36m      ├─[0m [34mm000 asPath[0m [32m✔[0m
[36m      ├─[0m [34mm004 createAttribute[0m [32m✔[0m
[36m      ├─[0m [34mm013 getLocale[0m [32m✔[0m
[36m      ├─[0m [34mm038 setAttribute[0m [32m✔[0m
[36m      ├─[0m [34mm020 getPointerByID[0m [32m✔[0m
[36m      ├─[0m [34mm018 getNodeValue[0m [32m✔[0m
[36m      ├─[0m [34mm033 namespacePointer[0m [32m✔[0m
[36m      ├─[0m [34mm022 getRootNode[0m [32m✔[0m
[36m      ├─[0m [34mm031 isRoot[0m [32m✔[0m
[36m      ├─[0m [34mm040 setNamespaceResolver[0m [32m✔[0m
[36m      ├─[0m [34mm024 getValuePointer[0m [32m✔[0m
[36m      ├─[0m [34mm002 childIterator[0m [32m✔[0m
[36m      ├─[0m [34mm009 getDefaultNamespaceURI[0m [32m✔[0m
[36m      ├─[0m [34mm023 getValue[0m [32m✔[0m
[36m      ├─[0m [34mm034 newChildNodePointer[0m [32m✔[0m
[36m      ├─[0m [34mm027 isContainer[0m [32m✔[0m
[36m      ├─[0m [34mm006 createChild[0m [32m✔[0m
[36m      ├─[0m [34mm015 getNamespaceURI[0m [32m✔[0m
[36m      ├─[0m [34mm003 compareTo[0m [32m✔[0m
[36m      ├─[0m [34mm019 getParent[0m [32m✔[0m
[36m      ├─[0m [34mm017 getNode[0m [32m✔[0m
[36m      ├─[0m [34mm005 createChild[0m [32m✔[0m
[36m      ├─[0m [34mcontract compareTo[0m [32m✔[0m
[36m      ├─[0m [34mm014 getNamespaceResolver[0m [32m✔[0m
[36m      ├─[0m [34mm039 setIndex[0m [32m✔[0m
[36m      ├─[0m [34mm036 printPointerChain[0m [32m✔[0m
[36m      ├─[0m [34mm026 isAttribute[0m [32m✔[0m
[36m      ├─[0m [34mm037 remove[0m [32m✔[0m
[36m      └─[0m [34mm025 isActual[0m [32m✔[0m

Test run finished after 34497 ms
[         2 containers found      ]
[         0 containers skipped    ]
[         2 containers started    ]
[         0 containers aborted    ]
[         2 containers successful ]
[         0 containers failed     ]
[        44 tests found           ]
[         0 tests skipped         ]
[        44 tests started         ]
[         0 tests aborted         ]
[        44 tests successful      ]
[         0 tests failed          ]

.model.beans.BeanPointer)
POINTER: 138530(org.apache.commons.jxpath.ri.model.beans.BeanPointer)
POINTER: null()(org.apache.commons.jxpath.ri.model.beans.NullPointer)
POINTER: -951(org.apache.commons.jxpath.ri.model.beans.BeanPointer)
POINTER: ':c9e'(org.apache.commons.jxpath.ri.model.beans.BeanPointer)
POINTER: ',4lYY_do+t'/x7x04391e47D(org.apache.commons.jxpath.ri.model.beans.BeanPointer)
   of ',4lYY_do+t'(org.apache.commons.jxpath.ri.model.beans.BeanPointer)
POINTER: -688(org.apache.commons.jxpath.ri.model.beans.BeanPointer)
POINTER: 10(org.apache.commons.jxpath.ri.model.beans.BeanPointer)
POINTER: 56(org.apache.commons.jxpath.ri.model.beans.BeanPointer)
POINTER: 2/2024-01-31:k/#bF78faDAbbFDfC(org.apache.commons.jxpath.ri.model.beans.BeanPointer)
   of 2/2024-01-31:k(org.apache.commons.jxpath.ri.model.beans.BeanPointer)
     of 2(org.apache.commons.jxpath.ri.model.beans.BeanPointer)
POINTER: 19(org.apache.commons.jxpath.ri.model.beans.BeanPointer)
POINTER: -71/26524855714941092.616e34F(org.apache.commons.jxpath.ri.model.beans.BeanPointer)
   of -71(org.apache.commons.jxpath.ri.model.beans.BeanPointer)
POINTER: -94/EE55.LLf:null/jx(org.apache.commons.jxpath.ri.model.beans.BeanPointer)
   of -94/EE55.LLf:null(org.apache.commons.jxpath.ri.model.beans.BeanPointer)
     of -94(org.apache.commons.jxpath.ri.model.beans.BeanPointer)
POINTER: 6(org.apache.commons.jxpath.ri.model.beans.BeanPointer)
POINTER: 'QlExZP'/8fddf46/xf3E(org.apache.commons.jxpath.ri.model.beans.BeanPointer)
   of 'QlExZP'/8fddf46(org.apache.commons.jxpath.ri.model.beans.BeanPointer)
     of 'QlExZP'(org.apache.commons.jxpath.ri.model.beans.BeanPointer)
POINTER: 9/-+Ois:0624385584579287958.6416833f(org.apache.commons.jxpath.ri.model.beans.NullPointer)
   of 9(org.apache.commons.jxpath.ri.model.beans.BeanPointer)
POINTER: ''(org.apache.commons.jxpath.ri.model.beans.BeanPointer)
POINTER: ''/1,2z/null:9Exx(org.apache.commons.jxpath.ri.model.beans.BeanPointer)
   of ''/1,2z(org.apache.commons.jxpath.ri.model.beans.BeanPointer)
     of ''(org.apache.commons.jxpath.ri.model.beans.BeanPointer)
POINTER: '렚줮苝䐩'/-0x1Caa33:E5(org.apache.commons.jxpath.ri.model.beans.BeanPointer)
   of '렚줮苝䐩'(org.apache.commons.jxpath.ri.model.beans.BeanPointer)
POINTER: ' a '(org.apache.commons.jxpath.ri.model.beans.BeanPointer)
POINTER: 4(org.apache.commons.jxpath.ri.model.beans.BeanPointer)
POINTER: -209/😀(org.apache.commons.jxpath.ri.model.beans.BeanPointer)
   of -209(org.apache.commons.jxpath.ri.model.beans.BeanPointer)
POINTER: 'eS.DTbRM5'(org.apache.commons.jxpath.ri.model.beans.BeanPointer)
POINTER: null()/0XAB910735CefDEca642(org.apache.commons.jxpath.ri.model.beans.BeanPointer)
   of null()(org.apache.commons.jxpath.ri.model.beans.NullPointer)
POINTER: -2786612/072274723376131642.771:null/-7lPN:+47367850509(org.apache.commons.jxpath.ri.model.beans.BeanPointer)
   of -2786612/072274723376131642.771:null(org.apache.commons.jxpath.ri.model.beans.BeanPointer)
     of -2786612(org.apache.commons.jxpath.ri.model.beans.BeanPointer)
POINTER: 'Gau;rme'/null/2D(org.apache.commons.jxpath.ri.model.beans.BeanPointer)
   of 'Gau;rme'/null(org.apache.commons.jxpath.ri.model.beans.BeanPointer)
     of 'Gau;rme'(org.apache.commons.jxpath.ri.model.beans.BeanPointer)
POINTER: 'pma'/6(org.apache.commons.jxpath.ri.model.beans.BeanPointer)
   of 'pma'(org.apache.commons.jxpath.ri.model.beans.BeanPointer)
POINTER: 'msKnWBn4.'/null:#CDA8bDbf4(org.apache.commons.jxpath.ri.model.beans.BeanPointer)
   of 'msKnWBn4.'(org.apache.commons.jxpath.ri.model.beans.BeanPointer)
POINTER: 363/01:WR57;:ettaI(org.apache.commons.jxpath.ri.model.beans.BeanPointer)
   of 363(org.apache.commons.jxpath.ri.model.beans.BeanPointer)
POINTER: 12(org.apache.commons.jxpath.ri.model.beans.BeanPointer)
POINTER: 'ABC'/30X0.X:#FF/?(org.apache.commons.jxpath.ri.model.beans.BeanPointer)
   of 'ABC'/30X0.X:#FF(org.apache.commons.jxpath.ri.model.beans.BeanPointer)
     of 'ABC'(org.apache.commons.jxpath.ri.model.beans.BeanPointer)

[exit=0 timeout=False time=36.5s]

$ java -Djava.awt.headless=true -Xss4m -Xmx1g -Dpbt.seed=3 -Dpbt.tries=1000 -Dpbt.snapshot.dir=/work/jqwik_out/JxPath_5/auto_round2_tries1000_seed3/snapshots -Dpbt.propertyBudgetMs=5000 -Dpbt.mask=/work/JxPath_5f:/work/JxPath_5b:/work/jqwik_out/JxPath_5/auto_round2_tries1000_seed3/classes_f:/work/jqwik_out/JxPath_5/auto_round2_tries1000_seed3/classes_b -Dpbt.mode=check -javaagent:/opt/jacoco/lib/jacocoagent.jar=destfile=/workspace/jqwik/Result_auto_Round2/JxPath_5/tries1000_seed3/jacoco.exec -jar /workspace/lib/jqwik/junit-platform-console-standalone-1.9.3.jar --disable-banner --details tree --class-path /work/jqwik_out/JxPath_5/auto_round2_tries1000_seed3/classes_f:/work/JxPath_5f/target/classes:/work/JxPath_5f/src/java:/work/JxPath_5f/target/lib/commons-beanutils-1.4.jar:/work/JxPath_5f/target/lib/commons-collections-2.0.jar:/work/JxPath_5f/target/lib/commons-logging-1.0.4.jar:/work/JxPath_5f/target/lib/jdom-1.0.jar:/work/JxPath_5f/target/lib/junit-3.8.1.jar:/work/JxPath_5f/target/lib/junit-3.8.jar:/work/JxPath_5f/target/lib/mockrunner-0.4.1.jar:/work/JxPath_5f/target/lib/servletapi-2.2.jar:/work/JxPath_5f/target/lib/xerces-2.4.0.jar:/work/JxPath_5f/target/lib/xml-apis-2.0.2.jar:/work/JxPath_5f/src/test:/work/JxPath_5f/target/test-classes:/opt/defects4j/framework/projects/lib/junit-4.12-hamcrest-1.3.jar:/work/jqwik_harness:/workspace/lib/jqwik/jqwik-1.7.4.jar:/workspace/lib/jqwik/jqwik-api-1.7.4.jar:/workspace/lib/jqwik/jqwik-engine-1.7.4.jar --scan-class-path /work/jqwik_out/JxPath_5/auto_round2_tries1000_seed3/classes_f --include-classname .* --include-engine jqwik --config jqwik.database=/workspace/jqwik/Result_auto_Round2/JxPath_5/tries1000_seed3/reports_fixed/jqwik-database --config jqwik.tries.default=1000 --reports-dir /workspace/jqwik/Result_auto_Round2/JxPath_5/tries1000_seed3/reports_fixed
MPLE_FIRST  | try previously failed sample, then previous seed
when-fixed-seed = ALLOW       | fixing the random seed is allowed
edge-cases#mode = NONE        | edge cases are not explicitly generated
seed = 3                      | random seed to reproduce generated values


timestamp = 2026-09-27T05:40:46.623303, NodePointer AutoPbtTest:m025 isActual = 
                              |-----------------------jqwik-----------------------
tries = 1000                  | # of calls to property
checks = 1000                 | # of not rejected calls
generation = RANDOMIZED       | parameters are randomly generated
after-failure = SAMPLE_FIRST  | try previously failed sample, then previous seed
when-fixed-seed = ALLOW       | fixing the random seed is allowed
edge-cases#mode = NONE        | edge cases are not explicitly generated
seed = 3                      | random seed to reproduce generated values


[36m╷[0m
[36m└─[0m [36mjqwik (JUnit Platform)[0m [32m✔[0m
[36m   └─[0m [36mNodePointer AutoPbtTest[0m [32m✔[0m
[36m      ├─[0m [34mm007 createPath[0m [32m✔[0m
[36m      ├─[0m [34mm042 toString[0m [32m✔[0m
[36m      ├─[0m [34mm030 isNode[0m [32m✔[0m
[36m      ├─[0m [34mm032 namespaceIterator[0m [32m✔[0m
[36m      ├─[0m [34mm008 createPath[0m [32m✔[0m
[36m      ├─[0m [34mm029 isLanguage[0m [32m✔[0m
[36m      ├─[0m [34mm016 getNamespaceURI[0m [32m✔[0m
[36m      ├─[0m [34mm028 isDefaultNamespace[0m [32m✔[0m
[36m      ├─[0m [34mm021 getPointerByKey[0m [32m✔[0m
[36m      ├─[0m [34mm010 getImmediateParentPointer[0m [32m✔[0m
[36m      ├─[0m [34mm012 getIndex[0m [32m✔[0m
[36m      ├─[0m [34mm011 getImmediateValuePointer[0m [32m✔[0m
[36m      ├─[0m [34mm035 newNodePointer[0m [32m✔[0m
[36m      ├─[0m [34mm041 testNode[0m [32m✔[0m
[36m      ├─[0m [34mm001 attributeIterator[0m [32m✔[0m
[36m      ├─[0m [34mm000 asPath[0m [32m✔[0m
[36m      ├─[0m [34mm004 createAttribute[0m [32m✔[0m
[36m      ├─[0m [34mm013 getLocale[0m [32m✔[0m
[36m      ├─[0m [34mm038 setAttribute[0m [32m✔[0m
[36m      ├─[0m [34mm020 getPointerByID[0m [32m✔[0m
[36m      ├─[0m [34mm018 getNodeValue[0m [32m✔[0m
[36m      ├─[0m [34mm033 namespacePointer[0m [32m✔[0m
[36m      ├─[0m [34mm022 getRootNode[0m [32m✔[0m
[36m      ├─[0m [34mm031 isRoot[0m [32m✔[0m
[36m      ├─[0m [34mm040 setNamespaceResolver[0m [32m✔[0m
[36m      ├─[0m [34mm024 getValuePointer[0m [32m✔[0m
[36m      ├─[0m [34mm002 childIterator[0m [32m✔[0m
[36m      ├─[0m [34mm009 getDefaultNamespaceURI[0m [32m✔[0m
[36m      ├─[0m [34mm023 getValue[0m [32m✔[0m
[36m      ├─[0m [34mm034 newChildNodePointer[0m [32m✔[0m
[36m      ├─[0m [34mm027 isContainer[0m [32m✔[0m
[36m      ├─[0m [34mm006 createChild[0m [32m✔[0m
[36m      ├─[0m [34mm015 getNamespaceURI[0m [32m✔[0m
[36m      ├─[0m [34mm003 compareTo[0m [32m✔[0m
[36m      ├─[0m [34mm019 getParent[0m [32m✔[0m
[36m      ├─[0m [34mm017 getNode[0m [32m✔[0m
[36m      ├─[0m [34mm005 createChild[0m [32m✔[0m
[36m      ├─[0m [34mcontract compareTo[0m [32m✔[0m
[36m      ├─[0m [34mm014 getNamespaceResolver[0m [32m✔[0m
[36m      ├─[0m [34mm039 setIndex[0m [32m✔[0m
[36m      ├─[0m [34mm036 printPointerChain[0m [32m✔[0m
[36m      ├─[0m [34mm026 isAttribute[0m [32m✔[0m
[36m      ├─[0m [34mm037 remove[0m [32m✔[0m
[36m      └─[0m [34mm025 isActual[0m [32m✔[0m

Test run finished after 35204 ms
[         2 containers found      ]
[         0 containers skipped    ]
[         2 containers started    ]
[         0 containers aborted    ]
[         2 containers successful ]
[         0 containers failed     ]
[        44 tests found           ]
[         0 tests skipped         ]
[        44 tests started         ]
[         0 tests aborted         ]
[        44 tests successful      ]
[         0 tests failed          ]

.model.beans.BeanPointer)
POINTER: 138530(org.apache.commons.jxpath.ri.model.beans.BeanPointer)
POINTER: null()(org.apache.commons.jxpath.ri.model.beans.NullPointer)
POINTER: -951(org.apache.commons.jxpath.ri.model.beans.BeanPointer)
POINTER: ':c9e'(org.apache.commons.jxpath.ri.model.beans.BeanPointer)
POINTER: ',4lYY_do+t'/x7x04391e47D(org.apache.commons.jxpath.ri.model.beans.BeanPointer)
   of ',4lYY_do+t'(org.apache.commons.jxpath.ri.model.beans.BeanPointer)
POINTER: -688(org.apache.commons.jxpath.ri.model.beans.BeanPointer)
POINTER: 10(org.apache.commons.jxpath.ri.model.beans.BeanPointer)
POINTER: 56(org.apache.commons.jxpath.ri.model.beans.BeanPointer)
POINTER: 2/2024-01-31:k/#bF78faDAbbFDfC(org.apache.commons.jxpath.ri.model.beans.BeanPointer)
   of 2/2024-01-31:k(org.apache.commons.jxpath.ri.model.beans.BeanPointer)
     of 2(org.apache.commons.jxpath.ri.model.beans.BeanPointer)
POINTER: 19(org.apache.commons.jxpath.ri.model.beans.BeanPointer)
POINTER: -71/26524855714941092.616e34F(org.apache.commons.jxpath.ri.model.beans.BeanPointer)
   of -71(org.apache.commons.jxpath.ri.model.beans.BeanPointer)
POINTER: -94/EE55.LLf:null/jx(org.apache.commons.jxpath.ri.model.beans.BeanPointer)
   of -94/EE55.LLf:null(org.apache.commons.jxpath.ri.model.beans.BeanPointer)
     of -94(org.apache.commons.jxpath.ri.model.beans.BeanPointer)
POINTER: 6(org.apache.commons.jxpath.ri.model.beans.BeanPointer)
POINTER: 'QlExZP'/8fddf46/xf3E(org.apache.commons.jxpath.ri.model.beans.BeanPointer)
   of 'QlExZP'/8fddf46(org.apache.commons.jxpath.ri.model.beans.BeanPointer)
     of 'QlExZP'(org.apache.commons.jxpath.ri.model.beans.BeanPointer)
POINTER: 9/-+Ois:0624385584579287958.6416833f(org.apache.commons.jxpath.ri.model.beans.NullPointer)
   of 9(org.apache.commons.jxpath.ri.model.beans.BeanPointer)
POINTER: ''(org.apache.commons.jxpath.ri.model.beans.BeanPointer)
POINTER: ''/1,2z/null:9Exx(org.apache.commons.jxpath.ri.model.beans.BeanPointer)
   of ''/1,2z(org.apache.commons.jxpath.ri.model.beans.BeanPointer)
     of ''(org.apache.commons.jxpath.ri.model.beans.BeanPointer)
POINTER: '렚줮苝䐩'/-0x1Caa33:E5(org.apache.commons.jxpath.ri.model.beans.BeanPointer)
   of '렚줮苝䐩'(org.apache.commons.jxpath.ri.model.beans.BeanPointer)
POINTER: ' a '(org.apache.commons.jxpath.ri.model.beans.BeanPointer)
POINTER: 4(org.apache.commons.jxpath.ri.model.beans.BeanPointer)
POINTER: -209/😀(org.apache.commons.jxpath.ri.model.beans.BeanPointer)
   of -209(org.apache.commons.jxpath.ri.model.beans.BeanPointer)
POINTER: 'eS.DTbRM5'(org.apache.commons.jxpath.ri.model.beans.BeanPointer)
POINTER: null()/0XAB910735CefDEca642(org.apache.commons.jxpath.ri.model.beans.BeanPointer)
   of null()(org.apache.commons.jxpath.ri.model.beans.NullPointer)
POINTER: -2786612/072274723376131642.771:null/-7lPN:+47367850509(org.apache.commons.jxpath.ri.model.beans.BeanPointer)
   of -2786612/072274723376131642.771:null(org.apache.commons.jxpath.ri.model.beans.BeanPointer)
     of -2786612(org.apache.commons.jxpath.ri.model.beans.BeanPointer)
POINTER: 'Gau;rme'/null/2D(org.apache.commons.jxpath.ri.model.beans.BeanPointer)
   of 'Gau;rme'/null(org.apache.commons.jxpath.ri.model.beans.BeanPointer)
     of 'Gau;rme'(org.apache.commons.jxpath.ri.model.beans.BeanPointer)
POINTER: 'pma'/6(org.apache.commons.jxpath.ri.model.beans.BeanPointer)
   of 'pma'(org.apache.commons.jxpath.ri.model.beans.BeanPointer)
POINTER: 'msKnWBn4.'/null:#CDA8bDbf4(org.apache.commons.jxpath.ri.model.beans.BeanPointer)
   of 'msKnWBn4.'(org.apache.commons.jxpath.ri.model.beans.BeanPointer)
POINTER: 363/01:WR57;:ettaI(org.apache.commons.jxpath.ri.model.beans.BeanPointer)
   of 363(org.apache.commons.jxpath.ri.model.beans.BeanPointer)
POINTER: 12(org.apache.commons.jxpath.ri.model.beans.BeanPointer)
POINTER: 'ABC'/30X0.X:#FF/?(org.apache.commons.jxpath.ri.model.beans.BeanPointer)
   of 'ABC'/30X0.X:#FF(org.apache.commons.jxpath.ri.model.beans.BeanPointer)
     of 'ABC'(org.apache.commons.jxpath.ri.model.beans.BeanPointer)

[exit=0 timeout=False time=46.7s]

$ java -jar /opt/jacoco/lib/jacococli.jar report /workspace/jqwik/Result_auto_Round2/JxPath_5/tries1000_seed3/jacoco.exec --classfiles /work/JxPath_5f/target/classes --csv /workspace/jqwik/Result_auto_Round2/JxPath_5/tries1000_seed3/jacoco.csv
[INFO] Loading execution data file /workspace/jqwik/Result_auto_Round2/JxPath_5/tries1000_seed3/jacoco.exec.
[INFO] Analyzing 155 classes.

[exit=0 timeout=False time=0.8s]

$ java -Djava.awt.headless=true -Xss4m -Xmx1g -Dpbt.seed=3 -Dpbt.tries=1000 -Dpbt.snapshot.dir=/work/jqwik_out/JxPath_5/auto_round2_tries1000_seed3/snapshots -Dpbt.propertyBudgetMs=5000 -Dpbt.mask=/work/JxPath_5f:/work/JxPath_5b:/work/jqwik_out/JxPath_5/auto_round2_tries1000_seed3/classes_f:/work/jqwik_out/JxPath_5/auto_round2_tries1000_seed3/classes_b -Dpbt.mode=check -jar /workspace/lib/jqwik/junit-platform-console-standalone-1.9.3.jar --disable-banner --details tree --class-path /work/jqwik_out/JxPath_5/auto_round2_tries1000_seed3/classes_b:/work/JxPath_5b/target/classes:/work/JxPath_5b/src/java:/work/JxPath_5b/target/lib/commons-beanutils-1.4.jar:/work/JxPath_5b/target/lib/commons-collections-2.0.jar:/work/JxPath_5b/target/lib/commons-logging-1.0.4.jar:/work/JxPath_5b/target/lib/jdom-1.0.jar:/work/JxPath_5b/target/lib/junit-3.8.1.jar:/work/JxPath_5b/target/lib/junit-3.8.jar:/work/JxPath_5b/target/lib/mockrunner-0.4.1.jar:/work/JxPath_5b/target/lib/servletapi-2.2.jar:/work/JxPath_5b/target/lib/xerces-2.4.0.jar:/work/JxPath_5b/target/lib/xml-apis-2.0.2.jar:/work/JxPath_5b/src/test:/work/JxPath_5b/target/test-classes:/opt/defects4j/framework/projects/lib/junit-4.12-hamcrest-1.3.jar:/work/jqwik_harness:/workspace/lib/jqwik/jqwik-1.7.4.jar:/workspace/lib/jqwik/jqwik-api-1.7.4.jar:/workspace/lib/jqwik/jqwik-engine-1.7.4.jar --scan-class-path /work/jqwik_out/JxPath_5/auto_round2_tries1000_seed3/classes_b --include-classname .* --include-engine jqwik --config jqwik.database=/workspace/jqwik/Result_auto_Round2/JxPath_5/tries1000_seed3/reports_buggy/jqwik-database --config jqwik.tries.default=1000 --reports-dir /workspace/jqwik/Result_auto_Round2/JxPath_5/tries1000_seed3/reports_buggy
MPLE_FIRST  | try previously failed sample, then previous seed
when-fixed-seed = ALLOW       | fixing the random seed is allowed
edge-cases#mode = NONE        | edge cases are not explicitly generated
seed = 3                      | random seed to reproduce generated values


timestamp = 2026-09-27T05:41:23.843516, NodePointer AutoPbtTest:m025 isActual = 
                              |-----------------------jqwik-----------------------
tries = 1000                  | # of calls to property
checks = 1000                 | # of not rejected calls
generation = RANDOMIZED       | parameters are randomly generated
after-failure = SAMPLE_FIRST  | try previously failed sample, then previous seed
when-fixed-seed = ALLOW       | fixing the random seed is allowed
edge-cases#mode = NONE        | edge cases are not explicitly generated
seed = 3                      | random seed to reproduce generated values


[36m╷[0m
[36m└─[0m [36mjqwik (JUnit Platform)[0m [32m✔[0m
[36m   └─[0m [36mNodePointer AutoPbtTest[0m [32m✔[0m
[36m      ├─[0m [34mm007 createPath[0m [32m✔[0m
[36m      ├─[0m [34mm042 toString[0m [32m✔[0m
[36m      ├─[0m [34mm030 isNode[0m [32m✔[0m
[36m      ├─[0m [34mm032 namespaceIterator[0m [32m✔[0m
[36m      ├─[0m [34mm008 createPath[0m [32m✔[0m
[36m      ├─[0m [34mm029 isLanguage[0m [32m✔[0m
[36m      ├─[0m [34mm016 getNamespaceURI[0m [32m✔[0m
[36m      ├─[0m [34mm028 isDefaultNamespace[0m [32m✔[0m
[36m      ├─[0m [34mm021 getPointerByKey[0m [32m✔[0m
[36m      ├─[0m [34mm010 getImmediateParentPointer[0m [32m✔[0m
[36m      ├─[0m [34mm012 getIndex[0m [32m✔[0m
[36m      ├─[0m [34mm011 getImmediateValuePointer[0m [32m✔[0m
[36m      ├─[0m [34mm035 newNodePointer[0m [32m✔[0m
[36m      ├─[0m [34mm041 testNode[0m [32m✔[0m
[36m      ├─[0m [34mm001 attributeIterator[0m [32m✔[0m
[36m      ├─[0m [34mm000 asPath[0m [32m✔[0m
[36m      ├─[0m [34mm004 createAttribute[0m [32m✔[0m
[36m      ├─[0m [34mm013 getLocale[0m [32m✔[0m
[36m      ├─[0m [34mm038 setAttribute[0m [32m✔[0m
[36m      ├─[0m [34mm020 getPointerByID[0m [32m✔[0m
[36m      ├─[0m [34mm018 getNodeValue[0m [32m✔[0m
[36m      ├─[0m [34mm033 namespacePointer[0m [32m✔[0m
[36m      ├─[0m [34mm022 getRootNode[0m [32m✔[0m
[36m      ├─[0m [34mm031 isRoot[0m [32m✔[0m
[36m      ├─[0m [34mm040 setNamespaceResolver[0m [32m✔[0m
[36m      ├─[0m [34mm024 getValuePointer[0m [32m✔[0m
[36m      ├─[0m [34mm002 childIterator[0m [32m✔[0m
[36m      ├─[0m [34mm009 getDefaultNamespaceURI[0m [32m✔[0m
[36m      ├─[0m [34mm023 getValue[0m [32m✔[0m
[36m      ├─[0m [34mm034 newChildNodePointer[0m [32m✔[0m
[36m      ├─[0m [34mm027 isContainer[0m [32m✔[0m
[36m      ├─[0m [34mm006 createChild[0m [32m✔[0m
[36m      ├─[0m [34mm015 getNamespaceURI[0m [32m✔[0m
[36m      ├─[0m [34mm003 compareTo[0m [32m✔[0m
[36m      ├─[0m [34mm019 getParent[0m [32m✔[0m
[36m      ├─[0m [34mm017 getNode[0m [32m✔[0m
[36m      ├─[0m [34mm005 createChild[0m [32m✔[0m
[36m      ├─[0m [34mcontract compareTo[0m [32m✔[0m
[36m      ├─[0m [34mm014 getNamespaceResolver[0m [32m✔[0m
[36m      ├─[0m [34mm039 setIndex[0m [32m✔[0m
[36m      ├─[0m [34mm036 printPointerChain[0m [32m✔[0m
[36m      ├─[0m [34mm026 isAttribute[0m [32m✔[0m
[36m      ├─[0m [34mm037 remove[0m [32m✔[0m
[36m      └─[0m [34mm025 isActual[0m [32m✔[0m

Test run finished after 24525 ms
[         2 containers found      ]
[         0 containers skipped    ]
[         2 containers started    ]
[         0 containers aborted    ]
[         2 containers successful ]
[         0 containers failed     ]
[        44 tests found           ]
[         0 tests skipped         ]
[        44 tests started         ]
[         0 tests aborted         ]
[        44 tests successful      ]
[         0 tests failed          ]

.model.beans.BeanPointer)
POINTER: 138530(org.apache.commons.jxpath.ri.model.beans.BeanPointer)
POINTER: null()(org.apache.commons.jxpath.ri.model.beans.NullPointer)
POINTER: -951(org.apache.commons.jxpath.ri.model.beans.BeanPointer)
POINTER: ':c9e'(org.apache.commons.jxpath.ri.model.beans.BeanPointer)
POINTER: ',4lYY_do+t'/x7x04391e47D(org.apache.commons.jxpath.ri.model.beans.BeanPointer)
   of ',4lYY_do+t'(org.apache.commons.jxpath.ri.model.beans.BeanPointer)
POINTER: -688(org.apache.commons.jxpath.ri.model.beans.BeanPointer)
POINTER: 10(org.apache.commons.jxpath.ri.model.beans.BeanPointer)
POINTER: 56(org.apache.commons.jxpath.ri.model.beans.BeanPointer)
POINTER: 2/2024-01-31:k/#bF78faDAbbFDfC(org.apache.commons.jxpath.ri.model.beans.BeanPointer)
   of 2/2024-01-31:k(org.apache.commons.jxpath.ri.model.beans.BeanPointer)
     of 2(org.apache.commons.jxpath.ri.model.beans.BeanPointer)
POINTER: 19(org.apache.commons.jxpath.ri.model.beans.BeanPointer)
POINTER: -71/26524855714941092.616e34F(org.apache.commons.jxpath.ri.model.beans.BeanPointer)
   of -71(org.apache.commons.jxpath.ri.model.beans.BeanPointer)
POINTER: -94/EE55.LLf:null/jx(org.apache.commons.jxpath.ri.model.beans.BeanPointer)
   of -94/EE55.LLf:null(org.apache.commons.jxpath.ri.model.beans.BeanPointer)
     of -94(org.apache.commons.jxpath.ri.model.beans.BeanPointer)
POINTER: 6(org.apache.commons.jxpath.ri.model.beans.BeanPointer)
POINTER: 'QlExZP'/8fddf46/xf3E(org.apache.commons.jxpath.ri.model.beans.BeanPointer)
   of 'QlExZP'/8fddf46(org.apache.commons.jxpath.ri.model.beans.BeanPointer)
     of 'QlExZP'(org.apache.commons.jxpath.ri.model.beans.BeanPointer)
POINTER: 9/-+Ois:0624385584579287958.6416833f(org.apache.commons.jxpath.ri.model.beans.NullPointer)
   of 9(org.apache.commons.jxpath.ri.model.beans.BeanPointer)
POINTER: ''(org.apache.commons.jxpath.ri.model.beans.BeanPointer)
POINTER: ''/1,2z/null:9Exx(org.apache.commons.jxpath.ri.model.beans.BeanPointer)
   of ''/1,2z(org.apache.commons.jxpath.ri.model.beans.BeanPointer)
     of ''(org.apache.commons.jxpath.ri.model.beans.BeanPointer)
POINTER: '렚줮苝䐩'/-0x1Caa33:E5(org.apache.commons.jxpath.ri.model.beans.BeanPointer)
   of '렚줮苝䐩'(org.apache.commons.jxpath.ri.model.beans.BeanPointer)
POINTER: ' a '(org.apache.commons.jxpath.ri.model.beans.BeanPointer)
POINTER: 4(org.apache.commons.jxpath.ri.model.beans.BeanPointer)
POINTER: -209/😀(org.apache.commons.jxpath.ri.model.beans.BeanPointer)
   of -209(org.apache.commons.jxpath.ri.model.beans.BeanPointer)
POINTER: 'eS.DTbRM5'(org.apache.commons.jxpath.ri.model.beans.BeanPointer)
POINTER: null()/0XAB910735CefDEca642(org.apache.commons.jxpath.ri.model.beans.BeanPointer)
   of null()(org.apache.commons.jxpath.ri.model.beans.NullPointer)
POINTER: -2786612/072274723376131642.771:null/-7lPN:+47367850509(org.apache.commons.jxpath.ri.model.beans.BeanPointer)
   of -2786612/072274723376131642.771:null(org.apache.commons.jxpath.ri.model.beans.BeanPointer)
     of -2786612(org.apache.commons.jxpath.ri.model.beans.BeanPointer)
POINTER: 'Gau;rme'/null/2D(org.apache.commons.jxpath.ri.model.beans.BeanPointer)
   of 'Gau;rme'/null(org.apache.commons.jxpath.ri.model.beans.BeanPointer)
     of 'Gau;rme'(org.apache.commons.jxpath.ri.model.beans.BeanPointer)
POINTER: 'pma'/6(org.apache.commons.jxpath.ri.model.beans.BeanPointer)
   of 'pma'(org.apache.commons.jxpath.ri.model.beans.BeanPointer)
POINTER: 'msKnWBn4.'/null:#CDA8bDbf4(org.apache.commons.jxpath.ri.model.beans.BeanPointer)
   of 'msKnWBn4.'(org.apache.commons.jxpath.ri.model.beans.BeanPointer)
POINTER: 363/01:WR57;:ettaI(org.apache.commons.jxpath.ri.model.beans.BeanPointer)
   of 363(org.apache.commons.jxpath.ri.model.beans.BeanPointer)
POINTER: 12(org.apache.commons.jxpath.ri.model.beans.BeanPointer)
POINTER: 'ABC'/30X0.X:#FF/?(org.apache.commons.jxpath.ri.model.beans.BeanPointer)
   of 'ABC'/30X0.X:#FF(org.apache.commons.jxpath.ri.model.beans.BeanPointer)
     of 'ABC'(org.apache.commons.jxpath.ri.model.beans.BeanPointer)

[exit=0 timeout=False time=26.2s]
