
$ javac -nowarn -encoding UTF-8 -cp /work/Closure_158f/build/classes:/work/Closure_158f/lib/args4j.jar:/work/Closure_158f/lib/guava.jar:/work/Closure_158f/lib/json.jar:/work/Closure_158f/lib/jsr305.jar:/work/Closure_158f/lib/libtrunk_rhino_parser_jarjared.jar:/work/Closure_158f/lib/protobuf-java.jar:/work/Closure_158f/lib/ant.jar:/work/Closure_158f/lib/ant-launcher.jar:/work/Closure_158f/lib/caja-r4314.jar:/work/Closure_158f/lib/junit.jar:/work/Closure_158f/build/test:/work/jqwik_harness:/workspace/lib/jqwik/jqwik-1.7.4.jar:/workspace/lib/jqwik/jqwik-api-1.7.4.jar:/workspace/lib/jqwik/jqwik-engine-1.7.4.jar -d /work/jqwik_out/Closure_158/auto_round2_tries1000_seed1/classes_f /workspace/jqwik/Auto/Closure_158/com/google/javascript/jscomp/AbstractCommandLineRunner_AutoPbtTest.java /workspace/jqwik/Auto/Closure_158/com/google/javascript/jscomp/CommandLineRunner_AutoPbtTest.java /workspace/jqwik/Auto/Closure_158/com/google/javascript/jscomp/DiagnosticGroups_AutoPbtTest.java

[exit=0 timeout=False time=1.7s]

$ javac -nowarn -encoding UTF-8 -cp /work/Closure_158b/build/classes:/work/Closure_158b/lib/args4j.jar:/work/Closure_158b/lib/guava.jar:/work/Closure_158b/lib/json.jar:/work/Closure_158b/lib/jsr305.jar:/work/Closure_158b/lib/libtrunk_rhino_parser_jarjared.jar:/work/Closure_158b/lib/protobuf-java.jar:/work/Closure_158b/lib/ant.jar:/work/Closure_158b/lib/ant-launcher.jar:/work/Closure_158b/lib/caja-r4314.jar:/work/Closure_158b/lib/junit.jar:/work/Closure_158b/build/test:/work/jqwik_harness:/workspace/lib/jqwik/jqwik-1.7.4.jar:/workspace/lib/jqwik/jqwik-api-1.7.4.jar:/workspace/lib/jqwik/jqwik-engine-1.7.4.jar -d /work/jqwik_out/Closure_158/auto_round2_tries1000_seed1/classes_b /workspace/jqwik/Auto/Closure_158/com/google/javascript/jscomp/AbstractCommandLineRunner_AutoPbtTest.java /workspace/jqwik/Auto/Closure_158/com/google/javascript/jscomp/CommandLineRunner_AutoPbtTest.java /workspace/jqwik/Auto/Closure_158/com/google/javascript/jscomp/DiagnosticGroups_AutoPbtTest.java

[exit=0 timeout=False time=1.7s]

$ java -Djava.awt.headless=true -Xss4m -Xmx1g -Dpbt.seed=1 -Dpbt.tries=1000 -Dpbt.snapshot.dir=/work/jqwik_out/Closure_158/auto_round2_tries1000_seed1/snapshots -Dpbt.propertyBudgetMs=5000 -Dpbt.mask=/work/Closure_158f:/work/Closure_158b:/work/jqwik_out/Closure_158/auto_round2_tries1000_seed1/classes_f:/work/jqwik_out/Closure_158/auto_round2_tries1000_seed1/classes_b -Dpbt.mode=record -jar /workspace/lib/jqwik/junit-platform-console-standalone-1.9.3.jar --disable-banner --details tree --class-path /work/jqwik_out/Closure_158/auto_round2_tries1000_seed1/classes_f:/work/Closure_158f/build/classes:/work/Closure_158f/lib/args4j.jar:/work/Closure_158f/lib/guava.jar:/work/Closure_158f/lib/json.jar:/work/Closure_158f/lib/jsr305.jar:/work/Closure_158f/lib/libtrunk_rhino_parser_jarjared.jar:/work/Closure_158f/lib/protobuf-java.jar:/work/Closure_158f/lib/ant.jar:/work/Closure_158f/lib/ant-launcher.jar:/work/Closure_158f/lib/caja-r4314.jar:/work/Closure_158f/lib/junit.jar:/work/Closure_158f/build/test:/work/jqwik_harness:/workspace/lib/jqwik/jqwik-1.7.4.jar:/workspace/lib/jqwik/jqwik-api-1.7.4.jar:/workspace/lib/jqwik/jqwik-engine-1.7.4.jar --scan-class-path /work/jqwik_out/Closure_158/auto_round2_tries1000_seed1/classes_f --include-classname .* --include-engine jqwik --config jqwik.database=/workspace/jqwik/Result_auto_Round2/Closure_158/tries1000_seed1/reports_record/jqwik-database --config jqwik.tries.default=1000 --reports-dir /workspace/jqwik/Result_auto_Round2/Closure_158/tries1000_seed1/reports_record
            | random seed to reproduce generated values


timestamp = 2026-10-01T00:14:46.217314, AbstractCommandLineRunner AutoPbtTest:m007 expandManifest = 
                              |-----------------------jqwik-----------------------
tries = 1000                  | # of calls to property
checks = 1000                 | # of not rejected calls
generation = RANDOMIZED       | parameters are randomly generated
after-failure = SAMPLE_FIRST  | try previously failed sample, then previous seed
when-fixed-seed = ALLOW       | fixing the random seed is allowed
edge-cases#mode = NONE        | edge cases are not explicitly generated
seed = 1                      | random seed to reproduce generated values


timestamp = 2026-10-01T00:14:46.583767, AbstractCommandLineRunner AutoPbtTest:m016 parseModuleWrappers = 
                              |-----------------------jqwik-----------------------
tries = 1000                  | # of calls to property
checks = 1000                 | # of not rejected calls
generation = RANDOMIZED       | parameters are randomly generated
after-failure = SAMPLE_FIRST  | try previously failed sample, then previous seed
when-fixed-seed = ALLOW       | fixing the random seed is allowed
edge-cases#mode = NONE        | edge cases are not explicitly generated
seed = 1                      | random seed to reproduce generated values


timestamp = 2026-10-01T00:14:47.165235, AbstractCommandLineRunner AutoPbtTest:m015 isInTestMode = 
                              |-----------------------jqwik-----------------------
tries = 1000                  | # of calls to property
checks = 1000                 | # of not rejected calls
generation = RANDOMIZED       | parameters are randomly generated
after-failure = SAMPLE_FIRST  | try previously failed sample, then previous seed
when-fixed-seed = ALLOW       | fixing the random seed is allowed
edge-cases#mode = NONE        | edge cases are not explicitly generated
seed = 1                      | random seed to reproduce generated values


timestamp = 2026-10-01T00:14:51.871613, AbstractCommandLineRunner AutoPbtTest:m003 createInputs = 
                              |-----------------------jqwik-----------------------
tries = 1000                  | # of calls to property
checks = 1000                 | # of not rejected calls
generation = RANDOMIZED       | parameters are randomly generated
after-failure = SAMPLE_FIRST  | try previously failed sample, then previous seed
when-fixed-seed = ALLOW       | fixing the random seed is allowed
edge-cases#mode = NONE        | edge cases are not explicitly generated
seed = 1                      | random seed to reproduce generated values


timestamp = 2026-10-01T00:14:52.397233, AbstractCommandLineRunner AutoPbtTest:m006 enableTestMode = 
                              |-----------------------jqwik-----------------------
tries = 1000                  | # of calls to property
checks = 1000                 | # of not rejected calls
generation = RANDOMIZED       | parameters are randomly generated
after-failure = SAMPLE_FIRST  | try previously failed sample, then previous seed
when-fixed-seed = ALLOW       | fixing the random seed is allowed
edge-cases#mode = NONE        | edge cases are not explicitly generated
seed = 1                      | random seed to reproduce generated values


timestamp = 2026-10-01T00:14:53.143930, AbstractCommandLineRunner AutoPbtTest:m008 expandSourceMapPath = 
                              |-----------------------jqwik-----------------------
tries = 1000                  | # of calls to property
checks = 1000                 | # of not rejected calls
generation = RANDOMIZED       | parameters are randomly generated
after-failure = SAMPLE_FIRST  | try previously failed sample, then previous seed
when-fixed-seed = ALLOW       | fixing the random seed is allowed
edge-cases#mode = NONE        | edge cases are not explicitly generated
seed = 1                      | random seed to reproduce generated values


ee --output_wrapper_marker
 --print_ast                            : Prints a dot file describing the inter
                                          nal abstract syntax tree and exits
 --print_pass_graph                     : Prints a dot file describing the passe
                                          s that will get run and exits
 --print_tree                           : Prints out the parse tree and exits
 --process_closure_primitives           : Processes built-ins from the Closure l
                                          ibrary, such as goog.require(), goog.p
                                          rovide(), and goog.exportSymbol()
 --property_map_input_file VAL          : File containing the serialized version
                                           of the property renaming map produced
                                           by a previous compilation
 --property_map_output_file VAL         : File where the serialized version of t
                                          he property renaming map produced shou
                                          ld be saved
 --summary_detail_level N               : Controls how detailed the compilation 
                                          summary is. Values: 0 (never print sum
                                          mary), 1 (print summary only if there 
                                          are errors or warnings), 2 (print summ
                                          ary if type checking is on, see --chec
                                          k_types), 3 (always print summary). Th
                                          e default level is 1
 --third_party                          : Check source validity but do not enfor
                                          ce Closure style rules and conventions
 --use_only_custom_externs              : Specifies whether the default externs 
                                          should be excluded
 --variable_map_input_file VAL          : File containing the serialized version
                                           of the variable renaming map produced
                                           by a previous compilation
 --variable_map_output_file VAL         : File where the serialized version of t
                                          he variable renaming map produced shou
                                          ld be saved
 --version                              : Prints the compiler version to stderr.
 --warning_level [QUIET | DEFAULT | VER : Specifies the warning level to use. Op
 BOSE]                                  : tions: QUIET, DEFAULT, VERBOSE
java.lang.NullPointerException: in is null
	at java.base/java.util.zip.ZipInputStream.<init>(ZipInputStream.java:104)
	at java.base/java.util.zip.ZipInputStream.<init>(ZipInputStream.java:83)
	at com.google.javascript.jscomp.CommandLineRunner.getDefaultExterns(CommandLineRunner.java:710)
	at com.google.javascript.jscomp.CommandLineRunner.createExterns(CommandLineRunner.java:646)
	at com.google.javascript.jscomp.AbstractCommandLineRunner.doRun(AbstractCommandLineRunner.java:596)
	at com.google.javascript.jscomp.AbstractCommandLineRunner.run(AbstractCommandLineRunner.java:276)
	at java.base/jdk.internal.reflect.NativeMethodAccessorImpl.invoke0(Native Method)
	at java.base/jdk.internal.reflect.NativeMethodAccessorImpl.invoke(NativeMethodAccessorImpl.java:62)
	at java.base/jdk.internal.reflect.DelegatingMethodAccessorImpl.invoke(DelegatingMethodAccessorImpl.java:43)
	at java.base/java.lang.reflect.Method.invoke(Method.java:566)
	at pbt.auto.AutoTarget.invoke(AutoTarget.java:222)
	at pbt.auto.AutoTarget.lambda$observe$12(AutoTarget.java:183)
	at java.base/java.util.concurrent.FutureTask.run(FutureTask.java:264)
	at java.base/java.util.concurrent.ThreadPoolExecutor.runWorker(ThreadPoolExecutor.java:1128)
	at java.base/java.util.concurrent.ThreadPoolExecutor$Worker.run(ThreadPoolExecutor.java:628)
	at java.base/java.lang.Thread.run(Thread.java:829)

[exit=254 timeout=False time=22.9s]

[no results - JVM crashed?] retrying once with -Xmx3g

$ java -Djava.awt.headless=true -Xss4m -Xmx3g -Dpbt.seed=1 -Dpbt.tries=1000 -Dpbt.snapshot.dir=/work/jqwik_out/Closure_158/auto_round2_tries1000_seed1/snapshots -Dpbt.propertyBudgetMs=5000 -Dpbt.mask=/work/Closure_158f:/work/Closure_158b:/work/jqwik_out/Closure_158/auto_round2_tries1000_seed1/classes_f:/work/jqwik_out/Closure_158/auto_round2_tries1000_seed1/classes_b -Dpbt.mode=record -jar /workspace/lib/jqwik/junit-platform-console-standalone-1.9.3.jar --disable-banner --details tree --class-path /work/jqwik_out/Closure_158/auto_round2_tries1000_seed1/classes_f:/work/Closure_158f/build/classes:/work/Closure_158f/lib/args4j.jar:/work/Closure_158f/lib/guava.jar:/work/Closure_158f/lib/json.jar:/work/Closure_158f/lib/jsr305.jar:/work/Closure_158f/lib/libtrunk_rhino_parser_jarjared.jar:/work/Closure_158f/lib/protobuf-java.jar:/work/Closure_158f/lib/ant.jar:/work/Closure_158f/lib/ant-launcher.jar:/work/Closure_158f/lib/caja-r4314.jar:/work/Closure_158f/lib/junit.jar:/work/Closure_158f/build/test:/work/jqwik_harness:/workspace/lib/jqwik/jqwik-1.7.4.jar:/workspace/lib/jqwik/jqwik-api-1.7.4.jar:/workspace/lib/jqwik/jqwik-engine-1.7.4.jar --scan-class-path /work/jqwik_out/Closure_158/auto_round2_tries1000_seed1/classes_f --include-classname .* --include-engine jqwik --config jqwik.database=/workspace/jqwik/Result_auto_Round2/Closure_158/tries1000_seed1/reports_record/jqwik-database --config jqwik.tries.default=1000 --reports-dir /workspace/jqwik/Result_auto_Round2/Closure_158/tries1000_seed1/reports_record
            | random seed to reproduce generated values


timestamp = 2026-10-01T00:15:09.740290, AbstractCommandLineRunner AutoPbtTest:m007 expandManifest = 
                              |-----------------------jqwik-----------------------
tries = 1000                  | # of calls to property
checks = 1000                 | # of not rejected calls
generation = RANDOMIZED       | parameters are randomly generated
after-failure = SAMPLE_FIRST  | try previously failed sample, then previous seed
when-fixed-seed = ALLOW       | fixing the random seed is allowed
edge-cases#mode = NONE        | edge cases are not explicitly generated
seed = 1                      | random seed to reproduce generated values


timestamp = 2026-10-01T00:15:09.981853, AbstractCommandLineRunner AutoPbtTest:m016 parseModuleWrappers = 
                              |-----------------------jqwik-----------------------
tries = 1000                  | # of calls to property
checks = 1000                 | # of not rejected calls
generation = RANDOMIZED       | parameters are randomly generated
after-failure = SAMPLE_FIRST  | try previously failed sample, then previous seed
when-fixed-seed = ALLOW       | fixing the random seed is allowed
edge-cases#mode = NONE        | edge cases are not explicitly generated
seed = 1                      | random seed to reproduce generated values


timestamp = 2026-10-01T00:15:10.379169, AbstractCommandLineRunner AutoPbtTest:m015 isInTestMode = 
                              |-----------------------jqwik-----------------------
tries = 1000                  | # of calls to property
checks = 1000                 | # of not rejected calls
generation = RANDOMIZED       | parameters are randomly generated
after-failure = SAMPLE_FIRST  | try previously failed sample, then previous seed
when-fixed-seed = ALLOW       | fixing the random seed is allowed
edge-cases#mode = NONE        | edge cases are not explicitly generated
seed = 1                      | random seed to reproduce generated values


timestamp = 2026-10-01T00:15:14.983022, AbstractCommandLineRunner AutoPbtTest:m003 createInputs = 
                              |-----------------------jqwik-----------------------
tries = 1000                  | # of calls to property
checks = 1000                 | # of not rejected calls
generation = RANDOMIZED       | parameters are randomly generated
after-failure = SAMPLE_FIRST  | try previously failed sample, then previous seed
when-fixed-seed = ALLOW       | fixing the random seed is allowed
edge-cases#mode = NONE        | edge cases are not explicitly generated
seed = 1                      | random seed to reproduce generated values


timestamp = 2026-10-01T00:15:15.700837, AbstractCommandLineRunner AutoPbtTest:m006 enableTestMode = 
                              |-----------------------jqwik-----------------------
tries = 1000                  | # of calls to property
checks = 1000                 | # of not rejected calls
generation = RANDOMIZED       | parameters are randomly generated
after-failure = SAMPLE_FIRST  | try previously failed sample, then previous seed
when-fixed-seed = ALLOW       | fixing the random seed is allowed
edge-cases#mode = NONE        | edge cases are not explicitly generated
seed = 1                      | random seed to reproduce generated values


timestamp = 2026-10-01T00:15:16.349391, AbstractCommandLineRunner AutoPbtTest:m008 expandSourceMapPath = 
                              |-----------------------jqwik-----------------------
tries = 1000                  | # of calls to property
checks = 1000                 | # of not rejected calls
generation = RANDOMIZED       | parameters are randomly generated
after-failure = SAMPLE_FIRST  | try previously failed sample, then previous seed
when-fixed-seed = ALLOW       | fixing the random seed is allowed
edge-cases#mode = NONE        | edge cases are not explicitly generated
seed = 1                      | random seed to reproduce generated values


ee --output_wrapper_marker
 --print_ast                            : Prints a dot file describing the inter
                                          nal abstract syntax tree and exits
 --print_pass_graph                     : Prints a dot file describing the passe
                                          s that will get run and exits
 --print_tree                           : Prints out the parse tree and exits
 --process_closure_primitives           : Processes built-ins from the Closure l
                                          ibrary, such as goog.require(), goog.p
                                          rovide(), and goog.exportSymbol()
 --property_map_input_file VAL          : File containing the serialized version
                                           of the property renaming map produced
                                           by a previous compilation
 --property_map_output_file VAL         : File where the serialized version of t
                                          he property renaming map produced shou
                                          ld be saved
 --summary_detail_level N               : Controls how detailed the compilation 
                                          summary is. Values: 0 (never print sum
                                          mary), 1 (print summary only if there 
                                          are errors or warnings), 2 (print summ
                                          ary if type checking is on, see --chec
                                          k_types), 3 (always print summary). Th
                                          e default level is 1
 --third_party                          : Check source validity but do not enfor
                                          ce Closure style rules and conventions
 --use_only_custom_externs              : Specifies whether the default externs 
                                          should be excluded
 --variable_map_input_file VAL          : File containing the serialized version
                                           of the variable renaming map produced
                                           by a previous compilation
 --variable_map_output_file VAL         : File where the serialized version of t
                                          he variable renaming map produced shou
                                          ld be saved
 --version                              : Prints the compiler version to stderr.
 --warning_level [QUIET | DEFAULT | VER : Specifies the warning level to use. Op
 BOSE]                                  : tions: QUIET, DEFAULT, VERBOSE
java.lang.NullPointerException: in is null
	at java.base/java.util.zip.ZipInputStream.<init>(ZipInputStream.java:104)
	at java.base/java.util.zip.ZipInputStream.<init>(ZipInputStream.java:83)
	at com.google.javascript.jscomp.CommandLineRunner.getDefaultExterns(CommandLineRunner.java:710)
	at com.google.javascript.jscomp.CommandLineRunner.createExterns(CommandLineRunner.java:646)
	at com.google.javascript.jscomp.AbstractCommandLineRunner.doRun(AbstractCommandLineRunner.java:596)
	at com.google.javascript.jscomp.AbstractCommandLineRunner.run(AbstractCommandLineRunner.java:276)
	at java.base/jdk.internal.reflect.NativeMethodAccessorImpl.invoke0(Native Method)
	at java.base/jdk.internal.reflect.NativeMethodAccessorImpl.invoke(NativeMethodAccessorImpl.java:62)
	at java.base/jdk.internal.reflect.DelegatingMethodAccessorImpl.invoke(DelegatingMethodAccessorImpl.java:43)
	at java.base/java.lang.reflect.Method.invoke(Method.java:566)
	at pbt.auto.AutoTarget.invoke(AutoTarget.java:222)
	at pbt.auto.AutoTarget.lambda$observe$12(AutoTarget.java:183)
	at java.base/java.util.concurrent.FutureTask.run(FutureTask.java:264)
	at java.base/java.util.concurrent.ThreadPoolExecutor.runWorker(ThreadPoolExecutor.java:1128)
	at java.base/java.util.concurrent.ThreadPoolExecutor$Worker.run(ThreadPoolExecutor.java:628)
	at java.base/java.lang.Thread.run(Thread.java:829)

[exit=254 timeout=False time=23.1s]
