
$ defects4j compile -w /work/JacksonCore_25f
Running ant (compile)...................................................... OK
Running ant (compile.tests)................................................ OK

[exit=0 timeout=False time=0.8s]

$ defects4j compile -w /work/JacksonCore_25b
Running ant (compile)...................................................... OK
Running ant (compile.tests)................................................ OK

[exit=0 timeout=False time=0.8s]

$ java -Djava.awt.headless=true -cp /opt/defects4j/framework/projects/lib/junit-4.12-hamcrest-1.3.jar:/opt/evosuite/evosuite-1.2.0.jar:/work/JacksonCore_25f/target/classes:/work/JacksonCore_25f/target/test-classes org.evosuite.EvoSuite -generateSuite -class com.fasterxml.jackson.core.json.ReaderBasedJsonParser -projectCP /opt/defects4j/framework/projects/lib/junit-4.12-hamcrest-1.3.jar:/work/JacksonCore_25f/target/classes:/work/JacksonCore_25f/target/test-classes -Dcriterion=LINE:BRANCH:EXCEPTION -Dsearch_budget=120 -seed 1 -Dtest_dir=/work/evo_out/JacksonCore_25f/budget120_seed1/tests -Dreport_dir=/work/evo_out/JacksonCore_25f/budget120_seed1/report
* EvoSuite 1.2.0
* Going to generate test cases for class: com.fasterxml.jackson.core.json.ReaderBasedJsonParser
* Starting Client-0
* Connecting to master process on port 9922
* Analyzing classpath: 
  - /opt/defects4j/framework/projects/lib/junit-4.12-hamcrest-1.3.jar
  - /work/JacksonCore_25f/target/classes
  - /work/JacksonCore_25f/target/test-classes
[MASTER] 02:41:03.714 [logback-1] WARN  InheritanceTree - Class not in inheritance graph: java.util.Locale$IsoCountryCode
* Finished analyzing classpath
* Generating tests for class com.fasterxml.jackson.core.json.ReaderBasedJsonParser
* Test criteria:
  - Line Coverage
  - Branch Coverage
  - Exception
* Setting up search algorithm for whole suite generation
* Total number of test goals: 
  - Line 1436
  - Branch 1404
  - Exception 0

[Progress:>                             0%] [Cov:>                                  0%]* Using seed 1
* Starting evolution

[Progress:>                             0%] [Cov:>                                  1%]
[Progress:>                             0%] [Cov:===========>                       34%]
[Progress:>                             0%] [Cov:============>                      37%]
[Progress:>                             0%] [Cov:=============>                     38%]
[Progress:>                             1%] [Cov:>                                  0%]
[Progress:>                             1%] [Cov:>                                  1%]
[Progress:>                             1%] [Cov:===========>                       34%]
[Progress:>                             1%] [Cov:============>                      37%]
[Progress:>                             1%] [Cov:=============>                     38%]
[Progress:>                             1%] [Cov:=============>                     38%]
[Progress:>                             2%] [Cov:============>                      36%]
[Progress:>                             2%] [Cov:============>                      37%]
[Progress:>                             2%] [Cov:=============>                     38%]
[Progress:>                             2%] [Cov:=============>                     39%]
[Progress:>                             3%] [Cov:=================>                 49%]
[Progress:=>                            4%] [Cov:=================>                 49%][MASTER] 02:41:09.761 [logback-1] WARN  TestChromosome - Functional mock problem: org.evosuite.ga.ConstructionFailedException: Failed to add constructor for com.fasterxml.jackson.core.io.IOContext due to org.evosuite.ga.ConstructionFailedException: Failed to add constructor for com.fasterxml.jackson.core.json.ReaderBasedJsonParser due to org.evosuite.ga.ConstructionFailedException: Have no generator for class com.fasterxml.jackson.core.io.IOContext canUseFunctionalMocks=false, canBeMocked: true

[Progress:=>                            5%] [Cov:=================>                 49%]
[Progress:=>                            5%] [Cov:=================>                 49%]
[Progress:=>                            5%] [Cov:=================>                 50%]
[Progress:=>                            5%] [Cov:=================>                 50%]
[Progress:=>                            6%] [Cov:=================>                 50%]
[Progress:==>                           7%] [Cov:=================>                 50%][MASTER] 02:41:13.331 [logback-1] WARN  TestChromosome - Functional mock problem: org.evosuite.ga.ConstructionFailedException: Failed to add constructor for com.fasterxml.jackson.core.json.ReaderBasedJsonParser due to org.evosuite.ga.ConstructionFailedException: Failed to add constructor for com.fasterxml.jackson.core.io.IOContext due to org.evosuite.ga.ConstructionFailedException: Failed to add constructor for com.fasterxml.jackson.core.json.ReaderBasedJsonParser due to org.evosuite.ga.ConstructionFailedException: Have no generator for class com.fasterxml.jackson.core.io.IOContext canUseFunctionalMocks=false, canBeMocked: true

[Progress:==>                           8%] [Cov:=================>                 50%]
[Progress:==>                           8%] [Cov:=================>                 50%]
[Progress:==>                           9%] [Cov:=================>                 50%][MASTER] 02:41:15.192 [logback-1] WARN  TestChromosome - Functional mock problem: org.evosuite.ga.ConstructionFailedException: Failed to add constructor for com.fasterxml.jackson.core.json.ReaderBasedJsonParser due to org.evosuite.ga.ConstructionFailedException: Have no generator for class com.fasterxml.jackson.core.io.IOContext canUseFunctionalMocks=false, canBeMocked: true

[Progress:===>                          10%] [Cov:=================>                 51%]
[Progress:===>                          10%] [Cov:=================>                 51%]
[Progress:===>                          11%] [Cov:=================>                 51%]
[Progress:===>                          12%] [Cov:=================>                 51%]
[Progress:===>                          13%] [Cov:=================>                 51%]
[Progress:====>                         14%] [Cov:=================>                 51%]
[Progress:====>                         15%] [Cov:=================>                 51%]
[Progress:====>                         15%] [Cov:=================>                 51%]
[Progress:====>                         16%] [Cov:=================>                 51%]
[Progress:=====>                        17%] [Cov:=================>                 51%]
[Progress:=====>                        18%] [Cov:=================>                 51%]
[Progress:=====>                        18%] [Cov:=================>                 51%]
[Progress:=====>                        19%] [Cov:=================>                 51%]
[Progress:======>                       20%] [Cov:=================>                 51%]
[Progress:======>                       21%] [Cov:=================>                 51%]
[Progress:======>                       22%] [Cov:=================>                 51%]
[Progress:======>                       23%] [Cov:=================>                 51%]
[Progress:=======>                      24%] [Cov:=================>                 51%]
[Progress:=======>                      25%] [Cov:=================>                 51%]
[Progress:=======>                      25%] [Cov:=================>                 51%]
[Progress:=======>                      26%] [Cov:=================>                 51%]
[Progress:========>                     27%] [Cov:=================>                 51%]
[Progress:========>                     27%] [Cov:=================>                 51%]
[Progress:========>                     28%] [Cov:=================>                 51%]
[Progress:========>                     28%] [Cov:=================>                 51%]
[Progress:========>                     29%] [Cov:=================>                 51%]
[Progress:=========>                    30%] [Cov:=================>                 51%]
[Progress:=========>                    30%] [Cov:=================>                 51%]
[Progress:=========>                    31%] [Cov:=================>                 51%]
[Progress:=========>                    32%] [Cov:=================>                 51%]
[Progress:=========>                    33%] [Cov:=================>                 51%]
[Progress:==========>                   34%] [Cov:=================>                 51%]
[Progress:==========>                   35%] [Cov:=================>                 51%]
[Progress:==========>                   36%] [Cov:=================>                 51%]
[Progress:==========>                   36%] [Cov:=================>                 51%]
[Progress:==========>                   36%] [Cov:==================>                52%]
[Progress:===========>                  37%] [Cov:=================>                 51%]
[Progress:===========>                  38%] [Cov:==================>                52%]
[Progress:===========>                  39%] [Cov:==================>                52%]
[Progress:============>                 40%] [Cov:==================>                52%]
[Progress:============>                 40%] [Cov:==================>                52%]
[Progress:============>                 41%] [Cov:==================>                52%]
[Progress:============>                 42%] [Cov:==================>                52%]
[Progress:============>                 43%] [Cov:==================>                52%]
[Progress:=============>                44%] [Cov:==================>                52%]
[Progress:=============>                45%] [Cov:==================>                52%]
[Progress:=============>                45%] [Cov:==================>                52%]
[Progress:=============>                46%] [Cov:==================>                52%]
[Progress:==============>               47%] [Cov:==================>                52%]
[Progress:==============>               48%] [Cov:==================>                52%]
[Progress:==============>               49%] [Cov:==================>                52%]
[Progress:===============>              50%] [Cov:==================>                52%]
[Progress:===============>              51%] [Cov:==================>                52%]
[Progress:===============>              51%] [Cov:==================>                53%]
[Progress:===============>              53%] [Cov:==================>                53%]
[Progress:================>             54%] [Cov:==================>                53%]
[Progress:================>             54%] [Cov:==================>                53%]
[Progress:================>             55%] [Cov:==================>                53%]
[Progress:================>             56%] [Cov:==================>                53%]
[Progress:=================>            57%] [Cov:==================>                53%]
[Progress:=================>            58%] [Cov:==================>                53%]
[Progress:=================>            58%] [Cov:==================>                53%]
[Progress:=================>            59%] [Cov:==================>                53%]
[Progress:==================>           60%] [Cov:==================>                53%]
[Progress:==================>           61%] [Cov:==================>                53%]
[Progress:==================>           61%] [Cov:==================>                53%]
[Progress:==================>           62%] [Cov:==================>                53%]
[Progress:==================>           63%] [Cov:==================>                53%]
[Progress:==================>           63%] [Cov:==================>                53%]
[Progress:===================>          64%] [Cov:==================>                53%]
[Progress:===================>          65%] [Cov:==================>                53%]
[Progress:===================>          65%] [Cov:==================>                53%]
[Progress:===================>          66%] [Cov:==================>                53%]
[Progress:====================>         67%] [Cov:==================>                53%]
[Progress:====================>         67%] [Cov:==================>                53%]
[Progress:====================>         68%] [Cov:==================>                53%]
[Progress:=====================>        70%] [Cov:==================>                53%]
[Progress:=====================>        72%] [Cov:==================>                53%]
[Progress:=====================>        73%] [Cov:==================>                53%]
[Progress:======================>       74%] [Cov:==================>                53%]
[Progress:======================>       75%] [Cov:==================>                53%]
[Progress:======================>       76%] [Cov:==================>                53%]
[Progress:======================>       76%] [Cov:==================>                53%]
[Progress:=======================>      77%] [Cov:==================>                53%]
[Progress:=======================>      78%] [Cov:==================>                53%]
[Progress:=======================>      78%] [Cov:==================>                53%]
[Progress:=======================>      79%] [Cov:==================>                53%]
[Progress:========================>     80%] [Cov:==================>                53%]
[Progress:========================>     80%] [Cov:==================>                53%]
[Progress:========================>     81%] [Cov:==================>                53%]
[Progress:========================>     82%] [Cov:==================>                53%]
[Progress:========================>     83%] [Cov:==================>                53%]
[Progress:=========================>    84%] [Cov:==================>                53%]
[Progress:=========================>    84%] [Cov:==================>                53%]
[Progress:=========================>    85%] [Cov:==================>                53%]
[Progress:==========================>   87%] [Cov:==================>                53%]
[Progress:==========================>   88%] [Cov:==================>                53%]
[Progress:==========================>   89%] [Cov:==================>                53%]
[Progress:===========================>  90%] [Cov:==================>                53%]
[Progress:===========================>  91%] [Cov:==================>                53%]
[Progress:===========================>  91%] [Cov:==================>                54%]
[Progress:===========================>  93%] [Cov:==================>                54%]
[Progress:============================> 94%] [Cov:==================>                54%]
[Progress:============================> 95%] [Cov:==================>                54%]
[Progress:============================> 95%] [Cov:==================>                54%]
[Progress:============================> 96%] [Cov:==================>                54%]
[Progress:=============================>97%] [Cov:==================>                54%]
[Progress:=============================>98%] [Cov:==================>                54%]
[Progress:=============================>99%] [Cov:==================>                54%]
[Progress:=============================>99%] [Cov:==================>                54%]
[Progress:==============================100%] [Cov:==================>                54%]
[Progress:==============================100%] [Cov:==================>                54%]
* Search finished after 123s and 54 generations, 41231 statements, best individual has fitness: 1621.0602538548485
* Minimizing test suite
* Going to analyze the coverage criteria
* Coverage analysis for criterion LINE
* Coverage of criterion LINE: 34%
* Total number of goals: 1436
* Number of covered goals: 484
* Coverage analysis for criterion BRANCH
* Coverage of criterion BRANCH: 30%
* Total number of goals: 1404
* Number of covered goals: 425
* Coverage analysis for criterion EXCEPTION
* Coverage of criterion EXCEPTION: 100%
* Total number of goals: 82
* Number of covered goals: 82
* Generated 130 tests with total length 1008
* Resulting test suite's coverage: 54% (average coverage for all fitness functions)
* Generating assertions
* Resulting test suite's mutation score: 4%
* Compiling and checking tests
* Writing tests to file
* Writing JUnit test case 'ReaderBasedJsonParser_ESTest' to /work/evo_out/JacksonCore_25f/budget120_seed1/tests
* Done!

* Computation finished

[exit=0 timeout=False time=176.0s]

$ javac -nowarn -cp /work/JacksonCore_25f/target/classes:/opt/defects4j/framework/projects/lib/junit-4.12-hamcrest-1.3.jar:/work/JacksonCore_25f/target/classes:/work/JacksonCore_25f/target/test-classes:/opt/evosuite/evosuite-standalone-runtime-1.2.0.jar -d /work/evo_out/JacksonCore_25f/budget120_seed1/classes /work/evo_out/JacksonCore_25f/budget120_seed1/tests/com/fasterxml/jackson/core/json/ReaderBasedJsonParser_ESTest.java /work/evo_out/JacksonCore_25f/budget120_seed1/tests/com/fasterxml/jackson/core/json/ReaderBasedJsonParser_ESTest_scaffolding.java
Note: /work/evo_out/JacksonCore_25f/budget120_seed1/tests/com/fasterxml/jackson/core/json/ReaderBasedJsonParser_ESTest.java uses or overrides a deprecated API.
Note: Recompile with -Xlint:deprecation for details.
Note: /work/evo_out/JacksonCore_25f/budget120_seed1/tests/com/fasterxml/jackson/core/json/ReaderBasedJsonParser_ESTest.java uses unchecked or unsafe operations.
Note: Recompile with -Xlint:unchecked for details.

[exit=0 timeout=False time=0.9s]

$ java -jar /opt/jacoco/lib/jacococli.jar instrument /work/JacksonCore_25f/target/classes --dest /work/evo_out/JacksonCore_25f/budget120_seed1/instrumented
[INFO] 116 classes instrumented to /work/evo_out/JacksonCore_25f/budget120_seed1/instrumented.

[exit=0 timeout=False time=0.3s]

$ java -Djacoco-agent.destfile=/workspace/EvoSuite/Result_Round2/JacksonCore_25/budget120_seed1/jacoco.exec -cp /work/evo_out/JacksonCore_25f/budget120_seed1/instrumented:/work/evo_out/JacksonCore_25f/budget120_seed1/classes:/opt/defects4j/framework/projects/lib/junit-4.12-hamcrest-1.3.jar:/work/JacksonCore_25f/target/classes:/work/JacksonCore_25f/target/test-classes:/opt/evosuite/evosuite-standalone-runtime-1.2.0.jar:/opt/jacoco/lib/jacocoagent.jar org.junit.runner.JUnitCore com.fasterxml.jackson.core.json.ReaderBasedJsonParser_ESTest
JUnit version 4.12
..................................................................................................................................
Time: 1.197

OK (130 tests)

SLF4J: Failed to load class "org.slf4j.impl.StaticLoggerBinder".
SLF4J: Defaulting to no-operation (NOP) logger implementation
SLF4J: See http://www.slf4j.org/codes.html#StaticLoggerBinder for further details.
WARNING: An illegal reflective access operation has occurred
WARNING: Illegal reflective access by org.evosuite.runtime.GuiSupport (file:/opt/evosuite/evosuite-standalone-runtime-1.2.0.jar) to field java.awt.GraphicsEnvironment.headless
WARNING: Please consider reporting this to the maintainers of org.evosuite.runtime.GuiSupport
WARNING: Use --illegal-access=warn to enable warnings of further illegal reflective access operations
WARNING: All illegal access operations will be denied in a future release

[exit=0 timeout=False time=1.7s]

$ java -jar /opt/jacoco/lib/jacococli.jar report /workspace/EvoSuite/Result_Round2/JacksonCore_25/budget120_seed1/jacoco.exec --classfiles /work/JacksonCore_25f/target/classes --csv /workspace/EvoSuite/Result_Round2/JacksonCore_25/budget120_seed1/jacoco.csv
[INFO] Loading execution data file /workspace/EvoSuite/Result_Round2/JacksonCore_25/budget120_seed1/jacoco.exec.
[INFO] Analyzing 94 classes.

[exit=0 timeout=False time=0.3s]

$ java -cp /work/evo_out/JacksonCore_25f/budget120_seed1/classes:/opt/defects4j/framework/projects/lib/junit-4.12-hamcrest-1.3.jar:/work/JacksonCore_25b/target/classes:/work/JacksonCore_25b/target/test-classes:/opt/evosuite/evosuite-standalone-runtime-1.2.0.jar org.junit.runner.JUnitCore com.fasterxml.jackson.core.json.ReaderBasedJsonParser_ESTest
JUnit version 4.12
..................................................................................................................................
Time: 1.167

OK (130 tests)

SLF4J: Failed to load class "org.slf4j.impl.StaticLoggerBinder".
SLF4J: Defaulting to no-operation (NOP) logger implementation
SLF4J: See http://www.slf4j.org/codes.html#StaticLoggerBinder for further details.
WARNING: An illegal reflective access operation has occurred
WARNING: Illegal reflective access by org.evosuite.runtime.GuiSupport (file:/opt/evosuite/evosuite-standalone-runtime-1.2.0.jar) to field java.awt.GraphicsEnvironment.headless
WARNING: Please consider reporting this to the maintainers of org.evosuite.runtime.GuiSupport
WARNING: Use --illegal-access=warn to enable warnings of further illegal reflective access operations
WARNING: All illegal access operations will be denied in a future release

[exit=0 timeout=False time=1.4s]
