
$ javac -nowarn -encoding UTF-8 -cp /work/Math_51f/target/classes:/work/Math_51f/target/test-classes:/opt/defects4j/framework/projects/lib/junit-4.12-hamcrest-1.3.jar:/work/jqwik_harness:/workspace/lib/jqwik/jqwik-1.7.4.jar:/workspace/lib/jqwik/jqwik-api-1.7.4.jar:/workspace/lib/jqwik/jqwik-engine-1.7.4.jar -d /work/jqwik_out/Math_51/auto_round2_tries1000_seed1/classes_f /workspace/jqwik/Auto/Math_51/org/apache/commons/math/analysis/solvers/BaseSecantSolver_AutoPbtTest.java

[exit=0 timeout=False time=0.8s]

$ javac -nowarn -encoding UTF-8 -cp /work/Math_51b/target/classes:/work/Math_51b/target/test-classes:/opt/defects4j/framework/projects/lib/junit-4.12-hamcrest-1.3.jar:/work/jqwik_harness:/workspace/lib/jqwik/jqwik-1.7.4.jar:/workspace/lib/jqwik/jqwik-api-1.7.4.jar:/workspace/lib/jqwik/jqwik-engine-1.7.4.jar -d /work/jqwik_out/Math_51/auto_round2_tries1000_seed1/classes_b /workspace/jqwik/Auto/Math_51/org/apache/commons/math/analysis/solvers/BaseSecantSolver_AutoPbtTest.java

[exit=0 timeout=False time=0.9s]

$ java -Djava.awt.headless=true -Xss4m -Xmx1g -Dpbt.seed=1 -Dpbt.tries=1000 -Dpbt.snapshot.dir=/work/jqwik_out/Math_51/auto_round2_tries1000_seed1/snapshots -Dpbt.propertyBudgetMs=5000 -Dpbt.mask=/work/Math_51f:/work/Math_51b:/work/jqwik_out/Math_51/auto_round2_tries1000_seed1/classes_f:/work/jqwik_out/Math_51/auto_round2_tries1000_seed1/classes_b -Dpbt.mode=record -jar /workspace/lib/jqwik/junit-platform-console-standalone-1.9.3.jar --disable-banner --details tree --class-path /work/jqwik_out/Math_51/auto_round2_tries1000_seed1/classes_f:/work/Math_51f/target/classes:/work/Math_51f/target/test-classes:/opt/defects4j/framework/projects/lib/junit-4.12-hamcrest-1.3.jar:/work/jqwik_harness:/workspace/lib/jqwik/jqwik-1.7.4.jar:/workspace/lib/jqwik/jqwik-api-1.7.4.jar:/workspace/lib/jqwik/jqwik-engine-1.7.4.jar --scan-class-path /work/jqwik_out/Math_51/auto_round2_tries1000_seed1/classes_f --include-classname .* --include-engine jqwik --config jqwik.database=/workspace/jqwik/Result_auto_Round2/Math_51/tries1000_seed1/reports_record/jqwik-database --config jqwik.tries.default=1000 --reports-dir /workspace/jqwik/Result_auto_Round2/Math_51/tries1000_seed1/reports_record
timestamp = 2026-09-30T02:19:38.106215, BaseSecantSolver AutoPbtTest:m000 doSolve = 
                              |-----------------------jqwik-----------------------
tries = 1000                  | # of calls to property
checks = 1000                 | # of not rejected calls
generation = RANDOMIZED       | parameters are randomly generated
after-failure = SAMPLE_FIRST  | try previously failed sample, then previous seed
when-fixed-seed = ALLOW       | fixing the random seed is allowed
edge-cases#mode = NONE        | edge cases are not explicitly generated
seed = 1                      | random seed to reproduce generated values


timestamp = 2026-09-30T02:19:38.795496, BaseSecantSolver AutoPbtTest:m001 solve = 
                              |-----------------------jqwik-----------------------
tries = 1000                  | # of calls to property
checks = 1000                 | # of not rejected calls
generation = RANDOMIZED       | parameters are randomly generated
after-failure = SAMPLE_FIRST  | try previously failed sample, then previous seed
when-fixed-seed = ALLOW       | fixing the random seed is allowed
edge-cases#mode = NONE        | edge cases are not explicitly generated
seed = 1                      | random seed to reproduce generated values


timestamp = 2026-09-30T02:19:39.368301, BaseSecantSolver AutoPbtTest:m002 solve = 
                              |-----------------------jqwik-----------------------
tries = 1000                  | # of calls to property
checks = 1000                 | # of not rejected calls
generation = RANDOMIZED       | parameters are randomly generated
after-failure = SAMPLE_FIRST  | try previously failed sample, then previous seed
when-fixed-seed = ALLOW       | fixing the random seed is allowed
edge-cases#mode = NONE        | edge cases are not explicitly generated
seed = 1                      | random seed to reproduce generated values


timestamp = 2026-09-30T02:19:39.857819, BaseSecantSolver AutoPbtTest:m003 solve = 
                              |-----------------------jqwik-----------------------
tries = 1000                  | # of calls to property
checks = 1000                 | # of not rejected calls
generation = RANDOMIZED       | parameters are randomly generated
after-failure = SAMPLE_FIRST  | try previously failed sample, then previous seed
when-fixed-seed = ALLOW       | fixing the random seed is allowed
edge-cases#mode = NONE        | edge cases are not explicitly generated
seed = 1                      | random seed to reproduce generated values


[36m╷[0m
[36m└─[0m [36mjqwik (JUnit Platform)[0m [32m✔[0m
[36m   └─[0m [36mBaseSecantSolver AutoPbtTest[0m [32m✔[0m
[36m      ├─[0m [34mm000 doSolve[0m [32m✔[0m
[36m      ├─[0m [34mm001 solve[0m [32m✔[0m
[36m      ├─[0m [34mm002 solve[0m [32m✔[0m
[36m      └─[0m [34mm003 solve[0m [32m✔[0m

Test run finished after 3549 ms
[         2 containers found      ]
[         0 containers skipped    ]
[         2 containers started    ]
[         0 containers aborted    ]
[         2 containers successful ]
[         0 containers failed     ]
[         4 tests found           ]
[         0 tests skipped         ]
[         4 tests started         ]
[         0 tests aborted         ]
[         4 tests successful      ]
[         0 tests failed          ]


[exit=0 timeout=False time=4.8s]

$ java -Djava.awt.headless=true -Xss4m -Xmx1g -Dpbt.seed=1 -Dpbt.tries=1000 -Dpbt.snapshot.dir=/work/jqwik_out/Math_51/auto_round2_tries1000_seed1/snapshots -Dpbt.propertyBudgetMs=5000 -Dpbt.mask=/work/Math_51f:/work/Math_51b:/work/jqwik_out/Math_51/auto_round2_tries1000_seed1/classes_f:/work/jqwik_out/Math_51/auto_round2_tries1000_seed1/classes_b -Dpbt.mode=check -javaagent:/opt/jacoco/lib/jacocoagent.jar=destfile=/workspace/jqwik/Result_auto_Round2/Math_51/tries1000_seed1/jacoco.exec -jar /workspace/lib/jqwik/junit-platform-console-standalone-1.9.3.jar --disable-banner --details tree --class-path /work/jqwik_out/Math_51/auto_round2_tries1000_seed1/classes_f:/work/Math_51f/target/classes:/work/Math_51f/target/test-classes:/opt/defects4j/framework/projects/lib/junit-4.12-hamcrest-1.3.jar:/work/jqwik_harness:/workspace/lib/jqwik/jqwik-1.7.4.jar:/workspace/lib/jqwik/jqwik-api-1.7.4.jar:/workspace/lib/jqwik/jqwik-engine-1.7.4.jar --scan-class-path /work/jqwik_out/Math_51/auto_round2_tries1000_seed1/classes_f --include-classname .* --include-engine jqwik --config jqwik.database=/workspace/jqwik/Result_auto_Round2/Math_51/tries1000_seed1/reports_fixed/jqwik-database --config jqwik.tries.default=1000 --reports-dir /workspace/jqwik/Result_auto_Round2/Math_51/tries1000_seed1/reports_fixed
timestamp = 2026-09-30T02:19:44.016748, BaseSecantSolver AutoPbtTest:m000 doSolve = 
                              |-----------------------jqwik-----------------------
tries = 1000                  | # of calls to property
checks = 1000                 | # of not rejected calls
generation = RANDOMIZED       | parameters are randomly generated
after-failure = SAMPLE_FIRST  | try previously failed sample, then previous seed
when-fixed-seed = ALLOW       | fixing the random seed is allowed
edge-cases#mode = NONE        | edge cases are not explicitly generated
seed = 1                      | random seed to reproduce generated values


timestamp = 2026-09-30T02:19:44.611639, BaseSecantSolver AutoPbtTest:m001 solve = 
                              |-----------------------jqwik-----------------------
tries = 1000                  | # of calls to property
checks = 1000                 | # of not rejected calls
generation = RANDOMIZED       | parameters are randomly generated
after-failure = SAMPLE_FIRST  | try previously failed sample, then previous seed
when-fixed-seed = ALLOW       | fixing the random seed is allowed
edge-cases#mode = NONE        | edge cases are not explicitly generated
seed = 1                      | random seed to reproduce generated values


timestamp = 2026-09-30T02:19:45.085978, BaseSecantSolver AutoPbtTest:m002 solve = 
                              |-----------------------jqwik-----------------------
tries = 1000                  | # of calls to property
checks = 1000                 | # of not rejected calls
generation = RANDOMIZED       | parameters are randomly generated
after-failure = SAMPLE_FIRST  | try previously failed sample, then previous seed
when-fixed-seed = ALLOW       | fixing the random seed is allowed
edge-cases#mode = NONE        | edge cases are not explicitly generated
seed = 1                      | random seed to reproduce generated values


timestamp = 2026-09-30T02:19:45.530522, BaseSecantSolver AutoPbtTest:m003 solve = 
                              |-----------------------jqwik-----------------------
tries = 1000                  | # of calls to property
checks = 1000                 | # of not rejected calls
generation = RANDOMIZED       | parameters are randomly generated
after-failure = SAMPLE_FIRST  | try previously failed sample, then previous seed
when-fixed-seed = ALLOW       | fixing the random seed is allowed
edge-cases#mode = NONE        | edge cases are not explicitly generated
seed = 1                      | random seed to reproduce generated values


[36m╷[0m
[36m└─[0m [36mjqwik (JUnit Platform)[0m [32m✔[0m
[36m   └─[0m [36mBaseSecantSolver AutoPbtTest[0m [32m✔[0m
[36m      ├─[0m [34mm000 doSolve[0m [32m✔[0m
[36m      ├─[0m [34mm001 solve[0m [32m✔[0m
[36m      ├─[0m [34mm002 solve[0m [32m✔[0m
[36m      └─[0m [34mm003 solve[0m [32m✔[0m

Test run finished after 3506 ms
[         2 containers found      ]
[         0 containers skipped    ]
[         2 containers started    ]
[         0 containers aborted    ]
[         2 containers successful ]
[         0 containers failed     ]
[         4 tests found           ]
[         0 tests skipped         ]
[         4 tests started         ]
[         0 tests aborted         ]
[         4 tests successful      ]
[         0 tests failed          ]


[exit=0 timeout=False time=11.6s]

$ java -jar /opt/jacoco/lib/jacococli.jar report /workspace/jqwik/Result_auto_Round2/Math_51/tries1000_seed1/jacoco.exec --classfiles /work/Math_51f/target/classes --csv /workspace/jqwik/Result_auto_Round2/Math_51/tries1000_seed1/jacoco.csv
[INFO] Loading execution data file /workspace/jqwik/Result_auto_Round2/Math_51/tries1000_seed1/jacoco.exec.
[INFO] Analyzing 577 classes.

[exit=0 timeout=False time=1.3s]

$ java -Djava.awt.headless=true -Xss4m -Xmx1g -Dpbt.seed=1 -Dpbt.tries=1000 -Dpbt.snapshot.dir=/work/jqwik_out/Math_51/auto_round2_tries1000_seed1/snapshots -Dpbt.propertyBudgetMs=5000 -Dpbt.mask=/work/Math_51f:/work/Math_51b:/work/jqwik_out/Math_51/auto_round2_tries1000_seed1/classes_f:/work/jqwik_out/Math_51/auto_round2_tries1000_seed1/classes_b -Dpbt.mode=check -jar /workspace/lib/jqwik/junit-platform-console-standalone-1.9.3.jar --disable-banner --details tree --class-path /work/jqwik_out/Math_51/auto_round2_tries1000_seed1/classes_b:/work/Math_51b/target/classes:/work/Math_51b/target/test-classes:/opt/defects4j/framework/projects/lib/junit-4.12-hamcrest-1.3.jar:/work/jqwik_harness:/workspace/lib/jqwik/jqwik-1.7.4.jar:/workspace/lib/jqwik/jqwik-api-1.7.4.jar:/workspace/lib/jqwik/jqwik-engine-1.7.4.jar --scan-class-path /work/jqwik_out/Math_51/auto_round2_tries1000_seed1/classes_b --include-classname .* --include-engine jqwik --config jqwik.database=/workspace/jqwik/Result_auto_Round2/Math_51/tries1000_seed1/reports_buggy/jqwik-database --config jqwik.tries.default=1000 --reports-dir /workspace/jqwik/Result_auto_Round2/Math_51/tries1000_seed1/reports_buggy
timestamp = 2026-09-30T02:19:57.582931, BaseSecantSolver AutoPbtTest:m000 doSolve = 
                              |-----------------------jqwik-----------------------
tries = 1000                  | # of calls to property
checks = 1000                 | # of not rejected calls
generation = RANDOMIZED       | parameters are randomly generated
after-failure = SAMPLE_FIRST  | try previously failed sample, then previous seed
when-fixed-seed = ALLOW       | fixing the random seed is allowed
edge-cases#mode = NONE        | edge cases are not explicitly generated
seed = 1                      | random seed to reproduce generated values


timestamp = 2026-09-30T02:19:58.064862, BaseSecantSolver AutoPbtTest:m001 solve = 
                              |-----------------------jqwik-----------------------
tries = 1000                  | # of calls to property
checks = 1000                 | # of not rejected calls
generation = RANDOMIZED       | parameters are randomly generated
after-failure = SAMPLE_FIRST  | try previously failed sample, then previous seed
when-fixed-seed = ALLOW       | fixing the random seed is allowed
edge-cases#mode = NONE        | edge cases are not explicitly generated
seed = 1                      | random seed to reproduce generated values


timestamp = 2026-09-30T02:19:58.516191, BaseSecantSolver AutoPbtTest:m002 solve = 
                              |-----------------------jqwik-----------------------
tries = 1000                  | # of calls to property
checks = 1000                 | # of not rejected calls
generation = RANDOMIZED       | parameters are randomly generated
after-failure = SAMPLE_FIRST  | try previously failed sample, then previous seed
when-fixed-seed = ALLOW       | fixing the random seed is allowed
edge-cases#mode = NONE        | edge cases are not explicitly generated
seed = 1                      | random seed to reproduce generated values


timestamp = 2026-09-30T02:19:58.932156, BaseSecantSolver AutoPbtTest:m003 solve = 
                              |-----------------------jqwik-----------------------
tries = 1000                  | # of calls to property
checks = 1000                 | # of not rejected calls
generation = RANDOMIZED       | parameters are randomly generated
after-failure = SAMPLE_FIRST  | try previously failed sample, then previous seed
when-fixed-seed = ALLOW       | fixing the random seed is allowed
edge-cases#mode = NONE        | edge cases are not explicitly generated
seed = 1                      | random seed to reproduce generated values


[36m╷[0m
[36m└─[0m [36mjqwik (JUnit Platform)[0m [32m✔[0m
[36m   └─[0m [36mBaseSecantSolver AutoPbtTest[0m [32m✔[0m
[36m      ├─[0m [34mm000 doSolve[0m [32m✔[0m
[36m      ├─[0m [34mm001 solve[0m [32m✔[0m
[36m      ├─[0m [34mm002 solve[0m [32m✔[0m
[36m      └─[0m [34mm003 solve[0m [32m✔[0m

Test run finished after 2576 ms
[         2 containers found      ]
[         0 containers skipped    ]
[         2 containers started    ]
[         0 containers aborted    ]
[         2 containers successful ]
[         0 containers failed     ]
[         4 tests found           ]
[         0 tests skipped         ]
[         4 tests started         ]
[         0 tests aborted         ]
[         4 tests successful      ]
[         0 tests failed          ]


[exit=0 timeout=False time=4.0s]
