
$ defects4j compile -w /work/Math_56f
Running ant (compile)...................................................... OK
Running ant (compile.tests)................................................ OK

[exit=0 timeout=False time=2.3s]

$ defects4j compile -w /work/Math_56b
Running ant (compile)...................................................... OK
Running ant (compile.tests)................................................ OK

[exit=0 timeout=False time=2.3s]

$ java -Djava.awt.headless=true -cp /opt/defects4j/framework/projects/lib/junit-4.12-hamcrest-1.3.jar:/opt/evosuite/evosuite-1.2.0.jar:/work/Math_56f/target/classes:/work/Math_56f/target/test-classes org.evosuite.EvoSuite -generateSuite -class org.apache.commons.math.util.MultidimensionalCounter -projectCP /opt/defects4j/framework/projects/lib/junit-4.12-hamcrest-1.3.jar:/work/Math_56f/target/classes:/work/Math_56f/target/test-classes -Dcriterion=LINE:BRANCH:EXCEPTION -Dsearch_budget=120 -seed 1 -Dtest_dir=/work/evo_out/Math_56f/budget120_seed1/tests -Dreport_dir=/work/evo_out/Math_56f/budget120_seed1/report
* EvoSuite 1.2.0
* Going to generate test cases for class: org.apache.commons.math.util.MultidimensionalCounter
* Starting Client-0
* Connecting to master process on port 9922
* Analyzing classpath: 
  - /opt/defects4j/framework/projects/lib/junit-4.12-hamcrest-1.3.jar
  - /work/Math_56f/target/classes
  - /work/Math_56f/target/test-classes
* Finished analyzing classpath
* Generating tests for class org.apache.commons.math.util.MultidimensionalCounter
* Test criteria:
  - Line Coverage
  - Branch Coverage
  - Exception
* Setting up search algorithm for whole suite generation
* Total number of test goals: 
  - Line 68
  - Branch 41
  - Exception 0

[Progress:>                             0%] [Cov:>                                  0%]* Using seed 1
* Starting evolution

[Progress:>                             0%] [Cov:===>                               10%]
[Progress:>                             0%] [Cov:=====>                             17%]
[Progress:>                             0%] [Cov:=================>                 50%]
[Progress:>                             0%] [Cov:=======================>           68%]
[Progress:>                             1%] [Cov:===>                               11%]
[Progress:>                             1%] [Cov:======>                            19%]
[Progress:>                             1%] [Cov:==================>                52%]
[Progress:>                             1%] [Cov:==================>                54%]
[Progress:>                             1%] [Cov:=============================>     84%]
[Progress:>                             1%] [Cov:=============================>     84%]
[Progress:>                             1%] [Cov:=============================>     85%]
[Progress:>                             1%] [Cov:=================================> 96%]
[Progress:>                             2%] [Cov:=================================> 96%]
[Progress:>                             2%] [Cov:==================================>99%]
[Progress:>                             2%] [Cov:==================================>99%]
[Progress:>                             2%] [Cov:==================================>99%]
[Progress:>                             3%] [Cov:==================================>99%]
[Progress:>                             3%] [Cov:==================================>99%]
[Progress:>                             3%] [Cov:==================================>99%]
[Progress:>                             3%] [Cov:===================================100%]
[Progress:>                             3%] [Cov:===================================100%]
[Progress:=>                            4%] [Cov:===================================100%]
[Progress:=>                            4%] [Cov:===================================100%]
[Progress:=>                            4%] [Cov:===================================100%]
[Progress:=>                            5%] [Cov:===================================100%]
[Progress:=>                            5%] [Cov:===================================100%]
[Progress:=>                            5%] [Cov:===================================100%]
[Progress:=>                            5%] [Cov:===================================100%]
[Progress:=>                            6%] [Cov:===================================100%]
[Progress:=>                            6%] [Cov:===================================100%]
[Progress:=>                            6%] [Cov:===================================100%]
[Progress:==>                           7%] [Cov:===================================100%]
[Progress:==>                           7%] [Cov:===================================100%]
[Progress:==>                           7%] [Cov:===================================100%]
[Progress:==>                           8%] [Cov:===================================100%]
[Progress:==>                           8%] [Cov:===================================100%]
[Progress:==>                           8%] [Cov:===================================100%]
[Progress:==>                           8%] [Cov:===================================100%]
[Progress:==>                           9%] [Cov:===================================100%]
[Progress:==>                           9%] [Cov:===================================100%]
[Progress:==>                           9%] [Cov:===================================100%]
[Progress:===>                          10%] [Cov:===================================100%]
[Progress:===>                          10%] [Cov:===================================100%]
[Progress:===>                          10%] [Cov:===================================100%]
[Progress:===>                          10%] [Cov:===================================100%]
[Progress:===>                          10%] [Cov:===================================100%]
[Progress:===>                          10%] [Cov:===================================100%]
[Progress:===>                          11%] [Cov:===================================100%]
[Progress:===>                          11%] [Cov:===================================100%]
[Progress:===>                          11%] [Cov:===================================100%]
[Progress:===>                          12%] [Cov:===================================100%]
[Progress:===>                          12%] [Cov:===================================100%]
[Progress:===>                          12%] [Cov:===================================100%]
[Progress:===>                          12%] [Cov:===================================100%]
[Progress:===>                          13%] [Cov:===================================100%]
[Progress:===>                          13%] [Cov:===================================100%]
[Progress:===>                          13%] [Cov:===================================100%]
[Progress:===>                          13%] [Cov:===================================100%]
[Progress:====>                         14%] [Cov:===================================100%]
[Progress:====>                         14%] [Cov:===================================100%]
[Progress:====>                         14%] [Cov:===================================100%]
[Progress:====>                         15%] [Cov:===================================100%]
[Progress:====>                         15%] [Cov:===================================100%]
[Progress:====>                         15%] [Cov:===================================100%]
[Progress:====>                         15%] [Cov:===================================100%]
[Progress:====>                         15%] [Cov:===================================100%]
[Progress:====>                         15%] [Cov:===================================100%]
[Progress:====>                         15%] [Cov:===================================100%]
[Progress:====>                         15%] [Cov:===================================100%]
[Progress:====>                         15%] [Cov:===================================100%]
[Progress:====>                         16%] [Cov:===================================100%]
[Progress:====>                         16%] [Cov:===================================100%]
[Progress:====>                         16%] [Cov:===================================100%]
[Progress:====>                         16%] [Cov:===================================100%]
[Progress:=====>                        17%] [Cov:===================================100%]
[Progress:=====>                        17%] [Cov:===================================100%]
[Progress:=====>                        17%] [Cov:===================================100%]
[Progress:=====>                        17%] [Cov:===================================100%]
[Progress:=====>                        18%] [Cov:===================================100%]
[Progress:=====>                        18%] [Cov:===================================100%]
[Progress:=====>                        18%] [Cov:===================================100%]
[Progress:=====>                        19%] [Cov:===================================100%]
[Progress:=====>                        19%] [Cov:===================================100%]
[Progress:=====>                        19%] [Cov:===================================100%]
[Progress:=====>                        19%] [Cov:===================================100%]
[Progress:======>                       20%] [Cov:===================================100%]
[Progress:======>                       20%] [Cov:===================================100%]
[Progress:======>                       20%] [Cov:===================================100%]
[Progress:======>                       20%] [Cov:===================================100%]
[Progress:======>                       20%] [Cov:===================================100%]
[Progress:======>                       20%] [Cov:===================================100%]
[Progress:======>                       20%] [Cov:===================================100%]
[Progress:======>                       20%] [Cov:===================================100%]
[Progress:======>                       20%] [Cov:===================================100%]
[Progress:======>                       20%] [Cov:===================================100%]
[Progress:======>                       21%] [Cov:===================================100%]
[Progress:======>                       21%] [Cov:===================================100%]
[Progress:======>                       21%] [Cov:===================================100%]
[Progress:======>                       21%] [Cov:===================================100%]
[Progress:======>                       21%] [Cov:===================================100%]
[Progress:======>                       21%] [Cov:===================================100%]
[Progress:======>                       22%] [Cov:===================================100%]
[Progress:======>                       22%] [Cov:===================================100%]
[Progress:======>                       22%] [Cov:===================================100%]
[Progress:======>                       22%] [Cov:===================================100%]
[Progress:======>                       22%] [Cov:===================================100%]
[Progress:======>                       22%] [Cov:===================================100%]
[Progress:======>                       22%] [Cov:===================================100%]
[Progress:======>                       23%] [Cov:===================================100%]
[Progress:======>                       23%] [Cov:===================================100%]
[Progress:======>                       23%] [Cov:===================================100%]
[Progress:======>                       23%] [Cov:===================================100%]
[Progress:======>                       23%] [Cov:===================================100%]
[Progress:======>                       23%] [Cov:===================================100%]
[Progress:=======>                      24%] [Cov:===================================100%]
[Progress:=======>                      24%] [Cov:===================================100%]
[Progress:=======>                      24%] [Cov:===================================100%]
[Progress:=======>                      24%] [Cov:===================================100%]
[Progress:=======>                      24%] [Cov:===================================100%]
[Progress:=======>                      24%] [Cov:===================================100%]
[Progress:=======>                      24%] [Cov:===================================100%]
[Progress:=======>                      25%] [Cov:===================================100%]
[Progress:=======>                      25%] [Cov:===================================100%]
[Progress:=======>                      25%] [Cov:===================================100%]
[Progress:=======>                      25%] [Cov:===================================100%]
[Progress:=======>                      25%] [Cov:===================================100%]
[Progress:=======>                      25%] [Cov:===================================100%]
[Progress:=======>                      25%] [Cov:===================================100%]
[Progress:=======>                      25%] [Cov:===================================100%]
[Progress:=======>                      25%] [Cov:===================================100%]
[Progress:=======>                      26%] [Cov:===================================100%]
[Progress:=======>                      26%] [Cov:===================================100%]
[Progress:=======>                      26%] [Cov:===================================100%]
[Progress:=======>                      26%] [Cov:===================================100%]
[Progress:=======>                      26%] [Cov:===================================100%]
[Progress:=======>                      26%] [Cov:===================================100%]
[Progress:=======>                      26%] [Cov:===================================100%]
[Progress:========>                     27%] [Cov:===================================100%]
[Progress:========>                     27%] [Cov:===================================100%]
[Progress:========>                     27%] [Cov:===================================100%]
[Progress:========>                     27%] [Cov:===================================100%]
[Progress:========>                     27%] [Cov:===================================100%]
[Progress:========>                     27%] [Cov:===================================100%]
[Progress:========>                     27%] [Cov:===================================100%]
[Progress:========>                     28%] [Cov:===================================100%]
[Progress:========>                     28%] [Cov:===================================100%]
[Progress:========>                     28%] [Cov:===================================100%]
[Progress:========>                     28%] [Cov:===================================100%]
[Progress:========>                     28%] [Cov:===================================100%]
[Progress:========>                     28%] [Cov:===================================100%]
[Progress:========>                     28%] [Cov:===================================100%]
[Progress:========>                     29%] [Cov:===================================100%]
[Progress:========>                     29%] [Cov:===================================100%]
[Progress:========>                     29%] [Cov:===================================100%]
[Progress:========>                     29%] [Cov:===================================100%]
[Progress:========>                     29%] [Cov:===================================100%]
[Progress:========>                     29%] [Cov:===================================100%]
[Progress:=========>                    30%] [Cov:===================================100%]
[Progress:=========>                    30%] [Cov:===================================100%]
[Progress:=========>                    30%] [Cov:===================================100%]
[Progress:=========>                    30%] [Cov:===================================100%]
[Progress:=========>                    30%] [Cov:===================================100%]
[Progress:=========>                    30%] [Cov:===================================100%]
[Progress:=========>                    30%] [Cov:===================================100%]
[Progress:=========>                    30%] [Cov:===================================100%]
[Progress:=========>                    30%] [Cov:===================================100%]
[Progress:=========>                    30%] [Cov:===================================100%]
[Progress:=========>                    30%] [Cov:===================================100%]
[Progress:=========>                    30%] [Cov:===================================100%]
[Progress:=========>                    30%] [Cov:===================================100%]
[Progress:=========>                    30%] [Cov:===================================100%]
[Progress:=========>                    31%] [Cov:===================================100%]
[Progress:=========>                    31%] [Cov:===================================100%]
[Progress:=========>                    31%] [Cov:===================================100%]
[Progress:=========>                    31%] [Cov:===================================100%]
[Progress:=========>                    31%] [Cov:===================================100%]
[Progress:=========>                    31%] [Cov:===================================100%]
[Progress:=========>                    31%] [Cov:===================================100%]
[Progress:=========>                    32%] [Cov:===================================100%]
[Progress:=========>                    32%] [Cov:===================================100%]
[Progress:=========>                    32%] [Cov:===================================100%]
[Progress:=========>                    32%] [Cov:===================================100%]
[Progress:=========>                    32%] [Cov:===================================100%]
[Progress:=========>                    32%] [Cov:===================================100%]
[Progress:=========>                    33%] [Cov:===================================100%]
[Progress:=========>                    33%] [Cov:===================================100%]
[Progress:=========>                    33%] [Cov:===================================100%]
* Search finished after 40s and 142 generations, 33228 statements, best individual has fitness: 0.1
* Minimizing test suite
* Going to analyze the coverage criteria
* Coverage analysis for criterion LINE
* Coverage of criterion LINE: 100%
* Total number of goals: 68
* Number of covered goals: 68
* Coverage analysis for criterion BRANCH
* Coverage of criterion BRANCH: 100%
* Total number of goals: 41
* Number of covered goals: 41
* Coverage analysis for criterion EXCEPTION
* Coverage of criterion EXCEPTION: 100%
* Total number of goals: 9
* Number of covered goals: 9
* Generated 20 tests with total length 90
* Resulting test suite's coverage: 100% (average coverage for all fitness functions)
* Generating assertions
* Resulting test suite's mutation score: 40%
* Compiling and checking tests
* Writing tests to file
* Writing JUnit test case 'MultidimensionalCounter_ESTest' to /work/evo_out/Math_56f/budget120_seed1/tests
* Done!

* Computation finished

[exit=0 timeout=False time=76.0s]

$ javac -nowarn -cp /work/Math_56f/target/classes:/opt/defects4j/framework/projects/lib/junit-4.12-hamcrest-1.3.jar:/work/Math_56f/target/classes:/work/Math_56f/target/test-classes:/opt/evosuite/evosuite-standalone-runtime-1.2.0.jar -d /work/evo_out/Math_56f/budget120_seed1/classes /work/evo_out/Math_56f/budget120_seed1/tests/org/apache/commons/math/util/MultidimensionalCounter_ESTest.java /work/evo_out/Math_56f/budget120_seed1/tests/org/apache/commons/math/util/MultidimensionalCounter_ESTest_scaffolding.java
Note: /work/evo_out/Math_56f/budget120_seed1/tests/org/apache/commons/math/util/MultidimensionalCounter_ESTest.java uses unchecked or unsafe operations.
Note: Recompile with -Xlint:unchecked for details.

[exit=0 timeout=False time=0.8s]

$ java -jar /opt/jacoco/lib/jacococli.jar instrument /work/Math_56f/target/classes --dest /work/evo_out/Math_56f/budget120_seed1/instrumented
[INFO] 636 classes instrumented to /work/evo_out/Math_56f/budget120_seed1/instrumented.

[exit=0 timeout=False time=0.7s]

$ java -Djacoco-agent.destfile=/workspace/EvoSuite/Result_Round2/Math_56/budget120_seed1/jacoco.exec -cp /work/evo_out/Math_56f/budget120_seed1/instrumented:/work/evo_out/Math_56f/budget120_seed1/classes:/opt/defects4j/framework/projects/lib/junit-4.12-hamcrest-1.3.jar:/work/Math_56f/target/classes:/work/Math_56f/target/test-classes:/opt/evosuite/evosuite-standalone-runtime-1.2.0.jar:/opt/jacoco/lib/jacocoagent.jar org.junit.runner.JUnitCore org.apache.commons.math.util.MultidimensionalCounter_ESTest
JUnit version 4.12
....................
Time: 1.563

OK (20 tests)

SLF4J: Failed to load class "org.slf4j.impl.StaticLoggerBinder".
SLF4J: Defaulting to no-operation (NOP) logger implementation
SLF4J: See http://www.slf4j.org/codes.html#StaticLoggerBinder for further details.
WARNING: An illegal reflective access operation has occurred
WARNING: Illegal reflective access by org.evosuite.runtime.GuiSupport (file:/opt/evosuite/evosuite-standalone-runtime-1.2.0.jar) to field java.awt.GraphicsEnvironment.headless
WARNING: Please consider reporting this to the maintainers of org.evosuite.runtime.GuiSupport
WARNING: Use --illegal-access=warn to enable warnings of further illegal reflective access operations
WARNING: All illegal access operations will be denied in a future release

[exit=0 timeout=False time=1.9s]

$ java -jar /opt/jacoco/lib/jacococli.jar report /workspace/EvoSuite/Result_Round2/Math_56/budget120_seed1/jacoco.exec --classfiles /work/Math_56f/target/classes --csv /workspace/EvoSuite/Result_Round2/Math_56/budget120_seed1/jacoco.csv
[INFO] Loading execution data file /workspace/EvoSuite/Result_Round2/Math_56/budget120_seed1/jacoco.exec.
[INFO] Analyzing 495 classes.

[exit=0 timeout=False time=0.6s]

$ java -cp /work/evo_out/Math_56f/budget120_seed1/classes:/opt/defects4j/framework/projects/lib/junit-4.12-hamcrest-1.3.jar:/work/Math_56b/target/classes:/work/Math_56b/target/test-classes:/opt/evosuite/evosuite-standalone-runtime-1.2.0.jar org.junit.runner.JUnitCore org.apache.commons.math.util.MultidimensionalCounter_ESTest
JUnit version 4.12
....................
Time: 1.299

OK (20 tests)

SLF4J: Failed to load class "org.slf4j.impl.StaticLoggerBinder".
SLF4J: Defaulting to no-operation (NOP) logger implementation
SLF4J: See http://www.slf4j.org/codes.html#StaticLoggerBinder for further details.
WARNING: An illegal reflective access operation has occurred
WARNING: Illegal reflective access by org.evosuite.runtime.GuiSupport (file:/opt/evosuite/evosuite-standalone-runtime-1.2.0.jar) to field java.awt.GraphicsEnvironment.headless
WARNING: Please consider reporting this to the maintainers of org.evosuite.runtime.GuiSupport
WARNING: Use --illegal-access=warn to enable warnings of further illegal reflective access operations
WARNING: All illegal access operations will be denied in a future release

[exit=0 timeout=False time=1.5s]
