
$ defects4j checkout -p Math -v 68f -w /work/Math_68f
Checking out 24218a52 to /work/Math_68f.................................... OK
Init local repository...................................................... OK
Tag post-fix revision...................................................... OK
Run post-checkout hook..................................................... OK
Excluding broken/flaky tests............................................... OK
Excluding broken/flaky tests............................................... OK
Excluding broken/flaky tests............................................... OK
Initialize fixed program version........................................... OK
Apply patch................................................................ OK
Initialize buggy program version........................................... OK
Diff 24218a52:24e05bf7..................................................... OK
Apply patch................................................................ OK
Tag pre-fix revision....................................................... OK
Check out program version: Math-68f........................................ OK

[exit=0 timeout=False time=4.0s]

$ defects4j compile -w /work/Math_68f
Running ant (compile)...................................................... OK
Running ant (compile.tests)................................................ OK

[exit=0 timeout=False time=11.7s]

$ defects4j checkout -p Math -v 68b -w /work/Math_68b
Checking out 24218a52 to /work/Math_68b.................................... OK
Init local repository...................................................... OK
Tag post-fix revision...................................................... OK
Run post-checkout hook..................................................... OK
Excluding broken/flaky tests............................................... OK
Excluding broken/flaky tests............................................... OK
Excluding broken/flaky tests............................................... OK
Initialize fixed program version........................................... OK
Apply patch................................................................ OK
Initialize buggy program version........................................... OK
Diff 24218a52:24e05bf7..................................................... OK
Apply patch................................................................ OK
Tag pre-fix revision....................................................... OK
Check out program version: Math-68b........................................ OK

[exit=0 timeout=False time=4.0s]

$ defects4j compile -w /work/Math_68b
Running ant (compile)...................................................... OK
Running ant (compile.tests)................................................ OK

[exit=0 timeout=False time=11.5s]

$ java -Djava.awt.headless=true -cp /opt/defects4j/framework/projects/lib/junit-4.12-hamcrest-1.3.jar:/opt/evosuite/evosuite-1.2.0.jar:/work/Math_68f/target/classes:/work/Math_68f/target/test-classes org.evosuite.EvoSuite -generateSuite -class org.apache.commons.math.optimization.general.LevenbergMarquardtOptimizer -projectCP /opt/defects4j/framework/projects/lib/junit-4.12-hamcrest-1.3.jar:/work/Math_68f/target/classes:/work/Math_68f/target/test-classes -Dcriterion=LINE:BRANCH:EXCEPTION -Dsearch_budget=60 -seed 1 -Dtest_dir=/work/evo_out/Math_68f/budget60_seed1/tests -Dreport_dir=/work/evo_out/Math_68f/budget60_seed1/report
* EvoSuite 1.2.0
* Going to generate test cases for class: org.apache.commons.math.optimization.general.LevenbergMarquardtOptimizer
* Starting Client-0
* Connecting to master process on port 9922
* Analyzing classpath: 
  - /opt/defects4j/framework/projects/lib/junit-4.12-hamcrest-1.3.jar
  - /work/Math_68f/target/classes
  - /work/Math_68f/target/test-classes
* Finished analyzing classpath
* Generating tests for class org.apache.commons.math.optimization.general.LevenbergMarquardtOptimizer
* Test criteria:
  - Line Coverage
  - Branch Coverage
  - Exception
* Setting up search algorithm for whole suite generation
* Total number of test goals: 
  - Line 339
  - Branch 205
  - Exception 0

[Progress:>                             0%] [Cov:>                                  0%]* Using seed 1
* Starting evolution

[Progress:>                             0%] [Cov:=>                                 3%]
[Progress:>                             0%] [Cov:============>                      37%]
[Progress:>                             1%] [Cov:=>                                 3%]
[Progress:>                             1%] [Cov:============>                      37%]
[Progress:>                             3%] [Cov:=>                                 3%]
[Progress:>                             3%] [Cov:============>                      37%]
[Progress:>                             3%] [Cov:============>                      37%]
[Progress:>                             3%] [Cov:============>                      37%]
[Progress:=>                            5%] [Cov:============>                      37%]
[Progress:=>                            5%] [Cov:============>                      37%]
[Progress:=>                            5%] [Cov:============>                      37%]
[Progress:=>                            5%] [Cov:============>                      37%]
[Progress:=>                            5%] [Cov:============>                      37%]
[Progress:=>                            5%] [Cov:============>                      37%]
[Progress:=>                            5%] [Cov:============>                      37%]
[Progress:=>                            5%] [Cov:============>                      37%]
[Progress:=>                            6%] [Cov:============>                      37%]
[Progress:=>                            6%] [Cov:============>                      37%]
[Progress:=>                            6%] [Cov:============>                      37%]
[Progress:=>                            6%] [Cov:============>                      37%]
[Progress:=>                            6%] [Cov:============>                      37%]
[Progress:=>                            6%] [Cov:============>                      37%]
[Progress:=>                            6%] [Cov:============>                      37%]
[Progress:=>                            6%] [Cov:============>                      37%]
[Progress:=>                            6%] [Cov:============>                      37%]
[Progress:=>                            6%] [Cov:============>                      37%]
[Progress:=>                            6%] [Cov:============>                      37%]
[Progress:==>                           8%] [Cov:============>                      37%]
[Progress:==>                           8%] [Cov:============>                      37%]
[Progress:==>                           8%] [Cov:============>                      37%]
[Progress:==>                           8%] [Cov:============>                      37%]
[Progress:==>                           8%] [Cov:============>                      37%]
[Progress:==>                           8%] [Cov:============>                      37%]
[Progress:==>                           8%] [Cov:============>                      37%]
[Progress:==>                           8%] [Cov:============>                      37%]
[Progress:==>                           8%] [Cov:============>                      37%]
[Progress:==>                           8%] [Cov:============>                      37%]
[Progress:==>                           8%] [Cov:============>                      37%]
[Progress:===>                          10%] [Cov:============>                      37%]
[Progress:===>                          10%] [Cov:============>                      37%]
[Progress:===>                          10%] [Cov:============>                      37%]
[Progress:===>                          10%] [Cov:============>                      37%]
[Progress:===>                          10%] [Cov:============>                      37%]
[Progress:===>                          10%] [Cov:============>                      37%]
[Progress:===>                          10%] [Cov:============>                      37%]
[Progress:===>                          10%] [Cov:============>                      37%]
[Progress:===>                          10%] [Cov:============>                      37%]
[Progress:===>                          10%] [Cov:============>                      37%]
[Progress:===>                          10%] [Cov:============>                      37%]
[Progress:===>                          11%] [Cov:============>                      37%]
[Progress:===>                          11%] [Cov:============>                      37%]
[Progress:===>                          11%] [Cov:============>                      37%]
[Progress:===>                          11%] [Cov:============>                      37%]
[Progress:===>                          11%] [Cov:============>                      37%]
[Progress:===>                          11%] [Cov:============>                      37%]
[Progress:===>                          11%] [Cov:============>                      37%]
[Progress:===>                          11%] [Cov:============>                      37%]
[Progress:===>                          11%] [Cov:============>                      37%]
[Progress:===>                          11%] [Cov:============>                      37%]
[Progress:===>                          11%] [Cov:============>                      37%]
[Progress:===>                          13%] [Cov:============>                      37%]
[Progress:===>                          13%] [Cov:============>                      37%]
[Progress:===>                          13%] [Cov:============>                      37%]
[Progress:===>                          13%] [Cov:============>                      37%]
[Progress:===>                          13%] [Cov:============>                      37%]
[Progress:===>                          13%] [Cov:============>                      37%]
[Progress:===>                          13%] [Cov:============>                      37%]
[Progress:===>                          13%] [Cov:============>                      37%]
[Progress:===>                          13%] [Cov:============>                      37%]
[Progress:===>                          13%] [Cov:============>                      37%]
[Progress:===>                          13%] [Cov:============>                      37%]
[Progress:===>                          13%] [Cov:============>                      37%]
[Progress:====>                         15%] [Cov:============>                      37%]
[Progress:====>                         15%] [Cov:============>                      37%]
[Progress:====>                         15%] [Cov:============>                      37%]
[Progress:====>                         15%] [Cov:============>                      37%]
[Progress:====>                         15%] [Cov:============>                      37%]
[Progress:====>                         15%] [Cov:============>                      37%]
[Progress:====>                         15%] [Cov:============>                      37%]
[Progress:====>                         15%] [Cov:============>                      37%]
[Progress:====>                         15%] [Cov:============>                      37%]
[Progress:====>                         15%] [Cov:============>                      37%]
[Progress:====>                         15%] [Cov:============>                      37%]
[Progress:====>                         15%] [Cov:============>                      37%]
[Progress:====>                         16%] [Cov:============>                      37%]
[Progress:====>                         16%] [Cov:============>                      37%]
[Progress:====>                         16%] [Cov:============>                      37%]
[Progress:====>                         16%] [Cov:============>                      37%]
[Progress:====>                         16%] [Cov:============>                      37%]
[Progress:====>                         16%] [Cov:============>                      37%]
[Progress:====>                         16%] [Cov:============>                      37%]
[Progress:====>                         16%] [Cov:============>                      37%]
[Progress:====>                         16%] [Cov:============>                      37%]
[Progress:====>                         16%] [Cov:============>                      37%]
[Progress:====>                         16%] [Cov:============>                      37%]
[Progress:=====>                        18%] [Cov:============>                      37%]
[Progress:=====>                        18%] [Cov:============>                      37%]
[Progress:=====>                        18%] [Cov:============>                      37%]
[Progress:=====>                        18%] [Cov:============>                      37%]
[Progress:=====>                        18%] [Cov:============>                      37%]
[Progress:=====>                        18%] [Cov:============>                      37%]
[Progress:=====>                        18%] [Cov:============>                      37%]
[Progress:=====>                        18%] [Cov:============>                      37%]
[Progress:=====>                        18%] [Cov:============>                      37%]
[Progress:=====>                        18%] [Cov:============>                      37%]
[Progress:=====>                        18%] [Cov:============>                      37%]
[Progress:=====>                        18%] [Cov:============>                      37%]
[Progress:======>                       20%] [Cov:============>                      37%]
[Progress:======>                       20%] [Cov:============>                      37%]
[Progress:======>                       20%] [Cov:============>                      37%]
[Progress:======>                       20%] [Cov:============>                      37%]
[Progress:======>                       20%] [Cov:============>                      37%]
[Progress:======>                       20%] [Cov:============>                      37%]
[Progress:======>                       20%] [Cov:============>                      37%]
[Progress:======>                       20%] [Cov:============>                      37%]
[Progress:======>                       20%] [Cov:============>                      37%]
[Progress:======>                       20%] [Cov:============>                      37%]
[Progress:======>                       20%] [Cov:============>                      37%]
[Progress:======>                       20%] [Cov:============>                      37%]
[Progress:======>                       21%] [Cov:============>                      37%]
[Progress:======>                       21%] [Cov:============>                      37%]
[Progress:======>                       21%] [Cov:============>                      37%]
[Progress:======>                       21%] [Cov:============>                      37%]
[Progress:======>                       21%] [Cov:============>                      37%]
[Progress:======>                       21%] [Cov:============>                      37%]
[Progress:======>                       21%] [Cov:============>                      37%]
[Progress:======>                       21%] [Cov:============>                      37%]
[Progress:======>                       21%] [Cov:============>                      37%]
[Progress:======>                       21%] [Cov:============>                      37%]
[Progress:======>                       21%] [Cov:============>                      37%]
[Progress:======>                       21%] [Cov:============>                      37%]
[Progress:======>                       23%] [Cov:============>                      37%]
[Progress:======>                       23%] [Cov:============>                      37%]
[Progress:======>                       23%] [Cov:============>                      37%]
[Progress:======>                       23%] [Cov:============>                      37%]
[Progress:======>                       23%] [Cov:============>                      37%]
[Progress:======>                       23%] [Cov:============>                      37%]
[Progress:======>                       23%] [Cov:============>                      37%]
[Progress:======>                       23%] [Cov:============>                      37%]
[Progress:======>                       23%] [Cov:============>                      37%]
[Progress:======>                       23%] [Cov:============>                      37%]
[Progress:======>                       23%] [Cov:============>                      37%]
[Progress:=======>                      25%] [Cov:============>                      37%]
[Progress:=======>                      25%] [Cov:============>                      37%]
[Progress:=======>                      25%] [Cov:============>                      37%]
[Progress:=======>                      25%] [Cov:============>                      37%]
[Progress:=======>                      25%] [Cov:============>                      37%]
[Progress:=======>                      25%] [Cov:============>                      37%]
[Progress:=======>                      25%] [Cov:============>                      37%]
[Progress:=======>                      25%] [Cov:============>                      37%]
[Progress:=======>                      25%] [Cov:============>                      37%]
[Progress:=======>                      25%] [Cov:============>                      37%]
[Progress:=======>                      25%] [Cov:============>                      37%]
[Progress:=======>                      25%] [Cov:============>                      37%]
[Progress:=======>                      25%] [Cov:============>                      37%]
[Progress:=======>                      26%] [Cov:============>                      37%]
[Progress:=======>                      26%] [Cov:============>                      37%]
[Progress:=======>                      26%] [Cov:============>                      37%]
[Progress:=======>                      26%] [Cov:============>                      37%]
[Progress:=======>                      26%] [Cov:============>                      37%]
[Progress:=======>                      26%] [Cov:============>                      37%]
[Progress:=======>                      26%] [Cov:============>                      37%]
[Progress:=======>                      26%] [Cov:============>                      37%]
[Progress:=======>                      26%] [Cov:============>                      37%]
[Progress:=======>                      26%] [Cov:============>                      37%]
[Progress:=======>                      26%] [Cov:============>                      37%]
[Progress:=======>                      26%] [Cov:============>                      37%]
[Progress:========>                     28%] [Cov:============>                      37%]
[Progress:========>                     28%] [Cov:============>                      37%]
[Progress:========>                     28%] [Cov:============>                      37%]
[Progress:========>                     28%] [Cov:============>                      37%]
[Progress:========>                     28%] [Cov:============>                      37%]
[Progress:========>                     28%] [Cov:============>                      37%]
[Progress:========>                     28%] [Cov:============>                      37%]
[Progress:========>                     28%] [Cov:============>                      37%]
[Progress:========>                     28%] [Cov:============>                      37%]
[Progress:========>                     28%] [Cov:============>                      37%]
[Progress:========>                     28%] [Cov:============>                      37%]
[Progress:========>                     28%] [Cov:============>                      37%]
[Progress:========>                     28%] [Cov:============>                      37%]
[Progress:=========>                    30%] [Cov:============>                      37%]
[Progress:=========>                    30%] [Cov:============>                      37%]
[Progress:=========>                    30%] [Cov:============>                      37%]
[Progress:=========>                    30%] [Cov:============>                      37%]
[Progress:=========>                    30%] [Cov:============>                      37%]
[Progress:=========>                    30%] [Cov:============>                      37%]
[Progress:=========>                    30%] [Cov:============>                      37%]
[Progress:=========>                    30%] [Cov:============>                      37%]
[Progress:=========>                    30%] [Cov:============>                      37%]
[Progress:=========>                    30%] [Cov:============>                      37%]
[Progress:=========>                    30%] [Cov:============>                      37%]
[Progress:=========>                    30%] [Cov:============>                      37%]
[Progress:=========>                    30%] [Cov:============>                      37%]
[Progress:=========>                    31%] [Cov:============>                      37%]
[Progress:=========>                    31%] [Cov:============>                      37%]
[Progress:=========>                    31%] [Cov:============>                      37%]
[Progress:=========>                    31%] [Cov:============>                      37%]
[Progress:=========>                    31%] [Cov:============>                      37%]
[Progress:=========>                    31%] [Cov:============>                      37%]
[Progress:=========>                    31%] [Cov:============>                      37%]
[Progress:=========>                    31%] [Cov:============>                      37%]
[Progress:=========>                    31%] [Cov:============>                      37%]
[Progress:=========>                    31%] [Cov:============>                      37%]
[Progress:=========>                    31%] [Cov:============>                      37%]
[Progress:=========>                    31%] [Cov:============>                      37%]
[Progress:=========>                    33%] [Cov:============>                      37%]
[Progress:=========>                    33%] [Cov:============>                      37%]
[Progress:=========>                    33%] [Cov:============>                      37%]
[Progress:=========>                    33%] [Cov:============>                      37%]
[Progress:=========>                    33%] [Cov:============>                      37%]
[Progress:=========>                    33%] [Cov:============>                      37%]
[Progress:=========>                    33%] [Cov:============>                      37%]
[Progress:=========>                    33%] [Cov:============>                      37%]
[Progress:=========>                    33%] [Cov:============>                      37%]
[Progress:=========>                    33%] [Cov:============>                      37%]
[Progress:=========>                    33%] [Cov:============>                      37%]
[Progress:=========>                    33%] [Cov:============>                      37%]
[Progress:==========>                   35%] [Cov:============>                      37%]
[Progress:==========>                   35%] [Cov:============>                      37%]
[Progress:==========>                   35%] [Cov:============>                      37%]
[Progress:==========>                   35%] [Cov:============>                      37%]
[Progress:==========>                   35%] [Cov:============>                      37%]
[Progress:==========>                   35%] [Cov:============>                      37%]
[Progress:==========>                   35%] [Cov:============>                      37%]
[Progress:==========>                   35%] [Cov:============>                      37%]
[Progress:==========>                   35%] [Cov:============>                      37%]
[Progress:==========>                   35%] [Cov:============>                      37%]
[Progress:==========>                   35%] [Cov:============>                      37%]
[Progress:==========>                   35%] [Cov:============>                      37%]
[Progress:==========>                   36%] [Cov:============>                      37%]
[Progress:==========>                   36%] [Cov:============>                      37%]
[Progress:==========>                   36%] [Cov:============>                      37%]
[Progress:==========>                   36%] [Cov:============>                      37%]
[Progress:==========>                   36%] [Cov:============>                      37%]
[Progress:==========>                   36%] [Cov:============>                      37%]
[Progress:==========>                   36%] [Cov:============>                      37%]
[Progress:==========>                   36%] [Cov:============>                      37%]
[Progress:==========>                   36%] [Cov:============>                      37%]
[Progress:==========>                   36%] [Cov:============>                      37%]
[Progress:==========>                   36%] [Cov:============>                      37%]
[Progress:==========>                   36%] [Cov:============>                      37%]
[Progress:===========>                  38%] [Cov:============>                      37%]
[Progress:===========>                  38%] [Cov:============>                      37%]
[Progress:===========>                  38%] [Cov:============>                      37%]
[Progress:===========>                  38%] [Cov:============>                      37%]
[Progress:===========>                  38%] [Cov:============>                      37%]
[Progress:===========>                  38%] [Cov:============>                      37%]
[Progress:===========>                  38%] [Cov:============>                      37%]
[Progress:===========>                  38%] [Cov:============>                      37%]
[Progress:===========>                  38%] [Cov:============>                      37%]
[Progress:===========>                  38%] [Cov:============>                      37%]
[Progress:===========>                  38%] [Cov:============>                      37%]
[Progress:===========>                  38%] [Cov:============>                      37%]
[Progress:===========>                  38%] [Cov:============>                      37%]
[Progress:============>                 40%] [Cov:============>                      37%]
[Progress:============>                 40%] [Cov:============>                      37%]
[Progress:============>                 40%] [Cov:============>                      37%]
[Progress:============>                 40%] [Cov:============>                      37%]
[Progress:============>                 40%] [Cov:============>                      37%]
[Progress:============>                 40%] [Cov:============>                      37%]
[Progress:============>                 40%] [Cov:============>                      37%]
[Progress:============>                 40%] [Cov:============>                      37%]
[Progress:============>                 40%] [Cov:============>                      37%]
[Progress:============>                 40%] [Cov:============>                      37%]
[Progress:============>                 40%] [Cov:============>                      37%]
[Progress:============>                 40%] [Cov:============>                      37%]
[Progress:============>                 40%] [Cov:============>                      37%]
[Progress:============>                 41%] [Cov:============>                      37%]
[Progress:============>                 41%] [Cov:============>                      37%]
[Progress:============>                 41%] [Cov:============>                      37%]
[Progress:============>                 41%] [Cov:============>                      37%]
[Progress:============>                 41%] [Cov:============>                      37%]
[Progress:============>                 41%] [Cov:============>                      37%]
[Progress:============>                 41%] [Cov:============>                      37%]
[Progress:============>                 41%] [Cov:============>                      37%]
[Progress:============>                 41%] [Cov:============>                      37%]
[Progress:============>                 41%] [Cov:============>                      37%]
[Progress:============>                 41%] [Cov:============>                      37%]
[Progress:============>                 41%] [Cov:============>                      37%]
[Progress:============>                 41%] [Cov:============>                      37%]
[Progress:============>                 43%] [Cov:============>                      37%]
[Progress:============>                 43%] [Cov:============>                      37%]
[Progress:============>                 43%] [Cov:============>                      37%]
[Progress:============>                 43%] [Cov:============>                      37%]
[Progress:============>                 43%] [Cov:============>                      37%]
[Progress:============>                 43%] [Cov:============>                      37%]
[Progress:============>                 43%] [Cov:============>                      37%]
[Progress:============>                 43%] [Cov:============>                      37%]
[Progress:============>                 43%] [Cov:============>                      37%]
[Progress:============>                 43%] [Cov:============>                      37%]
[Progress:============>                 43%] [Cov:============>                      37%]
[Progress:============>                 43%] [Cov:============>                      37%]
[Progress:============>                 43%] [Cov:============>                      37%]
[Progress:=============>                45%] [Cov:============>                      37%]
[Progress:=============>                45%] [Cov:============>                      37%]
[Progress:=============>                45%] [Cov:============>                      37%]
[Progress:=============>                45%] [Cov:============>                      37%]
[Progress:=============>                45%] [Cov:============>                      37%]
[Progress:=============>                45%] [Cov:============>                      37%]
[Progress:=============>                45%] [Cov:============>                      37%]
[Progress:=============>                45%] [Cov:============>                      37%]
[Progress:=============>                45%] [Cov:============>                      37%]
[Progress:=============>                45%] [Cov:============>                      37%]
[Progress:=============>                45%] [Cov:============>                      37%]
[Progress:=============>                45%] [Cov:============>                      37%]
[Progress:=============>                45%] [Cov:============>                      37%]
[Progress:=============>                46%] [Cov:============>                      37%]
[Progress:=============>                46%] [Cov:============>                      37%]
[Progress:=============>                46%] [Cov:============>                      37%]
[Progress:=============>                46%] [Cov:============>                      37%]
[Progress:=============>                46%] [Cov:============>                      37%]
[Progress:=============>                46%] [Cov:============>                      37%]
[Progress:=============>                46%] [Cov:============>                      37%]
[Progress:=============>                46%] [Cov:============>                      37%]
[Progress:=============>                46%] [Cov:============>                      37%]
[Progress:=============>                46%] [Cov:============>                      37%]
[Progress:=============>                46%] [Cov:============>                      37%]
[Progress:=============>                46%] [Cov:============>                      37%]
[Progress:=============>                46%] [Cov:============>                      37%]
[Progress:=============>                46%] [Cov:============>                      37%]
[Progress:==============>               48%] [Cov:============>                      37%]
[Progress:==============>               48%] [Cov:============>                      37%]
[Progress:==============>               48%] [Cov:============>                      37%]
[Progress:==============>               48%] [Cov:============>                      37%]
[Progress:==============>               48%] [Cov:============>                      37%]
[Progress:==============>               48%] [Cov:============>                      37%]
[Progress:==============>               48%] [Cov:============>                      37%]
[Progress:==============>               48%] [Cov:============>                      37%]
[Progress:==============>               48%] [Cov:============>                      37%]
[Progress:==============>               48%] [Cov:============>                      37%]
[Progress:==============>               48%] [Cov:============>                      37%]
[Progress:==============>               48%] [Cov:============>                      37%]
[Progress:==============>               48%] [Cov:============>                      37%]
[Progress:===============>              50%] [Cov:============>                      37%]
[Progress:===============>              50%] [Cov:============>                      37%]
[Progress:===============>              50%] [Cov:============>                      37%]
[Progress:===============>              50%] [Cov:============>                      37%]
[Progress:===============>              50%] [Cov:============>                      37%]
[Progress:===============>              50%] [Cov:============>                      37%]
[Progress:===============>              50%] [Cov:============>                      37%]
[Progress:===============>              50%] [Cov:============>                      37%]
[Progress:===============>              50%] [Cov:============>                      37%]
[Progress:===============>              50%] [Cov:============>                      37%]
[Progress:===============>              50%] [Cov:============>                      37%]
[Progress:===============>              50%] [Cov:============>                      37%]
[Progress:===============>              50%] [Cov:============>                      37%]
[Progress:===============>              50%] [Cov:============>                      37%]
[Progress:===============>              51%] [Cov:============>                      37%]
[Progress:===============>              51%] [Cov:============>                      37%]
[Progress:===============>              51%] [Cov:============>                      37%]
[Progress:===============>              51%] [Cov:============>                      37%]
[Progress:===============>              51%] [Cov:============>                      37%]
[Progress:===============>              51%] [Cov:============>                      37%]
[Progress:===============>              51%] [Cov:============>                      37%]
[Progress:===============>              51%] [Cov:============>                      37%]
[Progress:===============>              51%] [Cov:============>                      37%]
[Progress:===============>              51%] [Cov:============>                      37%]
[Progress:===============>              51%] [Cov:============>                      37%]
[Progress:===============>              51%] [Cov:============>                      37%]
[Progress:===============>              53%] [Cov:============>                      37%]
[Progress:===============>              53%] [Cov:============>                      37%]
[Progress:===============>              53%] [Cov:============>                      37%]
[Progress:===============>              53%] [Cov:============>                      37%]
[Progress:===============>              53%] [Cov:============>                      37%]
[Progress:===============>              53%] [Cov:============>                      37%]
[Progress:===============>              53%] [Cov:============>                      37%]
[Progress:===============>              53%] [Cov:============>                      37%]
[Progress:===============>              53%] [Cov:============>                      37%]
[Progress:===============>              53%] [Cov:============>                      37%]
[Progress:===============>              53%] [Cov:============>                      37%]
[Progress:===============>              53%] [Cov:============>                      37%]
[Progress:================>             55%] [Cov:============>                      37%]
[Progress:================>             55%] [Cov:============>                      37%]
[Progress:================>             55%] [Cov:============>                      37%]
[Progress:================>             55%] [Cov:============>                      37%]
[Progress:================>             55%] [Cov:============>                      37%]
[Progress:================>             55%] [Cov:============>                      37%]
[Progress:================>             55%] [Cov:============>                      37%]
[Progress:================>             55%] [Cov:============>                      37%]
[Progress:================>             55%] [Cov:============>                      37%]
[Progress:================>             55%] [Cov:============>                      37%]
[Progress:================>             55%] [Cov:============>                      37%]
[Progress:================>             55%] [Cov:============>                      37%]
[Progress:================>             55%] [Cov:============>                      37%]
[Progress:================>             56%] [Cov:============>                      37%]
[Progress:================>             56%] [Cov:============>                      37%]
[Progress:================>             56%] [Cov:============>                      37%]
[Progress:================>             56%] [Cov:============>                      37%]
[Progress:================>             56%] [Cov:============>                      37%]
[Progress:================>             56%] [Cov:============>                      37%]
[Progress:================>             56%] [Cov:============>                      37%]
[Progress:================>             56%] [Cov:============>                      37%]
[Progress:================>             56%] [Cov:============>                      37%]
[Progress:================>             56%] [Cov:============>                      37%]
[Progress:================>             56%] [Cov:============>                      37%]
[Progress:================>             56%] [Cov:============>                      37%]
[Progress:================>             56%] [Cov:============>                      37%]
[Progress:================>             56%] [Cov:============>                      37%]
[Progress:=================>            58%] [Cov:============>                      37%]
[Progress:=================>            58%] [Cov:============>                      37%]
[Progress:=================>            58%] [Cov:============>                      37%]
[Progress:=================>            58%] [Cov:============>                      37%]
[Progress:=================>            58%] [Cov:============>                      37%]
[Progress:=================>            58%] [Cov:============>                      37%]
[Progress:=================>            58%] [Cov:============>                      37%]
[Progress:=================>            58%] [Cov:============>                      37%]
[Progress:=================>            58%] [Cov:============>                      37%]
[Progress:=================>            58%] [Cov:============>                      37%]
[Progress:=================>            58%] [Cov:============>                      37%]
[Progress:=================>            58%] [Cov:============>                      37%]
[Progress:=================>            58%] [Cov:============>                      37%]
[Progress:=================>            58%] [Cov:============>                      37%]
[Progress:==================>           60%] [Cov:============>                      37%]
[Progress:==================>           60%] [Cov:============>                      37%]
[Progress:==================>           60%] [Cov:============>                      37%]
[Progress:==================>           60%] [Cov:============>                      37%]
[Progress:==================>           60%] [Cov:============>                      37%]
[Progress:==================>           60%] [Cov:============>                      37%]
[Progress:==================>           60%] [Cov:============>                      37%]
[Progress:==================>           60%] [Cov:============>                      37%]
[Progress:==================>           60%] [Cov:============>                      37%]
[Progress:==================>           60%] [Cov:============>                      37%]
[Progress:==================>           60%] [Cov:============>                      37%]
[Progress:==================>           60%] [Cov:============>                      37%]
[Progress:==================>           60%] [Cov:============>                      37%]
[Progress:==================>           60%] [Cov:============>                      37%]
[Progress:==================>           61%] [Cov:============>                      37%]
[Progress:==================>           61%] [Cov:============>                      37%]
[Progress:==================>           61%] [Cov:============>                      37%]
[Progress:==================>           61%] [Cov:============>                      37%]
[Progress:==================>           61%] [Cov:============>                      37%]
[Progress:==================>           61%] [Cov:============>                      37%]
[Progress:==================>           61%] [Cov:============>                      37%]
[Progress:==================>           61%] [Cov:============>                      37%]
[Progress:==================>           61%] [Cov:============>                      37%]
[Progress:==================>           61%] [Cov:============>                      37%]
[Progress:==================>           61%] [Cov:============>                      37%]
[Progress:==================>           61%] [Cov:============>                      37%]
[Progress:==================>           61%] [Cov:============>                      37%]
[Progress:==================>           63%] [Cov:============>                      37%]
[Progress:==================>           63%] [Cov:============>                      37%]
[Progress:==================>           63%] [Cov:============>                      37%]
[Progress:==================>           63%] [Cov:============>                      37%]
[Progress:==================>           63%] [Cov:============>                      37%]
[Progress:==================>           63%] [Cov:============>                      37%]
[Progress:==================>           63%] [Cov:============>                      37%]
[Progress:==================>           63%] [Cov:============>                      37%]
[Progress:==================>           63%] [Cov:============>                      37%]
[Progress:==================>           63%] [Cov:============>                      37%]
[Progress:==================>           63%] [Cov:============>                      37%]
[Progress:==================>           63%] [Cov:============>                      37%]
[Progress:==================>           63%] [Cov:============>                      37%]
[Progress:===================>          65%] [Cov:============>                      37%]
[Progress:===================>          65%] [Cov:============>                      37%]
[Progress:===================>          65%] [Cov:============>                      37%]
[Progress:===================>          65%] [Cov:============>                      37%]
[Progress:===================>          65%] [Cov:============>                      37%]
[Progress:===================>          65%] [Cov:============>                      37%]
[Progress:===================>          65%] [Cov:============>                      37%]
[Progress:===================>          65%] [Cov:============>                      37%]
[Progress:===================>          65%] [Cov:============>                      37%]
[Progress:===================>          65%] [Cov:============>                      37%]
[Progress:===================>          65%] [Cov:============>                      37%]
[Progress:===================>          65%] [Cov:============>                      37%]
[Progress:===================>          66%] [Cov:============>                      37%]
[Progress:===================>          66%] [Cov:============>                      37%]
[Progress:===================>          66%] [Cov:============>                      37%]
[Progress:===================>          66%] [Cov:============>                      37%]
[Progress:===================>          66%] [Cov:============>                      37%]
[Progress:===================>          66%] [Cov:============>                      37%]
[Progress:===================>          66%] [Cov:============>                      37%]
[Progress:===================>          66%] [Cov:============>                      37%]
[Progress:===================>          66%] [Cov:============>                      37%]
[Progress:===================>          66%] [Cov:============>                      37%]
[Progress:===================>          66%] [Cov:============>                      37%]
[Progress:===================>          66%] [Cov:============>                      37%]
[Progress:===================>          66%] [Cov:============>                      37%]
[Progress:====================>         68%] [Cov:============>                      37%]
[Progress:====================>         68%] [Cov:============>                      37%]
[Progress:====================>         68%] [Cov:============>                      37%]
[Progress:====================>         68%] [Cov:============>                      37%]
[Progress:====================>         68%] [Cov:============>                      37%]
[Progress:====================>         68%] [Cov:============>                      37%]
[Progress:====================>         68%] [Cov:============>                      37%]
[Progress:====================>         68%] [Cov:============>                      37%]
[Progress:====================>         68%] [Cov:============>                      37%]
[Progress:====================>         68%] [Cov:============>                      37%]
[Progress:====================>         68%] [Cov:============>                      37%]
[Progress:====================>         68%] [Cov:============>                      37%]
[Progress:=====================>        70%] [Cov:============>                      37%]
[Progress:=====================>        70%] [Cov:============>                      37%]
[Progress:=====================>        70%] [Cov:============>                      37%]
[Progress:=====================>        70%] [Cov:============>                      37%]
[Progress:=====================>        70%] [Cov:============>                      37%]
[Progress:=====================>        70%] [Cov:============>                      37%]
[Progress:=====================>        70%] [Cov:============>                      37%]
[Progress:=====================>        70%] [Cov:============>                      37%]
[Progress:=====================>        70%] [Cov:============>                      37%]
[Progress:=====================>        70%] [Cov:============>                      37%]
[Progress:=====================>        70%] [Cov:============>                      37%]
[Progress:=====================>        70%] [Cov:============>                      37%]
[Progress:=====================>        71%] [Cov:============>                      37%]
[Progress:=====================>        71%] [Cov:============>                      37%]
[Progress:=====================>        71%] [Cov:============>                      37%]
[Progress:=====================>        71%] [Cov:============>                      37%]
[Progress:=====================>        71%] [Cov:============>                      37%]
[Progress:=====================>        71%] [Cov:============>                      37%]
[Progress:=====================>        71%] [Cov:============>                      37%]
[Progress:=====================>        71%] [Cov:============>                      37%]
[Progress:=====================>        71%] [Cov:============>                      37%]
[Progress:=====================>        71%] [Cov:============>                      37%]
[Progress:=====================>        71%] [Cov:============>                      37%]
[Progress:=====================>        71%] [Cov:============>                      37%]
[Progress:=====================>        73%] [Cov:============>                      37%]
[Progress:=====================>        73%] [Cov:============>                      37%]
[Progress:=====================>        73%] [Cov:============>                      37%]
[Progress:=====================>        73%] [Cov:============>                      37%]
[Progress:=====================>        73%] [Cov:============>                      37%]
[Progress:=====================>        73%] [Cov:============>                      37%]
[Progress:=====================>        73%] [Cov:============>                      37%]
[Progress:=====================>        73%] [Cov:============>                      37%]
[Progress:=====================>        73%] [Cov:============>                      37%]
[Progress:=====================>        73%] [Cov:============>                      37%]
[Progress:=====================>        73%] [Cov:============>                      37%]
[Progress:=====================>        73%] [Cov:============>                      37%]
[Progress:======================>       75%] [Cov:============>                      37%]
[Progress:======================>       75%] [Cov:============>                      37%]
[Progress:======================>       75%] [Cov:============>                      37%]
[Progress:======================>       75%] [Cov:============>                      37%]
[Progress:======================>       75%] [Cov:============>                      37%]
[Progress:======================>       75%] [Cov:============>                      37%]
[Progress:======================>       75%] [Cov:============>                      37%]
[Progress:======================>       75%] [Cov:============>                      37%]
[Progress:======================>       75%] [Cov:============>                      37%]
[Progress:======================>       75%] [Cov:============>                      37%]
[Progress:======================>       75%] [Cov:============>                      37%]
[Progress:======================>       75%] [Cov:============>                      37%]
[Progress:======================>       75%] [Cov:============>                      37%]
[Progress:======================>       76%] [Cov:============>                      37%]
[Progress:======================>       76%] [Cov:============>                      37%]
[Progress:======================>       76%] [Cov:============>                      37%]
[Progress:======================>       76%] [Cov:============>                      37%]
[Progress:======================>       76%] [Cov:============>                      37%]
[Progress:======================>       76%] [Cov:============>                      37%]
[Progress:======================>       76%] [Cov:============>                      37%]
[Progress:======================>       76%] [Cov:============>                      37%]
[Progress:======================>       76%] [Cov:============>                      37%]
[Progress:======================>       76%] [Cov:============>                      37%]
[Progress:======================>       76%] [Cov:============>                      37%]
[Progress:======================>       76%] [Cov:============>                      37%]
[Progress:======================>       76%] [Cov:============>                      37%]
[Progress:======================>       76%] [Cov:============>                      37%]
[Progress:=======================>      78%] [Cov:============>                      37%]
[Progress:=======================>      78%] [Cov:============>                      37%]
[Progress:=======================>      78%] [Cov:============>                      37%]
[Progress:=======================>      78%] [Cov:============>                      37%]
[Progress:=======================>      78%] [Cov:============>                      37%]
[Progress:=======================>      78%] [Cov:============>                      37%]
[Progress:=======================>      78%] [Cov:============>                      37%]
[Progress:=======================>      78%] [Cov:============>                      37%]
[Progress:=======================>      78%] [Cov:============>                      37%]
[Progress:=======================>      78%] [Cov:============>                      37%]
[Progress:=======================>      78%] [Cov:============>                      37%]
[Progress:=======================>      78%] [Cov:============>                      37%]
[Progress:========================>     80%] [Cov:============>                      37%]
[Progress:========================>     80%] [Cov:============>                      37%]
[Progress:========================>     80%] [Cov:============>                      37%]
[Progress:========================>     80%] [Cov:============>                      37%]
[Progress:========================>     80%] [Cov:============>                      37%]
[Progress:========================>     80%] [Cov:============>                      37%]
[Progress:========================>     80%] [Cov:============>                      37%]
[Progress:========================>     80%] [Cov:============>                      37%]
[Progress:========================>     80%] [Cov:============>                      37%]
[Progress:========================>     80%] [Cov:============>                      37%]
[Progress:========================>     80%] [Cov:============>                      37%]
[Progress:========================>     80%] [Cov:============>                      37%]
[Progress:========================>     80%] [Cov:============>                      37%]
[Progress:========================>     81%] [Cov:============>                      37%]
[Progress:========================>     81%] [Cov:============>                      37%]
[Progress:========================>     81%] [Cov:============>                      37%]
[Progress:========================>     81%] [Cov:============>                      37%]
[Progress:========================>     81%] [Cov:============>                      37%]
[Progress:========================>     81%] [Cov:============>                      37%]
[Progress:========================>     81%] [Cov:============>                      37%]
[Progress:========================>     81%] [Cov:============>                      37%]
[Progress:========================>     81%] [Cov:============>                      37%]
[Progress:========================>     81%] [Cov:============>                      37%]
[Progress:========================>     81%] [Cov:============>                      37%]
[Progress:========================>     81%] [Cov:============>                      37%]
[Progress:========================>     81%] [Cov:============>                      37%]
[Progress:========================>     83%] [Cov:============>                      37%]
[Progress:========================>     83%] [Cov:============>                      37%]
[Progress:========================>     83%] [Cov:============>                      37%]
[Progress:========================>     83%] [Cov:============>                      37%]
[Progress:========================>     83%] [Cov:============>                      37%]
[Progress:========================>     83%] [Cov:============>                      37%]
[Progress:========================>     83%] [Cov:============>                      37%]
[Progress:========================>     83%] [Cov:============>                      37%]
[Progress:========================>     83%] [Cov:============>                      37%]
[Progress:========================>     83%] [Cov:============>                      37%]
[Progress:========================>     83%] [Cov:============>                      37%]
[Progress:========================>     83%] [Cov:============>                      37%]
[Progress:=========================>    85%] [Cov:============>                      37%]
[Progress:=========================>    85%] [Cov:============>                      37%]
[Progress:=========================>    85%] [Cov:============>                      37%]
[Progress:=========================>    85%] [Cov:============>                      37%]
[Progress:=========================>    85%] [Cov:============>                      37%]
[Progress:=========================>    85%] [Cov:============>                      37%]
[Progress:=========================>    85%] [Cov:============>                      37%]
[Progress:=========================>    85%] [Cov:============>                      37%]
[Progress:=========================>    85%] [Cov:============>                      37%]
[Progress:=========================>    85%] [Cov:============>                      37%]
[Progress:=========================>    85%] [Cov:============>                      37%]
[Progress:=========================>    85%] [Cov:============>                      37%]
[Progress:=========================>    85%] [Cov:============>                      37%]
[Progress:=========================>    85%] [Cov:============>                      37%]
[Progress:=========================>    86%] [Cov:============>                      37%]
[Progress:=========================>    86%] [Cov:============>                      37%]
[Progress:=========================>    86%] [Cov:============>                      37%]
[Progress:=========================>    86%] [Cov:============>                      37%]
[Progress:=========================>    86%] [Cov:============>                      37%]
[Progress:=========================>    86%] [Cov:============>                      37%]
[Progress:=========================>    86%] [Cov:============>                      37%]
[Progress:=========================>    86%] [Cov:============>                      37%]
[Progress:=========================>    86%] [Cov:============>                      37%]
[Progress:=========================>    86%] [Cov:============>                      37%]
[Progress:=========================>    86%] [Cov:============>                      37%]
[Progress:=========================>    86%] [Cov:============>                      37%]
[Progress:==========================>   88%] [Cov:============>                      37%]
[Progress:==========================>   88%] [Cov:============>                      37%]
[Progress:==========================>   88%] [Cov:============>                      37%]
[Progress:==========================>   88%] [Cov:============>                      37%]
[Progress:==========================>   88%] [Cov:============>                      37%]
[Progress:==========================>   88%] [Cov:============>                      37%]
[Progress:==========================>   88%] [Cov:============>                      37%]
[Progress:==========================>   88%] [Cov:============>                      37%]
[Progress:==========================>   88%] [Cov:============>                      37%]
[Progress:==========================>   88%] [Cov:============>                      37%]
[Progress:==========================>   88%] [Cov:============>                      37%]
[Progress:==========================>   88%] [Cov:============>                      37%]
[Progress:==========================>   88%] [Cov:============>                      37%]
[Progress:==========================>   88%] [Cov:============>                      37%]
[Progress:===========================>  90%] [Cov:============>                      37%]
[Progress:===========================>  90%] [Cov:============>                      37%]
[Progress:===========================>  90%] [Cov:============>                      37%]
[Progress:===========================>  90%] [Cov:============>                      37%]
[Progress:===========================>  90%] [Cov:============>                      37%]
[Progress:===========================>  90%] [Cov:============>                      37%]
[Progress:===========================>  90%] [Cov:============>                      37%]
[Progress:===========================>  90%] [Cov:============>                      37%]
[Progress:===========================>  90%] [Cov:============>                      37%]
[Progress:===========================>  90%] [Cov:============>                      37%]
[Progress:===========================>  90%] [Cov:============>                      37%]
[Progress:===========================>  90%] [Cov:============>                      37%]
[Progress:===========================>  91%] [Cov:============>                      37%]
[Progress:===========================>  91%] [Cov:============>                      37%]
[Progress:===========================>  91%] [Cov:============>                      37%]
[Progress:===========================>  91%] [Cov:============>                      37%]
[Progress:===========================>  91%] [Cov:============>                      37%]
[Progress:===========================>  91%] [Cov:============>                      37%]
[Progress:===========================>  91%] [Cov:============>                      37%]
[Progress:===========================>  91%] [Cov:============>                      37%]
[Progress:===========================>  91%] [Cov:============>                      37%]
[Progress:===========================>  91%] [Cov:============>                      37%]
[Progress:===========================>  91%] [Cov:============>                      37%]
[Progress:===========================>  91%] [Cov:============>                      37%]
[Progress:===========================>  91%] [Cov:============>                      37%]
[Progress:===========================>  93%] [Cov:============>                      37%]
[Progress:===========================>  93%] [Cov:============>                      37%]
[Progress:===========================>  93%] [Cov:============>                      37%]
[Progress:===========================>  93%] [Cov:============>                      37%]
[Progress:===========================>  93%] [Cov:============>                      37%]
[Progress:===========================>  93%] [Cov:============>                      37%]
[Progress:===========================>  93%] [Cov:============>                      37%]
[Progress:===========================>  93%] [Cov:============>                      37%]
[Progress:===========================>  93%] [Cov:============>                      37%]
[Progress:===========================>  93%] [Cov:============>                      37%]
[Progress:===========================>  93%] [Cov:============>                      37%]
[Progress:===========================>  93%] [Cov:============>                      37%]
[Progress:============================> 95%] [Cov:============>                      37%]
[Progress:============================> 95%] [Cov:============>                      37%]
[Progress:============================> 95%] [Cov:============>                      37%]
[Progress:============================> 95%] [Cov:============>                      37%]
[Progress:============================> 95%] [Cov:============>                      37%]
[Progress:============================> 95%] [Cov:============>                      37%]
[Progress:============================> 95%] [Cov:============>                      37%]
[Progress:============================> 95%] [Cov:============>                      37%]
[Progress:============================> 95%] [Cov:============>                      37%]
[Progress:============================> 95%] [Cov:============>                      37%]
[Progress:============================> 95%] [Cov:============>                      37%]
[Progress:============================> 95%] [Cov:============>                      37%]
[Progress:============================> 95%] [Cov:============>                      37%]
[Progress:============================> 96%] [Cov:============>                      37%]
[Progress:============================> 96%] [Cov:============>                      37%]
[Progress:============================> 96%] [Cov:============>                      37%]
[Progress:============================> 96%] [Cov:============>                      37%]
[Progress:============================> 96%] [Cov:============>                      37%]
[Progress:============================> 96%] [Cov:============>                      37%]
[Progress:============================> 96%] [Cov:============>                      37%]
[Progress:============================> 96%] [Cov:============>                      37%]
[Progress:============================> 96%] [Cov:============>                      37%]
[Progress:============================> 96%] [Cov:============>                      37%]
[Progress:============================> 96%] [Cov:============>                      37%]
[Progress:============================> 96%] [Cov:============>                      37%]
[Progress:=============================>98%] [Cov:============>                      37%]
[Progress:=============================>98%] [Cov:============>                      37%]
[Progress:=============================>98%] [Cov:============>                      37%]
[Progress:=============================>98%] [Cov:============>                      37%]
[Progress:=============================>98%] [Cov:============>                      37%]
[Progress:=============================>98%] [Cov:============>                      37%]
[Progress:=============================>98%] [Cov:============>                      37%]
[Progress:=============================>98%] [Cov:============>                      37%]
[Progress:=============================>98%] [Cov:============>                      37%]
[Progress:=============================>98%] [Cov:============>                      37%]
[Progress:=============================>98%] [Cov:============>                      37%]
[Progress:=============================>98%] [Cov:============>                      37%]
[Progress:=============================>98%] [Cov:============>                      37%]
[Progress:=============================>98%] [Cov:============>                      37%]
[Progress:==============================100%] [Cov:============>                      37%]
[Progress:==============================100%] [Cov:============>                      37%]
[Progress:==============================100%] [Cov:============>                      37%]
[Progress:==============================100%] [Cov:============>                      37%]
[Progress:==============================100%] [Cov:============>                      37%]
[Progress:==============================100%] [Cov:============>                      37%]
[Progress:==============================100%] [Cov:============>                      37%]
[Progress:==============================100%] [Cov:============>                      37%]
[Progress:==============================100%] [Cov:============>                      37%]
[Progress:==============================100%] [Cov:============>                      37%]
[Progress:==============================100%] [Cov:============>                      37%]
[Progress:==============================100%] [Cov:============>                      37%]
[Progress:==============================100%] [Cov:============>                      37%]
[Progress:==============================100%] [Cov:============>                      37%]
[Progress:==============================100%] [Cov:============>                      37%]
* Search finished after 61s and 671 generations, 79625 statements, best individual has fitness: 367.33003300330034
* Minimizing test suite
* Going to analyze the coverage criteria
* Coverage analysis for criterion LINE
* Coverage of criterion LINE: 11%
* Total number of goals: 339
* Number of covered goals: 37
* Coverage analysis for criterion BRANCH
* Coverage of criterion BRANCH: 2%
* Total number of goals: 205
* Number of covered goals: 5
* Coverage analysis for criterion EXCEPTION
* Coverage of criterion EXCEPTION: 100%
* Total number of goals: 2
* Number of covered goals: 2
* Generated 3 tests with total length 9
* Resulting test suite's coverage: 38% (average coverage for all fitness functions)
* Generating assertions
* Resulting test suite's mutation score: 1%
* Compiling and checking tests
* Writing tests to file
* Writing JUnit test case 'LevenbergMarquardtOptimizer_ESTest' to /work/evo_out/Math_68f/budget60_seed1/tests
* Done!

* Computation finished

[exit=0 timeout=False time=68.5s]

$ javac -nowarn -cp /work/Math_68f/target/classes:/opt/defects4j/framework/projects/lib/junit-4.12-hamcrest-1.3.jar:/work/Math_68f/target/classes:/work/Math_68f/target/test-classes:/opt/evosuite/evosuite-standalone-runtime-1.2.0.jar -d /work/evo_out/Math_68f/budget60_seed1/classes /work/evo_out/Math_68f/budget60_seed1/tests/org/apache/commons/math/optimization/general/LevenbergMarquardtOptimizer_ESTest.java /work/evo_out/Math_68f/budget60_seed1/tests/org/apache/commons/math/optimization/general/LevenbergMarquardtOptimizer_ESTest_scaffolding.java

[exit=0 timeout=False time=0.7s]

$ java -jar /opt/jacoco/lib/jacococli.jar instrument /work/Math_68f/target/classes --dest /work/evo_out/Math_68f/budget60_seed1/instrumented
[INFO] 571 classes instrumented to /work/evo_out/Math_68f/budget60_seed1/instrumented.

[exit=0 timeout=False time=0.6s]

$ java -Djacoco-agent.destfile=/workspace/EvoSuite/Result_Round1/Math_68/budget60_seed1/jacoco.exec -cp /work/evo_out/Math_68f/budget60_seed1/instrumented:/work/evo_out/Math_68f/budget60_seed1/classes:/opt/defects4j/framework/projects/lib/junit-4.12-hamcrest-1.3.jar:/work/Math_68f/target/classes:/work/Math_68f/target/test-classes:/opt/evosuite/evosuite-standalone-runtime-1.2.0.jar:/opt/jacoco/lib/jacocoagent.jar org.junit.runner.JUnitCore org.apache.commons.math.optimization.general.LevenbergMarquardtOptimizer_ESTest
JUnit version 4.12
...
Time: 0.836

OK (3 tests)

SLF4J: Failed to load class "org.slf4j.impl.StaticLoggerBinder".
SLF4J: Defaulting to no-operation (NOP) logger implementation
SLF4J: See http://www.slf4j.org/codes.html#StaticLoggerBinder for further details.
WARNING: An illegal reflective access operation has occurred
WARNING: Illegal reflective access by org.evosuite.runtime.GuiSupport (file:/opt/evosuite/evosuite-standalone-runtime-1.2.0.jar) to field java.awt.GraphicsEnvironment.headless
WARNING: Please consider reporting this to the maintainers of org.evosuite.runtime.GuiSupport
WARNING: Use --illegal-access=warn to enable warnings of further illegal reflective access operations
WARNING: All illegal access operations will be denied in a future release

[exit=0 timeout=False time=1.1s]

$ java -jar /opt/jacoco/lib/jacococli.jar report /workspace/EvoSuite/Result_Round1/Math_68/budget60_seed1/jacoco.exec --classfiles /work/Math_68f/target/classes --csv /workspace/EvoSuite/Result_Round1/Math_68/budget60_seed1/jacoco.csv
[INFO] Loading execution data file /workspace/EvoSuite/Result_Round1/Math_68/budget60_seed1/jacoco.exec.
[INFO] Analyzing 436 classes.

[exit=0 timeout=False time=0.6s]

$ java -cp /work/evo_out/Math_68f/budget60_seed1/classes:/opt/defects4j/framework/projects/lib/junit-4.12-hamcrest-1.3.jar:/work/Math_68b/target/classes:/work/Math_68b/target/test-classes:/opt/evosuite/evosuite-standalone-runtime-1.2.0.jar org.junit.runner.JUnitCore org.apache.commons.math.optimization.general.LevenbergMarquardtOptimizer_ESTest
JUnit version 4.12
...
Time: 0.877

OK (3 tests)

SLF4J: Failed to load class "org.slf4j.impl.StaticLoggerBinder".
SLF4J: Defaulting to no-operation (NOP) logger implementation
SLF4J: See http://www.slf4j.org/codes.html#StaticLoggerBinder for further details.
WARNING: An illegal reflective access operation has occurred
WARNING: Illegal reflective access by org.evosuite.runtime.GuiSupport (file:/opt/evosuite/evosuite-standalone-runtime-1.2.0.jar) to field java.awt.GraphicsEnvironment.headless
WARNING: Please consider reporting this to the maintainers of org.evosuite.runtime.GuiSupport
WARNING: Use --illegal-access=warn to enable warnings of further illegal reflective access operations
WARNING: All illegal access operations will be denied in a future release

[exit=0 timeout=False time=1.1s]
