
$ defects4j compile -w /work/Closure_119f
Running ant (compile)...................................................... OK
Running ant (compile.tests)................................................ OK

[exit=0 timeout=False time=3.2s]

$ defects4j compile -w /work/Closure_119b
Running ant (compile)...................................................... OK
Running ant (compile.tests)................................................ OK

[exit=0 timeout=False time=3.3s]

$ java -Djava.awt.headless=true -cp /opt/defects4j/framework/projects/lib/junit-4.12-hamcrest-1.3.jar:/opt/evosuite/evosuite-1.2.0.jar:/work/Closure_119f/build/classes:/work/Closure_119f/lib/args4j.jar:/work/Closure_119f/lib/guava.jar:/work/Closure_119f/lib/json.jar:/work/Closure_119f/lib/jsr305.jar:/work/Closure_119f/lib/protobuf-java.jar:/work/Closure_119f/build/lib/rhino.jar:/work/Closure_119f/lib/ant.jar:/work/Closure_119f/lib/ant-launcher.jar:/work/Closure_119f/lib/caja-r4314.jar:/work/Closure_119f/lib/jarjar.jar:/work/Closure_119f/build/test org.evosuite.EvoSuite -generateSuite -class com.google.javascript.jscomp.GlobalNamespace -projectCP /opt/defects4j/framework/projects/lib/junit-4.12-hamcrest-1.3.jar:/work/Closure_119f/build/classes:/work/Closure_119f/lib/args4j.jar:/work/Closure_119f/lib/guava.jar:/work/Closure_119f/lib/json.jar:/work/Closure_119f/lib/jsr305.jar:/work/Closure_119f/lib/protobuf-java.jar:/work/Closure_119f/build/lib/rhino.jar:/work/Closure_119f/lib/ant.jar:/work/Closure_119f/lib/ant-launcher.jar:/work/Closure_119f/lib/caja-r4314.jar:/work/Closure_119f/lib/jarjar.jar:/work/Closure_119f/build/test -Dcriterion=LINE:BRANCH:EXCEPTION -Dsearch_budget=120 -seed 1 -Dtest_dir=/work/evo_out/Closure_119f/budget120_seed1/tests -Dreport_dir=/work/evo_out/Closure_119f/budget120_seed1/report
* EvoSuite 1.2.0
* Going to generate test cases for class: com.google.javascript.jscomp.GlobalNamespace
* Starting Client-0
* Connecting to master process on port 9922
* Analyzing classpath: 
  - /opt/defects4j/framework/projects/lib/junit-4.12-hamcrest-1.3.jar
  - /work/Closure_119f/build/classes
  - /work/Closure_119f/lib/args4j.jar
  - /work/Closure_119f/lib/guava.jar
  - /work/Closure_119f/lib/json.jar
  - /work/Closure_119f/lib/jsr305.jar
  - /work/Closure_119f/lib/protobuf-java.jar
  - /work/Closure_119f/build/lib/rhino.jar
  - /work/Closure_119f/lib/ant.jar
  - /work/Closure_119f/lib/ant-launcher.jar
  - /work/Closure_119f/lib/caja-r4314.jar
  - /work/Closure_119f/lib/jarjar.jar
  - /work/Closure_119f/build/test
[MASTER] 08:48:36.317 [logback-1] WARN  InheritanceTree - Class not in inheritance graph: java.util.Locale$IsoCountryCode
[MASTER] 08:48:36.367 [logback-1] WARN  InheritanceTree - Class not in inheritance graph: java.io.ObjectInputFilter
[MASTER] 08:48:36.835 [logback-1] WARN  InheritanceTree - Class not in inheritance graph: java.lang.module.ModuleFinder
* Finished analyzing classpath
* Generating tests for class com.google.javascript.jscomp.GlobalNamespace
* Test criteria:
  - Line Coverage
  - Branch Coverage
  - Exception
* Setting up search algorithm for whole suite generation
* Total number of test goals: 
  - Line 481
  - Branch 497
  - Exception 0

[Progress:>                             0%] [Cov:>                                  0%]* Using seed 1
* Starting evolution
[MASTER] 08:48:37.974 [logback-1] WARN  TestCluster - Failed to check cache for java.lang.Comparable<T> : Type points to itself

[Progress:>                             1%] [Cov:>                                  1%]
[Progress:>                             1%] [Cov:>                                  2%]
[Progress:>                             1%] [Cov:============>                      35%][MASTER] 08:48:39.484 [logback-1] WARN  MSecurityManager - SUT asked for a runtime permission that EvoSuite does not recognize: getStackWalkerWithClassReference

[Progress:>                             1%] [Cov:============>                      36%]
[Progress:>                             2%] [Cov:=>                                 3%]
[Progress:>                             2%] [Cov:=>                                 4%]
[Progress:>                             2%] [Cov:============>                      37%]
[Progress:=>                            6%] [Cov:>                                  2%]
[Progress:=>                            6%] [Cov:=>                                 3%]
[Progress:=>                            6%] [Cov:============>                      36%]
[Progress:=>                            6%] [Cov:=============>                     38%]
[Progress:=>                            6%] [Cov:============>                      35%]
[Progress:=>                            6%] [Cov:============>                      36%]
[Progress:=>                            6%] [Cov:============>                      37%]
[Progress:==>                           7%] [Cov:===============>                   44%]
[Progress:==>                           7%] [Cov:===============>                   44%]
[Progress:==>                           7%] [Cov:===============>                   44%]
[Progress:==>                           7%] [Cov:===============>                   44%]
[Progress:==>                           7%] [Cov:===============>                   44%]
[Progress:==>                           8%] [Cov:===============>                   45%]
[Progress:==>                           8%] [Cov:===============>                   45%]
[Progress:==>                           8%] [Cov:===============>                   45%]
[Progress:==>                           8%] [Cov:===============>                   45%]
[Progress:==>                           8%] [Cov:===============>                   45%]
[Progress:==>                           9%] [Cov:===============>                   45%]
[Progress:==>                           9%] [Cov:================>                  46%]
[Progress:==>                           9%] [Cov:================>                  46%]
[Progress:==>                           9%] [Cov:================>                  46%]
[Progress:===>                          10%] [Cov:================>                  46%]
[Progress:===>                          10%] [Cov:================>                  47%]
[Progress:===>                          10%] [Cov:================>                  47%]
[Progress:===>                          10%] [Cov:================>                  47%]
[Progress:===>                          10%] [Cov:================>                  48%]
[Progress:===>                          10%] [Cov:================>                  48%]
[Progress:===>                          10%] [Cov:================>                  48%]
[Progress:===>                          11%] [Cov:================>                  48%]
[Progress:===>                          11%] [Cov:=================>                 49%]
[Progress:===>                          11%] [Cov:=================>                 49%]
[Progress:===>                          11%] [Cov:=================>                 49%]
[Progress:===>                          12%] [Cov:=================>                 49%]
[Progress:====>                         16%] [Cov:=================>                 49%]
[Progress:====>                         16%] [Cov:=================>                 50%]
[Progress:====>                         16%] [Cov:=================>                 50%]
[Progress:====>                         16%] [Cov:=================>                 50%]
[Progress:=====>                        17%] [Cov:=================>                 50%]
[Progress:=====>                        17%] [Cov:=================>                 50%]
[Progress:=====>                        17%] [Cov:=================>                 50%]
[Progress:=====>                        18%] [Cov:=================>                 50%]
[Progress:=====>                        18%] [Cov:=================>                 50%]
[Progress:=====>                        18%] [Cov:=================>                 51%]
[Progress:=====>                        19%] [Cov:=================>                 51%]
[Progress:=====>                        19%] [Cov:==================>                52%]
[Progress:=====>                        19%] [Cov:==================>                52%]
[Progress:======>                       20%] [Cov:==================>                52%]
[Progress:======>                       20%] [Cov:==================>                52%]
[Progress:======>                       20%] [Cov:==================>                52%]
[Progress:======>                       20%] [Cov:==================>                52%]
[Progress:======>                       20%] [Cov:==================>                52%]
[Progress:======>                       20%] [Cov:==================>                52%]
[Progress:=======>                      25%] [Cov:==================>                52%]
[Progress:========>                     29%] [Cov:==================>                52%]
[Progress:=========>                    30%] [Cov:==================>                52%]
[Progress:=========>                    30%] [Cov:==================>                52%]
[Progress:=========>                    30%] [Cov:==================>                52%]
[Progress:=========>                    30%] [Cov:==================>                52%]
[Progress:=========>                    31%] [Cov:==================>                52%]
[Progress:=========>                    31%] [Cov:==================>                52%]
[Progress:=========>                    31%] [Cov:==================>                53%]
[Progress:=========>                    31%] [Cov:==================>                53%]
[Progress:=========>                    32%] [Cov:==================>                53%]
[Progress:=========>                    32%] [Cov:==================>                53%]
[Progress:=========>                    32%] [Cov:==================>                53%]
[Progress:=========>                    32%] [Cov:==================>                53%]
[Progress:=========>                    33%] [Cov:==================>                53%]
[Progress:=========>                    33%] [Cov:==================>                53%]
[Progress:=========>                    33%] [Cov:==================>                53%]
[Progress:==========>                   34%] [Cov:==================>                53%]
[Progress:==========>                   34%] [Cov:==================>                53%]
[Progress:==========>                   34%] [Cov:==================>                53%]
[Progress:==========>                   34%] [Cov:==================>                53%]
[Progress:==========>                   35%] [Cov:==================>                53%]
[Progress:==========>                   35%] [Cov:==================>                53%]
[Progress:==========>                   35%] [Cov:==================>                53%]
[Progress:==========>                   35%] [Cov:==================>                53%]
[Progress:==========>                   35%] [Cov:==================>                53%]
[Progress:==========>                   36%] [Cov:==================>                53%]
[Progress:==========>                   36%] [Cov:==================>                53%]
[Progress:==========>                   36%] [Cov:==================>                53%]
[Progress:==========>                   36%] [Cov:==================>                53%]
[Progress:===========>                  37%] [Cov:==================>                53%]
[Progress:===========>                  37%] [Cov:==================>                53%]
[Progress:===========>                  38%] [Cov:==================>                53%]
[Progress:===========>                  38%] [Cov:==================>                53%]
[Progress:===========>                  38%] [Cov:==================>                54%]
[Progress:===========>                  39%] [Cov:==================>                54%]
[Progress:===========>                  39%] [Cov:==================>                54%]
[Progress:===========>                  39%] [Cov:==================>                54%]
[Progress:============>                 40%] [Cov:==================>                54%]
[Progress:============>                 40%] [Cov:==================>                54%]
[Progress:============>                 40%] [Cov:==================>                54%]
[Progress:============>                 40%] [Cov:==================>                54%]
[Progress:============>                 41%] [Cov:==================>                54%]
[Progress:============>                 41%] [Cov:==================>                54%]
[Progress:============>                 41%] [Cov:==================>                54%]
[Progress:============>                 42%] [Cov:==================>                54%]
[Progress:============>                 42%] [Cov:==================>                54%]
[Progress:============>                 42%] [Cov:==================>                54%]
[Progress:============>                 43%] [Cov:==================>                54%]
[Progress:============>                 43%] [Cov:==================>                54%]
[Progress:============>                 43%] [Cov:==================>                54%]
[Progress:=============>                44%] [Cov:==================>                54%]
[Progress:=============>                44%] [Cov:==================>                54%]
[Progress:=============>                44%] [Cov:==================>                54%]
[Progress:=============>                45%] [Cov:==================>                54%]
[Progress:=============>                45%] [Cov:==================>                54%]
[Progress:=============>                45%] [Cov:==================>                54%]
[Progress:=============>                45%] [Cov:==================>                54%]
[Progress:===============>              50%] [Cov:==================>                54%]
[Progress:===============>              50%] [Cov:==================>                54%]
[Progress:===============>              50%] [Cov:==================>                54%]
[Progress:===============>              51%] [Cov:==================>                54%]
[Progress:===============>              51%] [Cov:==================>                54%]
[Progress:===============>              52%] [Cov:==================>                54%]
[Progress:================>             56%] [Cov:==================>                54%]
[Progress:================>             56%] [Cov:==================>                54%]
[Progress:================>             56%] [Cov:==================>                54%]
[Progress:=================>            57%] [Cov:==================>                54%]
[Progress:=================>            57%] [Cov:==================>                54%]
[Progress:=================>            57%] [Cov:==================>                54%]
[Progress:=================>            58%] [Cov:==================>                54%]
[Progress:=================>            58%] [Cov:==================>                54%]
[Progress:=================>            59%] [Cov:==================>                54%]
[Progress:=================>            59%] [Cov:==================>                54%]
[Progress:=================>            59%] [Cov:==================>                54%]
[Progress:==================>           60%] [Cov:==================>                54%]
[Progress:==================>           60%] [Cov:==================>                54%]
[Progress:==================>           60%] [Cov:==================>                54%]
[Progress:==================>           60%] [Cov:==================>                54%]
[Progress:==================>           60%] [Cov:==================>                54%]
[Progress:==================>           61%] [Cov:==================>                54%]
[Progress:==================>           61%] [Cov:==================>                54%]
[Progress:==================>           62%] [Cov:==================>                54%]
[Progress:==================>           63%] [Cov:==================>                54%]
[Progress:==================>           63%] [Cov:===================>               55%]
[Progress:===================>          64%] [Cov:===================>               55%]
[Progress:===================>          64%] [Cov:===================>               55%]
[Progress:===================>          65%] [Cov:===================>               55%]
[Progress:===================>          65%] [Cov:===================>               55%]
[Progress:===================>          65%] [Cov:===================>               55%]
[Progress:===================>          65%] [Cov:===================>               55%]
[Progress:===================>          66%] [Cov:===================>               55%]
[Progress:===================>          66%] [Cov:===================>               55%]
[Progress:===================>          66%] [Cov:===================>               55%]
[Progress:====================>         67%] [Cov:===================>               55%]
[Progress:====================>         67%] [Cov:===================>               55%]
[Progress:====================>         68%] [Cov:===================>               55%]
[Progress:====================>         68%] [Cov:===================>               55%]
[Progress:====================>         69%] [Cov:===================>               55%]
[Progress:====================>         69%] [Cov:===================>               55%]
[Progress:=====================>        70%] [Cov:===================>               55%]
[Progress:=====================>        70%] [Cov:===================>               55%]
[Progress:=====================>        70%] [Cov:===================>               55%]
[Progress:=====================>        70%] [Cov:===================>               55%]
[Progress:=====================>        70%] [Cov:===================>               55%]
[Progress:=====================>        71%] [Cov:===================>               55%]
[Progress:=====================>        71%] [Cov:===================>               55%]
[Progress:=====================>        72%] [Cov:===================>               55%]
[Progress:=====================>        72%] [Cov:===================>               55%]
[Progress:=====================>        72%] [Cov:===================>               56%]
[Progress:=====================>        73%] [Cov:===================>               56%]
[Progress:=====================>        73%] [Cov:===================>               56%]
[Progress:======================>       74%] [Cov:===================>               56%]
[Progress:======================>       74%] [Cov:===================>               56%]
[Progress:======================>       75%] [Cov:===================>               56%]
[Progress:======================>       75%] [Cov:===================>               56%]
[Progress:======================>       75%] [Cov:===================>               56%]
[Progress:======================>       75%] [Cov:===================>               56%]
[Progress:======================>       75%] [Cov:===================>               56%]
[Progress:======================>       76%] [Cov:===================>               56%]
[Progress:======================>       76%] [Cov:===================>               56%]
[Progress:=======================>      77%] [Cov:===================>               56%]
[Progress:=======================>      77%] [Cov:===================>               56%]
[Progress:=======================>      78%] [Cov:===================>               56%]
[Progress:=======================>      78%] [Cov:===================>               56%]
[Progress:=======================>      79%] [Cov:===================>               56%]
[Progress:=======================>      79%] [Cov:===================>               56%]
[Progress:========================>     80%] [Cov:===================>               56%]
[Progress:========================>     80%] [Cov:===================>               56%]
[Progress:========================>     80%] [Cov:===================>               56%]
[Progress:========================>     80%] [Cov:===================>               56%]
[Progress:========================>     81%] [Cov:===================>               56%]
[Progress:========================>     81%] [Cov:===================>               56%]
[Progress:========================>     81%] [Cov:===================>               57%]
[Progress:========================>     82%] [Cov:===================>               57%]
[Progress:========================>     83%] [Cov:===================>               57%]
[Progress:========================>     83%] [Cov:===================>               57%]
[Progress:========================>     83%] [Cov:===================>               57%]
[Progress:=========================>    84%] [Cov:===================>               57%]
[Progress:=========================>    84%] [Cov:===================>               57%]
[Progress:=========================>    85%] [Cov:===================>               57%]
[Progress:=========================>    85%] [Cov:===================>               57%]
[Progress:=========================>    85%] [Cov:===================>               57%]
[Progress:=========================>    86%] [Cov:===================>               57%]
[Progress:=========================>    86%] [Cov:===================>               57%]
[Progress:==========================>   87%] [Cov:===================>               57%]
[Progress:==========================>   87%] [Cov:===================>               57%]
[Progress:==========================>   88%] [Cov:===================>               57%]
[Progress:==========================>   88%] [Cov:===================>               57%]
[Progress:==========================>   88%] [Cov:===================>               57%]
[Progress:==========================>   89%] [Cov:===================>               57%]
[Progress:==========================>   89%] [Cov:===================>               57%]
[Progress:===========================>  90%] [Cov:===================>               57%]
[Progress:===========================>  90%] [Cov:===================>               57%]
[Progress:===========================>  90%] [Cov:===================>               57%]
[Progress:===========================>  90%] [Cov:===================>               57%]
[Progress:===========================>  91%] [Cov:===================>               57%]
[Progress:===========================>  91%] [Cov:===================>               57%]
[Progress:===========================>  92%] [Cov:===================>               57%]
[Progress:===========================>  92%] [Cov:===================>               57%]
[Progress:===========================>  93%] [Cov:===================>               57%]
[Progress:===========================>  93%] [Cov:===================>               57%]
[Progress:============================> 94%] [Cov:===================>               57%]
[Progress:============================> 94%] [Cov:===================>               57%]
[Progress:============================> 94%] [Cov:===================>               57%]
[Progress:============================> 95%] [Cov:===================>               57%]
[Progress:============================> 95%] [Cov:===================>               57%]
[Progress:============================> 95%] [Cov:===================>               57%]
[Progress:============================> 96%] [Cov:===================>               57%]
[Progress:============================> 96%] [Cov:===================>               57%]
[Progress:=============================>97%] [Cov:===================>               57%]
[Progress:=============================>97%] [Cov:===================>               57%]
[Progress:==============================100%] [Cov:===================>               57%]
[Progress:==============================100%] [Cov:===================>               57%]
* Search finished after 122s and 150 generations, 71150 statements, best individual has fitness: 566.3833475603681
* Minimizing test suite
* Going to analyze the coverage criteria
* Coverage analysis for criterion LINE
* Coverage of criterion LINE: 43%
* Total number of goals: 481
* Number of covered goals: 207
* Coverage analysis for criterion BRANCH
* Coverage of criterion BRANCH: 31%
* Total number of goals: 497
* Number of covered goals: 152
* Coverage analysis for criterion EXCEPTION
* Coverage of criterion EXCEPTION: 100%
* Total number of goals: 14
* Number of covered goals: 14
* Generated 79 tests with total length 290
* Resulting test suite's coverage: 58% (average coverage for all fitness functions)
* Generating assertions
* Resulting test suite's mutation score: 17%
* Compiling and checking tests
* Permissions denied during test execution: 
  - java.lang.RuntimePermission: 
         getStackWalkerWithClassReference: 1
         writeFileDescriptor: 2
* Writing tests to file
* Writing JUnit test case 'GlobalNamespace_ESTest' to /work/evo_out/Closure_119f/budget120_seed1/tests
* Done!

* Computation finished

[exit=0 timeout=False time=185.6s]

$ javac -nowarn -cp /work/Closure_119f/build/classes:/opt/defects4j/framework/projects/lib/junit-4.12-hamcrest-1.3.jar:/work/Closure_119f/build/classes:/work/Closure_119f/lib/args4j.jar:/work/Closure_119f/lib/guava.jar:/work/Closure_119f/lib/json.jar:/work/Closure_119f/lib/jsr305.jar:/work/Closure_119f/lib/protobuf-java.jar:/work/Closure_119f/build/lib/rhino.jar:/work/Closure_119f/lib/ant.jar:/work/Closure_119f/lib/ant-launcher.jar:/work/Closure_119f/lib/caja-r4314.jar:/work/Closure_119f/lib/jarjar.jar:/work/Closure_119f/build/test:/opt/evosuite/evosuite-standalone-runtime-1.2.0.jar -d /work/evo_out/Closure_119f/budget120_seed1/classes /work/evo_out/Closure_119f/budget120_seed1/tests/com/google/javascript/jscomp/GlobalNamespace_ESTest.java /work/evo_out/Closure_119f/budget120_seed1/tests/com/google/javascript/jscomp/GlobalNamespace_ESTest_scaffolding.java
Note: /work/evo_out/Closure_119f/budget120_seed1/tests/com/google/javascript/jscomp/GlobalNamespace_ESTest.java uses unchecked or unsafe operations.
Note: Recompile with -Xlint:unchecked for details.

[exit=0 timeout=False time=0.9s]

$ java -jar /opt/jacoco/lib/jacococli.jar instrument /work/Closure_119f/build/classes --dest /work/evo_out/Closure_119f/budget120_seed1/instrumented
[INFO] 1427 classes instrumented to /work/evo_out/Closure_119f/budget120_seed1/instrumented.

[exit=0 timeout=False time=0.8s]

$ java -Djacoco-agent.destfile=/workspace/EvoSuite/Result_Round2/Closure_119/budget120_seed1/jacoco.exec -cp /work/evo_out/Closure_119f/budget120_seed1/instrumented:/work/evo_out/Closure_119f/budget120_seed1/classes:/opt/defects4j/framework/projects/lib/junit-4.12-hamcrest-1.3.jar:/work/Closure_119f/build/classes:/work/Closure_119f/lib/args4j.jar:/work/Closure_119f/lib/guava.jar:/work/Closure_119f/lib/json.jar:/work/Closure_119f/lib/jsr305.jar:/work/Closure_119f/lib/protobuf-java.jar:/work/Closure_119f/build/lib/rhino.jar:/work/Closure_119f/lib/ant.jar:/work/Closure_119f/lib/ant-launcher.jar:/work/Closure_119f/lib/caja-r4314.jar:/work/Closure_119f/lib/jarjar.jar:/work/Closure_119f/build/test:/opt/evosuite/evosuite-standalone-runtime-1.2.0.jar:/opt/jacoco/lib/jacocoagent.jar org.junit.runner.JUnitCore com.google.javascript.jscomp.GlobalNamespace_ESTest
JUnit version 4.12
...................E............................................................
Time: 2.21
There was 1 failure:
1) test70(com.google.javascript.jscomp.GlobalNamespace_ESTest)
org.evosuite.runtime.mock.java.lang.MockIllegalArgumentException: duplicate key: ngInject
	at com.google.common.base.Preconditions.checkArgument(Preconditions.java:119)
	at com.google.common.collect.RegularImmutableMap.<init>(RegularImmutableMap.java:67)
	at com.google.common.collect.ImmutableMap$Builder.fromEntryList(ImmutableMap.java:249)
	at com.google.common.collect.ImmutableMap$Builder.build(ImmutableMap.java:235)
	at com.google.javascript.jscomp.parsing.Config.buildAnnotationNames(Config.java:101)
	at com.google.javascript.jscomp.parsing.Config.<init>(Config.java:77)
	at com.google.javascript.jscomp.parsing.ParserRunner.createConfig(ParserRunner.java:69)
	at com.google.javascript.jscomp.Compiler.getParserConfig(Compiler.java:2101)
	at com.google.javascript.jscomp.JsAst.parse(JsAst.java:85)
	at com.google.javascript.jscomp.JsAst.getAstRoot(JsAst.java:50)
	at com.google.javascript.jscomp.CompilerInput.getAstRoot(CompilerInput.java:117)
	at com.google.javascript.jscomp.Compiler.parseInputs(Compiler.java:1327)
	at com.google.javascript.jscomp.CompilerTestCase.parseExpectedJs(CompilerTestCase.java:1031)
	at com.google.javascript.jscomp.GlobalNamespace_ESTest.test70(GlobalNamespace_ESTest.java:754)
	at java.base/jdk.internal.reflect.NativeMethodAccessorImpl.invoke0(Native Method)
	at java.base/jdk.internal.reflect.NativeMethodAccessorImpl.invoke(NativeMethodAccessorImpl.java:62)
	at java.base/jdk.internal.reflect.DelegatingMethodAccessorImpl.invoke(DelegatingMethodAccessorImpl.java:43)
	at java.base/java.lang.reflect.Method.invoke(Method.java:566)
	at org.junit.runners.model.FrameworkMethod$1.runReflectiveCall(FrameworkMethod.java:50)
	at org.junit.internal.runners.model.ReflectiveCallable.run(ReflectiveCallable.java:12)
	at org.junit.runners.model.FrameworkMethod.invokeExplosively(FrameworkMethod.java:47)
	at org.junit.internal.runners.statements.InvokeMethod.evaluate(InvokeMethod.java:17)
	at org.junit.internal.runners.statements.FailOnTimeout$CallableStatement.call(FailOnTimeout.java:298)
	at org.junit.internal.runners.statements.FailOnTimeout$CallableStatement.call(FailOnTimeout.java:292)
	at java.base/java.util.concurrent.FutureTask.run(FutureTask.java:264)
	at java.base/java.lang.Thread.run(Thread.java:829)

FAILURES!!!
Tests run: 79,  Failures: 1

SLF4J: Failed to load class "org.slf4j.impl.StaticLoggerBinder".
SLF4J: Defaulting to no-operation (NOP) logger implementation
SLF4J: See http://www.slf4j.org/codes.html#StaticLoggerBinder for further details.
WARNING: An illegal reflective access operation has occurred
WARNING: Illegal reflective access by org.evosuite.runtime.GuiSupport (file:/opt/evosuite/evosuite-standalone-runtime-1.2.0.jar) to field java.awt.GraphicsEnvironment.headless
WARNING: Please consider reporting this to the maintainers of org.evosuite.runtime.GuiSupport
WARNING: Use --illegal-access=warn to enable warnings of further illegal reflective access operations
WARNING: All illegal access operations will be denied in a future release

[exit=1 timeout=False time=3.8s]

$ java -jar /opt/jacoco/lib/jacococli.jar report /workspace/EvoSuite/Result_Round2/Closure_119/budget120_seed1/jacoco.exec --classfiles /work/Closure_119f/build/classes --csv /workspace/EvoSuite/Result_Round2/Closure_119/budget120_seed1/jacoco.csv
[INFO] Loading execution data file /workspace/EvoSuite/Result_Round2/Closure_119/budget120_seed1/jacoco.exec.
[INFO] Analyzing 1225 classes.

[exit=0 timeout=False time=0.7s]

$ java -cp /work/evo_out/Closure_119f/budget120_seed1/classes:/opt/defects4j/framework/projects/lib/junit-4.12-hamcrest-1.3.jar:/work/Closure_119b/build/classes:/work/Closure_119b/lib/args4j.jar:/work/Closure_119b/lib/guava.jar:/work/Closure_119b/lib/json.jar:/work/Closure_119b/lib/jsr305.jar:/work/Closure_119b/lib/protobuf-java.jar:/work/Closure_119b/build/lib/rhino.jar:/work/Closure_119b/lib/ant.jar:/work/Closure_119b/lib/ant-launcher.jar:/work/Closure_119b/lib/caja-r4314.jar:/work/Closure_119b/lib/jarjar.jar:/work/Closure_119b/build/test:/opt/evosuite/evosuite-standalone-runtime-1.2.0.jar org.junit.runner.JUnitCore com.google.javascript.jscomp.GlobalNamespace_ESTest
JUnit version 4.12
...................E............................................................
Time: 2.129
There was 1 failure:
1) test70(com.google.javascript.jscomp.GlobalNamespace_ESTest)
org.evosuite.runtime.mock.java.lang.MockIllegalArgumentException: duplicate key: ngInject
	at com.google.common.base.Preconditions.checkArgument(Preconditions.java:119)
	at com.google.common.collect.RegularImmutableMap.<init>(RegularImmutableMap.java:67)
	at com.google.common.collect.ImmutableMap$Builder.fromEntryList(ImmutableMap.java:249)
	at com.google.common.collect.ImmutableMap$Builder.build(ImmutableMap.java:235)
	at com.google.javascript.jscomp.parsing.Config.buildAnnotationNames(Config.java:101)
	at com.google.javascript.jscomp.parsing.Config.<init>(Config.java:77)
	at com.google.javascript.jscomp.parsing.ParserRunner.createConfig(ParserRunner.java:69)
	at com.google.javascript.jscomp.Compiler.getParserConfig(Compiler.java:2101)
	at com.google.javascript.jscomp.JsAst.parse(JsAst.java:85)
	at com.google.javascript.jscomp.JsAst.getAstRoot(JsAst.java:50)
	at com.google.javascript.jscomp.CompilerInput.getAstRoot(CompilerInput.java:117)
	at com.google.javascript.jscomp.Compiler.parseInputs(Compiler.java:1327)
	at com.google.javascript.jscomp.CompilerTestCase.parseExpectedJs(CompilerTestCase.java:1031)
	at com.google.javascript.jscomp.GlobalNamespace_ESTest.test70(GlobalNamespace_ESTest.java:754)
	at java.base/jdk.internal.reflect.NativeMethodAccessorImpl.invoke0(Native Method)
	at java.base/jdk.internal.reflect.NativeMethodAccessorImpl.invoke(NativeMethodAccessorImpl.java:62)
	at java.base/jdk.internal.reflect.DelegatingMethodAccessorImpl.invoke(DelegatingMethodAccessorImpl.java:43)
	at java.base/java.lang.reflect.Method.invoke(Method.java:566)
	at org.junit.runners.model.FrameworkMethod$1.runReflectiveCall(FrameworkMethod.java:50)
	at org.junit.internal.runners.model.ReflectiveCallable.run(ReflectiveCallable.java:12)
	at org.junit.runners.model.FrameworkMethod.invokeExplosively(FrameworkMethod.java:47)
	at org.junit.internal.runners.statements.InvokeMethod.evaluate(InvokeMethod.java:17)
	at org.junit.internal.runners.statements.FailOnTimeout$CallableStatement.call(FailOnTimeout.java:298)
	at org.junit.internal.runners.statements.FailOnTimeout$CallableStatement.call(FailOnTimeout.java:292)
	at java.base/java.util.concurrent.FutureTask.run(FutureTask.java:264)
	at java.base/java.lang.Thread.run(Thread.java:829)

FAILURES!!!
Tests run: 79,  Failures: 1

SLF4J: Failed to load class "org.slf4j.impl.StaticLoggerBinder".
SLF4J: Defaulting to no-operation (NOP) logger implementation
SLF4J: See http://www.slf4j.org/codes.html#StaticLoggerBinder for further details.
WARNING: An illegal reflective access operation has occurred
WARNING: Illegal reflective access by org.evosuite.runtime.GuiSupport (file:/opt/evosuite/evosuite-standalone-runtime-1.2.0.jar) to field java.awt.GraphicsEnvironment.headless
WARNING: Please consider reporting this to the maintainers of org.evosuite.runtime.GuiSupport
WARNING: Use --illegal-access=warn to enable warnings of further illegal reflective access operations
WARNING: All illegal access operations will be denied in a future release

[exit=1 timeout=False time=2.5s]
