
$ defects4j checkout -p Math -v 37f -w /work/Math_37f
Checking out 95d15eff to /work/Math_37f.................................... OK
Init local repository...................................................... OK
Tag post-fix revision...................................................... OK
Run post-checkout hook..................................................... OK
Excluding broken/flaky tests............................................... OK
Excluding broken/flaky tests............................................... OK
Excluding broken/flaky tests............................................... OK
Initialize fixed program version........................................... OK
Apply patch................................................................ OK
Initialize buggy program version........................................... OK
Diff 95d15eff:7dc0c33e..................................................... OK
Apply patch................................................................ OK
Tag pre-fix revision....................................................... OK
Check out program version: Math-37f........................................ OK

[exit=0 timeout=False time=4.2s]

$ defects4j compile -w /work/Math_37f
Running ant (compile)...................................................... OK
Running ant (compile.tests)................................................ OK

[exit=0 timeout=False time=11.7s]

$ defects4j checkout -p Math -v 37b -w /work/Math_37b
Checking out 95d15eff to /work/Math_37b.................................... OK
Init local repository...................................................... OK
Tag post-fix revision...................................................... OK
Run post-checkout hook..................................................... OK
Excluding broken/flaky tests............................................... OK
Excluding broken/flaky tests............................................... OK
Excluding broken/flaky tests............................................... OK
Initialize fixed program version........................................... OK
Apply patch................................................................ OK
Initialize buggy program version........................................... OK
Diff 95d15eff:7dc0c33e..................................................... OK
Apply patch................................................................ OK
Tag pre-fix revision....................................................... OK
Check out program version: Math-37b........................................ OK

[exit=0 timeout=False time=4.1s]

$ defects4j compile -w /work/Math_37b
Running ant (compile)...................................................... OK
Running ant (compile.tests)................................................ OK

[exit=0 timeout=False time=13.5s]

$ java -Djava.awt.headless=true -cp /opt/defects4j/framework/projects/lib/junit-4.12-hamcrest-1.3.jar:/opt/evosuite/evosuite-1.2.0.jar:/work/Math_37f/target/classes:/work/Math_37f/target/test-classes org.evosuite.EvoSuite -generateSuite -class org.apache.commons.math.complex.Complex -projectCP /opt/defects4j/framework/projects/lib/junit-4.12-hamcrest-1.3.jar:/work/Math_37f/target/classes:/work/Math_37f/target/test-classes -Dcriterion=LINE:BRANCH:EXCEPTION -Dsearch_budget=60 -seed 1 -Dtest_dir=/work/evo_out/Math_37f/budget60_seed1/tests -Dreport_dir=/work/evo_out/Math_37f/budget60_seed1/report
* EvoSuite 1.2.0
* Going to generate test cases for class: org.apache.commons.math.complex.Complex
* Starting Client-0
* Connecting to master process on port 9922
* Analyzing classpath: 
  - /opt/defects4j/framework/projects/lib/junit-4.12-hamcrest-1.3.jar
  - /work/Math_37f/target/classes
  - /work/Math_37f/target/test-classes
* Finished analyzing classpath
* Generating tests for class org.apache.commons.math.complex.Complex
* Test criteria:
  - Line Coverage
  - Branch Coverage
  - Exception
* Setting up search algorithm for whole suite generation
* Total number of test goals: 
  - Line 222
  - Branch 183
  - Exception 0

[Progress:>                             0%] [Cov:>                                  0%]* Using seed 1
* Starting evolution

[Progress:>                             1%] [Cov:=========>                         27%]
[Progress:>                             1%] [Cov:=================>                 50%]
[Progress:>                             1%] [Cov:=============================>     83%]
[Progress:>                             3%] [Cov:=========>                         27%]
[Progress:>                             3%] [Cov:=================>                 50%]
[Progress:>                             3%] [Cov:=============================>     83%]
[Progress:=>                            5%] [Cov:=========>                         26%]
[Progress:=>                            5%] [Cov:=================>                 49%]
[Progress:=>                            5%] [Cov:============================>      82%]
[Progress:=>                            5%] [Cov:==============================>    88%]
[Progress:=>                            6%] [Cov:========>                          24%]
[Progress:=>                            6%] [Cov:===============>                   44%]
[Progress:=>                            6%] [Cov:==========================>        77%]
[Progress:=>                            6%] [Cov:============================>      81%]
[Progress:=>                            6%] [Cov:==============================>    88%]
[Progress:=>                            6%] [Cov:===============================>   89%]
[Progress:==>                           8%] [Cov:==========================>        77%]
[Progress:==>                           8%] [Cov:============================>      82%]
[Progress:==>                           8%] [Cov:=============================>     85%]
[Progress:==>                           8%] [Cov:==============================>    87%]
[Progress:==>                           8%] [Cov:==================================>98%]
[Progress:===>                          10%] [Cov:==================================>98%]
[Progress:===>                          10%] [Cov:==================================>98%]
[Progress:===>                          10%] [Cov:==================================>99%]
[Progress:===>                          11%] [Cov:==================================>99%]
[Progress:===>                          11%] [Cov:==================================>99%]
[Progress:===>                          11%] [Cov:==================================>99%]
[Progress:===>                          11%] [Cov:==================================>99%]
[Progress:===>                          11%] [Cov:==================================>99%]
[Progress:===>                          11%] [Cov:==================================>99%]
[Progress:===>                          13%] [Cov:==================================>99%]
[Progress:===>                          13%] [Cov:==================================>99%]
[Progress:===>                          13%] [Cov:==================================>99%]
[Progress:===>                          13%] [Cov:==================================>99%]
[Progress:===>                          13%] [Cov:==================================>99%]
[Progress:===>                          13%] [Cov:==================================>99%]
[Progress:====>                         15%] [Cov:==================================>99%]
[Progress:====>                         15%] [Cov:==================================>99%]
[Progress:====>                         15%] [Cov:==================================>99%]
[Progress:====>                         15%] [Cov:==================================>99%]
[Progress:====>                         16%] [Cov:==================================>99%]
[Progress:====>                         16%] [Cov:==================================>99%]
[Progress:====>                         16%] [Cov:==================================>99%]
[Progress:====>                         16%] [Cov:==================================>99%]
[Progress:====>                         16%] [Cov:==================================>99%]
[Progress:=====>                        18%] [Cov:==================================>99%]
[Progress:=====>                        18%] [Cov:==================================>99%]
[Progress:=====>                        18%] [Cov:==================================>99%]
[Progress:=====>                        18%] [Cov:==================================>99%]
[Progress:=====>                        18%] [Cov:==================================>99%]
[Progress:=====>                        18%] [Cov:==================================>99%]
[Progress:======>                       20%] [Cov:==================================>99%]
[Progress:======>                       20%] [Cov:==================================>99%]
[Progress:======>                       20%] [Cov:==================================>99%]
[Progress:======>                       20%] [Cov:==================================>99%]
[Progress:======>                       20%] [Cov:==================================>99%]
[Progress:======>                       20%] [Cov:==================================>99%]
[Progress:======>                       21%] [Cov:==================================>99%]
[Progress:======>                       21%] [Cov:==================================>99%]
[Progress:======>                       21%] [Cov:==================================>99%]
[Progress:======>                       21%] [Cov:==================================>99%]
[Progress:======>                       21%] [Cov:==================================>99%]
[Progress:======>                       23%] [Cov:==================================>99%]
[Progress:======>                       23%] [Cov:==================================>99%]
[Progress:======>                       23%] [Cov:==================================>99%]
[Progress:======>                       23%] [Cov:==================================>99%]
[Progress:======>                       23%] [Cov:==================================>99%]
[Progress:=======>                      25%] [Cov:==================================>99%]
[Progress:=======>                      25%] [Cov:==================================>99%]
[Progress:=======>                      25%] [Cov:==================================>99%]
[Progress:=======>                      25%] [Cov:==================================>99%]
[Progress:=======>                      25%] [Cov:==================================>99%]
[Progress:=======>                      25%] [Cov:==================================>99%]
[Progress:=======>                      26%] [Cov:==================================>99%]
[Progress:=======>                      26%] [Cov:==================================>99%]
[Progress:=======>                      26%] [Cov:==================================>99%]
[Progress:=======>                      26%] [Cov:==================================>99%]
[Progress:=======>                      26%] [Cov:==================================>99%]
[Progress:=======>                      26%] [Cov:==================================>99%]
[Progress:========>                     28%] [Cov:==================================>99%]
[Progress:========>                     28%] [Cov:==================================>99%]
[Progress:========>                     28%] [Cov:==================================>99%]
[Progress:========>                     28%] [Cov:==================================>99%]
[Progress:========>                     28%] [Cov:==================================>99%]
[Progress:=========>                    30%] [Cov:==================================>99%]
[Progress:=========>                    30%] [Cov:==================================>99%]
[Progress:=========>                    30%] [Cov:==================================>99%]
[Progress:=========>                    30%] [Cov:==================================>99%]
[Progress:=========>                    30%] [Cov:==================================>99%]
[Progress:=========>                    31%] [Cov:==================================>99%]
[Progress:=========>                    31%] [Cov:==================================>99%]
[Progress:=========>                    31%] [Cov:==================================>99%]
[Progress:=========>                    31%] [Cov:==================================>99%]
[Progress:=========>                    31%] [Cov:==================================>99%]
[Progress:=========>                    33%] [Cov:==================================>99%]
[Progress:=========>                    33%] [Cov:==================================>99%]
[Progress:=========>                    33%] [Cov:==================================>99%]
[Progress:=========>                    33%] [Cov:==================================>99%]
[Progress:==========>                   35%] [Cov:==================================>99%]
[Progress:==========>                   35%] [Cov:==================================>99%]
[Progress:==========>                   35%] [Cov:==================================>99%]
[Progress:==========>                   36%] [Cov:==================================>99%]
[Progress:==========>                   36%] [Cov:==================================>99%]
[Progress:==========>                   36%] [Cov:==================================>99%]
[Progress:==========>                   36%] [Cov:==================================>99%]
[Progress:==========>                   36%] [Cov:==================================>99%]
[Progress:===========>                  38%] [Cov:==================================>99%]
[Progress:===========>                  38%] [Cov:==================================>99%]
[Progress:===========>                  38%] [Cov:==================================>99%]
[Progress:===========>                  38%] [Cov:==================================>99%]
[Progress:============>                 40%] [Cov:==================================>99%]
[Progress:============>                 40%] [Cov:==================================>99%]
[Progress:============>                 40%] [Cov:==================================>99%]
[Progress:============>                 41%] [Cov:==================================>99%]
[Progress:============>                 41%] [Cov:==================================>99%]
[Progress:============>                 41%] [Cov:==================================>99%]
[Progress:============>                 41%] [Cov:==================================>99%]
[Progress:============>                 43%] [Cov:==================================>99%]
[Progress:============>                 43%] [Cov:==================================>99%]
[Progress:============>                 43%] [Cov:==================================>99%]
[Progress:============>                 43%] [Cov:==================================>99%]
[Progress:============>                 43%] [Cov:==================================>99%]
[Progress:=============>                45%] [Cov:==================================>99%]
[Progress:=============>                45%] [Cov:==================================>99%]
[Progress:=============>                45%] [Cov:==================================>99%]
[Progress:=============>                45%] [Cov:==================================>99%]
[Progress:=============>                46%] [Cov:==================================>99%]
[Progress:=============>                46%] [Cov:==================================>99%]
[Progress:=============>                46%] [Cov:==================================>99%]
[Progress:=============>                46%] [Cov:==================================>99%]
[Progress:==============>               48%] [Cov:==================================>99%]
[Progress:==============>               48%] [Cov:==================================>99%]
[Progress:==============>               48%] [Cov:==================================>99%]
[Progress:==============>               48%] [Cov:==================================>99%]
[Progress:==============>               48%] [Cov:==================================>99%]
[Progress:===============>              50%] [Cov:==================================>99%]
[Progress:===============>              50%] [Cov:==================================>99%]
[Progress:===============>              50%] [Cov:==================================>99%]
[Progress:===============>              50%] [Cov:==================================>99%]
[Progress:===============>              50%] [Cov:==================================>99%]
[Progress:===============>              51%] [Cov:==================================>99%]
[Progress:===============>              51%] [Cov:==================================>99%]
[Progress:===============>              51%] [Cov:==================================>99%]
[Progress:===============>              51%] [Cov:==================================>99%]
[Progress:===============>              53%] [Cov:==================================>99%]
[Progress:===============>              53%] [Cov:==================================>99%]
[Progress:===============>              53%] [Cov:==================================>99%]
[Progress:===============>              53%] [Cov:==================================>99%]
[Progress:================>             55%] [Cov:==================================>99%]
[Progress:================>             55%] [Cov:==================================>99%]
[Progress:================>             55%] [Cov:==================================>99%]
[Progress:================>             55%] [Cov:==================================>99%]
[Progress:================>             55%] [Cov:==================================>99%]
[Progress:================>             56%] [Cov:==================================>99%]
[Progress:================>             56%] [Cov:==================================>99%]
[Progress:================>             56%] [Cov:==================================>99%]
[Progress:================>             56%] [Cov:==================================>99%]
[Progress:================>             56%] [Cov:==================================>99%]
[Progress:=================>            58%] [Cov:==================================>99%]
[Progress:=================>            58%] [Cov:==================================>99%]
[Progress:=================>            58%] [Cov:==================================>99%]
[Progress:=================>            58%] [Cov:==================================>99%]
[Progress:=================>            58%] [Cov:==================================>99%]
[Progress:=================>            58%] [Cov:==================================>99%]
[Progress:==================>           60%] [Cov:==================================>99%]
[Progress:==================>           60%] [Cov:==================================>99%]
[Progress:==================>           60%] [Cov:==================================>99%]
[Progress:==================>           60%] [Cov:==================================>99%]
[Progress:==================>           60%] [Cov:==================================>99%]
[Progress:==================>           61%] [Cov:==================================>99%]
[Progress:==================>           61%] [Cov:==================================>99%]
[Progress:==================>           61%] [Cov:==================================>99%]
[Progress:==================>           61%] [Cov:==================================>99%]
[Progress:==================>           63%] [Cov:==================================>99%]
[Progress:==================>           63%] [Cov:==================================>99%]
[Progress:==================>           63%] [Cov:==================================>99%]
[Progress:==================>           63%] [Cov:==================================>99%]
[Progress:===================>          65%] [Cov:==================================>99%]
[Progress:===================>          65%] [Cov:==================================>99%]
[Progress:===================>          65%] [Cov:==================================>99%]
[Progress:===================>          65%] [Cov:==================================>99%]
[Progress:===================>          65%] [Cov:==================================>99%]
[Progress:===================>          65%] [Cov:==================================>99%]
[Progress:===================>          66%] [Cov:==================================>99%]
[Progress:===================>          66%] [Cov:==================================>99%]
[Progress:===================>          66%] [Cov:==================================>99%]
[Progress:===================>          66%] [Cov:==================================>99%]
[Progress:====================>         68%] [Cov:==================================>99%]
[Progress:====================>         68%] [Cov:==================================>99%]
[Progress:====================>         68%] [Cov:==================================>99%]
[Progress:====================>         68%] [Cov:==================================>99%]
[Progress:====================>         68%] [Cov:==================================>99%]
[Progress:=====================>        70%] [Cov:==================================>99%]
[Progress:=====================>        70%] [Cov:==================================>99%]
[Progress:=====================>        70%] [Cov:==================================>99%]
[Progress:=====================>        70%] [Cov:==================================>99%]
[Progress:=====================>        70%] [Cov:==================================>99%]
[Progress:=====================>        71%] [Cov:==================================>99%]
[Progress:=====================>        71%] [Cov:==================================>99%]
[Progress:=====================>        71%] [Cov:==================================>99%]
[Progress:=====================>        71%] [Cov:==================================>99%]
[Progress:=====================>        71%] [Cov:==================================>99%]
[Progress:=====================>        73%] [Cov:==================================>99%]
[Progress:=====================>        73%] [Cov:==================================>99%]
[Progress:=====================>        73%] [Cov:==================================>99%]
[Progress:=====================>        73%] [Cov:==================================>99%]
[Progress:=====================>        73%] [Cov:==================================>99%]
[Progress:======================>       75%] [Cov:==================================>99%]
[Progress:======================>       75%] [Cov:==================================>99%]
[Progress:======================>       75%] [Cov:==================================>99%]
[Progress:======================>       75%] [Cov:==================================>99%]
[Progress:======================>       75%] [Cov:==================================>99%]
[Progress:======================>       76%] [Cov:==================================>99%]
[Progress:======================>       76%] [Cov:==================================>99%]
[Progress:======================>       76%] [Cov:==================================>99%]
[Progress:======================>       76%] [Cov:==================================>99%]
[Progress:======================>       76%] [Cov:==================================>99%]
[Progress:=======================>      78%] [Cov:==================================>99%]
[Progress:=======================>      78%] [Cov:==================================>99%]
[Progress:=======================>      78%] [Cov:==================================>99%]
[Progress:=======================>      78%] [Cov:==================================>99%]
[Progress:=======================>      78%] [Cov:==================================>99%]
[Progress:=======================>      78%] [Cov:==================================>99%]
[Progress:========================>     80%] [Cov:==================================>99%]
[Progress:========================>     80%] [Cov:==================================>99%]
[Progress:========================>     80%] [Cov:==================================>99%]
[Progress:========================>     80%] [Cov:==================================>99%]
[Progress:========================>     80%] [Cov:==================================>99%]
[Progress:========================>     81%] [Cov:==================================>99%]
[Progress:========================>     81%] [Cov:==================================>99%]
[Progress:========================>     81%] [Cov:==================================>99%]
[Progress:========================>     81%] [Cov:==================================>99%]
[Progress:========================>     81%] [Cov:==================================>99%]
[Progress:========================>     83%] [Cov:==================================>99%]
[Progress:========================>     83%] [Cov:==================================>99%]
[Progress:========================>     83%] [Cov:==================================>99%]
[Progress:========================>     83%] [Cov:==================================>99%]
[Progress:========================>     83%] [Cov:==================================>99%]
[Progress:=========================>    85%] [Cov:==================================>99%]
[Progress:=========================>    85%] [Cov:==================================>99%]
[Progress:=========================>    85%] [Cov:==================================>99%]
[Progress:=========================>    85%] [Cov:==================================>99%]
[Progress:=========================>    86%] [Cov:==================================>99%]
[Progress:=========================>    86%] [Cov:==================================>99%]
[Progress:=========================>    86%] [Cov:==================================>99%]
[Progress:=========================>    86%] [Cov:==================================>99%]
[Progress:=========================>    86%] [Cov:==================================>99%]
[Progress:==========================>   88%] [Cov:==================================>99%]
[Progress:==========================>   88%] [Cov:==================================>99%]
[Progress:==========================>   88%] [Cov:==================================>99%]
[Progress:==========================>   88%] [Cov:==================================>99%]
[Progress:==========================>   88%] [Cov:==================================>99%]
[Progress:===========================>  90%] [Cov:==================================>99%]
[Progress:===========================>  90%] [Cov:==================================>99%]
[Progress:===========================>  90%] [Cov:==================================>99%]
[Progress:===========================>  90%] [Cov:==================================>99%]
[Progress:===========================>  90%] [Cov:==================================>99%]
[Progress:===========================>  91%] [Cov:==================================>99%]
[Progress:===========================>  91%] [Cov:==================================>99%]
[Progress:===========================>  91%] [Cov:==================================>99%]
[Progress:===========================>  91%] [Cov:==================================>99%]
[Progress:===========================>  91%] [Cov:==================================>99%]
[Progress:===========================>  93%] [Cov:==================================>99%]
[Progress:===========================>  93%] [Cov:==================================>99%]
[Progress:===========================>  93%] [Cov:==================================>99%]
[Progress:===========================>  93%] [Cov:==================================>99%]
[Progress:===========================>  93%] [Cov:==================================>99%]
[Progress:===========================>  93%] [Cov:==================================>99%]
[Progress:============================> 95%] [Cov:==================================>99%]
[Progress:============================> 95%] [Cov:==================================>99%]
[Progress:============================> 95%] [Cov:==================================>99%]
[Progress:============================> 95%] [Cov:==================================>99%]
[Progress:============================> 95%] [Cov:==================================>99%]
[Progress:============================> 96%] [Cov:==================================>99%]
[Progress:============================> 96%] [Cov:==================================>99%]
[Progress:============================> 96%] [Cov:==================================>99%]
[Progress:============================> 96%] [Cov:==================================>99%]
[Progress:============================> 96%] [Cov:==================================>99%]
[Progress:============================> 96%] [Cov:==================================>99%]
[Progress:=============================>98%] [Cov:==================================>99%]
[Progress:=============================>98%] [Cov:==================================>99%]
[Progress:=============================>98%] [Cov:==================================>99%]
[Progress:=============================>98%] [Cov:==================================>99%]
[Progress:=============================>98%] [Cov:==================================>99%]
[Progress:=============================>98%] [Cov:==================================>99%]
[Progress:==============================100%] [Cov:==================================>99%]
[Progress:==============================100%] [Cov:==================================>99%]
[Progress:==============================100%] [Cov:==================================>99%]
[Progress:==============================100%] [Cov:==================================>99%]
[Progress:==============================100%] [Cov:==================================>99%]
[Progress:==============================100%] [Cov:==================================>99%]
[Progress:==============================100%] [Cov:==================================>99%]
[Progress:==============================100%] [Cov:==================================>99%]
[Progress:==============================100%] [Cov:==================================>99%]
* Search finished after 62s and 218 generations, 178916 statements, best individual has fitness: 1.625
* Minimizing test suite
* Going to analyze the coverage criteria
* Coverage analysis for criterion LINE
* Coverage of criterion LINE: 98%
* Total number of goals: 222
* Number of covered goals: 218
* Coverage analysis for criterion BRANCH
* Coverage of criterion BRANCH: 96%
* Total number of goals: 183
* Number of covered goals: 176
* Coverage analysis for criterion EXCEPTION
* Coverage of criterion EXCEPTION: 100%
* Total number of goals: 7
* Number of covered goals: 7
* Generated 80 tests with total length 185
* Resulting test suite's coverage: 100% (average coverage for all fitness functions)
* Generating assertions
* Resulting test suite's mutation score: 51%
* Compiling and checking tests
* Writing tests to file
* Writing JUnit test case 'Complex_ESTest' to /work/evo_out/Math_37f/budget60_seed1/tests
* Done!

* Computation finished

[exit=0 timeout=False time=137.1s]

$ javac -nowarn -cp /work/Math_37f/target/classes:/opt/defects4j/framework/projects/lib/junit-4.12-hamcrest-1.3.jar:/work/Math_37f/target/classes:/work/Math_37f/target/test-classes:/opt/evosuite/evosuite-standalone-runtime-1.2.0.jar -d /work/evo_out/Math_37f/budget60_seed1/classes /work/evo_out/Math_37f/budget60_seed1/tests/org/apache/commons/math/complex/Complex_ESTest.java /work/evo_out/Math_37f/budget60_seed1/tests/org/apache/commons/math/complex/Complex_ESTest_scaffolding.java

[exit=0 timeout=False time=1.0s]

$ java -jar /opt/jacoco/lib/jacococli.jar instrument /work/Math_37f/target/classes --dest /work/evo_out/Math_37f/budget60_seed1/instrumented
[INFO] 850 classes instrumented to /work/evo_out/Math_37f/budget60_seed1/instrumented.

[exit=0 timeout=False time=0.8s]

$ java -Djacoco-agent.destfile=/workspace/EvoSuite/Result_Round1/Math_37/budget60_seed1/jacoco.exec -cp /work/evo_out/Math_37f/budget60_seed1/instrumented:/work/evo_out/Math_37f/budget60_seed1/classes:/opt/defects4j/framework/projects/lib/junit-4.12-hamcrest-1.3.jar:/work/Math_37f/target/classes:/work/Math_37f/target/test-classes:/opt/evosuite/evosuite-standalone-runtime-1.2.0.jar:/opt/jacoco/lib/jacocoagent.jar org.junit.runner.JUnitCore org.apache.commons.math.complex.Complex_ESTest
JUnit version 4.12
................................................................................
Time: 0.853

OK (80 tests)

SLF4J: Failed to load class "org.slf4j.impl.StaticLoggerBinder".
SLF4J: Defaulting to no-operation (NOP) logger implementation
SLF4J: See http://www.slf4j.org/codes.html#StaticLoggerBinder for further details.
WARNING: An illegal reflective access operation has occurred
WARNING: Illegal reflective access by org.evosuite.runtime.GuiSupport (file:/opt/evosuite/evosuite-standalone-runtime-1.2.0.jar) to field java.awt.GraphicsEnvironment.headless
WARNING: Please consider reporting this to the maintainers of org.evosuite.runtime.GuiSupport
WARNING: Use --illegal-access=warn to enable warnings of further illegal reflective access operations
WARNING: All illegal access operations will be denied in a future release

[exit=0 timeout=False time=1.3s]

$ java -jar /opt/jacoco/lib/jacococli.jar report /workspace/EvoSuite/Result_Round1/Math_37/budget60_seed1/jacoco.exec --classfiles /work/Math_37f/target/classes --csv /workspace/EvoSuite/Result_Round1/Math_37/budget60_seed1/jacoco.csv
[INFO] Loading execution data file /workspace/EvoSuite/Result_Round1/Math_37/budget60_seed1/jacoco.exec.
[INFO] Analyzing 653 classes.

[exit=0 timeout=False time=0.7s]

$ java -cp /work/evo_out/Math_37f/budget60_seed1/classes:/opt/defects4j/framework/projects/lib/junit-4.12-hamcrest-1.3.jar:/work/Math_37b/target/classes:/work/Math_37b/target/test-classes:/opt/evosuite/evosuite-standalone-runtime-1.2.0.jar org.junit.runner.JUnitCore org.apache.commons.math.complex.Complex_ESTest
JUnit version 4.12
................................E................................E...E....E.........E
Time: 0.883
There were 5 failures:
1) test34(org.apache.commons.math.complex.Complex_ESTest)
java.lang.AssertionError: expected same:<(NaN, NaN)> was not:<(NaN, NaN)>
	at org.junit.Assert.fail(Assert.java:88)
	at org.junit.Assert.failNotSame(Assert.java:828)
	at org.junit.Assert.assertSame(Assert.java:771)
	at org.junit.Assert.assertSame(Assert.java:782)
	at org.apache.commons.math.complex.Complex_ESTest.test34(Complex_ESTest.java:373)
	at java.base/jdk.internal.reflect.NativeMethodAccessorImpl.invoke0(Native Method)
	at java.base/jdk.internal.reflect.NativeMethodAccessorImpl.invoke(NativeMethodAccessorImpl.java:62)
	at java.base/jdk.internal.reflect.DelegatingMethodAccessorImpl.invoke(DelegatingMethodAccessorImpl.java:43)
	at java.base/java.lang.reflect.Method.invoke(Method.java:566)
	at org.junit.runners.model.FrameworkMethod$1.runReflectiveCall(FrameworkMethod.java:50)
	at org.junit.internal.runners.model.ReflectiveCallable.run(ReflectiveCallable.java:12)
	at org.junit.runners.model.FrameworkMethod.invokeExplosively(FrameworkMethod.java:47)
	at org.junit.internal.runners.statements.InvokeMethod.evaluate(InvokeMethod.java:17)
	at org.junit.internal.runners.statements.FailOnTimeout$CallableStatement.call(FailOnTimeout.java:298)
	at org.junit.internal.runners.statements.FailOnTimeout$CallableStatement.call(FailOnTimeout.java:292)
	at java.base/java.util.concurrent.FutureTask.run(FutureTask.java:264)
	at java.base/java.lang.Thread.run(Thread.java:829)
2) test16(org.apache.commons.math.complex.Complex_ESTest)
java.lang.AssertionError: expected:<-1.0> but was:<NaN>
	at org.junit.Assert.fail(Assert.java:88)
	at org.junit.Assert.failNotEquals(Assert.java:834)
	at org.junit.Assert.assertEquals(Assert.java:553)
	at org.junit.Assert.assertEquals(Assert.java:683)
	at org.apache.commons.math.complex.Complex_ESTest.test16(Complex_ESTest.java:207)
	at java.base/jdk.internal.reflect.NativeMethodAccessorImpl.invoke0(Native Method)
	at java.base/jdk.internal.reflect.NativeMethodAccessorImpl.invoke(NativeMethodAccessorImpl.java:62)
	at java.base/jdk.internal.reflect.DelegatingMethodAccessorImpl.invoke(DelegatingMethodAccessorImpl.java:43)
	at java.base/java.lang.reflect.Method.invoke(Method.java:566)
	at org.junit.runners.model.FrameworkMethod$1.runReflectiveCall(FrameworkMethod.java:50)
	at org.junit.internal.runners.model.ReflectiveCallable.run(ReflectiveCallable.java:12)
	at org.junit.runners.model.FrameworkMethod.invokeExplosively(FrameworkMethod.java:47)
	at org.junit.internal.runners.statements.InvokeMethod.evaluate(InvokeMethod.java:17)
	at org.junit.internal.runners.statements.FailOnTimeout$CallableStatement.call(FailOnTimeout.java:298)
	at org.junit.internal.runners.statements.FailOnTimeout$CallableStatement.call(FailOnTimeout.java:292)
	at java.base/java.util.concurrent.FutureTask.run(FutureTask.java:264)
	at java.base/java.lang.Thread.run(Thread.java:829)
3) test14(org.apache.commons.math.complex.Complex_ESTest)
java.lang.AssertionError: expected:<-1.0> but was:<NaN>
	at org.junit.Assert.fail(Assert.java:88)
	at org.junit.Assert.failNotEquals(Assert.java:834)
	at org.junit.Assert.assertEquals(Assert.java:553)
	at org.junit.Assert.assertEquals(Assert.java:683)
	at org.apache.commons.math.complex.Complex_ESTest.test14(Complex_ESTest.java:190)
	at java.base/jdk.internal.reflect.NativeMethodAccessorImpl.invoke0(Native Method)
	at java.base/jdk.internal.reflect.NativeMethodAccessorImpl.invoke(NativeMethodAccessorImpl.java:62)
	at java.base/jdk.internal.reflect.DelegatingMethodAccessorImpl.invoke(DelegatingMethodAccessorImpl.java:43)
	at java.base/java.lang.reflect.Method.invoke(Method.java:566)
	at org.junit.runners.model.FrameworkMethod$1.runReflectiveCall(FrameworkMethod.java:50)
	at org.junit.internal.runners.model.ReflectiveCallable.run(ReflectiveCallable.java:12)
	at org.junit.runners.model.FrameworkMethod.invokeExplosively(FrameworkMethod.java:47)
	at org.junit.internal.runners.statements.InvokeMethod.evaluate(InvokeMethod.java:17)
	at org.junit.internal.runners.statements.FailOnTimeout$CallableStatement.call(FailOnTimeout.java:298)
	at org.junit.internal.runners.statements.FailOnTimeout$CallableStatement.call(FailOnTimeout.java:292)
	at java.base/java.util.concurrent.FutureTask.run(FutureTask.java:264)
	at java.base/java.lang.Thread.run(Thread.java:829)
4) test12(org.apache.commons.math.complex.Complex_ESTest)
java.lang.AssertionError: expected:<1.0> but was:<NaN>
	at org.junit.Assert.fail(Assert.java:88)
	at org.junit.Assert.failNotEquals(Assert.java:834)
	at org.junit.Assert.assertEquals(Assert.java:553)
	at org.junit.Assert.assertEquals(Assert.java:683)
	at org.apache.commons.math.complex.Complex_ESTest.test12(Complex_ESTest.java:170)
	at java.base/jdk.internal.reflect.NativeMethodAccessorImpl.invoke0(Native Method)
	at java.base/jdk.internal.reflect.NativeMethodAccessorImpl.invoke(NativeMethodAccessorImpl.java:62)
	at java.base/jdk.internal.reflect.DelegatingMethodAccessorImpl.invoke(DelegatingMethodAccessorImpl.java:43)
	at java.base/java.lang.reflect.Method.invoke(Method.java:566)
	at org.junit.runners.model.FrameworkMethod$1.runReflectiveCall(FrameworkMethod.java:50)
	at org.junit.internal.runners.model.ReflectiveCallable.run(ReflectiveCallable.java:12)
	at org.junit.runners.model.FrameworkMethod.invokeExplosively(FrameworkMethod.java:47)
	at org.junit.internal.runners.statements.InvokeMethod.evaluate(InvokeMethod.java:17)
	at org.junit.internal.runners.statements.FailOnTimeout$CallableStatement.call(FailOnTimeout.java:298)
	at org.junit.internal.runners.statements.FailOnTimeout$CallableStatement.call(FailOnTimeout.java:292)
	at java.base/java.util.concurrent.FutureTask.run(FutureTask.java:264)
	at java.base/java.lang.Thread.run(Thread.java:829)
5) test17(org.apache.commons.math.complex.Complex_ESTest)
java.lang.AssertionError: expected:<1.0> but was:<NaN>
	at org.junit.Assert.fail(Assert.java:88)
	at org.junit.Assert.failNotEquals(Assert.java:834)
	at org.junit.Assert.assertEquals(Assert.java:553)
	at org.junit.Assert.assertEquals(Assert.java:683)
	at org.apache.commons.math.complex.Complex_ESTest.test17(Complex_ESTest.java:218)
	at java.base/jdk.internal.reflect.NativeMethodAccessorImpl.invoke0(Native Method)
	at java.base/jdk.internal.reflect.NativeMethodAccessorImpl.invoke(NativeMethodAccessorImpl.java:62)
	at java.base/jdk.internal.reflect.DelegatingMethodAccessorImpl.invoke(DelegatingMethodAccessorImpl.java:43)
	at java.base/java.lang.reflect.Method.invoke(Method.java:566)
	at org.junit.runners.model.FrameworkMethod$1.runReflectiveCall(FrameworkMethod.java:50)
	at org.junit.internal.runners.model.ReflectiveCallable.run(ReflectiveCallable.java:12)
	at org.junit.runners.model.FrameworkMethod.invokeExplosively(FrameworkMethod.java:47)
	at org.junit.internal.runners.statements.InvokeMethod.evaluate(InvokeMethod.java:17)
	at org.junit.internal.runners.statements.FailOnTimeout$CallableStatement.call(FailOnTimeout.java:298)
	at org.junit.internal.runners.statements.FailOnTimeout$CallableStatement.call(FailOnTimeout.java:292)
	at java.base/java.util.concurrent.FutureTask.run(FutureTask.java:264)
	at java.base/java.lang.Thread.run(Thread.java:829)

FAILURES!!!
Tests run: 80,  Failures: 5

SLF4J: Failed to load class "org.slf4j.impl.StaticLoggerBinder".
SLF4J: Defaulting to no-operation (NOP) logger implementation
SLF4J: See http://www.slf4j.org/codes.html#StaticLoggerBinder for further details.
WARNING: An illegal reflective access operation has occurred
WARNING: Illegal reflective access by org.evosuite.runtime.GuiSupport (file:/opt/evosuite/evosuite-standalone-runtime-1.2.0.jar) to field java.awt.GraphicsEnvironment.headless
WARNING: Please consider reporting this to the maintainers of org.evosuite.runtime.GuiSupport
WARNING: Use --illegal-access=warn to enable warnings of further illegal reflective access operations
WARNING: All illegal access operations will be denied in a future release

[exit=1 timeout=False time=1.2s]
