
$ defects4j checkout -p Closure -v 82f -w /work/Closure_82f
Checking out a857aec2 to /work/Closure_82f................................. OK
Init local repository...................................................... OK
Tag post-fix revision...................................................... OK
Apply patch................................................................ OK
sed: can't read /work/Closure_82f/lib/rhino/build.properties: No such file or directory
sed: can't read /work/Closure_82f/lib/rhino/build.properties: No such file or directory
sed: can't read /work/Closure_82f/lib/rhino/src/mozilla/js/rhino/build.properties: No such file or directory
sed: can't read /work/Closure_82f/lib/rhino/src/mozilla/js/rhino/build.properties: No such file or directory
Run post-checkout hook..................................................... OK
Excluding broken/flaky tests............................................... OK
Excluding broken/flaky tests............................................... OK
Initialize fixed program version........................................... OK
Apply patch................................................................ OK
Initialize buggy program version........................................... OK
Diff a857aec2:1a7fbd18..................................................... OK
Apply patch................................................................ OK
Tag pre-fix revision....................................................... OK
Check out program version: Closure-82f..................................... OK

[exit=0 timeout=False time=4.1s]

$ defects4j compile -w /work/Closure_82f
Running ant (compile)...................................................... OK
Running ant (compile.tests)................................................ OK

[exit=0 timeout=False time=17.2s]

$ defects4j checkout -p Closure -v 82b -w /work/Closure_82b
Checking out a857aec2 to /work/Closure_82b................................. OK
Init local repository...................................................... OK
Tag post-fix revision...................................................... OK
Apply patch................................................................ OK
sed: can't read /work/Closure_82b/lib/rhino/build.properties: No such file or directory
sed: can't read /work/Closure_82b/lib/rhino/build.properties: No such file or directory
sed: can't read /work/Closure_82b/lib/rhino/src/mozilla/js/rhino/build.properties: No such file or directory
sed: can't read /work/Closure_82b/lib/rhino/src/mozilla/js/rhino/build.properties: No such file or directory
Run post-checkout hook..................................................... OK
Excluding broken/flaky tests............................................... OK
Excluding broken/flaky tests............................................... OK
Initialize fixed program version........................................... OK
Apply patch................................................................ OK
Initialize buggy program version........................................... OK
Diff a857aec2:1a7fbd18..................................................... OK
Apply patch................................................................ OK
Tag pre-fix revision....................................................... OK
Check out program version: Closure-82b..................................... OK

[exit=0 timeout=False time=4.0s]

$ defects4j compile -w /work/Closure_82b
Running ant (compile)...................................................... OK
Running ant (compile.tests)................................................ OK

[exit=0 timeout=False time=17.3s]

$ java -cp /work/jqwik_harness:/workspace/lib/jqwik/jqwik-1.7.4.jar:/workspace/lib/jqwik/jqwik-api-1.7.4.jar:/workspace/lib/jqwik/jqwik-engine-1.7.4.jar pbt.auto.Generate --targets com.google.javascript.rhino.jstype.JSType --fixed-cp /work/Closure_82f/build/classes:/work/Closure_82f/lib/args4j.jar:/work/Closure_82f/lib/guava.jar:/work/Closure_82f/lib/jsr305.jar:/work/Closure_82f/lib/libtrunk_rhino_parser_jarjared.jar:/work/Closure_82f/lib/protobuf-java.jar:/work/Closure_82f/lib/ant.jar:/work/Closure_82f/lib/ant-launcher.jar:/work/Closure_82f/lib/caja-r4314.jar:/work/Closure_82f/lib/json.jar:/work/Closure_82f/lib/junit.jar:/work/Closure_82f/build/test --buggy-cp /work/Closure_82b/build/classes:/work/Closure_82b/lib/args4j.jar:/work/Closure_82b/lib/guava.jar:/work/Closure_82b/lib/jsr305.jar:/work/Closure_82b/lib/libtrunk_rhino_parser_jarjared.jar:/work/Closure_82b/lib/protobuf-java.jar:/work/Closure_82b/lib/ant.jar:/work/Closure_82b/lib/ant-launcher.jar:/work/Closure_82b/lib/caja-r4314.jar:/work/Closure_82b/lib/json.jar:/work/Closure_82b/lib/junit.jar:/work/Closure_82b/build/test --out /workspace/jqwik/Auto/Closure_82 --max-methods 150
generated test classes: 1 / 1

[exit=0 timeout=False time=0.4s]

$ javac -nowarn -encoding UTF-8 -cp /work/Closure_82f/build/classes:/work/Closure_82f/lib/args4j.jar:/work/Closure_82f/lib/guava.jar:/work/Closure_82f/lib/jsr305.jar:/work/Closure_82f/lib/libtrunk_rhino_parser_jarjared.jar:/work/Closure_82f/lib/protobuf-java.jar:/work/Closure_82f/lib/ant.jar:/work/Closure_82f/lib/ant-launcher.jar:/work/Closure_82f/lib/caja-r4314.jar:/work/Closure_82f/lib/json.jar:/work/Closure_82f/lib/junit.jar:/work/Closure_82f/build/test:/work/jqwik_harness:/workspace/lib/jqwik/jqwik-1.7.4.jar:/workspace/lib/jqwik/jqwik-api-1.7.4.jar:/workspace/lib/jqwik/jqwik-engine-1.7.4.jar -d /work/jqwik_out/Closure_82/auto_round1_tries200_seed1/classes_f /workspace/jqwik/Auto/Closure_82/com/google/javascript/rhino/jstype/JSType_AutoPbtTest.java

[exit=0 timeout=False time=1.3s]

$ javac -nowarn -encoding UTF-8 -cp /work/Closure_82b/build/classes:/work/Closure_82b/lib/args4j.jar:/work/Closure_82b/lib/guava.jar:/work/Closure_82b/lib/jsr305.jar:/work/Closure_82b/lib/libtrunk_rhino_parser_jarjared.jar:/work/Closure_82b/lib/protobuf-java.jar:/work/Closure_82b/lib/ant.jar:/work/Closure_82b/lib/ant-launcher.jar:/work/Closure_82b/lib/caja-r4314.jar:/work/Closure_82b/lib/json.jar:/work/Closure_82b/lib/junit.jar:/work/Closure_82b/build/test:/work/jqwik_harness:/workspace/lib/jqwik/jqwik-1.7.4.jar:/workspace/lib/jqwik/jqwik-api-1.7.4.jar:/workspace/lib/jqwik/jqwik-engine-1.7.4.jar -d /work/jqwik_out/Closure_82/auto_round1_tries200_seed1/classes_b /workspace/jqwik/Auto/Closure_82/com/google/javascript/rhino/jstype/JSType_AutoPbtTest.java

[exit=0 timeout=False time=1.3s]

$ java -Djava.awt.headless=true -Xss4m -Xmx1g -Dpbt.seed=1 -Dpbt.tries=200 -Dpbt.snapshot.dir=/work/jqwik_out/Closure_82/auto_round1_tries200_seed1/snapshots -Dpbt.propertyBudgetMs=5000 -Dpbt.mask=/work/Closure_82f:/work/Closure_82b:/work/jqwik_out/Closure_82/auto_round1_tries200_seed1/classes_f:/work/jqwik_out/Closure_82/auto_round1_tries200_seed1/classes_b -Dpbt.mode=record -jar /workspace/lib/jqwik/junit-platform-console-standalone-1.9.3.jar --disable-banner --details tree --class-path /work/jqwik_out/Closure_82/auto_round1_tries200_seed1/classes_f:/work/Closure_82f/build/classes:/work/Closure_82f/lib/args4j.jar:/work/Closure_82f/lib/guava.jar:/work/Closure_82f/lib/jsr305.jar:/work/Closure_82f/lib/libtrunk_rhino_parser_jarjared.jar:/work/Closure_82f/lib/protobuf-java.jar:/work/Closure_82f/lib/ant.jar:/work/Closure_82f/lib/ant-launcher.jar:/work/Closure_82f/lib/caja-r4314.jar:/work/Closure_82f/lib/json.jar:/work/Closure_82f/lib/junit.jar:/work/Closure_82f/build/test:/work/jqwik_harness:/workspace/lib/jqwik/jqwik-1.7.4.jar:/workspace/lib/jqwik/jqwik-api-1.7.4.jar:/workspace/lib/jqwik/jqwik-engine-1.7.4.jar --scan-class-path /work/jqwik_out/Closure_82/auto_round1_tries200_seed1/classes_f --include-classname .* --include-engine jqwik --config jqwik.database=/workspace/jqwik/Result_auto_Round1/Closure_82/tries200_seed1/reports_record/jqwik-database --config jqwik.tries.default=200 --reports-dir /workspace/jqwik/Result_auto_Round1/Closure_82/tries200_seed1/reports_record
bjectContext[0m [32m✔[0m
[36m      ├─[0m [34mm007 differsFrom[0m [32m✔[0m
[36m      ├─[0m [34mm060 isStringValueType[0m [32m✔[0m
[36m      ├─[0m [34mm035 isEnumElementType[0m [32m✔[0m
[36m      ├─[0m [34mm078 testForEqualityHelper[0m [32m✔[0m
[36m      ├─[0m [34mm074 safeResolve[0m [32m✔[0m
[36m      ├─[0m [34mm065 isUnknownType[0m [32m✔[0m
[36m      ├─[0m [34mm016 getJSDocInfo[0m [32m✔[0m
[36m      ├─[0m [34mm022 getTypesUnderInequality[0m [32m✔[0m
[36m      ├─[0m [34mm037 isEquivalent[0m [32m✔[0m
[36m      ├─[0m [34mm038 isEquivalentTo[0m [32m✔[0m
[36m      ├─[0m [34mm080 toObjectType[0m [32m✔[0m
[36m      ├─[0m [34mm020 getRestrictedTypeGivenToBooleanOutcome[0m [32m✔[0m
[36m      ├─[0m [34mm011 forceResolve[0m [32m✔[0m
[36m      ├─[0m [34mm064 isUnionType[0m [32m✔[0m
[36m      ├─[0m [34mm028 isArrayType[0m [32m✔[0m
[36m      ├─[0m [34mm041 isInstanceType[0m [32m✔[0m
[36m      ├─[0m [34mm021 getTypesUnderEquality[0m [32m✔[0m
[36m      ├─[0m [34mm012 forgiveUnknownNames[0m [32m✔[0m
[36m      ├─[0m [34mm052 isNumberValueType[0m [32m✔[0m
[36m      ├─[0m [34mm008 equals[0m [32m✔[0m
[36m      ├─[0m [34mm061 isSubtype[0m [32m✔[0m
[36m      ├─[0m [34mm018 getLeastSupertype[0m [32m✔[0m
[36m      ├─[0m [34mm068 matchesNumberContext[0m [32m✔[0m
[36m      ├─[0m [34mm000 autoboxesTo[0m [32m✔[0m
[36m      ├─[0m [34mm034 isEmptyType[0m [32m✔[0m
[36m      ├─[0m [34mm081 unboxesTo[0m [32m✔[0m
[36m      ├─[0m [34mm067 matchesInt32Context[0m [32m✔[0m
[36m      ├─[0m [34mm033 isDateType[0m [32m✔[0m
[36m      ├─[0m [34mm066 isVoidType[0m [32m✔[0m
[36m      ├─[0m [34mm070 matchesStringContext[0m [32m✔[0m
[36m      ├─[0m [34mm055 isRecordType[0m [32m✔[0m
[36m      ├─[0m [34mm076 setValidator[0m [32m✔[0m
[36m      ├─[0m [34mm040 isFunctionType[0m [32m✔[0m
[36m      ├─[0m [34mm058 isString[0m [32m✔[0m
[36m      ├─[0m [34mm024 getTypesUnderShallowInequality[0m [32m✔[0m
[36m      ├─[0m [34mcontract equalsHashCode[0m [32m✔[0m
[36m      ├─[0m [34mm054 isOrdinaryFunction[0m [32m✔[0m
[36m      ├─[0m [34mm051 isNumberObjectType[0m [32m✔[0m
[36m      ├─[0m [34mm005 clearResolved[0m [32m✔[0m
[36m      ├─[0m [34mm017 getLeastSupertype[0m [32m✔[0m
[36m      ├─[0m [34mm030 isBooleanValueType[0m [32m✔[0m
[36m      ├─[0m [34mm036 isEnumType[0m [32m✔[0m
[36m      ├─[0m [34mm023 getTypesUnderShallowEquality[0m [32m✔[0m
[36m      ├─[0m [34mm059 isStringObjectType[0m [32m✔[0m
[36m      ├─[0m [34mm048 isNullType[0m [32m✔[0m
[36m      ├─[0m [34mm031 isCheckedUnknownType[0m [32m✔[0m
[36m      ├─[0m [34mm044 isNoObjectType[0m [32m✔[0m
[36m      ├─[0m [34mm049 isNullable[0m [32m✔[0m
[36m      ├─[0m [34mm013 getDisplayName[0m [32m✔[0m
[36m      ├─[0m [34mm004 canTestForShallowEqualityWith[0m [32m✔[0m
[36m      ├─[0m [34mm032 isConstructor[0m [32m✔[0m
[36m      ├─[0m [34mm053 isObject[0m [32m✔[0m
[36m      ├─[0m [34mm062 isTemplateType[0m [32m✔[0m
[36m      ├─[0m [34mm072 resolve[0m [32m✔[0m
[36m      ├─[0m [34mm045 isNoResolvedType[0m [32m✔[0m
[36m      ├─[0m [34mm029 isBooleanObjectType[0m [32m✔[0m
[36m      ├─[0m [34mm047 isNominalType[0m [32m✔[0m
[36m      ├─[0m [34mm019 getNativeType[0m [32m✔[0m
[36m      └─[0m [34mm073 restrictByNotNullOrUndefined[0m [32m✔[0m

Test run finished after 7764 ms
[         2 containers found      ]
[         0 containers skipped    ]
[         2 containers started    ]
[         0 containers aborted    ]
[         2 containers successful ]
[         0 containers failed     ]
[        83 tests found           ]
[         0 tests skipped         ]
[        83 tests started         ]
[         0 tests aborted         ]
[        83 tests successful      ]
[         0 tests failed          ]


[exit=0 timeout=False time=9.2s]

$ java -Djava.awt.headless=true -Xss4m -Xmx1g -Dpbt.seed=1 -Dpbt.tries=200 -Dpbt.snapshot.dir=/work/jqwik_out/Closure_82/auto_round1_tries200_seed1/snapshots -Dpbt.propertyBudgetMs=5000 -Dpbt.mask=/work/Closure_82f:/work/Closure_82b:/work/jqwik_out/Closure_82/auto_round1_tries200_seed1/classes_f:/work/jqwik_out/Closure_82/auto_round1_tries200_seed1/classes_b -Dpbt.mode=check -javaagent:/opt/jacoco/lib/jacocoagent.jar=destfile=/workspace/jqwik/Result_auto_Round1/Closure_82/tries200_seed1/jacoco.exec -jar /workspace/lib/jqwik/junit-platform-console-standalone-1.9.3.jar --disable-banner --details tree --class-path /work/jqwik_out/Closure_82/auto_round1_tries200_seed1/classes_f:/work/Closure_82f/build/classes:/work/Closure_82f/lib/args4j.jar:/work/Closure_82f/lib/guava.jar:/work/Closure_82f/lib/jsr305.jar:/work/Closure_82f/lib/libtrunk_rhino_parser_jarjared.jar:/work/Closure_82f/lib/protobuf-java.jar:/work/Closure_82f/lib/ant.jar:/work/Closure_82f/lib/ant-launcher.jar:/work/Closure_82f/lib/caja-r4314.jar:/work/Closure_82f/lib/json.jar:/work/Closure_82f/lib/junit.jar:/work/Closure_82f/build/test:/work/jqwik_harness:/workspace/lib/jqwik/jqwik-1.7.4.jar:/workspace/lib/jqwik/jqwik-api-1.7.4.jar:/workspace/lib/jqwik/jqwik-engine-1.7.4.jar --scan-class-path /work/jqwik_out/Closure_82/auto_round1_tries200_seed1/classes_f --include-classname .* --include-engine jqwik --config jqwik.database=/workspace/jqwik/Result_auto_Round1/Closure_82/tries200_seed1/reports_fixed/jqwik-database --config jqwik.tries.default=200 --reports-dir /workspace/jqwik/Result_auto_Round1/Closure_82/tries200_seed1/reports_fixed
bjectContext[0m [32m✔[0m
[36m      ├─[0m [34mm007 differsFrom[0m [32m✔[0m
[36m      ├─[0m [34mm060 isStringValueType[0m [32m✔[0m
[36m      ├─[0m [34mm035 isEnumElementType[0m [32m✔[0m
[36m      ├─[0m [34mm078 testForEqualityHelper[0m [32m✔[0m
[36m      ├─[0m [34mm074 safeResolve[0m [32m✔[0m
[36m      ├─[0m [34mm065 isUnknownType[0m [32m✔[0m
[36m      ├─[0m [34mm016 getJSDocInfo[0m [32m✔[0m
[36m      ├─[0m [34mm022 getTypesUnderInequality[0m [32m✔[0m
[36m      ├─[0m [34mm037 isEquivalent[0m [32m✔[0m
[36m      ├─[0m [34mm038 isEquivalentTo[0m [32m✔[0m
[36m      ├─[0m [34mm080 toObjectType[0m [32m✔[0m
[36m      ├─[0m [34mm020 getRestrictedTypeGivenToBooleanOutcome[0m [32m✔[0m
[36m      ├─[0m [34mm011 forceResolve[0m [32m✔[0m
[36m      ├─[0m [34mm064 isUnionType[0m [32m✔[0m
[36m      ├─[0m [34mm028 isArrayType[0m [32m✔[0m
[36m      ├─[0m [34mm041 isInstanceType[0m [32m✔[0m
[36m      ├─[0m [34mm021 getTypesUnderEquality[0m [32m✔[0m
[36m      ├─[0m [34mm012 forgiveUnknownNames[0m [32m✔[0m
[36m      ├─[0m [34mm052 isNumberValueType[0m [32m✔[0m
[36m      ├─[0m [34mm008 equals[0m [32m✔[0m
[36m      ├─[0m [34mm061 isSubtype[0m [32m✔[0m
[36m      ├─[0m [34mm018 getLeastSupertype[0m [32m✔[0m
[36m      ├─[0m [34mm068 matchesNumberContext[0m [32m✔[0m
[36m      ├─[0m [34mm000 autoboxesTo[0m [32m✔[0m
[36m      ├─[0m [34mm034 isEmptyType[0m [32m✔[0m
[36m      ├─[0m [34mm081 unboxesTo[0m [32m✔[0m
[36m      ├─[0m [34mm067 matchesInt32Context[0m [32m✔[0m
[36m      ├─[0m [34mm033 isDateType[0m [32m✔[0m
[36m      ├─[0m [34mm066 isVoidType[0m [32m✔[0m
[36m      ├─[0m [34mm070 matchesStringContext[0m [32m✔[0m
[36m      ├─[0m [34mm055 isRecordType[0m [32m✔[0m
[36m      ├─[0m [34mm076 setValidator[0m [32m✔[0m
[36m      ├─[0m [34mm040 isFunctionType[0m [32m✔[0m
[36m      ├─[0m [34mm058 isString[0m [32m✔[0m
[36m      ├─[0m [34mm024 getTypesUnderShallowInequality[0m [32m✔[0m
[36m      ├─[0m [34mcontract equalsHashCode[0m [32m✔[0m
[36m      ├─[0m [34mm054 isOrdinaryFunction[0m [32m✔[0m
[36m      ├─[0m [34mm051 isNumberObjectType[0m [32m✔[0m
[36m      ├─[0m [34mm005 clearResolved[0m [32m✔[0m
[36m      ├─[0m [34mm017 getLeastSupertype[0m [32m✔[0m
[36m      ├─[0m [34mm030 isBooleanValueType[0m [32m✔[0m
[36m      ├─[0m [34mm036 isEnumType[0m [32m✔[0m
[36m      ├─[0m [34mm023 getTypesUnderShallowEquality[0m [32m✔[0m
[36m      ├─[0m [34mm059 isStringObjectType[0m [32m✔[0m
[36m      ├─[0m [34mm048 isNullType[0m [32m✔[0m
[36m      ├─[0m [34mm031 isCheckedUnknownType[0m [32m✔[0m
[36m      ├─[0m [34mm044 isNoObjectType[0m [32m✔[0m
[36m      ├─[0m [34mm049 isNullable[0m [32m✔[0m
[36m      ├─[0m [34mm013 getDisplayName[0m [32m✔[0m
[36m      ├─[0m [34mm004 canTestForShallowEqualityWith[0m [32m✔[0m
[36m      ├─[0m [34mm032 isConstructor[0m [32m✔[0m
[36m      ├─[0m [34mm053 isObject[0m [32m✔[0m
[36m      ├─[0m [34mm062 isTemplateType[0m [32m✔[0m
[36m      ├─[0m [34mm072 resolve[0m [32m✔[0m
[36m      ├─[0m [34mm045 isNoResolvedType[0m [32m✔[0m
[36m      ├─[0m [34mm029 isBooleanObjectType[0m [32m✔[0m
[36m      ├─[0m [34mm047 isNominalType[0m [32m✔[0m
[36m      ├─[0m [34mm019 getNativeType[0m [32m✔[0m
[36m      └─[0m [34mm073 restrictByNotNullOrUndefined[0m [32m✔[0m

Test run finished after 7927 ms
[         2 containers found      ]
[         0 containers skipped    ]
[         2 containers started    ]
[         0 containers aborted    ]
[         2 containers successful ]
[         0 containers failed     ]
[        83 tests found           ]
[         0 tests skipped         ]
[        83 tests started         ]
[         0 tests aborted         ]
[        83 tests successful      ]
[         0 tests failed          ]


[exit=0 timeout=False time=15.0s]

$ java -jar /opt/jacoco/lib/jacococli.jar report /workspace/jqwik/Result_auto_Round1/Closure_82/tries200_seed1/jacoco.exec --classfiles /work/Closure_82f/build/classes --csv /workspace/jqwik/Result_auto_Round1/Closure_82/tries200_seed1/jacoco.csv
[INFO] Loading execution data file /workspace/jqwik/Result_auto_Round1/Closure_82/tries200_seed1/jacoco.exec.
[INFO] Analyzing 980 classes.

[exit=0 timeout=False time=0.7s]

$ java -Djava.awt.headless=true -Xss4m -Xmx1g -Dpbt.seed=1 -Dpbt.tries=200 -Dpbt.snapshot.dir=/work/jqwik_out/Closure_82/auto_round1_tries200_seed1/snapshots -Dpbt.propertyBudgetMs=5000 -Dpbt.mask=/work/Closure_82f:/work/Closure_82b:/work/jqwik_out/Closure_82/auto_round1_tries200_seed1/classes_f:/work/jqwik_out/Closure_82/auto_round1_tries200_seed1/classes_b -Dpbt.mode=check -jar /workspace/lib/jqwik/junit-platform-console-standalone-1.9.3.jar --disable-banner --details tree --class-path /work/jqwik_out/Closure_82/auto_round1_tries200_seed1/classes_b:/work/Closure_82b/build/classes:/work/Closure_82b/lib/args4j.jar:/work/Closure_82b/lib/guava.jar:/work/Closure_82b/lib/jsr305.jar:/work/Closure_82b/lib/libtrunk_rhino_parser_jarjared.jar:/work/Closure_82b/lib/protobuf-java.jar:/work/Closure_82b/lib/ant.jar:/work/Closure_82b/lib/ant-launcher.jar:/work/Closure_82b/lib/caja-r4314.jar:/work/Closure_82b/lib/json.jar:/work/Closure_82b/lib/junit.jar:/work/Closure_82b/build/test:/work/jqwik_harness:/workspace/lib/jqwik/jqwik-1.7.4.jar:/workspace/lib/jqwik/jqwik-api-1.7.4.jar:/workspace/lib/jqwik/jqwik-engine-1.7.4.jar --scan-class-path /work/jqwik_out/Closure_82/auto_round1_tries200_seed1/classes_b --include-classname .* --include-engine jqwik --config jqwik.database=/workspace/jqwik/Result_auto_Round1/Closure_82/tries200_seed1/reports_buggy/jqwik-database --config jqwik.tries.default=200 --reports-dir /workspace/jqwik/Result_auto_Round1/Closure_82/tries200_seed1/reports_buggy
bjectContext[0m [32m✔[0m
[36m      ├─[0m [34mm007 differsFrom[0m [32m✔[0m
[36m      ├─[0m [34mm060 isStringValueType[0m [32m✔[0m
[36m      ├─[0m [34mm035 isEnumElementType[0m [32m✔[0m
[36m      ├─[0m [34mm078 testForEqualityHelper[0m [32m✔[0m
[36m      ├─[0m [34mm074 safeResolve[0m [32m✔[0m
[36m      ├─[0m [34mm065 isUnknownType[0m [32m✔[0m
[36m      ├─[0m [34mm016 getJSDocInfo[0m [32m✔[0m
[36m      ├─[0m [34mm022 getTypesUnderInequality[0m [32m✔[0m
[36m      ├─[0m [34mm037 isEquivalent[0m [32m✔[0m
[36m      ├─[0m [34mm038 isEquivalentTo[0m [32m✔[0m
[36m      ├─[0m [34mm080 toObjectType[0m [32m✔[0m
[36m      ├─[0m [34mm020 getRestrictedTypeGivenToBooleanOutcome[0m [32m✔[0m
[36m      ├─[0m [34mm011 forceResolve[0m [32m✔[0m
[36m      ├─[0m [34mm064 isUnionType[0m [32m✔[0m
[36m      ├─[0m [34mm028 isArrayType[0m [32m✔[0m
[36m      ├─[0m [34mm041 isInstanceType[0m [32m✔[0m
[36m      ├─[0m [34mm021 getTypesUnderEquality[0m [32m✔[0m
[36m      ├─[0m [34mm012 forgiveUnknownNames[0m [32m✔[0m
[36m      ├─[0m [34mm052 isNumberValueType[0m [32m✔[0m
[36m      ├─[0m [34mm008 equals[0m [32m✔[0m
[36m      ├─[0m [34mm061 isSubtype[0m [32m✔[0m
[36m      ├─[0m [34mm018 getLeastSupertype[0m [32m✔[0m
[36m      ├─[0m [34mm068 matchesNumberContext[0m [32m✔[0m
[36m      ├─[0m [34mm000 autoboxesTo[0m [32m✔[0m
[36m      ├─[0m [34mm034 isEmptyType[0m [32m✔[0m
[36m      ├─[0m [34mm081 unboxesTo[0m [32m✔[0m
[36m      ├─[0m [34mm067 matchesInt32Context[0m [32m✔[0m
[36m      ├─[0m [34mm033 isDateType[0m [32m✔[0m
[36m      ├─[0m [34mm066 isVoidType[0m [32m✔[0m
[36m      ├─[0m [34mm070 matchesStringContext[0m [32m✔[0m
[36m      ├─[0m [34mm055 isRecordType[0m [32m✔[0m
[36m      ├─[0m [34mm076 setValidator[0m [32m✔[0m
[36m      ├─[0m [34mm040 isFunctionType[0m [32m✔[0m
[36m      ├─[0m [34mm058 isString[0m [32m✔[0m
[36m      ├─[0m [34mm024 getTypesUnderShallowInequality[0m [32m✔[0m
[36m      ├─[0m [34mcontract equalsHashCode[0m [32m✔[0m
[36m      ├─[0m [34mm054 isOrdinaryFunction[0m [32m✔[0m
[36m      ├─[0m [34mm051 isNumberObjectType[0m [32m✔[0m
[36m      ├─[0m [34mm005 clearResolved[0m [32m✔[0m
[36m      ├─[0m [34mm017 getLeastSupertype[0m [32m✔[0m
[36m      ├─[0m [34mm030 isBooleanValueType[0m [32m✔[0m
[36m      ├─[0m [34mm036 isEnumType[0m [32m✔[0m
[36m      ├─[0m [34mm023 getTypesUnderShallowEquality[0m [32m✔[0m
[36m      ├─[0m [34mm059 isStringObjectType[0m [32m✔[0m
[36m      ├─[0m [34mm048 isNullType[0m [32m✔[0m
[36m      ├─[0m [34mm031 isCheckedUnknownType[0m [32m✔[0m
[36m      ├─[0m [34mm044 isNoObjectType[0m [32m✔[0m
[36m      ├─[0m [34mm049 isNullable[0m [32m✔[0m
[36m      ├─[0m [34mm013 getDisplayName[0m [32m✔[0m
[36m      ├─[0m [34mm004 canTestForShallowEqualityWith[0m [32m✔[0m
[36m      ├─[0m [34mm032 isConstructor[0m [32m✔[0m
[36m      ├─[0m [34mm053 isObject[0m [32m✔[0m
[36m      ├─[0m [34mm062 isTemplateType[0m [32m✔[0m
[36m      ├─[0m [34mm072 resolve[0m [32m✔[0m
[36m      ├─[0m [34mm045 isNoResolvedType[0m [32m✔[0m
[36m      ├─[0m [34mm029 isBooleanObjectType[0m [32m✔[0m
[36m      ├─[0m [34mm047 isNominalType[0m [32m✔[0m
[36m      ├─[0m [34mm019 getNativeType[0m [32m✔[0m
[36m      └─[0m [34mm073 restrictByNotNullOrUndefined[0m [32m✔[0m

Test run finished after 8304 ms
[         2 containers found      ]
[         0 containers skipped    ]
[         2 containers started    ]
[         0 containers aborted    ]
[         2 containers successful ]
[         0 containers failed     ]
[        83 tests found           ]
[         0 tests skipped         ]
[        83 tests started         ]
[         0 tests aborted         ]
[        83 tests successful      ]
[         0 tests failed          ]


[exit=0 timeout=False time=9.3s]
