
$ javac -nowarn -encoding UTF-8 -cp /work/Closure_1f/build/classes:/work/Closure_1f/lib/args4j.jar:/work/Closure_1f/lib/guava.jar:/work/Closure_1f/lib/json.jar:/work/Closure_1f/lib/jsr305.jar:/work/Closure_1f/lib/protobuf-java.jar:/work/Closure_1f/build/lib/rhino.jar:/work/Closure_1f/lib/ant.jar:/work/Closure_1f/lib/ant-launcher.jar:/work/Closure_1f/lib/caja-r4314.jar:/work/Closure_1f/lib/jarjar.jar:/work/Closure_1f/lib/junit.jar:/work/Closure_1f/build/test:/work/jqwik_harness:/workspace/lib/jqwik/jqwik-1.7.4.jar:/workspace/lib/jqwik/jqwik-api-1.7.4.jar:/workspace/lib/jqwik/jqwik-engine-1.7.4.jar -d /work/jqwik_out/Closure_1/auto_round1_tries200_seed2/classes_f /workspace/jqwik/Auto/Closure_1/com/google/javascript/jscomp/RemoveUnusedVars_AutoPbtTest.java

[exit=0 timeout=False time=2.4s]

$ javac -nowarn -encoding UTF-8 -cp /work/Closure_1b/build/classes:/work/Closure_1b/lib/args4j.jar:/work/Closure_1b/lib/guava.jar:/work/Closure_1b/lib/json.jar:/work/Closure_1b/lib/jsr305.jar:/work/Closure_1b/lib/protobuf-java.jar:/work/Closure_1b/build/lib/rhino.jar:/work/Closure_1b/lib/ant.jar:/work/Closure_1b/lib/ant-launcher.jar:/work/Closure_1b/lib/caja-r4314.jar:/work/Closure_1b/lib/jarjar.jar:/work/Closure_1b/lib/junit.jar:/work/Closure_1b/build/test:/work/jqwik_harness:/workspace/lib/jqwik/jqwik-1.7.4.jar:/workspace/lib/jqwik/jqwik-api-1.7.4.jar:/workspace/lib/jqwik/jqwik-engine-1.7.4.jar -d /work/jqwik_out/Closure_1/auto_round1_tries200_seed2/classes_b /workspace/jqwik/Auto/Closure_1/com/google/javascript/jscomp/RemoveUnusedVars_AutoPbtTest.java

[exit=0 timeout=False time=1.8s]

$ java -Djava.awt.headless=true -Xss4m -Xmx1g -Dpbt.seed=2 -Dpbt.tries=200 -Dpbt.snapshot.dir=/work/jqwik_out/Closure_1/auto_round1_tries200_seed2/snapshots -Dpbt.propertyBudgetMs=5000 -Dpbt.mask=/work/Closure_1f:/work/Closure_1b:/work/jqwik_out/Closure_1/auto_round1_tries200_seed2/classes_f:/work/jqwik_out/Closure_1/auto_round1_tries200_seed2/classes_b -Dpbt.mode=record -jar /workspace/lib/jqwik/junit-platform-console-standalone-1.9.3.jar --disable-banner --details tree --class-path /work/jqwik_out/Closure_1/auto_round1_tries200_seed2/classes_f:/work/Closure_1f/build/classes:/work/Closure_1f/lib/args4j.jar:/work/Closure_1f/lib/guava.jar:/work/Closure_1f/lib/json.jar:/work/Closure_1f/lib/jsr305.jar:/work/Closure_1f/lib/protobuf-java.jar:/work/Closure_1f/build/lib/rhino.jar:/work/Closure_1f/lib/ant.jar:/work/Closure_1f/lib/ant-launcher.jar:/work/Closure_1f/lib/caja-r4314.jar:/work/Closure_1f/lib/jarjar.jar:/work/Closure_1f/lib/junit.jar:/work/Closure_1f/build/test:/work/jqwik_harness:/workspace/lib/jqwik/jqwik-1.7.4.jar:/workspace/lib/jqwik/jqwik-api-1.7.4.jar:/workspace/lib/jqwik/jqwik-engine-1.7.4.jar --scan-class-path /work/jqwik_out/Closure_1/auto_round1_tries200_seed2/classes_f --include-classname .* --include-engine jqwik --config jqwik.database=/workspace/jqwik/Result_auto_Round1/Closure_1/tries200_seed2/reports_record/jqwik-database --config jqwik.tries.default=200 --reports-dir /workspace/jqwik/Result_auto_Round1/Closure_1/tries200_seed2/reports_record
timestamp = 2026-09-30T20:51:07.061208, RemoveUnusedVars AutoPbtTest:m001 process = 
                              |-----------------------jqwik-----------------------
tries = 200                   | # of calls to property
checks = 200                  | # of not rejected calls
generation = RANDOMIZED       | parameters are randomly generated
after-failure = SAMPLE_FIRST  | try previously failed sample, then previous seed
when-fixed-seed = ALLOW       | fixing the random seed is allowed
edge-cases#mode = NONE        | edge cases are not explicitly generated
seed = 2                      | random seed to reproduce generated values


timestamp = 2026-09-30T20:51:07.394121, RemoveUnusedVars AutoPbtTest:m000 process = 
                              |-----------------------jqwik-----------------------
tries = 200                   | # of calls to property
checks = 200                  | # of not rejected calls
generation = RANDOMIZED       | parameters are randomly generated
after-failure = SAMPLE_FIRST  | try previously failed sample, then previous seed
when-fixed-seed = ALLOW       | fixing the random seed is allowed
edge-cases#mode = NONE        | edge cases are not explicitly generated
seed = 2                      | random seed to reproduce generated values


[36m╷[0m
[36m└─[0m [36mjqwik (JUnit Platform)[0m [32m✔[0m
[36m   └─[0m [36mRemoveUnusedVars AutoPbtTest[0m [32m✔[0m
[36m      ├─[0m [34mm001 process[0m [32m✔[0m
[36m      └─[0m [34mm000 process[0m [32m✔[0m

Test run finished after 2373 ms
[         2 containers found      ]
[         0 containers skipped    ]
[         2 containers started    ]
[         0 containers aborted    ]
[         2 containers successful ]
[         0 containers failed     ]
[         2 tests found           ]
[         0 tests skipped         ]
[         2 tests started         ]
[         0 tests aborted         ]
[         2 tests successful      ]
[         0 tests failed          ]


[exit=0 timeout=False time=4.5s]

$ java -Djava.awt.headless=true -Xss4m -Xmx1g -Dpbt.seed=2 -Dpbt.tries=200 -Dpbt.snapshot.dir=/work/jqwik_out/Closure_1/auto_round1_tries200_seed2/snapshots -Dpbt.propertyBudgetMs=5000 -Dpbt.mask=/work/Closure_1f:/work/Closure_1b:/work/jqwik_out/Closure_1/auto_round1_tries200_seed2/classes_f:/work/jqwik_out/Closure_1/auto_round1_tries200_seed2/classes_b -Dpbt.mode=check -javaagent:/opt/jacoco/lib/jacocoagent.jar=destfile=/workspace/jqwik/Result_auto_Round1/Closure_1/tries200_seed2/jacoco.exec -jar /workspace/lib/jqwik/junit-platform-console-standalone-1.9.3.jar --disable-banner --details tree --class-path /work/jqwik_out/Closure_1/auto_round1_tries200_seed2/classes_f:/work/Closure_1f/build/classes:/work/Closure_1f/lib/args4j.jar:/work/Closure_1f/lib/guava.jar:/work/Closure_1f/lib/json.jar:/work/Closure_1f/lib/jsr305.jar:/work/Closure_1f/lib/protobuf-java.jar:/work/Closure_1f/build/lib/rhino.jar:/work/Closure_1f/lib/ant.jar:/work/Closure_1f/lib/ant-launcher.jar:/work/Closure_1f/lib/caja-r4314.jar:/work/Closure_1f/lib/jarjar.jar:/work/Closure_1f/lib/junit.jar:/work/Closure_1f/build/test:/work/jqwik_harness:/workspace/lib/jqwik/jqwik-1.7.4.jar:/workspace/lib/jqwik/jqwik-api-1.7.4.jar:/workspace/lib/jqwik/jqwik-engine-1.7.4.jar --scan-class-path /work/jqwik_out/Closure_1/auto_round1_tries200_seed2/classes_f --include-classname .* --include-engine jqwik --config jqwik.database=/workspace/jqwik/Result_auto_Round1/Closure_1/tries200_seed2/reports_fixed/jqwik-database --config jqwik.tries.default=200 --reports-dir /workspace/jqwik/Result_auto_Round1/Closure_1/tries200_seed2/reports_fixed
timestamp = 2026-09-30T20:51:13.116105, RemoveUnusedVars AutoPbtTest:m001 process = 
                              |-----------------------jqwik-----------------------
tries = 200                   | # of calls to property
checks = 200                  | # of not rejected calls
generation = RANDOMIZED       | parameters are randomly generated
after-failure = SAMPLE_FIRST  | try previously failed sample, then previous seed
when-fixed-seed = ALLOW       | fixing the random seed is allowed
edge-cases#mode = NONE        | edge cases are not explicitly generated
seed = 2                      | random seed to reproduce generated values


timestamp = 2026-09-30T20:51:13.515417, RemoveUnusedVars AutoPbtTest:m000 process = 
                              |-----------------------jqwik-----------------------
tries = 200                   | # of calls to property
checks = 200                  | # of not rejected calls
generation = RANDOMIZED       | parameters are randomly generated
after-failure = SAMPLE_FIRST  | try previously failed sample, then previous seed
when-fixed-seed = ALLOW       | fixing the random seed is allowed
edge-cases#mode = NONE        | edge cases are not explicitly generated
seed = 2                      | random seed to reproduce generated values


[36m╷[0m
[36m└─[0m [36mjqwik (JUnit Platform)[0m [32m✔[0m
[36m   └─[0m [36mRemoveUnusedVars AutoPbtTest[0m [32m✔[0m
[36m      ├─[0m [34mm001 process[0m [32m✔[0m
[36m      └─[0m [34mm000 process[0m [32m✔[0m

Test run finished after 3377 ms
[         2 containers found      ]
[         0 containers skipped    ]
[         2 containers started    ]
[         0 containers aborted    ]
[         2 containers successful ]
[         0 containers failed     ]
[         2 tests found           ]
[         0 tests skipped         ]
[         2 tests started         ]
[         0 tests aborted         ]
[         2 tests successful      ]
[         0 tests failed          ]


[exit=0 timeout=False time=13.1s]

$ java -jar /opt/jacoco/lib/jacococli.jar report /workspace/jqwik/Result_auto_Round1/Closure_1/tries200_seed2/jacoco.exec --classfiles /work/Closure_1f/build/classes --csv /workspace/jqwik/Result_auto_Round1/Closure_1/tries200_seed2/jacoco.csv
[INFO] Loading execution data file /workspace/jqwik/Result_auto_Round1/Closure_1/tries200_seed2/jacoco.exec.
[INFO] Analyzing 1178 classes.

[exit=0 timeout=False time=1.0s]

$ java -Djava.awt.headless=true -Xss4m -Xmx1g -Dpbt.seed=2 -Dpbt.tries=200 -Dpbt.snapshot.dir=/work/jqwik_out/Closure_1/auto_round1_tries200_seed2/snapshots -Dpbt.propertyBudgetMs=5000 -Dpbt.mask=/work/Closure_1f:/work/Closure_1b:/work/jqwik_out/Closure_1/auto_round1_tries200_seed2/classes_f:/work/jqwik_out/Closure_1/auto_round1_tries200_seed2/classes_b -Dpbt.mode=check -jar /workspace/lib/jqwik/junit-platform-console-standalone-1.9.3.jar --disable-banner --details tree --class-path /work/jqwik_out/Closure_1/auto_round1_tries200_seed2/classes_b:/work/Closure_1b/build/classes:/work/Closure_1b/lib/args4j.jar:/work/Closure_1b/lib/guava.jar:/work/Closure_1b/lib/json.jar:/work/Closure_1b/lib/jsr305.jar:/work/Closure_1b/lib/protobuf-java.jar:/work/Closure_1b/build/lib/rhino.jar:/work/Closure_1b/lib/ant.jar:/work/Closure_1b/lib/ant-launcher.jar:/work/Closure_1b/lib/caja-r4314.jar:/work/Closure_1b/lib/jarjar.jar:/work/Closure_1b/lib/junit.jar:/work/Closure_1b/build/test:/work/jqwik_harness:/workspace/lib/jqwik/jqwik-1.7.4.jar:/workspace/lib/jqwik/jqwik-api-1.7.4.jar:/workspace/lib/jqwik/jqwik-engine-1.7.4.jar --scan-class-path /work/jqwik_out/Closure_1/auto_round1_tries200_seed2/classes_b --include-classname .* --include-engine jqwik --config jqwik.database=/workspace/jqwik/Result_auto_Round1/Closure_1/tries200_seed2/reports_buggy/jqwik-database --config jqwik.tries.default=200 --reports-dir /workspace/jqwik/Result_auto_Round1/Closure_1/tries200_seed2/reports_buggy
timestamp = 2026-09-30T20:51:25.585309, RemoveUnusedVars AutoPbtTest:m001 process = 
                              |-----------------------jqwik-----------------------
tries = 200                   | # of calls to property
checks = 200                  | # of not rejected calls
generation = RANDOMIZED       | parameters are randomly generated
after-failure = SAMPLE_FIRST  | try previously failed sample, then previous seed
when-fixed-seed = ALLOW       | fixing the random seed is allowed
edge-cases#mode = NONE        | edge cases are not explicitly generated
seed = 2                      | random seed to reproduce generated values


timestamp = 2026-09-30T20:51:25.949262, RemoveUnusedVars AutoPbtTest:m000 process = 
                              |-----------------------jqwik-----------------------
tries = 200                   | # of calls to property
checks = 200                  | # of not rejected calls
generation = RANDOMIZED       | parameters are randomly generated
after-failure = SAMPLE_FIRST  | try previously failed sample, then previous seed
when-fixed-seed = ALLOW       | fixing the random seed is allowed
edge-cases#mode = NONE        | edge cases are not explicitly generated
seed = 2                      | random seed to reproduce generated values


[36m╷[0m
[36m└─[0m [36mjqwik (JUnit Platform)[0m [32m✔[0m
[36m   └─[0m [36mRemoveUnusedVars AutoPbtTest[0m [32m✔[0m
[36m      ├─[0m [34mm001 process[0m [32m✔[0m
[36m      └─[0m [34mm000 process[0m [32m✔[0m

Test run finished after 1966 ms
[         2 containers found      ]
[         0 containers skipped    ]
[         2 containers started    ]
[         0 containers aborted    ]
[         2 containers successful ]
[         0 containers failed     ]
[         2 tests found           ]
[         0 tests skipped         ]
[         2 tests started         ]
[         0 tests aborted         ]
[         2 tests successful      ]
[         0 tests failed          ]


[exit=0 timeout=False time=3.0s]
