
$ defects4j checkout -p Gson -v 6f -w /work/Gson_6f
Checking out dea30550 to /work/Gson_6f..................................... OK
Init local repository...................................................... OK
Tag post-fix revision...................................................... OK
Apply patch................................................................ OK
Copy generated Ant build file.............................................. OK
Run post-checkout hook..................................................... OK
Initialize fixed program version........................................... OK
Apply patch................................................................ OK
Initialize buggy program version........................................... OK
Diff dea30550:67bd3a2c..................................................... OK
Apply patch................................................................ OK
Tag pre-fix revision....................................................... OK
Check out program version: Gson-6f......................................... OK

[exit=0 timeout=False time=0.4s]

$ defects4j compile -w /work/Gson_6f
Running ant (compile)...................................................... OK
Running ant (compile.tests)................................................ OK

[exit=0 timeout=False time=4.2s]

$ defects4j checkout -p Gson -v 6b -w /work/Gson_6b
Checking out dea30550 to /work/Gson_6b..................................... OK
Init local repository...................................................... OK
Tag post-fix revision...................................................... OK
Apply patch................................................................ OK
Copy generated Ant build file.............................................. OK
Run post-checkout hook..................................................... OK
Initialize fixed program version........................................... OK
Apply patch................................................................ OK
Initialize buggy program version........................................... OK
Diff dea30550:67bd3a2c..................................................... OK
Apply patch................................................................ OK
Tag pre-fix revision....................................................... OK
Check out program version: Gson-6b......................................... OK

[exit=0 timeout=False time=0.4s]

$ defects4j compile -w /work/Gson_6b
Running ant (compile)...................................................... OK
Running ant (compile.tests)................................................ OK

[exit=0 timeout=False time=4.1s]

$ java -Djava.awt.headless=true -cp /opt/defects4j/framework/projects/lib/junit-4.12-hamcrest-1.3.jar:/opt/evosuite/evosuite-1.2.0.jar:/work/Gson_6f/target/classes:/work/Gson_6f/target/test-classes:/opt/defects4j/framework/projects/Gson/lib/com/google/code/findbugs/jsr305/3.0.0/jsr305-3.0.0.jar org.evosuite.EvoSuite -generateSuite -class com.google.gson.internal.bind.JsonAdapterAnnotationTypeAdapterFactory -projectCP /opt/defects4j/framework/projects/lib/junit-4.12-hamcrest-1.3.jar:/work/Gson_6f/target/classes:/work/Gson_6f/target/test-classes:/opt/defects4j/framework/projects/Gson/lib/com/google/code/findbugs/jsr305/3.0.0/jsr305-3.0.0.jar -Dcriterion=LINE:BRANCH:EXCEPTION -Dsearch_budget=60 -seed 1 -Dtest_dir=/work/evo_out/Gson_6f/budget60_seed1/tests -Dreport_dir=/work/evo_out/Gson_6f/budget60_seed1/report
* EvoSuite 1.2.0
* Going to generate test cases for class: com.google.gson.internal.bind.JsonAdapterAnnotationTypeAdapterFactory
* Starting Client-0
* Connecting to master process on port 9922
* Analyzing classpath: 
  - /opt/defects4j/framework/projects/lib/junit-4.12-hamcrest-1.3.jar
  - /work/Gson_6f/target/classes
  - /work/Gson_6f/target/test-classes
  - /opt/defects4j/framework/projects/Gson/lib/com/google/code/findbugs/jsr305/3.0.0/jsr305-3.0.0.jar
[MASTER] 23:38:52.287 [logback-1] WARN  InheritanceTree - Class not in inheritance graph: java.util.Locale$IsoCountryCode
* Finished analyzing classpath
* Generating tests for class com.google.gson.internal.bind.JsonAdapterAnnotationTypeAdapterFactory
* Test criteria:
  - Line Coverage
  - Branch Coverage
  - Exception
* Setting up search algorithm for whole suite generation
* Total number of test goals: 
  - Line 21
  - Branch 9
  - Exception 0

[Progress:>                             0%] [Cov:>                                  0%]* Using seed 1
* Starting evolution
[MASTER] 23:38:52.567 [logback-1] WARN  TestCluster - Failed to check cache for com.google.gson.internal.bind.ArrayTypeAdapter<E> : Type points to itself

[Progress:>                             1%] [Cov:====>                              12%]
[Progress:>                             1%] [Cov:=======>                           20%]
[Progress:>                             1%] [Cov:==================>                53%]
[Progress:===>                          10%] [Cov:====>                              12%]
[Progress:===>                          10%] [Cov:=======>                           20%]
[Progress:===>                          10%] [Cov:==================>                53%]
[Progress:=====>                        18%] [Cov:==>                                7%]
[Progress:=====>                        18%] [Cov:===>                               11%]
[Progress:=====>                        18%] [Cov:===============>                   44%]
[Progress:=====>                        18%] [Cov:==================>                53%]
[Progress:=======>                      26%] [Cov:====>                              12%]
[Progress:=======>                      26%] [Cov:=======>                           20%]
[Progress:=======>                      26%] [Cov:==================>                53%]
[Progress:=======>                      26%] [Cov:==================>                53%]
[Progress:=======>                      26%] [Cov:====================>              58%]
[Progress:=======>                      26%] [Cov:========================>          69%]
[Progress:========>                     28%] [Cov:================>                  47%]
[Progress:========>                     28%] [Cov:===================>               55%]
[Progress:========>                     28%] [Cov:=====================>             62%]
[Progress:========>                     28%] [Cov:======================>            64%]
[Progress:========>                     28%] [Cov:========================>          69%]
[Progress:========>                     28%] [Cov:========================>          69%]
[Progress:========>                     28%] [Cov:========================>          69%]
[Progress:========>                     28%] [Cov:========================>          69%]
[Progress:=========>                    30%] [Cov:========================>          69%]
[Progress:=========>                    30%] [Cov:========================>          69%]
[Progress:=========>                    30%] [Cov:========================>          69%]
[Progress:=========>                    30%] [Cov:========================>          69%]
[Progress:=========>                    30%] [Cov:========================>          69%]
[Progress:=========>                    30%] [Cov:========================>          69%]
[Progress:=========>                    30%] [Cov:========================>          69%]
[Progress:=========>                    30%] [Cov:========================>          69%]
[Progress:=========>                    30%] [Cov:========================>          69%]
[Progress:=========>                    30%] [Cov:========================>          69%]
[Progress:=========>                    30%] [Cov:========================>          69%]
[Progress:=========>                    30%] [Cov:========================>          69%]
[Progress:=========>                    31%] [Cov:========================>          69%]
[Progress:=========>                    31%] [Cov:========================>          69%]
[Progress:=========>                    31%] [Cov:========================>          69%]
[Progress:=========>                    31%] [Cov:========================>          69%]
[Progress:=========>                    31%] [Cov:========================>          69%]
[Progress:=========>                    31%] [Cov:========================>          69%]
[Progress:=========>                    31%] [Cov:========================>          69%]
[Progress:=========>                    31%] [Cov:========================>          69%]
[Progress:=========>                    31%] [Cov:========================>          69%]
[Progress:=========>                    31%] [Cov:========================>          69%]
[Progress:=========>                    31%] [Cov:========================>          69%]
[Progress:=========>                    31%] [Cov:========================>          69%]
[Progress:============>                 40%] [Cov:========================>          69%]
[Progress:============>                 40%] [Cov:========================>          69%]
[Progress:============>                 40%] [Cov:========================>          69%]
[Progress:============>                 41%] [Cov:========================>          69%]
[Progress:============>                 41%] [Cov:========================>          69%]
[Progress:============>                 41%] [Cov:========================>          69%]
[Progress:============>                 41%] [Cov:========================>          69%]
[Progress:============>                 41%] [Cov:========================>          69%]
[Progress:============>                 41%] [Cov:========================>          69%]
[Progress:============>                 41%] [Cov:========================>          69%]
[Progress:============>                 41%] [Cov:========================>          69%]
[Progress:============>                 41%] [Cov:========================>          69%]
[Progress:============>                 41%] [Cov:========================>          69%]
[Progress:============>                 41%] [Cov:========================>          69%]
[Progress:===============>              50%] [Cov:========================>          69%]
[Progress:===============>              50%] [Cov:========================>          69%]
[Progress:===============>              50%] [Cov:========================>          69%]
[Progress:===============>              50%] [Cov:========================>          69%]
[Progress:===============>              50%] [Cov:========================>          69%]
[Progress:===============>              50%] [Cov:========================>          69%]
[Progress:===============>              51%] [Cov:========================>          69%]
[Progress:===============>              51%] [Cov:========================>          69%]
[Progress:===============>              51%] [Cov:========================>          69%]
[Progress:===============>              51%] [Cov:========================>          69%]
[Progress:===============>              51%] [Cov:========================>          69%]
[Progress:===============>              51%] [Cov:========================>          69%]
[Progress:===============>              51%] [Cov:========================>          69%]
[Progress:===============>              51%] [Cov:========================>          69%]
[Progress:===============>              51%] [Cov:========================>          69%]
[Progress:===============>              51%] [Cov:========================>          69%]
[Progress:===============>              51%] [Cov:========================>          69%]
[Progress:===============>              51%] [Cov:========================>          69%]
[Progress:===============>              51%] [Cov:========================>          69%]
[Progress:===============>              51%] [Cov:========================>          69%]
[Progress:===============>              51%] [Cov:========================>          69%]
[Progress:===============>              51%] [Cov:========================>          69%]
[Progress:===============>              51%] [Cov:========================>          69%]
[Progress:===============>              51%] [Cov:========================>          69%]
[Progress:===============>              53%] [Cov:========================>          69%]
[Progress:===============>              53%] [Cov:========================>          69%]
[Progress:===============>              53%] [Cov:========================>          69%]
[Progress:===============>              53%] [Cov:========================>          69%]
[Progress:===============>              53%] [Cov:========================>          69%]
[Progress:===============>              53%] [Cov:========================>          69%]
[Progress:===============>              53%] [Cov:========================>          69%]
[Progress:===============>              53%] [Cov:========================>          69%]
[Progress:===============>              53%] [Cov:========================>          69%]
[Progress:===============>              53%] [Cov:========================>          69%]
[Progress:===============>              53%] [Cov:========================>          69%]
[Progress:===============>              53%] [Cov:========================>          69%]
[Progress:===============>              53%] [Cov:========================>          69%]
[Progress:===============>              53%] [Cov:========================>          69%]
[Progress:===============>              53%] [Cov:========================>          69%]
[Progress:===============>              53%] [Cov:========================>          69%]
[Progress:===============>              53%] [Cov:========================>          69%]
[Progress:================>             55%] [Cov:========================>          69%]
[Progress:================>             55%] [Cov:========================>          69%]
[Progress:================>             55%] [Cov:========================>          69%]
[Progress:================>             55%] [Cov:========================>          69%]
[Progress:==================>           63%] [Cov:========================>          69%]
[Progress:==================>           63%] [Cov:========================>          69%]
[Progress:==================>           63%] [Cov:========================>          69%]
[Progress:==================>           63%] [Cov:========================>          69%]
[Progress:==================>           63%] [Cov:========================>          69%]
[Progress:==================>           63%] [Cov:========================>          69%]
[Progress:==================>           63%] [Cov:========================>          69%]
[Progress:==================>           63%] [Cov:========================>          69%]
[Progress:==================>           63%] [Cov:========================>          69%]
[Progress:==================>           63%] [Cov:========================>          69%]
[Progress:==================>           63%] [Cov:========================>          69%]
[Progress:==================>           63%] [Cov:========================>          69%]
[Progress:==================>           63%] [Cov:========================>          69%]
[Progress:==================>           63%] [Cov:========================>          69%]
[Progress:==================>           63%] [Cov:========================>          69%]
[Progress:===================>          65%] [Cov:========================>          69%]
[Progress:===================>          65%] [Cov:========================>          69%]
[Progress:===================>          65%] [Cov:========================>          69%]
[Progress:===================>          65%] [Cov:========================>          69%]
[Progress:===================>          65%] [Cov:========================>          69%]
[Progress:===================>          65%] [Cov:========================>          69%]
[Progress:===================>          65%] [Cov:========================>          69%]
[Progress:===================>          65%] [Cov:========================>          69%]
[Progress:===================>          65%] [Cov:========================>          69%]
[Progress:===================>          65%] [Cov:========================>          69%]
[Progress:===================>          65%] [Cov:========================>          69%]
[Progress:===================>          65%] [Cov:========================>          69%]
[Progress:===================>          65%] [Cov:========================>          69%]
[Progress:===================>          65%] [Cov:========================>          69%]
[Progress:===================>          65%] [Cov:========================>          69%]
[Progress:===================>          65%] [Cov:========================>          69%]
[Progress:===================>          65%] [Cov:========================>          69%]
[Progress:===================>          66%] [Cov:========================>          69%]
[Progress:===================>          66%] [Cov:========================>          69%]
[Progress:===================>          66%] [Cov:========================>          69%]
[Progress:===================>          66%] [Cov:========================>          69%]
[Progress:======================>       75%] [Cov:========================>          69%]
[Progress:======================>       75%] [Cov:========================>          69%]
[Progress:======================>       75%] [Cov:========================>          69%]
[Progress:======================>       75%] [Cov:========================>          69%]
[Progress:======================>       75%] [Cov:========================>          69%]
[Progress:======================>       75%] [Cov:========================>          69%]
[Progress:======================>       75%] [Cov:========================>          69%]
[Progress:======================>       75%] [Cov:========================>          69%]
[Progress:======================>       75%] [Cov:========================>          69%]
[Progress:======================>       75%] [Cov:========================>          69%]
[Progress:======================>       75%] [Cov:========================>          69%]
[Progress:======================>       75%] [Cov:========================>          69%]
[Progress:======================>       75%] [Cov:========================>          69%]
[Progress:======================>       75%] [Cov:========================>          69%]
[Progress:======================>       75%] [Cov:========================>          69%]
[Progress:======================>       75%] [Cov:========================>          69%]
[Progress:======================>       76%] [Cov:========================>          69%]
[Progress:======================>       76%] [Cov:========================>          69%]
[Progress:======================>       76%] [Cov:========================>          69%]
[Progress:======================>       76%] [Cov:========================>          69%]
[Progress:======================>       76%] [Cov:========================>          69%]
[Progress:======================>       76%] [Cov:========================>          69%]
[Progress:======================>       76%] [Cov:========================>          69%]
[Progress:======================>       76%] [Cov:========================>          69%]
[Progress:======================>       76%] [Cov:========================>          69%]
[Progress:======================>       76%] [Cov:========================>          69%]
[Progress:======================>       76%] [Cov:========================>          69%]
[Progress:======================>       76%] [Cov:========================>          69%]
[Progress:======================>       76%] [Cov:========================>          69%]
[Progress:======================>       76%] [Cov:========================>          69%]
[Progress:======================>       76%] [Cov:========================>          69%]
[Progress:======================>       76%] [Cov:========================>          69%]
[Progress:======================>       76%] [Cov:========================>          69%]
[Progress:======================>       76%] [Cov:========================>          69%]
[Progress:=======================>      78%] [Cov:========================>          69%]
[Progress:=======================>      78%] [Cov:========================>          69%]
[Progress:=======================>      78%] [Cov:========================>          69%]
[Progress:=======================>      78%] [Cov:========================>          69%]
[Progress:=======================>      78%] [Cov:========================>          69%]
[Progress:=======================>      78%] [Cov:========================>          69%]
[Progress:=========================>    86%] [Cov:========================>          69%]
[Progress:=========================>    86%] [Cov:========================>          69%]
[Progress:=========================>    86%] [Cov:========================>          69%]
[Progress:=========================>    86%] [Cov:========================>          69%]
[Progress:=========================>    86%] [Cov:========================>          69%]
[Progress:=========================>    86%] [Cov:========================>          69%]
[Progress:=========================>    86%] [Cov:========================>          69%]
[Progress:=========================>    86%] [Cov:========================>          69%]
[Progress:=========================>    86%] [Cov:========================>          69%]
[Progress:=========================>    86%] [Cov:========================>          69%]
[Progress:=========================>    86%] [Cov:========================>          69%]
[Progress:=========================>    86%] [Cov:========================>          69%]
[Progress:=========================>    86%] [Cov:========================>          69%]
[Progress:=========================>    86%] [Cov:========================>          69%]
[Progress:==========================>   88%] [Cov:========================>          69%]
[Progress:==========================>   88%] [Cov:========================>          69%]
[Progress:==========================>   88%] [Cov:========================>          69%]
[Progress:==========================>   88%] [Cov:========================>          69%]
[Progress:==========================>   88%] [Cov:========================>          69%]
[Progress:==========================>   88%] [Cov:========================>          69%]
[Progress:==========================>   88%] [Cov:========================>          69%]
[Progress:==========================>   88%] [Cov:========================>          69%]
[Progress:==========================>   88%] [Cov:========================>          69%]
[Progress:==========================>   88%] [Cov:========================>          69%]
[Progress:==========================>   88%] [Cov:========================>          69%]
[Progress:==========================>   88%] [Cov:========================>          69%]
[Progress:==========================>   88%] [Cov:========================>          69%]
[Progress:==========================>   88%] [Cov:========================>          69%]
[Progress:==========================>   88%] [Cov:========================>          69%]
[Progress:==========================>   88%] [Cov:========================>          69%]
[Progress:==========================>   88%] [Cov:========================>          69%]
[Progress:==========================>   88%] [Cov:========================>          69%]
[Progress:==========================>   88%] [Cov:========================>          69%]
[Progress:===========================>  90%] [Cov:========================>          69%]
[Progress:===========================>  90%] [Cov:========================>          69%]
[Progress:===========================>  90%] [Cov:========================>          69%]
[Progress:=============================>98%] [Cov:========================>          69%]
[Progress:=============================>98%] [Cov:========================>          69%]
[Progress:=============================>98%] [Cov:========================>          69%]
[Progress:=============================>98%] [Cov:========================>          69%]
[Progress:=============================>98%] [Cov:========================>          69%]
[Progress:=============================>98%] [Cov:========================>          69%]
[Progress:=============================>98%] [Cov:========================>          69%]
[Progress:=============================>98%] [Cov:========================>          69%]
[Progress:=============================>98%] [Cov:========================>          69%]
[Progress:=============================>98%] [Cov:========================>          69%]
[Progress:=============================>98%] [Cov:========================>          69%]
[Progress:=============================>98%] [Cov:========================>          69%]
[Progress:=============================>98%] [Cov:========================>          69%]
[Progress:=============================>98%] [Cov:========================>          69%]
[Progress:=============================>98%] [Cov:========================>          69%]
[Progress:=============================>98%] [Cov:========================>          69%]
[Progress:=============================>98%] [Cov:========================>          69%]
[Progress:=============================>98%] [Cov:========================>          69%]
[Progress:=============================>98%] [Cov:========================>          69%]
[Progress:==============================100%] [Cov:========================>          69%]
[Progress:==============================100%] [Cov:========================>          69%]
[Progress:==============================100%] [Cov:========================>          69%]
[Progress:==============================100%] [Cov:========================>          69%]
[Progress:==============================100%] [Cov:========================>          69%]
[Progress:==============================100%] [Cov:========================>          69%]
[Progress:==============================100%] [Cov:========================>          69%]
[Progress:==============================100%] [Cov:========================>          69%]
[Progress:==============================100%] [Cov:========================>          69%]
[Progress:==============================100%] [Cov:========================>          69%]
[Progress:==============================100%] [Cov:========================>          69%]
[Progress:==============================100%] [Cov:========================>          69%]
[Progress:==============================100%] [Cov:========================>          69%]
* Search finished after 66s and 211 generations, 69655 statements, best individual has fitness: 6.159090909090909
* Minimizing test suite
* Going to analyze the coverage criteria
* Coverage analysis for criterion LINE
* Coverage of criterion LINE: 52%
* Total number of goals: 21
* Number of covered goals: 11
* Coverage analysis for criterion BRANCH
* Coverage of criterion BRANCH: 56%
* Total number of goals: 9
* Number of covered goals: 5
* Coverage analysis for criterion EXCEPTION
* Coverage of criterion EXCEPTION: 100%
* Total number of goals: 3
* Number of covered goals: 3
* Generated 4 tests with total length 18
* Resulting test suite's coverage: 69% (average coverage for all fitness functions)
* Generating assertions
* Resulting test suite's mutation score: 14%
* Compiling and checking tests
* Permissions denied during test execution: 
  - java.lang.RuntimePermission: 
         writeFileDescriptor: 10
* Writing tests to file
* Writing JUnit test case 'JsonAdapterAnnotationTypeAdapterFactory_ESTest' to /work/evo_out/Gson_6f/budget60_seed1/tests
* Done!

* Computation finished

[exit=0 timeout=False time=70.3s]

$ javac -nowarn -cp /work/Gson_6f/target/classes:/opt/defects4j/framework/projects/lib/junit-4.12-hamcrest-1.3.jar:/work/Gson_6f/target/classes:/work/Gson_6f/target/test-classes:/opt/defects4j/framework/projects/Gson/lib/com/google/code/findbugs/jsr305/3.0.0/jsr305-3.0.0.jar:/opt/evosuite/evosuite-standalone-runtime-1.2.0.jar -d /work/evo_out/Gson_6f/budget60_seed1/classes /work/evo_out/Gson_6f/budget60_seed1/tests/com/google/gson/internal/bind/JsonAdapterAnnotationTypeAdapterFactory_ESTest.java /work/evo_out/Gson_6f/budget60_seed1/tests/com/google/gson/internal/bind/JsonAdapterAnnotationTypeAdapterFactory_ESTest_scaffolding.java

[exit=0 timeout=False time=0.6s]

$ java -jar /opt/jacoco/lib/jacococli.jar instrument /work/Gson_6f/target/classes --dest /work/evo_out/Gson_6f/budget60_seed1/instrumented
[INFO] 177 classes instrumented to /work/evo_out/Gson_6f/budget60_seed1/instrumented.

[exit=0 timeout=False time=0.2s]

$ java -Djacoco-agent.destfile=/workspace/EvoSuite/Result_Round1/Gson_6/budget60_seed1/jacoco.exec -cp /work/evo_out/Gson_6f/budget60_seed1/instrumented:/work/evo_out/Gson_6f/budget60_seed1/classes:/opt/defects4j/framework/projects/lib/junit-4.12-hamcrest-1.3.jar:/work/Gson_6f/target/classes:/work/Gson_6f/target/test-classes:/opt/defects4j/framework/projects/Gson/lib/com/google/code/findbugs/jsr305/3.0.0/jsr305-3.0.0.jar:/opt/evosuite/evosuite-standalone-runtime-1.2.0.jar:/opt/jacoco/lib/jacocoagent.jar org.junit.runner.JUnitCore com.google.gson.internal.bind.JsonAdapterAnnotationTypeAdapterFactory_ESTest
JUnit version 4.12
....
Time: 0.866

OK (4 tests)

SLF4J: Failed to load class "org.slf4j.impl.StaticLoggerBinder".
SLF4J: Defaulting to no-operation (NOP) logger implementation
SLF4J: See http://www.slf4j.org/codes.html#StaticLoggerBinder for further details.
WARNING: An illegal reflective access operation has occurred
WARNING: Illegal reflective access by org.evosuite.runtime.GuiSupport (file:/opt/evosuite/evosuite-standalone-runtime-1.2.0.jar) to field java.awt.GraphicsEnvironment.headless
WARNING: Please consider reporting this to the maintainers of org.evosuite.runtime.GuiSupport
WARNING: Use --illegal-access=warn to enable warnings of further illegal reflective access operations
WARNING: All illegal access operations will be denied in a future release

[exit=0 timeout=False time=1.4s]

$ java -jar /opt/jacoco/lib/jacococli.jar report /workspace/EvoSuite/Result_Round1/Gson_6/budget60_seed1/jacoco.exec --classfiles /work/Gson_6f/target/classes --csv /workspace/EvoSuite/Result_Round1/Gson_6/budget60_seed1/jacoco.csv
[INFO] Loading execution data file /workspace/EvoSuite/Result_Round1/Gson_6/budget60_seed1/jacoco.exec.
[INFO] Analyzing 157 classes.

[exit=0 timeout=False time=0.3s]

$ java -cp /work/evo_out/Gson_6f/budget60_seed1/classes:/opt/defects4j/framework/projects/lib/junit-4.12-hamcrest-1.3.jar:/work/Gson_6b/target/classes:/work/Gson_6b/target/test-classes:/opt/defects4j/framework/projects/Gson/lib/com/google/code/findbugs/jsr305/3.0.0/jsr305-3.0.0.jar:/opt/evosuite/evosuite-standalone-runtime-1.2.0.jar org.junit.runner.JUnitCore com.google.gson.internal.bind.JsonAdapterAnnotationTypeAdapterFactory_ESTest
JUnit version 4.12
....
Time: 0.77

OK (4 tests)

SLF4J: Failed to load class "org.slf4j.impl.StaticLoggerBinder".
SLF4J: Defaulting to no-operation (NOP) logger implementation
SLF4J: See http://www.slf4j.org/codes.html#StaticLoggerBinder for further details.
WARNING: An illegal reflective access operation has occurred
WARNING: Illegal reflective access by org.evosuite.runtime.GuiSupport (file:/opt/evosuite/evosuite-standalone-runtime-1.2.0.jar) to field java.awt.GraphicsEnvironment.headless
WARNING: Please consider reporting this to the maintainers of org.evosuite.runtime.GuiSupport
WARNING: Use --illegal-access=warn to enable warnings of further illegal reflective access operations
WARNING: All illegal access operations will be denied in a future release

[exit=0 timeout=False time=0.9s]
