
$ defects4j checkout -p Compress -v 36f -w /work/Compress_36f
Checking out d0501577 to /work/Compress_36f................................ OK
Init local repository...................................................... OK
Tag post-fix revision...................................................... OK
Copy generated Ant build file.............................................. OK
Run post-checkout hook..................................................... OK
Excluding broken/flaky tests............................................... OK
Excluding broken/flaky tests............................................... OK
Backing up build file: /work/Compress_36f/maven-build.xml.................. OK
Initialize fixed program version........................................... OK
Apply patch................................................................ OK
Initialize buggy program version........................................... OK
Diff d0501577:ff5158b1..................................................... OK
Apply patch................................................................ OK
Tag pre-fix revision....................................................... OK
Check out program version: Compress-36f.................................... OK

[exit=0 timeout=False time=2.9s]

$ defects4j compile -w /work/Compress_36f
Running ant (compile)...................................................... OK
Running ant (compile.tests)................................................ OK

[exit=0 timeout=False time=5.9s]

$ defects4j checkout -p Compress -v 36b -w /work/Compress_36b
Checking out d0501577 to /work/Compress_36b................................ OK
Init local repository...................................................... OK
Tag post-fix revision...................................................... OK
Copy generated Ant build file.............................................. OK
Run post-checkout hook..................................................... OK
Excluding broken/flaky tests............................................... OK
Excluding broken/flaky tests............................................... OK
Backing up build file: /work/Compress_36b/maven-build.xml.................. OK
Initialize fixed program version........................................... OK
Apply patch................................................................ OK
Initialize buggy program version........................................... OK
Diff d0501577:ff5158b1..................................................... OK
Apply patch................................................................ OK
Tag pre-fix revision....................................................... OK
Check out program version: Compress-36b.................................... OK

[exit=0 timeout=False time=3.1s]

$ defects4j compile -w /work/Compress_36b
Running ant (compile)...................................................... OK
Running ant (compile.tests)................................................ OK

[exit=0 timeout=False time=7.0s]

$ java -cp /work/jqwik_harness:/workspace/lib/jqwik/jqwik-1.7.4.jar:/workspace/lib/jqwik/jqwik-api-1.7.4.jar:/workspace/lib/jqwik/jqwik-engine-1.7.4.jar pbt.auto.Generate --targets org.apache.commons.compress.archivers.sevenz.SevenZFile --fixed-cp /work/Compress_36f/target/classes:/opt/defects4j/framework/projects/Compress/lib/junit/junit/4.12/junit-4.12.jar:/opt/defects4j/framework/projects/Compress/lib/org/hamcrest/hamcrest-core/1.3/hamcrest-core-1.3.jar:/opt/defects4j/framework/projects/Compress/lib/org/tukaani/xz/1.5/xz-1.5.jar:/opt/defects4j/framework/projects/Compress/lib/org/powermock/powermock-module-junit4/1.6.4/powermock-module-junit4-1.6.4.jar:/opt/defects4j/framework/projects/Compress/lib/org/powermock/powermock-module-junit4-common/1.6.4/powermock-module-junit4-common-1.6.4.jar:/opt/defects4j/framework/projects/Compress/lib/org/powermock/powermock-core/1.6.4/powermock-core-1.6.4.jar:/opt/defects4j/framework/projects/Compress/lib/org/javassist/javassist/3.20.0-GA/javassist-3.20.0-GA.jar:/opt/defects4j/framework/projects/Compress/lib/org/powermock/powermock-reflect/1.6.4/powermock-reflect-1.6.4.jar:/opt/defects4j/framework/projects/Compress/lib/org/powermock/powermock-api-mockito/1.6.4/powermock-api-mockito-1.6.4.jar:/opt/defects4j/framework/projects/Compress/lib/org/mockito/mockito-core/1.10.19/mockito-core-1.10.19.jar:/opt/defects4j/framework/projects/Compress/lib/org/objenesis/objenesis/2.1/objenesis-2.1.jar:/opt/defects4j/framework/projects/Compress/lib/org/powermock/powermock-api-support/1.6.4/powermock-api-support-1.6.4.jar:/work/Compress_36f/target/test-classes --buggy-cp /work/Compress_36b/target/classes:/opt/defects4j/framework/projects/Compress/lib/junit/junit/4.12/junit-4.12.jar:/opt/defects4j/framework/projects/Compress/lib/org/hamcrest/hamcrest-core/1.3/hamcrest-core-1.3.jar:/opt/defects4j/framework/projects/Compress/lib/org/tukaani/xz/1.5/xz-1.5.jar:/opt/defects4j/framework/projects/Compress/lib/org/powermock/powermock-module-junit4/1.6.4/powermock-module-junit4-1.6.4.jar:/opt/defects4j/framework/projects/Compress/lib/org/powermock/powermock-module-junit4-common/1.6.4/powermock-module-junit4-common-1.6.4.jar:/opt/defects4j/framework/projects/Compress/lib/org/powermock/powermock-core/1.6.4/powermock-core-1.6.4.jar:/opt/defects4j/framework/projects/Compress/lib/org/javassist/javassist/3.20.0-GA/javassist-3.20.0-GA.jar:/opt/defects4j/framework/projects/Compress/lib/org/powermock/powermock-reflect/1.6.4/powermock-reflect-1.6.4.jar:/opt/defects4j/framework/projects/Compress/lib/org/powermock/powermock-api-mockito/1.6.4/powermock-api-mockito-1.6.4.jar:/opt/defects4j/framework/projects/Compress/lib/org/mockito/mockito-core/1.10.19/mockito-core-1.10.19.jar:/opt/defects4j/framework/projects/Compress/lib/org/objenesis/objenesis/2.1/objenesis-2.1.jar:/opt/defects4j/framework/projects/Compress/lib/org/powermock/powermock-api-support/1.6.4/powermock-api-support-1.6.4.jar:/work/Compress_36b/target/test-classes --out /workspace/jqwik/Auto/Compress_36 --max-methods 150
generated test classes: 1 / 1

[exit=0 timeout=False time=0.4s]

$ javac -nowarn -encoding UTF-8 -cp /work/Compress_36f/target/classes:/opt/defects4j/framework/projects/Compress/lib/junit/junit/4.12/junit-4.12.jar:/opt/defects4j/framework/projects/Compress/lib/org/hamcrest/hamcrest-core/1.3/hamcrest-core-1.3.jar:/opt/defects4j/framework/projects/Compress/lib/org/tukaani/xz/1.5/xz-1.5.jar:/opt/defects4j/framework/projects/Compress/lib/org/powermock/powermock-module-junit4/1.6.4/powermock-module-junit4-1.6.4.jar:/opt/defects4j/framework/projects/Compress/lib/org/powermock/powermock-module-junit4-common/1.6.4/powermock-module-junit4-common-1.6.4.jar:/opt/defects4j/framework/projects/Compress/lib/org/powermock/powermock-core/1.6.4/powermock-core-1.6.4.jar:/opt/defects4j/framework/projects/Compress/lib/org/javassist/javassist/3.20.0-GA/javassist-3.20.0-GA.jar:/opt/defects4j/framework/projects/Compress/lib/org/powermock/powermock-reflect/1.6.4/powermock-reflect-1.6.4.jar:/opt/defects4j/framework/projects/Compress/lib/org/powermock/powermock-api-mockito/1.6.4/powermock-api-mockito-1.6.4.jar:/opt/defects4j/framework/projects/Compress/lib/org/mockito/mockito-core/1.10.19/mockito-core-1.10.19.jar:/opt/defects4j/framework/projects/Compress/lib/org/objenesis/objenesis/2.1/objenesis-2.1.jar:/opt/defects4j/framework/projects/Compress/lib/org/powermock/powermock-api-support/1.6.4/powermock-api-support-1.6.4.jar:/work/Compress_36f/target/test-classes:/work/jqwik_harness:/workspace/lib/jqwik/jqwik-1.7.4.jar:/workspace/lib/jqwik/jqwik-api-1.7.4.jar:/workspace/lib/jqwik/jqwik-engine-1.7.4.jar -d /work/jqwik_out/Compress_36/auto_round1_tries200_seed1/classes_f /workspace/jqwik/Auto/Compress_36/org/apache/commons/compress/archivers/sevenz/SevenZFile_AutoPbtTest.java

[exit=0 timeout=False time=1.0s]

$ javac -nowarn -encoding UTF-8 -cp /work/Compress_36b/target/classes:/opt/defects4j/framework/projects/Compress/lib/junit/junit/4.12/junit-4.12.jar:/opt/defects4j/framework/projects/Compress/lib/org/hamcrest/hamcrest-core/1.3/hamcrest-core-1.3.jar:/opt/defects4j/framework/projects/Compress/lib/org/tukaani/xz/1.5/xz-1.5.jar:/opt/defects4j/framework/projects/Compress/lib/org/powermock/powermock-module-junit4/1.6.4/powermock-module-junit4-1.6.4.jar:/opt/defects4j/framework/projects/Compress/lib/org/powermock/powermock-module-junit4-common/1.6.4/powermock-module-junit4-common-1.6.4.jar:/opt/defects4j/framework/projects/Compress/lib/org/powermock/powermock-core/1.6.4/powermock-core-1.6.4.jar:/opt/defects4j/framework/projects/Compress/lib/org/javassist/javassist/3.20.0-GA/javassist-3.20.0-GA.jar:/opt/defects4j/framework/projects/Compress/lib/org/powermock/powermock-reflect/1.6.4/powermock-reflect-1.6.4.jar:/opt/defects4j/framework/projects/Compress/lib/org/powermock/powermock-api-mockito/1.6.4/powermock-api-mockito-1.6.4.jar:/opt/defects4j/framework/projects/Compress/lib/org/mockito/mockito-core/1.10.19/mockito-core-1.10.19.jar:/opt/defects4j/framework/projects/Compress/lib/org/objenesis/objenesis/2.1/objenesis-2.1.jar:/opt/defects4j/framework/projects/Compress/lib/org/powermock/powermock-api-support/1.6.4/powermock-api-support-1.6.4.jar:/work/Compress_36b/target/test-classes:/work/jqwik_harness:/workspace/lib/jqwik/jqwik-1.7.4.jar:/workspace/lib/jqwik/jqwik-api-1.7.4.jar:/workspace/lib/jqwik/jqwik-engine-1.7.4.jar -d /work/jqwik_out/Compress_36/auto_round1_tries200_seed1/classes_b /workspace/jqwik/Auto/Compress_36/org/apache/commons/compress/archivers/sevenz/SevenZFile_AutoPbtTest.java

[exit=0 timeout=False time=0.8s]

$ java -Djava.awt.headless=true -Xss4m -Xmx1g -Dpbt.seed=1 -Dpbt.tries=200 -Dpbt.snapshot.dir=/work/jqwik_out/Compress_36/auto_round1_tries200_seed1/snapshots -Dpbt.propertyBudgetMs=5000 -Dpbt.mask=/work/Compress_36f:/work/Compress_36b:/work/jqwik_out/Compress_36/auto_round1_tries200_seed1/classes_f:/work/jqwik_out/Compress_36/auto_round1_tries200_seed1/classes_b -Dpbt.mode=record -jar /workspace/lib/jqwik/junit-platform-console-standalone-1.9.3.jar --disable-banner --details tree --class-path /work/jqwik_out/Compress_36/auto_round1_tries200_seed1/classes_f:/work/Compress_36f/target/classes:/opt/defects4j/framework/projects/Compress/lib/junit/junit/4.12/junit-4.12.jar:/opt/defects4j/framework/projects/Compress/lib/org/hamcrest/hamcrest-core/1.3/hamcrest-core-1.3.jar:/opt/defects4j/framework/projects/Compress/lib/org/tukaani/xz/1.5/xz-1.5.jar:/opt/defects4j/framework/projects/Compress/lib/org/powermock/powermock-module-junit4/1.6.4/powermock-module-junit4-1.6.4.jar:/opt/defects4j/framework/projects/Compress/lib/org/powermock/powermock-module-junit4-common/1.6.4/powermock-module-junit4-common-1.6.4.jar:/opt/defects4j/framework/projects/Compress/lib/org/powermock/powermock-core/1.6.4/powermock-core-1.6.4.jar:/opt/defects4j/framework/projects/Compress/lib/org/javassist/javassist/3.20.0-GA/javassist-3.20.0-GA.jar:/opt/defects4j/framework/projects/Compress/lib/org/powermock/powermock-reflect/1.6.4/powermock-reflect-1.6.4.jar:/opt/defects4j/framework/projects/Compress/lib/org/powermock/powermock-api-mockito/1.6.4/powermock-api-mockito-1.6.4.jar:/opt/defects4j/framework/projects/Compress/lib/org/mockito/mockito-core/1.10.19/mockito-core-1.10.19.jar:/opt/defects4j/framework/projects/Compress/lib/org/objenesis/objenesis/2.1/objenesis-2.1.jar:/opt/defects4j/framework/projects/Compress/lib/org/powermock/powermock-api-support/1.6.4/powermock-api-support-1.6.4.jar:/work/Compress_36f/target/test-classes:/work/jqwik_harness:/workspace/lib/jqwik/jqwik-1.7.4.jar:/workspace/lib/jqwik/jqwik-api-1.7.4.jar:/workspace/lib/jqwik/jqwik-engine-1.7.4.jar --scan-class-path /work/jqwik_out/Compress_36/auto_round1_tries200_seed1/classes_f --include-classname .* --include-engine jqwik --config jqwik.database=/workspace/jqwik/Result_auto_Round1/Compress_36/tries200_seed1/reports_record/jqwik-database --config jqwik.tries.default=200 --reports-dir /workspace/jqwik/Result_auto_Round1/Compress_36/tries200_seed1/reports_record
timestamp = 2026-09-28T22:32:48.177030, SevenZFile AutoPbtTest:m000 matches = 
                              |-----------------------jqwik-----------------------
tries = 200                   | # of calls to property
checks = 200                  | # of not rejected calls
generation = RANDOMIZED       | parameters are randomly generated
after-failure = SAMPLE_FIRST  | try previously failed sample, then previous seed
when-fixed-seed = ALLOW       | fixing the random seed is allowed
edge-cases#mode = NONE        | edge cases are not explicitly generated
seed = 1                      | random seed to reproduce generated values


[36m╷[0m
[36m└─[0m [36mjqwik (JUnit Platform)[0m [32m✔[0m
[36m   └─[0m [36mSevenZFile AutoPbtTest[0m [32m✔[0m
[36m      └─[0m [34mm000 matches[0m [32m✔[0m

Test run finished after 749 ms
[         2 containers found      ]
[         0 containers skipped    ]
[         2 containers started    ]
[         0 containers aborted    ]
[         2 containers successful ]
[         0 containers failed     ]
[         1 tests found           ]
[         0 tests skipped         ]
[         1 tests started         ]
[         0 tests aborted         ]
[         1 tests successful      ]
[         0 tests failed          ]


[exit=0 timeout=False time=1.9s]

$ java -Djava.awt.headless=true -Xss4m -Xmx1g -Dpbt.seed=1 -Dpbt.tries=200 -Dpbt.snapshot.dir=/work/jqwik_out/Compress_36/auto_round1_tries200_seed1/snapshots -Dpbt.propertyBudgetMs=5000 -Dpbt.mask=/work/Compress_36f:/work/Compress_36b:/work/jqwik_out/Compress_36/auto_round1_tries200_seed1/classes_f:/work/jqwik_out/Compress_36/auto_round1_tries200_seed1/classes_b -Dpbt.mode=check -javaagent:/opt/jacoco/lib/jacocoagent.jar=destfile=/workspace/jqwik/Result_auto_Round1/Compress_36/tries200_seed1/jacoco.exec -jar /workspace/lib/jqwik/junit-platform-console-standalone-1.9.3.jar --disable-banner --details tree --class-path /work/jqwik_out/Compress_36/auto_round1_tries200_seed1/classes_f:/work/Compress_36f/target/classes:/opt/defects4j/framework/projects/Compress/lib/junit/junit/4.12/junit-4.12.jar:/opt/defects4j/framework/projects/Compress/lib/org/hamcrest/hamcrest-core/1.3/hamcrest-core-1.3.jar:/opt/defects4j/framework/projects/Compress/lib/org/tukaani/xz/1.5/xz-1.5.jar:/opt/defects4j/framework/projects/Compress/lib/org/powermock/powermock-module-junit4/1.6.4/powermock-module-junit4-1.6.4.jar:/opt/defects4j/framework/projects/Compress/lib/org/powermock/powermock-module-junit4-common/1.6.4/powermock-module-junit4-common-1.6.4.jar:/opt/defects4j/framework/projects/Compress/lib/org/powermock/powermock-core/1.6.4/powermock-core-1.6.4.jar:/opt/defects4j/framework/projects/Compress/lib/org/javassist/javassist/3.20.0-GA/javassist-3.20.0-GA.jar:/opt/defects4j/framework/projects/Compress/lib/org/powermock/powermock-reflect/1.6.4/powermock-reflect-1.6.4.jar:/opt/defects4j/framework/projects/Compress/lib/org/powermock/powermock-api-mockito/1.6.4/powermock-api-mockito-1.6.4.jar:/opt/defects4j/framework/projects/Compress/lib/org/mockito/mockito-core/1.10.19/mockito-core-1.10.19.jar:/opt/defects4j/framework/projects/Compress/lib/org/objenesis/objenesis/2.1/objenesis-2.1.jar:/opt/defects4j/framework/projects/Compress/lib/org/powermock/powermock-api-support/1.6.4/powermock-api-support-1.6.4.jar:/work/Compress_36f/target/test-classes:/work/jqwik_harness:/workspace/lib/jqwik/jqwik-1.7.4.jar:/workspace/lib/jqwik/jqwik-api-1.7.4.jar:/workspace/lib/jqwik/jqwik-engine-1.7.4.jar --scan-class-path /work/jqwik_out/Compress_36/auto_round1_tries200_seed1/classes_f --include-classname .* --include-engine jqwik --config jqwik.database=/workspace/jqwik/Result_auto_Round1/Compress_36/tries200_seed1/reports_fixed/jqwik-database --config jqwik.tries.default=200 --reports-dir /workspace/jqwik/Result_auto_Round1/Compress_36/tries200_seed1/reports_fixed
timestamp = 2026-09-28T22:32:50.955853, SevenZFile AutoPbtTest:m000 matches = 
                              |-----------------------jqwik-----------------------
tries = 200                   | # of calls to property
checks = 200                  | # of not rejected calls
generation = RANDOMIZED       | parameters are randomly generated
after-failure = SAMPLE_FIRST  | try previously failed sample, then previous seed
when-fixed-seed = ALLOW       | fixing the random seed is allowed
edge-cases#mode = NONE        | edge cases are not explicitly generated
seed = 1                      | random seed to reproduce generated values


[36m╷[0m
[36m└─[0m [36mjqwik (JUnit Platform)[0m [32m✔[0m
[36m   └─[0m [36mSevenZFile AutoPbtTest[0m [32m✔[0m
[36m      └─[0m [34mm000 matches[0m [32m✔[0m

Test run finished after 1208 ms
[         2 containers found      ]
[         0 containers skipped    ]
[         2 containers started    ]
[         0 containers aborted    ]
[         2 containers successful ]
[         0 containers failed     ]
[         1 tests found           ]
[         0 tests skipped         ]
[         1 tests started         ]
[         0 tests aborted         ]
[         1 tests successful      ]
[         0 tests failed          ]


[exit=0 timeout=False time=8.0s]

$ java -jar /opt/jacoco/lib/jacococli.jar report /workspace/jqwik/Result_auto_Round1/Compress_36/tries200_seed1/jacoco.exec --classfiles /work/Compress_36f/target/classes --csv /workspace/jqwik/Result_auto_Round1/Compress_36/tries200_seed1/jacoco.csv
[INFO] Loading execution data file /workspace/jqwik/Result_auto_Round1/Compress_36/tries200_seed1/jacoco.exec.
[INFO] Analyzing 213 classes.

[exit=0 timeout=False time=0.6s]

$ java -Djava.awt.headless=true -Xss4m -Xmx1g -Dpbt.seed=1 -Dpbt.tries=200 -Dpbt.snapshot.dir=/work/jqwik_out/Compress_36/auto_round1_tries200_seed1/snapshots -Dpbt.propertyBudgetMs=5000 -Dpbt.mask=/work/Compress_36f:/work/Compress_36b:/work/jqwik_out/Compress_36/auto_round1_tries200_seed1/classes_f:/work/jqwik_out/Compress_36/auto_round1_tries200_seed1/classes_b -Dpbt.mode=check -jar /workspace/lib/jqwik/junit-platform-console-standalone-1.9.3.jar --disable-banner --details tree --class-path /work/jqwik_out/Compress_36/auto_round1_tries200_seed1/classes_b:/work/Compress_36b/target/classes:/opt/defects4j/framework/projects/Compress/lib/junit/junit/4.12/junit-4.12.jar:/opt/defects4j/framework/projects/Compress/lib/org/hamcrest/hamcrest-core/1.3/hamcrest-core-1.3.jar:/opt/defects4j/framework/projects/Compress/lib/org/tukaani/xz/1.5/xz-1.5.jar:/opt/defects4j/framework/projects/Compress/lib/org/powermock/powermock-module-junit4/1.6.4/powermock-module-junit4-1.6.4.jar:/opt/defects4j/framework/projects/Compress/lib/org/powermock/powermock-module-junit4-common/1.6.4/powermock-module-junit4-common-1.6.4.jar:/opt/defects4j/framework/projects/Compress/lib/org/powermock/powermock-core/1.6.4/powermock-core-1.6.4.jar:/opt/defects4j/framework/projects/Compress/lib/org/javassist/javassist/3.20.0-GA/javassist-3.20.0-GA.jar:/opt/defects4j/framework/projects/Compress/lib/org/powermock/powermock-reflect/1.6.4/powermock-reflect-1.6.4.jar:/opt/defects4j/framework/projects/Compress/lib/org/powermock/powermock-api-mockito/1.6.4/powermock-api-mockito-1.6.4.jar:/opt/defects4j/framework/projects/Compress/lib/org/mockito/mockito-core/1.10.19/mockito-core-1.10.19.jar:/opt/defects4j/framework/projects/Compress/lib/org/objenesis/objenesis/2.1/objenesis-2.1.jar:/opt/defects4j/framework/projects/Compress/lib/org/powermock/powermock-api-support/1.6.4/powermock-api-support-1.6.4.jar:/work/Compress_36b/target/test-classes:/work/jqwik_harness:/workspace/lib/jqwik/jqwik-1.7.4.jar:/workspace/lib/jqwik/jqwik-api-1.7.4.jar:/workspace/lib/jqwik/jqwik-engine-1.7.4.jar --scan-class-path /work/jqwik_out/Compress_36/auto_round1_tries200_seed1/classes_b --include-classname .* --include-engine jqwik --config jqwik.database=/workspace/jqwik/Result_auto_Round1/Compress_36/tries200_seed1/reports_buggy/jqwik-database --config jqwik.tries.default=200 --reports-dir /workspace/jqwik/Result_auto_Round1/Compress_36/tries200_seed1/reports_buggy
timestamp = 2026-09-28T22:33:00.442564, SevenZFile AutoPbtTest:m000 matches = 
                              |-----------------------jqwik-----------------------
tries = 200                   | # of calls to property
checks = 200                  | # of not rejected calls
generation = RANDOMIZED       | parameters are randomly generated
after-failure = SAMPLE_FIRST  | try previously failed sample, then previous seed
when-fixed-seed = ALLOW       | fixing the random seed is allowed
edge-cases#mode = NONE        | edge cases are not explicitly generated
seed = 1                      | random seed to reproduce generated values


[36m╷[0m
[36m└─[0m [36mjqwik (JUnit Platform)[0m [32m✔[0m
[36m   └─[0m [36mSevenZFile AutoPbtTest[0m [32m✔[0m
[36m      └─[0m [34mm000 matches[0m [32m✔[0m

Test run finished after 1176 ms
[         2 containers found      ]
[         0 containers skipped    ]
[         2 containers started    ]
[         0 containers aborted    ]
[         2 containers successful ]
[         0 containers failed     ]
[         1 tests found           ]
[         0 tests skipped         ]
[         1 tests started         ]
[         0 tests aborted         ]
[         1 tests successful      ]
[         0 tests failed          ]


[exit=0 timeout=False time=2.6s]
