
$ defects4j checkout -p Cli -v 30f -w /work/Cli_30f
Checking out 324b7f90 to /work/Cli_30f..................................... OK
Init local repository...................................................... OK
Tag post-fix revision...................................................... OK
Copy generated Ant build file.............................................. OK
Run post-checkout hook..................................................... OK
Excluding broken/flaky tests............................................... OK
Backing up build file: /work/Cli_30f/maven-build.xml....................... OK
Initialize fixed program version........................................... OK
Apply patch................................................................ OK
Initialize buggy program version........................................... OK
Diff 324b7f90:5560a086..................................................... OK
Apply patch................................................................ OK
Tag pre-fix revision....................................................... OK
Check out program version: Cli-30f......................................... OK

[exit=0 timeout=False time=1.4s]

$ defects4j compile -w /work/Cli_30f
Running ant (compile)...................................................... OK
Running ant (compile.tests)................................................ OK

[exit=0 timeout=False time=4.4s]

$ defects4j checkout -p Cli -v 30b -w /work/Cli_30b
Checking out 324b7f90 to /work/Cli_30b..................................... OK
Init local repository...................................................... OK
Tag post-fix revision...................................................... OK
Copy generated Ant build file.............................................. OK
Run post-checkout hook..................................................... OK
Excluding broken/flaky tests............................................... OK
Backing up build file: /work/Cli_30b/maven-build.xml....................... OK
Initialize fixed program version........................................... OK
Apply patch................................................................ OK
Initialize buggy program version........................................... OK
Diff 324b7f90:5560a086..................................................... OK
Apply patch................................................................ OK
Tag pre-fix revision....................................................... OK
Check out program version: Cli-30b......................................... OK

[exit=0 timeout=False time=1.4s]

$ defects4j compile -w /work/Cli_30b
Running ant (compile)...................................................... OK
Running ant (compile.tests)................................................ OK

[exit=0 timeout=False time=3.5s]

$ java -cp /work/jqwik_harness:/workspace/lib/jqwik/jqwik-1.7.4.jar:/workspace/lib/jqwik/jqwik-api-1.7.4.jar:/workspace/lib/jqwik/jqwik-engine-1.7.4.jar pbt.auto.Generate --targets org.apache.commons.cli.DefaultParser,org.apache.commons.cli.Parser --fixed-cp /work/Cli_30f/target/classes:/opt/defects4j/framework/projects/Cli/lib/junit/junit/3.8.2/junit-3.8.2.jar:/opt/defects4j/framework/projects/Cli/lib/junit-addons/junit-addons/1.4/junit-addons-1.4.jar:/work/Cli_30f/target/test-classes --buggy-cp /work/Cli_30b/target/classes:/opt/defects4j/framework/projects/Cli/lib/junit/junit/3.8.2/junit-3.8.2.jar:/opt/defects4j/framework/projects/Cli/lib/junit-addons/junit-addons/1.4/junit-addons-1.4.jar:/work/Cli_30b/target/test-classes --out /workspace/jqwik/Auto/Cli_30 --max-methods 150
generated test classes: 2 / 2

[exit=0 timeout=False time=0.3s]

$ javac -nowarn -encoding UTF-8 -cp /work/Cli_30f/target/classes:/opt/defects4j/framework/projects/Cli/lib/junit/junit/3.8.2/junit-3.8.2.jar:/opt/defects4j/framework/projects/Cli/lib/junit-addons/junit-addons/1.4/junit-addons-1.4.jar:/work/Cli_30f/target/test-classes:/work/jqwik_harness:/workspace/lib/jqwik/jqwik-1.7.4.jar:/workspace/lib/jqwik/jqwik-api-1.7.4.jar:/workspace/lib/jqwik/jqwik-engine-1.7.4.jar -d /work/jqwik_out/Cli_30/auto_round1_tries200_seed1/classes_f /workspace/jqwik/Auto/Cli_30/org/apache/commons/cli/DefaultParser_AutoPbtTest.java /workspace/jqwik/Auto/Cli_30/org/apache/commons/cli/Parser_AutoPbtTest.java

[exit=0 timeout=False time=1.2s]

$ javac -nowarn -encoding UTF-8 -cp /work/Cli_30b/target/classes:/opt/defects4j/framework/projects/Cli/lib/junit/junit/3.8.2/junit-3.8.2.jar:/opt/defects4j/framework/projects/Cli/lib/junit-addons/junit-addons/1.4/junit-addons-1.4.jar:/work/Cli_30b/target/test-classes:/work/jqwik_harness:/workspace/lib/jqwik/jqwik-1.7.4.jar:/workspace/lib/jqwik/jqwik-api-1.7.4.jar:/workspace/lib/jqwik/jqwik-engine-1.7.4.jar -d /work/jqwik_out/Cli_30/auto_round1_tries200_seed1/classes_b /workspace/jqwik/Auto/Cli_30/org/apache/commons/cli/DefaultParser_AutoPbtTest.java /workspace/jqwik/Auto/Cli_30/org/apache/commons/cli/Parser_AutoPbtTest.java

[exit=0 timeout=False time=1.3s]

$ java -Djava.awt.headless=true -Xss4m -Xmx1g -Dpbt.seed=1 -Dpbt.tries=200 -Dpbt.snapshot.dir=/work/jqwik_out/Cli_30/auto_round1_tries200_seed1/snapshots -Dpbt.propertyBudgetMs=5000 -Dpbt.mask=/work/Cli_30f:/work/Cli_30b:/work/jqwik_out/Cli_30/auto_round1_tries200_seed1/classes_f:/work/jqwik_out/Cli_30/auto_round1_tries200_seed1/classes_b -Dpbt.mode=record -jar /workspace/lib/jqwik/junit-platform-console-standalone-1.9.3.jar --disable-banner --details tree --class-path /work/jqwik_out/Cli_30/auto_round1_tries200_seed1/classes_f:/work/Cli_30f/target/classes:/opt/defects4j/framework/projects/Cli/lib/junit/junit/3.8.2/junit-3.8.2.jar:/opt/defects4j/framework/projects/Cli/lib/junit-addons/junit-addons/1.4/junit-addons-1.4.jar:/work/Cli_30f/target/test-classes:/work/jqwik_harness:/workspace/lib/jqwik/jqwik-1.7.4.jar:/workspace/lib/jqwik/jqwik-api-1.7.4.jar:/workspace/lib/jqwik/jqwik-engine-1.7.4.jar --scan-class-path /work/jqwik_out/Cli_30/auto_round1_tries200_seed1/classes_f --include-classname .* --include-engine jqwik --config jqwik.database=/workspace/jqwik/Result_auto_Round1/Cli_30/tries200_seed1/reports_record/jqwik-database --config jqwik.tries.default=200 --reports-dir /workspace/jqwik/Result_auto_Round1/Cli_30/tries200_seed1/reports_record
leConcatenatedOptions = 
                              |-----------------------jqwik-----------------------
tries = 200                   | # of calls to property
checks = 200                  | # of not rejected calls
generation = RANDOMIZED       | parameters are randomly generated
after-failure = SAMPLE_FIRST  | try previously failed sample, then previous seed
when-fixed-seed = ALLOW       | fixing the random seed is allowed
edge-cases#mode = NONE        | edge cases are not explicitly generated
seed = 1                      | random seed to reproduce generated values


timestamp = 2026-09-28T21:37:42.817107, DefaultParser AutoPbtTest:m001 parse = 
                              |-----------------------jqwik-----------------------
tries = 200                   | # of calls to property
checks = 200                  | # of not rejected calls
generation = RANDOMIZED       | parameters are randomly generated
after-failure = SAMPLE_FIRST  | try previously failed sample, then previous seed
when-fixed-seed = ALLOW       | fixing the random seed is allowed
edge-cases#mode = NONE        | edge cases are not explicitly generated
seed = 1                      | random seed to reproduce generated values


timestamp = 2026-09-28T21:37:42.881208, DefaultParser AutoPbtTest:m002 parse = 
                              |-----------------------jqwik-----------------------
tries = 200                   | # of calls to property
checks = 200                  | # of not rejected calls
generation = RANDOMIZED       | parameters are randomly generated
after-failure = SAMPLE_FIRST  | try previously failed sample, then previous seed
when-fixed-seed = ALLOW       | fixing the random seed is allowed
edge-cases#mode = NONE        | edge cases are not explicitly generated
seed = 1                      | random seed to reproduce generated values


timestamp = 2026-09-28T21:37:42.989314, DefaultParser AutoPbtTest:m003 parse = 
                              |-----------------------jqwik-----------------------
tries = 200                   | # of calls to property
checks = 200                  | # of not rejected calls
generation = RANDOMIZED       | parameters are randomly generated
after-failure = SAMPLE_FIRST  | try previously failed sample, then previous seed
when-fixed-seed = ALLOW       | fixing the random seed is allowed
edge-cases#mode = NONE        | edge cases are not explicitly generated
seed = 1                      | random seed to reproduce generated values


[36m╷[0m
[36m└─[0m [36mjqwik (JUnit Platform)[0m [32m✔[0m
[36m   ├─[0m [36mParser AutoPbtTest[0m [32m✔[0m
[36m   │  ├─[0m [34mm009 processProperties[0m [32m✔[0m
[36m   │  ├─[0m [34mm002 getRequiredOptions[0m [32m✔[0m
[36m   │  ├─[0m [34mm004 parse[0m [32m✔[0m
[36m   │  ├─[0m [34mm008 processOption[0m [32m✔[0m
[36m   │  ├─[0m [34mm005 parse[0m [32m✔[0m
[36m   │  ├─[0m [34mm001 getOptions[0m [32m✔[0m
[36m   │  ├─[0m [34mm006 parse[0m [32m✔[0m
[36m   │  ├─[0m [34mm000 checkRequiredOptions[0m [32m✔[0m
[36m   │  ├─[0m [34mm010 setOptions[0m [32m✔[0m
[36m   │  ├─[0m [34mm007 processArgs[0m [32m✔[0m
[36m   │  └─[0m [34mm003 parse[0m [32m✔[0m
[36m   └─[0m [36mDefaultParser AutoPbtTest[0m [32m✔[0m
[36m      ├─[0m [34mm004 parse[0m [32m✔[0m
[36m      ├─[0m [34mm000 handleConcatenatedOptions[0m [32m✔[0m
[36m      ├─[0m [34mm001 parse[0m [32m✔[0m
[36m      ├─[0m [34mm002 parse[0m [32m✔[0m
[36m      └─[0m [34mm003 parse[0m [32m✔[0m

Test run finished after 2615 ms
[         3 containers found      ]
[         0 containers skipped    ]
[         3 containers started    ]
[         0 containers aborted    ]
[         3 containers successful ]
[         0 containers failed     ]
[        16 tests found           ]
[         0 tests skipped         ]
[        16 tests started         ]
[         0 tests aborted         ]
[        16 tests successful      ]
[         0 tests failed          ]


[exit=0 timeout=False time=4.0s]

$ java -Djava.awt.headless=true -Xss4m -Xmx1g -Dpbt.seed=1 -Dpbt.tries=200 -Dpbt.snapshot.dir=/work/jqwik_out/Cli_30/auto_round1_tries200_seed1/snapshots -Dpbt.propertyBudgetMs=5000 -Dpbt.mask=/work/Cli_30f:/work/Cli_30b:/work/jqwik_out/Cli_30/auto_round1_tries200_seed1/classes_f:/work/jqwik_out/Cli_30/auto_round1_tries200_seed1/classes_b -Dpbt.mode=check -javaagent:/opt/jacoco/lib/jacocoagent.jar=destfile=/workspace/jqwik/Result_auto_Round1/Cli_30/tries200_seed1/jacoco.exec -jar /workspace/lib/jqwik/junit-platform-console-standalone-1.9.3.jar --disable-banner --details tree --class-path /work/jqwik_out/Cli_30/auto_round1_tries200_seed1/classes_f:/work/Cli_30f/target/classes:/opt/defects4j/framework/projects/Cli/lib/junit/junit/3.8.2/junit-3.8.2.jar:/opt/defects4j/framework/projects/Cli/lib/junit-addons/junit-addons/1.4/junit-addons-1.4.jar:/work/Cli_30f/target/test-classes:/work/jqwik_harness:/workspace/lib/jqwik/jqwik-1.7.4.jar:/workspace/lib/jqwik/jqwik-api-1.7.4.jar:/workspace/lib/jqwik/jqwik-engine-1.7.4.jar --scan-class-path /work/jqwik_out/Cli_30/auto_round1_tries200_seed1/classes_f --include-classname .* --include-engine jqwik --config jqwik.database=/workspace/jqwik/Result_auto_Round1/Cli_30/tries200_seed1/reports_fixed/jqwik-database --config jqwik.tries.default=200 --reports-dir /workspace/jqwik/Result_auto_Round1/Cli_30/tries200_seed1/reports_fixed
leConcatenatedOptions = 
                              |-----------------------jqwik-----------------------
tries = 200                   | # of calls to property
checks = 200                  | # of not rejected calls
generation = RANDOMIZED       | parameters are randomly generated
after-failure = SAMPLE_FIRST  | try previously failed sample, then previous seed
when-fixed-seed = ALLOW       | fixing the random seed is allowed
edge-cases#mode = NONE        | edge cases are not explicitly generated
seed = 1                      | random seed to reproduce generated values


timestamp = 2026-09-28T21:37:48.091064, DefaultParser AutoPbtTest:m001 parse = 
                              |-----------------------jqwik-----------------------
tries = 200                   | # of calls to property
checks = 200                  | # of not rejected calls
generation = RANDOMIZED       | parameters are randomly generated
after-failure = SAMPLE_FIRST  | try previously failed sample, then previous seed
when-fixed-seed = ALLOW       | fixing the random seed is allowed
edge-cases#mode = NONE        | edge cases are not explicitly generated
seed = 1                      | random seed to reproduce generated values


timestamp = 2026-09-28T21:37:48.207125, DefaultParser AutoPbtTest:m002 parse = 
                              |-----------------------jqwik-----------------------
tries = 200                   | # of calls to property
checks = 200                  | # of not rejected calls
generation = RANDOMIZED       | parameters are randomly generated
after-failure = SAMPLE_FIRST  | try previously failed sample, then previous seed
when-fixed-seed = ALLOW       | fixing the random seed is allowed
edge-cases#mode = NONE        | edge cases are not explicitly generated
seed = 1                      | random seed to reproduce generated values


timestamp = 2026-09-28T21:37:48.374446, DefaultParser AutoPbtTest:m003 parse = 
                              |-----------------------jqwik-----------------------
tries = 200                   | # of calls to property
checks = 200                  | # of not rejected calls
generation = RANDOMIZED       | parameters are randomly generated
after-failure = SAMPLE_FIRST  | try previously failed sample, then previous seed
when-fixed-seed = ALLOW       | fixing the random seed is allowed
edge-cases#mode = NONE        | edge cases are not explicitly generated
seed = 1                      | random seed to reproduce generated values


[36m╷[0m
[36m└─[0m [36mjqwik (JUnit Platform)[0m [32m✔[0m
[36m   ├─[0m [36mParser AutoPbtTest[0m [32m✔[0m
[36m   │  ├─[0m [34mm009 processProperties[0m [32m✔[0m
[36m   │  ├─[0m [34mm002 getRequiredOptions[0m [32m✔[0m
[36m   │  ├─[0m [34mm004 parse[0m [32m✔[0m
[36m   │  ├─[0m [34mm008 processOption[0m [32m✔[0m
[36m   │  ├─[0m [34mm005 parse[0m [32m✔[0m
[36m   │  ├─[0m [34mm001 getOptions[0m [32m✔[0m
[36m   │  ├─[0m [34mm006 parse[0m [32m✔[0m
[36m   │  ├─[0m [34mm000 checkRequiredOptions[0m [32m✔[0m
[36m   │  ├─[0m [34mm010 setOptions[0m [32m✔[0m
[36m   │  ├─[0m [34mm007 processArgs[0m [32m✔[0m
[36m   │  └─[0m [34mm003 parse[0m [32m✔[0m
[36m   └─[0m [36mDefaultParser AutoPbtTest[0m [32m✔[0m
[36m      ├─[0m [34mm004 parse[0m [32m✔[0m
[36m      ├─[0m [34mm000 handleConcatenatedOptions[0m [32m✔[0m
[36m      ├─[0m [34mm001 parse[0m [32m✔[0m
[36m      ├─[0m [34mm002 parse[0m [32m✔[0m
[36m      └─[0m [34mm003 parse[0m [32m✔[0m

Test run finished after 3374 ms
[         3 containers found      ]
[         0 containers skipped    ]
[         3 containers started    ]
[         0 containers aborted    ]
[         3 containers successful ]
[         0 containers failed     ]
[        16 tests found           ]
[         0 tests skipped         ]
[        16 tests started         ]
[         0 tests aborted         ]
[        16 tests successful      ]
[         0 tests failed          ]


[exit=0 timeout=False time=11.3s]

$ java -jar /opt/jacoco/lib/jacococli.jar report /workspace/jqwik/Result_auto_Round1/Cli_30/tries200_seed1/jacoco.exec --classfiles /work/Cli_30f/target/classes --csv /workspace/jqwik/Result_auto_Round1/Cli_30/tries200_seed1/jacoco.csv
[INFO] Loading execution data file /workspace/jqwik/Result_auto_Round1/Cli_30/tries200_seed1/jacoco.exec.
[INFO] Analyzing 22 classes.

[exit=0 timeout=False time=0.7s]

$ java -Djava.awt.headless=true -Xss4m -Xmx1g -Dpbt.seed=1 -Dpbt.tries=200 -Dpbt.snapshot.dir=/work/jqwik_out/Cli_30/auto_round1_tries200_seed1/snapshots -Dpbt.propertyBudgetMs=5000 -Dpbt.mask=/work/Cli_30f:/work/Cli_30b:/work/jqwik_out/Cli_30/auto_round1_tries200_seed1/classes_f:/work/jqwik_out/Cli_30/auto_round1_tries200_seed1/classes_b -Dpbt.mode=check -jar /workspace/lib/jqwik/junit-platform-console-standalone-1.9.3.jar --disable-banner --details tree --class-path /work/jqwik_out/Cli_30/auto_round1_tries200_seed1/classes_b:/work/Cli_30b/target/classes:/opt/defects4j/framework/projects/Cli/lib/junit/junit/3.8.2/junit-3.8.2.jar:/opt/defects4j/framework/projects/Cli/lib/junit-addons/junit-addons/1.4/junit-addons-1.4.jar:/work/Cli_30b/target/test-classes:/work/jqwik_harness:/workspace/lib/jqwik/jqwik-1.7.4.jar:/workspace/lib/jqwik/jqwik-api-1.7.4.jar:/workspace/lib/jqwik/jqwik-engine-1.7.4.jar --scan-class-path /work/jqwik_out/Cli_30/auto_round1_tries200_seed1/classes_b --include-classname .* --include-engine jqwik --config jqwik.database=/workspace/jqwik/Result_auto_Round1/Cli_30/tries200_seed1/reports_buggy/jqwik-database --config jqwik.tries.default=200 --reports-dir /workspace/jqwik/Result_auto_Round1/Cli_30/tries200_seed1/reports_buggy
leConcatenatedOptions = 
                              |-----------------------jqwik-----------------------
tries = 200                   | # of calls to property
checks = 200                  | # of not rejected calls
generation = RANDOMIZED       | parameters are randomly generated
after-failure = SAMPLE_FIRST  | try previously failed sample, then previous seed
when-fixed-seed = ALLOW       | fixing the random seed is allowed
edge-cases#mode = NONE        | edge cases are not explicitly generated
seed = 1                      | random seed to reproduce generated values


timestamp = 2026-09-28T21:38:01.751384, DefaultParser AutoPbtTest:m001 parse = 
                              |-----------------------jqwik-----------------------
tries = 200                   | # of calls to property
checks = 200                  | # of not rejected calls
generation = RANDOMIZED       | parameters are randomly generated
after-failure = SAMPLE_FIRST  | try previously failed sample, then previous seed
when-fixed-seed = ALLOW       | fixing the random seed is allowed
edge-cases#mode = NONE        | edge cases are not explicitly generated
seed = 1                      | random seed to reproduce generated values


timestamp = 2026-09-28T21:38:01.813874, DefaultParser AutoPbtTest:m002 parse = 
                              |-----------------------jqwik-----------------------
tries = 200                   | # of calls to property
checks = 200                  | # of not rejected calls
generation = RANDOMIZED       | parameters are randomly generated
after-failure = SAMPLE_FIRST  | try previously failed sample, then previous seed
when-fixed-seed = ALLOW       | fixing the random seed is allowed
edge-cases#mode = NONE        | edge cases are not explicitly generated
seed = 1                      | random seed to reproduce generated values


timestamp = 2026-09-28T21:38:01.930920, DefaultParser AutoPbtTest:m003 parse = 
                              |-----------------------jqwik-----------------------
tries = 200                   | # of calls to property
checks = 200                  | # of not rejected calls
generation = RANDOMIZED       | parameters are randomly generated
after-failure = SAMPLE_FIRST  | try previously failed sample, then previous seed
when-fixed-seed = ALLOW       | fixing the random seed is allowed
edge-cases#mode = NONE        | edge cases are not explicitly generated
seed = 1                      | random seed to reproduce generated values


[36m╷[0m
[36m└─[0m [36mjqwik (JUnit Platform)[0m [32m✔[0m
[36m   ├─[0m [36mParser AutoPbtTest[0m [32m✔[0m
[36m   │  ├─[0m [34mm009 processProperties[0m [32m✔[0m
[36m   │  ├─[0m [34mm002 getRequiredOptions[0m [32m✔[0m
[36m   │  ├─[0m [34mm004 parse[0m [32m✔[0m
[36m   │  ├─[0m [34mm008 processOption[0m [32m✔[0m
[36m   │  ├─[0m [34mm005 parse[0m [32m✔[0m
[36m   │  ├─[0m [34mm001 getOptions[0m [32m✔[0m
[36m   │  ├─[0m [34mm006 parse[0m [32m✔[0m
[36m   │  ├─[0m [34mm000 checkRequiredOptions[0m [32m✔[0m
[36m   │  ├─[0m [34mm010 setOptions[0m [32m✔[0m
[36m   │  ├─[0m [34mm007 processArgs[0m [32m✔[0m
[36m   │  └─[0m [34mm003 parse[0m [32m✔[0m
[36m   └─[0m [36mDefaultParser AutoPbtTest[0m [32m✔[0m
[36m      ├─[0m [34mm004 parse[0m [32m✔[0m
[36m      ├─[0m [34mm000 handleConcatenatedOptions[0m [32m✔[0m
[36m      ├─[0m [34mm001 parse[0m [32m✔[0m
[36m      ├─[0m [34mm002 parse[0m [32m✔[0m
[36m      └─[0m [34mm003 parse[0m [32m✔[0m

Test run finished after 3238 ms
[         3 containers found      ]
[         0 containers skipped    ]
[         3 containers started    ]
[         0 containers aborted    ]
[         3 containers successful ]
[         0 containers failed     ]
[        16 tests found           ]
[         0 tests skipped         ]
[        16 tests started         ]
[         0 tests aborted         ]
[        16 tests successful      ]
[         0 tests failed          ]


[exit=0 timeout=False time=5.4s]
