
$ javac -nowarn -encoding UTF-8 -cp /work/Closure_91f/build/classes:/work/Closure_91f/lib/ant_deploy.jar:/work/Closure_91f/lib/args4j_deploy.jar:/work/Closure_91f/lib/guava-r06.jar:/work/Closure_91f/lib/hamcrest-core-1.1.jar:/work/Closure_91f/lib/json.jar:/work/Closure_91f/lib/jsr305.jar:/work/Closure_91f/lib/junit.jar:/work/Closure_91f/lib/libtrunk_rhino_parser_jarjared.jar:/work/Closure_91f/lib/protobuf-java-2.3.0.jar:/work/Closure_91f/build/test:/work/jqwik_harness:/workspace/lib/jqwik/jqwik-1.7.4.jar:/workspace/lib/jqwik/jqwik-api-1.7.4.jar:/workspace/lib/jqwik/jqwik-engine-1.7.4.jar -d /work/jqwik_out/Closure_91/auto_round2_tries1000_seed1/classes_f /workspace/jqwik/Auto/Closure_91/com/google/javascript/jscomp/CheckGlobalThis_AutoPbtTest.java

[exit=0 timeout=False time=0.9s]

$ javac -nowarn -encoding UTF-8 -cp /work/Closure_91b/build/classes:/work/Closure_91b/lib/ant_deploy.jar:/work/Closure_91b/lib/args4j_deploy.jar:/work/Closure_91b/lib/guava-r06.jar:/work/Closure_91b/lib/hamcrest-core-1.1.jar:/work/Closure_91b/lib/json.jar:/work/Closure_91b/lib/jsr305.jar:/work/Closure_91b/lib/junit.jar:/work/Closure_91b/lib/libtrunk_rhino_parser_jarjared.jar:/work/Closure_91b/lib/protobuf-java-2.3.0.jar:/work/Closure_91b/build/test:/work/jqwik_harness:/workspace/lib/jqwik/jqwik-1.7.4.jar:/workspace/lib/jqwik/jqwik-api-1.7.4.jar:/workspace/lib/jqwik/jqwik-engine-1.7.4.jar -d /work/jqwik_out/Closure_91/auto_round2_tries1000_seed1/classes_b /workspace/jqwik/Auto/Closure_91/com/google/javascript/jscomp/CheckGlobalThis_AutoPbtTest.java

[exit=0 timeout=False time=0.9s]

$ java -Djava.awt.headless=true -Xss4m -Xmx1g -Dpbt.seed=1 -Dpbt.tries=1000 -Dpbt.snapshot.dir=/work/jqwik_out/Closure_91/auto_round2_tries1000_seed1/snapshots -Dpbt.propertyBudgetMs=5000 -Dpbt.mask=/work/Closure_91f:/work/Closure_91b:/work/jqwik_out/Closure_91/auto_round2_tries1000_seed1/classes_f:/work/jqwik_out/Closure_91/auto_round2_tries1000_seed1/classes_b -Dpbt.mode=record -jar /workspace/lib/jqwik/junit-platform-console-standalone-1.9.3.jar --disable-banner --details tree --class-path /work/jqwik_out/Closure_91/auto_round2_tries1000_seed1/classes_f:/work/Closure_91f/build/classes:/work/Closure_91f/lib/ant_deploy.jar:/work/Closure_91f/lib/args4j_deploy.jar:/work/Closure_91f/lib/guava-r06.jar:/work/Closure_91f/lib/hamcrest-core-1.1.jar:/work/Closure_91f/lib/json.jar:/work/Closure_91f/lib/jsr305.jar:/work/Closure_91f/lib/junit.jar:/work/Closure_91f/lib/libtrunk_rhino_parser_jarjared.jar:/work/Closure_91f/lib/protobuf-java-2.3.0.jar:/work/Closure_91f/build/test:/work/jqwik_harness:/workspace/lib/jqwik/jqwik-1.7.4.jar:/workspace/lib/jqwik/jqwik-api-1.7.4.jar:/workspace/lib/jqwik/jqwik-engine-1.7.4.jar --scan-class-path /work/jqwik_out/Closure_91/auto_round2_tries1000_seed1/classes_f --include-classname .* --include-engine jqwik --config jqwik.database=/workspace/jqwik/Result_auto_Round2/Closure_91/tries1000_seed1/reports_record/jqwik-database --config jqwik.tries.default=1000 --reports-dir /workspace/jqwik/Result_auto_Round2/Closure_91/tries1000_seed1/reports_record
timestamp = 2026-09-30T23:34:58.119209, CheckGlobalThis AutoPbtTest:m001 visit = 
                              |-----------------------jqwik-----------------------
tries = 1000                  | # of calls to property
checks = 1000                 | # of not rejected calls
generation = RANDOMIZED       | parameters are randomly generated
after-failure = SAMPLE_FIRST  | try previously failed sample, then previous seed
when-fixed-seed = ALLOW       | fixing the random seed is allowed
edge-cases#mode = NONE        | edge cases are not explicitly generated
seed = 1                      | random seed to reproduce generated values


timestamp = 2026-09-30T23:34:58.575342, CheckGlobalThis AutoPbtTest:m000 shouldTraverse = 
                              |-----------------------jqwik-----------------------
tries = 1000                  | # of calls to property
checks = 1000                 | # of not rejected calls
generation = RANDOMIZED       | parameters are randomly generated
after-failure = SAMPLE_FIRST  | try previously failed sample, then previous seed
when-fixed-seed = ALLOW       | fixing the random seed is allowed
edge-cases#mode = NONE        | edge cases are not explicitly generated
seed = 1                      | random seed to reproduce generated values


[36m╷[0m
[36m└─[0m [36mjqwik (JUnit Platform)[0m [32m✔[0m
[36m   └─[0m [36mCheckGlobalThis AutoPbtTest[0m [32m✔[0m
[36m      ├─[0m [34mm001 visit[0m [32m✔[0m
[36m      └─[0m [34mm000 shouldTraverse[0m [32m✔[0m

Test run finished after 1956 ms
[         2 containers found      ]
[         0 containers skipped    ]
[         2 containers started    ]
[         0 containers aborted    ]
[         2 containers successful ]
[         0 containers failed     ]
[         2 tests found           ]
[         0 tests skipped         ]
[         2 tests started         ]
[         0 tests aborted         ]
[         2 tests successful      ]
[         0 tests failed          ]


[exit=0 timeout=False time=2.9s]

$ java -Djava.awt.headless=true -Xss4m -Xmx1g -Dpbt.seed=1 -Dpbt.tries=1000 -Dpbt.snapshot.dir=/work/jqwik_out/Closure_91/auto_round2_tries1000_seed1/snapshots -Dpbt.propertyBudgetMs=5000 -Dpbt.mask=/work/Closure_91f:/work/Closure_91b:/work/jqwik_out/Closure_91/auto_round2_tries1000_seed1/classes_f:/work/jqwik_out/Closure_91/auto_round2_tries1000_seed1/classes_b -Dpbt.mode=check -javaagent:/opt/jacoco/lib/jacocoagent.jar=destfile=/workspace/jqwik/Result_auto_Round2/Closure_91/tries1000_seed1/jacoco.exec -jar /workspace/lib/jqwik/junit-platform-console-standalone-1.9.3.jar --disable-banner --details tree --class-path /work/jqwik_out/Closure_91/auto_round2_tries1000_seed1/classes_f:/work/Closure_91f/build/classes:/work/Closure_91f/lib/ant_deploy.jar:/work/Closure_91f/lib/args4j_deploy.jar:/work/Closure_91f/lib/guava-r06.jar:/work/Closure_91f/lib/hamcrest-core-1.1.jar:/work/Closure_91f/lib/json.jar:/work/Closure_91f/lib/jsr305.jar:/work/Closure_91f/lib/junit.jar:/work/Closure_91f/lib/libtrunk_rhino_parser_jarjared.jar:/work/Closure_91f/lib/protobuf-java-2.3.0.jar:/work/Closure_91f/build/test:/work/jqwik_harness:/workspace/lib/jqwik/jqwik-1.7.4.jar:/workspace/lib/jqwik/jqwik-api-1.7.4.jar:/workspace/lib/jqwik/jqwik-engine-1.7.4.jar --scan-class-path /work/jqwik_out/Closure_91/auto_round2_tries1000_seed1/classes_f --include-classname .* --include-engine jqwik --config jqwik.database=/workspace/jqwik/Result_auto_Round2/Closure_91/tries1000_seed1/reports_fixed/jqwik-database --config jqwik.tries.default=1000 --reports-dir /workspace/jqwik/Result_auto_Round2/Closure_91/tries1000_seed1/reports_fixed
timestamp = 2026-09-30T23:35:01.650534, CheckGlobalThis AutoPbtTest:m001 visit = 
                              |-----------------------jqwik-----------------------
tries = 1000                  | # of calls to property
checks = 1000                 | # of not rejected calls
generation = RANDOMIZED       | parameters are randomly generated
after-failure = SAMPLE_FIRST  | try previously failed sample, then previous seed
when-fixed-seed = ALLOW       | fixing the random seed is allowed
edge-cases#mode = NONE        | edge cases are not explicitly generated
seed = 1                      | random seed to reproduce generated values


timestamp = 2026-09-30T23:35:02.136118, CheckGlobalThis AutoPbtTest:m000 shouldTraverse = 
                              |-----------------------jqwik-----------------------
tries = 1000                  | # of calls to property
checks = 1000                 | # of not rejected calls
generation = RANDOMIZED       | parameters are randomly generated
after-failure = SAMPLE_FIRST  | try previously failed sample, then previous seed
when-fixed-seed = ALLOW       | fixing the random seed is allowed
edge-cases#mode = NONE        | edge cases are not explicitly generated
seed = 1                      | random seed to reproduce generated values


[36m╷[0m
[36m└─[0m [36mjqwik (JUnit Platform)[0m [32m✔[0m
[36m   └─[0m [36mCheckGlobalThis AutoPbtTest[0m [32m✔[0m
[36m      ├─[0m [34mm001 visit[0m [32m✔[0m
[36m      └─[0m [34mm000 shouldTraverse[0m [32m✔[0m

Test run finished after 2187 ms
[         2 containers found      ]
[         0 containers skipped    ]
[         2 containers started    ]
[         0 containers aborted    ]
[         2 containers successful ]
[         0 containers failed     ]
[         2 tests found           ]
[         0 tests skipped         ]
[         2 tests started         ]
[         0 tests aborted         ]
[         2 tests successful      ]
[         0 tests failed          ]


[exit=0 timeout=False time=8.7s]

$ java -jar /opt/jacoco/lib/jacococli.jar report /workspace/jqwik/Result_auto_Round2/Closure_91/tries1000_seed1/jacoco.exec --classfiles /work/Closure_91f/build/classes --csv /workspace/jqwik/Result_auto_Round2/Closure_91/tries1000_seed1/jacoco.csv
[INFO] Loading execution data file /workspace/jqwik/Result_auto_Round2/Closure_91/tries1000_seed1/jacoco.exec.
[INFO] Analyzing 984 classes.

[exit=0 timeout=False time=1.3s]

$ java -Djava.awt.headless=true -Xss4m -Xmx1g -Dpbt.seed=1 -Dpbt.tries=1000 -Dpbt.snapshot.dir=/work/jqwik_out/Closure_91/auto_round2_tries1000_seed1/snapshots -Dpbt.propertyBudgetMs=5000 -Dpbt.mask=/work/Closure_91f:/work/Closure_91b:/work/jqwik_out/Closure_91/auto_round2_tries1000_seed1/classes_f:/work/jqwik_out/Closure_91/auto_round2_tries1000_seed1/classes_b -Dpbt.mode=check -jar /workspace/lib/jqwik/junit-platform-console-standalone-1.9.3.jar --disable-banner --details tree --class-path /work/jqwik_out/Closure_91/auto_round2_tries1000_seed1/classes_b:/work/Closure_91b/build/classes:/work/Closure_91b/lib/ant_deploy.jar:/work/Closure_91b/lib/args4j_deploy.jar:/work/Closure_91b/lib/guava-r06.jar:/work/Closure_91b/lib/hamcrest-core-1.1.jar:/work/Closure_91b/lib/json.jar:/work/Closure_91b/lib/jsr305.jar:/work/Closure_91b/lib/junit.jar:/work/Closure_91b/lib/libtrunk_rhino_parser_jarjared.jar:/work/Closure_91b/lib/protobuf-java-2.3.0.jar:/work/Closure_91b/build/test:/work/jqwik_harness:/workspace/lib/jqwik/jqwik-1.7.4.jar:/workspace/lib/jqwik/jqwik-api-1.7.4.jar:/workspace/lib/jqwik/jqwik-engine-1.7.4.jar --scan-class-path /work/jqwik_out/Closure_91/auto_round2_tries1000_seed1/classes_b --include-classname .* --include-engine jqwik --config jqwik.database=/workspace/jqwik/Result_auto_Round2/Closure_91/tries1000_seed1/reports_buggy/jqwik-database --config jqwik.tries.default=1000 --reports-dir /workspace/jqwik/Result_auto_Round2/Closure_91/tries1000_seed1/reports_buggy
timestamp = 2026-09-30T23:35:12.019732, CheckGlobalThis AutoPbtTest:m001 visit = 
                              |-----------------------jqwik-----------------------
tries = 1000                  | # of calls to property
checks = 1000                 | # of not rejected calls
generation = RANDOMIZED       | parameters are randomly generated
after-failure = SAMPLE_FIRST  | try previously failed sample, then previous seed
when-fixed-seed = ALLOW       | fixing the random seed is allowed
edge-cases#mode = NONE        | edge cases are not explicitly generated
seed = 1                      | random seed to reproduce generated values


timestamp = 2026-09-30T23:35:12.420368, CheckGlobalThis AutoPbtTest:m000 shouldTraverse = 
                              |-----------------------jqwik-----------------------
tries = 1000                  | # of calls to property
checks = 1000                 | # of not rejected calls
generation = RANDOMIZED       | parameters are randomly generated
after-failure = SAMPLE_FIRST  | try previously failed sample, then previous seed
when-fixed-seed = ALLOW       | fixing the random seed is allowed
edge-cases#mode = NONE        | edge cases are not explicitly generated
seed = 1                      | random seed to reproduce generated values


[36m╷[0m
[36m└─[0m [36mjqwik (JUnit Platform)[0m [32m✔[0m
[36m   └─[0m [36mCheckGlobalThis AutoPbtTest[0m [32m✔[0m
[36m      ├─[0m [34mm001 visit[0m [32m✔[0m
[36m      └─[0m [34mm000 shouldTraverse[0m [32m✔[0m

Test run finished after 1951 ms
[         2 containers found      ]
[         0 containers skipped    ]
[         2 containers started    ]
[         0 containers aborted    ]
[         2 containers successful ]
[         0 containers failed     ]
[         2 tests found           ]
[         0 tests skipped         ]
[         2 tests started         ]
[         0 tests aborted         ]
[         2 tests successful      ]
[         0 tests failed          ]


[exit=0 timeout=False time=2.9s]
