
$ javac -nowarn -encoding UTF-8 -cp /work/Math_78f/target/classes:/work/Math_78f/target/test-classes:/opt/defects4j/framework/projects/lib/junit-4.12-hamcrest-1.3.jar:/work/jqwik_harness:/workspace/lib/jqwik/jqwik-1.7.4.jar:/workspace/lib/jqwik/jqwik-api-1.7.4.jar:/workspace/lib/jqwik/jqwik-engine-1.7.4.jar -d /work/jqwik_out/Math_78/auto_round2_tries1000_seed1/classes_f /workspace/jqwik/Auto/Math_78/org/apache/commons/math/ode/events/EventState_AutoPbtTest.java

[exit=0 timeout=False time=0.9s]

$ javac -nowarn -encoding UTF-8 -cp /work/Math_78b/target/classes:/work/Math_78b/target/test-classes:/opt/defects4j/framework/projects/lib/junit-4.12-hamcrest-1.3.jar:/work/jqwik_harness:/workspace/lib/jqwik/jqwik-1.7.4.jar:/workspace/lib/jqwik/jqwik-api-1.7.4.jar:/workspace/lib/jqwik/jqwik-engine-1.7.4.jar -d /work/jqwik_out/Math_78/auto_round2_tries1000_seed1/classes_b /workspace/jqwik/Auto/Math_78/org/apache/commons/math/ode/events/EventState_AutoPbtTest.java

[exit=0 timeout=False time=0.9s]

$ java -Djava.awt.headless=true -Xss4m -Xmx1g -Dpbt.seed=1 -Dpbt.tries=1000 -Dpbt.snapshot.dir=/work/jqwik_out/Math_78/auto_round2_tries1000_seed1/snapshots -Dpbt.propertyBudgetMs=5000 -Dpbt.mask=/work/Math_78f:/work/Math_78b:/work/jqwik_out/Math_78/auto_round2_tries1000_seed1/classes_f:/work/jqwik_out/Math_78/auto_round2_tries1000_seed1/classes_b -Dpbt.mode=record -jar /workspace/lib/jqwik/junit-platform-console-standalone-1.9.3.jar --disable-banner --details tree --class-path /work/jqwik_out/Math_78/auto_round2_tries1000_seed1/classes_f:/work/Math_78f/target/classes:/work/Math_78f/target/test-classes:/opt/defects4j/framework/projects/lib/junit-4.12-hamcrest-1.3.jar:/work/jqwik_harness:/workspace/lib/jqwik/jqwik-1.7.4.jar:/workspace/lib/jqwik/jqwik-api-1.7.4.jar:/workspace/lib/jqwik/jqwik-engine-1.7.4.jar --scan-class-path /work/jqwik_out/Math_78/auto_round2_tries1000_seed1/classes_f --include-classname .* --include-engine jqwik --config jqwik.database=/workspace/jqwik/Result_auto_Round2/Math_78/tries1000_seed1/reports_record/jqwik-database --config jqwik.tries.default=1000 --reports-dir /workspace/jqwik/Result_auto_Round2/Math_78/tries1000_seed1/reports_record
= SAMPLE_FIRST  | try previously failed sample, then previous seed
when-fixed-seed = ALLOW       | fixing the random seed is allowed
edge-cases#mode = NONE        | edge cases are not explicitly generated
seed = 1                      | random seed to reproduce generated values


timestamp = 2026-09-30T02:46:08.025361, EventState AutoPbtTest:m002 getEventHandler = 
                              |-----------------------jqwik-----------------------
tries = 1000                  | # of calls to property
checks = 1000                 | # of not rejected calls
generation = RANDOMIZED       | parameters are randomly generated
after-failure = SAMPLE_FIRST  | try previously failed sample, then previous seed
when-fixed-seed = ALLOW       | fixing the random seed is allowed
edge-cases#mode = NONE        | edge cases are not explicitly generated
seed = 1                      | random seed to reproduce generated values


timestamp = 2026-09-30T02:46:08.154180, EventState AutoPbtTest:m007 reset = 
                              |-----------------------jqwik-----------------------
tries = 1000                  | # of calls to property
checks = 1000                 | # of not rejected calls
generation = RANDOMIZED       | parameters are randomly generated
after-failure = SAMPLE_FIRST  | try previously failed sample, then previous seed
when-fixed-seed = ALLOW       | fixing the random seed is allowed
edge-cases#mode = NONE        | edge cases are not explicitly generated
seed = 1                      | random seed to reproduce generated values


timestamp = 2026-09-30T02:46:08.273149, EventState AutoPbtTest:m000 evaluateStep = 
                              |-----------------------jqwik-----------------------
tries = 1000                  | # of calls to property
checks = 1000                 | # of not rejected calls
generation = RANDOMIZED       | parameters are randomly generated
after-failure = SAMPLE_FIRST  | try previously failed sample, then previous seed
when-fixed-seed = ALLOW       | fixing the random seed is allowed
edge-cases#mode = NONE        | edge cases are not explicitly generated
seed = 1                      | random seed to reproduce generated values


timestamp = 2026-09-30T02:46:08.344367, EventState AutoPbtTest:m004 getMaxCheckInterval = 
                              |-----------------------jqwik-----------------------
tries = 1000                  | # of calls to property
checks = 1000                 | # of not rejected calls
generation = RANDOMIZED       | parameters are randomly generated
after-failure = SAMPLE_FIRST  | try previously failed sample, then previous seed
when-fixed-seed = ALLOW       | fixing the random seed is allowed
edge-cases#mode = NONE        | edge cases are not explicitly generated
seed = 1                      | random seed to reproduce generated values


[36m╷[0m
[36m└─[0m [36mjqwik (JUnit Platform)[0m [32m✔[0m
[36m   └─[0m [36mEventState AutoPbtTest[0m [32m✔[0m
[36m      ├─[0m [34mm001 getConvergence[0m [32m✔[0m
[36m      ├─[0m [34mm009 stop[0m [32m✔[0m
[36m      ├─[0m [34mm003 getEventTime[0m [32m✔[0m
[36m      ├─[0m [34mm008 stepAccepted[0m [32m✔[0m
[36m      ├─[0m [34mm005 getMaxIterationCount[0m [32m✔[0m
[36m      ├─[0m [34mm006 reinitializeBegin[0m [32m✔[0m
[36m      ├─[0m [34mm002 getEventHandler[0m [32m✔[0m
[36m      ├─[0m [34mm007 reset[0m [32m✔[0m
[36m      ├─[0m [34mm000 evaluateStep[0m [32m✔[0m
[36m      └─[0m [34mm004 getMaxCheckInterval[0m [32m✔[0m

Test run finished after 4171 ms
[         2 containers found      ]
[         0 containers skipped    ]
[         2 containers started    ]
[         0 containers aborted    ]
[         2 containers successful ]
[         0 containers failed     ]
[        10 tests found           ]
[         0 tests skipped         ]
[        10 tests started         ]
[         0 tests aborted         ]
[        10 tests successful      ]
[         0 tests failed          ]


[exit=0 timeout=False time=5.2s]

$ java -Djava.awt.headless=true -Xss4m -Xmx1g -Dpbt.seed=1 -Dpbt.tries=1000 -Dpbt.snapshot.dir=/work/jqwik_out/Math_78/auto_round2_tries1000_seed1/snapshots -Dpbt.propertyBudgetMs=5000 -Dpbt.mask=/work/Math_78f:/work/Math_78b:/work/jqwik_out/Math_78/auto_round2_tries1000_seed1/classes_f:/work/jqwik_out/Math_78/auto_round2_tries1000_seed1/classes_b -Dpbt.mode=check -javaagent:/opt/jacoco/lib/jacocoagent.jar=destfile=/workspace/jqwik/Result_auto_Round2/Math_78/tries1000_seed1/jacoco.exec -jar /workspace/lib/jqwik/junit-platform-console-standalone-1.9.3.jar --disable-banner --details tree --class-path /work/jqwik_out/Math_78/auto_round2_tries1000_seed1/classes_f:/work/Math_78f/target/classes:/work/Math_78f/target/test-classes:/opt/defects4j/framework/projects/lib/junit-4.12-hamcrest-1.3.jar:/work/jqwik_harness:/workspace/lib/jqwik/jqwik-1.7.4.jar:/workspace/lib/jqwik/jqwik-api-1.7.4.jar:/workspace/lib/jqwik/jqwik-engine-1.7.4.jar --scan-class-path /work/jqwik_out/Math_78/auto_round2_tries1000_seed1/classes_f --include-classname .* --include-engine jqwik --config jqwik.database=/workspace/jqwik/Result_auto_Round2/Math_78/tries1000_seed1/reports_fixed/jqwik-database --config jqwik.tries.default=1000 --reports-dir /workspace/jqwik/Result_auto_Round2/Math_78/tries1000_seed1/reports_fixed
= SAMPLE_FIRST  | try previously failed sample, then previous seed
when-fixed-seed = ALLOW       | fixing the random seed is allowed
edge-cases#mode = NONE        | edge cases are not explicitly generated
seed = 1                      | random seed to reproduce generated values


timestamp = 2026-09-30T02:46:14.608492, EventState AutoPbtTest:m002 getEventHandler = 
                              |-----------------------jqwik-----------------------
tries = 1000                  | # of calls to property
checks = 1000                 | # of not rejected calls
generation = RANDOMIZED       | parameters are randomly generated
after-failure = SAMPLE_FIRST  | try previously failed sample, then previous seed
when-fixed-seed = ALLOW       | fixing the random seed is allowed
edge-cases#mode = NONE        | edge cases are not explicitly generated
seed = 1                      | random seed to reproduce generated values


timestamp = 2026-09-30T02:46:14.958855, EventState AutoPbtTest:m007 reset = 
                              |-----------------------jqwik-----------------------
tries = 1000                  | # of calls to property
checks = 1000                 | # of not rejected calls
generation = RANDOMIZED       | parameters are randomly generated
after-failure = SAMPLE_FIRST  | try previously failed sample, then previous seed
when-fixed-seed = ALLOW       | fixing the random seed is allowed
edge-cases#mode = NONE        | edge cases are not explicitly generated
seed = 1                      | random seed to reproduce generated values


timestamp = 2026-09-30T02:46:15.068212, EventState AutoPbtTest:m000 evaluateStep = 
                              |-----------------------jqwik-----------------------
tries = 1000                  | # of calls to property
checks = 1000                 | # of not rejected calls
generation = RANDOMIZED       | parameters are randomly generated
after-failure = SAMPLE_FIRST  | try previously failed sample, then previous seed
when-fixed-seed = ALLOW       | fixing the random seed is allowed
edge-cases#mode = NONE        | edge cases are not explicitly generated
seed = 1                      | random seed to reproduce generated values


timestamp = 2026-09-30T02:46:15.138129, EventState AutoPbtTest:m004 getMaxCheckInterval = 
                              |-----------------------jqwik-----------------------
tries = 1000                  | # of calls to property
checks = 1000                 | # of not rejected calls
generation = RANDOMIZED       | parameters are randomly generated
after-failure = SAMPLE_FIRST  | try previously failed sample, then previous seed
when-fixed-seed = ALLOW       | fixing the random seed is allowed
edge-cases#mode = NONE        | edge cases are not explicitly generated
seed = 1                      | random seed to reproduce generated values


[36m╷[0m
[36m└─[0m [36mjqwik (JUnit Platform)[0m [32m✔[0m
[36m   └─[0m [36mEventState AutoPbtTest[0m [32m✔[0m
[36m      ├─[0m [34mm001 getConvergence[0m [32m✔[0m
[36m      ├─[0m [34mm009 stop[0m [32m✔[0m
[36m      ├─[0m [34mm003 getEventTime[0m [32m✔[0m
[36m      ├─[0m [34mm008 stepAccepted[0m [32m✔[0m
[36m      ├─[0m [34mm005 getMaxIterationCount[0m [32m✔[0m
[36m      ├─[0m [34mm006 reinitializeBegin[0m [32m✔[0m
[36m      ├─[0m [34mm002 getEventHandler[0m [32m✔[0m
[36m      ├─[0m [34mm007 reset[0m [32m✔[0m
[36m      ├─[0m [34mm000 evaluateStep[0m [32m✔[0m
[36m      └─[0m [34mm004 getMaxCheckInterval[0m [32m✔[0m

Test run finished after 4754 ms
[         2 containers found      ]
[         0 containers skipped    ]
[         2 containers started    ]
[         0 containers aborted    ]
[         2 containers successful ]
[         0 containers failed     ]
[        10 tests found           ]
[         0 tests skipped         ]
[        10 tests started         ]
[         0 tests aborted         ]
[        10 tests successful      ]
[         0 tests failed          ]


[exit=0 timeout=False time=12.2s]

$ java -jar /opt/jacoco/lib/jacococli.jar report /workspace/jqwik/Result_auto_Round2/Math_78/tries1000_seed1/jacoco.exec --classfiles /work/Math_78f/target/classes --csv /workspace/jqwik/Result_auto_Round2/Math_78/tries1000_seed1/jacoco.csv
[INFO] Loading execution data file /workspace/jqwik/Result_auto_Round2/Math_78/tries1000_seed1/jacoco.exec.
[INFO] Analyzing 361 classes.

[exit=0 timeout=False time=1.4s]

$ java -Djava.awt.headless=true -Xss4m -Xmx1g -Dpbt.seed=1 -Dpbt.tries=1000 -Dpbt.snapshot.dir=/work/jqwik_out/Math_78/auto_round2_tries1000_seed1/snapshots -Dpbt.propertyBudgetMs=5000 -Dpbt.mask=/work/Math_78f:/work/Math_78b:/work/jqwik_out/Math_78/auto_round2_tries1000_seed1/classes_f:/work/jqwik_out/Math_78/auto_round2_tries1000_seed1/classes_b -Dpbt.mode=check -jar /workspace/lib/jqwik/junit-platform-console-standalone-1.9.3.jar --disable-banner --details tree --class-path /work/jqwik_out/Math_78/auto_round2_tries1000_seed1/classes_b:/work/Math_78b/target/classes:/work/Math_78b/target/test-classes:/opt/defects4j/framework/projects/lib/junit-4.12-hamcrest-1.3.jar:/work/jqwik_harness:/workspace/lib/jqwik/jqwik-1.7.4.jar:/workspace/lib/jqwik/jqwik-api-1.7.4.jar:/workspace/lib/jqwik/jqwik-engine-1.7.4.jar --scan-class-path /work/jqwik_out/Math_78/auto_round2_tries1000_seed1/classes_b --include-classname .* --include-engine jqwik --config jqwik.database=/workspace/jqwik/Result_auto_Round2/Math_78/tries1000_seed1/reports_buggy/jqwik-database --config jqwik.tries.default=1000 --reports-dir /workspace/jqwik/Result_auto_Round2/Math_78/tries1000_seed1/reports_buggy
= SAMPLE_FIRST  | try previously failed sample, then previous seed
when-fixed-seed = ALLOW       | fixing the random seed is allowed
edge-cases#mode = NONE        | edge cases are not explicitly generated
seed = 1                      | random seed to reproduce generated values


timestamp = 2026-09-30T02:46:29.758974, EventState AutoPbtTest:m002 getEventHandler = 
                              |-----------------------jqwik-----------------------
tries = 1000                  | # of calls to property
checks = 1000                 | # of not rejected calls
generation = RANDOMIZED       | parameters are randomly generated
after-failure = SAMPLE_FIRST  | try previously failed sample, then previous seed
when-fixed-seed = ALLOW       | fixing the random seed is allowed
edge-cases#mode = NONE        | edge cases are not explicitly generated
seed = 1                      | random seed to reproduce generated values


timestamp = 2026-09-30T02:46:29.975415, EventState AutoPbtTest:m007 reset = 
                              |-----------------------jqwik-----------------------
tries = 1000                  | # of calls to property
checks = 1000                 | # of not rejected calls
generation = RANDOMIZED       | parameters are randomly generated
after-failure = SAMPLE_FIRST  | try previously failed sample, then previous seed
when-fixed-seed = ALLOW       | fixing the random seed is allowed
edge-cases#mode = NONE        | edge cases are not explicitly generated
seed = 1                      | random seed to reproduce generated values


timestamp = 2026-09-30T02:46:30.383894, EventState AutoPbtTest:m000 evaluateStep = 
                              |-----------------------jqwik-----------------------
tries = 1000                  | # of calls to property
checks = 1000                 | # of not rejected calls
generation = RANDOMIZED       | parameters are randomly generated
after-failure = SAMPLE_FIRST  | try previously failed sample, then previous seed
when-fixed-seed = ALLOW       | fixing the random seed is allowed
edge-cases#mode = NONE        | edge cases are not explicitly generated
seed = 1                      | random seed to reproduce generated values


timestamp = 2026-09-30T02:46:30.659147, EventState AutoPbtTest:m004 getMaxCheckInterval = 
                              |-----------------------jqwik-----------------------
tries = 1000                  | # of calls to property
checks = 1000                 | # of not rejected calls
generation = RANDOMIZED       | parameters are randomly generated
after-failure = SAMPLE_FIRST  | try previously failed sample, then previous seed
when-fixed-seed = ALLOW       | fixing the random seed is allowed
edge-cases#mode = NONE        | edge cases are not explicitly generated
seed = 1                      | random seed to reproduce generated values


[36m╷[0m
[36m└─[0m [36mjqwik (JUnit Platform)[0m [32m✔[0m
[36m   └─[0m [36mEventState AutoPbtTest[0m [32m✔[0m
[36m      ├─[0m [34mm001 getConvergence[0m [32m✔[0m
[36m      ├─[0m [34mm009 stop[0m [32m✔[0m
[36m      ├─[0m [34mm003 getEventTime[0m [32m✔[0m
[36m      ├─[0m [34mm008 stepAccepted[0m [32m✔[0m
[36m      ├─[0m [34mm005 getMaxIterationCount[0m [32m✔[0m
[36m      ├─[0m [34mm006 reinitializeBegin[0m [32m✔[0m
[36m      ├─[0m [34mm002 getEventHandler[0m [32m✔[0m
[36m      ├─[0m [34mm007 reset[0m [32m✔[0m
[36m      ├─[0m [34mm000 evaluateStep[0m [32m✔[0m
[36m      └─[0m [34mm004 getMaxCheckInterval[0m [32m✔[0m

Test run finished after 5050 ms
[         2 containers found      ]
[         0 containers skipped    ]
[         2 containers started    ]
[         0 containers aborted    ]
[         2 containers successful ]
[         0 containers failed     ]
[        10 tests found           ]
[         0 tests skipped         ]
[        10 tests started         ]
[         0 tests aborted         ]
[        10 tests successful      ]
[         0 tests failed          ]


[exit=0 timeout=False time=6.5s]
