
$ defects4j compile -w /work/Lang_3f
Running ant (compile)...................................................... OK
Running ant (compile.tests)................................................ OK

[exit=0 timeout=False time=0.8s]

$ defects4j compile -w /work/Lang_3b
Running ant (compile)...................................................... OK
Running ant (compile.tests)................................................ OK

[exit=0 timeout=False time=0.8s]

$ java -jar /opt/evosuite/evosuite-1.2.0.jar -generateSuite -class org.apache.commons.lang3.math.NumberUtils -projectCP /work/Lang_3f/target/classes:/work/Lang_3f/target/classes -Dcriterion=LINE:BRANCH:EXCEPTION -Dsearch_budget=60 -seed 1 -Dtest_dir=/work/evo_out/Lang_3f/budget60_seed1/tests -Dreport_dir=/work/evo_out/Lang_3f/budget60_seed1/report
* EvoSuite 1.2.0
* Going to generate test cases for class: org.apache.commons.lang3.math.NumberUtils
* Starting Client-0
* Connecting to master process on port 9922
* Analyzing classpath: 
  - /work/Lang_3f/target/classes
  - /work/Lang_3f/target/classes
* Finished analyzing classpath
* Generating tests for class org.apache.commons.lang3.math.NumberUtils
* Test criteria:
  - Line Coverage
  - Branch Coverage
  - Exception
* Setting up search algorithm for whole suite generation
* Total number of test goals: 
  - Line 357
  - Branch 359
  - Exception 0

[Progress:>                             0%] [Cov:>                                  0%]* Using seed 1
* Starting evolution

[Progress:>                             0%] [Cov:===>                               10%]
[Progress:>                             0%] [Cov:=====>                             17%]
[Progress:>                             0%] [Cov:=================>                 50%]
[Progress:>                             0%] [Cov:==================>                53%]
[Progress:>                             1%] [Cov:=>                                 5%]
[Progress:>                             1%] [Cov:==>                                8%]
[Progress:>                             1%] [Cov:==============>                    42%]
[Progress:>                             1%] [Cov:=================>                 49%]
[Progress:>                             1%] [Cov:=================>                 50%]
[Progress:>                             1%] [Cov:==================>                54%]
[Progress:>                             1%] [Cov:==================>                54%]
[Progress:>                             1%] [Cov:===========================>       79%]
[Progress:>                             3%] [Cov:===========================>       79%]
[Progress:>                             3%] [Cov:===========================>       79%]
[Progress:>                             3%] [Cov:============================>      80%]
[Progress:>                             3%] [Cov:============================>      80%]
[Progress:>                             3%] [Cov:============================>      81%]
[Progress:>                             3%] [Cov:============================>      82%]
[Progress:>                             3%] [Cov:=============================>     83%]
[Progress:>                             3%] [Cov:=============================>     83%]
[Progress:=>                            5%] [Cov:=============================>     83%]
[Progress:=>                            5%] [Cov:=============================>     83%]
[Progress:=>                            5%] [Cov:=============================>     84%]
[Progress:=>                            5%] [Cov:=============================>     85%]
[Progress:=>                            5%] [Cov:=============================>     85%]
[Progress:=>                            6%] [Cov:=============================>     85%]
[Progress:=>                            6%] [Cov:=============================>     85%]
[Progress:=>                            6%] [Cov:=============================>     85%]
[Progress:=>                            6%] [Cov:==============================>    86%]
[Progress:=>                            6%] [Cov:==============================>    86%]
[Progress:=>                            6%] [Cov:==============================>    86%]
[Progress:==>                           8%] [Cov:==============================>    86%]
[Progress:==>                           8%] [Cov:==============================>    86%]
[Progress:==>                           8%] [Cov:==============================>    86%]
[Progress:==>                           8%] [Cov:==============================>    86%]
[Progress:==>                           8%] [Cov:==============================>    87%]
[Progress:===>                          10%] [Cov:==============================>    87%]
[Progress:===>                          10%] [Cov:==============================>    87%]
[Progress:===>                          10%] [Cov:==============================>    88%]
[Progress:===>                          10%] [Cov:==============================>    88%]
[Progress:===>                          11%] [Cov:==============================>    88%]
[Progress:===>                          11%] [Cov:===============================>   89%]
[Progress:===>                          11%] [Cov:===============================>   89%]
[Progress:===>                          11%] [Cov:===============================>   89%]
[Progress:===>                          11%] [Cov:===============================>   89%]
[Progress:===>                          11%] [Cov:===============================>   89%]
[Progress:===>                          13%] [Cov:===============================>   89%]
[Progress:===>                          13%] [Cov:===============================>   89%]
[Progress:===>                          13%] [Cov:===============================>   89%]
[Progress:===>                          13%] [Cov:===============================>   89%]
[Progress:===>                          13%] [Cov:===============================>   89%]
[Progress:====>                         15%] [Cov:===============================>   89%]
[Progress:====>                         15%] [Cov:===============================>   89%]
[Progress:====>                         15%] [Cov:===============================>   89%]
[Progress:====>                         15%] [Cov:===============================>   89%]
[Progress:====>                         16%] [Cov:===============================>   89%]
[Progress:====>                         16%] [Cov:===============================>   89%]
[Progress:====>                         16%] [Cov:===============================>   89%]
[Progress:====>                         16%] [Cov:===============================>   89%]
[Progress:=====>                        18%] [Cov:===============================>   89%]
[Progress:=====>                        18%] [Cov:===============================>   89%]
[Progress:=====>                        18%] [Cov:===============================>   90%]
[Progress:=====>                        18%] [Cov:===============================>   90%]
[Progress:=====>                        18%] [Cov:===============================>   90%]
[Progress:======>                       20%] [Cov:===============================>   90%]
[Progress:======>                       20%] [Cov:===============================>   90%]
[Progress:======>                       20%] [Cov:===============================>   90%]
[Progress:======>                       20%] [Cov:===============================>   90%]
[Progress:======>                       20%] [Cov:===============================>   90%]
[Progress:======>                       21%] [Cov:===============================>   90%]
[Progress:======>                       21%] [Cov:===============================>   90%]
[Progress:======>                       21%] [Cov:===============================>   90%]
[Progress:======>                       21%] [Cov:===============================>   90%]
[Progress:======>                       21%] [Cov:===============================>   90%]
[Progress:======>                       23%] [Cov:===============================>   90%]
[Progress:======>                       23%] [Cov:===============================>   90%]
[Progress:======>                       23%] [Cov:===============================>   90%]
[Progress:======>                       23%] [Cov:===============================>   90%]
[Progress:======>                       23%] [Cov:===============================>   90%]
[Progress:=======>                      25%] [Cov:===============================>   90%]
[Progress:=======>                      25%] [Cov:===============================>   90%]
[Progress:=======>                      25%] [Cov:===============================>   90%]
[Progress:=======>                      25%] [Cov:===============================>   90%]
[Progress:=======>                      25%] [Cov:===============================>   90%]
[Progress:=======>                      26%] [Cov:===============================>   90%]
[Progress:=======>                      26%] [Cov:===============================>   90%]
[Progress:=======>                      26%] [Cov:===============================>   90%]
[Progress:=======>                      26%] [Cov:===============================>   90%]
[Progress:========>                     28%] [Cov:===============================>   90%]
[Progress:========>                     28%] [Cov:===============================>   90%]
[Progress:========>                     28%] [Cov:===============================>   90%]
[Progress:========>                     28%] [Cov:===============================>   90%]
[Progress:========>                     28%] [Cov:===============================>   90%]
[Progress:=========>                    30%] [Cov:===============================>   90%]
[Progress:=========>                    30%] [Cov:===============================>   90%]
[Progress:=========>                    30%] [Cov:===============================>   90%]
[Progress:=========>                    30%] [Cov:===============================>   90%]
[Progress:=========>                    31%] [Cov:===============================>   90%]
[Progress:=========>                    31%] [Cov:===============================>   90%]
[Progress:=========>                    31%] [Cov:===============================>   90%]
[Progress:=========>                    31%] [Cov:===============================>   90%]
[Progress:=========>                    31%] [Cov:===============================>   90%]
[Progress:=========>                    33%] [Cov:===============================>   90%]
[Progress:=========>                    33%] [Cov:===============================>   90%]
[Progress:=========>                    33%] [Cov:===============================>   90%]
[Progress:==========>                   35%] [Cov:===============================>   90%]
[Progress:==========>                   35%] [Cov:===============================>   90%]
[Progress:==========>                   35%] [Cov:===============================>   91%]
[Progress:==========>                   35%] [Cov:===============================>   91%]
[Progress:==========>                   35%] [Cov:===============================>   91%]
[Progress:==========>                   36%] [Cov:===============================>   91%]
[Progress:==========>                   36%] [Cov:===============================>   91%]
[Progress:==========>                   36%] [Cov:===============================>   91%]
[Progress:==========>                   36%] [Cov:===============================>   91%]
[Progress:===========>                  38%] [Cov:===============================>   91%]
[Progress:===========>                  38%] [Cov:===============================>   91%]
[Progress:===========>                  38%] [Cov:===============================>   91%]
[Progress:===========>                  38%] [Cov:===============================>   91%]
[Progress:============>                 40%] [Cov:===============================>   91%]
[Progress:============>                 40%] [Cov:===============================>   91%]
[Progress:============>                 40%] [Cov:===============================>   91%]
[Progress:============>                 40%] [Cov:===============================>   91%]
[Progress:============>                 41%] [Cov:===============================>   91%]
[Progress:============>                 41%] [Cov:===============================>   91%]
[Progress:============>                 41%] [Cov:===============================>   91%]
[Progress:============>                 41%] [Cov:===============================>   91%]
[Progress:============>                 43%] [Cov:===============================>   91%]
[Progress:============>                 43%] [Cov:===============================>   91%]
[Progress:============>                 43%] [Cov:===============================>   91%]
[Progress:============>                 43%] [Cov:===============================>   91%]
[Progress:=============>                45%] [Cov:===============================>   91%]
[Progress:=============>                45%] [Cov:===============================>   91%]
[Progress:=============>                45%] [Cov:===============================>   91%]
[Progress:=============>                45%] [Cov:===============================>   91%]
[Progress:=============>                46%] [Cov:===============================>   91%]
[Progress:=============>                46%] [Cov:===============================>   91%]
[Progress:=============>                46%] [Cov:===============================>   91%]
[Progress:=============>                46%] [Cov:===============================>   91%]
[Progress:=============>                46%] [Cov:===============================>   91%]
[Progress:==============>               48%] [Cov:===============================>   91%]
[Progress:==============>               48%] [Cov:===============================>   91%]
[Progress:==============>               48%] [Cov:===============================>   91%]
[Progress:==============>               48%] [Cov:===============================>   91%]
[Progress:===============>              50%] [Cov:===============================>   91%]
[Progress:===============>              50%] [Cov:===============================>   91%]
[Progress:===============>              50%] [Cov:===============================>   91%]
[Progress:===============>              51%] [Cov:===============================>   91%]
[Progress:===============>              51%] [Cov:===============================>   91%]
[Progress:===============>              51%] [Cov:===============================>   91%]
[Progress:===============>              53%] [Cov:===============================>   91%]
[Progress:===============>              53%] [Cov:===============================>   91%]
[Progress:===============>              53%] [Cov:===============================>   91%]
[Progress:===============>              53%] [Cov:===============================>   91%]
[Progress:================>             55%] [Cov:===============================>   91%]
[Progress:================>             55%] [Cov:===============================>   91%]
[Progress:================>             55%] [Cov:===============================>   91%]
[Progress:================>             55%] [Cov:===============================>   91%]
[Progress:================>             55%] [Cov:===============================>   91%]
[Progress:================>             56%] [Cov:===============================>   91%]
[Progress:================>             56%] [Cov:===============================>   91%]
[Progress:================>             56%] [Cov:===============================>   91%]
[Progress:================>             56%] [Cov:===============================>   91%]
[Progress:=================>            58%] [Cov:===============================>   91%]
[Progress:=================>            58%] [Cov:================================>  92%]
[Progress:=================>            58%] [Cov:================================>  92%]
[Progress:=================>            58%] [Cov:================================>  92%]
[Progress:==================>           60%] [Cov:================================>  92%]
[Progress:==================>           60%] [Cov:================================>  92%]
[Progress:==================>           60%] [Cov:================================>  92%]
[Progress:==================>           60%] [Cov:================================>  92%]
[Progress:==================>           61%] [Cov:================================>  92%]
[Progress:==================>           61%] [Cov:================================>  92%]
[Progress:==================>           61%] [Cov:================================>  92%]
[Progress:==================>           61%] [Cov:================================>  92%]
[Progress:==================>           63%] [Cov:================================>  92%]
[Progress:==================>           63%] [Cov:================================>  92%]
[Progress:==================>           63%] [Cov:================================>  92%]
[Progress:==================>           63%] [Cov:================================>  92%]
[Progress:===================>          65%] [Cov:================================>  92%]
[Progress:===================>          65%] [Cov:================================>  92%]
[Progress:===================>          65%] [Cov:================================>  92%]
[Progress:===================>          66%] [Cov:================================>  92%]
[Progress:===================>          66%] [Cov:================================>  92%]
[Progress:===================>          66%] [Cov:================================>  92%]
[Progress:====================>         68%] [Cov:================================>  92%]
[Progress:====================>         68%] [Cov:================================>  92%]
[Progress:====================>         68%] [Cov:================================>  92%]
[Progress:====================>         68%] [Cov:================================>  92%]
[Progress:=====================>        70%] [Cov:================================>  92%]
[Progress:=====================>        70%] [Cov:================================>  92%]
[Progress:=====================>        70%] [Cov:================================>  92%]
[Progress:=====================>        71%] [Cov:================================>  92%]
[Progress:=====================>        71%] [Cov:================================>  92%]
[Progress:=====================>        71%] [Cov:================================>  92%]
[Progress:=====================>        71%] [Cov:================================>  92%]
[Progress:=====================>        73%] [Cov:================================>  92%]
[Progress:=====================>        73%] [Cov:================================>  92%]
[Progress:=====================>        73%] [Cov:================================>  92%]
[Progress:======================>       75%] [Cov:================================>  92%]
[Progress:======================>       75%] [Cov:================================>  92%]
[Progress:======================>       75%] [Cov:================================>  92%]
[Progress:======================>       76%] [Cov:================================>  92%]
[Progress:======================>       76%] [Cov:================================>  92%]
[Progress:======================>       76%] [Cov:================================>  92%]
[Progress:======================>       76%] [Cov:================================>  92%]
[Progress:=======================>      78%] [Cov:================================>  92%]
[Progress:=======================>      78%] [Cov:================================>  92%]
[Progress:=======================>      78%] [Cov:================================>  92%]
[Progress:========================>     80%] [Cov:================================>  92%]
[Progress:========================>     80%] [Cov:================================>  92%]
[Progress:========================>     80%] [Cov:================================>  92%]
[Progress:========================>     81%] [Cov:================================>  92%]
[Progress:========================>     81%] [Cov:================================>  92%]
[Progress:========================>     81%] [Cov:================================>  92%]
[Progress:========================>     81%] [Cov:================================>  92%]
[Progress:========================>     83%] [Cov:================================>  92%]
[Progress:========================>     83%] [Cov:================================>  92%]
[Progress:========================>     83%] [Cov:================================>  92%]
[Progress:=========================>    85%] [Cov:================================>  92%]
[Progress:=========================>    85%] [Cov:================================>  92%]
[Progress:=========================>    85%] [Cov:================================>  92%]
[Progress:=========================>    86%] [Cov:================================>  92%]
[Progress:=========================>    86%] [Cov:================================>  92%]
[Progress:=========================>    86%] [Cov:================================>  92%]
[Progress:=========================>    86%] [Cov:================================>  92%]
[Progress:==========================>   88%] [Cov:================================>  92%]
[Progress:==========================>   88%] [Cov:================================>  92%]
[Progress:===========================>  90%] [Cov:================================>  92%]
[Progress:===========================>  90%] [Cov:================================>  92%]
[Progress:===========================>  90%] [Cov:================================>  92%]
[Progress:===========================>  91%] [Cov:================================>  92%]
[Progress:===========================>  91%] [Cov:================================>  92%]
[Progress:===========================>  91%] [Cov:================================>  92%]
[Progress:===========================>  93%] [Cov:================================>  92%]
[Progress:===========================>  93%] [Cov:================================>  92%]
[Progress:===========================>  93%] [Cov:================================>  92%]
[Progress:============================> 95%] [Cov:================================>  92%]
[Progress:============================> 95%] [Cov:================================>  92%]
[Progress:============================> 95%] [Cov:================================>  92%]
[Progress:============================> 96%] [Cov:================================>  92%]
[Progress:============================> 96%] [Cov:================================>  92%]
[Progress:============================> 96%] [Cov:================================>  93%]
[Progress:============================> 96%] [Cov:================================>  93%]
[Progress:=============================>98%] [Cov:================================>  93%]
[Progress:=============================>98%] [Cov:================================>  93%]
[Progress:=============================>98%] [Cov:================================>  93%]
[Progress:==============================100%] [Cov:================================>  93%]
[Progress:==============================100%] [Cov:================================>  93%]
[Progress:==============================100%] [Cov:================================>  93%]
[Progress:==============================100%] [Cov:================================>  93%]
[Progress:==============================100%] [Cov:================================>  93%]
[Progress:==============================100%] [Cov:================================>  93%]
* Search finished after 61s and 174 generations, 81857 statements, best individual has fitness: 91.95979014409892
* Minimizing test suite
* Going to analyze the coverage criteria
* Coverage analysis for criterion LINE
* Coverage of criterion LINE: 95%
* Total number of goals: 357
* Number of covered goals: 338
* Coverage analysis for criterion BRANCH
* Coverage of criterion BRANCH: 85%
* Total number of goals: 359
* Number of covered goals: 305
* Coverage analysis for criterion EXCEPTION
* Coverage of criterion EXCEPTION: 100%
* Total number of goals: 21
* Number of covered goals: 21
* Generated 119 tests with total length 156
* Resulting test suite's coverage: 93% (average coverage for all fitness functions)
* Generating assertions
* Resulting test suite's mutation score: 60%
* Compiling and checking tests
* Writing tests to file
* Writing JUnit test case 'NumberUtils_ESTest' to /work/evo_out/Lang_3f/budget60_seed1/tests
* Done!

* Computation finished

[exit=0 timeout=False time=83.1s]

$ javac -nowarn -cp /work/Lang_3f/target/classes:/work/Lang_3f/target/classes:/work/Lang_3f/target/tests:/opt/defects4j/framework/projects/lib/junit-4.12-hamcrest-1.3.jar:/opt/defects4j/framework/projects/Lang/lib/easymock.jar:/opt/defects4j/framework/projects/Lang/lib/commons-io.jar:/opt/defects4j/framework/projects/Lang/lib/cglib.jar:/opt/defects4j/framework/projects/Lang/lib/asm.jar:/opt/evosuite/evosuite-standalone-runtime-1.2.0.jar -d /work/evo_out/Lang_3f/budget60_seed1/classes /work/evo_out/Lang_3f/budget60_seed1/tests/org/apache/commons/lang3/math/NumberUtils_ESTest.java /work/evo_out/Lang_3f/budget60_seed1/tests/org/apache/commons/lang3/math/NumberUtils_ESTest_scaffolding.java

[exit=0 timeout=False time=0.7s]

$ java -jar /opt/jacoco/lib/jacococli.jar instrument /work/Lang_3f/target/classes --dest /work/evo_out/Lang_3f/budget60_seed1/instrumented
[INFO] 170 classes instrumented to /work/evo_out/Lang_3f/budget60_seed1/instrumented.

[exit=0 timeout=False time=0.4s]

$ java -Djacoco-agent.destfile=/workspace/EvoSuite/Result_Round1/Lang_3/budget60_seed1/jacoco.exec -cp /work/evo_out/Lang_3f/budget60_seed1/instrumented:/work/evo_out/Lang_3f/budget60_seed1/classes:/work/Lang_3f/target/classes:/work/Lang_3f/target/tests:/opt/defects4j/framework/projects/lib/junit-4.12-hamcrest-1.3.jar:/opt/defects4j/framework/projects/Lang/lib/easymock.jar:/opt/defects4j/framework/projects/Lang/lib/commons-io.jar:/opt/defects4j/framework/projects/Lang/lib/cglib.jar:/opt/defects4j/framework/projects/Lang/lib/asm.jar:/opt/evosuite/evosuite-standalone-runtime-1.2.0.jar:/opt/jacoco/lib/jacocoagent.jar org.junit.runner.JUnitCore org.apache.commons.lang3.math.NumberUtils_ESTest
JUnit version 4.12
.......................................................................................................................
Time: 0.548

OK (119 tests)

SLF4J: Failed to load class "org.slf4j.impl.StaticLoggerBinder".
SLF4J: Defaulting to no-operation (NOP) logger implementation
SLF4J: See http://www.slf4j.org/codes.html#StaticLoggerBinder for further details.
WARNING: An illegal reflective access operation has occurred
WARNING: Illegal reflective access by org.evosuite.runtime.GuiSupport (file:/opt/evosuite/evosuite-standalone-runtime-1.2.0.jar) to field java.awt.GraphicsEnvironment.headless
WARNING: Please consider reporting this to the maintainers of org.evosuite.runtime.GuiSupport
WARNING: Use --illegal-access=warn to enable warnings of further illegal reflective access operations
WARNING: All illegal access operations will be denied in a future release

[exit=0 timeout=False time=0.9s]

$ java -jar /opt/jacoco/lib/jacococli.jar report /workspace/EvoSuite/Result_Round1/Lang_3/budget60_seed1/jacoco.exec --classfiles /work/Lang_3f/target/classes --csv /workspace/EvoSuite/Result_Round1/Lang_3/budget60_seed1/jacoco.csv
[INFO] Loading execution data file /workspace/EvoSuite/Result_Round1/Lang_3/budget60_seed1/jacoco.exec.
[INFO] Analyzing 158 classes.

[exit=0 timeout=False time=0.4s]

$ java -cp /work/evo_out/Lang_3f/budget60_seed1/classes:/work/Lang_3b/target/classes:/work/Lang_3b/target/tests:/opt/defects4j/framework/projects/lib/junit-4.12-hamcrest-1.3.jar:/opt/defects4j/framework/projects/Lang/lib/easymock.jar:/opt/defects4j/framework/projects/Lang/lib/commons-io.jar:/opt/defects4j/framework/projects/Lang/lib/cglib.jar:/opt/defects4j/framework/projects/Lang/lib/asm.jar:/opt/evosuite/evosuite-standalone-runtime-1.2.0.jar org.junit.runner.JUnitCore org.apache.commons.lang3.math.NumberUtils_ESTest
JUnit version 4.12
.......................................................................................................................
Time: 0.512

OK (119 tests)

SLF4J: Failed to load class "org.slf4j.impl.StaticLoggerBinder".
SLF4J: Defaulting to no-operation (NOP) logger implementation
SLF4J: See http://www.slf4j.org/codes.html#StaticLoggerBinder for further details.
WARNING: An illegal reflective access operation has occurred
WARNING: Illegal reflective access by org.evosuite.runtime.GuiSupport (file:/opt/evosuite/evosuite-standalone-runtime-1.2.0.jar) to field java.awt.GraphicsEnvironment.headless
WARNING: Please consider reporting this to the maintainers of org.evosuite.runtime.GuiSupport
WARNING: Use --illegal-access=warn to enable warnings of further illegal reflective access operations
WARNING: All illegal access operations will be denied in a future release

[exit=0 timeout=False time=0.7s]
