
$ defects4j checkout -p Math -v 27f -w /work/Math_27f
Checking out 63a48705 to /work/Math_27f.................................... OK
Init local repository...................................................... OK
Tag post-fix revision...................................................... OK
Run post-checkout hook..................................................... OK
Excluding broken/flaky tests............................................... OK
Excluding broken/flaky tests............................................... OK
Excluding broken/flaky tests............................................... OK
Initialize fixed program version........................................... OK
Apply patch................................................................ OK
Initialize buggy program version........................................... OK
Diff 63a48705:a49e443c..................................................... OK
Apply patch................................................................ OK
Tag pre-fix revision....................................................... OK
Check out program version: Math-27f........................................ OK

[exit=0 timeout=False time=4.1s]

$ defects4j compile -w /work/Math_27f
Running ant (compile)...................................................... OK
Running ant (compile.tests)................................................ OK

[exit=0 timeout=False time=19.3s]

$ defects4j checkout -p Math -v 27b -w /work/Math_27b
Checking out 63a48705 to /work/Math_27b.................................... OK
Init local repository...................................................... OK
Tag post-fix revision...................................................... OK
Run post-checkout hook..................................................... OK
Excluding broken/flaky tests............................................... OK
Excluding broken/flaky tests............................................... OK
Excluding broken/flaky tests............................................... OK
Initialize fixed program version........................................... OK
Apply patch................................................................ OK
Initialize buggy program version........................................... OK
Diff 63a48705:a49e443c..................................................... OK
Apply patch................................................................ OK
Tag pre-fix revision....................................................... OK
Check out program version: Math-27b........................................ OK

[exit=0 timeout=False time=4.0s]

$ defects4j compile -w /work/Math_27b
Running ant (compile)...................................................... OK
Running ant (compile.tests)................................................ OK

[exit=0 timeout=False time=22.2s]

$ java -cp /work/jqwik_harness:/workspace/lib/jqwik/jqwik-1.7.4.jar:/workspace/lib/jqwik/jqwik-api-1.7.4.jar:/workspace/lib/jqwik/jqwik-engine-1.7.4.jar pbt.auto.Generate --targets org.apache.commons.math3.fraction.Fraction --fixed-cp /work/Math_27f/target/classes:/work/Math_27f/target/test-classes:/opt/defects4j/framework/projects/lib/junit-4.12-hamcrest-1.3.jar --buggy-cp /work/Math_27b/target/classes:/work/Math_27b/target/test-classes:/opt/defects4j/framework/projects/lib/junit-4.12-hamcrest-1.3.jar --out /workspace/jqwik/Auto/Math_27 --max-methods 150
generated test classes: 1 / 1

[exit=0 timeout=False time=0.3s]

$ javac -nowarn -encoding UTF-8 -cp /work/Math_27f/target/classes:/work/Math_27f/target/test-classes:/opt/defects4j/framework/projects/lib/junit-4.12-hamcrest-1.3.jar:/work/jqwik_harness:/workspace/lib/jqwik/jqwik-1.7.4.jar:/workspace/lib/jqwik/jqwik-api-1.7.4.jar:/workspace/lib/jqwik/jqwik-engine-1.7.4.jar -d /work/jqwik_out/Math_27/auto_round1_tries200_seed1/classes_f /workspace/jqwik/Auto/Math_27/org/apache/commons/math3/fraction/Fraction_AutoPbtTest.java

[exit=0 timeout=False time=0.9s]

$ javac -nowarn -encoding UTF-8 -cp /work/Math_27b/target/classes:/work/Math_27b/target/test-classes:/opt/defects4j/framework/projects/lib/junit-4.12-hamcrest-1.3.jar:/work/jqwik_harness:/workspace/lib/jqwik/jqwik-1.7.4.jar:/workspace/lib/jqwik/jqwik-api-1.7.4.jar:/workspace/lib/jqwik/jqwik-engine-1.7.4.jar -d /work/jqwik_out/Math_27/auto_round1_tries200_seed1/classes_b /workspace/jqwik/Auto/Math_27/org/apache/commons/math3/fraction/Fraction_AutoPbtTest.java

[exit=0 timeout=False time=1.1s]

$ java -Djava.awt.headless=true -Xss4m -Xmx1g -Dpbt.seed=1 -Dpbt.tries=200 -Dpbt.snapshot.dir=/work/jqwik_out/Math_27/auto_round1_tries200_seed1/snapshots -Dpbt.propertyBudgetMs=5000 -Dpbt.mask=/work/Math_27f:/work/Math_27b:/work/jqwik_out/Math_27/auto_round1_tries200_seed1/classes_f:/work/jqwik_out/Math_27/auto_round1_tries200_seed1/classes_b -Dpbt.mode=record -jar /workspace/lib/jqwik/junit-platform-console-standalone-1.9.3.jar --disable-banner --details tree --class-path /work/jqwik_out/Math_27/auto_round1_tries200_seed1/classes_f:/work/Math_27f/target/classes:/work/Math_27f/target/test-classes:/opt/defects4j/framework/projects/lib/junit-4.12-hamcrest-1.3.jar:/work/jqwik_harness:/workspace/lib/jqwik/jqwik-1.7.4.jar:/workspace/lib/jqwik/jqwik-api-1.7.4.jar:/workspace/lib/jqwik/jqwik-engine-1.7.4.jar --scan-class-path /work/jqwik_out/Math_27/auto_round1_tries200_seed1/classes_f --include-classname .* --include-engine jqwik --config jqwik.database=/workspace/jqwik/Result_auto_Round1/Math_27/tries200_seed1/reports_record/jqwik-database --config jqwik.tries.default=200 --reports-dir /workspace/jqwik/Result_auto_Round1/Math_27/tries200_seed1/reports_record
edge-cases#mode = NONE        | edge cases are not explicitly generated
seed = 1                      | random seed to reproduce generated values


timestamp = 2026-09-29T22:34:44.540700, Fraction AutoPbtTest:m000 abs = 
                              |-----------------------jqwik-----------------------
tries = 200                   | # of calls to property
checks = 200                  | # of not rejected calls
generation = RANDOMIZED       | parameters are randomly generated
after-failure = SAMPLE_FIRST  | try previously failed sample, then previous seed
when-fixed-seed = ALLOW       | fixing the random seed is allowed
edge-cases#mode = NONE        | edge cases are not explicitly generated
seed = 1                      | random seed to reproduce generated values


timestamp = 2026-09-29T22:34:44.618184, Fraction AutoPbtTest:m001 add = 
                              |-----------------------jqwik-----------------------
tries = 200                   | # of calls to property
checks = 200                  | # of not rejected calls
generation = RANDOMIZED       | parameters are randomly generated
after-failure = SAMPLE_FIRST  | try previously failed sample, then previous seed
when-fixed-seed = ALLOW       | fixing the random seed is allowed
edge-cases#mode = NONE        | edge cases are not explicitly generated
seed = 1                      | random seed to reproduce generated values


timestamp = 2026-09-29T22:34:44.710143, Fraction AutoPbtTest:m002 add = 
                              |-----------------------jqwik-----------------------
tries = 200                   | # of calls to property
checks = 200                  | # of not rejected calls
generation = RANDOMIZED       | parameters are randomly generated
after-failure = SAMPLE_FIRST  | try previously failed sample, then previous seed
when-fixed-seed = ALLOW       | fixing the random seed is allowed
edge-cases#mode = NONE        | edge cases are not explicitly generated
seed = 1                      | random seed to reproduce generated values


[36m╷[0m
[36m└─[0m [36mjqwik (JUnit Platform)[0m [32m✔[0m
[36m   └─[0m [36mFraction AutoPbtTest[0m [32m✔[0m
[36m      ├─[0m [34mm009 getDenominator[0m [32m✔[0m
[36m      ├─[0m [34mm007 equals[0m [32m✔[0m
[36m      ├─[0m [34mm018 negate[0m [32m✔[0m
[36m      ├─[0m [34mm010 getField[0m [32m✔[0m
[36m      ├─[0m [34mm020 reciprocal[0m [32m✔[0m
[36m      ├─[0m [34mm005 divide[0m [32m✔[0m
[36m      ├─[0m [34mm015 longValue[0m [32m✔[0m
[36m      ├─[0m [34mm011 getNumerator[0m [32m✔[0m
[36m      ├─[0m [34mm012 getReducedFraction[0m [32m✔[0m
[36m      ├─[0m [34mm008 floatValue[0m [32m✔[0m
[36m      ├─[0m [34mm006 doubleValue[0m [32m✔[0m
[36m      ├─[0m [34mm017 multiply[0m [32m✔[0m
[36m      ├─[0m [34mm016 multiply[0m [32m✔[0m
[36m      ├─[0m [34mm013 hashCode[0m [32m✔[0m
[36m      ├─[0m [34mcontract equalsHashCode[0m [32m✔[0m
[36m      ├─[0m [34mm014 intValue[0m [32m✔[0m
[36m      ├─[0m [34mm003 compareTo[0m [32m✔[0m
[36m      ├─[0m [34mm019 percentageValue[0m [32m✔[0m
[36m      ├─[0m [34mm022 subtract[0m [32m✔[0m
[36m      ├─[0m [34mm023 toString[0m [32m✔[0m
[36m      ├─[0m [34mcontract compareTo[0m [32m✔[0m
[36m      ├─[0m [34mm021 subtract[0m [32m✔[0m
[36m      ├─[0m [34mm004 divide[0m [32m✔[0m
[36m      ├─[0m [34mm000 abs[0m [32m✔[0m
[36m      ├─[0m [34mm001 add[0m [32m✔[0m
[36m      └─[0m [34mm002 add[0m [32m✔[0m

Test run finished after 4397 ms
[         2 containers found      ]
[         0 containers skipped    ]
[         2 containers started    ]
[         0 containers aborted    ]
[         2 containers successful ]
[         0 containers failed     ]
[        26 tests found           ]
[         0 tests skipped         ]
[        26 tests started         ]
[         0 tests aborted         ]
[        26 tests successful      ]
[         0 tests failed          ]


[exit=0 timeout=False time=5.7s]

$ java -Djava.awt.headless=true -Xss4m -Xmx1g -Dpbt.seed=1 -Dpbt.tries=200 -Dpbt.snapshot.dir=/work/jqwik_out/Math_27/auto_round1_tries200_seed1/snapshots -Dpbt.propertyBudgetMs=5000 -Dpbt.mask=/work/Math_27f:/work/Math_27b:/work/jqwik_out/Math_27/auto_round1_tries200_seed1/classes_f:/work/jqwik_out/Math_27/auto_round1_tries200_seed1/classes_b -Dpbt.mode=check -javaagent:/opt/jacoco/lib/jacocoagent.jar=destfile=/workspace/jqwik/Result_auto_Round1/Math_27/tries200_seed1/jacoco.exec -jar /workspace/lib/jqwik/junit-platform-console-standalone-1.9.3.jar --disable-banner --details tree --class-path /work/jqwik_out/Math_27/auto_round1_tries200_seed1/classes_f:/work/Math_27f/target/classes:/work/Math_27f/target/test-classes:/opt/defects4j/framework/projects/lib/junit-4.12-hamcrest-1.3.jar:/work/jqwik_harness:/workspace/lib/jqwik/jqwik-1.7.4.jar:/workspace/lib/jqwik/jqwik-api-1.7.4.jar:/workspace/lib/jqwik/jqwik-engine-1.7.4.jar --scan-class-path /work/jqwik_out/Math_27/auto_round1_tries200_seed1/classes_f --include-classname .* --include-engine jqwik --config jqwik.database=/workspace/jqwik/Result_auto_Round1/Math_27/tries200_seed1/reports_fixed/jqwik-database --config jqwik.tries.default=200 --reports-dir /workspace/jqwik/Result_auto_Round1/Math_27/tries200_seed1/reports_fixed
edge-cases#mode = NONE        | edge cases are not explicitly generated
seed = 1                      | random seed to reproduce generated values


timestamp = 2026-09-29T22:34:49.609820, Fraction AutoPbtTest:m000 abs = 
                              |-----------------------jqwik-----------------------
tries = 200                   | # of calls to property
checks = 200                  | # of not rejected calls
generation = RANDOMIZED       | parameters are randomly generated
after-failure = SAMPLE_FIRST  | try previously failed sample, then previous seed
when-fixed-seed = ALLOW       | fixing the random seed is allowed
edge-cases#mode = NONE        | edge cases are not explicitly generated
seed = 1                      | random seed to reproduce generated values


timestamp = 2026-09-29T22:34:49.681394, Fraction AutoPbtTest:m001 add = 
                              |-----------------------jqwik-----------------------
tries = 200                   | # of calls to property
checks = 200                  | # of not rejected calls
generation = RANDOMIZED       | parameters are randomly generated
after-failure = SAMPLE_FIRST  | try previously failed sample, then previous seed
when-fixed-seed = ALLOW       | fixing the random seed is allowed
edge-cases#mode = NONE        | edge cases are not explicitly generated
seed = 1                      | random seed to reproduce generated values


timestamp = 2026-09-29T22:34:49.760317, Fraction AutoPbtTest:m002 add = 
                              |-----------------------jqwik-----------------------
tries = 200                   | # of calls to property
checks = 200                  | # of not rejected calls
generation = RANDOMIZED       | parameters are randomly generated
after-failure = SAMPLE_FIRST  | try previously failed sample, then previous seed
when-fixed-seed = ALLOW       | fixing the random seed is allowed
edge-cases#mode = NONE        | edge cases are not explicitly generated
seed = 1                      | random seed to reproduce generated values


[36m╷[0m
[36m└─[0m [36mjqwik (JUnit Platform)[0m [32m✔[0m
[36m   └─[0m [36mFraction AutoPbtTest[0m [32m✔[0m
[36m      ├─[0m [34mm009 getDenominator[0m [32m✔[0m
[36m      ├─[0m [34mm007 equals[0m [32m✔[0m
[36m      ├─[0m [34mm018 negate[0m [32m✔[0m
[36m      ├─[0m [34mm010 getField[0m [32m✔[0m
[36m      ├─[0m [34mm020 reciprocal[0m [32m✔[0m
[36m      ├─[0m [34mm005 divide[0m [32m✔[0m
[36m      ├─[0m [34mm015 longValue[0m [32m✔[0m
[36m      ├─[0m [34mm011 getNumerator[0m [32m✔[0m
[36m      ├─[0m [34mm012 getReducedFraction[0m [32m✔[0m
[36m      ├─[0m [34mm008 floatValue[0m [32m✔[0m
[36m      ├─[0m [34mm006 doubleValue[0m [32m✔[0m
[36m      ├─[0m [34mm017 multiply[0m [32m✔[0m
[36m      ├─[0m [34mm016 multiply[0m [32m✔[0m
[36m      ├─[0m [34mm013 hashCode[0m [32m✔[0m
[36m      ├─[0m [34mcontract equalsHashCode[0m [32m✔[0m
[36m      ├─[0m [34mm014 intValue[0m [32m✔[0m
[36m      ├─[0m [34mm003 compareTo[0m [32m✔[0m
[36m      ├─[0m [34mm019 percentageValue[0m [32m✔[0m
[36m      ├─[0m [34mm022 subtract[0m [32m✔[0m
[36m      ├─[0m [34mm023 toString[0m [32m✔[0m
[36m      ├─[0m [34mcontract compareTo[0m [32m✔[0m
[36m      ├─[0m [34mm021 subtract[0m [32m✔[0m
[36m      ├─[0m [34mm004 divide[0m [32m✔[0m
[36m      ├─[0m [34mm000 abs[0m [32m✔[0m
[36m      ├─[0m [34mm001 add[0m [32m✔[0m
[36m      └─[0m [34mm002 add[0m [32m✔[0m

Test run finished after 3207 ms
[         2 containers found      ]
[         0 containers skipped    ]
[         2 containers started    ]
[         0 containers aborted    ]
[         2 containers successful ]
[         0 containers failed     ]
[        26 tests found           ]
[         0 tests skipped         ]
[        26 tests started         ]
[         0 tests aborted         ]
[        26 tests successful      ]
[         0 tests failed          ]


[exit=0 timeout=False time=11.5s]

$ java -jar /opt/jacoco/lib/jacococli.jar report /workspace/jqwik/Result_auto_Round1/Math_27/tries200_seed1/jacoco.exec --classfiles /work/Math_27f/target/classes --csv /workspace/jqwik/Result_auto_Round1/Math_27/tries200_seed1/jacoco.csv
[INFO] Loading execution data file /workspace/jqwik/Result_auto_Round1/Math_27/tries200_seed1/jacoco.exec.
[INFO] Analyzing 661 classes.

[exit=0 timeout=False time=0.8s]

$ java -Djava.awt.headless=true -Xss4m -Xmx1g -Dpbt.seed=1 -Dpbt.tries=200 -Dpbt.snapshot.dir=/work/jqwik_out/Math_27/auto_round1_tries200_seed1/snapshots -Dpbt.propertyBudgetMs=5000 -Dpbt.mask=/work/Math_27f:/work/Math_27b:/work/jqwik_out/Math_27/auto_round1_tries200_seed1/classes_f:/work/jqwik_out/Math_27/auto_round1_tries200_seed1/classes_b -Dpbt.mode=check -jar /workspace/lib/jqwik/junit-platform-console-standalone-1.9.3.jar --disable-banner --details tree --class-path /work/jqwik_out/Math_27/auto_round1_tries200_seed1/classes_b:/work/Math_27b/target/classes:/work/Math_27b/target/test-classes:/opt/defects4j/framework/projects/lib/junit-4.12-hamcrest-1.3.jar:/work/jqwik_harness:/workspace/lib/jqwik/jqwik-1.7.4.jar:/workspace/lib/jqwik/jqwik-api-1.7.4.jar:/workspace/lib/jqwik/jqwik-engine-1.7.4.jar --scan-class-path /work/jqwik_out/Math_27/auto_round1_tries200_seed1/classes_b --include-classname .* --include-engine jqwik --config jqwik.database=/workspace/jqwik/Result_auto_Round1/Math_27/tries200_seed1/reports_buggy/jqwik-database --config jqwik.tries.default=200 --reports-dir /workspace/jqwik/Result_auto_Round1/Math_27/tries200_seed1/reports_buggy
explicitly generated
seed = 1                      | random seed to reproduce generated values


[36m╷[0m
[36m└─[0m [36mjqwik (JUnit Platform)[0m [32m✔[0m
[36m   └─[0m [36mFraction AutoPbtTest[0m [32m✔[0m
[36m      ├─[0m [34mm009 getDenominator[0m [32m✔[0m
[36m      ├─[0m [34mm007 equals[0m [32m✔[0m
[36m      ├─[0m [34mm018 negate[0m [32m✔[0m
[36m      ├─[0m [34mm010 getField[0m [32m✔[0m
[36m      ├─[0m [34mm020 reciprocal[0m [32m✔[0m
[36m      ├─[0m [34mm005 divide[0m [32m✔[0m
[36m      ├─[0m [34mm015 longValue[0m [32m✔[0m
[36m      ├─[0m [34mm011 getNumerator[0m [32m✔[0m
[36m      ├─[0m [34mm012 getReducedFraction[0m [32m✔[0m
[36m      ├─[0m [34mm008 floatValue[0m [32m✔[0m
[36m      ├─[0m [34mm006 doubleValue[0m [32m✔[0m
[36m      ├─[0m [34mm017 multiply[0m [32m✔[0m
[36m      ├─[0m [34mm016 multiply[0m [32m✔[0m
[36m      ├─[0m [34mm013 hashCode[0m [32m✔[0m
[36m      ├─[0m [34mcontract equalsHashCode[0m [32m✔[0m
[36m      ├─[0m [34mm014 intValue[0m [32m✔[0m
[36m      ├─[0m [34mm003 compareTo[0m [32m✔[0m
[36m      ├─[0m [31mm019 percentageValue[0m [31m✘[0m [31m[regression] org.apache.commons.math3.fraction.Fraction.percentageValue()[0m
[36m      │     [0m[31m     input:    new Fraction.<init>[Integer:-1, Integer:12].percentageValue[][0m
[36m      │     [0m[31m     expected: ret=Double:-8.333333333333332 | this=Fraction:-1 / 12[0m
[36m      │     [0m[31m     actual:   ret=Double:-8.333333333333334 | this=Fraction:-1 / 12[0m
[36m      ├─[0m [34mm022 subtract[0m [32m✔[0m
[36m      ├─[0m [34mm023 toString[0m [32m✔[0m
[36m      ├─[0m [34mcontract compareTo[0m [32m✔[0m
[36m      ├─[0m [34mm021 subtract[0m [32m✔[0m
[36m      ├─[0m [34mm004 divide[0m [32m✔[0m
[36m      ├─[0m [34mm000 abs[0m [32m✔[0m
[36m      ├─[0m [34mm001 add[0m [32m✔[0m
[36m      └─[0m [34mm002 add[0m [32m✔[0m

Failures (1):
  jqwik (JUnit Platform):Fraction AutoPbtTest:m019 percentageValue
    MethodSource [className = 'org.apache.commons.math3.fraction.Fraction_AutoPbtTest', methodName = 'm019_percentageValue', methodParameterTypes = 'pbt.auto.AutoTarget$Call']
    => java.lang.AssertionError: [regression] org.apache.commons.math3.fraction.Fraction.percentageValue()
  input:    new Fraction.<init>[Integer:-1, Integer:12].percentageValue[]
  expected: ret=Double:-8.333333333333332 | this=Fraction:-1 / 12
  actual:   ret=Double:-8.333333333333334 | this=Fraction:-1 / 12
       pbt.auto.AutoTarget.check(AutoTarget.java:127)
       org.apache.commons.math3.fraction.Fraction_AutoPbtTest.m019_percentageValue(Fraction_AutoPbtTest.java:210)
       java.base/jdk.internal.reflect.NativeMethodAccessorImpl.invoke0(Native Method)
       java.base/jdk.internal.reflect.NativeMethodAccessorImpl.invoke(NativeMethodAccessorImpl.java:62)
       java.base/jdk.internal.reflect.DelegatingMethodAccessorImpl.invoke(DelegatingMethodAccessorImpl.java:43)
       java.base/java.lang.reflect.Method.invoke(Method.java:566)
       org.junit.platform.commons.util.ReflectionUtils.invokeMethod(ReflectionUtils.java:727)
       org.junit.platform.commons.support.ReflectionSupport.invokeMethod(ReflectionSupport.java:198)
       net.jqwik.engine.execution.CheckedPropertyFactory.lambda$createRawFunction$1(CheckedPropertyFactory.java:84)
       net.jqwik.engine.execution.CheckedPropertyFactory.lambda$createRawFunction$2(CheckedPropertyFactory.java:91)
       [...]

Test run finished after 4341 ms
[         2 containers found      ]
[         0 containers skipped    ]
[         2 containers started    ]
[         0 containers aborted    ]
[         2 containers successful ]
[         0 containers failed     ]
[        26 tests found           ]
[         0 tests skipped         ]
[        26 tests started         ]
[         0 tests aborted         ]
[        25 tests successful      ]
[         1 tests failed          ]


[exit=1 timeout=False time=5.7s]
