
$ defects4j checkout -p Closure -v 153f -w /work/Closure_153f
Checking out 86caf52b to /work/Closure_153f................................ OK
Init local repository...................................................... OK
Tag post-fix revision...................................................... OK
Apply patch................................................................ OK
sed: can't read /work/Closure_153f/lib/rhino/build.properties: No such file or directory
sed: can't read /work/Closure_153f/lib/rhino/build.properties: No such file or directory
sed: can't read /work/Closure_153f/lib/rhino/src/mozilla/js/rhino/build.properties: No such file or directory
sed: can't read /work/Closure_153f/lib/rhino/src/mozilla/js/rhino/build.properties: No such file or directory
Run post-checkout hook..................................................... OK
Excluding broken/flaky tests............................................... OK
Excluding broken/flaky tests............................................... OK
Initialize fixed program version........................................... OK
Apply patch................................................................ OK
Initialize buggy program version........................................... OK
Diff 86caf52b:ff1a3d71..................................................... OK
Apply patch................................................................ OK
Tag pre-fix revision....................................................... OK
Check out program version: Closure-153f.................................... OK

[exit=0 timeout=False time=3.4s]

$ defects4j compile -w /work/Closure_153f
Running ant (compile)...................................................... OK
Running ant (compile.tests)................................................ OK

[exit=0 timeout=False time=10.4s]

$ defects4j checkout -p Closure -v 153b -w /work/Closure_153b
Checking out 86caf52b to /work/Closure_153b................................ OK
Init local repository...................................................... OK
Tag post-fix revision...................................................... OK
Apply patch................................................................ OK
sed: can't read /work/Closure_153b/lib/rhino/build.properties: No such file or directory
sed: can't read /work/Closure_153b/lib/rhino/build.properties: No such file or directory
sed: can't read /work/Closure_153b/lib/rhino/src/mozilla/js/rhino/build.properties: No such file or directory
sed: can't read /work/Closure_153b/lib/rhino/src/mozilla/js/rhino/build.properties: No such file or directory
Run post-checkout hook..................................................... OK
Excluding broken/flaky tests............................................... OK
Excluding broken/flaky tests............................................... OK
Initialize fixed program version........................................... OK
Apply patch................................................................ OK
Initialize buggy program version........................................... OK
Diff 86caf52b:ff1a3d71..................................................... OK
Apply patch................................................................ OK
Tag pre-fix revision....................................................... OK
Check out program version: Closure-153b.................................... OK

[exit=0 timeout=False time=3.3s]

$ defects4j compile -w /work/Closure_153b
Running ant (compile)...................................................... OK
Running ant (compile.tests)................................................ OK

[exit=0 timeout=False time=10.3s]

$ java -cp /work/jqwik_harness:/workspace/lib/jqwik/jqwik-1.7.4.jar:/workspace/lib/jqwik/jqwik-api-1.7.4.jar:/workspace/lib/jqwik/jqwik-engine-1.7.4.jar pbt.auto.Generate --targets com.google.javascript.jscomp.Normalize,com.google.javascript.jscomp.SyntacticScopeCreator --fixed-cp /work/Closure_153f/build/classes:/work/Closure_153f/lib/ant-launcher.jar:/work/Closure_153f/lib/ant.jar:/work/Closure_153f/lib/args4j.jar:/work/Closure_153f/lib/guava.jar:/work/Closure_153f/lib/json.jar:/work/Closure_153f/lib/jsr305.jar:/work/Closure_153f/lib/junit.jar:/work/Closure_153f/lib/libtrunk_rhino_parser_jarjared.jar:/work/Closure_153f/lib/protobuf-java.jar:/work/Closure_153f/build/test --buggy-cp /work/Closure_153b/build/classes:/work/Closure_153b/lib/ant-launcher.jar:/work/Closure_153b/lib/ant.jar:/work/Closure_153b/lib/args4j.jar:/work/Closure_153b/lib/guava.jar:/work/Closure_153b/lib/json.jar:/work/Closure_153b/lib/jsr305.jar:/work/Closure_153b/lib/junit.jar:/work/Closure_153b/lib/libtrunk_rhino_parser_jarjared.jar:/work/Closure_153b/lib/protobuf-java.jar:/work/Closure_153b/build/test --out /workspace/jqwik/Auto/Closure_153 --max-methods 150
generated test classes: 2 / 2

[exit=0 timeout=False time=0.3s]

$ javac -nowarn -encoding UTF-8 -cp /work/Closure_153f/build/classes:/work/Closure_153f/lib/ant-launcher.jar:/work/Closure_153f/lib/ant.jar:/work/Closure_153f/lib/args4j.jar:/work/Closure_153f/lib/guava.jar:/work/Closure_153f/lib/json.jar:/work/Closure_153f/lib/jsr305.jar:/work/Closure_153f/lib/junit.jar:/work/Closure_153f/lib/libtrunk_rhino_parser_jarjared.jar:/work/Closure_153f/lib/protobuf-java.jar:/work/Closure_153f/build/test:/work/jqwik_harness:/workspace/lib/jqwik/jqwik-1.7.4.jar:/workspace/lib/jqwik/jqwik-api-1.7.4.jar:/workspace/lib/jqwik/jqwik-engine-1.7.4.jar -d /work/jqwik_out/Closure_153/auto_round1_tries200_seed1/classes_f /workspace/jqwik/Auto/Closure_153/com/google/javascript/jscomp/Normalize_AutoPbtTest.java /workspace/jqwik/Auto/Closure_153/com/google/javascript/jscomp/SyntacticScopeCreator_AutoPbtTest.java

[exit=0 timeout=False time=1.3s]

$ javac -nowarn -encoding UTF-8 -cp /work/Closure_153b/build/classes:/work/Closure_153b/lib/ant-launcher.jar:/work/Closure_153b/lib/ant.jar:/work/Closure_153b/lib/args4j.jar:/work/Closure_153b/lib/guava.jar:/work/Closure_153b/lib/json.jar:/work/Closure_153b/lib/jsr305.jar:/work/Closure_153b/lib/junit.jar:/work/Closure_153b/lib/libtrunk_rhino_parser_jarjared.jar:/work/Closure_153b/lib/protobuf-java.jar:/work/Closure_153b/build/test:/work/jqwik_harness:/workspace/lib/jqwik/jqwik-1.7.4.jar:/workspace/lib/jqwik/jqwik-api-1.7.4.jar:/workspace/lib/jqwik/jqwik-engine-1.7.4.jar -d /work/jqwik_out/Closure_153/auto_round1_tries200_seed1/classes_b /workspace/jqwik/Auto/Closure_153/com/google/javascript/jscomp/Normalize_AutoPbtTest.java /workspace/jqwik/Auto/Closure_153/com/google/javascript/jscomp/SyntacticScopeCreator_AutoPbtTest.java

[exit=0 timeout=False time=1.1s]

$ java -Djava.awt.headless=true -Xss4m -Xmx1g -Dpbt.seed=1 -Dpbt.tries=200 -Dpbt.snapshot.dir=/work/jqwik_out/Closure_153/auto_round1_tries200_seed1/snapshots -Dpbt.propertyBudgetMs=5000 -Dpbt.mask=/work/Closure_153f:/work/Closure_153b:/work/jqwik_out/Closure_153/auto_round1_tries200_seed1/classes_f:/work/jqwik_out/Closure_153/auto_round1_tries200_seed1/classes_b -Dpbt.mode=record -jar /workspace/lib/jqwik/junit-platform-console-standalone-1.9.3.jar --disable-banner --details tree --class-path /work/jqwik_out/Closure_153/auto_round1_tries200_seed1/classes_f:/work/Closure_153f/build/classes:/work/Closure_153f/lib/ant-launcher.jar:/work/Closure_153f/lib/ant.jar:/work/Closure_153f/lib/args4j.jar:/work/Closure_153f/lib/guava.jar:/work/Closure_153f/lib/json.jar:/work/Closure_153f/lib/jsr305.jar:/work/Closure_153f/lib/junit.jar:/work/Closure_153f/lib/libtrunk_rhino_parser_jarjared.jar:/work/Closure_153f/lib/protobuf-java.jar:/work/Closure_153f/build/test:/work/jqwik_harness:/workspace/lib/jqwik/jqwik-1.7.4.jar:/workspace/lib/jqwik/jqwik-api-1.7.4.jar:/workspace/lib/jqwik/jqwik-engine-1.7.4.jar --scan-class-path /work/jqwik_out/Closure_153/auto_round1_tries200_seed1/classes_f --include-classname .* --include-engine jqwik --config jqwik.database=/workspace/jqwik/Result_auto_Round1/Closure_153/tries200_seed1/reports_record/jqwik-database --config jqwik.tries.default=200 --reports-dir /workspace/jqwik/Result_auto_Round1/Closure_153/tries200_seed1/reports_record
timestamp = 2026-09-30T22:26:06.449824, Normalize AutoPbtTest:m000 parseAndNormalizeSyntheticCode = 
                              |-----------------------jqwik-----------------------
tries = 200                   | # of calls to property
checks = 200                  | # of not rejected calls
generation = RANDOMIZED       | parameters are randomly generated
after-failure = SAMPLE_FIRST  | try previously failed sample, then previous seed
when-fixed-seed = ALLOW       | fixing the random seed is allowed
edge-cases#mode = NONE        | edge cases are not explicitly generated
seed = 1                      | random seed to reproduce generated values


timestamp = 2026-09-30T22:26:06.747506, Normalize AutoPbtTest:m002 process = 
                              |-----------------------jqwik-----------------------
tries = 200                   | # of calls to property
checks = 200                  | # of not rejected calls
generation = RANDOMIZED       | parameters are randomly generated
after-failure = SAMPLE_FIRST  | try previously failed sample, then previous seed
when-fixed-seed = ALLOW       | fixing the random seed is allowed
edge-cases#mode = NONE        | edge cases are not explicitly generated
seed = 1                      | random seed to reproduce generated values


timestamp = 2026-09-30T22:26:06.847672, Normalize AutoPbtTest:m001 parseAndNormalizeTestCode = 
                              |-----------------------jqwik-----------------------
tries = 200                   | # of calls to property
checks = 200                  | # of not rejected calls
generation = RANDOMIZED       | parameters are randomly generated
after-failure = SAMPLE_FIRST  | try previously failed sample, then previous seed
when-fixed-seed = ALLOW       | fixing the random seed is allowed
edge-cases#mode = NONE        | edge cases are not explicitly generated
seed = 1                      | random seed to reproduce generated values


timestamp = 2026-09-30T22:26:07.022948, SyntacticScopeCreator AutoPbtTest:m000 createScope = 
                              |-----------------------jqwik-----------------------
tries = 200                   | # of calls to property
checks = 200                  | # of not rejected calls
generation = RANDOMIZED       | parameters are randomly generated
after-failure = SAMPLE_FIRST  | try previously failed sample, then previous seed
when-fixed-seed = ALLOW       | fixing the random seed is allowed
edge-cases#mode = NONE        | edge cases are not explicitly generated
seed = 1                      | random seed to reproduce generated values


[36m╷[0m
[36m└─[0m [36mjqwik (JUnit Platform)[0m [32m✔[0m
[36m   ├─[0m [36mNormalize AutoPbtTest[0m [32m✔[0m
[36m   │  ├─[0m [34mm000 parseAndNormalizeSyntheticCode[0m [32m✔[0m
[36m   │  ├─[0m [34mm002 process[0m [32m✔[0m
[36m   │  └─[0m [34mm001 parseAndNormalizeTestCode[0m [32m✔[0m
[36m   └─[0m [36mSyntacticScopeCreator AutoPbtTest[0m [32m✔[0m
[36m      └─[0m [34mm000 createScope[0m [32m✔[0m

Test run finished after 1363 ms
[         3 containers found      ]
[         0 containers skipped    ]
[         3 containers started    ]
[         0 containers aborted    ]
[         3 containers successful ]
[         0 containers failed     ]
[         4 tests found           ]
[         0 tests skipped         ]
[         4 tests started         ]
[         0 tests aborted         ]
[         4 tests successful      ]
[         0 tests failed          ]


[exit=0 timeout=False time=2.4s]

$ java -Djava.awt.headless=true -Xss4m -Xmx1g -Dpbt.seed=1 -Dpbt.tries=200 -Dpbt.snapshot.dir=/work/jqwik_out/Closure_153/auto_round1_tries200_seed1/snapshots -Dpbt.propertyBudgetMs=5000 -Dpbt.mask=/work/Closure_153f:/work/Closure_153b:/work/jqwik_out/Closure_153/auto_round1_tries200_seed1/classes_f:/work/jqwik_out/Closure_153/auto_round1_tries200_seed1/classes_b -Dpbt.mode=check -javaagent:/opt/jacoco/lib/jacocoagent.jar=destfile=/workspace/jqwik/Result_auto_Round1/Closure_153/tries200_seed1/jacoco.exec -jar /workspace/lib/jqwik/junit-platform-console-standalone-1.9.3.jar --disable-banner --details tree --class-path /work/jqwik_out/Closure_153/auto_round1_tries200_seed1/classes_f:/work/Closure_153f/build/classes:/work/Closure_153f/lib/ant-launcher.jar:/work/Closure_153f/lib/ant.jar:/work/Closure_153f/lib/args4j.jar:/work/Closure_153f/lib/guava.jar:/work/Closure_153f/lib/json.jar:/work/Closure_153f/lib/jsr305.jar:/work/Closure_153f/lib/junit.jar:/work/Closure_153f/lib/libtrunk_rhino_parser_jarjared.jar:/work/Closure_153f/lib/protobuf-java.jar:/work/Closure_153f/build/test:/work/jqwik_harness:/workspace/lib/jqwik/jqwik-1.7.4.jar:/workspace/lib/jqwik/jqwik-api-1.7.4.jar:/workspace/lib/jqwik/jqwik-engine-1.7.4.jar --scan-class-path /work/jqwik_out/Closure_153/auto_round1_tries200_seed1/classes_f --include-classname .* --include-engine jqwik --config jqwik.database=/workspace/jqwik/Result_auto_Round1/Closure_153/tries200_seed1/reports_fixed/jqwik-database --config jqwik.tries.default=200 --reports-dir /workspace/jqwik/Result_auto_Round1/Closure_153/tries200_seed1/reports_fixed
timestamp = 2026-09-30T22:26:10.013846, Normalize AutoPbtTest:m000 parseAndNormalizeSyntheticCode = 
                              |-----------------------jqwik-----------------------
tries = 200                   | # of calls to property
checks = 200                  | # of not rejected calls
generation = RANDOMIZED       | parameters are randomly generated
after-failure = SAMPLE_FIRST  | try previously failed sample, then previous seed
when-fixed-seed = ALLOW       | fixing the random seed is allowed
edge-cases#mode = NONE        | edge cases are not explicitly generated
seed = 1                      | random seed to reproduce generated values


timestamp = 2026-09-30T22:26:10.418348, Normalize AutoPbtTest:m002 process = 
                              |-----------------------jqwik-----------------------
tries = 200                   | # of calls to property
checks = 200                  | # of not rejected calls
generation = RANDOMIZED       | parameters are randomly generated
after-failure = SAMPLE_FIRST  | try previously failed sample, then previous seed
when-fixed-seed = ALLOW       | fixing the random seed is allowed
edge-cases#mode = NONE        | edge cases are not explicitly generated
seed = 1                      | random seed to reproduce generated values


timestamp = 2026-09-30T22:26:10.548331, Normalize AutoPbtTest:m001 parseAndNormalizeTestCode = 
                              |-----------------------jqwik-----------------------
tries = 200                   | # of calls to property
checks = 200                  | # of not rejected calls
generation = RANDOMIZED       | parameters are randomly generated
after-failure = SAMPLE_FIRST  | try previously failed sample, then previous seed
when-fixed-seed = ALLOW       | fixing the random seed is allowed
edge-cases#mode = NONE        | edge cases are not explicitly generated
seed = 1                      | random seed to reproduce generated values


timestamp = 2026-09-30T22:26:10.767753, SyntacticScopeCreator AutoPbtTest:m000 createScope = 
                              |-----------------------jqwik-----------------------
tries = 200                   | # of calls to property
checks = 200                  | # of not rejected calls
generation = RANDOMIZED       | parameters are randomly generated
after-failure = SAMPLE_FIRST  | try previously failed sample, then previous seed
when-fixed-seed = ALLOW       | fixing the random seed is allowed
edge-cases#mode = NONE        | edge cases are not explicitly generated
seed = 1                      | random seed to reproduce generated values


[36m╷[0m
[36m└─[0m [36mjqwik (JUnit Platform)[0m [32m✔[0m
[36m   ├─[0m [36mNormalize AutoPbtTest[0m [32m✔[0m
[36m   │  ├─[0m [34mm000 parseAndNormalizeSyntheticCode[0m [32m✔[0m
[36m   │  ├─[0m [34mm002 process[0m [32m✔[0m
[36m   │  └─[0m [34mm001 parseAndNormalizeTestCode[0m [32m✔[0m
[36m   └─[0m [36mSyntacticScopeCreator AutoPbtTest[0m [32m✔[0m
[36m      └─[0m [34mm000 createScope[0m [32m✔[0m

Test run finished after 2230 ms
[         3 containers found      ]
[         0 containers skipped    ]
[         3 containers started    ]
[         0 containers aborted    ]
[         3 containers successful ]
[         0 containers failed     ]
[         4 tests found           ]
[         0 tests skipped         ]
[         4 tests started         ]
[         0 tests aborted         ]
[         4 tests successful      ]
[         0 tests failed          ]


[exit=0 timeout=False time=9.8s]

$ java -jar /opt/jacoco/lib/jacococli.jar report /workspace/jqwik/Result_auto_Round1/Closure_153/tries200_seed1/jacoco.exec --classfiles /work/Closure_153f/build/classes --csv /workspace/jqwik/Result_auto_Round1/Closure_153/tries200_seed1/jacoco.csv
[INFO] Loading execution data file /workspace/jqwik/Result_auto_Round1/Closure_153/tries200_seed1/jacoco.exec.
[INFO] Analyzing 987 classes.

[exit=0 timeout=False time=1.1s]

$ java -Djava.awt.headless=true -Xss4m -Xmx1g -Dpbt.seed=1 -Dpbt.tries=200 -Dpbt.snapshot.dir=/work/jqwik_out/Closure_153/auto_round1_tries200_seed1/snapshots -Dpbt.propertyBudgetMs=5000 -Dpbt.mask=/work/Closure_153f:/work/Closure_153b:/work/jqwik_out/Closure_153/auto_round1_tries200_seed1/classes_f:/work/jqwik_out/Closure_153/auto_round1_tries200_seed1/classes_b -Dpbt.mode=check -jar /workspace/lib/jqwik/junit-platform-console-standalone-1.9.3.jar --disable-banner --details tree --class-path /work/jqwik_out/Closure_153/auto_round1_tries200_seed1/classes_b:/work/Closure_153b/build/classes:/work/Closure_153b/lib/ant-launcher.jar:/work/Closure_153b/lib/ant.jar:/work/Closure_153b/lib/args4j.jar:/work/Closure_153b/lib/guava.jar:/work/Closure_153b/lib/json.jar:/work/Closure_153b/lib/jsr305.jar:/work/Closure_153b/lib/junit.jar:/work/Closure_153b/lib/libtrunk_rhino_parser_jarjared.jar:/work/Closure_153b/lib/protobuf-java.jar:/work/Closure_153b/build/test:/work/jqwik_harness:/workspace/lib/jqwik/jqwik-1.7.4.jar:/workspace/lib/jqwik/jqwik-api-1.7.4.jar:/workspace/lib/jqwik/jqwik-engine-1.7.4.jar --scan-class-path /work/jqwik_out/Closure_153/auto_round1_tries200_seed1/classes_b --include-classname .* --include-engine jqwik --config jqwik.database=/workspace/jqwik/Result_auto_Round1/Closure_153/tries200_seed1/reports_buggy/jqwik-database --config jqwik.tries.default=200 --reports-dir /workspace/jqwik/Result_auto_Round1/Closure_153/tries200_seed1/reports_buggy
timestamp = 2026-09-30T22:26:21.683932, Normalize AutoPbtTest:m000 parseAndNormalizeSyntheticCode = 
                              |-----------------------jqwik-----------------------
tries = 200                   | # of calls to property
checks = 200                  | # of not rejected calls
generation = RANDOMIZED       | parameters are randomly generated
after-failure = SAMPLE_FIRST  | try previously failed sample, then previous seed
when-fixed-seed = ALLOW       | fixing the random seed is allowed
edge-cases#mode = NONE        | edge cases are not explicitly generated
seed = 1                      | random seed to reproduce generated values


timestamp = 2026-09-30T22:26:22.116323, Normalize AutoPbtTest:m002 process = 
                              |-----------------------jqwik-----------------------
tries = 200                   | # of calls to property
checks = 200                  | # of not rejected calls
generation = RANDOMIZED       | parameters are randomly generated
after-failure = SAMPLE_FIRST  | try previously failed sample, then previous seed
when-fixed-seed = ALLOW       | fixing the random seed is allowed
edge-cases#mode = NONE        | edge cases are not explicitly generated
seed = 1                      | random seed to reproduce generated values


timestamp = 2026-09-30T22:26:22.239238, Normalize AutoPbtTest:m001 parseAndNormalizeTestCode = 
                              |-----------------------jqwik-----------------------
tries = 200                   | # of calls to property
checks = 200                  | # of not rejected calls
generation = RANDOMIZED       | parameters are randomly generated
after-failure = SAMPLE_FIRST  | try previously failed sample, then previous seed
when-fixed-seed = ALLOW       | fixing the random seed is allowed
edge-cases#mode = NONE        | edge cases are not explicitly generated
seed = 1                      | random seed to reproduce generated values


timestamp = 2026-09-30T22:26:22.446473, SyntacticScopeCreator AutoPbtTest:m000 createScope = 
                              |-----------------------jqwik-----------------------
tries = 200                   | # of calls to property
checks = 200                  | # of not rejected calls
generation = RANDOMIZED       | parameters are randomly generated
after-failure = SAMPLE_FIRST  | try previously failed sample, then previous seed
when-fixed-seed = ALLOW       | fixing the random seed is allowed
edge-cases#mode = NONE        | edge cases are not explicitly generated
seed = 1                      | random seed to reproduce generated values


[36m╷[0m
[36m└─[0m [36mjqwik (JUnit Platform)[0m [32m✔[0m
[36m   ├─[0m [36mNormalize AutoPbtTest[0m [32m✔[0m
[36m   │  ├─[0m [34mm000 parseAndNormalizeSyntheticCode[0m [32m✔[0m
[36m   │  ├─[0m [34mm002 process[0m [32m✔[0m
[36m   │  └─[0m [34mm001 parseAndNormalizeTestCode[0m [32m✔[0m
[36m   └─[0m [36mSyntacticScopeCreator AutoPbtTest[0m [32m✔[0m
[36m      └─[0m [34mm000 createScope[0m [32m✔[0m

Test run finished after 2039 ms
[         3 containers found      ]
[         0 containers skipped    ]
[         3 containers started    ]
[         0 containers aborted    ]
[         3 containers successful ]
[         0 containers failed     ]
[         4 tests found           ]
[         0 tests skipped         ]
[         4 tests started         ]
[         0 tests aborted         ]
[         4 tests successful      ]
[         0 tests failed          ]


[exit=0 timeout=False time=3.4s]
