
$ javac -nowarn -encoding UTF-8 -cp /work/Closure_79f/build/classes:/work/Closure_79f/lib/args4j.jar:/work/Closure_79f/lib/guava.jar:/work/Closure_79f/lib/jsr305.jar:/work/Closure_79f/lib/libtrunk_rhino_parser_jarjared.jar:/work/Closure_79f/lib/protobuf-java.jar:/work/Closure_79f/lib/ant.jar:/work/Closure_79f/lib/ant-launcher.jar:/work/Closure_79f/lib/caja-r4314.jar:/work/Closure_79f/lib/json.jar:/work/Closure_79f/lib/junit.jar:/work/Closure_79f/build/test:/work/jqwik_harness:/workspace/lib/jqwik/jqwik-1.7.4.jar:/workspace/lib/jqwik/jqwik-api-1.7.4.jar:/workspace/lib/jqwik/jqwik-engine-1.7.4.jar -d /work/jqwik_out/Closure_79/auto_round2_tries1000_seed1/classes_f /workspace/jqwik/Auto/Closure_79/com/google/javascript/jscomp/Normalize_AutoPbtTest.java /workspace/jqwik/Auto/Closure_79/com/google/javascript/jscomp/VarCheck_AutoPbtTest.java

[exit=0 timeout=False time=1.3s]

$ javac -nowarn -encoding UTF-8 -cp /work/Closure_79b/build/classes:/work/Closure_79b/lib/args4j.jar:/work/Closure_79b/lib/guava.jar:/work/Closure_79b/lib/jsr305.jar:/work/Closure_79b/lib/libtrunk_rhino_parser_jarjared.jar:/work/Closure_79b/lib/protobuf-java.jar:/work/Closure_79b/lib/ant.jar:/work/Closure_79b/lib/ant-launcher.jar:/work/Closure_79b/lib/caja-r4314.jar:/work/Closure_79b/lib/json.jar:/work/Closure_79b/lib/junit.jar:/work/Closure_79b/build/test:/work/jqwik_harness:/workspace/lib/jqwik/jqwik-1.7.4.jar:/workspace/lib/jqwik/jqwik-api-1.7.4.jar:/workspace/lib/jqwik/jqwik-engine-1.7.4.jar -d /work/jqwik_out/Closure_79/auto_round2_tries1000_seed1/classes_b /workspace/jqwik/Auto/Closure_79/com/google/javascript/jscomp/Normalize_AutoPbtTest.java /workspace/jqwik/Auto/Closure_79/com/google/javascript/jscomp/VarCheck_AutoPbtTest.java

[exit=0 timeout=False time=1.2s]

$ java -Djava.awt.headless=true -Xss4m -Xmx1g -Dpbt.seed=1 -Dpbt.tries=1000 -Dpbt.snapshot.dir=/work/jqwik_out/Closure_79/auto_round2_tries1000_seed1/snapshots -Dpbt.propertyBudgetMs=5000 -Dpbt.mask=/work/Closure_79f:/work/Closure_79b:/work/jqwik_out/Closure_79/auto_round2_tries1000_seed1/classes_f:/work/jqwik_out/Closure_79/auto_round2_tries1000_seed1/classes_b -Dpbt.mode=record -jar /workspace/lib/jqwik/junit-platform-console-standalone-1.9.3.jar --disable-banner --details tree --class-path /work/jqwik_out/Closure_79/auto_round2_tries1000_seed1/classes_f:/work/Closure_79f/build/classes:/work/Closure_79f/lib/args4j.jar:/work/Closure_79f/lib/guava.jar:/work/Closure_79f/lib/jsr305.jar:/work/Closure_79f/lib/libtrunk_rhino_parser_jarjared.jar:/work/Closure_79f/lib/protobuf-java.jar:/work/Closure_79f/lib/ant.jar:/work/Closure_79f/lib/ant-launcher.jar:/work/Closure_79f/lib/caja-r4314.jar:/work/Closure_79f/lib/json.jar:/work/Closure_79f/lib/junit.jar:/work/Closure_79f/build/test:/work/jqwik_harness:/workspace/lib/jqwik/jqwik-1.7.4.jar:/workspace/lib/jqwik/jqwik-api-1.7.4.jar:/workspace/lib/jqwik/jqwik-engine-1.7.4.jar --scan-class-path /work/jqwik_out/Closure_79/auto_round2_tries1000_seed1/classes_f --include-classname .* --include-engine jqwik --config jqwik.database=/workspace/jqwik/Result_auto_Round2/Closure_79/tries1000_seed1/reports_record/jqwik-database --config jqwik.tries.default=1000 --reports-dir /workspace/jqwik/Result_auto_Round2/Closure_79/tries1000_seed1/reports_record
--------------jqwik-----------------------
tries = 1000                  | # of calls to property
checks = 1000                 | # of not rejected calls
generation = RANDOMIZED       | parameters are randomly generated
after-failure = SAMPLE_FIRST  | try previously failed sample, then previous seed
when-fixed-seed = ALLOW       | fixing the random seed is allowed
edge-cases#mode = NONE        | edge cases are not explicitly generated
seed = 1                      | random seed to reproduce generated values


timestamp = 2026-09-30T23:27:38.844724, Normalize AutoPbtTest:m002 process = 
                              |-----------------------jqwik-----------------------
tries = 1000                  | # of calls to property
checks = 1000                 | # of not rejected calls
generation = RANDOMIZED       | parameters are randomly generated
after-failure = SAMPLE_FIRST  | try previously failed sample, then previous seed
when-fixed-seed = ALLOW       | fixing the random seed is allowed
edge-cases#mode = NONE        | edge cases are not explicitly generated
seed = 1                      | random seed to reproduce generated values


timestamp = 2026-09-30T23:27:39.152437, Normalize AutoPbtTest:m001 parseAndNormalizeTestCode = 
                              |-----------------------jqwik-----------------------
tries = 1000                  | # of calls to property
checks = 1000                 | # of not rejected calls
generation = RANDOMIZED       | parameters are randomly generated
after-failure = SAMPLE_FIRST  | try previously failed sample, then previous seed
when-fixed-seed = ALLOW       | fixing the random seed is allowed
edge-cases#mode = NONE        | edge cases are not explicitly generated
seed = 1                      | random seed to reproduce generated values


timestamp = 2026-09-30T23:27:39.664393, VarCheck AutoPbtTest:m001 visit = 
                              |-----------------------jqwik-----------------------
tries = 1000                  | # of calls to property
checks = 1000                 | # of not rejected calls
generation = RANDOMIZED       | parameters are randomly generated
after-failure = SAMPLE_FIRST  | try previously failed sample, then previous seed
when-fixed-seed = ALLOW       | fixing the random seed is allowed
edge-cases#mode = NONE        | edge cases are not explicitly generated
seed = 1                      | random seed to reproduce generated values


timestamp = 2026-09-30T23:27:40.109495, VarCheck AutoPbtTest:m000 process = 
                              |-----------------------jqwik-----------------------
tries = 1000                  | # of calls to property
checks = 1000                 | # of not rejected calls
generation = RANDOMIZED       | parameters are randomly generated
after-failure = SAMPLE_FIRST  | try previously failed sample, then previous seed
when-fixed-seed = ALLOW       | fixing the random seed is allowed
edge-cases#mode = NONE        | edge cases are not explicitly generated
seed = 1                      | random seed to reproduce generated values


[36m╷[0m
[36m└─[0m [36mjqwik (JUnit Platform)[0m [32m✔[0m
[36m   ├─[0m [36mNormalize AutoPbtTest[0m [32m✔[0m
[36m   │  ├─[0m [34mm000 parseAndNormalizeSyntheticCode[0m [32m✔[0m
[36m   │  ├─[0m [34mm002 process[0m [32m✔[0m
[36m   │  └─[0m [34mm001 parseAndNormalizeTestCode[0m [32m✔[0m
[36m   └─[0m [36mVarCheck AutoPbtTest[0m [32m✔[0m
[36m      ├─[0m [34mm001 visit[0m [32m✔[0m
[36m      └─[0m [34mm000 process[0m [32m✔[0m

Test run finished after 3588 ms
[         3 containers found      ]
[         0 containers skipped    ]
[         3 containers started    ]
[         0 containers aborted    ]
[         3 containers successful ]
[         0 containers failed     ]
[         5 tests found           ]
[         0 tests skipped         ]
[         5 tests started         ]
[         0 tests aborted         ]
[         5 tests successful      ]
[         0 tests failed          ]


[exit=0 timeout=False time=4.7s]

$ java -Djava.awt.headless=true -Xss4m -Xmx1g -Dpbt.seed=1 -Dpbt.tries=1000 -Dpbt.snapshot.dir=/work/jqwik_out/Closure_79/auto_round2_tries1000_seed1/snapshots -Dpbt.propertyBudgetMs=5000 -Dpbt.mask=/work/Closure_79f:/work/Closure_79b:/work/jqwik_out/Closure_79/auto_round2_tries1000_seed1/classes_f:/work/jqwik_out/Closure_79/auto_round2_tries1000_seed1/classes_b -Dpbt.mode=check -javaagent:/opt/jacoco/lib/jacocoagent.jar=destfile=/workspace/jqwik/Result_auto_Round2/Closure_79/tries1000_seed1/jacoco.exec -jar /workspace/lib/jqwik/junit-platform-console-standalone-1.9.3.jar --disable-banner --details tree --class-path /work/jqwik_out/Closure_79/auto_round2_tries1000_seed1/classes_f:/work/Closure_79f/build/classes:/work/Closure_79f/lib/args4j.jar:/work/Closure_79f/lib/guava.jar:/work/Closure_79f/lib/jsr305.jar:/work/Closure_79f/lib/libtrunk_rhino_parser_jarjared.jar:/work/Closure_79f/lib/protobuf-java.jar:/work/Closure_79f/lib/ant.jar:/work/Closure_79f/lib/ant-launcher.jar:/work/Closure_79f/lib/caja-r4314.jar:/work/Closure_79f/lib/json.jar:/work/Closure_79f/lib/junit.jar:/work/Closure_79f/build/test:/work/jqwik_harness:/workspace/lib/jqwik/jqwik-1.7.4.jar:/workspace/lib/jqwik/jqwik-api-1.7.4.jar:/workspace/lib/jqwik/jqwik-engine-1.7.4.jar --scan-class-path /work/jqwik_out/Closure_79/auto_round2_tries1000_seed1/classes_f --include-classname .* --include-engine jqwik --config jqwik.database=/workspace/jqwik/Result_auto_Round2/Closure_79/tries1000_seed1/reports_fixed/jqwik-database --config jqwik.tries.default=1000 --reports-dir /workspace/jqwik/Result_auto_Round2/Closure_79/tries1000_seed1/reports_fixed
--------------jqwik-----------------------
tries = 1000                  | # of calls to property
checks = 1000                 | # of not rejected calls
generation = RANDOMIZED       | parameters are randomly generated
after-failure = SAMPLE_FIRST  | try previously failed sample, then previous seed
when-fixed-seed = ALLOW       | fixing the random seed is allowed
edge-cases#mode = NONE        | edge cases are not explicitly generated
seed = 1                      | random seed to reproduce generated values


timestamp = 2026-09-30T23:27:43.691882, Normalize AutoPbtTest:m002 process = 
                              |-----------------------jqwik-----------------------
tries = 1000                  | # of calls to property
checks = 1000                 | # of not rejected calls
generation = RANDOMIZED       | parameters are randomly generated
after-failure = SAMPLE_FIRST  | try previously failed sample, then previous seed
when-fixed-seed = ALLOW       | fixing the random seed is allowed
edge-cases#mode = NONE        | edge cases are not explicitly generated
seed = 1                      | random seed to reproduce generated values


timestamp = 2026-09-30T23:27:43.915938, Normalize AutoPbtTest:m001 parseAndNormalizeTestCode = 
                              |-----------------------jqwik-----------------------
tries = 1000                  | # of calls to property
checks = 1000                 | # of not rejected calls
generation = RANDOMIZED       | parameters are randomly generated
after-failure = SAMPLE_FIRST  | try previously failed sample, then previous seed
when-fixed-seed = ALLOW       | fixing the random seed is allowed
edge-cases#mode = NONE        | edge cases are not explicitly generated
seed = 1                      | random seed to reproduce generated values


timestamp = 2026-09-30T23:27:44.270010, VarCheck AutoPbtTest:m001 visit = 
                              |-----------------------jqwik-----------------------
tries = 1000                  | # of calls to property
checks = 1000                 | # of not rejected calls
generation = RANDOMIZED       | parameters are randomly generated
after-failure = SAMPLE_FIRST  | try previously failed sample, then previous seed
when-fixed-seed = ALLOW       | fixing the random seed is allowed
edge-cases#mode = NONE        | edge cases are not explicitly generated
seed = 1                      | random seed to reproduce generated values


timestamp = 2026-09-30T23:27:44.558114, VarCheck AutoPbtTest:m000 process = 
                              |-----------------------jqwik-----------------------
tries = 1000                  | # of calls to property
checks = 1000                 | # of not rejected calls
generation = RANDOMIZED       | parameters are randomly generated
after-failure = SAMPLE_FIRST  | try previously failed sample, then previous seed
when-fixed-seed = ALLOW       | fixing the random seed is allowed
edge-cases#mode = NONE        | edge cases are not explicitly generated
seed = 1                      | random seed to reproduce generated values


[36m╷[0m
[36m└─[0m [36mjqwik (JUnit Platform)[0m [32m✔[0m
[36m   ├─[0m [36mNormalize AutoPbtTest[0m [32m✔[0m
[36m   │  ├─[0m [34mm000 parseAndNormalizeSyntheticCode[0m [32m✔[0m
[36m   │  ├─[0m [34mm002 process[0m [32m✔[0m
[36m   │  └─[0m [34mm001 parseAndNormalizeTestCode[0m [32m✔[0m
[36m   └─[0m [36mVarCheck AutoPbtTest[0m [32m✔[0m
[36m      ├─[0m [34mm001 visit[0m [32m✔[0m
[36m      └─[0m [34mm000 process[0m [32m✔[0m

Test run finished after 2927 ms
[         3 containers found      ]
[         0 containers skipped    ]
[         3 containers started    ]
[         0 containers aborted    ]
[         3 containers successful ]
[         0 containers failed     ]
[         5 tests found           ]
[         0 tests skipped         ]
[         5 tests started         ]
[         0 tests aborted         ]
[         5 tests successful      ]
[         0 tests failed          ]


[exit=0 timeout=False time=11.2s]

$ java -jar /opt/jacoco/lib/jacococli.jar report /workspace/jqwik/Result_auto_Round2/Closure_79/tries1000_seed1/jacoco.exec --classfiles /work/Closure_79f/build/classes --csv /workspace/jqwik/Result_auto_Round2/Closure_79/tries1000_seed1/jacoco.csv
[INFO] Loading execution data file /workspace/jqwik/Result_auto_Round2/Closure_79/tries1000_seed1/jacoco.exec.
[INFO] Analyzing 1000 classes.

[exit=0 timeout=False time=1.8s]

$ java -Djava.awt.headless=true -Xss4m -Xmx1g -Dpbt.seed=1 -Dpbt.tries=1000 -Dpbt.snapshot.dir=/work/jqwik_out/Closure_79/auto_round2_tries1000_seed1/snapshots -Dpbt.propertyBudgetMs=5000 -Dpbt.mask=/work/Closure_79f:/work/Closure_79b:/work/jqwik_out/Closure_79/auto_round2_tries1000_seed1/classes_f:/work/jqwik_out/Closure_79/auto_round2_tries1000_seed1/classes_b -Dpbt.mode=check -jar /workspace/lib/jqwik/junit-platform-console-standalone-1.9.3.jar --disable-banner --details tree --class-path /work/jqwik_out/Closure_79/auto_round2_tries1000_seed1/classes_b:/work/Closure_79b/build/classes:/work/Closure_79b/lib/args4j.jar:/work/Closure_79b/lib/guava.jar:/work/Closure_79b/lib/jsr305.jar:/work/Closure_79b/lib/libtrunk_rhino_parser_jarjared.jar:/work/Closure_79b/lib/protobuf-java.jar:/work/Closure_79b/lib/ant.jar:/work/Closure_79b/lib/ant-launcher.jar:/work/Closure_79b/lib/caja-r4314.jar:/work/Closure_79b/lib/json.jar:/work/Closure_79b/lib/junit.jar:/work/Closure_79b/build/test:/work/jqwik_harness:/workspace/lib/jqwik/jqwik-1.7.4.jar:/workspace/lib/jqwik/jqwik-api-1.7.4.jar:/workspace/lib/jqwik/jqwik-engine-1.7.4.jar --scan-class-path /work/jqwik_out/Closure_79/auto_round2_tries1000_seed1/classes_b --include-classname .* --include-engine jqwik --config jqwik.database=/workspace/jqwik/Result_auto_Round2/Closure_79/tries1000_seed1/reports_buggy/jqwik-database --config jqwik.tries.default=1000 --reports-dir /workspace/jqwik/Result_auto_Round2/Closure_79/tries1000_seed1/reports_buggy
--------------jqwik-----------------------
tries = 1000                  | # of calls to property
checks = 1000                 | # of not rejected calls
generation = RANDOMIZED       | parameters are randomly generated
after-failure = SAMPLE_FIRST  | try previously failed sample, then previous seed
when-fixed-seed = ALLOW       | fixing the random seed is allowed
edge-cases#mode = NONE        | edge cases are not explicitly generated
seed = 1                      | random seed to reproduce generated values


timestamp = 2026-09-30T23:27:58.099368, Normalize AutoPbtTest:m002 process = 
                              |-----------------------jqwik-----------------------
tries = 1000                  | # of calls to property
checks = 1000                 | # of not rejected calls
generation = RANDOMIZED       | parameters are randomly generated
after-failure = SAMPLE_FIRST  | try previously failed sample, then previous seed
when-fixed-seed = ALLOW       | fixing the random seed is allowed
edge-cases#mode = NONE        | edge cases are not explicitly generated
seed = 1                      | random seed to reproduce generated values


timestamp = 2026-09-30T23:27:58.465302, Normalize AutoPbtTest:m001 parseAndNormalizeTestCode = 
                              |-----------------------jqwik-----------------------
tries = 1000                  | # of calls to property
checks = 1000                 | # of not rejected calls
generation = RANDOMIZED       | parameters are randomly generated
after-failure = SAMPLE_FIRST  | try previously failed sample, then previous seed
when-fixed-seed = ALLOW       | fixing the random seed is allowed
edge-cases#mode = NONE        | edge cases are not explicitly generated
seed = 1                      | random seed to reproduce generated values


timestamp = 2026-09-30T23:27:59.119873, VarCheck AutoPbtTest:m001 visit = 
                              |-----------------------jqwik-----------------------
tries = 1000                  | # of calls to property
checks = 1000                 | # of not rejected calls
generation = RANDOMIZED       | parameters are randomly generated
after-failure = SAMPLE_FIRST  | try previously failed sample, then previous seed
when-fixed-seed = ALLOW       | fixing the random seed is allowed
edge-cases#mode = NONE        | edge cases are not explicitly generated
seed = 1                      | random seed to reproduce generated values


timestamp = 2026-09-30T23:27:59.554746, VarCheck AutoPbtTest:m000 process = 
                              |-----------------------jqwik-----------------------
tries = 1000                  | # of calls to property
checks = 1000                 | # of not rejected calls
generation = RANDOMIZED       | parameters are randomly generated
after-failure = SAMPLE_FIRST  | try previously failed sample, then previous seed
when-fixed-seed = ALLOW       | fixing the random seed is allowed
edge-cases#mode = NONE        | edge cases are not explicitly generated
seed = 1                      | random seed to reproduce generated values


[36m╷[0m
[36m└─[0m [36mjqwik (JUnit Platform)[0m [32m✔[0m
[36m   ├─[0m [36mNormalize AutoPbtTest[0m [32m✔[0m
[36m   │  ├─[0m [34mm000 parseAndNormalizeSyntheticCode[0m [32m✔[0m
[36m   │  ├─[0m [34mm002 process[0m [32m✔[0m
[36m   │  └─[0m [34mm001 parseAndNormalizeTestCode[0m [32m✔[0m
[36m   └─[0m [36mVarCheck AutoPbtTest[0m [32m✔[0m
[36m      ├─[0m [34mm001 visit[0m [32m✔[0m
[36m      └─[0m [34mm000 process[0m [32m✔[0m

Test run finished after 4078 ms
[         3 containers found      ]
[         0 containers skipped    ]
[         3 containers started    ]
[         0 containers aborted    ]
[         3 containers successful ]
[         0 containers failed     ]
[         5 tests found           ]
[         0 tests skipped         ]
[         5 tests started         ]
[         0 tests aborted         ]
[         5 tests successful      ]
[         0 tests failed          ]


[exit=0 timeout=False time=5.4s]
