
$ defects4j checkout -p JacksonCore -v 18f -w /work/JacksonCore_18f
Checking out 96642978 to /work/JacksonCore_18f............................. OK
Init local repository...................................................... OK
Tag post-fix revision...................................................... OK
Copy generated Ant build file.............................................. OK
Run post-checkout hook..................................................... OK
Backing up build file: /work/JacksonCore_18f/maven-build.xml............... OK
Initialize fixed program version........................................... OK
Apply patch................................................................ OK
Initialize buggy program version........................................... OK
Diff 96642978:956e0ce3..................................................... OK
Apply patch................................................................ OK
Tag pre-fix revision....................................................... OK
Check out program version: JacksonCore-18f................................. OK

[exit=0 timeout=False time=1.4s]

$ defects4j compile -w /work/JacksonCore_18f
Running ant (compile)...................................................... OK
Running ant (compile.tests)................................................ OK

[exit=0 timeout=False time=4.0s]

$ defects4j checkout -p JacksonCore -v 18b -w /work/JacksonCore_18b
Checking out 96642978 to /work/JacksonCore_18b............................. OK
Init local repository...................................................... OK
Tag post-fix revision...................................................... OK
Copy generated Ant build file.............................................. OK
Run post-checkout hook..................................................... OK
Backing up build file: /work/JacksonCore_18b/maven-build.xml............... OK
Initialize fixed program version........................................... OK
Apply patch................................................................ OK
Initialize buggy program version........................................... OK
Diff 96642978:956e0ce3..................................................... OK
Apply patch................................................................ OK
Tag pre-fix revision....................................................... OK
Check out program version: JacksonCore-18b................................. OK

[exit=0 timeout=False time=1.4s]

$ defects4j compile -w /work/JacksonCore_18b
Running ant (compile)...................................................... OK
Running ant (compile.tests)................................................ OK

[exit=0 timeout=False time=3.9s]

$ java -Djava.awt.headless=true -cp /opt/defects4j/framework/projects/lib/junit-4.12-hamcrest-1.3.jar:/opt/evosuite/evosuite-1.2.0.jar:/work/JacksonCore_18f/target/classes:/work/JacksonCore_18f/target/test-classes org.evosuite.EvoSuite -generateSuite -class com.fasterxml.jackson.core.base.GeneratorBase -projectCP /opt/defects4j/framework/projects/lib/junit-4.12-hamcrest-1.3.jar:/work/JacksonCore_18f/target/classes:/work/JacksonCore_18f/target/test-classes -Dcriterion=LINE:BRANCH:EXCEPTION -Dsearch_budget=60 -seed 1 -Dtest_dir=/work/evo_out/JacksonCore_18f/budget60_seed1/tests -Dreport_dir=/work/evo_out/JacksonCore_18f/budget60_seed1/report
* EvoSuite 1.2.0
* Going to generate test cases for class: com.fasterxml.jackson.core.base.GeneratorBase
* Starting Client-0
* Connecting to master process on port 9922
* Analyzing classpath: 
  - /opt/defects4j/framework/projects/lib/junit-4.12-hamcrest-1.3.jar
  - /work/JacksonCore_18f/target/classes
  - /work/JacksonCore_18f/target/test-classes
[MASTER] 01:52:28.967 [logback-1] WARN  InheritanceTree - Class not in inheritance graph: java.io.ObjectInputFilter
[MASTER] 01:52:29.050 [logback-1] WARN  InheritanceTree - Class not in inheritance graph: java.util.Locale$IsoCountryCode
* Finished analyzing classpath
* Generating tests for class com.fasterxml.jackson.core.base.GeneratorBase
* Test criteria:
  - Line Coverage
  - Branch Coverage
  - Exception
* Setting up search algorithm for whole suite generation
* Total number of test goals: 
  - Line 119
  - Branch 76
  - Exception 0

[Progress:>                             0%] [Cov:>                                  0%]* Using seed 1
* Starting evolution

[Progress:>                             0%] [Cov:=>                                 3%]
[Progress:>                             0%] [Cov:=>                                 4%]
[Progress:>                             0%] [Cov:=============>                     38%]
[Progress:>                             1%] [Cov:>                                  2%]
[Progress:>                             1%] [Cov:=>                                 3%]
[Progress:>                             1%] [Cov:============>                      36%]
[Progress:>                             1%] [Cov:=============>                     38%]
[Progress:>                             1%] [Cov:==============>                    40%]
[Progress:>                             1%] [Cov:==============>                    40%]
[Progress:>                             3%] [Cov:===================>               55%]
[Progress:>                             3%] [Cov:===================>               56%]
[Progress:>                             3%] [Cov:===================>               56%]
[Progress:>                             3%] [Cov:=====================>             60%]
[Progress:>                             3%] [Cov:======================>            63%]
[Progress:>                             3%] [Cov:======================>            63%]
[Progress:>                             3%] [Cov:======================>            64%]
[Progress:>                             3%] [Cov:======================>            64%]
[Progress:>                             3%] [Cov:======================>            65%]
[Progress:>                             3%] [Cov:======================>            65%]
[Progress:>                             3%] [Cov:=======================>           66%]
[Progress:>                             3%] [Cov:=======================>           66%]
[Progress:>                             3%] [Cov:=======================>           66%]
[Progress:=>                            5%] [Cov:=======================>           66%]
[Progress:=>                            5%] [Cov:=======================>           67%]
[Progress:=>                            5%] [Cov:========================>          69%]
[Progress:=>                            5%] [Cov:========================>          69%]
[Progress:=>                            5%] [Cov:========================>          69%]
[Progress:=>                            5%] [Cov:========================>          70%]
[Progress:=>                            5%] [Cov:========================>          70%]
[Progress:=>                            5%] [Cov:========================>          70%]
[Progress:=>                            5%] [Cov:========================>          70%]
[Progress:=>                            5%] [Cov:========================>          70%]
[Progress:=>                            5%] [Cov:========================>          70%]
[Progress:=>                            6%] [Cov:========================>          70%]
[Progress:=>                            6%] [Cov:========================>          70%]
[Progress:=>                            6%] [Cov:========================>          70%]
[Progress:=>                            6%] [Cov:========================>          70%]
[Progress:=>                            6%] [Cov:========================>          70%]
[Progress:=>                            6%] [Cov:========================>          70%]
[Progress:=>                            6%] [Cov:========================>          70%]
[Progress:=>                            6%] [Cov:========================>          70%]
[Progress:=>                            6%] [Cov:========================>          70%]
[Progress:=>                            6%] [Cov:========================>          70%]
[Progress:=>                            6%] [Cov:========================>          71%]
[Progress:=>                            6%] [Cov:=========================>         73%]
[Progress:==>                           8%] [Cov:========================>          70%]
[Progress:==>                           8%] [Cov:=========================>         73%]
[Progress:==>                           8%] [Cov:=========================>         73%]
[Progress:==>                           8%] [Cov:=========================>         73%]
[Progress:==>                           8%] [Cov:=========================>         73%]
[Progress:==>                           8%] [Cov:=========================>         73%]
[Progress:==>                           8%] [Cov:=========================>         73%]
[Progress:==>                           8%] [Cov:=========================>         73%]
[Progress:==>                           8%] [Cov:=========================>         73%]
[Progress:==>                           8%] [Cov:=========================>         73%]
[Progress:==>                           8%] [Cov:=========================>         73%]
[Progress:==>                           8%] [Cov:=========================>         73%]
[Progress:===>                          10%] [Cov:=========================>         73%]
[Progress:===>                          10%] [Cov:=========================>         74%]
[Progress:===>                          10%] [Cov:=========================>         74%]
[Progress:===>                          10%] [Cov:==========================>        75%]
[Progress:===>                          10%] [Cov:==========================>        75%]
[Progress:===>                          10%] [Cov:==========================>        75%]
[Progress:===>                          10%] [Cov:==========================>        75%]
[Progress:===>                          10%] [Cov:==========================>        75%]
[Progress:===>                          10%] [Cov:==========================>        75%]
[Progress:===>                          10%] [Cov:==========================>        75%]
[Progress:===>                          10%] [Cov:==========================>        75%]
[Progress:===>                          10%] [Cov:==========================>        75%]
[Progress:===>                          10%] [Cov:==========================>        75%]
[Progress:===>                          10%] [Cov:==========================>        76%]
[Progress:===>                          10%] [Cov:==========================>        77%]
[Progress:===>                          11%] [Cov:==========================>        75%]
[Progress:===>                          11%] [Cov:==========================>        77%]
[Progress:===>                          11%] [Cov:==========================>        77%]
[Progress:===>                          11%] [Cov:==========================>        77%]
[Progress:===>                          11%] [Cov:==========================>        77%]
[Progress:===>                          11%] [Cov:==========================>        77%]
[Progress:===>                          11%] [Cov:===========================>       78%]
[Progress:===>                          11%] [Cov:===========================>       79%]
[Progress:===>                          11%] [Cov:===========================>       79%]
[Progress:===>                          11%] [Cov:===========================>       79%]
[Progress:===>                          11%] [Cov:===========================>       79%]
[Progress:===>                          13%] [Cov:===========================>       79%]
[Progress:===>                          13%] [Cov:===========================>       79%]
[Progress:===>                          13%] [Cov:===========================>       79%]
[Progress:===>                          13%] [Cov:===========================>       79%]
[Progress:===>                          13%] [Cov:===========================>       79%]
[Progress:===>                          13%] [Cov:===========================>       79%]
[Progress:===>                          13%] [Cov:===========================>       79%]
[Progress:===>                          13%] [Cov:===========================>       79%]
[Progress:===>                          13%] [Cov:===========================>       79%]
[Progress:===>                          13%] [Cov:===========================>       79%]
[Progress:===>                          13%] [Cov:===========================>       79%]
[Progress:====>                         15%] [Cov:===========================>       79%]
[Progress:====>                         15%] [Cov:===========================>       79%]
[Progress:====>                         15%] [Cov:===========================>       79%]
[Progress:====>                         15%] [Cov:===========================>       79%]
[Progress:====>                         15%] [Cov:===========================>       79%]
[Progress:====>                         15%] [Cov:===========================>       79%]
[Progress:====>                         15%] [Cov:===========================>       79%]
[Progress:====>                         15%] [Cov:===========================>       79%]
[Progress:====>                         15%] [Cov:===========================>       79%]
[Progress:====>                         15%] [Cov:===========================>       79%]
[Progress:====>                         15%] [Cov:===========================>       79%]
[Progress:====>                         16%] [Cov:===========================>       79%]
[Progress:====>                         16%] [Cov:===========================>       79%]
[Progress:====>                         16%] [Cov:===========================>       79%]
[Progress:====>                         16%] [Cov:===========================>       79%]
[Progress:====>                         16%] [Cov:===========================>       79%]
[Progress:====>                         16%] [Cov:===========================>       79%]
[Progress:====>                         16%] [Cov:===========================>       79%]
[Progress:====>                         16%] [Cov:===========================>       79%]
[Progress:====>                         16%] [Cov:===========================>       79%]
[Progress:====>                         16%] [Cov:===========================>       79%]
[Progress:=====>                        18%] [Cov:===========================>       79%]
[Progress:=====>                        18%] [Cov:===========================>       79%]
[Progress:=====>                        18%] [Cov:===========================>       79%]
[Progress:=====>                        18%] [Cov:============================>      80%]
[Progress:=====>                        18%] [Cov:============================>      80%]
[Progress:=====>                        18%] [Cov:============================>      80%]
[Progress:=====>                        18%] [Cov:============================>      80%]
[Progress:=====>                        18%] [Cov:============================>      81%]
[Progress:=====>                        18%] [Cov:============================>      82%]
[Progress:=====>                        18%] [Cov:============================>      82%]
[Progress:======>                       20%] [Cov:============================>      82%]
[Progress:======>                       20%] [Cov:============================>      82%]
[Progress:======>                       20%] [Cov:============================>      82%]
[Progress:======>                       20%] [Cov:============================>      82%]
[Progress:======>                       20%] [Cov:============================>      82%]
[Progress:======>                       20%] [Cov:============================>      82%]
[Progress:======>                       20%] [Cov:============================>      82%]
[Progress:======>                       20%] [Cov:============================>      82%]
[Progress:======>                       20%] [Cov:============================>      82%]
[Progress:======>                       21%] [Cov:============================>      82%]
[Progress:======>                       21%] [Cov:============================>      82%]
[Progress:======>                       21%] [Cov:============================>      82%]
[Progress:======>                       21%] [Cov:============================>      82%]
[Progress:======>                       21%] [Cov:============================>      82%]
[Progress:======>                       21%] [Cov:============================>      82%]
[Progress:======>                       21%] [Cov:============================>      82%]
[Progress:======>                       21%] [Cov:============================>      82%]
[Progress:======>                       23%] [Cov:============================>      82%]
[Progress:======>                       23%] [Cov:============================>      82%]
[Progress:======>                       23%] [Cov:============================>      82%]
[Progress:======>                       23%] [Cov:============================>      82%]
[Progress:======>                       23%] [Cov:============================>      82%]
[Progress:======>                       23%] [Cov:============================>      82%]
[Progress:======>                       23%] [Cov:============================>      82%]
[Progress:======>                       23%] [Cov:============================>      82%]
[Progress:=======>                      25%] [Cov:============================>      82%]
[Progress:=======>                      25%] [Cov:============================>      82%]
[Progress:=======>                      25%] [Cov:============================>      82%]
[Progress:=======>                      25%] [Cov:============================>      82%]
[Progress:=======>                      25%] [Cov:============================>      82%]
[Progress:=======>                      25%] [Cov:============================>      82%]
[Progress:=======>                      25%] [Cov:============================>      82%]
[Progress:=======>                      25%] [Cov:============================>      82%]
[Progress:=======>                      26%] [Cov:============================>      82%]
[Progress:=======>                      26%] [Cov:============================>      82%]
[Progress:=======>                      26%] [Cov:============================>      82%]
[Progress:=======>                      26%] [Cov:============================>      82%]
[Progress:=======>                      26%] [Cov:============================>      82%]
[Progress:=======>                      26%] [Cov:============================>      82%]
[Progress:=======>                      26%] [Cov:============================>      82%]
[Progress:=======>                      26%] [Cov:============================>      82%]
[Progress:========>                     28%] [Cov:============================>      82%]
[Progress:========>                     28%] [Cov:============================>      82%]
[Progress:========>                     28%] [Cov:============================>      82%]
[Progress:========>                     28%] [Cov:============================>      82%]
[Progress:========>                     28%] [Cov:============================>      82%]
[Progress:========>                     28%] [Cov:============================>      82%]
[Progress:========>                     28%] [Cov:============================>      82%]
[Progress:========>                     28%] [Cov:=============================>     83%]
[Progress:========>                     28%] [Cov:=============================>     84%]
[Progress:========>                     28%] [Cov:=============================>     84%]
[Progress:========>                     28%] [Cov:=============================>     84%]
[Progress:=========>                    30%] [Cov:=============================>     84%]
[Progress:=========>                    30%] [Cov:=============================>     84%]
[Progress:=========>                    30%] [Cov:=============================>     84%]
[Progress:=========>                    30%] [Cov:=============================>     84%]
[Progress:=========>                    30%] [Cov:=============================>     84%]
[Progress:=========>                    30%] [Cov:=============================>     84%]
[Progress:=========>                    30%] [Cov:=============================>     84%]
[Progress:=========>                    30%] [Cov:=============================>     84%]
[Progress:=========>                    31%] [Cov:=============================>     84%]
[Progress:=========>                    31%] [Cov:=============================>     84%]
[Progress:=========>                    31%] [Cov:=============================>     84%]
[Progress:=========>                    31%] [Cov:=============================>     84%]
[Progress:=========>                    31%] [Cov:=============================>     84%]
[Progress:=========>                    31%] [Cov:=============================>     84%]
[Progress:=========>                    31%] [Cov:=============================>     84%]
[Progress:=========>                    31%] [Cov:=============================>     84%]
[Progress:=========>                    31%] [Cov:=============================>     84%]
[Progress:=========>                    33%] [Cov:=============================>     84%]
[Progress:=========>                    33%] [Cov:=============================>     84%]
[Progress:=========>                    33%] [Cov:=============================>     84%]
[Progress:=========>                    33%] [Cov:=============================>     84%]
[Progress:=========>                    33%] [Cov:=============================>     84%]
[Progress:=========>                    33%] [Cov:=============================>     84%]
[Progress:=========>                    33%] [Cov:=============================>     84%]
[Progress:=========>                    33%] [Cov:=============================>     84%]
[Progress:=========>                    33%] [Cov:=============================>     84%]
[Progress:=========>                    33%] [Cov:=============================>     84%]
[Progress:==========>                   35%] [Cov:=============================>     84%]
[Progress:==========>                   35%] [Cov:=============================>     84%]
[Progress:==========>                   35%] [Cov:=============================>     84%]
[Progress:==========>                   35%] [Cov:=============================>     84%]
[Progress:==========>                   35%] [Cov:=============================>     84%]
[Progress:==========>                   35%] [Cov:=============================>     84%]
[Progress:==========>                   35%] [Cov:=============================>     84%]
[Progress:==========>                   35%] [Cov:=============================>     84%]
[Progress:==========>                   35%] [Cov:=============================>     84%]
[Progress:==========>                   36%] [Cov:=============================>     84%]
[Progress:==========>                   36%] [Cov:=============================>     84%]
[Progress:==========>                   36%] [Cov:=============================>     84%]
[Progress:==========>                   36%] [Cov:=============================>     84%]
[Progress:==========>                   36%] [Cov:=============================>     84%]
[Progress:==========>                   36%] [Cov:=============================>     84%]
[Progress:==========>                   36%] [Cov:=============================>     84%]
[Progress:==========>                   36%] [Cov:=============================>     84%]
[Progress:==========>                   36%] [Cov:=============================>     84%]
[Progress:==========>                   36%] [Cov:=============================>     84%]
[Progress:===========>                  38%] [Cov:=============================>     84%]
[Progress:===========>                  38%] [Cov:=============================>     84%]
[Progress:===========>                  38%] [Cov:=============================>     84%]
[Progress:===========>                  38%] [Cov:=============================>     84%]
[Progress:===========>                  38%] [Cov:=============================>     84%]
[Progress:===========>                  38%] [Cov:=============================>     84%]
[Progress:===========>                  38%] [Cov:=============================>     84%]
[Progress:===========>                  38%] [Cov:=============================>     84%]
[Progress:===========>                  38%] [Cov:=============================>     84%]
[Progress:===========>                  38%] [Cov:=============================>     84%]
[Progress:============>                 40%] [Cov:=============================>     84%]
[Progress:============>                 40%] [Cov:=============================>     84%]
[Progress:============>                 40%] [Cov:=============================>     84%]
[Progress:============>                 40%] [Cov:=============================>     84%]
[Progress:============>                 40%] [Cov:=============================>     84%]
[Progress:============>                 40%] [Cov:=============================>     84%]
[Progress:============>                 40%] [Cov:=============================>     84%]
[Progress:============>                 40%] [Cov:=============================>     84%]
[Progress:============>                 40%] [Cov:=============================>     84%]
[Progress:============>                 40%] [Cov:=============================>     84%]
[Progress:============>                 40%] [Cov:=============================>     84%]
[Progress:============>                 41%] [Cov:=============================>     84%]
[Progress:============>                 41%] [Cov:=============================>     84%]
[Progress:============>                 41%] [Cov:=============================>     84%]
[Progress:============>                 41%] [Cov:=============================>     84%]
[Progress:============>                 41%] [Cov:=============================>     84%]
[Progress:============>                 41%] [Cov:=============================>     84%]
[Progress:============>                 41%] [Cov:=============================>     84%]
[Progress:============>                 41%] [Cov:=============================>     84%]
[Progress:============>                 41%] [Cov:=============================>     84%]
[Progress:============>                 41%] [Cov:=============================>     84%]
[Progress:============>                 41%] [Cov:=============================>     84%]
[Progress:============>                 43%] [Cov:=============================>     84%]
[Progress:============>                 43%] [Cov:=============================>     84%]
[Progress:============>                 43%] [Cov:=============================>     84%]
[Progress:============>                 43%] [Cov:=============================>     84%]
[Progress:============>                 43%] [Cov:=============================>     84%]
[Progress:============>                 43%] [Cov:=============================>     84%]
[Progress:============>                 43%] [Cov:=============================>     84%]
[Progress:============>                 43%] [Cov:=============================>     84%]
[Progress:============>                 43%] [Cov:=============================>     84%]
[Progress:============>                 43%] [Cov:=============================>     84%]
[Progress:============>                 43%] [Cov:=============================>     84%]
[Progress:=============>                45%] [Cov:=============================>     84%]
[Progress:=============>                45%] [Cov:=============================>     84%]
[Progress:=============>                45%] [Cov:=============================>     84%]
[Progress:=============>                45%] [Cov:=============================>     84%]
[Progress:=============>                45%] [Cov:=============================>     84%]
[Progress:=============>                45%] [Cov:=============================>     84%]
[Progress:=============>                45%] [Cov:=============================>     84%]
[Progress:=============>                45%] [Cov:=============================>     84%]
[Progress:=============>                45%] [Cov:=============================>     84%]
[Progress:=============>                45%] [Cov:=============================>     84%]
[Progress:=============>                45%] [Cov:=============================>     84%]
[Progress:=============>                46%] [Cov:=============================>     84%]
[Progress:=============>                46%] [Cov:=============================>     84%]
[Progress:=============>                46%] [Cov:=============================>     84%]
[Progress:=============>                46%] [Cov:=============================>     84%]
[Progress:=============>                46%] [Cov:=============================>     84%]
[Progress:=============>                46%] [Cov:=============================>     84%]
[Progress:=============>                46%] [Cov:=============================>     84%]
[Progress:=============>                46%] [Cov:=============================>     84%]
[Progress:=============>                46%] [Cov:=============================>     84%]
[Progress:=============>                46%] [Cov:=============================>     84%]
[Progress:=============>                46%] [Cov:=============================>     84%]
[Progress:=============>                46%] [Cov:=============================>     84%]
[Progress:==============>               48%] [Cov:=============================>     84%]
[Progress:==============>               48%] [Cov:=============================>     84%]
[Progress:==============>               48%] [Cov:=============================>     84%]
[Progress:==============>               48%] [Cov:=============================>     84%]
[Progress:==============>               48%] [Cov:=============================>     84%]
[Progress:==============>               48%] [Cov:=============================>     84%]
[Progress:==============>               48%] [Cov:=============================>     84%]
[Progress:==============>               48%] [Cov:=============================>     84%]
[Progress:==============>               48%] [Cov:=============================>     84%]
[Progress:==============>               48%] [Cov:=============================>     84%]
[Progress:==============>               48%] [Cov:=============================>     84%]
[Progress:==============>               48%] [Cov:=============================>     85%]
[Progress:===============>              50%] [Cov:=============================>     84%]
[Progress:===============>              50%] [Cov:=============================>     85%]
[Progress:===============>              50%] [Cov:=============================>     85%]
[Progress:===============>              50%] [Cov:=============================>     85%]
[Progress:===============>              50%] [Cov:=============================>     85%]
[Progress:===============>              50%] [Cov:=============================>     85%]
[Progress:===============>              50%] [Cov:=============================>     85%]
[Progress:===============>              50%] [Cov:=============================>     85%]
[Progress:===============>              51%] [Cov:=============================>     85%]
[Progress:===============>              51%] [Cov:=============================>     85%]
[Progress:===============>              51%] [Cov:=============================>     85%]
[Progress:===============>              51%] [Cov:=============================>     85%]
[Progress:===============>              51%] [Cov:=============================>     85%]
[Progress:===============>              51%] [Cov:=============================>     85%]
[Progress:===============>              51%] [Cov:=============================>     85%]
[Progress:===============>              51%] [Cov:=============================>     85%]
[Progress:===============>              51%] [Cov:=============================>     85%]
[Progress:===============>              51%] [Cov:=============================>     85%]
[Progress:===============>              51%] [Cov:=============================>     85%]
[Progress:===============>              53%] [Cov:=============================>     85%]
[Progress:===============>              53%] [Cov:=============================>     85%]
[Progress:===============>              53%] [Cov:=============================>     85%]
[Progress:===============>              53%] [Cov:=============================>     85%]
[Progress:===============>              53%] [Cov:=============================>     85%]
[Progress:===============>              53%] [Cov:=============================>     85%]
[Progress:===============>              53%] [Cov:=============================>     85%]
[Progress:===============>              53%] [Cov:=============================>     85%]
[Progress:===============>              53%] [Cov:=============================>     85%]
[Progress:===============>              53%] [Cov:=============================>     85%]
[Progress:===============>              53%] [Cov:=============================>     85%]
[Progress:================>             55%] [Cov:=============================>     85%]
[Progress:================>             55%] [Cov:=============================>     85%]
[Progress:================>             55%] [Cov:=============================>     85%]
[Progress:================>             55%] [Cov:=============================>     85%]
[Progress:================>             55%] [Cov:=============================>     85%]
[Progress:================>             55%] [Cov:=============================>     85%]
[Progress:================>             55%] [Cov:=============================>     85%]
[Progress:================>             55%] [Cov:=============================>     85%]
[Progress:================>             55%] [Cov:=============================>     85%]
[Progress:================>             55%] [Cov:=============================>     85%]
[Progress:================>             55%] [Cov:=============================>     85%]
[Progress:================>             55%] [Cov:=============================>     85%]
[Progress:================>             55%] [Cov:=============================>     85%]
[Progress:================>             56%] [Cov:=============================>     85%]
[Progress:================>             56%] [Cov:=============================>     85%]
[Progress:================>             56%] [Cov:=============================>     85%]
[Progress:================>             56%] [Cov:=============================>     85%]
[Progress:================>             56%] [Cov:=============================>     85%]
[Progress:================>             56%] [Cov:=============================>     85%]
[Progress:================>             56%] [Cov:=============================>     85%]
[Progress:================>             56%] [Cov:=============================>     85%]
[Progress:================>             56%] [Cov:=============================>     85%]
[Progress:================>             56%] [Cov:=============================>     85%]
[Progress:================>             56%] [Cov:=============================>     85%]
[Progress:================>             56%] [Cov:=============================>     85%]
[Progress:=================>            58%] [Cov:=============================>     85%]
[Progress:=================>            58%] [Cov:=============================>     85%]
[Progress:=================>            58%] [Cov:=============================>     85%]
[Progress:=================>            58%] [Cov:=============================>     85%]
[Progress:=================>            58%] [Cov:=============================>     85%]
[Progress:=================>            58%] [Cov:=============================>     85%]
[Progress:=================>            58%] [Cov:=============================>     85%]
[Progress:=================>            58%] [Cov:=============================>     85%]
[Progress:=================>            58%] [Cov:=============================>     85%]
[Progress:=================>            58%] [Cov:=============================>     85%]
[Progress:=================>            58%] [Cov:=============================>     85%]
[Progress:=================>            58%] [Cov:=============================>     85%]
[Progress:==================>           60%] [Cov:=============================>     85%]
[Progress:==================>           60%] [Cov:=============================>     85%]
[Progress:==================>           60%] [Cov:=============================>     85%]
[Progress:==================>           60%] [Cov:=============================>     85%]
[Progress:==================>           60%] [Cov:=============================>     85%]
[Progress:==================>           60%] [Cov:=============================>     85%]
[Progress:==================>           60%] [Cov:=============================>     85%]
[Progress:==================>           60%] [Cov:=============================>     85%]
[Progress:==================>           60%] [Cov:=============================>     85%]
[Progress:==================>           60%] [Cov:=============================>     85%]
[Progress:==================>           60%] [Cov:=============================>     85%]
[Progress:==================>           60%] [Cov:=============================>     85%]
[Progress:==================>           61%] [Cov:=============================>     85%]
[Progress:==================>           61%] [Cov:=============================>     85%]
[Progress:==================>           61%] [Cov:=============================>     85%]
[Progress:==================>           61%] [Cov:=============================>     85%]
[Progress:==================>           61%] [Cov:=============================>     85%]
[Progress:==================>           61%] [Cov:=============================>     85%]
[Progress:==================>           61%] [Cov:=============================>     85%]
[Progress:==================>           61%] [Cov:=============================>     85%]
[Progress:==================>           61%] [Cov:=============================>     85%]
[Progress:==================>           61%] [Cov:=============================>     85%]
[Progress:==================>           61%] [Cov:=============================>     85%]
[Progress:==================>           61%] [Cov:=============================>     85%]
[Progress:==================>           63%] [Cov:=============================>     85%]
[Progress:==================>           63%] [Cov:=============================>     85%]
[Progress:==================>           63%] [Cov:=============================>     85%]
[Progress:==================>           63%] [Cov:=============================>     85%]
[Progress:==================>           63%] [Cov:=============================>     85%]
[Progress:==================>           63%] [Cov:=============================>     85%]
[Progress:==================>           63%] [Cov:=============================>     85%]
[Progress:==================>           63%] [Cov:=============================>     85%]
[Progress:==================>           63%] [Cov:=============================>     85%]
[Progress:==================>           63%] [Cov:=============================>     85%]
[Progress:==================>           63%] [Cov:=============================>     85%]
[Progress:==================>           63%] [Cov:=============================>     85%]
[Progress:===================>          65%] [Cov:=============================>     85%]
[Progress:===================>          65%] [Cov:=============================>     85%]
[Progress:===================>          65%] [Cov:=============================>     85%]
[Progress:===================>          65%] [Cov:=============================>     85%]
[Progress:===================>          65%] [Cov:=============================>     85%]
[Progress:=====================>        73%] [Cov:=============================>     85%]
[Progress:=====================>        73%] [Cov:=============================>     85%]
[Progress:=====================>        73%] [Cov:=============================>     85%]
[Progress:=====================>        73%] [Cov:=============================>     85%]
[Progress:=====================>        73%] [Cov:=============================>     85%]
[Progress:=====================>        73%] [Cov:=============================>     85%]
[Progress:=====================>        73%] [Cov:=============================>     85%]
[Progress:=====================>        73%] [Cov:=============================>     85%]
[Progress:======================>       75%] [Cov:=============================>     85%]
[Progress:======================>       75%] [Cov:=============================>     85%]
[Progress:======================>       75%] [Cov:=============================>     85%]
[Progress:======================>       75%] [Cov:=============================>     85%]
[Progress:======================>       75%] [Cov:=============================>     85%]
[Progress:======================>       75%] [Cov:=============================>     85%]
[Progress:======================>       75%] [Cov:=============================>     85%]
[Progress:======================>       75%] [Cov:=============================>     85%]
[Progress:======================>       75%] [Cov:=============================>     85%]
[Progress:======================>       75%] [Cov:=============================>     85%]
[Progress:======================>       75%] [Cov:=============================>     85%]
[Progress:======================>       75%] [Cov:=============================>     85%]
[Progress:======================>       76%] [Cov:=============================>     85%]
[Progress:======================>       76%] [Cov:=============================>     85%]
[Progress:======================>       76%] [Cov:=============================>     85%]
[Progress:======================>       76%] [Cov:=============================>     85%]
[Progress:======================>       76%] [Cov:=============================>     85%]
[Progress:======================>       76%] [Cov:=============================>     85%]
[Progress:======================>       76%] [Cov:=============================>     85%]
[Progress:======================>       76%] [Cov:=============================>     85%]
[Progress:======================>       76%] [Cov:=============================>     85%]
[Progress:======================>       76%] [Cov:=============================>     85%]
[Progress:======================>       76%] [Cov:=============================>     85%]
[Progress:======================>       76%] [Cov:=============================>     85%]
[Progress:======================>       76%] [Cov:=============================>     85%]
[Progress:=======================>      78%] [Cov:=============================>     85%]
[Progress:=======================>      78%] [Cov:=============================>     85%]
[Progress:=======================>      78%] [Cov:=============================>     85%]
[Progress:=======================>      78%] [Cov:=============================>     85%]
[Progress:=======================>      78%] [Cov:=============================>     85%]
[Progress:=======================>      78%] [Cov:=============================>     85%]
[Progress:=======================>      78%] [Cov:=============================>     85%]
[Progress:=======================>      78%] [Cov:=============================>     85%]
[Progress:=======================>      78%] [Cov:=============================>     85%]
[Progress:=======================>      78%] [Cov:=============================>     85%]
[Progress:=======================>      78%] [Cov:=============================>     85%]
[Progress:=======================>      78%] [Cov:=============================>     85%]
[Progress:========================>     80%] [Cov:=============================>     85%]
[Progress:========================>     80%] [Cov:=============================>     85%]
[Progress:========================>     80%] [Cov:=============================>     85%]
[Progress:========================>     80%] [Cov:=============================>     85%]
[Progress:========================>     80%] [Cov:=============================>     85%]
[Progress:========================>     80%] [Cov:=============================>     85%]
[Progress:========================>     80%] [Cov:=============================>     85%]
[Progress:========================>     80%] [Cov:=============================>     85%]
[Progress:========================>     80%] [Cov:=============================>     85%]
[Progress:========================>     80%] [Cov:=============================>     85%]
[Progress:========================>     80%] [Cov:=============================>     85%]
[Progress:========================>     80%] [Cov:=============================>     85%]
[Progress:========================>     80%] [Cov:=============================>     85%]
[Progress:========================>     81%] [Cov:=============================>     85%]
[Progress:========================>     81%] [Cov:=============================>     85%]
[Progress:========================>     81%] [Cov:=============================>     85%]
[Progress:========================>     81%] [Cov:=============================>     85%]
[Progress:========================>     81%] [Cov:=============================>     85%]
[Progress:========================>     81%] [Cov:=============================>     85%]
[Progress:========================>     81%] [Cov:=============================>     85%]
[Progress:========================>     81%] [Cov:=============================>     85%]
[Progress:========================>     81%] [Cov:=============================>     85%]
[Progress:========================>     81%] [Cov:=============================>     85%]
[Progress:========================>     81%] [Cov:=============================>     85%]
[Progress:========================>     81%] [Cov:=============================>     85%]
[Progress:========================>     81%] [Cov:=============================>     85%]
[Progress:========================>     83%] [Cov:=============================>     85%]
[Progress:========================>     83%] [Cov:=============================>     85%]
[Progress:========================>     83%] [Cov:=============================>     85%]
[Progress:========================>     83%] [Cov:=============================>     85%]
[Progress:========================>     83%] [Cov:=============================>     85%]
[Progress:========================>     83%] [Cov:=============================>     85%]
[Progress:========================>     83%] [Cov:=============================>     85%]
[Progress:========================>     83%] [Cov:=============================>     85%]
[Progress:========================>     83%] [Cov:=============================>     85%]
[Progress:========================>     83%] [Cov:=============================>     85%]
[Progress:========================>     83%] [Cov:=============================>     85%]
[Progress:========================>     83%] [Cov:=============================>     85%]
[Progress:========================>     83%] [Cov:=============================>     85%]
[Progress:========================>     83%] [Cov:=============================>     85%]
[Progress:=========================>    85%] [Cov:=============================>     85%]
[Progress:=========================>    85%] [Cov:=============================>     85%]
[Progress:=========================>    85%] [Cov:=============================>     85%]
[Progress:=========================>    85%] [Cov:=============================>     85%]
[Progress:=========================>    85%] [Cov:=============================>     85%]
[Progress:=========================>    85%] [Cov:=============================>     85%]
[Progress:=========================>    85%] [Cov:=============================>     85%]
[Progress:=========================>    85%] [Cov:=============================>     85%]
[Progress:=========================>    85%] [Cov:=============================>     85%]
[Progress:=========================>    85%] [Cov:=============================>     85%]
[Progress:=========================>    85%] [Cov:=============================>     85%]
[Progress:=========================>    85%] [Cov:=============================>     85%]
[Progress:=========================>    85%] [Cov:=============================>     85%]
[Progress:=========================>    86%] [Cov:=============================>     85%]
[Progress:=========================>    86%] [Cov:=============================>     85%]
[Progress:=========================>    86%] [Cov:=============================>     85%]
[Progress:=========================>    86%] [Cov:=============================>     85%]
[Progress:=========================>    86%] [Cov:=============================>     85%]
[Progress:=========================>    86%] [Cov:=============================>     85%]
[Progress:=========================>    86%] [Cov:=============================>     85%]
[Progress:=========================>    86%] [Cov:=============================>     85%]
[Progress:=========================>    86%] [Cov:=============================>     85%]
[Progress:=========================>    86%] [Cov:=============================>     85%]
[Progress:=========================>    86%] [Cov:=============================>     85%]
[Progress:=========================>    86%] [Cov:=============================>     85%]
[Progress:=========================>    86%] [Cov:=============================>     85%]
[Progress:=========================>    86%] [Cov:=============================>     85%]
[Progress:==========================>   88%] [Cov:=============================>     85%]
[Progress:==========================>   88%] [Cov:=============================>     85%]
[Progress:==========================>   88%] [Cov:=============================>     85%]
[Progress:==========================>   88%] [Cov:=============================>     85%]
[Progress:==========================>   88%] [Cov:=============================>     85%]
[Progress:==========================>   88%] [Cov:=============================>     85%]
[Progress:==========================>   88%] [Cov:=============================>     85%]
[Progress:==========================>   88%] [Cov:=============================>     85%]
[Progress:==========================>   88%] [Cov:=============================>     85%]
[Progress:==========================>   88%] [Cov:=============================>     85%]
[Progress:==========================>   88%] [Cov:=============================>     85%]
[Progress:==========================>   88%] [Cov:=============================>     85%]
[Progress:==========================>   88%] [Cov:=============================>     85%]
[Progress:===========================>  90%] [Cov:=============================>     85%]
[Progress:===========================>  90%] [Cov:=============================>     85%]
[Progress:===========================>  90%] [Cov:=============================>     85%]
[Progress:===========================>  90%] [Cov:=============================>     85%]
[Progress:===========================>  90%] [Cov:=============================>     85%]
[Progress:===========================>  90%] [Cov:=============================>     85%]
[Progress:===========================>  90%] [Cov:=============================>     85%]
[Progress:===========================>  90%] [Cov:=============================>     85%]
[Progress:===========================>  90%] [Cov:=============================>     85%]
[Progress:===========================>  90%] [Cov:=============================>     85%]
[Progress:===========================>  90%] [Cov:=============================>     85%]
[Progress:===========================>  90%] [Cov:=============================>     85%]
[Progress:===========================>  90%] [Cov:=============================>     85%]
[Progress:===========================>  90%] [Cov:=============================>     85%]
[Progress:===========================>  90%] [Cov:=============================>     85%]
[Progress:===========================>  91%] [Cov:=============================>     85%]
[Progress:===========================>  91%] [Cov:=============================>     85%]
[Progress:===========================>  91%] [Cov:=============================>     85%]
[Progress:===========================>  91%] [Cov:=============================>     85%]
[Progress:===========================>  91%] [Cov:=============================>     85%]
[Progress:===========================>  91%] [Cov:=============================>     85%]
[Progress:===========================>  91%] [Cov:=============================>     85%]
[Progress:===========================>  91%] [Cov:=============================>     85%]
[Progress:===========================>  91%] [Cov:=============================>     85%]
[Progress:===========================>  91%] [Cov:=============================>     85%]
[Progress:===========================>  91%] [Cov:=============================>     85%]
[Progress:===========================>  91%] [Cov:=============================>     85%]
[Progress:===========================>  91%] [Cov:=============================>     85%]
[Progress:===========================>  93%] [Cov:=============================>     85%]
[Progress:===========================>  93%] [Cov:=============================>     85%]
[Progress:===========================>  93%] [Cov:=============================>     85%]
[Progress:===========================>  93%] [Cov:=============================>     85%]
[Progress:===========================>  93%] [Cov:=============================>     85%]
[Progress:===========================>  93%] [Cov:=============================>     85%]
[Progress:===========================>  93%] [Cov:=============================>     85%]
[Progress:===========================>  93%] [Cov:=============================>     85%]
[Progress:===========================>  93%] [Cov:=============================>     85%]
[Progress:===========================>  93%] [Cov:=============================>     85%]
[Progress:===========================>  93%] [Cov:=============================>     85%]
[Progress:===========================>  93%] [Cov:=============================>     85%]
[Progress:===========================>  93%] [Cov:=============================>     85%]
[Progress:===========================>  93%] [Cov:=============================>     85%]
[Progress:============================> 95%] [Cov:=============================>     85%]
[Progress:============================> 95%] [Cov:=============================>     85%]
[Progress:============================> 95%] [Cov:=============================>     85%]
[Progress:============================> 95%] [Cov:=============================>     85%]
[Progress:============================> 95%] [Cov:=============================>     85%]
[Progress:============================> 95%] [Cov:=============================>     85%]
[Progress:============================> 95%] [Cov:=============================>     85%]
[Progress:============================> 95%] [Cov:=============================>     85%]
[Progress:============================> 95%] [Cov:=============================>     85%]
[Progress:============================> 95%] [Cov:=============================>     85%]
[Progress:============================> 95%] [Cov:=============================>     85%]
[Progress:============================> 95%] [Cov:=============================>     85%]
[Progress:============================> 95%] [Cov:=============================>     85%]
[Progress:============================> 95%] [Cov:=============================>     85%]
[Progress:============================> 96%] [Cov:=============================>     85%]
[Progress:============================> 96%] [Cov:=============================>     85%]
[Progress:============================> 96%] [Cov:=============================>     85%]
[Progress:============================> 96%] [Cov:=============================>     85%]
[Progress:============================> 96%] [Cov:=============================>     85%]
[Progress:============================> 96%] [Cov:=============================>     85%]
[Progress:============================> 96%] [Cov:=============================>     85%]
[Progress:============================> 96%] [Cov:=============================>     85%]
[Progress:============================> 96%] [Cov:=============================>     85%]
[Progress:============================> 96%] [Cov:=============================>     85%]
[Progress:============================> 96%] [Cov:=============================>     85%]
[Progress:============================> 96%] [Cov:=============================>     85%]
[Progress:============================> 96%] [Cov:=============================>     85%]
[Progress:============================> 96%] [Cov:=============================>     85%]
[Progress:============================> 96%] [Cov:=============================>     85%]
[Progress:=============================>98%] [Cov:=============================>     85%]
[Progress:=============================>98%] [Cov:=============================>     85%]
[Progress:=============================>98%] [Cov:=============================>     85%]
[Progress:=============================>98%] [Cov:=============================>     85%]
[Progress:=============================>98%] [Cov:=============================>     85%]
[Progress:=============================>98%] [Cov:=============================>     85%]
[Progress:=============================>98%] [Cov:=============================>     85%]
[Progress:=============================>98%] [Cov:=============================>     85%]
[Progress:=============================>98%] [Cov:=============================>     85%]
[Progress:=============================>98%] [Cov:=============================>     85%]
[Progress:=============================>98%] [Cov:=============================>     85%]
[Progress:=============================>98%] [Cov:=============================>     85%]
[Progress:=============================>98%] [Cov:=============================>     85%]
[Progress:=============================>98%] [Cov:=============================>     85%]
[Progress:==============================100%] [Cov:=============================>     85%]
[Progress:==============================100%] [Cov:=============================>     85%]
[Progress:==============================100%] [Cov:=============================>     85%]
[Progress:==============================100%] [Cov:=============================>     85%]
[Progress:==============================100%] [Cov:=============================>     85%]
[Progress:==============================100%] [Cov:=============================>     85%]
[Progress:==============================100%] [Cov:=============================>     85%]
[Progress:==============================100%] [Cov:=============================>     85%]
[Progress:==============================100%] [Cov:=============================>     85%]
[Progress:==============================100%] [Cov:=============================>     85%]
[Progress:==============================100%] [Cov:=============================>     85%]
[Progress:==============================100%] [Cov:=============================>     85%]
[Progress:==============================100%] [Cov:=============================>     85%]
[Progress:==============================100%] [Cov:=============================>     85%]
[Progress:==============================100%] [Cov:=============================>     85%]
[Progress:==============================100%] [Cov:=============================>     85%]
* Search finished after 61s and 550 generations, 372030 statements, best individual has fitness: 25.508757549153508
* Minimizing test suite
* Going to analyze the coverage criteria
* Coverage analysis for criterion LINE
* Coverage of criterion LINE: 79%
* Total number of goals: 119
* Number of covered goals: 94
* Coverage analysis for criterion BRANCH
* Coverage of criterion BRANCH: 76%
* Total number of goals: 76
* Number of covered goals: 58
* Coverage analysis for criterion EXCEPTION
* Coverage of criterion EXCEPTION: 100%
* Total number of goals: 20
* Number of covered goals: 20
* Generated 49 tests with total length 320
* Resulting test suite's coverage: 85% (average coverage for all fitness functions)
* Generating assertions
* Resulting test suite's mutation score: 29%
* Compiling and checking tests
* Permissions denied during test execution: 
  - java.lang.RuntimePermission: 
         writeFileDescriptor: 44
* Writing tests to file
* Writing JUnit test case 'GeneratorBase_ESTest' to /work/evo_out/JacksonCore_18f/budget60_seed1/tests
* Done!

* Computation finished

[exit=0 timeout=False time=76.4s]

$ java -Djava.awt.headless=true -cp /opt/defects4j/framework/projects/lib/junit-4.12-hamcrest-1.3.jar:/opt/evosuite/evosuite-1.2.0.jar:/work/JacksonCore_18f/target/classes:/work/JacksonCore_18f/target/test-classes org.evosuite.EvoSuite -generateSuite -class com.fasterxml.jackson.core.json.UTF8JsonGenerator -projectCP /opt/defects4j/framework/projects/lib/junit-4.12-hamcrest-1.3.jar:/work/JacksonCore_18f/target/classes:/work/JacksonCore_18f/target/test-classes -Dcriterion=LINE:BRANCH:EXCEPTION -Dsearch_budget=60 -seed 1 -Dtest_dir=/work/evo_out/JacksonCore_18f/budget60_seed1/tests -Dreport_dir=/work/evo_out/JacksonCore_18f/budget60_seed1/report
* EvoSuite 1.2.0
* Going to generate test cases for class: com.fasterxml.jackson.core.json.UTF8JsonGenerator
* Starting Client-0
* Connecting to master process on port 9922
* Analyzing classpath: 
  - /opt/defects4j/framework/projects/lib/junit-4.12-hamcrest-1.3.jar
  - /work/JacksonCore_18f/target/classes
  - /work/JacksonCore_18f/target/test-classes
[MASTER] 01:53:45.555 [logback-1] WARN  InheritanceTree - Class not in inheritance graph: java.io.ObjectInputFilter
[MASTER] 01:53:45.689 [logback-1] WARN  InheritanceTree - Class not in inheritance graph: java.util.Locale$IsoCountryCode
* Finished analyzing classpath
* Generating tests for class com.fasterxml.jackson.core.json.UTF8JsonGenerator
* Test criteria:
  - Line Coverage
  - Branch Coverage
  - Exception
* Setting up search algorithm for whole suite generation
* Total number of test goals: 
  - Line 1016
  - Branch 554
  - Exception 0

[Progress:>                             0%] [Cov:>                                  0%]* Using seed 1
* Starting evolution

[Progress:>                             0%] [Cov:>                                  1%]
[Progress:>                             0%] [Cov:>                                  2%]
[Progress:>                             0%] [Cov:============>                      35%]
[Progress:>                             1%] [Cov:=>                                 3%]
[Progress:>                             1%] [Cov:==>                                6%]
[Progress:>                             1%] [Cov:=============>                     39%]
[Progress:>                             3%] [Cov:>                                  0%]
[Progress:>                             3%] [Cov:===========>                       33%]
[Progress:>                             3%] [Cov:===========>                       34%]
[Progress:>                             3%] [Cov:============>                      35%]
[Progress:>                             3%] [Cov:============>                      37%]
[Progress:>                             3%] [Cov:=============>                     39%]
[Progress:>                             3%] [Cov:================>                  47%]
[Progress:>                             3%] [Cov:================>                  48%]
[Progress:=>                            5%] [Cov:================>                  47%]
[Progress:=>                            5%] [Cov:================>                  48%]
[Progress:=>                            5%] [Cov:=================>                 49%]
[Progress:=>                            6%] [Cov:=================>                 49%]
[Progress:=>                            6%] [Cov:=================>                 49%]
[Progress:==>                           8%] [Cov:=================>                 49%]
[Progress:==>                           8%] [Cov:=================>                 49%]
[Progress:===>                          10%] [Cov:=================>                 49%]
[Progress:===>                          10%] [Cov:=================>                 50%]
[Progress:===>                          10%] [Cov:=================>                 50%]
[Progress:===>                          11%] [Cov:=================>                 50%]
[Progress:===>                          11%] [Cov:=================>                 50%]
[Progress:===>                          13%] [Cov:=================>                 50%]
[Progress:===>                          13%] [Cov:=================>                 51%]
[Progress:===>                          13%] [Cov:=================>                 51%]
[Progress:====>                         15%] [Cov:=================>                 51%]
[Progress:====>                         15%] [Cov:=================>                 51%]
[Progress:====>                         15%] [Cov:==================>                52%]
[Progress:====>                         16%] [Cov:=================>                 51%]
[Progress:====>                         16%] [Cov:==================>                52%]
[Progress:=====>                        18%] [Cov:==================>                52%]
[Progress:=====>                        18%] [Cov:==================>                52%]
[Progress:======>                       20%] [Cov:==================>                52%]
[Progress:======>                       20%] [Cov:==================>                52%]
[Progress:======>                       20%] [Cov:==================>                52%]
[Progress:======>                       21%] [Cov:==================>                52%]
[Progress:======>                       21%] [Cov:==================>                52%]
[Progress:======>                       21%] [Cov:==================>                52%]
[Progress:======>                       23%] [Cov:==================>                52%]
[Progress:======>                       23%] [Cov:==================>                52%]
[Progress:=======>                      25%] [Cov:==================>                52%]
[Progress:=======>                      26%] [Cov:==================>                52%]
[Progress:=======>                      26%] [Cov:==================>                53%]
[Progress:========>                     28%] [Cov:==================>                53%]
[Progress:=========>                    30%] [Cov:==================>                53%]
[Progress:=========>                    31%] [Cov:==================>                53%]
[Progress:=========>                    33%] [Cov:==================>                53%]
[Progress:=========>                    33%] [Cov:==================>                53%]
[Progress:=========>                    33%] [Cov:==================>                54%]
[Progress:==========>                   35%] [Cov:==================>                54%]
[Progress:==========>                   36%] [Cov:==================>                54%]
[Progress:==========>                   36%] [Cov:===================>               55%]
[Progress:===========>                  38%] [Cov:==================>                54%]
[Progress:===========>                  38%] [Cov:===================>               55%]
[Progress:============>                 40%] [Cov:===================>               55%]
[Progress:============>                 40%] [Cov:===================>               55%]
[Progress:============>                 41%] [Cov:===================>               55%]
[Progress:============>                 43%] [Cov:===================>               55%]
[Progress:=============>                45%] [Cov:===================>               55%]
[Progress:=============>                46%] [Cov:===================>               55%]
[Progress:==============>               48%] [Cov:===================>               55%]
[Progress:==============>               48%] [Cov:===================>               55%]
[Progress:===============>              50%] [Cov:===================>               55%]
[Progress:===============>              50%] [Cov:===================>               56%]
[Progress:===============>              51%] [Cov:===================>               55%]
[Progress:===============>              51%] [Cov:===================>               56%]
[Progress:===============>              51%] [Cov:===================>               56%]
[Progress:===============>              53%] [Cov:===================>               56%]
[Progress:===============>              53%] [Cov:===================>               56%]
[Progress:================>             55%] [Cov:===================>               56%]
[Progress:================>             55%] [Cov:===================>               56%]
[Progress:================>             56%] [Cov:===================>               56%]
[Progress:=================>            58%] [Cov:===================>               56%]
[Progress:==================>           60%] [Cov:===================>               56%]
[Progress:==================>           61%] [Cov:===================>               56%]
[Progress:==================>           63%] [Cov:===================>               56%]
[Progress:===================>          65%] [Cov:===================>               56%]
[Progress:===================>          65%] [Cov:===================>               56%]
[Progress:===================>          66%] [Cov:===================>               57%]
[Progress:====================>         68%] [Cov:===================>               57%]
[Progress:====================>         68%] [Cov:===================>               57%]
[Progress:=====================>        70%] [Cov:===================>               57%]
[Progress:=====================>        70%] [Cov:===================>               57%]
[Progress:=====================>        71%] [Cov:===================>               57%]
[Progress:=====================>        73%] [Cov:===================>               57%]
[Progress:======================>       75%] [Cov:===================>               57%]
[Progress:======================>       75%] [Cov:===================>               57%]
[Progress:======================>       76%] [Cov:===================>               57%]
[Progress:======================>       76%] [Cov:===================>               57%]
[Progress:=======================>      78%] [Cov:===================>               57%]
[Progress:========================>     80%] [Cov:===================>               57%]
[Progress:========================>     81%] [Cov:===================>               57%]
[Progress:========================>     83%] [Cov:====================>              58%]
[Progress:=========================>    85%] [Cov:====================>              58%]
[Progress:=========================>    86%] [Cov:====================>              58%]
[Progress:==========================>   88%] [Cov:====================>              58%]
[Progress:==========================>   88%] [Cov:====================>              58%]
[Progress:===========================>  90%] [Cov:====================>              58%]
[Progress:===========================>  91%] [Cov:====================>              58%]
[Progress:===========================>  93%] [Cov:====================>              58%]
[Progress:===========================>  93%] [Cov:====================>              59%]
[Progress:============================> 95%] [Cov:====================>              59%]
[Progress:============================> 95%] [Cov:====================>              59%]
[Progress:============================> 96%] [Cov:====================>              59%]
[Progress:============================> 96%] [Cov:====================>              59%]
[Progress:=============================>98%] [Cov:====================>              59%]
[Progress:=============================>98%] [Cov:====================>              59%]
[Progress:==============================100%] [Cov:====================>              59%]
[Progress:==============================100%] [Cov:====================>              59%]
* Search finished after 63s and 55 generations, 48021 statements, best individual has fitness: 609.0640216781876
* Minimizing test suite
* Going to analyze the coverage criteria
* Coverage analysis for criterion LINE
* Coverage of criterion LINE: 41%
* Total number of goals: 1016
* Number of covered goals: 414
* Coverage analysis for criterion BRANCH
* Coverage of criterion BRANCH: 37%
* Total number of goals: 554
* Number of covered goals: 205
* Coverage analysis for criterion EXCEPTION
* Coverage of criterion EXCEPTION: 100%
* Total number of goals: 63
* Number of covered goals: 63
* Generated 100 tests with total length 620
* Resulting test suite's coverage: 59% (average coverage for all fitness functions)
* Generating assertions
* Resulting test suite's mutation score: 7%
* Compiling and checking tests
* Permissions denied during test execution: 
  - java.lang.RuntimePermission: 
         writeFileDescriptor: 171
* Writing tests to file
* Writing JUnit test case 'UTF8JsonGenerator_ESTest' to /work/evo_out/JacksonCore_18f/budget60_seed1/tests
* Done!

* Computation finished

[exit=0 timeout=False time=137.2s]

$ java -Djava.awt.headless=true -cp /opt/defects4j/framework/projects/lib/junit-4.12-hamcrest-1.3.jar:/opt/evosuite/evosuite-1.2.0.jar:/work/JacksonCore_18f/target/classes:/work/JacksonCore_18f/target/test-classes org.evosuite.EvoSuite -generateSuite -class com.fasterxml.jackson.core.json.WriterBasedJsonGenerator -projectCP /opt/defects4j/framework/projects/lib/junit-4.12-hamcrest-1.3.jar:/work/JacksonCore_18f/target/classes:/work/JacksonCore_18f/target/test-classes -Dcriterion=LINE:BRANCH:EXCEPTION -Dsearch_budget=60 -seed 1 -Dtest_dir=/work/evo_out/JacksonCore_18f/budget60_seed1/tests -Dreport_dir=/work/evo_out/JacksonCore_18f/budget60_seed1/report
* EvoSuite 1.2.0
* Going to generate test cases for class: com.fasterxml.jackson.core.json.WriterBasedJsonGenerator
* Starting Client-0
* Connecting to master process on port 9922
* Analyzing classpath: 
  - /opt/defects4j/framework/projects/lib/junit-4.12-hamcrest-1.3.jar
  - /work/JacksonCore_18f/target/classes
  - /work/JacksonCore_18f/target/test-classes
[MASTER] 01:56:02.653 [logback-1] WARN  InheritanceTree - Class not in inheritance graph: java.io.ObjectInputFilter
[MASTER] 01:56:02.842 [logback-1] WARN  InheritanceTree - Class not in inheritance graph: java.util.Locale$IsoCountryCode
* Finished analyzing classpath
* Generating tests for class com.fasterxml.jackson.core.json.WriterBasedJsonGenerator
* Test criteria:
  - Line Coverage
  - Branch Coverage
  - Exception
* Setting up search algorithm for whole suite generation
* Total number of test goals: 
  - Line 968
  - Branch 504
  - Exception 0

[Progress:>                             0%] [Cov:>                                  0%]* Using seed 1
* Starting evolution

[Progress:>                             0%] [Cov:===========>                       34%]
[Progress:>                             0%] [Cov:============>                      37%]
[Progress:>                             1%] [Cov:>                                  1%]
[Progress:>                             1%] [Cov:>                                  2%]
[Progress:>                             1%] [Cov:============>                      35%]
[Progress:>                             1%] [Cov:============>                      36%]
[Progress:>                             3%] [Cov:>                                  0%]
[Progress:>                             3%] [Cov:>                                  1%]
[Progress:>                             3%] [Cov:============>                      35%]
[Progress:>                             3%] [Cov:============>                      37%]
[Progress:>                             3%] [Cov:=============>                     38%]
[Progress:>                             3%] [Cov:=============>                     38%]
[Progress:>                             3%] [Cov:================>                  46%]
[Progress:=>                            5%] [Cov:================>                  46%]
[Progress:=>                            5%] [Cov:================>                  46%]
[Progress:===>                          13%] [Cov:================>                  46%]
[Progress:===>                          13%] [Cov:================>                  46%]
[Progress:===>                          13%] [Cov:================>                  47%]
[Progress:====>                         15%] [Cov:================>                  47%]
[Progress:====>                         15%] [Cov:================>                  47%]
[Progress:====>                         16%] [Cov:================>                  47%]
[Progress:====>                         16%] [Cov:================>                  47%]
[Progress:=====>                        18%] [Cov:================>                  48%]
[Progress:=====>                        18%] [Cov:=================>                 49%]
[Progress:======>                       20%] [Cov:=================>                 49%]
[Progress:======>                       20%] [Cov:=================>                 50%]
[Progress:======>                       20%] [Cov:=================>                 50%]
[Progress:======>                       21%] [Cov:=================>                 50%]
[Progress:======>                       21%] [Cov:=================>                 50%]
[Progress:======>                       21%] [Cov:=================>                 50%]
[Progress:======>                       23%] [Cov:=================>                 50%]
[Progress:======>                       23%] [Cov:=================>                 50%]
[Progress:=======>                      25%] [Cov:=================>                 50%]
[Progress:=======>                      25%] [Cov:=================>                 50%]
[Progress:=======>                      26%] [Cov:=================>                 50%]
[Progress:=======>                      26%] [Cov:=================>                 50%]
[Progress:========>                     28%] [Cov:=================>                 50%]
[Progress:========>                     28%] [Cov:=================>                 50%]
[Progress:=========>                    30%] [Cov:=================>                 50%]
[Progress:=========>                    30%] [Cov:=================>                 51%]
[Progress:=========>                    30%] [Cov:=================>                 51%]
[Progress:=========>                    31%] [Cov:=================>                 51%]
[Progress:=========>                    31%] [Cov:=================>                 51%]
[Progress:=========>                    33%] [Cov:=================>                 51%]
[Progress:==========>                   35%] [Cov:=================>                 51%]
[Progress:==========>                   36%] [Cov:=================>                 51%]
[Progress:===========>                  38%] [Cov:=================>                 51%]
[Progress:===========>                  38%] [Cov:=================>                 51%]
[Progress:============>                 40%] [Cov:=================>                 51%]
[Progress:============>                 40%] [Cov:=================>                 51%]
[Progress:============>                 41%] [Cov:=================>                 51%]
[Progress:============>                 41%] [Cov:=================>                 51%]
[Progress:============>                 41%] [Cov:==================>                52%]
[Progress:============>                 43%] [Cov:=================>                 51%]
[Progress:============>                 43%] [Cov:==================>                52%]
[Progress:=============>                45%] [Cov:==================>                52%]
[Progress:=============>                45%] [Cov:==================>                52%]
[Progress:=============>                46%] [Cov:==================>                52%]
[Progress:=============>                46%] [Cov:==================>                52%]
[Progress:==============>               48%] [Cov:==================>                52%]
[Progress:===============>              50%] [Cov:==================>                53%]
[Progress:===============>              51%] [Cov:==================>                53%]
[Progress:===============>              53%] [Cov:==================>                53%]
[Progress:================>             55%] [Cov:==================>                53%]
[Progress:================>             55%] [Cov:==================>                53%]
[Progress:================>             56%] [Cov:==================>                53%]
[Progress:=================>            58%] [Cov:==================>                53%]
[Progress:=================>            58%] [Cov:==================>                53%]
[Progress:==================>           60%] [Cov:==================>                53%]
[Progress:==================>           60%] [Cov:==================>                53%]
[Progress:==================>           61%] [Cov:==================>                53%]
[Progress:==================>           63%] [Cov:==================>                53%]
[Progress:==================>           63%] [Cov:==================>                53%]
[Progress:===================>          65%] [Cov:==================>                53%]
[Progress:===================>          65%] [Cov:==================>                54%]
[Progress:===================>          65%] [Cov:===================>               55%]
[Progress:===================>          66%] [Cov:===================>               55%]
[Progress:====================>         68%] [Cov:===================>               55%]
[Progress:=====================>        70%] [Cov:===================>               55%]
[Progress:=====================>        71%] [Cov:===================>               55%]
[Progress:=====================>        73%] [Cov:===================>               55%]
[Progress:======================>       75%] [Cov:===================>               55%]
[Progress:======================>       75%] [Cov:===================>               56%]
[Progress:======================>       76%] [Cov:===================>               55%]
[Progress:=======================>      78%] [Cov:===================>               56%]
[Progress:========================>     80%] [Cov:===================>               56%]
[Progress:========================>     80%] [Cov:===================>               56%]
[Progress:========================>     81%] [Cov:===================>               56%]
[Progress:========================>     81%] [Cov:===================>               57%]
[Progress:========================>     83%] [Cov:===================>               57%]
[Progress:=========================>    85%] [Cov:===================>               57%]
[Progress:=========================>    86%] [Cov:===================>               57%]
[Progress:==========================>   88%] [Cov:===================>               57%]
[Progress:===========================>  90%] [Cov:===================>               57%]
[Progress:===========================>  90%] [Cov:====================>              58%]
[Progress:===========================>  91%] [Cov:====================>              58%]
[Progress:===========================>  93%] [Cov:====================>              58%]
[Progress:============================> 95%] [Cov:====================>              58%]
[Progress:============================> 96%] [Cov:====================>              58%]
[Progress:============================> 96%] [Cov:====================>              58%]
[Progress:=============================>98%] [Cov:====================>              58%]
[Progress:=============================>98%] [Cov:====================>              58%]
[Progress:==============================100%] [Cov:====================>              58%]
[Progress:==============================100%] [Cov:====================>              58%]
[Progress:==============================100%] [Cov:====================>              58%]
[Progress:==============================100%] [Cov:====================>              58%]
* Search finished after 62s and 51 generations, 30715 statements, best individual has fitness: 579.6538699546065
* Minimizing test suite
* Going to analyze the coverage criteria
* Coverage analysis for criterion LINE
* Coverage of criterion LINE: 40%
* Total number of goals: 968
* Number of covered goals: 389
* Coverage analysis for criterion BRANCH
* Coverage of criterion BRANCH: 37%
* Total number of goals: 504
* Number of covered goals: 187
* Coverage analysis for criterion EXCEPTION
* Coverage of criterion EXCEPTION: 100%
* Total number of goals: 36
* Number of covered goals: 36
* Generated 77 tests with total length 449
* Resulting test suite's coverage: 58% (average coverage for all fitness functions)
* Generating assertions
* Resulting test suite's mutation score: 10%
* Compiling and checking tests
* Permissions denied during test execution: 
  - java.lang.RuntimePermission: 
         writeFileDescriptor: 1
* Writing tests to file
* Writing JUnit test case 'WriterBasedJsonGenerator_ESTest' to /work/evo_out/JacksonCore_18f/budget60_seed1/tests
* Done!

* Computation finished

[exit=0 timeout=False time=100.2s]

$ javac -nowarn -cp /work/JacksonCore_18f/target/classes:/opt/defects4j/framework/projects/lib/junit-4.12-hamcrest-1.3.jar:/work/JacksonCore_18f/target/classes:/work/JacksonCore_18f/target/test-classes:/opt/evosuite/evosuite-standalone-runtime-1.2.0.jar -d /work/evo_out/JacksonCore_18f/budget60_seed1/classes /work/evo_out/JacksonCore_18f/budget60_seed1/tests/com/fasterxml/jackson/core/base/GeneratorBase_ESTest.java /work/evo_out/JacksonCore_18f/budget60_seed1/tests/com/fasterxml/jackson/core/base/GeneratorBase_ESTest_scaffolding.java /work/evo_out/JacksonCore_18f/budget60_seed1/tests/com/fasterxml/jackson/core/json/UTF8JsonGenerator_ESTest.java /work/evo_out/JacksonCore_18f/budget60_seed1/tests/com/fasterxml/jackson/core/json/UTF8JsonGenerator_ESTest_scaffolding.java /work/evo_out/JacksonCore_18f/budget60_seed1/tests/com/fasterxml/jackson/core/json/WriterBasedJsonGenerator_ESTest.java /work/evo_out/JacksonCore_18f/budget60_seed1/tests/com/fasterxml/jackson/core/json/WriterBasedJsonGenerator_ESTest_scaffolding.java
Note: /work/evo_out/JacksonCore_18f/budget60_seed1/tests/com/fasterxml/jackson/core/base/GeneratorBase_ESTest.java uses or overrides a deprecated API.
Note: Recompile with -Xlint:deprecation for details.
Note: /work/evo_out/JacksonCore_18f/budget60_seed1/tests/com/fasterxml/jackson/core/base/GeneratorBase_ESTest.java uses unchecked or unsafe operations.
Note: Recompile with -Xlint:unchecked for details.

[exit=0 timeout=False time=1.0s]

$ java -jar /opt/jacoco/lib/jacococli.jar instrument /work/JacksonCore_18f/target/classes --dest /work/evo_out/JacksonCore_18f/budget60_seed1/instrumented
[INFO] 96 classes instrumented to /work/evo_out/JacksonCore_18f/budget60_seed1/instrumented.

[exit=0 timeout=False time=0.3s]

$ java -Djacoco-agent.destfile=/workspace/EvoSuite/Result_Round1/JacksonCore_18/budget60_seed1/jacoco.exec -cp /work/evo_out/JacksonCore_18f/budget60_seed1/instrumented:/work/evo_out/JacksonCore_18f/budget60_seed1/classes:/opt/defects4j/framework/projects/lib/junit-4.12-hamcrest-1.3.jar:/work/JacksonCore_18f/target/classes:/work/JacksonCore_18f/target/test-classes:/opt/evosuite/evosuite-standalone-runtime-1.2.0.jar:/opt/jacoco/lib/jacocoagent.jar org.junit.runner.JUnitCore com.fasterxml.jackson.core.base.GeneratorBase_ESTest com.fasterxml.jackson.core.json.UTF8JsonGenerator_ESTest com.fasterxml.jackson.core.json.WriterBasedJsonGenerator_ESTest
JUnit version 4.12
..................................................................................................................................................................................................................................
Time: 1.421

OK (226 tests)

SLF4J: Failed to load class "org.slf4j.impl.StaticLoggerBinder".
SLF4J: Defaulting to no-operation (NOP) logger implementation
SLF4J: See http://www.slf4j.org/codes.html#StaticLoggerBinder for further details.
WARNING: An illegal reflective access operation has occurred
WARNING: Illegal reflective access by org.evosuite.runtime.GuiSupport (file:/opt/evosuite/evosuite-standalone-runtime-1.2.0.jar) to field java.awt.GraphicsEnvironment.headless
WARNING: Please consider reporting this to the maintainers of org.evosuite.runtime.GuiSupport
WARNING: Use --illegal-access=warn to enable warnings of further illegal reflective access operations
WARNING: All illegal access operations will be denied in a future release

[exit=0 timeout=False time=2.1s]

$ java -jar /opt/jacoco/lib/jacococli.jar report /workspace/EvoSuite/Result_Round1/JacksonCore_18/budget60_seed1/jacoco.exec --classfiles /work/JacksonCore_18f/target/classes --csv /workspace/EvoSuite/Result_Round1/JacksonCore_18/budget60_seed1/jacoco.csv
[INFO] Loading execution data file /workspace/EvoSuite/Result_Round1/JacksonCore_18/budget60_seed1/jacoco.exec.
[INFO] Analyzing 79 classes.

[exit=0 timeout=False time=0.3s]

$ java -cp /work/evo_out/JacksonCore_18f/budget60_seed1/classes:/opt/defects4j/framework/projects/lib/junit-4.12-hamcrest-1.3.jar:/work/JacksonCore_18b/target/classes:/work/JacksonCore_18b/target/test-classes:/opt/evosuite/evosuite-standalone-runtime-1.2.0.jar org.junit.runner.JUnitCore com.fasterxml.jackson.core.base.GeneratorBase_ESTest com.fasterxml.jackson.core.json.UTF8JsonGenerator_ESTest com.fasterxml.jackson.core.json.WriterBasedJsonGenerator_ESTest
JUnit version 4.12
..................................................................................................................................................................................................................................
Time: 1.382

OK (226 tests)

SLF4J: Failed to load class "org.slf4j.impl.StaticLoggerBinder".
SLF4J: Defaulting to no-operation (NOP) logger implementation
SLF4J: See http://www.slf4j.org/codes.html#StaticLoggerBinder for further details.
WARNING: An illegal reflective access operation has occurred
WARNING: Illegal reflective access by org.evosuite.runtime.GuiSupport (file:/opt/evosuite/evosuite-standalone-runtime-1.2.0.jar) to field java.awt.GraphicsEnvironment.headless
WARNING: Please consider reporting this to the maintainers of org.evosuite.runtime.GuiSupport
WARNING: Use --illegal-access=warn to enable warnings of further illegal reflective access operations
WARNING: All illegal access operations will be denied in a future release

[exit=0 timeout=False time=1.7s]
