
$ defects4j checkout -p Gson -v 6f -w /work/Gson_6f
Checking out dea30550 to /work/Gson_6f..................................... OK
Init local repository...................................................... OK
Tag post-fix revision...................................................... OK
Apply patch................................................................ OK
Copy generated Ant build file.............................................. OK
Run post-checkout hook..................................................... OK
Initialize fixed program version........................................... OK
Apply patch................................................................ OK
Initialize buggy program version........................................... OK
Diff dea30550:67bd3a2c..................................................... OK
Apply patch................................................................ OK
Tag pre-fix revision....................................................... OK
Check out program version: Gson-6f......................................... OK

[exit=0 timeout=False time=0.7s]

$ defects4j compile -w /work/Gson_6f
Running ant (compile)...................................................... OK
Running ant (compile.tests)................................................ OK

[exit=0 timeout=False time=46.4s]

$ defects4j checkout -p Gson -v 6b -w /work/Gson_6b
Checking out dea30550 to /work/Gson_6b..................................... OK
Init local repository...................................................... OK
Tag post-fix revision...................................................... OK
Apply patch................................................................ OK
Copy generated Ant build file.............................................. OK
Run post-checkout hook..................................................... OK
Initialize fixed program version........................................... OK
Apply patch................................................................ OK
Initialize buggy program version........................................... OK
Diff dea30550:67bd3a2c..................................................... OK
Apply patch................................................................ OK
Tag pre-fix revision....................................................... OK
Check out program version: Gson-6b......................................... OK

[exit=0 timeout=False time=2.3s]

$ defects4j compile -w /work/Gson_6b
Running ant (compile)...................................................... OK
Running ant (compile.tests)................................................ OK

[exit=0 timeout=False time=49.3s]

$ java -cp /work/jqwik_harness:/workspace/lib/jqwik/jqwik-1.7.4.jar:/workspace/lib/jqwik/jqwik-api-1.7.4.jar:/workspace/lib/jqwik/jqwik-engine-1.7.4.jar pbt.auto.Generate --targets com.google.gson.internal.bind.JsonAdapterAnnotationTypeAdapterFactory --fixed-cp /work/Gson_6f/target/classes:/opt/defects4j/framework/projects/Gson/lib/junit/junit/3.8.2/junit-3.8.2.jar:/work/Gson_6f/target/test-classes:/opt/defects4j/framework/projects/lib/junit-4.12-hamcrest-1.3.jar:/opt/defects4j/framework/projects/Gson/lib/com/google/code/findbugs/jsr305/3.0.0/jsr305-3.0.0.jar:/opt/defects4j/framework/projects/Gson/lib/junit/junit/4.12/junit-4.12.jar:/opt/defects4j/framework/projects/Gson/lib/org/hamcrest/hamcrest-core/1.3/hamcrest-core-1.3.jar --buggy-cp /work/Gson_6b/target/classes:/opt/defects4j/framework/projects/Gson/lib/junit/junit/3.8.2/junit-3.8.2.jar:/work/Gson_6b/target/test-classes:/opt/defects4j/framework/projects/lib/junit-4.12-hamcrest-1.3.jar:/opt/defects4j/framework/projects/Gson/lib/com/google/code/findbugs/jsr305/3.0.0/jsr305-3.0.0.jar:/opt/defects4j/framework/projects/Gson/lib/junit/junit/4.12/junit-4.12.jar:/opt/defects4j/framework/projects/Gson/lib/org/hamcrest/hamcrest-core/1.3/hamcrest-core-1.3.jar --out /workspace/jqwik/Auto/Gson_6 --max-methods 150
generated test classes: 1 / 1

[exit=0 timeout=False time=0.8s]

$ javac -nowarn -encoding UTF-8 -cp /work/Gson_6f/target/classes:/opt/defects4j/framework/projects/Gson/lib/junit/junit/3.8.2/junit-3.8.2.jar:/work/Gson_6f/target/test-classes:/opt/defects4j/framework/projects/lib/junit-4.12-hamcrest-1.3.jar:/opt/defects4j/framework/projects/Gson/lib/com/google/code/findbugs/jsr305/3.0.0/jsr305-3.0.0.jar:/opt/defects4j/framework/projects/Gson/lib/junit/junit/4.12/junit-4.12.jar:/opt/defects4j/framework/projects/Gson/lib/org/hamcrest/hamcrest-core/1.3/hamcrest-core-1.3.jar:/work/jqwik_harness:/workspace/lib/jqwik/jqwik-1.7.4.jar:/workspace/lib/jqwik/jqwik-api-1.7.4.jar:/workspace/lib/jqwik/jqwik-engine-1.7.4.jar -d /work/jqwik_out/Gson_6/auto_round1_tries200_seed1/classes_f /workspace/jqwik/Auto/Gson_6/com/google/gson/internal/bind/JsonAdapterAnnotationTypeAdapterFactory_AutoPbtTest.java

[exit=0 timeout=False time=3.0s]

$ javac -nowarn -encoding UTF-8 -cp /work/Gson_6b/target/classes:/opt/defects4j/framework/projects/Gson/lib/junit/junit/3.8.2/junit-3.8.2.jar:/work/Gson_6b/target/test-classes:/opt/defects4j/framework/projects/lib/junit-4.12-hamcrest-1.3.jar:/opt/defects4j/framework/projects/Gson/lib/com/google/code/findbugs/jsr305/3.0.0/jsr305-3.0.0.jar:/opt/defects4j/framework/projects/Gson/lib/junit/junit/4.12/junit-4.12.jar:/opt/defects4j/framework/projects/Gson/lib/org/hamcrest/hamcrest-core/1.3/hamcrest-core-1.3.jar:/work/jqwik_harness:/workspace/lib/jqwik/jqwik-1.7.4.jar:/workspace/lib/jqwik/jqwik-api-1.7.4.jar:/workspace/lib/jqwik/jqwik-engine-1.7.4.jar -d /work/jqwik_out/Gson_6/auto_round1_tries200_seed1/classes_b /workspace/jqwik/Auto/Gson_6/com/google/gson/internal/bind/JsonAdapterAnnotationTypeAdapterFactory_AutoPbtTest.java

[exit=0 timeout=False time=2.9s]

$ java -Djava.awt.headless=true -Xss4m -Xmx1g -Dpbt.seed=1 -Dpbt.tries=200 -Dpbt.snapshot.dir=/work/jqwik_out/Gson_6/auto_round1_tries200_seed1/snapshots -Dpbt.propertyBudgetMs=5000 -Dpbt.mask=/work/Gson_6f:/work/Gson_6b:/work/jqwik_out/Gson_6/auto_round1_tries200_seed1/classes_f:/work/jqwik_out/Gson_6/auto_round1_tries200_seed1/classes_b -Dpbt.mode=record -jar /workspace/lib/jqwik/junit-platform-console-standalone-1.9.3.jar --disable-banner --details tree --class-path /work/jqwik_out/Gson_6/auto_round1_tries200_seed1/classes_f:/work/Gson_6f/target/classes:/opt/defects4j/framework/projects/Gson/lib/junit/junit/3.8.2/junit-3.8.2.jar:/work/Gson_6f/target/test-classes:/opt/defects4j/framework/projects/lib/junit-4.12-hamcrest-1.3.jar:/opt/defects4j/framework/projects/Gson/lib/com/google/code/findbugs/jsr305/3.0.0/jsr305-3.0.0.jar:/opt/defects4j/framework/projects/Gson/lib/junit/junit/4.12/junit-4.12.jar:/opt/defects4j/framework/projects/Gson/lib/org/hamcrest/hamcrest-core/1.3/hamcrest-core-1.3.jar:/work/jqwik_harness:/workspace/lib/jqwik/jqwik-1.7.4.jar:/workspace/lib/jqwik/jqwik-api-1.7.4.jar:/workspace/lib/jqwik/jqwik-engine-1.7.4.jar --scan-class-path /work/jqwik_out/Gson_6/auto_round1_tries200_seed1/classes_f --include-classname .* --include-engine jqwik --config jqwik.database=/workspace/jqwik/Result_auto_Round1/Gson_6/tries200_seed1/reports_record/jqwik-database --config jqwik.tries.default=200 --reports-dir /workspace/jqwik/Result_auto_Round1/Gson_6/tries200_seed1/reports_record
timestamp = 2026-09-27T05:06:55.869595, JsonAdapterAnnotationTypeAdapterFactory AutoPbtTest:m000 create = 
                              |-----------------------jqwik-----------------------
tries = 200                   | # of calls to property
checks = 200                  | # of not rejected calls
generation = RANDOMIZED       | parameters are randomly generated
after-failure = SAMPLE_FIRST  | try previously failed sample, then previous seed
when-fixed-seed = ALLOW       | fixing the random seed is allowed
edge-cases#mode = NONE        | edge cases are not explicitly generated
seed = 1                      | random seed to reproduce generated values


timestamp = 2026-09-27T05:06:56.920319, JsonAdapterAnnotationTypeAdapterFactory AutoPbtTest:m001 getTypeAdapter = 
                              |-----------------------jqwik-----------------------
tries = 200                   | # of calls to property
checks = 200                  | # of not rejected calls
generation = RANDOMIZED       | parameters are randomly generated
after-failure = SAMPLE_FIRST  | try previously failed sample, then previous seed
when-fixed-seed = ALLOW       | fixing the random seed is allowed
edge-cases#mode = NONE        | edge cases are not explicitly generated
seed = 1                      | random seed to reproduce generated values


[36m╷[0m
[36m└─[0m [36mjqwik (JUnit Platform)[0m [32m✔[0m
[36m   └─[0m [36mJsonAdapterAnnotationTypeAdapterFactory AutoPbtTest[0m [32m✔[0m
[36m      ├─[0m [34mm000 create[0m [32m✔[0m
[36m      └─[0m [34mm001 getTypeAdapter[0m [32m✔[0m

Test run finished after 7144 ms
[         2 containers found      ]
[         0 containers skipped    ]
[         2 containers started    ]
[         0 containers aborted    ]
[         2 containers successful ]
[         0 containers failed     ]
[         2 tests found           ]
[         0 tests skipped         ]
[         2 tests started         ]
[         0 tests aborted         ]
[         2 tests successful      ]
[         0 tests failed          ]


[exit=0 timeout=False time=10.8s]

$ java -Djava.awt.headless=true -Xss4m -Xmx1g -Dpbt.seed=1 -Dpbt.tries=200 -Dpbt.snapshot.dir=/work/jqwik_out/Gson_6/auto_round1_tries200_seed1/snapshots -Dpbt.propertyBudgetMs=5000 -Dpbt.mask=/work/Gson_6f:/work/Gson_6b:/work/jqwik_out/Gson_6/auto_round1_tries200_seed1/classes_f:/work/jqwik_out/Gson_6/auto_round1_tries200_seed1/classes_b -Dpbt.mode=check -javaagent:/opt/jacoco/lib/jacocoagent.jar=destfile=/workspace/jqwik/Result_auto_Round1/Gson_6/tries200_seed1/jacoco.exec -jar /workspace/lib/jqwik/junit-platform-console-standalone-1.9.3.jar --disable-banner --details tree --class-path /work/jqwik_out/Gson_6/auto_round1_tries200_seed1/classes_f:/work/Gson_6f/target/classes:/opt/defects4j/framework/projects/Gson/lib/junit/junit/3.8.2/junit-3.8.2.jar:/work/Gson_6f/target/test-classes:/opt/defects4j/framework/projects/lib/junit-4.12-hamcrest-1.3.jar:/opt/defects4j/framework/projects/Gson/lib/com/google/code/findbugs/jsr305/3.0.0/jsr305-3.0.0.jar:/opt/defects4j/framework/projects/Gson/lib/junit/junit/4.12/junit-4.12.jar:/opt/defects4j/framework/projects/Gson/lib/org/hamcrest/hamcrest-core/1.3/hamcrest-core-1.3.jar:/work/jqwik_harness:/workspace/lib/jqwik/jqwik-1.7.4.jar:/workspace/lib/jqwik/jqwik-api-1.7.4.jar:/workspace/lib/jqwik/jqwik-engine-1.7.4.jar --scan-class-path /work/jqwik_out/Gson_6/auto_round1_tries200_seed1/classes_f --include-classname .* --include-engine jqwik --config jqwik.database=/workspace/jqwik/Result_auto_Round1/Gson_6/tries200_seed1/reports_fixed/jqwik-database --config jqwik.tries.default=200 --reports-dir /workspace/jqwik/Result_auto_Round1/Gson_6/tries200_seed1/reports_fixed
timestamp = 2026-09-27T05:07:13.937444, JsonAdapterAnnotationTypeAdapterFactory AutoPbtTest:m000 create = 
                              |-----------------------jqwik-----------------------
tries = 200                   | # of calls to property
checks = 200                  | # of not rejected calls
generation = RANDOMIZED       | parameters are randomly generated
after-failure = SAMPLE_FIRST  | try previously failed sample, then previous seed
when-fixed-seed = ALLOW       | fixing the random seed is allowed
edge-cases#mode = NONE        | edge cases are not explicitly generated
seed = 1                      | random seed to reproduce generated values


timestamp = 2026-09-27T05:07:14.965965, JsonAdapterAnnotationTypeAdapterFactory AutoPbtTest:m001 getTypeAdapter = 
                              |-----------------------jqwik-----------------------
tries = 200                   | # of calls to property
checks = 200                  | # of not rejected calls
generation = RANDOMIZED       | parameters are randomly generated
after-failure = SAMPLE_FIRST  | try previously failed sample, then previous seed
when-fixed-seed = ALLOW       | fixing the random seed is allowed
edge-cases#mode = NONE        | edge cases are not explicitly generated
seed = 1                      | random seed to reproduce generated values


[36m╷[0m
[36m└─[0m [36mjqwik (JUnit Platform)[0m [32m✔[0m
[36m   └─[0m [36mJsonAdapterAnnotationTypeAdapterFactory AutoPbtTest[0m [32m✔[0m
[36m      ├─[0m [34mm000 create[0m [32m✔[0m
[36m      └─[0m [34mm001 getTypeAdapter[0m [32m✔[0m

Test run finished after 9436 ms
[         2 containers found      ]
[         0 containers skipped    ]
[         2 containers started    ]
[         0 containers aborted    ]
[         2 containers successful ]
[         0 containers failed     ]
[         2 tests found           ]
[         0 tests skipped         ]
[         2 tests started         ]
[         0 tests aborted         ]
[         2 tests successful      ]
[         0 tests failed          ]


[exit=0 timeout=False time=33.9s]

$ java -jar /opt/jacoco/lib/jacococli.jar report /workspace/jqwik/Result_auto_Round1/Gson_6/tries200_seed1/jacoco.exec --classfiles /work/Gson_6f/target/classes --csv /workspace/jqwik/Result_auto_Round1/Gson_6/tries200_seed1/jacoco.csv
[INFO] Loading execution data file /workspace/jqwik/Result_auto_Round1/Gson_6/tries200_seed1/jacoco.exec.
[INFO] Analyzing 157 classes.

[exit=0 timeout=False time=1.5s]

$ java -Djava.awt.headless=true -Xss4m -Xmx1g -Dpbt.seed=1 -Dpbt.tries=200 -Dpbt.snapshot.dir=/work/jqwik_out/Gson_6/auto_round1_tries200_seed1/snapshots -Dpbt.propertyBudgetMs=5000 -Dpbt.mask=/work/Gson_6f:/work/Gson_6b:/work/jqwik_out/Gson_6/auto_round1_tries200_seed1/classes_f:/work/jqwik_out/Gson_6/auto_round1_tries200_seed1/classes_b -Dpbt.mode=check -jar /workspace/lib/jqwik/junit-platform-console-standalone-1.9.3.jar --disable-banner --details tree --class-path /work/jqwik_out/Gson_6/auto_round1_tries200_seed1/classes_b:/work/Gson_6b/target/classes:/opt/defects4j/framework/projects/Gson/lib/junit/junit/3.8.2/junit-3.8.2.jar:/work/Gson_6b/target/test-classes:/opt/defects4j/framework/projects/lib/junit-4.12-hamcrest-1.3.jar:/opt/defects4j/framework/projects/Gson/lib/com/google/code/findbugs/jsr305/3.0.0/jsr305-3.0.0.jar:/opt/defects4j/framework/projects/Gson/lib/junit/junit/4.12/junit-4.12.jar:/opt/defects4j/framework/projects/Gson/lib/org/hamcrest/hamcrest-core/1.3/hamcrest-core-1.3.jar:/work/jqwik_harness:/workspace/lib/jqwik/jqwik-1.7.4.jar:/workspace/lib/jqwik/jqwik-api-1.7.4.jar:/workspace/lib/jqwik/jqwik-engine-1.7.4.jar --scan-class-path /work/jqwik_out/Gson_6/auto_round1_tries200_seed1/classes_b --include-classname .* --include-engine jqwik --config jqwik.database=/workspace/jqwik/Result_auto_Round1/Gson_6/tries200_seed1/reports_buggy/jqwik-database --config jqwik.tries.default=200 --reports-dir /workspace/jqwik/Result_auto_Round1/Gson_6/tries200_seed1/reports_buggy
timestamp = 2026-09-27T05:07:46.161210, JsonAdapterAnnotationTypeAdapterFactory AutoPbtTest:m000 create = 
                              |-----------------------jqwik-----------------------
tries = 200                   | # of calls to property
checks = 200                  | # of not rejected calls
generation = RANDOMIZED       | parameters are randomly generated
after-failure = SAMPLE_FIRST  | try previously failed sample, then previous seed
when-fixed-seed = ALLOW       | fixing the random seed is allowed
edge-cases#mode = NONE        | edge cases are not explicitly generated
seed = 1                      | random seed to reproduce generated values


timestamp = 2026-09-27T05:07:47.032401, JsonAdapterAnnotationTypeAdapterFactory AutoPbtTest:m001 getTypeAdapter = 
                              |-----------------------jqwik-----------------------
tries = 200                   | # of calls to property
checks = 200                  | # of not rejected calls
generation = RANDOMIZED       | parameters are randomly generated
after-failure = SAMPLE_FIRST  | try previously failed sample, then previous seed
when-fixed-seed = ALLOW       | fixing the random seed is allowed
edge-cases#mode = NONE        | edge cases are not explicitly generated
seed = 1                      | random seed to reproduce generated values


[36m╷[0m
[36m└─[0m [36mjqwik (JUnit Platform)[0m [32m✔[0m
[36m   └─[0m [36mJsonAdapterAnnotationTypeAdapterFactory AutoPbtTest[0m [32m✔[0m
[36m      ├─[0m [34mm000 create[0m [32m✔[0m
[36m      └─[0m [34mm001 getTypeAdapter[0m [32m✔[0m

Test run finished after 7188 ms
[         2 containers found      ]
[         0 containers skipped    ]
[         2 containers started    ]
[         0 containers aborted    ]
[         2 containers successful ]
[         0 containers failed     ]
[         2 tests found           ]
[         0 tests skipped         ]
[         2 tests started         ]
[         0 tests aborted         ]
[         2 tests successful      ]
[         0 tests failed          ]


[exit=0 timeout=False time=12.2s]
