
$ defects4j checkout -p Compress -v 18f -w /work/Compress_18f
Checking out 09b8f6d7 to /work/Compress_18f................................ OK
Init local repository...................................................... OK
Tag post-fix revision...................................................... OK
Copy generated Ant build file.............................................. OK
Run post-checkout hook..................................................... OK
Excluding broken/flaky tests............................................... OK
Backing up build file: /work/Compress_18f/maven-build.xml.................. OK
Initialize fixed program version........................................... OK
Apply patch................................................................ OK
Initialize buggy program version........................................... OK
Diff 09b8f6d7:716666a2..................................................... OK
Apply patch................................................................ OK
Tag pre-fix revision....................................................... OK
Check out program version: Compress-18f.................................... OK

[exit=0 timeout=False time=2.0s]

$ defects4j compile -w /work/Compress_18f
Running ant (compile)...................................................... OK
Running ant (compile.tests)................................................ OK

[exit=0 timeout=False time=3.8s]

$ defects4j checkout -p Compress -v 18b -w /work/Compress_18b
Checking out 09b8f6d7 to /work/Compress_18b................................ OK
Init local repository...................................................... OK
Tag post-fix revision...................................................... OK
Copy generated Ant build file.............................................. OK
Run post-checkout hook..................................................... OK
Excluding broken/flaky tests............................................... OK
Backing up build file: /work/Compress_18b/maven-build.xml.................. OK
Initialize fixed program version........................................... OK
Apply patch................................................................ OK
Initialize buggy program version........................................... OK
Diff 09b8f6d7:716666a2..................................................... OK
Apply patch................................................................ OK
Tag pre-fix revision....................................................... OK
Check out program version: Compress-18b.................................... OK

[exit=0 timeout=False time=2.0s]

$ defects4j compile -w /work/Compress_18b
Running ant (compile)...................................................... OK
Running ant (compile.tests)................................................ OK

[exit=0 timeout=False time=3.9s]

$ java -Djava.awt.headless=true -cp /opt/defects4j/framework/projects/lib/junit-4.12-hamcrest-1.3.jar:/opt/evosuite/evosuite-1.2.0.jar:/work/Compress_18f/target/classes:/opt/defects4j/framework/projects/Compress/lib/org/tukaani/xz/1.0/xz-1.0.jar:/work/Compress_18f/target/test-classes org.evosuite.EvoSuite -generateSuite -class org.apache.commons.compress.archivers.tar.TarArchiveOutputStream -projectCP /opt/defects4j/framework/projects/lib/junit-4.12-hamcrest-1.3.jar:/work/Compress_18f/target/classes:/opt/defects4j/framework/projects/Compress/lib/org/tukaani/xz/1.0/xz-1.0.jar:/work/Compress_18f/target/test-classes -Dcriterion=LINE:BRANCH:EXCEPTION -Dsearch_budget=60 -seed 1 -Dtest_dir=/work/evo_out/Compress_18f/budget60_seed1/tests -Dreport_dir=/work/evo_out/Compress_18f/budget60_seed1/report
* EvoSuite 1.2.0
* Going to generate test cases for class: org.apache.commons.compress.archivers.tar.TarArchiveOutputStream
* Starting Client-0
* Connecting to master process on port 9922
* Analyzing classpath: 
  - /opt/defects4j/framework/projects/lib/junit-4.12-hamcrest-1.3.jar
  - /work/Compress_18f/target/classes
  - /opt/defects4j/framework/projects/Compress/lib/org/tukaani/xz/1.0/xz-1.0.jar
  - /work/Compress_18f/target/test-classes
[MASTER] 19:58:33.145 [logback-1] WARN  InheritanceTree - Class not in inheritance graph: java.util.Locale$IsoCountryCode
[MASTER] 19:58:33.190 [logback-1] WARN  InheritanceTree - Class not in inheritance graph: java.io.ObjectInputFilter
* Finished analyzing classpath
* Generating tests for class org.apache.commons.compress.archivers.tar.TarArchiveOutputStream
* Test criteria:
  - Line Coverage
  - Branch Coverage
  - Exception
* Setting up search algorithm for whole suite generation
* Total number of test goals: 
  - Line 202
  - Branch 101
  - Exception 0

[Progress:>                             0%] [Cov:>                                  0%]* Using seed 1
* Starting evolution
[MASTER] 19:58:33.766 [logback-1] WARN  TestCluster - Failed to check cache for java.util.AbstractMap<K, V>.SimpleImmutableEntry<K, V> : Type points to itself

[Progress:>                             0%] [Cov:=>                                 3%]
[Progress:>                             0%] [Cov:=>                                 4%]
[Progress:>                             0%] [Cov:============>                      37%]
[Progress:>                             0%] [Cov:======================>            63%]
[Progress:>                             1%] [Cov:============>                      36%]
[Progress:>                             1%] [Cov:================>                  48%]
[Progress:>                             1%] [Cov:========================>          70%]
[Progress:>                             1%] [Cov:========================>          70%]
[Progress:>                             3%] [Cov:==================>                54%]
[Progress:>                             3%] [Cov:=======================>           68%]
[Progress:>                             3%] [Cov:============================>      80%]
[Progress:>                             3%] [Cov:============================>      80%]
[Progress:>                             3%] [Cov:============================>      80%]
[Progress:=>                            5%] [Cov:============================>      80%]
[Progress:=>                            5%] [Cov:============================>      80%]
[Progress:=>                            5%] [Cov:============================>      80%]
[Progress:=>                            5%] [Cov:============================>      80%]
[Progress:=>                            5%] [Cov:============================>      80%]
[Progress:=>                            5%] [Cov:============================>      80%]
[Progress:=>                            6%] [Cov:============================>      80%]
[Progress:=>                            6%] [Cov:============================>      80%]
[Progress:=>                            6%] [Cov:============================>      80%]
[Progress:=>                            6%] [Cov:============================>      80%]
[Progress:=>                            6%] [Cov:============================>      81%]
[Progress:=>                            6%] [Cov:============================>      81%]
[Progress:=>                            6%] [Cov:============================>      81%]
[Progress:=>                            6%] [Cov:============================>      81%]
[Progress:=>                            6%] [Cov:============================>      81%]
[Progress:==>                           8%] [Cov:============================>      81%]
[Progress:==>                           8%] [Cov:============================>      81%]
[Progress:==>                           8%] [Cov:============================>      81%]
[Progress:==>                           8%] [Cov:============================>      82%]
[Progress:==>                           8%] [Cov:============================>      82%]
[Progress:==>                           8%] [Cov:============================>      82%]
[Progress:==>                           8%] [Cov:============================>      82%]
[Progress:==>                           8%] [Cov:============================>      82%]
[Progress:==>                           8%] [Cov:============================>      82%]
[Progress:===>                          10%] [Cov:============================>      82%]
[Progress:===>                          10%] [Cov:============================>      82%]
[Progress:===>                          10%] [Cov:============================>      82%]
[Progress:===>                          10%] [Cov:============================>      82%]
[Progress:===>                          10%] [Cov:============================>      82%]
[Progress:===>                          10%] [Cov:============================>      82%]
[Progress:===>                          10%] [Cov:============================>      82%]
[Progress:===>                          11%] [Cov:============================>      82%]
[Progress:===>                          11%] [Cov:============================>      82%]
[Progress:===>                          11%] [Cov:============================>      82%]
[Progress:===>                          11%] [Cov:============================>      82%]
[Progress:===>                          11%] [Cov:============================>      82%]
[Progress:===>                          11%] [Cov:============================>      82%]
[Progress:===>                          11%] [Cov:============================>      82%]
[Progress:===>                          11%] [Cov:============================>      82%]
[Progress:===>                          13%] [Cov:============================>      82%]
[Progress:===>                          13%] [Cov:============================>      82%]
[Progress:===>                          13%] [Cov:============================>      82%]
[Progress:===>                          13%] [Cov:============================>      82%]
[Progress:===>                          13%] [Cov:============================>      82%]
[Progress:===>                          13%] [Cov:============================>      82%]
[Progress:===>                          13%] [Cov:=============================>     83%]
[Progress:===>                          13%] [Cov:=============================>     83%]
[Progress:====>                         15%] [Cov:=============================>     83%]
[Progress:====>                         15%] [Cov:=============================>     83%]
[Progress:====>                         15%] [Cov:=============================>     83%]
[Progress:====>                         15%] [Cov:=============================>     83%]
[Progress:====>                         15%] [Cov:=============================>     83%]
[Progress:====>                         15%] [Cov:=============================>     83%]
[Progress:====>                         15%] [Cov:=============================>     83%]
[Progress:====>                         16%] [Cov:=============================>     83%]
[Progress:====>                         16%] [Cov:=============================>     83%]
[Progress:====>                         16%] [Cov:=============================>     83%]
[Progress:====>                         16%] [Cov:=============================>     83%]
[Progress:====>                         16%] [Cov:=============================>     83%]
[Progress:====>                         16%] [Cov:=============================>     83%]
[Progress:====>                         16%] [Cov:=============================>     83%]
[Progress:=====>                        18%] [Cov:=============================>     83%]
[Progress:=====>                        18%] [Cov:=============================>     83%]
[Progress:=====>                        18%] [Cov:=============================>     83%]
[Progress:=====>                        18%] [Cov:=============================>     83%]
[Progress:=====>                        18%] [Cov:=============================>     83%]
[Progress:=====>                        18%] [Cov:=============================>     83%]
[Progress:=====>                        18%] [Cov:=============================>     83%]
[Progress:======>                       20%] [Cov:=============================>     83%]
[Progress:======>                       20%] [Cov:=============================>     83%]
[Progress:======>                       20%] [Cov:=============================>     83%]
[Progress:======>                       20%] [Cov:=============================>     83%]
[Progress:======>                       20%] [Cov:=============================>     83%]
[Progress:======>                       20%] [Cov:=============================>     83%]
[Progress:======>                       20%] [Cov:=============================>     83%]
[Progress:======>                       21%] [Cov:=============================>     83%]
[Progress:======>                       21%] [Cov:=============================>     83%]
[Progress:======>                       21%] [Cov:=============================>     83%]
[Progress:======>                       21%] [Cov:=============================>     83%]
[Progress:======>                       21%] [Cov:=============================>     83%]
[Progress:======>                       21%] [Cov:=============================>     83%]
[Progress:======>                       21%] [Cov:=============================>     83%]
[Progress:======>                       23%] [Cov:=============================>     83%]
[Progress:======>                       23%] [Cov:=============================>     83%]
[Progress:======>                       23%] [Cov:=============================>     83%]
[Progress:======>                       23%] [Cov:=============================>     83%]
[Progress:======>                       23%] [Cov:=============================>     83%]
[Progress:======>                       23%] [Cov:=============================>     83%]
[Progress:=======>                      25%] [Cov:=============================>     83%]
[Progress:=======>                      25%] [Cov:=============================>     83%]
[Progress:=======>                      25%] [Cov:=============================>     83%]
[Progress:=========>                    33%] [Cov:=============================>     83%]
[Progress:=========>                    33%] [Cov:=============================>     83%]
[Progress:=========>                    33%] [Cov:=============================>     83%]
[Progress:=========>                    33%] [Cov:=============================>     83%]
[Progress:=========>                    33%] [Cov:=============================>     83%]
[Progress:==========>                   35%] [Cov:=============================>     83%]
[Progress:==========>                   35%] [Cov:=============================>     83%]
[Progress:==========>                   35%] [Cov:=============================>     83%]
[Progress:==========>                   35%] [Cov:=============================>     83%]
[Progress:==========>                   35%] [Cov:=============================>     83%]
[Progress:==========>                   35%] [Cov:=============================>     83%]
[Progress:==========>                   36%] [Cov:=============================>     83%]
[Progress:==========>                   36%] [Cov:=============================>     83%]
[Progress:==========>                   36%] [Cov:=============================>     83%]
[Progress:==========>                   36%] [Cov:=============================>     83%]
[Progress:==========>                   36%] [Cov:=============================>     83%]
[Progress:==========>                   36%] [Cov:=============================>     83%]
[Progress:==========>                   36%] [Cov:=============================>     83%]
[Progress:===========>                  38%] [Cov:=============================>     83%]
[Progress:===========>                  38%] [Cov:=============================>     83%]
[Progress:===========>                  38%] [Cov:=============================>     83%]
[Progress:===========>                  38%] [Cov:=============================>     83%]
[Progress:===========>                  38%] [Cov:=============================>     83%]
[Progress:===========>                  38%] [Cov:=============================>     83%]
[Progress:============>                 40%] [Cov:=============================>     83%]
[Progress:============>                 40%] [Cov:=============================>     83%]
[Progress:============>                 40%] [Cov:=============================>     83%]
[Progress:============>                 40%] [Cov:=============================>     83%]
[Progress:============>                 40%] [Cov:=============================>     83%]
[Progress:============>                 40%] [Cov:=============================>     83%]
[Progress:============>                 40%] [Cov:=============================>     83%]
[Progress:============>                 41%] [Cov:=============================>     83%]
[Progress:============>                 41%] [Cov:=============================>     83%]
[Progress:============>                 41%] [Cov:=============================>     83%]
[Progress:============>                 41%] [Cov:=============================>     83%]
[Progress:============>                 41%] [Cov:=============================>     83%]
[Progress:============>                 41%] [Cov:=============================>     83%]
[Progress:============>                 41%] [Cov:=============================>     83%]
[Progress:============>                 43%] [Cov:=============================>     83%]
[Progress:============>                 43%] [Cov:=============================>     83%]
[Progress:============>                 43%] [Cov:=============================>     83%]
[Progress:============>                 43%] [Cov:=============================>     83%]
[Progress:============>                 43%] [Cov:=============================>     83%]
[Progress:============>                 43%] [Cov:=============================>     83%]
[Progress:============>                 43%] [Cov:=============================>     83%]
[Progress:=============>                45%] [Cov:=============================>     83%]
[Progress:=============>                45%] [Cov:=============================>     83%]
[Progress:=============>                45%] [Cov:=============================>     83%]
[Progress:=============>                45%] [Cov:=============================>     83%]
[Progress:=============>                45%] [Cov:=============================>     83%]
[Progress:=============>                45%] [Cov:=============================>     83%]
[Progress:=============>                45%] [Cov:=============================>     83%]
[Progress:=============>                46%] [Cov:=============================>     83%]
[Progress:=============>                46%] [Cov:=============================>     83%]
[Progress:=============>                46%] [Cov:=============================>     83%]
[Progress:=============>                46%] [Cov:=============================>     83%]
[Progress:=============>                46%] [Cov:=============================>     83%]
[Progress:=============>                46%] [Cov:=============================>     83%]
[Progress:=============>                46%] [Cov:=============================>     83%]
[Progress:==============>               48%] [Cov:=============================>     83%]
[Progress:==============>               48%] [Cov:=============================>     83%]
[Progress:==============>               48%] [Cov:=============================>     83%]
[Progress:==============>               48%] [Cov:=============================>     83%]
[Progress:==============>               48%] [Cov:=============================>     83%]
[Progress:==============>               48%] [Cov:=============================>     83%]
[Progress:===============>              50%] [Cov:=============================>     83%]
[Progress:===============>              50%] [Cov:=============================>     83%]
[Progress:===============>              50%] [Cov:=============================>     83%]
[Progress:===============>              50%] [Cov:=============================>     83%]
[Progress:===============>              50%] [Cov:=============================>     83%]
[Progress:===============>              50%] [Cov:=============================>     83%]
[Progress:===============>              50%] [Cov:=============================>     83%]
[Progress:===============>              51%] [Cov:=============================>     83%]
[Progress:===============>              51%] [Cov:=============================>     83%]
[Progress:===============>              51%] [Cov:=============================>     83%]
[Progress:===============>              51%] [Cov:=============================>     83%]
[Progress:===============>              51%] [Cov:=============================>     83%]
[Progress:===============>              51%] [Cov:=============================>     83%]
[Progress:===============>              51%] [Cov:=============================>     83%]
[Progress:===============>              53%] [Cov:=============================>     83%]
[Progress:===============>              53%] [Cov:=============================>     83%]
[Progress:===============>              53%] [Cov:=============================>     83%]
[Progress:===============>              53%] [Cov:=============================>     83%]
[Progress:===============>              53%] [Cov:=============================>     83%]
[Progress:===============>              53%] [Cov:=============================>     83%]
[Progress:===============>              53%] [Cov:=============================>     83%]
[Progress:================>             55%] [Cov:=============================>     83%]
[Progress:================>             55%] [Cov:=============================>     83%]
[Progress:================>             55%] [Cov:=============================>     83%]
[Progress:================>             55%] [Cov:=============================>     83%]
[Progress:================>             55%] [Cov:=============================>     83%]
[Progress:================>             55%] [Cov:=============================>     83%]
[Progress:================>             55%] [Cov:=============================>     83%]
[Progress:================>             56%] [Cov:=============================>     83%]
[Progress:================>             56%] [Cov:=============================>     83%]
[Progress:================>             56%] [Cov:=============================>     83%]
[Progress:================>             56%] [Cov:=============================>     83%]
[Progress:================>             56%] [Cov:=============================>     83%]
[Progress:================>             56%] [Cov:=============================>     83%]
[Progress:================>             56%] [Cov:=============================>     83%]
[Progress:=================>            58%] [Cov:=============================>     83%]
[Progress:=================>            58%] [Cov:=============================>     83%]
[Progress:=================>            58%] [Cov:=============================>     83%]
[Progress:=================>            58%] [Cov:=============================>     83%]
[Progress:=================>            58%] [Cov:=============================>     83%]
[Progress:=================>            58%] [Cov:=============================>     83%]
[Progress:===================>          66%] [Cov:=============================>     83%]
[Progress:===================>          66%] [Cov:=============================>     83%]
[Progress:====================>         68%] [Cov:=============================>     83%]
[Progress:====================>         68%] [Cov:=============================>     83%]
[Progress:====================>         68%] [Cov:=============================>     83%]
[Progress:====================>         68%] [Cov:=============================>     83%]
[Progress:====================>         68%] [Cov:=============================>     83%]
[Progress:====================>         68%] [Cov:=============================>     83%]
[Progress:====================>         68%] [Cov:=============================>     83%]
[Progress:=====================>        70%] [Cov:=============================>     83%]
[Progress:=====================>        70%] [Cov:=============================>     83%]
[Progress:=====================>        70%] [Cov:=============================>     83%]
[Progress:=====================>        70%] [Cov:=============================>     83%]
[Progress:=====================>        70%] [Cov:=============================>     83%]
[Progress:=====================>        70%] [Cov:=============================>     83%]
[Progress:=====================>        70%] [Cov:=============================>     83%]
[Progress:=====================>        71%] [Cov:=============================>     83%]
[Progress:=====================>        71%] [Cov:=============================>     83%]
[Progress:=====================>        71%] [Cov:=============================>     83%]
[Progress:=====================>        71%] [Cov:=============================>     83%]
[Progress:=====================>        71%] [Cov:=============================>     83%]
[Progress:=====================>        71%] [Cov:=============================>     83%]
[Progress:=====================>        71%] [Cov:=============================>     83%]
[Progress:=====================>        71%] [Cov:=============================>     83%]
[Progress:=====================>        73%] [Cov:=============================>     83%]
[Progress:=====================>        73%] [Cov:=============================>     83%]
[Progress:=====================>        73%] [Cov:=============================>     83%]
[Progress:=====================>        73%] [Cov:=============================>     83%]
[Progress:=====================>        73%] [Cov:=============================>     83%]
[Progress:=====================>        73%] [Cov:=============================>     83%]
[Progress:=====================>        73%] [Cov:=============================>     83%]
[Progress:======================>       75%] [Cov:=============================>     83%]
[Progress:======================>       75%] [Cov:=============================>     83%]
[Progress:======================>       75%] [Cov:=============================>     83%]
[Progress:======================>       75%] [Cov:=============================>     83%]
[Progress:======================>       75%] [Cov:=============================>     83%]
[Progress:======================>       75%] [Cov:=============================>     83%]
[Progress:======================>       75%] [Cov:=============================>     83%]
[Progress:======================>       76%] [Cov:=============================>     83%]
[Progress:======================>       76%] [Cov:=============================>     83%]
[Progress:======================>       76%] [Cov:=============================>     83%]
[Progress:======================>       76%] [Cov:=============================>     83%]
[Progress:======================>       76%] [Cov:=============================>     83%]
[Progress:======================>       76%] [Cov:=============================>     83%]
[Progress:======================>       76%] [Cov:=============================>     83%]
[Progress:=======================>      78%] [Cov:=============================>     83%]
[Progress:=======================>      78%] [Cov:=============================>     83%]
[Progress:=======================>      78%] [Cov:=============================>     83%]
[Progress:=======================>      78%] [Cov:=============================>     83%]
[Progress:=======================>      78%] [Cov:=============================>     83%]
[Progress:=======================>      78%] [Cov:=============================>     83%]
[Progress:=======================>      78%] [Cov:=============================>     83%]
[Progress:========================>     80%] [Cov:=============================>     83%]
[Progress:========================>     80%] [Cov:=============================>     83%]
[Progress:========================>     80%] [Cov:=============================>     83%]
[Progress:========================>     80%] [Cov:=============================>     83%]
[Progress:========================>     80%] [Cov:=============================>     83%]
[Progress:========================>     80%] [Cov:=============================>     83%]
[Progress:========================>     80%] [Cov:=============================>     83%]
[Progress:========================>     80%] [Cov:=============================>     83%]
[Progress:========================>     81%] [Cov:=============================>     83%]
[Progress:========================>     81%] [Cov:=============================>     83%]
[Progress:========================>     81%] [Cov:=============================>     83%]
[Progress:========================>     81%] [Cov:=============================>     83%]
[Progress:========================>     81%] [Cov:=============================>     83%]
[Progress:========================>     81%] [Cov:=============================>     83%]
[Progress:========================>     81%] [Cov:=============================>     83%]
[Progress:========================>     81%] [Cov:=============================>     83%]
[Progress:========================>     83%] [Cov:=============================>     83%]
[Progress:========================>     83%] [Cov:=============================>     83%]
[Progress:========================>     83%] [Cov:=============================>     83%]
[Progress:========================>     83%] [Cov:=============================>     83%]
[Progress:========================>     83%] [Cov:=============================>     83%]
[Progress:========================>     83%] [Cov:=============================>     83%]
[Progress:========================>     83%] [Cov:=============================>     83%]
[Progress:=========================>    85%] [Cov:=============================>     83%]
[Progress:=========================>    85%] [Cov:=============================>     83%]
[Progress:=========================>    85%] [Cov:=============================>     83%]
[Progress:=========================>    85%] [Cov:=============================>     83%]
[Progress:=========================>    85%] [Cov:=============================>     83%]
[Progress:=========================>    85%] [Cov:=============================>     83%]
[Progress:=========================>    85%] [Cov:=============================>     83%]
[Progress:=========================>    85%] [Cov:=============================>     83%]
[Progress:=========================>    86%] [Cov:=============================>     83%]
[Progress:=========================>    86%] [Cov:=============================>     83%]
[Progress:=========================>    86%] [Cov:=============================>     83%]
[Progress:=========================>    86%] [Cov:=============================>     83%]
[Progress:=========================>    86%] [Cov:=============================>     83%]
[Progress:=========================>    86%] [Cov:=============================>     83%]
[Progress:=========================>    86%] [Cov:=============================>     83%]
[Progress:=========================>    86%] [Cov:=============================>     83%]
[Progress:==========================>   88%] [Cov:=============================>     83%]
[Progress:==========================>   88%] [Cov:=============================>     83%]
[Progress:==========================>   88%] [Cov:=============================>     83%]
[Progress:==========================>   88%] [Cov:=============================>     83%]
[Progress:==========================>   88%] [Cov:=============================>     83%]
[Progress:==========================>   88%] [Cov:=============================>     83%]
[Progress:==========================>   88%] [Cov:=============================>     83%]
[Progress:==========================>   88%] [Cov:=============================>     83%]
[Progress:===========================>  90%] [Cov:=============================>     83%]
[Progress:===========================>  90%] [Cov:=============================>     83%]
[Progress:===========================>  90%] [Cov:=============================>     83%]
[Progress:===========================>  90%] [Cov:=============================>     83%]
[Progress:===========================>  90%] [Cov:=============================>     83%]
[Progress:===========================>  90%] [Cov:=============================>     83%]
[Progress:===========================>  90%] [Cov:=============================>     83%]
[Progress:===========================>  90%] [Cov:=============================>     83%]
[Progress:===========================>  90%] [Cov:=============================>     83%]
[Progress:===========================>  91%] [Cov:=============================>     83%]
[Progress:===========================>  91%] [Cov:=============================>     83%]
[Progress:===========================>  91%] [Cov:=============================>     83%]
[Progress:===========================>  91%] [Cov:=============================>     84%]
[Progress:===========================>  91%] [Cov:=============================>     84%]
[Progress:===========================>  91%] [Cov:=============================>     84%]
[Progress:===========================>  91%] [Cov:=============================>     84%]
[Progress:===========================>  91%] [Cov:=============================>     84%]
[Progress:===========================>  93%] [Cov:=============================>     84%]
[Progress:===========================>  93%] [Cov:=============================>     84%]
[Progress:===========================>  93%] [Cov:=============================>     84%]
[Progress:===========================>  93%] [Cov:=============================>     84%]
[Progress:===========================>  93%] [Cov:=============================>     84%]
[Progress:===========================>  93%] [Cov:=============================>     84%]
[Progress:===========================>  93%] [Cov:=============================>     84%]
[Progress:===========================>  93%] [Cov:=============================>     84%]
[Progress:============================> 95%] [Cov:=============================>     84%]
[Progress:============================> 95%] [Cov:=============================>     85%]
[Progress:============================> 95%] [Cov:==============================>    86%]
[Progress:============================> 95%] [Cov:==============================>    86%]
[Progress:============================> 95%] [Cov:==============================>    86%]
[Progress:============================> 95%] [Cov:==============================>    86%]
[Progress:============================> 95%] [Cov:==============================>    86%]
[Progress:============================> 95%] [Cov:==============================>    86%]
[Progress:============================> 95%] [Cov:==============================>    86%]
[Progress:============================> 95%] [Cov:==============================>    86%]
[Progress:============================> 96%] [Cov:==============================>    86%]
[Progress:============================> 96%] [Cov:==============================>    86%]
[Progress:============================> 96%] [Cov:==============================>    86%]
[Progress:============================> 96%] [Cov:==============================>    86%]
[Progress:============================> 96%] [Cov:==============================>    86%]
[Progress:============================> 96%] [Cov:==============================>    86%]
[Progress:============================> 96%] [Cov:==============================>    86%]
[Progress:============================> 96%] [Cov:==============================>    86%]
[Progress:==============================100%] [Cov:==============================>    86%]
[Progress:==============================100%] [Cov:==============================>    86%]
* Search finished after 64s and 292 generations, 115105 statements, best individual has fitness: 28.311024489076814
* Minimizing test suite
* Going to analyze the coverage criteria
* Coverage analysis for criterion LINE
* Coverage of criterion LINE: 79%
* Total number of goals: 202
* Number of covered goals: 160
* Coverage analysis for criterion BRANCH
* Coverage of criterion BRANCH: 80%
* Total number of goals: 101
* Number of covered goals: 81
* Coverage analysis for criterion EXCEPTION
* Coverage of criterion EXCEPTION: 100%
* Total number of goals: 31
* Number of covered goals: 31
* Generated 46 tests with total length 169
* Resulting test suite's coverage: 86% (average coverage for all fitness functions)
* Generating assertions
* Resulting test suite's mutation score: 19%
* Compiling and checking tests
[MASTER] 19:59:50.044 [logback-1] WARN  JUnitAnalyzer - Found unstable test named test0 -> class java.lang.OutOfMemoryError: Requested array size exceeds VM limit
[MASTER] 19:59:50.044 [logback-1] WARN  JUnitAnalyzer - Failing test:
 TarArchiveOutputStream tarArchiveOutputStream0 = new TarArchiveOutputStream((OutputStream) null, 2147483646, 2147483646);

* Permissions denied during test execution: 
  - java.lang.RuntimePermission: 
         writeFileDescriptor: 43
* Writing tests to file
* Writing JUnit test case 'TarArchiveOutputStream_ESTest' to /work/evo_out/Compress_18f/budget60_seed1/tests
* Done!

* Computation finished

[exit=0 timeout=False time=80.9s]

$ javac -nowarn -cp /work/Compress_18f/target/classes:/opt/defects4j/framework/projects/lib/junit-4.12-hamcrest-1.3.jar:/opt/defects4j/framework/projects/Compress/lib/org/tukaani/xz/1.0/xz-1.0.jar:/work/Compress_18f/target/classes:/work/Compress_18f/target/test-classes:/opt/evosuite/evosuite-standalone-runtime-1.2.0.jar -d /work/evo_out/Compress_18f/budget60_seed1/classes /work/evo_out/Compress_18f/budget60_seed1/tests/org/apache/commons/compress/archivers/tar/TarArchiveOutputStream_ESTest.java /work/evo_out/Compress_18f/budget60_seed1/tests/org/apache/commons/compress/archivers/tar/TarArchiveOutputStream_ESTest_scaffolding.java
Note: /work/evo_out/Compress_18f/budget60_seed1/tests/org/apache/commons/compress/archivers/tar/TarArchiveOutputStream_ESTest.java uses or overrides a deprecated API.
Note: Recompile with -Xlint:deprecation for details.

[exit=0 timeout=False time=0.6s]

$ java -jar /opt/jacoco/lib/jacococli.jar instrument /work/Compress_18f/target/classes --dest /work/evo_out/Compress_18f/budget60_seed1/instrumented
[INFO] 130 classes instrumented to /work/evo_out/Compress_18f/budget60_seed1/instrumented.

[exit=0 timeout=False time=0.3s]

$ java -Djacoco-agent.destfile=/workspace/EvoSuite/Result_Round1/Compress_18/budget60_seed1/jacoco.exec -cp /work/evo_out/Compress_18f/budget60_seed1/instrumented:/work/evo_out/Compress_18f/budget60_seed1/classes:/opt/defects4j/framework/projects/lib/junit-4.12-hamcrest-1.3.jar:/opt/defects4j/framework/projects/Compress/lib/org/tukaani/xz/1.0/xz-1.0.jar:/work/Compress_18f/target/classes:/work/Compress_18f/target/test-classes:/opt/evosuite/evosuite-standalone-runtime-1.2.0.jar:/opt/jacoco/lib/jacocoagent.jar org.junit.runner.JUnitCore org.apache.commons.compress.archivers.tar.TarArchiveOutputStream_ESTest
JUnit version 4.12
.............................................
Time: 0.5

OK (45 tests)

SLF4J: Failed to load class "org.slf4j.impl.StaticLoggerBinder".
SLF4J: Defaulting to no-operation (NOP) logger implementation
SLF4J: See http://www.slf4j.org/codes.html#StaticLoggerBinder for further details.
WARNING: An illegal reflective access operation has occurred
WARNING: Illegal reflective access by org.evosuite.runtime.GuiSupport (file:/opt/evosuite/evosuite-standalone-runtime-1.2.0.jar) to field java.awt.GraphicsEnvironment.headless
WARNING: Please consider reporting this to the maintainers of org.evosuite.runtime.GuiSupport
WARNING: Use --illegal-access=warn to enable warnings of further illegal reflective access operations
WARNING: All illegal access operations will be denied in a future release

[exit=0 timeout=False time=0.9s]

$ java -jar /opt/jacoco/lib/jacococli.jar report /workspace/EvoSuite/Result_Round1/Compress_18/budget60_seed1/jacoco.exec --classfiles /work/Compress_18f/target/classes --csv /workspace/EvoSuite/Result_Round1/Compress_18/budget60_seed1/jacoco.csv
[INFO] Loading execution data file /workspace/EvoSuite/Result_Round1/Compress_18/budget60_seed1/jacoco.exec.
[INFO] Analyzing 118 classes.

[exit=0 timeout=False time=0.3s]

$ java -cp /work/evo_out/Compress_18f/budget60_seed1/classes:/opt/defects4j/framework/projects/lib/junit-4.12-hamcrest-1.3.jar:/opt/defects4j/framework/projects/Compress/lib/org/tukaani/xz/1.0/xz-1.0.jar:/work/Compress_18b/target/classes:/work/Compress_18b/target/test-classes:/opt/evosuite/evosuite-standalone-runtime-1.2.0.jar org.junit.runner.JUnitCore org.apache.commons.compress.archivers.tar.TarArchiveOutputStream_ESTest
JUnit version 4.12
..............................E....E...........
Time: 0.452
There were 2 failures:
1) test25(org.apache.commons.compress.archivers.tar.TarArchiveOutputStream_ESTest)
org.evosuite.runtime.mock.java.io.MockIOException: request to write '637' bytes exceeds size in header of '0' bytes for entry './PaxHeaders.X/'
	at org.apache.commons.compress.archivers.tar.TarArchiveOutputStream.write(TarArchiveOutputStream.java:387)
	at java.base/java.io.OutputStream.write(OutputStream.java:122)
	at org.apache.commons.compress.archivers.tar.TarArchiveOutputStream.writePaxHeaders(TarArchiveOutputStream.java:489)
	at org.apache.commons.compress.archivers.tar.TarArchiveOutputStream_ESTest.test25(TarArchiveOutputStream_ESTest.java:448)
	at java.base/jdk.internal.reflect.NativeMethodAccessorImpl.invoke0(Native Method)
	at java.base/jdk.internal.reflect.NativeMethodAccessorImpl.invoke(NativeMethodAccessorImpl.java:62)
	at java.base/jdk.internal.reflect.DelegatingMethodAccessorImpl.invoke(DelegatingMethodAccessorImpl.java:43)
	at java.base/java.lang.reflect.Method.invoke(Method.java:566)
	at org.junit.runners.model.FrameworkMethod$1.runReflectiveCall(FrameworkMethod.java:50)
	at org.junit.internal.runners.model.ReflectiveCallable.run(ReflectiveCallable.java:12)
	at org.junit.runners.model.FrameworkMethod.invokeExplosively(FrameworkMethod.java:47)
	at org.junit.internal.runners.statements.InvokeMethod.evaluate(InvokeMethod.java:17)
	at org.junit.internal.runners.statements.FailOnTimeout$CallableStatement.call(FailOnTimeout.java:298)
	at org.junit.internal.runners.statements.FailOnTimeout$CallableStatement.call(FailOnTimeout.java:292)
	at java.base/java.util.concurrent.FutureTask.run(FutureTask.java:264)
	at java.base/java.lang.Thread.run(Thread.java:829)
2) test27(org.apache.commons.compress.archivers.tar.TarArchiveOutputStream_ESTest)
java.lang.AssertionError: Expecting exception: IOException
	at org.junit.Assert.fail(Assert.java:88)
	at org.apache.commons.compress.archivers.tar.TarArchiveOutputStream_ESTest.test27(TarArchiveOutputStream_ESTest.java:474)
	at java.base/jdk.internal.reflect.NativeMethodAccessorImpl.invoke0(Native Method)
	at java.base/jdk.internal.reflect.NativeMethodAccessorImpl.invoke(NativeMethodAccessorImpl.java:62)
	at java.base/jdk.internal.reflect.DelegatingMethodAccessorImpl.invoke(DelegatingMethodAccessorImpl.java:43)
	at java.base/java.lang.reflect.Method.invoke(Method.java:566)
	at org.junit.runners.model.FrameworkMethod$1.runReflectiveCall(FrameworkMethod.java:50)
	at org.junit.internal.runners.model.ReflectiveCallable.run(ReflectiveCallable.java:12)
	at org.junit.runners.model.FrameworkMethod.invokeExplosively(FrameworkMethod.java:47)
	at org.junit.internal.runners.statements.InvokeMethod.evaluate(InvokeMethod.java:17)
	at org.junit.internal.runners.statements.FailOnTimeout$CallableStatement.call(FailOnTimeout.java:298)
	at org.junit.internal.runners.statements.FailOnTimeout$CallableStatement.call(FailOnTimeout.java:292)
	at java.base/java.util.concurrent.FutureTask.run(FutureTask.java:264)
	at java.base/java.lang.Thread.run(Thread.java:829)

FAILURES!!!
Tests run: 45,  Failures: 2

SLF4J: Failed to load class "org.slf4j.impl.StaticLoggerBinder".
SLF4J: Defaulting to no-operation (NOP) logger implementation
SLF4J: See http://www.slf4j.org/codes.html#StaticLoggerBinder for further details.
WARNING: An illegal reflective access operation has occurred
WARNING: Illegal reflective access by org.evosuite.runtime.GuiSupport (file:/opt/evosuite/evosuite-standalone-runtime-1.2.0.jar) to field java.awt.GraphicsEnvironment.headless
WARNING: Please consider reporting this to the maintainers of org.evosuite.runtime.GuiSupport
WARNING: Use --illegal-access=warn to enable warnings of further illegal reflective access operations
WARNING: All illegal access operations will be denied in a future release

[exit=1 timeout=False time=0.7s]
