
$ javac -nowarn -encoding UTF-8 -cp /work/Closure_133f/build/classes:/work/Closure_133f/lib/args4j.jar:/work/Closure_133f/lib/guava.jar:/work/Closure_133f/lib/json.jar:/work/Closure_133f/lib/jsr305.jar:/work/Closure_133f/lib/protobuf-java.jar:/work/Closure_133f/build/lib/rhino.jar:/work/Closure_133f/lib/ant.jar:/work/Closure_133f/lib/ant-launcher.jar:/work/Closure_133f/lib/caja-r4314.jar:/work/Closure_133f/lib/jarjar.jar:/work/Closure_133f/lib/junit.jar:/work/Closure_133f/build/test:/work/jqwik_harness:/workspace/lib/jqwik/jqwik-1.7.4.jar:/workspace/lib/jqwik/jqwik-api-1.7.4.jar:/workspace/lib/jqwik/jqwik-engine-1.7.4.jar -d /work/jqwik_out/Closure_133/auto_round1_tries200_seed3/classes_f /workspace/jqwik/Auto/Closure_133/com/google/javascript/jscomp/parsing/JsDocInfoParser_AutoPbtTest.java

[exit=0 timeout=False time=0.9s]

$ javac -nowarn -encoding UTF-8 -cp /work/Closure_133b/build/classes:/work/Closure_133b/lib/args4j.jar:/work/Closure_133b/lib/guava.jar:/work/Closure_133b/lib/json.jar:/work/Closure_133b/lib/jsr305.jar:/work/Closure_133b/lib/protobuf-java.jar:/work/Closure_133b/build/lib/rhino.jar:/work/Closure_133b/lib/ant.jar:/work/Closure_133b/lib/ant-launcher.jar:/work/Closure_133b/lib/caja-r4314.jar:/work/Closure_133b/lib/jarjar.jar:/work/Closure_133b/lib/junit.jar:/work/Closure_133b/build/test:/work/jqwik_harness:/workspace/lib/jqwik/jqwik-1.7.4.jar:/workspace/lib/jqwik/jqwik-api-1.7.4.jar:/workspace/lib/jqwik/jqwik-engine-1.7.4.jar -d /work/jqwik_out/Closure_133/auto_round1_tries200_seed3/classes_b /workspace/jqwik/Auto/Closure_133/com/google/javascript/jscomp/parsing/JsDocInfoParser_AutoPbtTest.java

[exit=0 timeout=False time=0.9s]

$ java -Djava.awt.headless=true -Xss4m -Xmx1g -Dpbt.seed=3 -Dpbt.tries=200 -Dpbt.snapshot.dir=/work/jqwik_out/Closure_133/auto_round1_tries200_seed3/snapshots -Dpbt.propertyBudgetMs=5000 -Dpbt.mask=/work/Closure_133f:/work/Closure_133b:/work/jqwik_out/Closure_133/auto_round1_tries200_seed3/classes_f:/work/jqwik_out/Closure_133/auto_round1_tries200_seed3/classes_b -Dpbt.mode=record -jar /workspace/lib/jqwik/junit-platform-console-standalone-1.9.3.jar --disable-banner --details tree --class-path /work/jqwik_out/Closure_133/auto_round1_tries200_seed3/classes_f:/work/Closure_133f/build/classes:/work/Closure_133f/lib/args4j.jar:/work/Closure_133f/lib/guava.jar:/work/Closure_133f/lib/json.jar:/work/Closure_133f/lib/jsr305.jar:/work/Closure_133f/lib/protobuf-java.jar:/work/Closure_133f/build/lib/rhino.jar:/work/Closure_133f/lib/ant.jar:/work/Closure_133f/lib/ant-launcher.jar:/work/Closure_133f/lib/caja-r4314.jar:/work/Closure_133f/lib/jarjar.jar:/work/Closure_133f/lib/junit.jar:/work/Closure_133f/build/test:/work/jqwik_harness:/workspace/lib/jqwik/jqwik-1.7.4.jar:/workspace/lib/jqwik/jqwik-api-1.7.4.jar:/workspace/lib/jqwik/jqwik-engine-1.7.4.jar --scan-class-path /work/jqwik_out/Closure_133/auto_round1_tries200_seed3/classes_f --include-classname .* --include-engine jqwik --config jqwik.database=/workspace/jqwik/Result_auto_Round1/Closure_133/tries200_seed3/reports_record/jqwik-database --config jqwik.tries.default=200 --reports-dir /workspace/jqwik/Result_auto_Round1/Closure_133/tries200_seed3/reports_record
ng the random seed is allowed
edge-cases#mode = NONE        | edge cases are not explicitly generated
seed = 3                      | random seed to reproduce generated values


timestamp = 2026-09-30T22:17:02.553137, JsDocInfoParser AutoPbtTest:m005 parseInlineTypeDoc = 
                              |-----------------------jqwik-----------------------
tries = 200                   | # of calls to property
checks = 200                  | # of not rejected calls
generation = RANDOMIZED       | parameters are randomly generated
after-failure = SAMPLE_FIRST  | try previously failed sample, then previous seed
when-fixed-seed = ALLOW       | fixing the random seed is allowed
edge-cases#mode = NONE        | edge cases are not explicitly generated
seed = 3                      | random seed to reproduce generated values


timestamp = 2026-09-30T22:17:02.638103, JsDocInfoParser AutoPbtTest:m006 parseTypeString = 
                              |-----------------------jqwik-----------------------
tries = 200                   | # of calls to property
checks = 200                  | # of not rejected calls
generation = RANDOMIZED       | parameters are randomly generated
after-failure = SAMPLE_FIRST  | try previously failed sample, then previous seed
when-fixed-seed = ALLOW       | fixing the random seed is allowed
edge-cases#mode = NONE        | edge cases are not explicitly generated
seed = 3                      | random seed to reproduce generated values


timestamp = 2026-09-30T22:17:02.774834, JsDocInfoParser AutoPbtTest:m002 hasParsedJSDocInfo = 
                              |-----------------------jqwik-----------------------
tries = 200                   | # of calls to property
checks = 200                  | # of not rejected calls
generation = RANDOMIZED       | parameters are randomly generated
after-failure = SAMPLE_FIRST  | try previously failed sample, then previous seed
when-fixed-seed = ALLOW       | fixing the random seed is allowed
edge-cases#mode = NONE        | edge cases are not explicitly generated
seed = 3                      | random seed to reproduce generated values


timestamp = 2026-09-30T22:17:02.982976, JsDocInfoParser AutoPbtTest:m003 parse = 
                              |-----------------------jqwik-----------------------
tries = 200                   | # of calls to property
checks = 200                  | # of not rejected calls
generation = RANDOMIZED       | parameters are randomly generated
after-failure = SAMPLE_FIRST  | try previously failed sample, then previous seed
when-fixed-seed = ALLOW       | fixing the random seed is allowed
edge-cases#mode = NONE        | edge cases are not explicitly generated
seed = 3                      | random seed to reproduce generated values


[36m╷[0m
[36m└─[0m [36mjqwik (JUnit Platform)[0m [32m✔[0m
[36m   └─[0m [36mJsDocInfoParser AutoPbtTest[0m [32m✔[0m
[36m      ├─[0m [34mm000 createJSTypeExpression[0m [32m✔[0m
[36m      ├─[0m [34mm009 setFileOverviewJSDocInfo[0m [32m✔[0m
[36m      ├─[0m [34mm001 getFileOverviewJSDocInfo[0m [32m✔[0m
[36m      ├─[0m [34mm004 parseAndRecordTypeNode[0m [32m✔[0m
[36m      ├─[0m [34mm007 retrieveAndResetParsedJSDocInfo[0m [32m✔[0m
[36m      ├─[0m [34mm008 setFileLevelJsDocBuilder[0m [32m✔[0m
[36m      ├─[0m [34mm005 parseInlineTypeDoc[0m [32m✔[0m
[36m      ├─[0m [34mm006 parseTypeString[0m [32m✔[0m
[36m      ├─[0m [34mm002 hasParsedJSDocInfo[0m [32m✔[0m
[36m      └─[0m [34mm003 parse[0m [32m✔[0m

Test run finished after 3293 ms
[         2 containers found      ]
[         0 containers skipped    ]
[         2 containers started    ]
[         0 containers aborted    ]
[         2 containers successful ]
[         0 containers failed     ]
[        10 tests found           ]
[         0 tests skipped         ]
[        10 tests started         ]
[         0 tests aborted         ]
[        10 tests successful      ]
[         0 tests failed          ]


[exit=0 timeout=False time=4.3s]

$ java -Djava.awt.headless=true -Xss4m -Xmx1g -Dpbt.seed=3 -Dpbt.tries=200 -Dpbt.snapshot.dir=/work/jqwik_out/Closure_133/auto_round1_tries200_seed3/snapshots -Dpbt.propertyBudgetMs=5000 -Dpbt.mask=/work/Closure_133f:/work/Closure_133b:/work/jqwik_out/Closure_133/auto_round1_tries200_seed3/classes_f:/work/jqwik_out/Closure_133/auto_round1_tries200_seed3/classes_b -Dpbt.mode=check -javaagent:/opt/jacoco/lib/jacocoagent.jar=destfile=/workspace/jqwik/Result_auto_Round1/Closure_133/tries200_seed3/jacoco.exec -jar /workspace/lib/jqwik/junit-platform-console-standalone-1.9.3.jar --disable-banner --details tree --class-path /work/jqwik_out/Closure_133/auto_round1_tries200_seed3/classes_f:/work/Closure_133f/build/classes:/work/Closure_133f/lib/args4j.jar:/work/Closure_133f/lib/guava.jar:/work/Closure_133f/lib/json.jar:/work/Closure_133f/lib/jsr305.jar:/work/Closure_133f/lib/protobuf-java.jar:/work/Closure_133f/build/lib/rhino.jar:/work/Closure_133f/lib/ant.jar:/work/Closure_133f/lib/ant-launcher.jar:/work/Closure_133f/lib/caja-r4314.jar:/work/Closure_133f/lib/jarjar.jar:/work/Closure_133f/lib/junit.jar:/work/Closure_133f/build/test:/work/jqwik_harness:/workspace/lib/jqwik/jqwik-1.7.4.jar:/workspace/lib/jqwik/jqwik-api-1.7.4.jar:/workspace/lib/jqwik/jqwik-engine-1.7.4.jar --scan-class-path /work/jqwik_out/Closure_133/auto_round1_tries200_seed3/classes_f --include-classname .* --include-engine jqwik --config jqwik.database=/workspace/jqwik/Result_auto_Round1/Closure_133/tries200_seed3/reports_fixed/jqwik-database --config jqwik.tries.default=200 --reports-dir /workspace/jqwik/Result_auto_Round1/Closure_133/tries200_seed3/reports_fixed
ng the random seed is allowed
edge-cases#mode = NONE        | edge cases are not explicitly generated
seed = 3                      | random seed to reproduce generated values


timestamp = 2026-09-30T22:17:09.402046, JsDocInfoParser AutoPbtTest:m005 parseInlineTypeDoc = 
                              |-----------------------jqwik-----------------------
tries = 200                   | # of calls to property
checks = 200                  | # of not rejected calls
generation = RANDOMIZED       | parameters are randomly generated
after-failure = SAMPLE_FIRST  | try previously failed sample, then previous seed
when-fixed-seed = ALLOW       | fixing the random seed is allowed
edge-cases#mode = NONE        | edge cases are not explicitly generated
seed = 3                      | random seed to reproduce generated values


timestamp = 2026-09-30T22:17:09.559226, JsDocInfoParser AutoPbtTest:m006 parseTypeString = 
                              |-----------------------jqwik-----------------------
tries = 200                   | # of calls to property
checks = 200                  | # of not rejected calls
generation = RANDOMIZED       | parameters are randomly generated
after-failure = SAMPLE_FIRST  | try previously failed sample, then previous seed
when-fixed-seed = ALLOW       | fixing the random seed is allowed
edge-cases#mode = NONE        | edge cases are not explicitly generated
seed = 3                      | random seed to reproduce generated values


timestamp = 2026-09-30T22:17:09.825024, JsDocInfoParser AutoPbtTest:m002 hasParsedJSDocInfo = 
                              |-----------------------jqwik-----------------------
tries = 200                   | # of calls to property
checks = 200                  | # of not rejected calls
generation = RANDOMIZED       | parameters are randomly generated
after-failure = SAMPLE_FIRST  | try previously failed sample, then previous seed
when-fixed-seed = ALLOW       | fixing the random seed is allowed
edge-cases#mode = NONE        | edge cases are not explicitly generated
seed = 3                      | random seed to reproduce generated values


timestamp = 2026-09-30T22:17:10.097797, JsDocInfoParser AutoPbtTest:m003 parse = 
                              |-----------------------jqwik-----------------------
tries = 200                   | # of calls to property
checks = 200                  | # of not rejected calls
generation = RANDOMIZED       | parameters are randomly generated
after-failure = SAMPLE_FIRST  | try previously failed sample, then previous seed
when-fixed-seed = ALLOW       | fixing the random seed is allowed
edge-cases#mode = NONE        | edge cases are not explicitly generated
seed = 3                      | random seed to reproduce generated values


[36m╷[0m
[36m└─[0m [36mjqwik (JUnit Platform)[0m [32m✔[0m
[36m   └─[0m [36mJsDocInfoParser AutoPbtTest[0m [32m✔[0m
[36m      ├─[0m [34mm000 createJSTypeExpression[0m [32m✔[0m
[36m      ├─[0m [34mm009 setFileOverviewJSDocInfo[0m [32m✔[0m
[36m      ├─[0m [34mm001 getFileOverviewJSDocInfo[0m [32m✔[0m
[36m      ├─[0m [34mm004 parseAndRecordTypeNode[0m [32m✔[0m
[36m      ├─[0m [34mm007 retrieveAndResetParsedJSDocInfo[0m [32m✔[0m
[36m      ├─[0m [34mm008 setFileLevelJsDocBuilder[0m [32m✔[0m
[36m      ├─[0m [34mm005 parseInlineTypeDoc[0m [32m✔[0m
[36m      ├─[0m [34mm006 parseTypeString[0m [32m✔[0m
[36m      ├─[0m [34mm002 hasParsedJSDocInfo[0m [32m✔[0m
[36m      └─[0m [34mm003 parse[0m [32m✔[0m

Test run finished after 5114 ms
[         2 containers found      ]
[         0 containers skipped    ]
[         2 containers started    ]
[         0 containers aborted    ]
[         2 containers successful ]
[         0 containers failed     ]
[        10 tests found           ]
[         0 tests skipped         ]
[        10 tests started         ]
[         0 tests aborted         ]
[        10 tests successful      ]
[         0 tests failed          ]


[exit=0 timeout=False time=14.9s]

$ java -jar /opt/jacoco/lib/jacococli.jar report /workspace/jqwik/Result_auto_Round1/Closure_133/tries200_seed3/jacoco.exec --classfiles /work/Closure_133f/build/classes --csv /workspace/jqwik/Result_auto_Round1/Closure_133/tries200_seed3/jacoco.csv
[INFO] Loading execution data file /workspace/jqwik/Result_auto_Round1/Closure_133/tries200_seed3/jacoco.exec.
[INFO] Analyzing 1182 classes.

[exit=0 timeout=False time=1.2s]

$ java -Djava.awt.headless=true -Xss4m -Xmx1g -Dpbt.seed=3 -Dpbt.tries=200 -Dpbt.snapshot.dir=/work/jqwik_out/Closure_133/auto_round1_tries200_seed3/snapshots -Dpbt.propertyBudgetMs=5000 -Dpbt.mask=/work/Closure_133f:/work/Closure_133b:/work/jqwik_out/Closure_133/auto_round1_tries200_seed3/classes_f:/work/jqwik_out/Closure_133/auto_round1_tries200_seed3/classes_b -Dpbt.mode=check -jar /workspace/lib/jqwik/junit-platform-console-standalone-1.9.3.jar --disable-banner --details tree --class-path /work/jqwik_out/Closure_133/auto_round1_tries200_seed3/classes_b:/work/Closure_133b/build/classes:/work/Closure_133b/lib/args4j.jar:/work/Closure_133b/lib/guava.jar:/work/Closure_133b/lib/json.jar:/work/Closure_133b/lib/jsr305.jar:/work/Closure_133b/lib/protobuf-java.jar:/work/Closure_133b/build/lib/rhino.jar:/work/Closure_133b/lib/ant.jar:/work/Closure_133b/lib/ant-launcher.jar:/work/Closure_133b/lib/caja-r4314.jar:/work/Closure_133b/lib/jarjar.jar:/work/Closure_133b/lib/junit.jar:/work/Closure_133b/build/test:/work/jqwik_harness:/workspace/lib/jqwik/jqwik-1.7.4.jar:/workspace/lib/jqwik/jqwik-api-1.7.4.jar:/workspace/lib/jqwik/jqwik-engine-1.7.4.jar --scan-class-path /work/jqwik_out/Closure_133/auto_round1_tries200_seed3/classes_b --include-classname .* --include-engine jqwik --config jqwik.database=/workspace/jqwik/Result_auto_Round1/Closure_133/tries200_seed3/reports_buggy/jqwik-database --config jqwik.tries.default=200 --reports-dir /workspace/jqwik/Result_auto_Round1/Closure_133/tries200_seed3/reports_buggy
ng the random seed is allowed
edge-cases#mode = NONE        | edge cases are not explicitly generated
seed = 3                      | random seed to reproduce generated values


timestamp = 2026-09-30T22:17:24.495976, JsDocInfoParser AutoPbtTest:m005 parseInlineTypeDoc = 
                              |-----------------------jqwik-----------------------
tries = 200                   | # of calls to property
checks = 200                  | # of not rejected calls
generation = RANDOMIZED       | parameters are randomly generated
after-failure = SAMPLE_FIRST  | try previously failed sample, then previous seed
when-fixed-seed = ALLOW       | fixing the random seed is allowed
edge-cases#mode = NONE        | edge cases are not explicitly generated
seed = 3                      | random seed to reproduce generated values


timestamp = 2026-09-30T22:17:24.588229, JsDocInfoParser AutoPbtTest:m006 parseTypeString = 
                              |-----------------------jqwik-----------------------
tries = 200                   | # of calls to property
checks = 200                  | # of not rejected calls
generation = RANDOMIZED       | parameters are randomly generated
after-failure = SAMPLE_FIRST  | try previously failed sample, then previous seed
when-fixed-seed = ALLOW       | fixing the random seed is allowed
edge-cases#mode = NONE        | edge cases are not explicitly generated
seed = 3                      | random seed to reproduce generated values


timestamp = 2026-09-30T22:17:24.720512, JsDocInfoParser AutoPbtTest:m002 hasParsedJSDocInfo = 
                              |-----------------------jqwik-----------------------
tries = 200                   | # of calls to property
checks = 200                  | # of not rejected calls
generation = RANDOMIZED       | parameters are randomly generated
after-failure = SAMPLE_FIRST  | try previously failed sample, then previous seed
when-fixed-seed = ALLOW       | fixing the random seed is allowed
edge-cases#mode = NONE        | edge cases are not explicitly generated
seed = 3                      | random seed to reproduce generated values


timestamp = 2026-09-30T22:17:24.853619, JsDocInfoParser AutoPbtTest:m003 parse = 
                              |-----------------------jqwik-----------------------
tries = 200                   | # of calls to property
checks = 200                  | # of not rejected calls
generation = RANDOMIZED       | parameters are randomly generated
after-failure = SAMPLE_FIRST  | try previously failed sample, then previous seed
when-fixed-seed = ALLOW       | fixing the random seed is allowed
edge-cases#mode = NONE        | edge cases are not explicitly generated
seed = 3                      | random seed to reproduce generated values


[36m╷[0m
[36m└─[0m [36mjqwik (JUnit Platform)[0m [32m✔[0m
[36m   └─[0m [36mJsDocInfoParser AutoPbtTest[0m [32m✔[0m
[36m      ├─[0m [34mm000 createJSTypeExpression[0m [32m✔[0m
[36m      ├─[0m [34mm009 setFileOverviewJSDocInfo[0m [32m✔[0m
[36m      ├─[0m [34mm001 getFileOverviewJSDocInfo[0m [32m✔[0m
[36m      ├─[0m [34mm004 parseAndRecordTypeNode[0m [32m✔[0m
[36m      ├─[0m [34mm007 retrieveAndResetParsedJSDocInfo[0m [32m✔[0m
[36m      ├─[0m [34mm008 setFileLevelJsDocBuilder[0m [32m✔[0m
[36m      ├─[0m [34mm005 parseInlineTypeDoc[0m [32m✔[0m
[36m      ├─[0m [34mm006 parseTypeString[0m [32m✔[0m
[36m      ├─[0m [34mm002 hasParsedJSDocInfo[0m [32m✔[0m
[36m      └─[0m [34mm003 parse[0m [32m✔[0m

Test run finished after 3129 ms
[         2 containers found      ]
[         0 containers skipped    ]
[         2 containers started    ]
[         0 containers aborted    ]
[         2 containers successful ]
[         0 containers failed     ]
[        10 tests found           ]
[         0 tests skipped         ]
[        10 tests started         ]
[         0 tests aborted         ]
[        10 tests successful      ]
[         0 tests failed          ]


[exit=0 timeout=False time=4.5s]
