
$ javac -nowarn -encoding UTF-8 -cp /work/Codec_16f/target/classes:/work/Codec_16f/src/main/resources:/work/Codec_16f/target/tests:/opt/defects4j/framework/projects/lib/junit-4.12-hamcrest-1.3.jar:/work/Codec_16f/src/main/resources/commons-lang3-3.8.1.jar:/opt/defects4j/framework/projects/Codec/lib/junit/junit/4.12/junit-4.12.jar:/opt/defects4j/framework/projects/Codec/lib/org/apache/commons/commons-lang3/3.4/commons-lang3-3.4.jar:/opt/defects4j/framework/projects/Codec/lib/org/apache/commons/commons-lang3/3.8.1/commons-lang3-3.8.1.jar:/opt/defects4j/framework/projects/Codec/lib/org/hamcrest/hamcrest-core/1.3/hamcrest-core-1.3.jar:/work/jqwik_harness:/workspace/lib/jqwik/jqwik-1.7.4.jar:/workspace/lib/jqwik/jqwik-api-1.7.4.jar:/workspace/lib/jqwik/jqwik-engine-1.7.4.jar -d /work/jqwik_out/Codec_16/auto_round1_tries200_seed2/classes_f /workspace/jqwik/Auto/Codec_16/org/apache/commons/codec/binary/Base32_AutoPbtTest.java

[exit=0 timeout=False time=4.6s]

$ javac -nowarn -encoding UTF-8 -cp /work/Codec_16b/target/classes:/work/Codec_16b/src/main/resources:/work/Codec_16b/target/tests:/opt/defects4j/framework/projects/lib/junit-4.12-hamcrest-1.3.jar:/work/Codec_16b/src/main/resources/commons-lang3-3.8.1.jar:/opt/defects4j/framework/projects/Codec/lib/junit/junit/4.12/junit-4.12.jar:/opt/defects4j/framework/projects/Codec/lib/org/apache/commons/commons-lang3/3.4/commons-lang3-3.4.jar:/opt/defects4j/framework/projects/Codec/lib/org/apache/commons/commons-lang3/3.8.1/commons-lang3-3.8.1.jar:/opt/defects4j/framework/projects/Codec/lib/org/hamcrest/hamcrest-core/1.3/hamcrest-core-1.3.jar:/work/jqwik_harness:/workspace/lib/jqwik/jqwik-1.7.4.jar:/workspace/lib/jqwik/jqwik-api-1.7.4.jar:/workspace/lib/jqwik/jqwik-engine-1.7.4.jar -d /work/jqwik_out/Codec_16/auto_round1_tries200_seed2/classes_b /workspace/jqwik/Auto/Codec_16/org/apache/commons/codec/binary/Base32_AutoPbtTest.java

[exit=0 timeout=False time=4.3s]

$ java -Djava.awt.headless=true -Xss4m -Xmx1g -Dpbt.seed=2 -Dpbt.tries=200 -Dpbt.snapshot.dir=/work/jqwik_out/Codec_16/auto_round1_tries200_seed2/snapshots -Dpbt.propertyBudgetMs=5000 -Dpbt.mask=/work/Codec_16f:/work/Codec_16b:/work/jqwik_out/Codec_16/auto_round1_tries200_seed2/classes_f:/work/jqwik_out/Codec_16/auto_round1_tries200_seed2/classes_b -Dpbt.mode=record -jar /workspace/lib/jqwik/junit-platform-console-standalone-1.9.3.jar --disable-banner --details tree --class-path /work/jqwik_out/Codec_16/auto_round1_tries200_seed2/classes_f:/work/Codec_16f/target/classes:/work/Codec_16f/src/main/resources:/work/Codec_16f/target/tests:/opt/defects4j/framework/projects/lib/junit-4.12-hamcrest-1.3.jar:/work/Codec_16f/src/main/resources/commons-lang3-3.8.1.jar:/opt/defects4j/framework/projects/Codec/lib/junit/junit/4.12/junit-4.12.jar:/opt/defects4j/framework/projects/Codec/lib/org/apache/commons/commons-lang3/3.4/commons-lang3-3.4.jar:/opt/defects4j/framework/projects/Codec/lib/org/apache/commons/commons-lang3/3.8.1/commons-lang3-3.8.1.jar:/opt/defects4j/framework/projects/Codec/lib/org/hamcrest/hamcrest-core/1.3/hamcrest-core-1.3.jar:/work/jqwik_harness:/workspace/lib/jqwik/jqwik-1.7.4.jar:/workspace/lib/jqwik/jqwik-api-1.7.4.jar:/workspace/lib/jqwik/jqwik-engine-1.7.4.jar --scan-class-path /work/jqwik_out/Codec_16/auto_round1_tries200_seed2/classes_f --include-classname .* --include-engine jqwik --config jqwik.database=/workspace/jqwik/Result_auto_Round1/Codec_16/tries200_seed2/reports_record/jqwik-database --config jqwik.tries.default=200 --reports-dir /workspace/jqwik/Result_auto_Round1/Codec_16/tries200_seed2/reports_record
timestamp = 2026-09-27T04:52:53.792043, Base32 AutoPbtTest:m000 decode = 
                              |-----------------------jqwik-----------------------
tries = 200                   | # of calls to property
checks = 200                  | # of not rejected calls
generation = RANDOMIZED       | parameters are randomly generated
after-failure = SAMPLE_FIRST  | try previously failed sample, then previous seed
when-fixed-seed = ALLOW       | fixing the random seed is allowed
edge-cases#mode = NONE        | edge cases are not explicitly generated
seed = 2                      | random seed to reproduce generated values


timestamp = 2026-09-27T04:52:54.143074, Base32 AutoPbtTest:m002 isInAlphabet = 
                              |-----------------------jqwik-----------------------
tries = 200                   | # of calls to property
checks = 200                  | # of not rejected calls
generation = RANDOMIZED       | parameters are randomly generated
after-failure = SAMPLE_FIRST  | try previously failed sample, then previous seed
when-fixed-seed = ALLOW       | fixing the random seed is allowed
edge-cases#mode = NONE        | edge cases are not explicitly generated
seed = 2                      | random seed to reproduce generated values


timestamp = 2026-09-27T04:52:54.913373, Base32 AutoPbtTest:m001 encode = 
                              |-----------------------jqwik-----------------------
tries = 200                   | # of calls to property
checks = 200                  | # of not rejected calls
generation = RANDOMIZED       | parameters are randomly generated
after-failure = SAMPLE_FIRST  | try previously failed sample, then previous seed
when-fixed-seed = ALLOW       | fixing the random seed is allowed
edge-cases#mode = NONE        | edge cases are not explicitly generated
seed = 2                      | random seed to reproduce generated values


[36m╷[0m
[36m└─[0m [36mjqwik (JUnit Platform)[0m [32m✔[0m
[36m   └─[0m [36mBase32 AutoPbtTest[0m [32m✔[0m
[36m      ├─[0m [34mm000 decode[0m [32m✔[0m
[36m      ├─[0m [34mm002 isInAlphabet[0m [32m✔[0m
[36m      └─[0m [34mm001 encode[0m [32m✔[0m

Test run finished after 5217 ms
[         2 containers found      ]
[         0 containers skipped    ]
[         2 containers started    ]
[         0 containers aborted    ]
[         2 containers successful ]
[         0 containers failed     ]
[         3 tests found           ]
[         0 tests skipped         ]
[         3 tests started         ]
[         0 tests aborted         ]
[         3 tests successful      ]
[         0 tests failed          ]


[exit=0 timeout=False time=10.6s]

$ java -Djava.awt.headless=true -Xss4m -Xmx1g -Dpbt.seed=2 -Dpbt.tries=200 -Dpbt.snapshot.dir=/work/jqwik_out/Codec_16/auto_round1_tries200_seed2/snapshots -Dpbt.propertyBudgetMs=5000 -Dpbt.mask=/work/Codec_16f:/work/Codec_16b:/work/jqwik_out/Codec_16/auto_round1_tries200_seed2/classes_f:/work/jqwik_out/Codec_16/auto_round1_tries200_seed2/classes_b -Dpbt.mode=check -javaagent:/opt/jacoco/lib/jacocoagent.jar=destfile=/workspace/jqwik/Result_auto_Round1/Codec_16/tries200_seed2/jacoco.exec -jar /workspace/lib/jqwik/junit-platform-console-standalone-1.9.3.jar --disable-banner --details tree --class-path /work/jqwik_out/Codec_16/auto_round1_tries200_seed2/classes_f:/work/Codec_16f/target/classes:/work/Codec_16f/src/main/resources:/work/Codec_16f/target/tests:/opt/defects4j/framework/projects/lib/junit-4.12-hamcrest-1.3.jar:/work/Codec_16f/src/main/resources/commons-lang3-3.8.1.jar:/opt/defects4j/framework/projects/Codec/lib/junit/junit/4.12/junit-4.12.jar:/opt/defects4j/framework/projects/Codec/lib/org/apache/commons/commons-lang3/3.4/commons-lang3-3.4.jar:/opt/defects4j/framework/projects/Codec/lib/org/apache/commons/commons-lang3/3.8.1/commons-lang3-3.8.1.jar:/opt/defects4j/framework/projects/Codec/lib/org/hamcrest/hamcrest-core/1.3/hamcrest-core-1.3.jar:/work/jqwik_harness:/workspace/lib/jqwik/jqwik-1.7.4.jar:/workspace/lib/jqwik/jqwik-api-1.7.4.jar:/workspace/lib/jqwik/jqwik-engine-1.7.4.jar --scan-class-path /work/jqwik_out/Codec_16/auto_round1_tries200_seed2/classes_f --include-classname .* --include-engine jqwik --config jqwik.database=/workspace/jqwik/Result_auto_Round1/Codec_16/tries200_seed2/reports_fixed/jqwik-database --config jqwik.tries.default=200 --reports-dir /workspace/jqwik/Result_auto_Round1/Codec_16/tries200_seed2/reports_fixed
timestamp = 2026-09-27T04:53:06.808798, Base32 AutoPbtTest:m000 decode = 
                              |-----------------------jqwik-----------------------
tries = 200                   | # of calls to property
checks = 200                  | # of not rejected calls
generation = RANDOMIZED       | parameters are randomly generated
after-failure = SAMPLE_FIRST  | try previously failed sample, then previous seed
when-fixed-seed = ALLOW       | fixing the random seed is allowed
edge-cases#mode = NONE        | edge cases are not explicitly generated
seed = 2                      | random seed to reproduce generated values


timestamp = 2026-09-27T04:53:07.316588, Base32 AutoPbtTest:m002 isInAlphabet = 
                              |-----------------------jqwik-----------------------
tries = 200                   | # of calls to property
checks = 200                  | # of not rejected calls
generation = RANDOMIZED       | parameters are randomly generated
after-failure = SAMPLE_FIRST  | try previously failed sample, then previous seed
when-fixed-seed = ALLOW       | fixing the random seed is allowed
edge-cases#mode = NONE        | edge cases are not explicitly generated
seed = 2                      | random seed to reproduce generated values


timestamp = 2026-09-27T04:53:07.740934, Base32 AutoPbtTest:m001 encode = 
                              |-----------------------jqwik-----------------------
tries = 200                   | # of calls to property
checks = 200                  | # of not rejected calls
generation = RANDOMIZED       | parameters are randomly generated
after-failure = SAMPLE_FIRST  | try previously failed sample, then previous seed
when-fixed-seed = ALLOW       | fixing the random seed is allowed
edge-cases#mode = NONE        | edge cases are not explicitly generated
seed = 2                      | random seed to reproduce generated values


[36m╷[0m
[36m└─[0m [36mjqwik (JUnit Platform)[0m [32m✔[0m
[36m   └─[0m [36mBase32 AutoPbtTest[0m [32m✔[0m
[36m      ├─[0m [34mm000 decode[0m [32m✔[0m
[36m      ├─[0m [34mm002 isInAlphabet[0m [32m✔[0m
[36m      └─[0m [34mm001 encode[0m [32m✔[0m

Test run finished after 6231 ms
[         2 containers found      ]
[         0 containers skipped    ]
[         2 containers started    ]
[         0 containers aborted    ]
[         2 containers successful ]
[         0 containers failed     ]
[         3 tests found           ]
[         0 tests skipped         ]
[         3 tests started         ]
[         0 tests aborted         ]
[         3 tests successful      ]
[         0 tests failed          ]


[exit=0 timeout=False time=24.5s]

$ java -jar /opt/jacoco/lib/jacococli.jar report /workspace/jqwik/Result_auto_Round1/Codec_16/tries200_seed2/jacoco.exec --classfiles /work/Codec_16f/target/classes --csv /workspace/jqwik/Result_auto_Round1/Codec_16/tries200_seed2/jacoco.csv
[INFO] Loading execution data file /workspace/jqwik/Result_auto_Round1/Codec_16/tries200_seed2/jacoco.exec.
[INFO] Analyzing 81 classes.

[exit=0 timeout=False time=2.7s]

$ java -Djava.awt.headless=true -Xss4m -Xmx1g -Dpbt.seed=2 -Dpbt.tries=200 -Dpbt.snapshot.dir=/work/jqwik_out/Codec_16/auto_round1_tries200_seed2/snapshots -Dpbt.propertyBudgetMs=5000 -Dpbt.mask=/work/Codec_16f:/work/Codec_16b:/work/jqwik_out/Codec_16/auto_round1_tries200_seed2/classes_f:/work/jqwik_out/Codec_16/auto_round1_tries200_seed2/classes_b -Dpbt.mode=check -jar /workspace/lib/jqwik/junit-platform-console-standalone-1.9.3.jar --disable-banner --details tree --class-path /work/jqwik_out/Codec_16/auto_round1_tries200_seed2/classes_b:/work/Codec_16b/target/classes:/work/Codec_16b/src/main/resources:/work/Codec_16b/target/tests:/opt/defects4j/framework/projects/lib/junit-4.12-hamcrest-1.3.jar:/work/Codec_16b/src/main/resources/commons-lang3-3.8.1.jar:/opt/defects4j/framework/projects/Codec/lib/junit/junit/4.12/junit-4.12.jar:/opt/defects4j/framework/projects/Codec/lib/org/apache/commons/commons-lang3/3.4/commons-lang3-3.4.jar:/opt/defects4j/framework/projects/Codec/lib/org/apache/commons/commons-lang3/3.8.1/commons-lang3-3.8.1.jar:/opt/defects4j/framework/projects/Codec/lib/org/hamcrest/hamcrest-core/1.3/hamcrest-core-1.3.jar:/work/jqwik_harness:/workspace/lib/jqwik/jqwik-1.7.4.jar:/workspace/lib/jqwik/jqwik-api-1.7.4.jar:/workspace/lib/jqwik/jqwik-engine-1.7.4.jar --scan-class-path /work/jqwik_out/Codec_16/auto_round1_tries200_seed2/classes_b --include-classname .* --include-engine jqwik --config jqwik.database=/workspace/jqwik/Result_auto_Round1/Codec_16/tries200_seed2/reports_buggy/jqwik-database --config jqwik.tries.default=200 --reports-dir /workspace/jqwik/Result_auto_Round1/Codec_16/tries200_seed2/reports_buggy
timestamp = 2026-09-27T04:53:39.938406, Base32 AutoPbtTest:m000 decode = 
                              |-----------------------jqwik-----------------------
tries = 200                   | # of calls to property
checks = 200                  | # of not rejected calls
generation = RANDOMIZED       | parameters are randomly generated
after-failure = SAMPLE_FIRST  | try previously failed sample, then previous seed
when-fixed-seed = ALLOW       | fixing the random seed is allowed
edge-cases#mode = NONE        | edge cases are not explicitly generated
seed = 2                      | random seed to reproduce generated values


timestamp = 2026-09-27T04:53:40.454844, Base32 AutoPbtTest:m002 isInAlphabet = 
                              |-----------------------jqwik-----------------------
tries = 200                   | # of calls to property
checks = 200                  | # of not rejected calls
generation = RANDOMIZED       | parameters are randomly generated
after-failure = SAMPLE_FIRST  | try previously failed sample, then previous seed
when-fixed-seed = ALLOW       | fixing the random seed is allowed
edge-cases#mode = NONE        | edge cases are not explicitly generated
seed = 2                      | random seed to reproduce generated values


timestamp = 2026-09-27T04:53:41.481386, Base32 AutoPbtTest:m001 encode = 
                              |-----------------------jqwik-----------------------
tries = 200                   | # of calls to property
checks = 200                  | # of not rejected calls
generation = RANDOMIZED       | parameters are randomly generated
after-failure = SAMPLE_FIRST  | try previously failed sample, then previous seed
when-fixed-seed = ALLOW       | fixing the random seed is allowed
edge-cases#mode = NONE        | edge cases are not explicitly generated
seed = 2                      | random seed to reproduce generated values


[36m╷[0m
[36m└─[0m [36mjqwik (JUnit Platform)[0m [32m✔[0m
[36m   └─[0m [36mBase32 AutoPbtTest[0m [32m✔[0m
[36m      ├─[0m [34mm000 decode[0m [32m✔[0m
[36m      ├─[0m [34mm002 isInAlphabet[0m [32m✔[0m
[36m      └─[0m [34mm001 encode[0m [32m✔[0m

Test run finished after 6068 ms
[         2 containers found      ]
[         0 containers skipped    ]
[         2 containers started    ]
[         0 containers aborted    ]
[         2 containers successful ]
[         0 containers failed     ]
[         3 tests found           ]
[         0 tests skipped         ]
[         3 tests started         ]
[         0 tests aborted         ]
[         3 tests successful      ]
[         0 tests failed          ]


[exit=0 timeout=False time=12.4s]
