
$ defects4j compile -w /work/Lang_11f
Running ant (compile)...................................................... OK
Running ant (compile.tests)................................................ OK

[exit=0 timeout=False time=0.9s]

$ defects4j compile -w /work/Lang_11b
Running ant (compile)...................................................... OK
Running ant (compile.tests)................................................ OK

[exit=0 timeout=False time=0.9s]

$ java -jar /opt/evosuite/evosuite-1.2.0.jar -generateSuite -class org.apache.commons.lang3.RandomStringUtils -projectCP /work/Lang_11f/target/classes:/work/Lang_11f/target/classes -Dcriterion=LINE:BRANCH:EXCEPTION -Dsearch_budget=120 -seed 1 -Dtest_dir=/work/evo_out/Lang_11f/budget120_seed1/tests -Dreport_dir=/work/evo_out/Lang_11f/budget120_seed1/report
* EvoSuite 1.2.0
* Going to generate test cases for class: org.apache.commons.lang3.RandomStringUtils
* Starting Client-0
* Connecting to master process on port 9922
* Analyzing classpath: 
  - /work/Lang_11f/target/classes
  - /work/Lang_11f/target/classes
* Finished analyzing classpath
* Generating tests for class org.apache.commons.lang3.RandomStringUtils
* Test criteria:
  - Line Coverage
  - Branch Coverage
  - Exception
* Setting up search algorithm for whole suite generation
* Total number of test goals: 
  - Line 57
  - Branch 65

[Progress:>                             0%] [Cov:>                                  0%]  - Exception 0
* Using seed 1
* Starting evolution

[Progress:>                             0%] [Cov:========>                          23%]
[Progress:>                             0%] [Cov:===============>                   43%]
[Progress:>                             0%] [Cov:==========================>        77%]
[Progress:>                             0%] [Cov:===========================>       79%]
[Progress:>                             0%] [Cov:============================>      80%]
[Progress:>                             1%] [Cov:=======>                           21%]
[Progress:>                             1%] [Cov:=============>                     39%]
[Progress:>                             1%] [Cov:=========================>         72%]
[Progress:>                             1%] [Cov:==========================>        77%]
[Progress:>                             1%] [Cov:===========================>       78%]
[Progress:>                             1%] [Cov:============================>      80%]
[Progress:>                             2%] [Cov:=======>                           21%]
[Progress:>                             2%] [Cov:=============>                     39%]
[Progress:>                             2%] [Cov:=========================>         72%]
[Progress:>                             2%] [Cov:==========================>        75%]
[Progress:>                             2%] [Cov:===========================>       79%]
[Progress:>                             2%] [Cov:============================>      81%]
[Progress:>                             2%] [Cov:===============================>   89%]
[Progress:>                             3%] [Cov:===============================>   89%]
[Progress:>                             3%] [Cov:===============================>   89%]
[Progress:>                             3%] [Cov:===============================>   89%]
[Progress:>                             3%] [Cov:===============================>   89%]
[Progress:=>                            4%] [Cov:===============================>   89%]
[Progress:=>                            4%] [Cov:===============================>   89%]
[Progress:=>                            4%] [Cov:===============================>   89%]
[Progress:=>                            4%] [Cov:===============================>   89%]
[Progress:=>                            5%] [Cov:===============================>   89%]
[Progress:=>                            5%] [Cov:===============================>   89%]
[Progress:=>                            5%] [Cov:===============================>   89%]
[Progress:=>                            5%] [Cov:===============================>   89%]
[Progress:=>                            5%] [Cov:===============================>   89%]
[Progress:=>                            5%] [Cov:===============================>   89%]
[Progress:=>                            5%] [Cov:===============================>   91%]
[Progress:=>                            5%] [Cov:================================>  92%]
[Progress:=>                            6%] [Cov:===============================>   89%]
[Progress:=>                            6%] [Cov:================================>  92%]
[Progress:=>                            6%] [Cov:================================>  92%]
[Progress:=>                            6%] [Cov:================================>  92%]
[Progress:==>                           7%] [Cov:================================>  92%]
[Progress:==>                           7%] [Cov:================================>  92%]
[Progress:==>                           7%] [Cov:================================>  92%]
[Progress:==>                           7%] [Cov:================================>  92%]
[Progress:==>                           8%] [Cov:================================>  92%]
[Progress:==>                           8%] [Cov:================================>  92%]
[Progress:==>                           8%] [Cov:================================>  92%]
[Progress:==>                           9%] [Cov:================================>  92%]
[Progress:==>                           9%] [Cov:================================>  93%]
[Progress:==>                           9%] [Cov:================================>  93%]
[Progress:==>                           9%] [Cov:================================>  93%]
[Progress:==>                           9%] [Cov:================================>  93%]
[Progress:===>                          10%] [Cov:================================>  93%]
[Progress:===>                          10%] [Cov:================================>  93%]
[Progress:===>                          10%] [Cov:================================>  93%]
[Progress:===>                          10%] [Cov:================================>  94%]
[Progress:===>                          10%] [Cov:================================>  94%]
[Progress:===>                          10%] [Cov:================================>  94%]
[Progress:===>                          11%] [Cov:================================>  94%]
[Progress:===>                          11%] [Cov:================================>  94%]
[Progress:===>                          11%] [Cov:================================>  94%]
[Progress:===>                          11%] [Cov:================================>  94%]
[Progress:===>                          12%] [Cov:================================>  94%]
[Progress:===>                          12%] [Cov:================================>  94%]
[Progress:===>                          12%] [Cov:================================>  94%]
[Progress:===>                          13%] [Cov:================================>  94%]
[Progress:===>                          13%] [Cov:================================>  94%]
[Progress:===>                          13%] [Cov:================================>  94%]
[Progress:===>                          13%] [Cov:================================>  94%]
[Progress:====>                         14%] [Cov:================================>  94%]
[Progress:====>                         14%] [Cov:================================>  94%]
[Progress:====>                         14%] [Cov:================================>  94%]
[Progress:====>                         14%] [Cov:================================>  94%]
[Progress:====>                         15%] [Cov:================================>  94%]
[Progress:====>                         15%] [Cov:================================>  94%]
[Progress:====>                         15%] [Cov:=================================> 95%]
[Progress:====>                         15%] [Cov:=================================> 95%]
[Progress:====>                         15%] [Cov:=================================> 95%]
[Progress:====>                         15%] [Cov:=================================> 95%]
[Progress:====>                         16%] [Cov:=================================> 95%]
[Progress:====>                         16%] [Cov:=================================> 95%]
[Progress:====>                         16%] [Cov:=================================> 95%]
[Progress:=====>                        17%] [Cov:=================================> 95%]
[Progress:=====>                        17%] [Cov:=================================> 95%]
[Progress:=====>                        17%] [Cov:=================================> 95%]
[Progress:=====>                        18%] [Cov:=================================> 95%]
[Progress:=====>                        18%] [Cov:=================================> 95%]
[Progress:=====>                        18%] [Cov:=================================> 95%]
[Progress:=====>                        19%] [Cov:=================================> 95%]
[Progress:=====>                        19%] [Cov:=================================> 95%]
[Progress:=====>                        19%] [Cov:=================================> 95%]
[Progress:=====>                        19%] [Cov:=================================> 95%]
[Progress:======>                       20%] [Cov:=================================> 95%]
[Progress:======>                       20%] [Cov:=================================> 95%]
[Progress:======>                       20%] [Cov:=================================> 95%]
[Progress:======>                       20%] [Cov:=================================> 95%]
[Progress:======>                       20%] [Cov:=================================> 95%]
[Progress:======>                       20%] [Cov:=================================> 95%]
[Progress:======>                       21%] [Cov:=================================> 95%]
[Progress:======>                       21%] [Cov:=================================> 95%]
[Progress:======>                       21%] [Cov:=================================> 95%]
[Progress:======>                       22%] [Cov:=================================> 95%]
[Progress:======>                       22%] [Cov:=================================> 95%]
[Progress:======>                       22%] [Cov:=================================> 95%]
[Progress:======>                       23%] [Cov:=================================> 95%]
[Progress:======>                       23%] [Cov:=================================> 95%]
[Progress:======>                       23%] [Cov:=================================> 95%]
[Progress:======>                       23%] [Cov:=================================> 95%]
[Progress:=======>                      24%] [Cov:=================================> 95%]
[Progress:=======>                      24%] [Cov:=================================> 95%]
[Progress:=======>                      24%] [Cov:=================================> 95%]
[Progress:=======>                      25%] [Cov:=================================> 95%]
[Progress:=======>                      25%] [Cov:=================================> 95%]
[Progress:=======>                      25%] [Cov:=================================> 95%]
[Progress:=======>                      25%] [Cov:=================================> 95%]
[Progress:=======>                      25%] [Cov:=================================> 95%]
[Progress:=======>                      25%] [Cov:=================================> 95%]
[Progress:=======>                      26%] [Cov:=================================> 95%]
[Progress:=======>                      26%] [Cov:=================================> 95%]
[Progress:=======>                      26%] [Cov:=================================> 95%]
[Progress:========>                     27%] [Cov:=================================> 95%]
[Progress:========>                     27%] [Cov:=================================> 95%]
[Progress:========>                     27%] [Cov:=================================> 95%]
[Progress:========>                     28%] [Cov:=================================> 95%]
[Progress:========>                     28%] [Cov:=================================> 95%]
[Progress:========>                     28%] [Cov:=================================> 95%]
[Progress:========>                     29%] [Cov:=================================> 95%]
[Progress:========>                     29%] [Cov:=================================> 95%]
[Progress:========>                     29%] [Cov:=================================> 95%]
[Progress:=========>                    30%] [Cov:=================================> 95%]
[Progress:=========>                    30%] [Cov:=================================> 95%]
[Progress:=========>                    30%] [Cov:=================================> 95%]
[Progress:=========>                    30%] [Cov:=================================> 95%]
[Progress:=========>                    30%] [Cov:=================================> 95%]
[Progress:=========>                    31%] [Cov:=================================> 95%]
[Progress:=========>                    31%] [Cov:=================================> 95%]
[Progress:=========>                    31%] [Cov:=================================> 95%]
[Progress:=========>                    32%] [Cov:=================================> 95%]
[Progress:=========>                    32%] [Cov:=================================> 95%]
[Progress:=========>                    32%] [Cov:=================================> 95%]
[Progress:=========>                    33%] [Cov:=================================> 95%]
[Progress:=========>                    33%] [Cov:=================================> 95%]
[Progress:=========>                    33%] [Cov:=================================> 95%]
[Progress:==========>                   34%] [Cov:=================================> 95%]
[Progress:==========>                   34%] [Cov:=================================> 95%]
[Progress:==========>                   34%] [Cov:=================================> 95%]
[Progress:==========>                   35%] [Cov:=================================> 95%]
[Progress:==========>                   35%] [Cov:=================================> 95%]
[Progress:==========>                   35%] [Cov:=================================> 95%]
[Progress:==========>                   35%] [Cov:=================================> 95%]
[Progress:==========>                   35%] [Cov:=================================> 95%]
[Progress:==========>                   35%] [Cov:=================================> 95%]
[Progress:==========>                   36%] [Cov:=================================> 95%]
[Progress:==========>                   36%] [Cov:=================================> 95%]
[Progress:===========>                  37%] [Cov:=================================> 95%]
[Progress:===========>                  37%] [Cov:=================================> 95%]
[Progress:===========>                  37%] [Cov:=================================> 95%]
[Progress:===========>                  38%] [Cov:=================================> 95%]
[Progress:===========>                  38%] [Cov:=================================> 95%]
[Progress:===========>                  38%] [Cov:=================================> 95%]
[Progress:===========>                  38%] [Cov:=================================> 95%]
[Progress:===========>                  39%] [Cov:=================================> 95%]
[Progress:===========>                  39%] [Cov:=================================> 95%]
[Progress:===========>                  39%] [Cov:=================================> 95%]
[Progress:============>                 40%] [Cov:=================================> 95%]
[Progress:============>                 40%] [Cov:=================================> 95%]
[Progress:============>                 40%] [Cov:=================================> 95%]
[Progress:============>                 40%] [Cov:=================================> 95%]
[Progress:============>                 40%] [Cov:=================================> 95%]
[Progress:============>                 41%] [Cov:=================================> 95%]
[Progress:============>                 41%] [Cov:=================================> 95%]
[Progress:============>                 41%] [Cov:=================================> 95%]
[Progress:============>                 41%] [Cov:==================================>98%]
[Progress:============>                 41%] [Cov:===================================100%]
[Progress:============>                 41%] [Cov:===================================100%]
[Progress:============>                 42%] [Cov:===================================100%]
[Progress:============>                 42%] [Cov:===================================100%]
[Progress:============>                 42%] [Cov:===================================100%]
[Progress:============>                 43%] [Cov:===================================100%]
[Progress:============>                 43%] [Cov:===================================100%]
[Progress:============>                 43%] [Cov:===================================100%]
[Progress:============>                 43%] [Cov:===================================100%]
[Progress:=============>                44%] [Cov:===================================100%]
[Progress:=============>                44%] [Cov:===================================100%]
[Progress:=============>                44%] [Cov:===================================100%]
[Progress:=============>                45%] [Cov:===================================100%]
[Progress:=============>                45%] [Cov:===================================100%]
[Progress:=============>                45%] [Cov:===================================100%]
[Progress:=============>                45%] [Cov:===================================100%]
[Progress:=============>                45%] [Cov:===================================100%]
[Progress:=============>                45%] [Cov:===================================100%]
[Progress:=============>                46%] [Cov:===================================100%]
[Progress:=============>                46%] [Cov:===================================100%]
[Progress:=============>                46%] [Cov:===================================100%]
[Progress:=============>                46%] [Cov:===================================100%]
[Progress:==============>               47%] [Cov:===================================100%]
[Progress:==============>               47%] [Cov:===================================100%]
[Progress:==============>               47%] [Cov:===================================100%]
[Progress:==============>               47%] [Cov:===================================100%]
[Progress:==============>               47%] [Cov:===================================100%]
[Progress:==============>               48%] [Cov:===================================100%]
[Progress:==============>               48%] [Cov:===================================100%]
[Progress:==============>               48%] [Cov:===================================100%]
[Progress:==============>               49%] [Cov:===================================100%]
[Progress:==============>               49%] [Cov:===================================100%]
[Progress:==============>               49%] [Cov:===================================100%]
[Progress:===============>              50%] [Cov:===================================100%]
[Progress:===============>              50%] [Cov:===================================100%]
[Progress:===============>              50%] [Cov:===================================100%]
[Progress:===============>              50%] [Cov:===================================100%]
[Progress:===============>              50%] [Cov:===================================100%]
[Progress:===============>              50%] [Cov:===================================100%]
[Progress:===============>              50%] [Cov:===================================100%]
[Progress:===============>              51%] [Cov:===================================100%]
[Progress:===============>              51%] [Cov:===================================100%]
[Progress:===============>              51%] [Cov:===================================100%]
[Progress:===============>              51%] [Cov:===================================100%]
[Progress:===============>              52%] [Cov:===================================100%]
[Progress:===============>              52%] [Cov:===================================100%]
[Progress:===============>              52%] [Cov:===================================100%]
[Progress:===============>              52%] [Cov:===================================100%]
[Progress:===============>              53%] [Cov:===================================100%]
[Progress:===============>              53%] [Cov:===================================100%]
[Progress:===============>              53%] [Cov:===================================100%]
[Progress:================>             54%] [Cov:===================================100%]
[Progress:================>             54%] [Cov:===================================100%]
[Progress:================>             54%] [Cov:===================================100%]
[Progress:================>             54%] [Cov:===================================100%]
[Progress:================>             55%] [Cov:===================================100%]
[Progress:================>             55%] [Cov:===================================100%]
[Progress:================>             55%] [Cov:===================================100%]
[Progress:================>             55%] [Cov:===================================100%]
[Progress:================>             55%] [Cov:===================================100%]
[Progress:================>             56%] [Cov:===================================100%]
[Progress:================>             56%] [Cov:===================================100%]
[Progress:================>             56%] [Cov:===================================100%]
[Progress:================>             56%] [Cov:===================================100%]
[Progress:=================>            57%] [Cov:===================================100%]
[Progress:=================>            57%] [Cov:===================================100%]
[Progress:=================>            57%] [Cov:===================================100%]
[Progress:=================>            58%] [Cov:===================================100%]
[Progress:=================>            58%] [Cov:===================================100%]
[Progress:=================>            58%] [Cov:===================================100%]
[Progress:=================>            58%] [Cov:===================================100%]
[Progress:=================>            59%] [Cov:===================================100%]
[Progress:=================>            59%] [Cov:===================================100%]
[Progress:=================>            59%] [Cov:===================================100%]
[Progress:==================>           60%] [Cov:===================================100%]
[Progress:==================>           60%] [Cov:===================================100%]
[Progress:==================>           60%] [Cov:===================================100%]
[Progress:==================>           60%] [Cov:===================================100%]
[Progress:==================>           60%] [Cov:===================================100%]
[Progress:==================>           60%] [Cov:===================================100%]
[Progress:==================>           61%] [Cov:===================================100%]
[Progress:==================>           61%] [Cov:===================================100%]
[Progress:==================>           61%] [Cov:===================================100%]
[Progress:==================>           61%] [Cov:===================================100%]
[Progress:==================>           62%] [Cov:===================================100%]
[Progress:==================>           62%] [Cov:===================================100%]
[Progress:==================>           62%] [Cov:===================================100%]
[Progress:==================>           62%] [Cov:===================================100%]
[Progress:==================>           63%] [Cov:===================================100%]
[Progress:==================>           63%] [Cov:===================================100%]
[Progress:==================>           63%] [Cov:===================================100%]
[Progress:==================>           63%] [Cov:===================================100%]
[Progress:===================>          64%] [Cov:===================================100%]
[Progress:===================>          64%] [Cov:===================================100%]
[Progress:===================>          64%] [Cov:===================================100%]
[Progress:===================>          64%] [Cov:===================================100%]
[Progress:===================>          65%] [Cov:===================================100%]
[Progress:===================>          65%] [Cov:===================================100%]
[Progress:===================>          65%] [Cov:===================================100%]
[Progress:===================>          65%] [Cov:===================================100%]
[Progress:===================>          65%] [Cov:===================================100%]
[Progress:===================>          65%] [Cov:===================================100%]
[Progress:===================>          66%] [Cov:===================================100%]
[Progress:===================>          66%] [Cov:===================================100%]
[Progress:===================>          66%] [Cov:===================================100%]
[Progress:===================>          66%] [Cov:===================================100%]
[Progress:====================>         67%] [Cov:===================================100%]
[Progress:====================>         67%] [Cov:===================================100%]
[Progress:====================>         67%] [Cov:===================================100%]
[Progress:====================>         68%] [Cov:===================================100%]
[Progress:====================>         68%] [Cov:===================================100%]
[Progress:====================>         68%] [Cov:===================================100%]
[Progress:====================>         68%] [Cov:===================================100%]
[Progress:====================>         69%] [Cov:===================================100%]
[Progress:====================>         69%] [Cov:===================================100%]
[Progress:====================>         69%] [Cov:===================================100%]
[Progress:====================>         69%] [Cov:===================================100%]
[Progress:=====================>        70%] [Cov:===================================100%]
[Progress:=====================>        70%] [Cov:===================================100%]
[Progress:=====================>        70%] [Cov:===================================100%]
[Progress:=====================>        70%] [Cov:===================================100%]
[Progress:=====================>        70%] [Cov:===================================100%]
[Progress:=====================>        70%] [Cov:===================================100%]
[Progress:=====================>        71%] [Cov:===================================100%]
[Progress:=====================>        71%] [Cov:===================================100%]
[Progress:=====================>        71%] [Cov:===================================100%]
[Progress:=====================>        72%] [Cov:===================================100%]
[Progress:=====================>        72%] [Cov:===================================100%]
[Progress:=====================>        72%] [Cov:===================================100%]
[Progress:=====================>        72%] [Cov:===================================100%]
[Progress:=====================>        73%] [Cov:===================================100%]
[Progress:=====================>        73%] [Cov:===================================100%]
[Progress:=====================>        73%] [Cov:===================================100%]
[Progress:=====================>        73%] [Cov:===================================100%]
[Progress:=====================>        73%] [Cov:===================================100%]
[Progress:======================>       74%] [Cov:===================================100%]
[Progress:======================>       74%] [Cov:===================================100%]
[Progress:======================>       74%] [Cov:===================================100%]
[Progress:======================>       75%] [Cov:===================================100%]
[Progress:======================>       75%] [Cov:===================================100%]
[Progress:======================>       75%] [Cov:===================================100%]
[Progress:======================>       75%] [Cov:===================================100%]
[Progress:======================>       75%] [Cov:===================================100%]
[Progress:======================>       75%] [Cov:===================================100%]
[Progress:======================>       76%] [Cov:===================================100%]
[Progress:======================>       76%] [Cov:===================================100%]
[Progress:======================>       76%] [Cov:===================================100%]
[Progress:======================>       76%] [Cov:===================================100%]
[Progress:=======================>      77%] [Cov:===================================100%]
[Progress:=======================>      77%] [Cov:===================================100%]
[Progress:=======================>      77%] [Cov:===================================100%]
[Progress:=======================>      77%] [Cov:===================================100%]
[Progress:=======================>      78%] [Cov:===================================100%]
[Progress:=======================>      78%] [Cov:===================================100%]
[Progress:=======================>      78%] [Cov:===================================100%]
[Progress:=======================>      78%] [Cov:===================================100%]
[Progress:=======================>      79%] [Cov:===================================100%]
[Progress:=======================>      79%] [Cov:===================================100%]
[Progress:=======================>      79%] [Cov:===================================100%]
[Progress:=======================>      79%] [Cov:===================================100%]
[Progress:========================>     80%] [Cov:===================================100%]
[Progress:========================>     80%] [Cov:===================================100%]
[Progress:========================>     80%] [Cov:===================================100%]
[Progress:========================>     80%] [Cov:===================================100%]
[Progress:========================>     80%] [Cov:===================================100%]
[Progress:========================>     80%] [Cov:===================================100%]
[Progress:========================>     81%] [Cov:===================================100%]
[Progress:========================>     81%] [Cov:===================================100%]
[Progress:========================>     81%] [Cov:===================================100%]
[Progress:========================>     81%] [Cov:===================================100%]
[Progress:========================>     81%] [Cov:===================================100%]
[Progress:========================>     82%] [Cov:===================================100%]
[Progress:========================>     82%] [Cov:===================================100%]
[Progress:========================>     82%] [Cov:===================================100%]
[Progress:========================>     83%] [Cov:===================================100%]
[Progress:========================>     83%] [Cov:===================================100%]
[Progress:========================>     83%] [Cov:===================================100%]
[Progress:========================>     83%] [Cov:===================================100%]
[Progress:=========================>    84%] [Cov:===================================100%]
[Progress:=========================>    84%] [Cov:===================================100%]
[Progress:=========================>    84%] [Cov:===================================100%]
[Progress:=========================>    84%] [Cov:===================================100%]
[Progress:=========================>    84%] [Cov:===================================100%]
[Progress:=========================>    85%] [Cov:===================================100%]
[Progress:=========================>    85%] [Cov:===================================100%]
[Progress:=========================>    85%] [Cov:===================================100%]
[Progress:=========================>    85%] [Cov:===================================100%]
[Progress:=========================>    85%] [Cov:===================================100%]
[Progress:=========================>    85%] [Cov:===================================100%]
[Progress:=========================>    85%] [Cov:===================================100%]
[Progress:=========================>    86%] [Cov:===================================100%]
[Progress:=========================>    86%] [Cov:===================================100%]
[Progress:=========================>    86%] [Cov:===================================100%]
[Progress:==========================>   87%] [Cov:===================================100%]
[Progress:==========================>   87%] [Cov:===================================100%]
[Progress:==========================>   87%] [Cov:===================================100%]
[Progress:==========================>   87%] [Cov:===================================100%]
[Progress:==========================>   87%] [Cov:===================================100%]
[Progress:==========================>   88%] [Cov:===================================100%]
[Progress:==========================>   88%] [Cov:===================================100%]
[Progress:==========================>   88%] [Cov:===================================100%]
[Progress:==========================>   88%] [Cov:===================================100%]
[Progress:==========================>   89%] [Cov:===================================100%]
[Progress:==========================>   89%] [Cov:===================================100%]
[Progress:==========================>   89%] [Cov:===================================100%]
[Progress:===========================>  90%] [Cov:===================================100%]
[Progress:===========================>  90%] [Cov:===================================100%]
[Progress:===========================>  90%] [Cov:===================================100%]
[Progress:===========================>  90%] [Cov:===================================100%]
[Progress:===========================>  90%] [Cov:===================================100%]
[Progress:===========================>  90%] [Cov:===================================100%]
[Progress:===========================>  90%] [Cov:===================================100%]
[Progress:===========================>  90%] [Cov:===================================100%]
[Progress:===========================>  91%] [Cov:===================================100%]
[Progress:===========================>  91%] [Cov:===================================100%]
[Progress:===========================>  91%] [Cov:===================================100%]
[Progress:===========================>  91%] [Cov:===================================100%]
[Progress:===========================>  92%] [Cov:===================================100%]
[Progress:===========================>  92%] [Cov:===================================100%]
[Progress:===========================>  92%] [Cov:===================================100%]
[Progress:===========================>  92%] [Cov:===================================100%]
[Progress:===========================>  93%] [Cov:===================================100%]
[Progress:===========================>  93%] [Cov:===================================100%]
[Progress:===========================>  93%] [Cov:===================================100%]
[Progress:===========================>  93%] [Cov:===================================100%]
[Progress:============================> 94%] [Cov:===================================100%]
[Progress:============================> 94%] [Cov:===================================100%]
[Progress:============================> 94%] [Cov:===================================100%]
[Progress:============================> 94%] [Cov:===================================100%]
[Progress:============================> 95%] [Cov:===================================100%]
[Progress:============================> 95%] [Cov:===================================100%]
[Progress:============================> 95%] [Cov:===================================100%]
[Progress:============================> 95%] [Cov:===================================100%]
[Progress:============================> 95%] [Cov:===================================100%]
[Progress:============================> 95%] [Cov:===================================100%]
[Progress:============================> 95%] [Cov:===================================100%]
[Progress:============================> 96%] [Cov:===================================100%]
[Progress:============================> 96%] [Cov:===================================100%]
[Progress:============================> 96%] [Cov:===================================100%]
[Progress:============================> 96%] [Cov:===================================100%]
[Progress:=============================>97%] [Cov:===================================100%]
[Progress:=============================>97%] [Cov:===================================100%]
[Progress:=============================>97%] [Cov:===================================100%]
[Progress:=============================>97%] [Cov:===================================100%]
[Progress:=============================>98%] [Cov:===================================100%]
[Progress:=============================>98%] [Cov:===================================100%]
[Progress:=============================>98%] [Cov:===================================100%]
[Progress:=============================>99%] [Cov:===================================100%]
[Progress:=============================>99%] [Cov:===================================100%]
[Progress:=============================>99%] [Cov:===================================100%]
[Progress:=============================>99%] [Cov:===================================100%]
[Progress:==============================100%] [Cov:===================================100%]
[Progress:==============================100%] [Cov:===================================100%]
[Progress:==============================100%] [Cov:===================================100%]
[Progress:==============================100%] [Cov:===================================100%]
[Progress:==============================100%] [Cov:===================================100%]
* Search finished after 121s and 305 generations, 103638 statements, best individual has fitness: 0.038461538461538464
* Minimizing test suite
* Going to analyze the coverage criteria
* Coverage analysis for criterion LINE
* Coverage of criterion LINE: 100%
* Total number of goals: 57
* Number of covered goals: 57
* Coverage analysis for criterion BRANCH
* Coverage of criterion BRANCH: 100%
* Total number of goals: 65
* Number of covered goals: 65
* Coverage analysis for criterion EXCEPTION
* Coverage of criterion EXCEPTION: 100%
* Total number of goals: 25
* Number of covered goals: 25
* Generated 32 tests with total length 51
* Resulting test suite's coverage: 100% (average coverage for all fitness functions)
* Generating assertions
* Resulting test suite's mutation score: 26%
* Compiling and checking tests
* Writing tests to file
* Writing JUnit test case 'RandomStringUtils_ESTest' to /work/evo_out/Lang_11f/budget120_seed1/tests
* Done!

* Computation finished

[exit=0 timeout=False time=161.0s]

$ javac -nowarn -cp /work/Lang_11f/target/classes:/work/Lang_11f/target/classes:/work/Lang_11f/target/tests:/opt/defects4j/framework/projects/lib/junit-4.12-hamcrest-1.3.jar:/opt/defects4j/framework/projects/Lang/lib/easymock.jar:/opt/defects4j/framework/projects/Lang/lib/commons-io.jar:/opt/defects4j/framework/projects/Lang/lib/cglib.jar:/opt/defects4j/framework/projects/Lang/lib/asm.jar:/opt/evosuite/evosuite-standalone-runtime-1.2.0.jar -d /work/evo_out/Lang_11f/budget120_seed1/classes /work/evo_out/Lang_11f/budget120_seed1/tests/org/apache/commons/lang3/RandomStringUtils_ESTest.java /work/evo_out/Lang_11f/budget120_seed1/tests/org/apache/commons/lang3/RandomStringUtils_ESTest_scaffolding.java

[exit=0 timeout=False time=0.6s]

$ java -jar /opt/jacoco/lib/jacococli.jar instrument /work/Lang_11f/target/classes --dest /work/evo_out/Lang_11f/budget120_seed1/instrumented
[INFO] 170 classes instrumented to /work/evo_out/Lang_11f/budget120_seed1/instrumented.

[exit=0 timeout=False time=0.3s]

$ java -Djacoco-agent.destfile=/workspace/EvoSuite/Result_Round2/Lang_11/budget120_seed1/jacoco.exec -cp /work/evo_out/Lang_11f/budget120_seed1/instrumented:/work/evo_out/Lang_11f/budget120_seed1/classes:/work/Lang_11f/target/classes:/work/Lang_11f/target/tests:/opt/defects4j/framework/projects/lib/junit-4.12-hamcrest-1.3.jar:/opt/defects4j/framework/projects/Lang/lib/easymock.jar:/opt/defects4j/framework/projects/Lang/lib/commons-io.jar:/opt/defects4j/framework/projects/Lang/lib/cglib.jar:/opt/defects4j/framework/projects/Lang/lib/asm.jar:/opt/evosuite/evosuite-standalone-runtime-1.2.0.jar:/opt/jacoco/lib/jacocoagent.jar org.junit.runner.JUnitCore org.apache.commons.lang3.RandomStringUtils_ESTest
JUnit version 4.12
................................
Time: 0.448

OK (32 tests)

SLF4J: Failed to load class "org.slf4j.impl.StaticLoggerBinder".
SLF4J: Defaulting to no-operation (NOP) logger implementation
SLF4J: See http://www.slf4j.org/codes.html#StaticLoggerBinder for further details.
WARNING: An illegal reflective access operation has occurred
WARNING: Illegal reflective access by org.evosuite.runtime.GuiSupport (file:/opt/evosuite/evosuite-standalone-runtime-1.2.0.jar) to field java.awt.GraphicsEnvironment.headless
WARNING: Please consider reporting this to the maintainers of org.evosuite.runtime.GuiSupport
WARNING: Use --illegal-access=warn to enable warnings of further illegal reflective access operations
WARNING: All illegal access operations will be denied in a future release

[exit=0 timeout=False time=0.7s]

$ java -jar /opt/jacoco/lib/jacococli.jar report /workspace/EvoSuite/Result_Round2/Lang_11/budget120_seed1/jacoco.exec --classfiles /work/Lang_11f/target/classes --csv /workspace/EvoSuite/Result_Round2/Lang_11/budget120_seed1/jacoco.csv
[INFO] Loading execution data file /workspace/EvoSuite/Result_Round2/Lang_11/budget120_seed1/jacoco.exec.
[INFO] Analyzing 157 classes.

[exit=0 timeout=False time=0.4s]

$ java -cp /work/evo_out/Lang_11f/budget120_seed1/classes:/work/Lang_11b/target/classes:/work/Lang_11b/target/tests:/opt/defects4j/framework/projects/lib/junit-4.12-hamcrest-1.3.jar:/opt/defects4j/framework/projects/Lang/lib/easymock.jar:/opt/defects4j/framework/projects/Lang/lib/commons-io.jar:/opt/defects4j/framework/projects/Lang/lib/cglib.jar:/opt/defects4j/framework/projects/Lang/lib/asm.jar:/opt/evosuite/evosuite-standalone-runtime-1.2.0.jar org.junit.runner.JUnitCore org.apache.commons.lang3.RandomStringUtils_ESTest
JUnit version 4.12
..E....................E..........
Time: 0.417
There were 2 failures:
1) test25(org.apache.commons.lang3.RandomStringUtils_ESTest)
java.lang.ArithmeticException: / by zero
	at org.evosuite.runtime.Random.nextInt(Random.java:60)
	at org.evosuite.runtime.mock.java.util.MockRandom.nextInt(MockRandom.java:55)
	at org.apache.commons.lang3.RandomStringUtils.random(RandomStringUtils.java:255)
	at org.apache.commons.lang3.RandomStringUtils_ESTest.test25(RandomStringUtils_ESTest.java:290)
	at java.base/jdk.internal.reflect.NativeMethodAccessorImpl.invoke0(Native Method)
	at java.base/jdk.internal.reflect.NativeMethodAccessorImpl.invoke(NativeMethodAccessorImpl.java:62)
	at java.base/jdk.internal.reflect.DelegatingMethodAccessorImpl.invoke(DelegatingMethodAccessorImpl.java:43)
	at java.base/java.lang.reflect.Method.invoke(Method.java:566)
	at org.junit.runners.model.FrameworkMethod$1.runReflectiveCall(FrameworkMethod.java:50)
	at org.junit.internal.runners.model.ReflectiveCallable.run(ReflectiveCallable.java:12)
	at org.junit.runners.model.FrameworkMethod.invokeExplosively(FrameworkMethod.java:47)
	at org.junit.internal.runners.statements.InvokeMethod.evaluate(InvokeMethod.java:17)
	at org.junit.internal.runners.statements.FailOnTimeout$CallableStatement.call(FailOnTimeout.java:298)
	at org.junit.internal.runners.statements.FailOnTimeout$CallableStatement.call(FailOnTimeout.java:292)
	at java.base/java.util.concurrent.FutureTask.run(FutureTask.java:264)
	at java.base/java.lang.Thread.run(Thread.java:829)
2) test13(org.apache.commons.lang3.RandomStringUtils_ESTest)
java.lang.ArithmeticException

FAILURES!!!
Tests run: 32,  Failures: 2

SLF4J: Failed to load class "org.slf4j.impl.StaticLoggerBinder".
SLF4J: Defaulting to no-operation (NOP) logger implementation
SLF4J: See http://www.slf4j.org/codes.html#StaticLoggerBinder for further details.
WARNING: An illegal reflective access operation has occurred
WARNING: Illegal reflective access by org.evosuite.runtime.GuiSupport (file:/opt/evosuite/evosuite-standalone-runtime-1.2.0.jar) to field java.awt.GraphicsEnvironment.headless
WARNING: Please consider reporting this to the maintainers of org.evosuite.runtime.GuiSupport
WARNING: Use --illegal-access=warn to enable warnings of further illegal reflective access operations
WARNING: All illegal access operations will be denied in a future release

[exit=1 timeout=False time=0.6s]
