
$ javac -nowarn -encoding UTF-8 -cp /work/Math_83f/target/classes:/work/Math_83f/target/test-classes:/opt/defects4j/framework/projects/lib/junit-4.12-hamcrest-1.3.jar:/work/jqwik_harness:/workspace/lib/jqwik/jqwik-1.7.4.jar:/workspace/lib/jqwik/jqwik-api-1.7.4.jar:/workspace/lib/jqwik/jqwik-engine-1.7.4.jar -d /work/jqwik_out/Math_83/auto_round1_tries200_seed2/classes_f /workspace/jqwik/Auto/Math_83/org/apache/commons/math/optimization/linear/SimplexTableau_AutoPbtTest.java

[exit=0 timeout=False time=0.8s]

$ javac -nowarn -encoding UTF-8 -cp /work/Math_83b/target/classes:/work/Math_83b/target/test-classes:/opt/defects4j/framework/projects/lib/junit-4.12-hamcrest-1.3.jar:/work/jqwik_harness:/workspace/lib/jqwik/jqwik-1.7.4.jar:/workspace/lib/jqwik/jqwik-api-1.7.4.jar:/workspace/lib/jqwik/jqwik-engine-1.7.4.jar -d /work/jqwik_out/Math_83/auto_round1_tries200_seed2/classes_b /workspace/jqwik/Auto/Math_83/org/apache/commons/math/optimization/linear/SimplexTableau_AutoPbtTest.java

[exit=0 timeout=False time=0.7s]

$ java -Djava.awt.headless=true -Xss4m -Xmx1g -Dpbt.seed=2 -Dpbt.tries=200 -Dpbt.snapshot.dir=/work/jqwik_out/Math_83/auto_round1_tries200_seed2/snapshots -Dpbt.propertyBudgetMs=5000 -Dpbt.mask=/work/Math_83f:/work/Math_83b:/work/jqwik_out/Math_83/auto_round1_tries200_seed2/classes_f:/work/jqwik_out/Math_83/auto_round1_tries200_seed2/classes_b -Dpbt.mode=record -jar /workspace/lib/jqwik/junit-platform-console-standalone-1.9.3.jar --disable-banner --details tree --class-path /work/jqwik_out/Math_83/auto_round1_tries200_seed2/classes_f:/work/Math_83f/target/classes:/work/Math_83f/target/test-classes:/opt/defects4j/framework/projects/lib/junit-4.12-hamcrest-1.3.jar:/work/jqwik_harness:/workspace/lib/jqwik/jqwik-1.7.4.jar:/workspace/lib/jqwik/jqwik-api-1.7.4.jar:/workspace/lib/jqwik/jqwik-engine-1.7.4.jar --scan-class-path /work/jqwik_out/Math_83/auto_round1_tries200_seed2/classes_f --include-classname .* --include-engine jqwik --config jqwik.database=/workspace/jqwik/Result_auto_Round1/Math_83/tries200_seed2/reports_record/jqwik-database --config jqwik.tries.default=200 --reports-dir /workspace/jqwik/Result_auto_Round1/Math_83/tries200_seed2/reports_record
Test:m017 getRhsOffset = 
                              |-----------------------jqwik-----------------------
tries = 200                   | # of calls to property
checks = 200                  | # of not rejected calls
generation = RANDOMIZED       | parameters are randomly generated
after-failure = SAMPLE_FIRST  | try previously failed sample, then previous seed
when-fixed-seed = ALLOW       | fixing the random seed is allowed
edge-cases#mode = NONE        | edge cases are not explicitly generated
seed = 2                      | random seed to reproduce generated values


timestamp = 2026-09-29T23:53:34.167507, SimplexTableau AutoPbtTest:m015 getNumVariables = 
                              |-----------------------jqwik-----------------------
tries = 200                   | # of calls to property
checks = 200                  | # of not rejected calls
generation = RANDOMIZED       | parameters are randomly generated
after-failure = SAMPLE_FIRST  | try previously failed sample, then previous seed
when-fixed-seed = ALLOW       | fixing the random seed is allowed
edge-cases#mode = NONE        | edge cases are not explicitly generated
seed = 2                      | random seed to reproduce generated values


timestamp = 2026-09-29T23:53:34.323036, SimplexTableau AutoPbtTest:m013 getNumObjectiveFunctions = 
                              |-----------------------jqwik-----------------------
tries = 200                   | # of calls to property
checks = 200                  | # of not rejected calls
generation = RANDOMIZED       | parameters are randomly generated
after-failure = SAMPLE_FIRST  | try previously failed sample, then previous seed
when-fixed-seed = ALLOW       | fixing the random seed is allowed
edge-cases#mode = NONE        | edge cases are not explicitly generated
seed = 2                      | random seed to reproduce generated values


[36m╷[0m
[36m└─[0m [36mjqwik (JUnit Platform)[0m [32m✔[0m
[36m   └─[0m [36mSimplexTableau AutoPbtTest[0m [32m✔[0m
[36m      ├─[0m [34mm016 getOriginalNumDecisionVariables[0m [32m✔[0m
[36m      ├─[0m [34mm001 discardArtificialVariables[0m [32m✔[0m
[36m      ├─[0m [34mm010 getNormalizedConstraints[0m [32m✔[0m
[36m      ├─[0m [34mm009 getNegativeDecisionVariableOffset[0m [32m✔[0m
[36m      ├─[0m [34mm002 divideRow[0m [32m✔[0m
[36m      ├─[0m [34mm008 getInvertedCoeffiecientSum[0m [32m✔[0m
[36m      ├─[0m [34mm021 hashCode[0m [32m✔[0m
[36m      ├─[0m [34mm019 getSolution[0m [32m✔[0m
[36m      ├─[0m [34mm006 getEntry[0m [32m✔[0m
[36m      ├─[0m [34mm000 createTableau[0m [32m✔[0m
[36m      ├─[0m [34mm012 getNumDecisionVariables[0m [32m✔[0m
[36m      ├─[0m [34mm023 subtractRow[0m [32m✔[0m
[36m      ├─[0m [34mm011 getNumArtificialVariables[0m [32m✔[0m
[36m      ├─[0m [34mm014 getNumSlackVariables[0m [32m✔[0m
[36m      ├─[0m [34mm003 equals[0m [32m✔[0m
[36m      ├─[0m [34mm018 getSlackVariableOffset[0m [32m✔[0m
[36m      ├─[0m [34mm004 getArtificialVariableOffset[0m [32m✔[0m
[36m      ├─[0m [34mm007 getHeight[0m [32m✔[0m
[36m      ├─[0m [34mm022 setEntry[0m [32m✔[0m
[36m      ├─[0m [34mm005 getData[0m [32m✔[0m
[36m      ├─[0m [34mcontract equalsHashCode[0m [32m✔[0m
[36m      ├─[0m [34mm020 getWidth[0m [32m✔[0m
[36m      ├─[0m [34mm017 getRhsOffset[0m [32m✔[0m
[36m      ├─[0m [34mm015 getNumVariables[0m [32m✔[0m
[36m      └─[0m [34mm013 getNumObjectiveFunctions[0m [32m✔[0m

Test run finished after 3651 ms
[         2 containers found      ]
[         0 containers skipped    ]
[         2 containers started    ]
[         0 containers aborted    ]
[         2 containers successful ]
[         0 containers failed     ]
[        25 tests found           ]
[         0 tests skipped         ]
[        25 tests started         ]
[         0 tests aborted         ]
[        25 tests successful      ]
[         0 tests failed          ]


[exit=0 timeout=False time=4.6s]

$ java -Djava.awt.headless=true -Xss4m -Xmx1g -Dpbt.seed=2 -Dpbt.tries=200 -Dpbt.snapshot.dir=/work/jqwik_out/Math_83/auto_round1_tries200_seed2/snapshots -Dpbt.propertyBudgetMs=5000 -Dpbt.mask=/work/Math_83f:/work/Math_83b:/work/jqwik_out/Math_83/auto_round1_tries200_seed2/classes_f:/work/jqwik_out/Math_83/auto_round1_tries200_seed2/classes_b -Dpbt.mode=check -javaagent:/opt/jacoco/lib/jacocoagent.jar=destfile=/workspace/jqwik/Result_auto_Round1/Math_83/tries200_seed2/jacoco.exec -jar /workspace/lib/jqwik/junit-platform-console-standalone-1.9.3.jar --disable-banner --details tree --class-path /work/jqwik_out/Math_83/auto_round1_tries200_seed2/classes_f:/work/Math_83f/target/classes:/work/Math_83f/target/test-classes:/opt/defects4j/framework/projects/lib/junit-4.12-hamcrest-1.3.jar:/work/jqwik_harness:/workspace/lib/jqwik/jqwik-1.7.4.jar:/workspace/lib/jqwik/jqwik-api-1.7.4.jar:/workspace/lib/jqwik/jqwik-engine-1.7.4.jar --scan-class-path /work/jqwik_out/Math_83/auto_round1_tries200_seed2/classes_f --include-classname .* --include-engine jqwik --config jqwik.database=/workspace/jqwik/Result_auto_Round1/Math_83/tries200_seed2/reports_fixed/jqwik-database --config jqwik.tries.default=200 --reports-dir /workspace/jqwik/Result_auto_Round1/Math_83/tries200_seed2/reports_fixed
LinearConstraint.<init>[double[], Relationship.LEQ, Double:-0.11], new LinearConstraint.<init>[double[], Relationship.EQ, Double:-2.38]], GoalType.MINIMIZE, Boolean:true, Double:10569.13].hashCode[][0m
[36m      │     [0m[31m     expected: ret=Integer:-93268067 | this=obj org.apache.commons.math.optimization.linear.SimplexTableau[0m
[36m      │     [0m[31m     actual:   ret=Integer:-1684946190 | this=obj org.apache.commons.math.optimization.linear.SimplexTableau[0m
[36m      ├─[0m [34mm019 getSolution[0m [32m✔[0m
[36m      ├─[0m [34mm006 getEntry[0m [32m✔[0m
[36m      ├─[0m [34mm000 createTableau[0m [32m✔[0m
[36m      ├─[0m [34mm012 getNumDecisionVariables[0m [32m✔[0m
[36m      ├─[0m [34mm023 subtractRow[0m [32m✔[0m
[36m      ├─[0m [34mm011 getNumArtificialVariables[0m [32m✔[0m
[36m      ├─[0m [34mm014 getNumSlackVariables[0m [32m✔[0m
[36m      ├─[0m [34mm003 equals[0m [32m✔[0m
[36m      ├─[0m [34mm018 getSlackVariableOffset[0m [32m✔[0m
[36m      ├─[0m [34mm004 getArtificialVariableOffset[0m [32m✔[0m
[36m      ├─[0m [34mm007 getHeight[0m [32m✔[0m
[36m      ├─[0m [34mm022 setEntry[0m [32m✔[0m
[36m      ├─[0m [34mm005 getData[0m [32m✔[0m
[36m      ├─[0m [34mcontract equalsHashCode[0m [32m✔[0m
[36m      ├─[0m [34mm020 getWidth[0m [32m✔[0m
[36m      ├─[0m [34mm017 getRhsOffset[0m [32m✔[0m
[36m      ├─[0m [34mm015 getNumVariables[0m [32m✔[0m
[36m      └─[0m [34mm013 getNumObjectiveFunctions[0m [32m✔[0m

Failures (1):
  jqwik (JUnit Platform):SimplexTableau AutoPbtTest:m021 hashCode
    MethodSource [className = 'org.apache.commons.math.optimization.linear.SimplexTableau_AutoPbtTest', methodName = 'm021_hashCode', methodParameterTypes = 'pbt.auto.AutoTarget$Call']
    => java.lang.AssertionError: [regression] org.apache.commons.math.optimization.linear.SimplexTableau.hashCode()
  input:    new SimplexTableau.<init>[new LinearObjectiveFunction.<init>[double[Double:1.0, Double:2.69522858767219E32, Double:-8.89, Double:-0.0, Double:-1.1029827963108791E51, Double:0.02], Double:7.3], list[new LinearConstraint.<init>[double[], Relationship.LEQ, Double:-0.11], new LinearConstraint.<init>[double[], Relationship.EQ, Double:-2.38]], GoalType.MINIMIZE, Boolean:true, Double:10569.13].hashCode[]
  expected: ret=Integer:-93268067 | this=obj org.apache.commons.math.optimization.linear.SimplexTableau
  actual:   ret=Integer:-1684946190 | this=obj org.apache.commons.math.optimization.linear.SimplexTableau
       pbt.auto.AutoTarget.check(AutoTarget.java:127)
       org.apache.commons.math.optimization.linear.SimplexTableau_AutoPbtTest.m021_hashCode(SimplexTableau_AutoPbtTest.java:225)
       java.base/jdk.internal.reflect.NativeMethodAccessorImpl.invoke0(Native Method)
       java.base/jdk.internal.reflect.NativeMethodAccessorImpl.invoke(NativeMethodAccessorImpl.java:62)
       java.base/jdk.internal.reflect.DelegatingMethodAccessorImpl.invoke(DelegatingMethodAccessorImpl.java:43)
       java.base/java.lang.reflect.Method.invoke(Method.java:566)
       org.junit.platform.commons.util.ReflectionUtils.invokeMethod(ReflectionUtils.java:727)
       org.junit.platform.commons.support.ReflectionSupport.invokeMethod(ReflectionSupport.java:198)
       net.jqwik.engine.execution.CheckedPropertyFactory.lambda$createRawFunction$1(CheckedPropertyFactory.java:84)
       net.jqwik.engine.execution.CheckedPropertyFactory.lambda$createRawFunction$2(CheckedPropertyFactory.java:91)
       [...]

Test run finished after 5687 ms
[         2 containers found      ]
[         0 containers skipped    ]
[         2 containers started    ]
[         0 containers aborted    ]
[         2 containers successful ]
[         0 containers failed     ]
[        25 tests found           ]
[         0 tests skipped         ]
[        25 tests started         ]
[         0 tests aborted         ]
[        24 tests successful      ]
[         1 tests failed          ]


[exit=1 timeout=False time=13.3s]

$ java -jar /opt/jacoco/lib/jacococli.jar report /workspace/jqwik/Result_auto_Round1/Math_83/tries200_seed2/jacoco.exec --classfiles /work/Math_83f/target/classes --csv /workspace/jqwik/Result_auto_Round1/Math_83/tries200_seed2/jacoco.csv
[INFO] Loading execution data file /workspace/jqwik/Result_auto_Round1/Math_83/tries200_seed2/jacoco.exec.
[INFO] Analyzing 355 classes.

[exit=0 timeout=False time=0.6s]

$ java -Djava.awt.headless=true -Xss4m -Xmx1g -Dpbt.seed=2 -Dpbt.tries=200 -Dpbt.snapshot.dir=/work/jqwik_out/Math_83/auto_round1_tries200_seed2/snapshots -Dpbt.propertyBudgetMs=5000 -Dpbt.mask=/work/Math_83f:/work/Math_83b:/work/jqwik_out/Math_83/auto_round1_tries200_seed2/classes_f:/work/jqwik_out/Math_83/auto_round1_tries200_seed2/classes_b -Dpbt.mode=check -jar /workspace/lib/jqwik/junit-platform-console-standalone-1.9.3.jar --disable-banner --details tree --class-path /work/jqwik_out/Math_83/auto_round1_tries200_seed2/classes_b:/work/Math_83b/target/classes:/work/Math_83b/target/test-classes:/opt/defects4j/framework/projects/lib/junit-4.12-hamcrest-1.3.jar:/work/jqwik_harness:/workspace/lib/jqwik/jqwik-1.7.4.jar:/workspace/lib/jqwik/jqwik-api-1.7.4.jar:/workspace/lib/jqwik/jqwik-engine-1.7.4.jar --scan-class-path /work/jqwik_out/Math_83/auto_round1_tries200_seed2/classes_b --include-classname .* --include-engine jqwik --config jqwik.database=/workspace/jqwik/Result_auto_Round1/Math_83/tries200_seed2/reports_buggy/jqwik-database --config jqwik.tries.default=200 --reports-dir /workspace/jqwik/Result_auto_Round1/Math_83/tries200_seed2/reports_buggy
w LinearConstraint.<init>[double[], Relationship.LEQ, Double:-0.11], new LinearConstraint.<init>[double[], Relationship.EQ, Double:-2.38]], GoalType.MINIMIZE, Boolean:true, Double:10569.13].hashCode[][0m
[36m      │     [0m[31m     expected: ret=Integer:-93268067 | this=obj org.apache.commons.math.optimization.linear.SimplexTableau[0m
[36m      │     [0m[31m     actual:   ret=Integer:1696733761 | this=obj org.apache.commons.math.optimization.linear.SimplexTableau[0m
[36m      ├─[0m [34mm019 getSolution[0m [32m✔[0m
[36m      ├─[0m [34mm006 getEntry[0m [32m✔[0m
[36m      ├─[0m [34mm000 createTableau[0m [32m✔[0m
[36m      ├─[0m [34mm012 getNumDecisionVariables[0m [32m✔[0m
[36m      ├─[0m [34mm023 subtractRow[0m [32m✔[0m
[36m      ├─[0m [34mm011 getNumArtificialVariables[0m [32m✔[0m
[36m      ├─[0m [34mm014 getNumSlackVariables[0m [32m✔[0m
[36m      ├─[0m [34mm003 equals[0m [32m✔[0m
[36m      ├─[0m [34mm018 getSlackVariableOffset[0m [32m✔[0m
[36m      ├─[0m [34mm004 getArtificialVariableOffset[0m [32m✔[0m
[36m      ├─[0m [34mm007 getHeight[0m [32m✔[0m
[36m      ├─[0m [34mm022 setEntry[0m [32m✔[0m
[36m      ├─[0m [34mm005 getData[0m [32m✔[0m
[36m      ├─[0m [34mcontract equalsHashCode[0m [32m✔[0m
[36m      ├─[0m [34mm020 getWidth[0m [32m✔[0m
[36m      ├─[0m [34mm017 getRhsOffset[0m [32m✔[0m
[36m      ├─[0m [34mm015 getNumVariables[0m [32m✔[0m
[36m      └─[0m [34mm013 getNumObjectiveFunctions[0m [32m✔[0m

Failures (1):
  jqwik (JUnit Platform):SimplexTableau AutoPbtTest:m021 hashCode
    MethodSource [className = 'org.apache.commons.math.optimization.linear.SimplexTableau_AutoPbtTest', methodName = 'm021_hashCode', methodParameterTypes = 'pbt.auto.AutoTarget$Call']
    => java.lang.AssertionError: [regression] org.apache.commons.math.optimization.linear.SimplexTableau.hashCode()
  input:    new SimplexTableau.<init>[new LinearObjectiveFunction.<init>[double[Double:1.0, Double:2.69522858767219E32, Double:-8.89, Double:-0.0, Double:-1.1029827963108791E51, Double:0.02], Double:7.3], list[new LinearConstraint.<init>[double[], Relationship.LEQ, Double:-0.11], new LinearConstraint.<init>[double[], Relationship.EQ, Double:-2.38]], GoalType.MINIMIZE, Boolean:true, Double:10569.13].hashCode[]
  expected: ret=Integer:-93268067 | this=obj org.apache.commons.math.optimization.linear.SimplexTableau
  actual:   ret=Integer:1696733761 | this=obj org.apache.commons.math.optimization.linear.SimplexTableau
       pbt.auto.AutoTarget.check(AutoTarget.java:127)
       org.apache.commons.math.optimization.linear.SimplexTableau_AutoPbtTest.m021_hashCode(SimplexTableau_AutoPbtTest.java:225)
       java.base/jdk.internal.reflect.NativeMethodAccessorImpl.invoke0(Native Method)
       java.base/jdk.internal.reflect.NativeMethodAccessorImpl.invoke(NativeMethodAccessorImpl.java:62)
       java.base/jdk.internal.reflect.DelegatingMethodAccessorImpl.invoke(DelegatingMethodAccessorImpl.java:43)
       java.base/java.lang.reflect.Method.invoke(Method.java:566)
       org.junit.platform.commons.util.ReflectionUtils.invokeMethod(ReflectionUtils.java:727)
       org.junit.platform.commons.support.ReflectionSupport.invokeMethod(ReflectionSupport.java:198)
       net.jqwik.engine.execution.CheckedPropertyFactory.lambda$createRawFunction$1(CheckedPropertyFactory.java:84)
       net.jqwik.engine.execution.CheckedPropertyFactory.lambda$createRawFunction$2(CheckedPropertyFactory.java:91)
       [...]

Test run finished after 5067 ms
[         2 containers found      ]
[         0 containers skipped    ]
[         2 containers started    ]
[         0 containers aborted    ]
[         2 containers successful ]
[         0 containers failed     ]
[        25 tests found           ]
[         0 tests skipped         ]
[        25 tests started         ]
[         0 tests aborted         ]
[        24 tests successful      ]
[         1 tests failed          ]


[exit=1 timeout=False time=5.9s]
