
$ defects4j checkout -p JxPath -v 10f -w /work/JxPath_10f
Checking out 3b3e58d3 to /work/JxPath_10f.................................. OK
Init local repository...................................................... OK
Tag post-fix revision...................................................... OK
Run post-checkout hook..................................................... OK
Initialize fixed program version........................................... OK
Apply patch................................................................ OK
Initialize buggy program version........................................... OK
Diff 3b3e58d3:1860d750..................................................... OK
Apply patch................................................................ OK
Tag pre-fix revision....................................................... OK
Check out program version: JxPath-10f...................................... OK

[exit=0 timeout=False time=0.7s]

$ defects4j compile -w /work/JxPath_10f
Running ant (compile)...................................................... OK
Running ant (compile.tests)................................................ OK

[exit=0 timeout=False time=39.8s]

$ defects4j checkout -p JxPath -v 10b -w /work/JxPath_10b
Checking out 3b3e58d3 to /work/JxPath_10b.................................. OK
Init local repository...................................................... OK
Tag post-fix revision...................................................... OK
Run post-checkout hook..................................................... OK
Initialize fixed program version........................................... OK
Apply patch................................................................ OK
Initialize buggy program version........................................... OK
Diff 3b3e58d3:1860d750..................................................... OK
Apply patch................................................................ OK
Tag pre-fix revision....................................................... OK
Check out program version: JxPath-10b...................................... OK

[exit=0 timeout=False time=2.4s]

$ defects4j compile -w /work/JxPath_10b
Running ant (compile)...................................................... OK
Running ant (compile.tests)................................................ OK

[exit=0 timeout=False time=39.7s]

$ java -cp /work/jqwik_harness:/workspace/lib/jqwik/jqwik-1.7.4.jar:/workspace/lib/jqwik/jqwik-api-1.7.4.jar:/workspace/lib/jqwik/jqwik-engine-1.7.4.jar pbt.auto.Generate --targets org.apache.commons.jxpath.ri.compiler.CoreOperationRelationalExpression --fixed-cp /work/JxPath_10f/target/classes:/work/JxPath_10f/src/java:/work/JxPath_10f/target/lib/commons-beanutils-1.4.jar:/work/JxPath_10f/target/lib/commons-collections-2.0.jar:/work/JxPath_10f/target/lib/commons-logging-1.0.4.jar:/work/JxPath_10f/target/lib/jdom-1.0.jar:/work/JxPath_10f/target/lib/junit-3.8.1.jar:/work/JxPath_10f/target/lib/junit-3.8.jar:/work/JxPath_10f/target/lib/mockrunner-0.4.1.jar:/work/JxPath_10f/target/lib/servletapi-2.2.jar:/work/JxPath_10f/target/lib/xerces-2.4.0.jar:/work/JxPath_10f/target/lib/xml-apis-2.0.2.jar:/work/JxPath_10f/src/test:/work/JxPath_10f/target/test-classes:/opt/defects4j/framework/projects/lib/junit-4.12-hamcrest-1.3.jar --buggy-cp /work/JxPath_10b/target/classes:/work/JxPath_10b/src/java:/work/JxPath_10b/target/lib/commons-beanutils-1.4.jar:/work/JxPath_10b/target/lib/commons-collections-2.0.jar:/work/JxPath_10b/target/lib/commons-logging-1.0.4.jar:/work/JxPath_10b/target/lib/jdom-1.0.jar:/work/JxPath_10b/target/lib/junit-3.8.1.jar:/work/JxPath_10b/target/lib/junit-3.8.jar:/work/JxPath_10b/target/lib/mockrunner-0.4.1.jar:/work/JxPath_10b/target/lib/servletapi-2.2.jar:/work/JxPath_10b/target/lib/xerces-2.4.0.jar:/work/JxPath_10b/target/lib/xml-apis-2.0.2.jar:/work/JxPath_10b/src/test:/work/JxPath_10b/target/test-classes:/opt/defects4j/framework/projects/lib/junit-4.12-hamcrest-1.3.jar --out /workspace/jqwik/Auto/JxPath_10 --max-methods 150
generated test classes: 1 / 1

[exit=0 timeout=False time=0.8s]

$ javac -nowarn -encoding UTF-8 -cp /work/JxPath_10f/target/classes:/work/JxPath_10f/src/java:/work/JxPath_10f/target/lib/commons-beanutils-1.4.jar:/work/JxPath_10f/target/lib/commons-collections-2.0.jar:/work/JxPath_10f/target/lib/commons-logging-1.0.4.jar:/work/JxPath_10f/target/lib/jdom-1.0.jar:/work/JxPath_10f/target/lib/junit-3.8.1.jar:/work/JxPath_10f/target/lib/junit-3.8.jar:/work/JxPath_10f/target/lib/mockrunner-0.4.1.jar:/work/JxPath_10f/target/lib/servletapi-2.2.jar:/work/JxPath_10f/target/lib/xerces-2.4.0.jar:/work/JxPath_10f/target/lib/xml-apis-2.0.2.jar:/work/JxPath_10f/src/test:/work/JxPath_10f/target/test-classes:/opt/defects4j/framework/projects/lib/junit-4.12-hamcrest-1.3.jar:/work/jqwik_harness:/workspace/lib/jqwik/jqwik-1.7.4.jar:/workspace/lib/jqwik/jqwik-api-1.7.4.jar:/workspace/lib/jqwik/jqwik-engine-1.7.4.jar -d /work/jqwik_out/JxPath_10/auto_round1_tries200_seed1/classes_f /workspace/jqwik/Auto/JxPath_10/org/apache/commons/jxpath/ri/compiler/CoreOperationRelationalExpression_AutoPbtTest.java

[exit=0 timeout=False time=2.5s]

$ javac -nowarn -encoding UTF-8 -cp /work/JxPath_10b/target/classes:/work/JxPath_10b/src/java:/work/JxPath_10b/target/lib/commons-beanutils-1.4.jar:/work/JxPath_10b/target/lib/commons-collections-2.0.jar:/work/JxPath_10b/target/lib/commons-logging-1.0.4.jar:/work/JxPath_10b/target/lib/jdom-1.0.jar:/work/JxPath_10b/target/lib/junit-3.8.1.jar:/work/JxPath_10b/target/lib/junit-3.8.jar:/work/JxPath_10b/target/lib/mockrunner-0.4.1.jar:/work/JxPath_10b/target/lib/servletapi-2.2.jar:/work/JxPath_10b/target/lib/xerces-2.4.0.jar:/work/JxPath_10b/target/lib/xml-apis-2.0.2.jar:/work/JxPath_10b/src/test:/work/JxPath_10b/target/test-classes:/opt/defects4j/framework/projects/lib/junit-4.12-hamcrest-1.3.jar:/work/jqwik_harness:/workspace/lib/jqwik/jqwik-1.7.4.jar:/workspace/lib/jqwik/jqwik-api-1.7.4.jar:/workspace/lib/jqwik/jqwik-engine-1.7.4.jar -d /work/jqwik_out/JxPath_10/auto_round1_tries200_seed1/classes_b /workspace/jqwik/Auto/JxPath_10/org/apache/commons/jxpath/ri/compiler/CoreOperationRelationalExpression_AutoPbtTest.java

[exit=0 timeout=False time=2.4s]

$ java -Djava.awt.headless=true -Xss4m -Xmx1g -Dpbt.seed=1 -Dpbt.tries=200 -Dpbt.snapshot.dir=/work/jqwik_out/JxPath_10/auto_round1_tries200_seed1/snapshots -Dpbt.propertyBudgetMs=5000 -Dpbt.mask=/work/JxPath_10f:/work/JxPath_10b:/work/jqwik_out/JxPath_10/auto_round1_tries200_seed1/classes_f:/work/jqwik_out/JxPath_10/auto_round1_tries200_seed1/classes_b -Dpbt.mode=record -jar /workspace/lib/jqwik/junit-platform-console-standalone-1.9.3.jar --disable-banner --details tree --class-path /work/jqwik_out/JxPath_10/auto_round1_tries200_seed1/classes_f:/work/JxPath_10f/target/classes:/work/JxPath_10f/src/java:/work/JxPath_10f/target/lib/commons-beanutils-1.4.jar:/work/JxPath_10f/target/lib/commons-collections-2.0.jar:/work/JxPath_10f/target/lib/commons-logging-1.0.4.jar:/work/JxPath_10f/target/lib/jdom-1.0.jar:/work/JxPath_10f/target/lib/junit-3.8.1.jar:/work/JxPath_10f/target/lib/junit-3.8.jar:/work/JxPath_10f/target/lib/mockrunner-0.4.1.jar:/work/JxPath_10f/target/lib/servletapi-2.2.jar:/work/JxPath_10f/target/lib/xerces-2.4.0.jar:/work/JxPath_10f/target/lib/xml-apis-2.0.2.jar:/work/JxPath_10f/src/test:/work/JxPath_10f/target/test-classes:/opt/defects4j/framework/projects/lib/junit-4.12-hamcrest-1.3.jar:/work/jqwik_harness:/workspace/lib/jqwik/jqwik-1.7.4.jar:/workspace/lib/jqwik/jqwik-api-1.7.4.jar:/workspace/lib/jqwik/jqwik-engine-1.7.4.jar --scan-class-path /work/jqwik_out/JxPath_10/auto_round1_tries200_seed1/classes_f --include-classname .* --include-engine jqwik --config jqwik.database=/workspace/jqwik/Result_auto_Round1/JxPath_10/tries200_seed1/reports_record/jqwik-database --config jqwik.tries.default=200 --reports-dir /workspace/jqwik/Result_auto_Round1/JxPath_10/tries200_seed1/reports_record
timestamp = 2026-09-27T05:24:54.368447, CoreOperationRelationalExpression AutoPbtTest:m000 computeValue = 
                              |-----------------------jqwik-----------------------
tries = 32                    | # of calls to property
checks = 32                   | # of not rejected calls
generation = EXHAUSTIVE       | parameters are exhaustively generated
after-failure = SAMPLE_FIRST  | try previously failed sample, then previous seed
when-fixed-seed = ALLOW       | fixing the random seed is allowed
edge-cases#mode = NONE        | edge cases are not explicitly generated
seed = 1                      | random seed to reproduce generated values


timestamp = 2026-09-27T05:24:54.446183, CoreOperationRelationalExpression AutoPbtTest:m002 isSymmetric = 
                              |-----------------------jqwik-----------------------
tries = 16                    | # of calls to property
checks = 16                   | # of not rejected calls
generation = EXHAUSTIVE       | parameters are exhaustively generated
after-failure = SAMPLE_FIRST  | try previously failed sample, then previous seed
when-fixed-seed = ALLOW       | fixing the random seed is allowed
edge-cases#mode = NONE        | edge cases are not explicitly generated
seed = 1                      | random seed to reproduce generated values


timestamp = 2026-09-27T05:24:54.504655, CoreOperationRelationalExpression AutoPbtTest:m001 getPrecedence = 
                              |-----------------------jqwik-----------------------
tries = 16                    | # of calls to property
checks = 16                   | # of not rejected calls
generation = EXHAUSTIVE       | parameters are exhaustively generated
after-failure = SAMPLE_FIRST  | try previously failed sample, then previous seed
when-fixed-seed = ALLOW       | fixing the random seed is allowed
edge-cases#mode = NONE        | edge cases are not explicitly generated
seed = 1                      | random seed to reproduce generated values


[36m╷[0m
[36m└─[0m [36mjqwik (JUnit Platform)[0m [32m✔[0m
[36m   └─[0m [36mCoreOperationRelationalExpression AutoPbtTest[0m [32m✔[0m
[36m      ├─[0m [34mm000 computeValue[0m [32m✔[0m
[36m      ├─[0m [34mm002 isSymmetric[0m [32m✔[0m
[36m      └─[0m [34mm001 getPrecedence[0m [32m✔[0m

Test run finished after 1778 ms
[         2 containers found      ]
[         0 containers skipped    ]
[         2 containers started    ]
[         0 containers aborted    ]
[         2 containers successful ]
[         0 containers failed     ]
[         3 tests found           ]
[         0 tests skipped         ]
[         3 tests started         ]
[         0 tests aborted         ]
[         3 tests successful      ]
[         0 tests failed          ]


[exit=0 timeout=False time=4.7s]

$ java -Djava.awt.headless=true -Xss4m -Xmx1g -Dpbt.seed=1 -Dpbt.tries=200 -Dpbt.snapshot.dir=/work/jqwik_out/JxPath_10/auto_round1_tries200_seed1/snapshots -Dpbt.propertyBudgetMs=5000 -Dpbt.mask=/work/JxPath_10f:/work/JxPath_10b:/work/jqwik_out/JxPath_10/auto_round1_tries200_seed1/classes_f:/work/jqwik_out/JxPath_10/auto_round1_tries200_seed1/classes_b -Dpbt.mode=check -javaagent:/opt/jacoco/lib/jacocoagent.jar=destfile=/workspace/jqwik/Result_auto_Round1/JxPath_10/tries200_seed1/jacoco.exec -jar /workspace/lib/jqwik/junit-platform-console-standalone-1.9.3.jar --disable-banner --details tree --class-path /work/jqwik_out/JxPath_10/auto_round1_tries200_seed1/classes_f:/work/JxPath_10f/target/classes:/work/JxPath_10f/src/java:/work/JxPath_10f/target/lib/commons-beanutils-1.4.jar:/work/JxPath_10f/target/lib/commons-collections-2.0.jar:/work/JxPath_10f/target/lib/commons-logging-1.0.4.jar:/work/JxPath_10f/target/lib/jdom-1.0.jar:/work/JxPath_10f/target/lib/junit-3.8.1.jar:/work/JxPath_10f/target/lib/junit-3.8.jar:/work/JxPath_10f/target/lib/mockrunner-0.4.1.jar:/work/JxPath_10f/target/lib/servletapi-2.2.jar:/work/JxPath_10f/target/lib/xerces-2.4.0.jar:/work/JxPath_10f/target/lib/xml-apis-2.0.2.jar:/work/JxPath_10f/src/test:/work/JxPath_10f/target/test-classes:/opt/defects4j/framework/projects/lib/junit-4.12-hamcrest-1.3.jar:/work/jqwik_harness:/workspace/lib/jqwik/jqwik-1.7.4.jar:/workspace/lib/jqwik/jqwik-api-1.7.4.jar:/workspace/lib/jqwik/jqwik-engine-1.7.4.jar --scan-class-path /work/jqwik_out/JxPath_10/auto_round1_tries200_seed1/classes_f --include-classname .* --include-engine jqwik --config jqwik.database=/workspace/jqwik/Result_auto_Round1/JxPath_10/tries200_seed1/reports_fixed/jqwik-database --config jqwik.tries.default=200 --reports-dir /workspace/jqwik/Result_auto_Round1/JxPath_10/tries200_seed1/reports_fixed
timestamp = 2026-09-27T05:25:04.395217, CoreOperationRelationalExpression AutoPbtTest:m000 computeValue = 
                              |-----------------------jqwik-----------------------
tries = 32                    | # of calls to property
checks = 32                   | # of not rejected calls
generation = EXHAUSTIVE       | parameters are exhaustively generated
after-failure = SAMPLE_FIRST  | try previously failed sample, then previous seed
when-fixed-seed = ALLOW       | fixing the random seed is allowed
edge-cases#mode = NONE        | edge cases are not explicitly generated
seed = 1                      | random seed to reproduce generated values


timestamp = 2026-09-27T05:25:04.510009, CoreOperationRelationalExpression AutoPbtTest:m002 isSymmetric = 
                              |-----------------------jqwik-----------------------
tries = 16                    | # of calls to property
checks = 16                   | # of not rejected calls
generation = EXHAUSTIVE       | parameters are exhaustively generated
after-failure = SAMPLE_FIRST  | try previously failed sample, then previous seed
when-fixed-seed = ALLOW       | fixing the random seed is allowed
edge-cases#mode = NONE        | edge cases are not explicitly generated
seed = 1                      | random seed to reproduce generated values


timestamp = 2026-09-27T05:25:04.618630, CoreOperationRelationalExpression AutoPbtTest:m001 getPrecedence = 
                              |-----------------------jqwik-----------------------
tries = 16                    | # of calls to property
checks = 16                   | # of not rejected calls
generation = EXHAUSTIVE       | parameters are exhaustively generated
after-failure = SAMPLE_FIRST  | try previously failed sample, then previous seed
when-fixed-seed = ALLOW       | fixing the random seed is allowed
edge-cases#mode = NONE        | edge cases are not explicitly generated
seed = 1                      | random seed to reproduce generated values


[36m╷[0m
[36m└─[0m [36mjqwik (JUnit Platform)[0m [32m✔[0m
[36m   └─[0m [36mCoreOperationRelationalExpression AutoPbtTest[0m [32m✔[0m
[36m      ├─[0m [34mm000 computeValue[0m [32m✔[0m
[36m      ├─[0m [34mm002 isSymmetric[0m [32m✔[0m
[36m      └─[0m [34mm001 getPrecedence[0m [32m✔[0m

Test run finished after 4323 ms
[         2 containers found      ]
[         0 containers skipped    ]
[         2 containers started    ]
[         0 containers aborted    ]
[         2 containers successful ]
[         0 containers failed     ]
[         3 tests found           ]
[         0 tests skipped         ]
[         3 tests started         ]
[         0 tests aborted         ]
[         3 tests successful      ]
[         0 tests failed          ]


[exit=0 timeout=False time=18.6s]

$ java -jar /opt/jacoco/lib/jacococli.jar report /workspace/jqwik/Result_auto_Round1/JxPath_10/tries200_seed1/jacoco.exec --classfiles /work/JxPath_10f/target/classes --csv /workspace/jqwik/Result_auto_Round1/JxPath_10/tries200_seed1/jacoco.csv
[INFO] Loading execution data file /workspace/jqwik/Result_auto_Round1/JxPath_10/tries200_seed1/jacoco.exec.
[INFO] Analyzing 159 classes.

[exit=0 timeout=False time=2.3s]

$ java -Djava.awt.headless=true -Xss4m -Xmx1g -Dpbt.seed=1 -Dpbt.tries=200 -Dpbt.snapshot.dir=/work/jqwik_out/JxPath_10/auto_round1_tries200_seed1/snapshots -Dpbt.propertyBudgetMs=5000 -Dpbt.mask=/work/JxPath_10f:/work/JxPath_10b:/work/jqwik_out/JxPath_10/auto_round1_tries200_seed1/classes_f:/work/jqwik_out/JxPath_10/auto_round1_tries200_seed1/classes_b -Dpbt.mode=check -jar /workspace/lib/jqwik/junit-platform-console-standalone-1.9.3.jar --disable-banner --details tree --class-path /work/jqwik_out/JxPath_10/auto_round1_tries200_seed1/classes_b:/work/JxPath_10b/target/classes:/work/JxPath_10b/src/java:/work/JxPath_10b/target/lib/commons-beanutils-1.4.jar:/work/JxPath_10b/target/lib/commons-collections-2.0.jar:/work/JxPath_10b/target/lib/commons-logging-1.0.4.jar:/work/JxPath_10b/target/lib/jdom-1.0.jar:/work/JxPath_10b/target/lib/junit-3.8.1.jar:/work/JxPath_10b/target/lib/junit-3.8.jar:/work/JxPath_10b/target/lib/mockrunner-0.4.1.jar:/work/JxPath_10b/target/lib/servletapi-2.2.jar:/work/JxPath_10b/target/lib/xerces-2.4.0.jar:/work/JxPath_10b/target/lib/xml-apis-2.0.2.jar:/work/JxPath_10b/src/test:/work/JxPath_10b/target/test-classes:/opt/defects4j/framework/projects/lib/junit-4.12-hamcrest-1.3.jar:/work/jqwik_harness:/workspace/lib/jqwik/jqwik-1.7.4.jar:/workspace/lib/jqwik/jqwik-api-1.7.4.jar:/workspace/lib/jqwik/jqwik-engine-1.7.4.jar --scan-class-path /work/jqwik_out/JxPath_10/auto_round1_tries200_seed1/classes_b --include-classname .* --include-engine jqwik --config jqwik.database=/workspace/jqwik/Result_auto_Round1/JxPath_10/tries200_seed1/reports_buggy/jqwik-database --config jqwik.tries.default=200 --reports-dir /workspace/jqwik/Result_auto_Round1/JxPath_10/tries200_seed1/reports_buggy
timestamp = 2026-09-27T05:25:30.210738, CoreOperationRelationalExpression AutoPbtTest:m000 computeValue = 
                              |-----------------------jqwik-----------------------
tries = 32                    | # of calls to property
checks = 32                   | # of not rejected calls
generation = EXHAUSTIVE       | parameters are exhaustively generated
after-failure = SAMPLE_FIRST  | try previously failed sample, then previous seed
when-fixed-seed = ALLOW       | fixing the random seed is allowed
edge-cases#mode = NONE        | edge cases are not explicitly generated
seed = 1                      | random seed to reproduce generated values


timestamp = 2026-09-27T05:25:30.346274, CoreOperationRelationalExpression AutoPbtTest:m002 isSymmetric = 
                              |-----------------------jqwik-----------------------
tries = 16                    | # of calls to property
checks = 16                   | # of not rejected calls
generation = EXHAUSTIVE       | parameters are exhaustively generated
after-failure = SAMPLE_FIRST  | try previously failed sample, then previous seed
when-fixed-seed = ALLOW       | fixing the random seed is allowed
edge-cases#mode = NONE        | edge cases are not explicitly generated
seed = 1                      | random seed to reproduce generated values


timestamp = 2026-09-27T05:25:30.448966, CoreOperationRelationalExpression AutoPbtTest:m001 getPrecedence = 
                              |-----------------------jqwik-----------------------
tries = 16                    | # of calls to property
checks = 16                   | # of not rejected calls
generation = EXHAUSTIVE       | parameters are exhaustively generated
after-failure = SAMPLE_FIRST  | try previously failed sample, then previous seed
when-fixed-seed = ALLOW       | fixing the random seed is allowed
edge-cases#mode = NONE        | edge cases are not explicitly generated
seed = 1                      | random seed to reproduce generated values


[36m╷[0m
[36m└─[0m [36mjqwik (JUnit Platform)[0m [32m✔[0m
[36m   └─[0m [36mCoreOperationRelationalExpression AutoPbtTest[0m [32m✔[0m
[36m      ├─[0m [34mm000 computeValue[0m [32m✔[0m
[36m      ├─[0m [34mm002 isSymmetric[0m [32m✔[0m
[36m      └─[0m [34mm001 getPrecedence[0m [32m✔[0m

Test run finished after 3364 ms
[         2 containers found      ]
[         0 containers skipped    ]
[         2 containers started    ]
[         0 containers aborted    ]
[         2 containers successful ]
[         0 containers failed     ]
[         3 tests found           ]
[         0 tests skipped         ]
[         3 tests started         ]
[         0 tests aborted         ]
[         3 tests successful      ]
[         0 tests failed          ]


[exit=0 timeout=False time=8.7s]
