
$ defects4j checkout -p Jsoup -v 91f -w /work/Jsoup_91f
Checking out 247c5d05 to /work/Jsoup_91f................................... OK
Init local repository...................................................... OK
Tag post-fix revision...................................................... OK
Copy generated Ant build file.............................................. OK
Run post-checkout hook..................................................... OK
Excluding broken/flaky tests............................................... OK
Backing up build file: /work/Jsoup_91f/pom.xml............................. OK
Initialize fixed program version........................................... OK
Apply patch................................................................ OK
Initialize buggy program version........................................... OK
Diff 247c5d05:7de614ff..................................................... OK
Apply patch................................................................ OK
Tag pre-fix revision....................................................... OK
Check out program version: Jsoup-91f....................................... OK

[exit=0 timeout=False time=1.5s]

$ defects4j compile -w /work/Jsoup_91f
Running ant (compile)...................................................... OK
Running ant (compile.tests)................................................ OK

[exit=0 timeout=False time=5.1s]

$ defects4j checkout -p Jsoup -v 91b -w /work/Jsoup_91b
Checking out 247c5d05 to /work/Jsoup_91b................................... OK
Init local repository...................................................... OK
Tag post-fix revision...................................................... OK
Copy generated Ant build file.............................................. OK
Run post-checkout hook..................................................... OK
Excluding broken/flaky tests............................................... OK
Backing up build file: /work/Jsoup_91b/pom.xml............................. OK
Initialize fixed program version........................................... OK
Apply patch................................................................ OK
Initialize buggy program version........................................... OK
Diff 247c5d05:7de614ff..................................................... OK
Apply patch................................................................ OK
Tag pre-fix revision....................................................... OK
Check out program version: Jsoup-91b....................................... OK

[exit=0 timeout=False time=1.5s]

$ defects4j compile -w /work/Jsoup_91b
Running ant (compile)...................................................... OK
Running ant (compile.tests)................................................ OK

[exit=0 timeout=False time=5.3s]

$ java -Djava.awt.headless=true -cp /opt/defects4j/framework/projects/lib/junit-4.12-hamcrest-1.3.jar:/opt/evosuite/evosuite-1.2.0.jar:/work/Jsoup_91f/target/classes:/opt/defects4j/framework/projects/Jsoup/lib/com/google/code/gson/gson/2.7/gson-2.7.jar:/opt/defects4j/framework/projects/Jsoup/lib/org/eclipse/jetty/jetty-server/9.2.26.v20180806/jetty-server-9.2.26.v20180806.jar:/opt/defects4j/framework/projects/Jsoup/lib/javax/servlet/javax.servlet-api/3.1.0/javax.servlet-api-3.1.0.jar:/opt/defects4j/framework/projects/Jsoup/lib/org/eclipse/jetty/jetty-http/9.2.26.v20180806/jetty-http-9.2.26.v20180806.jar:/opt/defects4j/framework/projects/Jsoup/lib/org/eclipse/jetty/jetty-util/9.2.26.v20180806/jetty-util-9.2.26.v20180806.jar:/opt/defects4j/framework/projects/Jsoup/lib/org/eclipse/jetty/jetty-io/9.2.26.v20180806/jetty-io-9.2.26.v20180806.jar:/opt/defects4j/framework/projects/Jsoup/lib/org/eclipse/jetty/jetty-servlet/9.2.28.v20190418/jetty-servlet-9.2.28.v20190418.jar:/opt/defects4j/framework/projects/Jsoup/lib/org/eclipse/jetty/jetty-security/9.2.28.v20190418/jetty-security-9.2.28.v20190418.jar:/work/Jsoup_91f/target/test-classes:/opt/defects4j/framework/projects/Jsoup/lib/commons-lang/commons-lang/2.4/commons-lang-2.4.jar:/opt/defects4j/framework/projects/Jsoup/lib/org/eclipse/jetty/jetty-http/9.2.22.v20170606/jetty-http-9.2.22.v20170606.jar:/opt/defects4j/framework/projects/Jsoup/lib/org/eclipse/jetty/jetty-http/9.2.28.v20190418/jetty-http-9.2.28.v20190418.jar:/opt/defects4j/framework/projects/Jsoup/lib/org/eclipse/jetty/jetty-io/9.2.22.v20170606/jetty-io-9.2.22.v20170606.jar:/opt/defects4j/framework/projects/Jsoup/lib/org/eclipse/jetty/jetty-io/9.2.28.v20190418/jetty-io-9.2.28.v20190418.jar:/opt/defects4j/framework/projects/Jsoup/lib/org/eclipse/jetty/jetty-security/9.2.22.v20170606/jetty-security-9.2.22.v20170606.jar:/opt/defects4j/framework/projects/Jsoup/lib/org/eclipse/jetty/jetty-security/9.2.26.v20180806/jetty-security-9.2.26.v20180806.jar:/opt/defects4j/framework/projects/Jsoup/lib/org/eclipse/jetty/jetty-server/9.2.22.v20170606/jetty-server-9.2.22.v20170606.jar:/opt/defects4j/framework/projects/Jsoup/lib/org/eclipse/jetty/jetty-server/9.2.28.v20190418/jetty-server-9.2.28.v20190418.jar:/opt/defects4j/framework/projects/Jsoup/lib/org/eclipse/jetty/jetty-servlet/9.2.22.v20170606/jetty-servlet-9.2.22.v20170606.jar:/opt/defects4j/framework/projects/Jsoup/lib/org/eclipse/jetty/jetty-servlet/9.2.26.v20180806/jetty-servlet-9.2.26.v20180806.jar:/opt/defects4j/framework/projects/Jsoup/lib/org/eclipse/jetty/jetty-util/9.2.22.v20170606/jetty-util-9.2.22.v20170606.jar:/opt/defects4j/framework/projects/Jsoup/lib/org/eclipse/jetty/jetty-util/9.2.28.v20190418/jetty-util-9.2.28.v20190418.jar org.evosuite.EvoSuite -generateSuite -class org.jsoup.UncheckedIOException -projectCP /opt/defects4j/framework/projects/lib/junit-4.12-hamcrest-1.3.jar:/work/Jsoup_91f/target/classes:/opt/defects4j/framework/projects/Jsoup/lib/com/google/code/gson/gson/2.7/gson-2.7.jar:/opt/defects4j/framework/projects/Jsoup/lib/org/eclipse/jetty/jetty-server/9.2.26.v20180806/jetty-server-9.2.26.v20180806.jar:/opt/defects4j/framework/projects/Jsoup/lib/javax/servlet/javax.servlet-api/3.1.0/javax.servlet-api-3.1.0.jar:/opt/defects4j/framework/projects/Jsoup/lib/org/eclipse/jetty/jetty-http/9.2.26.v20180806/jetty-http-9.2.26.v20180806.jar:/opt/defects4j/framework/projects/Jsoup/lib/org/eclipse/jetty/jetty-util/9.2.26.v20180806/jetty-util-9.2.26.v20180806.jar:/opt/defects4j/framework/projects/Jsoup/lib/org/eclipse/jetty/jetty-io/9.2.26.v20180806/jetty-io-9.2.26.v20180806.jar:/opt/defects4j/framework/projects/Jsoup/lib/org/eclipse/jetty/jetty-servlet/9.2.28.v20190418/jetty-servlet-9.2.28.v20190418.jar:/opt/defects4j/framework/projects/Jsoup/lib/org/eclipse/jetty/jetty-security/9.2.28.v20190418/jetty-security-9.2.28.v20190418.jar:/work/Jsoup_91f/target/test-classes:/opt/defects4j/framework/projects/Jsoup/lib/commons-lang/commons-lang/2.4/commons-lang-2.4.jar:/opt/defects4j/framework/projects/Jsoup/lib/org/eclipse/jetty/jetty-http/9.2.22.v20170606/jetty-http-9.2.22.v20170606.jar:/opt/defects4j/framework/projects/Jsoup/lib/org/eclipse/jetty/jetty-http/9.2.28.v20190418/jetty-http-9.2.28.v20190418.jar:/opt/defects4j/framework/projects/Jsoup/lib/org/eclipse/jetty/jetty-io/9.2.22.v20170606/jetty-io-9.2.22.v20170606.jar:/opt/defects4j/framework/projects/Jsoup/lib/org/eclipse/jetty/jetty-io/9.2.28.v20190418/jetty-io-9.2.28.v20190418.jar:/opt/defects4j/framework/projects/Jsoup/lib/org/eclipse/jetty/jetty-security/9.2.22.v20170606/jetty-security-9.2.22.v20170606.jar:/opt/defects4j/framework/projects/Jsoup/lib/org/eclipse/jetty/jetty-security/9.2.26.v20180806/jetty-security-9.2.26.v20180806.jar:/opt/defects4j/framework/projects/Jsoup/lib/org/eclipse/jetty/jetty-server/9.2.22.v20170606/jetty-server-9.2.22.v20170606.jar:/opt/defects4j/framework/projects/Jsoup/lib/org/eclipse/jetty/jetty-server/9.2.28.v20190418/jetty-server-9.2.28.v20190418.jar:/opt/defects4j/framework/projects/Jsoup/lib/org/eclipse/jetty/jetty-servlet/9.2.22.v20170606/jetty-servlet-9.2.22.v20170606.jar:/opt/defects4j/framework/projects/Jsoup/lib/org/eclipse/jetty/jetty-servlet/9.2.26.v20180806/jetty-servlet-9.2.26.v20180806.jar:/opt/defects4j/framework/projects/Jsoup/lib/org/eclipse/jetty/jetty-util/9.2.22.v20170606/jetty-util-9.2.22.v20170606.jar:/opt/defects4j/framework/projects/Jsoup/lib/org/eclipse/jetty/jetty-util/9.2.28.v20190418/jetty-util-9.2.28.v20190418.jar -Dcriterion=LINE:BRANCH:EXCEPTION -Dsearch_budget=60 -seed 1 -Dtest_dir=/work/evo_out/Jsoup_91f/budget60_seed1/tests -Dreport_dir=/work/evo_out/Jsoup_91f/budget60_seed1/report
* EvoSuite 1.2.0
* Going to generate test cases for class: org.jsoup.UncheckedIOException
* Starting Client-0
* Connecting to master process on port 9922
* Analyzing classpath: 
  - /opt/defects4j/framework/projects/lib/junit-4.12-hamcrest-1.3.jar
  - /work/Jsoup_91f/target/classes
  - /opt/defects4j/framework/projects/Jsoup/lib/com/google/code/gson/gson/2.7/gson-2.7.jar
  - /opt/defects4j/framework/projects/Jsoup/lib/org/eclipse/jetty/jetty-server/9.2.26.v20180806/jetty-server-9.2.26.v20180806.jar
  - /opt/defects4j/framework/projects/Jsoup/lib/javax/servlet/javax.servlet-api/3.1.0/javax.servlet-api-3.1.0.jar
  - /opt/defects4j/framework/projects/Jsoup/lib/org/eclipse/jetty/jetty-http/9.2.26.v20180806/jetty-http-9.2.26.v20180806.jar
  - /opt/defects4j/framework/projects/Jsoup/lib/org/eclipse/jetty/jetty-util/9.2.26.v20180806/jetty-util-9.2.26.v20180806.jar
  - /opt/defects4j/framework/projects/Jsoup/lib/org/eclipse/jetty/jetty-io/9.2.26.v20180806/jetty-io-9.2.26.v20180806.jar
  - /opt/defects4j/framework/projects/Jsoup/lib/org/eclipse/jetty/jetty-servlet/9.2.28.v20190418/jetty-servlet-9.2.28.v20190418.jar
  - /opt/defects4j/framework/projects/Jsoup/lib/org/eclipse/jetty/jetty-security/9.2.28.v20190418/jetty-security-9.2.28.v20190418.jar
  - /work/Jsoup_91f/target/test-classes
  - /opt/defects4j/framework/projects/Jsoup/lib/commons-lang/commons-lang/2.4/commons-lang-2.4.jar
  - /opt/defects4j/framework/projects/Jsoup/lib/org/eclipse/jetty/jetty-http/9.2.22.v20170606/jetty-http-9.2.22.v20170606.jar
  - /opt/defects4j/framework/projects/Jsoup/lib/org/eclipse/jetty/jetty-http/9.2.28.v20190418/jetty-http-9.2.28.v20190418.jar
  - /opt/defects4j/framework/projects/Jsoup/lib/org/eclipse/jetty/jetty-io/9.2.22.v20170606/jetty-io-9.2.22.v20170606.jar
  - /opt/defects4j/framework/projects/Jsoup/lib/org/eclipse/jetty/jetty-io/9.2.28.v20190418/jetty-io-9.2.28.v20190418.jar
  - /opt/defects4j/framework/projects/Jsoup/lib/org/eclipse/jetty/jetty-security/9.2.22.v20170606/jetty-security-9.2.22.v20170606.jar
  - /opt/defects4j/framework/projects/Jsoup/lib/org/eclipse/jetty/jetty-security/9.2.26.v20180806/jetty-security-9.2.26.v20180806.jar
  - /opt/defects4j/framework/projects/Jsoup/lib/org/eclipse/jetty/jetty-server/9.2.22.v20170606/jetty-server-9.2.22.v20170606.jar
  - /opt/defects4j/framework/projects/Jsoup/lib/org/eclipse/jetty/jetty-server/9.2.28.v20190418/jetty-server-9.2.28.v20190418.jar
  - /opt/defects4j/framework/projects/Jsoup/lib/org/eclipse/jetty/jetty-servlet/9.2.22.v20170606/jetty-servlet-9.2.22.v20170606.jar
  - /opt/defects4j/framework/projects/Jsoup/lib/org/eclipse/jetty/jetty-servlet/9.2.26.v20180806/jetty-servlet-9.2.26.v20180806.jar
  - /opt/defects4j/framework/projects/Jsoup/lib/org/eclipse/jetty/jetty-util/9.2.22.v20170606/jetty-util-9.2.22.v20170606.jar
  - /opt/defects4j/framework/projects/Jsoup/lib/org/eclipse/jetty/jetty-util/9.2.28.v20190418/jetty-util-9.2.28.v20190418.jar
[MASTER] 01:42:23.282 [logback-1] WARN  InheritanceTree - Class not in inheritance graph: java.util.Locale$IsoCountryCode
* Finished analyzing classpath
* Generating tests for class org.jsoup.UncheckedIOException
* Test criteria:
  - Line Coverage
  - Branch Coverage
  - Exception
* Setting up search algorithm for whole suite generation
* Total number of test goals: 
  - Line 5
  - Branch 3
  - Exception 0

[Progress:>                             0%] [Cov:>                                  0%]* Using seed 1
* Starting evolution

[Progress:>                             0%] [Cov:===========>                       33%]
[Progress:>                             0%] [Cov:=======================>           66%]
[Progress:>                             0%] [Cov:===================================100%]
[Progress:>                             1%] [Cov:===========>                       33%]
[Progress:>                             1%] [Cov:=======================>           66%]
[Progress:>                             1%] [Cov:===================================100%]
[Progress:>                             1%] [Cov:===================================100%]
* Search finished after 2s and 0 generations, 3081 statements, best individual has fitness: 1.0
* Minimizing test suite
* Going to analyze the coverage criteria
* Coverage analysis for criterion LINE
* Coverage of criterion LINE: 80%
* Total number of goals: 5
* Number of covered goals: 4
* Coverage analysis for criterion BRANCH
* Coverage of criterion BRANCH: 100%
* Total number of goals: 3
* Number of covered goals: 3
* Coverage analysis for criterion EXCEPTION
* Coverage of criterion EXCEPTION: 100% (no goals)
* Generated 2 tests with total length 3
* Resulting test suite's coverage: 100% (average coverage for all fitness functions)
* Generating assertions
* Resulting test suite's mutation score: 100%
* Compiling and checking tests
* Permissions denied during test execution: 
  - java.lang.RuntimePermission: 
         writeFileDescriptor: 2
* Writing tests to file
* Writing JUnit test case 'UncheckedIOException_ESTest' to /work/evo_out/Jsoup_91f/budget60_seed1/tests
* Done!

* Computation finished

[exit=0 timeout=False time=6.3s]

$ java -Djava.awt.headless=true -cp /opt/defects4j/framework/projects/lib/junit-4.12-hamcrest-1.3.jar:/opt/evosuite/evosuite-1.2.0.jar:/work/Jsoup_91f/target/classes:/opt/defects4j/framework/projects/Jsoup/lib/com/google/code/gson/gson/2.7/gson-2.7.jar:/opt/defects4j/framework/projects/Jsoup/lib/org/eclipse/jetty/jetty-server/9.2.26.v20180806/jetty-server-9.2.26.v20180806.jar:/opt/defects4j/framework/projects/Jsoup/lib/javax/servlet/javax.servlet-api/3.1.0/javax.servlet-api-3.1.0.jar:/opt/defects4j/framework/projects/Jsoup/lib/org/eclipse/jetty/jetty-http/9.2.26.v20180806/jetty-http-9.2.26.v20180806.jar:/opt/defects4j/framework/projects/Jsoup/lib/org/eclipse/jetty/jetty-util/9.2.26.v20180806/jetty-util-9.2.26.v20180806.jar:/opt/defects4j/framework/projects/Jsoup/lib/org/eclipse/jetty/jetty-io/9.2.26.v20180806/jetty-io-9.2.26.v20180806.jar:/opt/defects4j/framework/projects/Jsoup/lib/org/eclipse/jetty/jetty-servlet/9.2.28.v20190418/jetty-servlet-9.2.28.v20190418.jar:/opt/defects4j/framework/projects/Jsoup/lib/org/eclipse/jetty/jetty-security/9.2.28.v20190418/jetty-security-9.2.28.v20190418.jar:/work/Jsoup_91f/target/test-classes:/opt/defects4j/framework/projects/Jsoup/lib/commons-lang/commons-lang/2.4/commons-lang-2.4.jar:/opt/defects4j/framework/projects/Jsoup/lib/org/eclipse/jetty/jetty-http/9.2.22.v20170606/jetty-http-9.2.22.v20170606.jar:/opt/defects4j/framework/projects/Jsoup/lib/org/eclipse/jetty/jetty-http/9.2.28.v20190418/jetty-http-9.2.28.v20190418.jar:/opt/defects4j/framework/projects/Jsoup/lib/org/eclipse/jetty/jetty-io/9.2.22.v20170606/jetty-io-9.2.22.v20170606.jar:/opt/defects4j/framework/projects/Jsoup/lib/org/eclipse/jetty/jetty-io/9.2.28.v20190418/jetty-io-9.2.28.v20190418.jar:/opt/defects4j/framework/projects/Jsoup/lib/org/eclipse/jetty/jetty-security/9.2.22.v20170606/jetty-security-9.2.22.v20170606.jar:/opt/defects4j/framework/projects/Jsoup/lib/org/eclipse/jetty/jetty-security/9.2.26.v20180806/jetty-security-9.2.26.v20180806.jar:/opt/defects4j/framework/projects/Jsoup/lib/org/eclipse/jetty/jetty-server/9.2.22.v20170606/jetty-server-9.2.22.v20170606.jar:/opt/defects4j/framework/projects/Jsoup/lib/org/eclipse/jetty/jetty-server/9.2.28.v20190418/jetty-server-9.2.28.v20190418.jar:/opt/defects4j/framework/projects/Jsoup/lib/org/eclipse/jetty/jetty-servlet/9.2.22.v20170606/jetty-servlet-9.2.22.v20170606.jar:/opt/defects4j/framework/projects/Jsoup/lib/org/eclipse/jetty/jetty-servlet/9.2.26.v20180806/jetty-servlet-9.2.26.v20180806.jar:/opt/defects4j/framework/projects/Jsoup/lib/org/eclipse/jetty/jetty-util/9.2.22.v20170606/jetty-util-9.2.22.v20170606.jar:/opt/defects4j/framework/projects/Jsoup/lib/org/eclipse/jetty/jetty-util/9.2.28.v20190418/jetty-util-9.2.28.v20190418.jar org.evosuite.EvoSuite -generateSuite -class org.jsoup.parser.CharacterReader -projectCP /opt/defects4j/framework/projects/lib/junit-4.12-hamcrest-1.3.jar:/work/Jsoup_91f/target/classes:/opt/defects4j/framework/projects/Jsoup/lib/com/google/code/gson/gson/2.7/gson-2.7.jar:/opt/defects4j/framework/projects/Jsoup/lib/org/eclipse/jetty/jetty-server/9.2.26.v20180806/jetty-server-9.2.26.v20180806.jar:/opt/defects4j/framework/projects/Jsoup/lib/javax/servlet/javax.servlet-api/3.1.0/javax.servlet-api-3.1.0.jar:/opt/defects4j/framework/projects/Jsoup/lib/org/eclipse/jetty/jetty-http/9.2.26.v20180806/jetty-http-9.2.26.v20180806.jar:/opt/defects4j/framework/projects/Jsoup/lib/org/eclipse/jetty/jetty-util/9.2.26.v20180806/jetty-util-9.2.26.v20180806.jar:/opt/defects4j/framework/projects/Jsoup/lib/org/eclipse/jetty/jetty-io/9.2.26.v20180806/jetty-io-9.2.26.v20180806.jar:/opt/defects4j/framework/projects/Jsoup/lib/org/eclipse/jetty/jetty-servlet/9.2.28.v20190418/jetty-servlet-9.2.28.v20190418.jar:/opt/defects4j/framework/projects/Jsoup/lib/org/eclipse/jetty/jetty-security/9.2.28.v20190418/jetty-security-9.2.28.v20190418.jar:/work/Jsoup_91f/target/test-classes:/opt/defects4j/framework/projects/Jsoup/lib/commons-lang/commons-lang/2.4/commons-lang-2.4.jar:/opt/defects4j/framework/projects/Jsoup/lib/org/eclipse/jetty/jetty-http/9.2.22.v20170606/jetty-http-9.2.22.v20170606.jar:/opt/defects4j/framework/projects/Jsoup/lib/org/eclipse/jetty/jetty-http/9.2.28.v20190418/jetty-http-9.2.28.v20190418.jar:/opt/defects4j/framework/projects/Jsoup/lib/org/eclipse/jetty/jetty-io/9.2.22.v20170606/jetty-io-9.2.22.v20170606.jar:/opt/defects4j/framework/projects/Jsoup/lib/org/eclipse/jetty/jetty-io/9.2.28.v20190418/jetty-io-9.2.28.v20190418.jar:/opt/defects4j/framework/projects/Jsoup/lib/org/eclipse/jetty/jetty-security/9.2.22.v20170606/jetty-security-9.2.22.v20170606.jar:/opt/defects4j/framework/projects/Jsoup/lib/org/eclipse/jetty/jetty-security/9.2.26.v20180806/jetty-security-9.2.26.v20180806.jar:/opt/defects4j/framework/projects/Jsoup/lib/org/eclipse/jetty/jetty-server/9.2.22.v20170606/jetty-server-9.2.22.v20170606.jar:/opt/defects4j/framework/projects/Jsoup/lib/org/eclipse/jetty/jetty-server/9.2.28.v20190418/jetty-server-9.2.28.v20190418.jar:/opt/defects4j/framework/projects/Jsoup/lib/org/eclipse/jetty/jetty-servlet/9.2.22.v20170606/jetty-servlet-9.2.22.v20170606.jar:/opt/defects4j/framework/projects/Jsoup/lib/org/eclipse/jetty/jetty-servlet/9.2.26.v20180806/jetty-servlet-9.2.26.v20180806.jar:/opt/defects4j/framework/projects/Jsoup/lib/org/eclipse/jetty/jetty-util/9.2.22.v20170606/jetty-util-9.2.22.v20170606.jar:/opt/defects4j/framework/projects/Jsoup/lib/org/eclipse/jetty/jetty-util/9.2.28.v20190418/jetty-util-9.2.28.v20190418.jar -Dcriterion=LINE:BRANCH:EXCEPTION -Dsearch_budget=60 -seed 1 -Dtest_dir=/work/evo_out/Jsoup_91f/budget60_seed1/tests -Dreport_dir=/work/evo_out/Jsoup_91f/budget60_seed1/report
* EvoSuite 1.2.0
* Going to generate test cases for class: org.jsoup.parser.CharacterReader
* Starting Client-0
* Connecting to master process on port 9922
* Analyzing classpath: 
  - /opt/defects4j/framework/projects/lib/junit-4.12-hamcrest-1.3.jar
  - /work/Jsoup_91f/target/classes
  - /opt/defects4j/framework/projects/Jsoup/lib/com/google/code/gson/gson/2.7/gson-2.7.jar
  - /opt/defects4j/framework/projects/Jsoup/lib/org/eclipse/jetty/jetty-server/9.2.26.v20180806/jetty-server-9.2.26.v20180806.jar
  - /opt/defects4j/framework/projects/Jsoup/lib/javax/servlet/javax.servlet-api/3.1.0/javax.servlet-api-3.1.0.jar
  - /opt/defects4j/framework/projects/Jsoup/lib/org/eclipse/jetty/jetty-http/9.2.26.v20180806/jetty-http-9.2.26.v20180806.jar
  - /opt/defects4j/framework/projects/Jsoup/lib/org/eclipse/jetty/jetty-util/9.2.26.v20180806/jetty-util-9.2.26.v20180806.jar
  - /opt/defects4j/framework/projects/Jsoup/lib/org/eclipse/jetty/jetty-io/9.2.26.v20180806/jetty-io-9.2.26.v20180806.jar
  - /opt/defects4j/framework/projects/Jsoup/lib/org/eclipse/jetty/jetty-servlet/9.2.28.v20190418/jetty-servlet-9.2.28.v20190418.jar
  - /opt/defects4j/framework/projects/Jsoup/lib/org/eclipse/jetty/jetty-security/9.2.28.v20190418/jetty-security-9.2.28.v20190418.jar
  - /work/Jsoup_91f/target/test-classes
  - /opt/defects4j/framework/projects/Jsoup/lib/commons-lang/commons-lang/2.4/commons-lang-2.4.jar
  - /opt/defects4j/framework/projects/Jsoup/lib/org/eclipse/jetty/jetty-http/9.2.22.v20170606/jetty-http-9.2.22.v20170606.jar
  - /opt/defects4j/framework/projects/Jsoup/lib/org/eclipse/jetty/jetty-http/9.2.28.v20190418/jetty-http-9.2.28.v20190418.jar
  - /opt/defects4j/framework/projects/Jsoup/lib/org/eclipse/jetty/jetty-io/9.2.22.v20170606/jetty-io-9.2.22.v20170606.jar
  - /opt/defects4j/framework/projects/Jsoup/lib/org/eclipse/jetty/jetty-io/9.2.28.v20190418/jetty-io-9.2.28.v20190418.jar
  - /opt/defects4j/framework/projects/Jsoup/lib/org/eclipse/jetty/jetty-security/9.2.22.v20170606/jetty-security-9.2.22.v20170606.jar
  - /opt/defects4j/framework/projects/Jsoup/lib/org/eclipse/jetty/jetty-security/9.2.26.v20180806/jetty-security-9.2.26.v20180806.jar
  - /opt/defects4j/framework/projects/Jsoup/lib/org/eclipse/jetty/jetty-server/9.2.22.v20170606/jetty-server-9.2.22.v20170606.jar
  - /opt/defects4j/framework/projects/Jsoup/lib/org/eclipse/jetty/jetty-server/9.2.28.v20190418/jetty-server-9.2.28.v20190418.jar
  - /opt/defects4j/framework/projects/Jsoup/lib/org/eclipse/jetty/jetty-servlet/9.2.22.v20170606/jetty-servlet-9.2.22.v20170606.jar
  - /opt/defects4j/framework/projects/Jsoup/lib/org/eclipse/jetty/jetty-servlet/9.2.26.v20180806/jetty-servlet-9.2.26.v20180806.jar
  - /opt/defects4j/framework/projects/Jsoup/lib/org/eclipse/jetty/jetty-util/9.2.22.v20170606/jetty-util-9.2.22.v20170606.jar
  - /opt/defects4j/framework/projects/Jsoup/lib/org/eclipse/jetty/jetty-util/9.2.28.v20190418/jetty-util-9.2.28.v20190418.jar
* Finished analyzing classpath
* Generating tests for class org.jsoup.parser.CharacterReader
* Test criteria:
  - Line Coverage
  - Branch Coverage
  - Exception
* Setting up search algorithm for whole suite generation
* Total number of test goals: 
  - Line 253
  - Branch 230
  - Exception 0

[Progress:>                             0%] [Cov:>                                  0%]* Using seed 1
* Starting evolution

[Progress:>                             0%] [Cov:====>                              12%]
[Progress:>                             0%] [Cov:=====>                             17%]
[Progress:>                             0%] [Cov:=================>                 51%]
[Progress:>                             0%] [Cov:==================>                54%]
[Progress:>                             0%] [Cov:===================>               57%]
[Progress:>                             1%] [Cov:===>                               11%]
[Progress:>                             1%] [Cov:======>                            18%]
[Progress:>                             1%] [Cov:=================>                 51%]
[Progress:>                             1%] [Cov:====================>              59%]
[Progress:>                             1%] [Cov:=======================>           67%]
[Progress:>                             1%] [Cov:========================>          69%]
[Progress:>                             1%] [Cov:========================>          69%]
[Progress:>                             1%] [Cov:========================>          71%]
[Progress:>                             3%] [Cov:===================>               56%]
[Progress:>                             3%] [Cov:====================>              59%]
[Progress:>                             3%] [Cov:=====================>             61%]
[Progress:>                             3%] [Cov:========================>          69%]
[Progress:>                             3%] [Cov:========================>          70%]
[Progress:>                             3%] [Cov:========================>          71%]
[Progress:>                             3%] [Cov:===============================>   91%]
[Progress:>                             3%] [Cov:===============================>   91%]
[Progress:>                             3%] [Cov:================================>  92%]
[Progress:>                             3%] [Cov:================================>  92%]
[Progress:=>                            5%] [Cov:================================>  92%]
[Progress:=>                            5%] [Cov:================================>  92%]
[Progress:=>                            5%] [Cov:================================>  92%]
[Progress:=>                            5%] [Cov:================================>  93%]
[Progress:=>                            5%] [Cov:================================>  93%]
[Progress:=>                            5%] [Cov:================================>  93%]
[Progress:=>                            5%] [Cov:================================>  93%]
[Progress:=>                            6%] [Cov:================================>  93%]
[Progress:=>                            6%] [Cov:================================>  93%]
[Progress:=>                            6%] [Cov:================================>  93%]
[Progress:=>                            6%] [Cov:================================>  93%]
[Progress:=>                            6%] [Cov:================================>  93%]
[Progress:=>                            6%] [Cov:================================>  94%]
[Progress:=>                            6%] [Cov:================================>  94%]
[Progress:=>                            6%] [Cov:================================>  94%]
[Progress:=>                            6%] [Cov:================================>  94%]
[Progress:==>                           8%] [Cov:================================>  94%]
[Progress:==>                           8%] [Cov:================================>  94%]
[Progress:==>                           8%] [Cov:================================>  94%]
[Progress:==>                           8%] [Cov:================================>  94%]
[Progress:==>                           8%] [Cov:================================>  94%]
[Progress:==>                           8%] [Cov:================================>  94%]
[Progress:==>                           8%] [Cov:================================>  94%]
[Progress:==>                           8%] [Cov:=================================> 95%]
[Progress:==>                           8%] [Cov:=================================> 95%]
[Progress:===>                          10%] [Cov:=================================> 95%]
[Progress:===>                          10%] [Cov:=================================> 95%]
[Progress:===>                          10%] [Cov:=================================> 95%]
[Progress:===>                          10%] [Cov:=================================> 95%]
[Progress:===>                          10%] [Cov:=================================> 95%]
[Progress:===>                          10%] [Cov:=================================> 95%]
[Progress:===>                          10%] [Cov:=================================> 95%]
[Progress:===>                          10%] [Cov:=================================> 95%]
[Progress:===>                          11%] [Cov:=================================> 95%]
[Progress:===>                          11%] [Cov:=================================> 95%]
[Progress:===>                          11%] [Cov:=================================> 95%]
[Progress:===>                          11%] [Cov:=================================> 95%]
[Progress:===>                          11%] [Cov:=================================> 95%]
[Progress:===>                          11%] [Cov:=================================> 96%]
[Progress:===>                          11%] [Cov:=================================> 96%]
[Progress:===>                          11%] [Cov:=================================> 96%]
[Progress:===>                          11%] [Cov:=================================> 96%]
[Progress:===>                          13%] [Cov:=================================> 96%]
[Progress:===>                          13%] [Cov:=================================> 96%]
[Progress:===>                          13%] [Cov:=================================> 96%]
[Progress:===>                          13%] [Cov:=================================> 96%]
[Progress:===>                          13%] [Cov:=================================> 96%]
[Progress:===>                          13%] [Cov:=================================> 96%]
[Progress:===>                          13%] [Cov:=================================> 96%]
[Progress:===>                          13%] [Cov:=================================> 96%]
[Progress:===>                          13%] [Cov:=================================> 96%]
[Progress:====>                         15%] [Cov:=================================> 96%]
[Progress:====>                         15%] [Cov:=================================> 96%]
[Progress:====>                         15%] [Cov:=================================> 96%]
[Progress:====>                         15%] [Cov:=================================> 96%]
[Progress:====>                         15%] [Cov:=================================> 96%]
[Progress:====>                         15%] [Cov:=================================> 96%]
[Progress:====>                         15%] [Cov:=================================> 97%]
[Progress:====>                         15%] [Cov:=================================> 97%]
[Progress:====>                         16%] [Cov:=================================> 97%]
[Progress:====>                         16%] [Cov:=================================> 97%]
[Progress:====>                         16%] [Cov:=================================> 97%]
[Progress:====>                         16%] [Cov:=================================> 97%]
[Progress:====>                         16%] [Cov:=================================> 97%]
[Progress:====>                         16%] [Cov:=================================> 97%]
[Progress:====>                         16%] [Cov:=================================> 97%]
[Progress:=====>                        18%] [Cov:=================================> 97%]
[Progress:=====>                        18%] [Cov:=================================> 97%]
[Progress:=====>                        18%] [Cov:=================================> 97%]
[Progress:=====>                        18%] [Cov:=================================> 97%]
[Progress:=====>                        18%] [Cov:=================================> 97%]
[Progress:=====>                        18%] [Cov:=================================> 97%]
[Progress:=====>                        18%] [Cov:=================================> 97%]
[Progress:=====>                        18%] [Cov:=================================> 97%]
[Progress:======>                       20%] [Cov:=================================> 97%]
[Progress:======>                       20%] [Cov:=================================> 97%]
[Progress:======>                       20%] [Cov:=================================> 97%]
[Progress:======>                       20%] [Cov:=================================> 97%]
[Progress:======>                       20%] [Cov:=================================> 97%]
[Progress:======>                       20%] [Cov:=================================> 97%]
[Progress:======>                       20%] [Cov:=================================> 97%]
[Progress:======>                       20%] [Cov:=================================> 97%]
[Progress:======>                       21%] [Cov:=================================> 97%]
[Progress:======>                       21%] [Cov:=================================> 97%]
[Progress:======>                       21%] [Cov:=================================> 97%]
[Progress:======>                       21%] [Cov:=================================> 97%]
[Progress:======>                       21%] [Cov:=================================> 97%]
[Progress:======>                       21%] [Cov:=================================> 97%]
[Progress:======>                       21%] [Cov:=================================> 97%]
[Progress:======>                       23%] [Cov:=================================> 97%]
[Progress:======>                       23%] [Cov:=================================> 97%]
[Progress:======>                       23%] [Cov:=================================> 97%]
[Progress:======>                       23%] [Cov:=================================> 97%]
[Progress:======>                       23%] [Cov:=================================> 97%]
[Progress:======>                       23%] [Cov:=================================> 97%]
[Progress:======>                       23%] [Cov:=================================> 97%]
[Progress:======>                       23%] [Cov:=================================> 97%]
[Progress:=======>                      25%] [Cov:=================================> 97%]
[Progress:=======>                      25%] [Cov:=================================> 97%]
[Progress:=======>                      25%] [Cov:=================================> 97%]
[Progress:=======>                      25%] [Cov:=================================> 97%]
[Progress:=======>                      25%] [Cov:=================================> 97%]
[Progress:=======>                      25%] [Cov:=================================> 97%]
[Progress:=======>                      25%] [Cov:=================================> 97%]
[Progress:=======>                      25%] [Cov:=================================> 97%]
[Progress:=======>                      26%] [Cov:=================================> 97%]
[Progress:=======>                      26%] [Cov:=================================> 97%]
[Progress:=======>                      26%] [Cov:=================================> 97%]
[Progress:=======>                      26%] [Cov:=================================> 97%]
[Progress:=======>                      26%] [Cov:=================================> 97%]
[Progress:=======>                      26%] [Cov:=================================> 97%]
[Progress:=======>                      26%] [Cov:=================================> 97%]
[Progress:========>                     28%] [Cov:=================================> 97%]
[Progress:========>                     28%] [Cov:=================================> 97%]
[Progress:========>                     28%] [Cov:=================================> 97%]
[Progress:========>                     28%] [Cov:=================================> 97%]
[Progress:========>                     28%] [Cov:=================================> 97%]
[Progress:========>                     28%] [Cov:=================================> 97%]
[Progress:========>                     28%] [Cov:=================================> 97%]
[Progress:========>                     28%] [Cov:=================================> 97%]
[Progress:========>                     28%] [Cov:=================================> 97%]
[Progress:=========>                    30%] [Cov:=================================> 97%]
[Progress:=========>                    30%] [Cov:=================================> 97%]
[Progress:=========>                    30%] [Cov:=================================> 97%]
[Progress:=========>                    30%] [Cov:=================================> 97%]
[Progress:=========>                    30%] [Cov:=================================> 97%]
[Progress:=========>                    30%] [Cov:=================================> 97%]
[Progress:=========>                    30%] [Cov:=================================> 97%]
[Progress:=========>                    31%] [Cov:=================================> 97%]
[Progress:=========>                    31%] [Cov:=================================> 97%]
[Progress:=========>                    31%] [Cov:=================================> 97%]
[Progress:=========>                    31%] [Cov:=================================> 97%]
[Progress:=========>                    31%] [Cov:=================================> 97%]
[Progress:=========>                    31%] [Cov:=================================> 97%]
[Progress:=========>                    31%] [Cov:=================================> 97%]
[Progress:=========>                    33%] [Cov:=================================> 97%]
[Progress:=========>                    33%] [Cov:=================================> 97%]
[Progress:=========>                    33%] [Cov:=================================> 97%]
[Progress:=========>                    33%] [Cov:=================================> 97%]
[Progress:=========>                    33%] [Cov:=================================> 97%]
[Progress:=========>                    33%] [Cov:=================================> 97%]
[Progress:=========>                    33%] [Cov:=================================> 97%]
[Progress:=========>                    33%] [Cov:=================================> 97%]
[Progress:==========>                   35%] [Cov:=================================> 97%]
[Progress:==========>                   35%] [Cov:=================================> 97%]
[Progress:==========>                   35%] [Cov:=================================> 97%]
[Progress:==========>                   35%] [Cov:=================================> 97%]
[Progress:==========>                   35%] [Cov:=================================> 97%]
[Progress:==========>                   35%] [Cov:=================================> 97%]
[Progress:==========>                   35%] [Cov:=================================> 97%]
[Progress:==========>                   35%] [Cov:=================================> 97%]
[Progress:==========>                   36%] [Cov:=================================> 97%]
[Progress:==========>                   36%] [Cov:=================================> 97%]
[Progress:==========>                   36%] [Cov:=================================> 97%]
[Progress:==========>                   36%] [Cov:=================================> 97%]
[Progress:==========>                   36%] [Cov:=================================> 97%]
[Progress:==========>                   36%] [Cov:=================================> 97%]
[Progress:==========>                   36%] [Cov:=================================> 97%]
[Progress:==========>                   36%] [Cov:=================================> 97%]
[Progress:===========>                  38%] [Cov:=================================> 97%]
[Progress:===========>                  38%] [Cov:=================================> 97%]
[Progress:===========>                  38%] [Cov:=================================> 97%]
[Progress:===========>                  38%] [Cov:=================================> 97%]
[Progress:===========>                  38%] [Cov:=================================> 97%]
[Progress:===========>                  38%] [Cov:=================================> 97%]
[Progress:===========>                  38%] [Cov:=================================> 97%]
[Progress:============>                 40%] [Cov:=================================> 97%]
[Progress:============>                 40%] [Cov:=================================> 97%]
[Progress:============>                 40%] [Cov:=================================> 97%]
[Progress:============>                 40%] [Cov:=================================> 97%]
[Progress:============>                 40%] [Cov:=================================> 97%]
[Progress:============>                 40%] [Cov:=================================> 97%]
[Progress:============>                 40%] [Cov:=================================> 97%]
[Progress:============>                 40%] [Cov:=================================> 97%]
[Progress:============>                 41%] [Cov:=================================> 97%]
[Progress:============>                 41%] [Cov:=================================> 97%]
[Progress:============>                 41%] [Cov:=================================> 97%]
[Progress:============>                 41%] [Cov:=================================> 97%]
[Progress:============>                 41%] [Cov:=================================> 97%]
[Progress:============>                 41%] [Cov:=================================> 97%]
[Progress:============>                 41%] [Cov:=================================> 97%]
[Progress:============>                 41%] [Cov:=================================> 97%]
[Progress:============>                 43%] [Cov:=================================> 97%]
[Progress:============>                 43%] [Cov:=================================> 97%]
[Progress:============>                 43%] [Cov:=================================> 97%]
[Progress:============>                 43%] [Cov:=================================> 97%]
[Progress:============>                 43%] [Cov:=================================> 97%]
[Progress:============>                 43%] [Cov:=================================> 97%]
[Progress:============>                 43%] [Cov:=================================> 97%]
[Progress:============>                 43%] [Cov:=================================> 97%]
[Progress:=============>                45%] [Cov:=================================> 97%]
[Progress:=============>                45%] [Cov:=================================> 97%]
[Progress:=============>                45%] [Cov:=================================> 97%]
[Progress:=============>                45%] [Cov:=================================> 97%]
[Progress:=============>                45%] [Cov:=================================> 97%]
[Progress:=============>                45%] [Cov:=================================> 97%]
[Progress:=============>                45%] [Cov:=================================> 97%]
[Progress:=============>                45%] [Cov:=================================> 97%]
[Progress:=============>                46%] [Cov:=================================> 97%]
[Progress:=============>                46%] [Cov:=================================> 97%]
[Progress:=============>                46%] [Cov:=================================> 97%]
[Progress:=============>                46%] [Cov:=================================> 97%]
[Progress:=============>                46%] [Cov:=================================> 97%]
[Progress:=============>                46%] [Cov:=================================> 97%]
[Progress:=============>                46%] [Cov:=================================> 97%]
[Progress:=============>                46%] [Cov:=================================> 97%]
[Progress:=============>                46%] [Cov:=================================> 97%]
[Progress:==============>               48%] [Cov:=================================> 97%]
[Progress:==============>               48%] [Cov:=================================> 97%]
[Progress:==============>               48%] [Cov:=================================> 97%]
[Progress:==============>               48%] [Cov:=================================> 97%]
[Progress:==============>               48%] [Cov:=================================> 97%]
[Progress:==============>               48%] [Cov:=================================> 97%]
[Progress:==============>               48%] [Cov:=================================> 97%]
[Progress:==============>               48%] [Cov:=================================> 97%]
[Progress:===============>              50%] [Cov:=================================> 97%]
[Progress:===============>              50%] [Cov:=================================> 97%]
[Progress:===============>              50%] [Cov:=================================> 97%]
[Progress:===============>              50%] [Cov:=================================> 97%]
[Progress:===============>              50%] [Cov:=================================> 97%]
[Progress:===============>              50%] [Cov:=================================> 97%]
[Progress:===============>              50%] [Cov:=================================> 97%]
[Progress:===============>              50%] [Cov:=================================> 97%]
[Progress:===============>              50%] [Cov:=================================> 97%]
[Progress:===============>              51%] [Cov:=================================> 97%]
[Progress:===============>              51%] [Cov:=================================> 97%]
[Progress:===============>              51%] [Cov:=================================> 97%]
[Progress:===============>              51%] [Cov:=================================> 97%]
[Progress:===============>              51%] [Cov:=================================> 97%]
[Progress:===============>              51%] [Cov:=================================> 97%]
[Progress:===============>              51%] [Cov:=================================> 97%]
[Progress:===============>              51%] [Cov:=================================> 97%]
[Progress:===============>              53%] [Cov:=================================> 97%]
[Progress:===============>              53%] [Cov:=================================> 97%]
[Progress:===============>              53%] [Cov:=================================> 97%]
[Progress:===============>              53%] [Cov:=================================> 97%]
[Progress:===============>              53%] [Cov:=================================> 97%]
[Progress:===============>              53%] [Cov:=================================> 97%]
[Progress:===============>              53%] [Cov:=================================> 97%]
[Progress:===============>              53%] [Cov:=================================> 97%]
[Progress:===============>              53%] [Cov:=================================> 97%]
[Progress:================>             55%] [Cov:=================================> 97%]
[Progress:================>             55%] [Cov:=================================> 97%]
[Progress:================>             55%] [Cov:=================================> 97%]
[Progress:================>             55%] [Cov:=================================> 97%]
[Progress:================>             55%] [Cov:=================================> 97%]
[Progress:================>             55%] [Cov:=================================> 97%]
[Progress:================>             55%] [Cov:=================================> 97%]
[Progress:================>             55%] [Cov:=================================> 97%]
[Progress:================>             56%] [Cov:=================================> 97%]
[Progress:================>             56%] [Cov:=================================> 97%]
[Progress:================>             56%] [Cov:=================================> 97%]
[Progress:================>             56%] [Cov:=================================> 97%]
[Progress:================>             56%] [Cov:=================================> 97%]
[Progress:================>             56%] [Cov:=================================> 97%]
[Progress:================>             56%] [Cov:=================================> 97%]
[Progress:================>             56%] [Cov:=================================> 97%]
[Progress:================>             56%] [Cov:=================================> 97%]
[Progress:=================>            58%] [Cov:=================================> 97%]
[Progress:=================>            58%] [Cov:=================================> 97%]
[Progress:=================>            58%] [Cov:=================================> 97%]
[Progress:=================>            58%] [Cov:=================================> 97%]
[Progress:=================>            58%] [Cov:=================================> 97%]
[Progress:=================>            58%] [Cov:=================================> 97%]
[Progress:=================>            58%] [Cov:=================================> 97%]
[Progress:=================>            58%] [Cov:=================================> 97%]
[Progress:=================>            58%] [Cov:=================================> 97%]
[Progress:==================>           60%] [Cov:=================================> 97%]
[Progress:==================>           60%] [Cov:=================================> 97%]
[Progress:==================>           60%] [Cov:=================================> 97%]
[Progress:==================>           60%] [Cov:=================================> 97%]
[Progress:==================>           60%] [Cov:=================================> 97%]
[Progress:==================>           60%] [Cov:=================================> 97%]
[Progress:==================>           60%] [Cov:=================================> 97%]
[Progress:==================>           60%] [Cov:=================================> 97%]
[Progress:==================>           60%] [Cov:=================================> 97%]
[Progress:==================>           60%] [Cov:=================================> 97%]
[Progress:==================>           61%] [Cov:=================================> 97%]
[Progress:==================>           61%] [Cov:=================================> 97%]
[Progress:==================>           61%] [Cov:=================================> 97%]
[Progress:==================>           61%] [Cov:=================================> 97%]
[Progress:==================>           61%] [Cov:=================================> 97%]
[Progress:==================>           61%] [Cov:=================================> 97%]
[Progress:==================>           61%] [Cov:=================================> 97%]
[Progress:==================>           61%] [Cov:=================================> 97%]
[Progress:==================>           61%] [Cov:=================================> 97%]
[Progress:==================>           63%] [Cov:=================================> 97%]
[Progress:==================>           63%] [Cov:=================================> 97%]
[Progress:==================>           63%] [Cov:=================================> 97%]
[Progress:==================>           63%] [Cov:=================================> 97%]
[Progress:==================>           63%] [Cov:=================================> 97%]
[Progress:==================>           63%] [Cov:=================================> 97%]
[Progress:==================>           63%] [Cov:=================================> 97%]
[Progress:==================>           63%] [Cov:=================================> 97%]
[Progress:==================>           63%] [Cov:=================================> 97%]
[Progress:===================>          65%] [Cov:=================================> 97%]
[Progress:===================>          65%] [Cov:=================================> 97%]
[Progress:===================>          65%] [Cov:=================================> 97%]
[Progress:===================>          65%] [Cov:=================================> 97%]
[Progress:===================>          65%] [Cov:=================================> 97%]
[Progress:===================>          65%] [Cov:=================================> 97%]
[Progress:===================>          65%] [Cov:=================================> 97%]
[Progress:===================>          65%] [Cov:=================================> 97%]
[Progress:===================>          65%] [Cov:=================================> 97%]
[Progress:===================>          66%] [Cov:=================================> 97%]
[Progress:===================>          66%] [Cov:=================================> 97%]
[Progress:===================>          66%] [Cov:=================================> 97%]
[Progress:===================>          66%] [Cov:=================================> 97%]
[Progress:===================>          66%] [Cov:=================================> 97%]
[Progress:===================>          66%] [Cov:=================================> 97%]
[Progress:===================>          66%] [Cov:=================================> 97%]
[Progress:===================>          66%] [Cov:=================================> 97%]
[Progress:===================>          66%] [Cov:=================================> 97%]
[Progress:===================>          66%] [Cov:=================================> 97%]
[Progress:====================>         68%] [Cov:=================================> 97%]
[Progress:====================>         68%] [Cov:=================================> 97%]
[Progress:====================>         68%] [Cov:=================================> 97%]
[Progress:====================>         68%] [Cov:=================================> 97%]
[Progress:====================>         68%] [Cov:=================================> 97%]
[Progress:====================>         68%] [Cov:=================================> 97%]
[Progress:====================>         68%] [Cov:=================================> 97%]
[Progress:====================>         68%] [Cov:=================================> 97%]
[Progress:====================>         68%] [Cov:=================================> 97%]
[Progress:=====================>        70%] [Cov:=================================> 97%]
[Progress:=====================>        70%] [Cov:=================================> 97%]
[Progress:=====================>        70%] [Cov:=================================> 97%]
[Progress:=====================>        70%] [Cov:=================================> 97%]
[Progress:=====================>        70%] [Cov:=================================> 97%]
[Progress:=====================>        70%] [Cov:=================================> 97%]
[Progress:=====================>        70%] [Cov:=================================> 97%]
[Progress:=====================>        70%] [Cov:=================================> 97%]
[Progress:=====================>        70%] [Cov:=================================> 97%]
[Progress:=====================>        70%] [Cov:=================================> 97%]
[Progress:=====================>        71%] [Cov:=================================> 97%]
[Progress:=====================>        71%] [Cov:=================================> 97%]
[Progress:=====================>        71%] [Cov:=================================> 97%]
[Progress:=====================>        71%] [Cov:=================================> 97%]
[Progress:=====================>        71%] [Cov:=================================> 97%]
[Progress:=====================>        71%] [Cov:=================================> 97%]
[Progress:=====================>        71%] [Cov:=================================> 97%]
[Progress:=====================>        71%] [Cov:=================================> 97%]
[Progress:=====================>        71%] [Cov:=================================> 97%]
[Progress:=====================>        71%] [Cov:=================================> 97%]
[Progress:=====================>        73%] [Cov:=================================> 97%]
[Progress:=====================>        73%] [Cov:=================================> 97%]
[Progress:=====================>        73%] [Cov:=================================> 97%]
[Progress:=====================>        73%] [Cov:=================================> 97%]
[Progress:=====================>        73%] [Cov:=================================> 97%]
[Progress:=====================>        73%] [Cov:=================================> 97%]
[Progress:=====================>        73%] [Cov:=================================> 97%]
[Progress:=====================>        73%] [Cov:=================================> 97%]
[Progress:=====================>        73%] [Cov:=================================> 97%]
[Progress:=====================>        73%] [Cov:=================================> 97%]
[Progress:======================>       75%] [Cov:=================================> 97%]
[Progress:======================>       75%] [Cov:=================================> 97%]
[Progress:======================>       75%] [Cov:=================================> 97%]
[Progress:======================>       75%] [Cov:=================================> 97%]
[Progress:======================>       75%] [Cov:=================================> 97%]
[Progress:======================>       75%] [Cov:=================================> 97%]
[Progress:======================>       75%] [Cov:=================================> 97%]
[Progress:======================>       75%] [Cov:=================================> 97%]
[Progress:======================>       75%] [Cov:=================================> 97%]
[Progress:======================>       75%] [Cov:=================================> 97%]
[Progress:======================>       76%] [Cov:=================================> 97%]
[Progress:======================>       76%] [Cov:=================================> 97%]
[Progress:======================>       76%] [Cov:=================================> 97%]
[Progress:======================>       76%] [Cov:=================================> 97%]
[Progress:======================>       76%] [Cov:=================================> 97%]
[Progress:======================>       76%] [Cov:=================================> 97%]
[Progress:======================>       76%] [Cov:=================================> 97%]
[Progress:======================>       76%] [Cov:=================================> 97%]
[Progress:======================>       76%] [Cov:=================================> 97%]
[Progress:=======================>      78%] [Cov:=================================> 97%]
[Progress:=======================>      78%] [Cov:=================================> 97%]
[Progress:=======================>      78%] [Cov:=================================> 97%]
[Progress:=======================>      78%] [Cov:=================================> 97%]
[Progress:=======================>      78%] [Cov:=================================> 97%]
[Progress:=======================>      78%] [Cov:=================================> 97%]
[Progress:=======================>      78%] [Cov:=================================> 97%]
[Progress:=======================>      78%] [Cov:=================================> 97%]
[Progress:=======================>      78%] [Cov:=================================> 97%]
[Progress:=======================>      78%] [Cov:=================================> 97%]
[Progress:========================>     80%] [Cov:=================================> 97%]
[Progress:========================>     80%] [Cov:=================================> 97%]
[Progress:========================>     80%] [Cov:=================================> 97%]
[Progress:========================>     80%] [Cov:=================================> 97%]
[Progress:========================>     80%] [Cov:=================================> 97%]
[Progress:========================>     80%] [Cov:=================================> 97%]
[Progress:========================>     80%] [Cov:=================================> 97%]
[Progress:========================>     80%] [Cov:=================================> 97%]
[Progress:========================>     80%] [Cov:=================================> 97%]
[Progress:========================>     80%] [Cov:=================================> 97%]
[Progress:========================>     81%] [Cov:=================================> 97%]
[Progress:========================>     81%] [Cov:=================================> 97%]
[Progress:========================>     81%] [Cov:=================================> 97%]
[Progress:========================>     81%] [Cov:=================================> 97%]
[Progress:========================>     81%] [Cov:=================================> 97%]
[Progress:========================>     81%] [Cov:=================================> 97%]
[Progress:========================>     81%] [Cov:=================================> 97%]
[Progress:========================>     81%] [Cov:=================================> 97%]
[Progress:========================>     81%] [Cov:=================================> 97%]
[Progress:========================>     83%] [Cov:=================================> 97%]
[Progress:========================>     83%] [Cov:=================================> 97%]
[Progress:========================>     83%] [Cov:=================================> 97%]
[Progress:========================>     83%] [Cov:=================================> 97%]
[Progress:========================>     83%] [Cov:=================================> 97%]
[Progress:========================>     83%] [Cov:=================================> 97%]
[Progress:========================>     83%] [Cov:=================================> 97%]
[Progress:========================>     83%] [Cov:=================================> 97%]
[Progress:========================>     83%] [Cov:=================================> 97%]
[Progress:========================>     83%] [Cov:=================================> 97%]
[Progress:========================>     83%] [Cov:=================================> 97%]
[Progress:=========================>    85%] [Cov:=================================> 97%]
[Progress:=========================>    85%] [Cov:=================================> 97%]
[Progress:=========================>    85%] [Cov:=================================> 97%]
[Progress:=========================>    85%] [Cov:=================================> 97%]
[Progress:=========================>    85%] [Cov:=================================> 97%]
[Progress:=========================>    85%] [Cov:=================================> 97%]
[Progress:=========================>    85%] [Cov:=================================> 97%]
[Progress:=========================>    85%] [Cov:=================================> 97%]
[Progress:=========================>    85%] [Cov:=================================> 97%]
[Progress:=========================>    86%] [Cov:=================================> 97%]
[Progress:=========================>    86%] [Cov:=================================> 97%]
[Progress:=========================>    86%] [Cov:=================================> 97%]
[Progress:=========================>    86%] [Cov:=================================> 97%]
[Progress:=========================>    86%] [Cov:=================================> 97%]
[Progress:=========================>    86%] [Cov:=================================> 97%]
[Progress:=========================>    86%] [Cov:=================================> 97%]
[Progress:=========================>    86%] [Cov:=================================> 97%]
[Progress:=========================>    86%] [Cov:=================================> 97%]
[Progress:=========================>    86%] [Cov:=================================> 97%]
[Progress:==========================>   88%] [Cov:=================================> 97%]
[Progress:==========================>   88%] [Cov:=================================> 97%]
[Progress:==========================>   88%] [Cov:=================================> 97%]
[Progress:==========================>   88%] [Cov:=================================> 97%]
[Progress:==========================>   88%] [Cov:=================================> 97%]
[Progress:==========================>   88%] [Cov:=================================> 97%]
[Progress:==========================>   88%] [Cov:=================================> 97%]
[Progress:==========================>   88%] [Cov:=================================> 97%]
[Progress:==========================>   88%] [Cov:=================================> 97%]
[Progress:==========================>   88%] [Cov:=================================> 97%]
[Progress:==========================>   88%] [Cov:=================================> 97%]
[Progress:===========================>  90%] [Cov:=================================> 97%]
[Progress:===========================>  90%] [Cov:=================================> 97%]
[Progress:===========================>  90%] [Cov:=================================> 97%]
[Progress:===========================>  90%] [Cov:=================================> 97%]
[Progress:===========================>  90%] [Cov:=================================> 97%]
[Progress:===========================>  90%] [Cov:=================================> 97%]
[Progress:===========================>  90%] [Cov:=================================> 97%]
[Progress:===========================>  90%] [Cov:=================================> 97%]
[Progress:===========================>  90%] [Cov:=================================> 97%]
[Progress:===========================>  90%] [Cov:=================================> 97%]
[Progress:===========================>  91%] [Cov:=================================> 97%]
[Progress:===========================>  91%] [Cov:=================================> 97%]
[Progress:===========================>  91%] [Cov:=================================> 97%]
[Progress:===========================>  91%] [Cov:=================================> 97%]
[Progress:===========================>  91%] [Cov:=================================> 97%]
[Progress:===========================>  91%] [Cov:=================================> 97%]
[Progress:===========================>  91%] [Cov:=================================> 97%]
[Progress:===========================>  91%] [Cov:=================================> 97%]
[Progress:===========================>  91%] [Cov:=================================> 97%]
[Progress:===========================>  91%] [Cov:=================================> 97%]
[Progress:===========================>  91%] [Cov:=================================> 97%]
[Progress:===========================>  93%] [Cov:=================================> 97%]
[Progress:===========================>  93%] [Cov:=================================> 97%]
[Progress:===========================>  93%] [Cov:=================================> 97%]
[Progress:===========================>  93%] [Cov:=================================> 97%]
[Progress:===========================>  93%] [Cov:=================================> 97%]
[Progress:===========================>  93%] [Cov:=================================> 97%]
[Progress:===========================>  93%] [Cov:=================================> 97%]
[Progress:===========================>  93%] [Cov:=================================> 97%]
[Progress:===========================>  93%] [Cov:=================================> 97%]
[Progress:===========================>  93%] [Cov:=================================> 97%]
[Progress:===========================>  93%] [Cov:=================================> 97%]
[Progress:============================> 95%] [Cov:=================================> 97%]
[Progress:============================> 95%] [Cov:=================================> 97%]
[Progress:============================> 95%] [Cov:=================================> 97%]
[Progress:============================> 95%] [Cov:=================================> 97%]
[Progress:============================> 95%] [Cov:=================================> 97%]
[Progress:============================> 95%] [Cov:=================================> 97%]
[Progress:============================> 95%] [Cov:=================================> 97%]
[Progress:============================> 95%] [Cov:=================================> 97%]
[Progress:============================> 95%] [Cov:=================================> 97%]
[Progress:============================> 95%] [Cov:=================================> 97%]
[Progress:============================> 95%] [Cov:=================================> 97%]
[Progress:============================> 96%] [Cov:=================================> 97%]
[Progress:============================> 96%] [Cov:=================================> 97%]
[Progress:============================> 96%] [Cov:=================================> 97%]
[Progress:============================> 96%] [Cov:=================================> 97%]
[Progress:============================> 96%] [Cov:=================================> 97%]
[Progress:============================> 96%] [Cov:=================================> 97%]
[Progress:============================> 96%] [Cov:=================================> 97%]
[Progress:============================> 96%] [Cov:=================================> 97%]
[Progress:============================> 96%] [Cov:=================================> 97%]
[Progress:============================> 96%] [Cov:=================================> 97%]
[Progress:============================> 96%] [Cov:=================================> 97%]
[Progress:============================> 96%] [Cov:=================================> 97%]
[Progress:=============================>98%] [Cov:=================================> 97%]
[Progress:=============================>98%] [Cov:=================================> 97%]
[Progress:=============================>98%] [Cov:=================================> 97%]
[Progress:=============================>98%] [Cov:=================================> 97%]
[Progress:=============================>98%] [Cov:=================================> 97%]
[Progress:=============================>98%] [Cov:=================================> 97%]
[Progress:=============================>98%] [Cov:=================================> 97%]
[Progress:=============================>98%] [Cov:=================================> 97%]
[Progress:=============================>98%] [Cov:=================================> 97%]
[Progress:=============================>98%] [Cov:=================================> 97%]
[Progress:=============================>98%] [Cov:=================================> 97%]
[Progress:==============================100%] [Cov:=================================> 97%]
[Progress:==============================100%] [Cov:=================================> 97%]
[Progress:==============================100%] [Cov:=================================> 97%]
[Progress:==============================100%] [Cov:=================================> 97%]
[Progress:==============================100%] [Cov:=================================> 97%]
[Progress:==============================100%] [Cov:=================================> 97%]
[Progress:==============================100%] [Cov:=================================> 97%]
[Progress:==============================100%] [Cov:=================================> 97%]
[Progress:==============================100%] [Cov:=================================> 97%]
[Progress:==============================100%] [Cov:=================================> 97%]
[Progress:==============================100%] [Cov:=================================> 97%]
[Progress:==============================100%] [Cov:=================================> 97%]
[Progress:==============================100%] [Cov:=================================> 97%]
* Search finished after 61s and 462 generations, 272255 statements, best individual has fitness: 19.293059917348582
* Minimizing test suite
* Going to analyze the coverage criteria
* Coverage analysis for criterion LINE
* Coverage of criterion LINE: 98%
* Total number of goals: 253
* Number of covered goals: 248
* Coverage analysis for criterion BRANCH
* Coverage of criterion BRANCH: 94%
* Total number of goals: 230
* Number of covered goals: 216
* Coverage analysis for criterion EXCEPTION
* Coverage of criterion EXCEPTION: 100%
* Total number of goals: 40
* Number of covered goals: 40
* Generated 97 tests with total length 296
* Resulting test suite's coverage: 97% (average coverage for all fitness functions)
* Generating assertions
* Resulting test suite's mutation score: 43%
* Compiling and checking tests
* Writing tests to file
* Writing JUnit test case 'CharacterReader_ESTest' to /work/evo_out/Jsoup_91f/budget60_seed1/tests
* Done!

* Computation finished

[exit=0 timeout=False time=94.5s]

$ javac -nowarn -cp /work/Jsoup_91f/target/classes:/opt/defects4j/framework/projects/lib/junit-4.12-hamcrest-1.3.jar:/opt/defects4j/framework/projects/Jsoup/lib/com/google/code/gson/gson/2.7/gson-2.7.jar:/opt/defects4j/framework/projects/Jsoup/lib/org/eclipse/jetty/jetty-server/9.2.26.v20180806/jetty-server-9.2.26.v20180806.jar:/opt/defects4j/framework/projects/Jsoup/lib/javax/servlet/javax.servlet-api/3.1.0/javax.servlet-api-3.1.0.jar:/opt/defects4j/framework/projects/Jsoup/lib/org/eclipse/jetty/jetty-http/9.2.26.v20180806/jetty-http-9.2.26.v20180806.jar:/opt/defects4j/framework/projects/Jsoup/lib/org/eclipse/jetty/jetty-util/9.2.26.v20180806/jetty-util-9.2.26.v20180806.jar:/opt/defects4j/framework/projects/Jsoup/lib/org/eclipse/jetty/jetty-io/9.2.26.v20180806/jetty-io-9.2.26.v20180806.jar:/opt/defects4j/framework/projects/Jsoup/lib/org/eclipse/jetty/jetty-servlet/9.2.28.v20190418/jetty-servlet-9.2.28.v20190418.jar:/opt/defects4j/framework/projects/Jsoup/lib/org/eclipse/jetty/jetty-security/9.2.28.v20190418/jetty-security-9.2.28.v20190418.jar:/work/Jsoup_91f/target/classes:/work/Jsoup_91f/target/test-classes:/opt/defects4j/framework/projects/Jsoup/lib/commons-lang/commons-lang/2.4/commons-lang-2.4.jar:/opt/defects4j/framework/projects/Jsoup/lib/org/eclipse/jetty/jetty-http/9.2.22.v20170606/jetty-http-9.2.22.v20170606.jar:/opt/defects4j/framework/projects/Jsoup/lib/org/eclipse/jetty/jetty-http/9.2.28.v20190418/jetty-http-9.2.28.v20190418.jar:/opt/defects4j/framework/projects/Jsoup/lib/org/eclipse/jetty/jetty-io/9.2.22.v20170606/jetty-io-9.2.22.v20170606.jar:/opt/defects4j/framework/projects/Jsoup/lib/org/eclipse/jetty/jetty-io/9.2.28.v20190418/jetty-io-9.2.28.v20190418.jar:/opt/defects4j/framework/projects/Jsoup/lib/org/eclipse/jetty/jetty-security/9.2.22.v20170606/jetty-security-9.2.22.v20170606.jar:/opt/defects4j/framework/projects/Jsoup/lib/org/eclipse/jetty/jetty-security/9.2.26.v20180806/jetty-security-9.2.26.v20180806.jar:/opt/defects4j/framework/projects/Jsoup/lib/org/eclipse/jetty/jetty-server/9.2.22.v20170606/jetty-server-9.2.22.v20170606.jar:/opt/defects4j/framework/projects/Jsoup/lib/org/eclipse/jetty/jetty-server/9.2.28.v20190418/jetty-server-9.2.28.v20190418.jar:/opt/defects4j/framework/projects/Jsoup/lib/org/eclipse/jetty/jetty-servlet/9.2.22.v20170606/jetty-servlet-9.2.22.v20170606.jar:/opt/defects4j/framework/projects/Jsoup/lib/org/eclipse/jetty/jetty-servlet/9.2.26.v20180806/jetty-servlet-9.2.26.v20180806.jar:/opt/defects4j/framework/projects/Jsoup/lib/org/eclipse/jetty/jetty-util/9.2.22.v20170606/jetty-util-9.2.22.v20170606.jar:/opt/defects4j/framework/projects/Jsoup/lib/org/eclipse/jetty/jetty-util/9.2.28.v20190418/jetty-util-9.2.28.v20190418.jar:/opt/evosuite/evosuite-standalone-runtime-1.2.0.jar -d /work/evo_out/Jsoup_91f/budget60_seed1/classes /work/evo_out/Jsoup_91f/budget60_seed1/tests/org/jsoup/UncheckedIOException_ESTest.java /work/evo_out/Jsoup_91f/budget60_seed1/tests/org/jsoup/UncheckedIOException_ESTest_scaffolding.java /work/evo_out/Jsoup_91f/budget60_seed1/tests/org/jsoup/parser/CharacterReader_ESTest.java /work/evo_out/Jsoup_91f/budget60_seed1/tests/org/jsoup/parser/CharacterReader_ESTest_scaffolding.java

[exit=0 timeout=False time=1.0s]

$ java -jar /opt/jacoco/lib/jacococli.jar instrument /work/Jsoup_91f/target/classes --dest /work/evo_out/Jsoup_91f/budget60_seed1/instrumented
[INFO] 258 classes instrumented to /work/evo_out/Jsoup_91f/budget60_seed1/instrumented.

[exit=0 timeout=False time=0.4s]

$ java -Djacoco-agent.destfile=/workspace/EvoSuite/Result_Round1/Jsoup_91/budget60_seed1/jacoco.exec -cp /work/evo_out/Jsoup_91f/budget60_seed1/instrumented:/work/evo_out/Jsoup_91f/budget60_seed1/classes:/opt/defects4j/framework/projects/lib/junit-4.12-hamcrest-1.3.jar:/opt/defects4j/framework/projects/Jsoup/lib/com/google/code/gson/gson/2.7/gson-2.7.jar:/opt/defects4j/framework/projects/Jsoup/lib/org/eclipse/jetty/jetty-server/9.2.26.v20180806/jetty-server-9.2.26.v20180806.jar:/opt/defects4j/framework/projects/Jsoup/lib/javax/servlet/javax.servlet-api/3.1.0/javax.servlet-api-3.1.0.jar:/opt/defects4j/framework/projects/Jsoup/lib/org/eclipse/jetty/jetty-http/9.2.26.v20180806/jetty-http-9.2.26.v20180806.jar:/opt/defects4j/framework/projects/Jsoup/lib/org/eclipse/jetty/jetty-util/9.2.26.v20180806/jetty-util-9.2.26.v20180806.jar:/opt/defects4j/framework/projects/Jsoup/lib/org/eclipse/jetty/jetty-io/9.2.26.v20180806/jetty-io-9.2.26.v20180806.jar:/opt/defects4j/framework/projects/Jsoup/lib/org/eclipse/jetty/jetty-servlet/9.2.28.v20190418/jetty-servlet-9.2.28.v20190418.jar:/opt/defects4j/framework/projects/Jsoup/lib/org/eclipse/jetty/jetty-security/9.2.28.v20190418/jetty-security-9.2.28.v20190418.jar:/work/Jsoup_91f/target/classes:/work/Jsoup_91f/target/test-classes:/opt/defects4j/framework/projects/Jsoup/lib/commons-lang/commons-lang/2.4/commons-lang-2.4.jar:/opt/defects4j/framework/projects/Jsoup/lib/org/eclipse/jetty/jetty-http/9.2.22.v20170606/jetty-http-9.2.22.v20170606.jar:/opt/defects4j/framework/projects/Jsoup/lib/org/eclipse/jetty/jetty-http/9.2.28.v20190418/jetty-http-9.2.28.v20190418.jar:/opt/defects4j/framework/projects/Jsoup/lib/org/eclipse/jetty/jetty-io/9.2.22.v20170606/jetty-io-9.2.22.v20170606.jar:/opt/defects4j/framework/projects/Jsoup/lib/org/eclipse/jetty/jetty-io/9.2.28.v20190418/jetty-io-9.2.28.v20190418.jar:/opt/defects4j/framework/projects/Jsoup/lib/org/eclipse/jetty/jetty-security/9.2.22.v20170606/jetty-security-9.2.22.v20170606.jar:/opt/defects4j/framework/projects/Jsoup/lib/org/eclipse/jetty/jetty-security/9.2.26.v20180806/jetty-security-9.2.26.v20180806.jar:/opt/defects4j/framework/projects/Jsoup/lib/org/eclipse/jetty/jetty-server/9.2.22.v20170606/jetty-server-9.2.22.v20170606.jar:/opt/defects4j/framework/projects/Jsoup/lib/org/eclipse/jetty/jetty-server/9.2.28.v20190418/jetty-server-9.2.28.v20190418.jar:/opt/defects4j/framework/projects/Jsoup/lib/org/eclipse/jetty/jetty-servlet/9.2.22.v20170606/jetty-servlet-9.2.22.v20170606.jar:/opt/defects4j/framework/projects/Jsoup/lib/org/eclipse/jetty/jetty-servlet/9.2.26.v20180806/jetty-servlet-9.2.26.v20180806.jar:/opt/defects4j/framework/projects/Jsoup/lib/org/eclipse/jetty/jetty-util/9.2.22.v20170606/jetty-util-9.2.22.v20170606.jar:/opt/defects4j/framework/projects/Jsoup/lib/org/eclipse/jetty/jetty-util/9.2.28.v20190418/jetty-util-9.2.28.v20190418.jar:/opt/evosuite/evosuite-standalone-runtime-1.2.0.jar:/opt/jacoco/lib/jacocoagent.jar org.junit.runner.JUnitCore org.jsoup.UncheckedIOException_ESTest org.jsoup.parser.CharacterReader_ESTest
JUnit version 4.12
...................................................................................................
Time: 0.669

OK (99 tests)

SLF4J: Failed to load class "org.slf4j.impl.StaticLoggerBinder".
SLF4J: Defaulting to no-operation (NOP) logger implementation
SLF4J: See http://www.slf4j.org/codes.html#StaticLoggerBinder for further details.
WARNING: An illegal reflective access operation has occurred
WARNING: Illegal reflective access by org.evosuite.runtime.GuiSupport (file:/opt/evosuite/evosuite-standalone-runtime-1.2.0.jar) to field java.awt.GraphicsEnvironment.headless
WARNING: Please consider reporting this to the maintainers of org.evosuite.runtime.GuiSupport
WARNING: Use --illegal-access=warn to enable warnings of further illegal reflective access operations
WARNING: All illegal access operations will be denied in a future release

[exit=0 timeout=False time=1.0s]

$ java -jar /opt/jacoco/lib/jacococli.jar report /workspace/EvoSuite/Result_Round1/Jsoup_91/budget60_seed1/jacoco.exec --classfiles /work/Jsoup_91f/target/classes --csv /workspace/EvoSuite/Result_Round1/Jsoup_91/budget60_seed1/jacoco.csv
[INFO] Loading execution data file /workspace/EvoSuite/Result_Round1/Jsoup_91/budget60_seed1/jacoco.exec.
[INFO] Analyzing 237 classes.

[exit=0 timeout=False time=0.4s]

$ java -cp /work/evo_out/Jsoup_91f/budget60_seed1/classes:/opt/defects4j/framework/projects/lib/junit-4.12-hamcrest-1.3.jar:/opt/defects4j/framework/projects/Jsoup/lib/com/google/code/gson/gson/2.7/gson-2.7.jar:/opt/defects4j/framework/projects/Jsoup/lib/org/eclipse/jetty/jetty-server/9.2.26.v20180806/jetty-server-9.2.26.v20180806.jar:/opt/defects4j/framework/projects/Jsoup/lib/javax/servlet/javax.servlet-api/3.1.0/javax.servlet-api-3.1.0.jar:/opt/defects4j/framework/projects/Jsoup/lib/org/eclipse/jetty/jetty-http/9.2.26.v20180806/jetty-http-9.2.26.v20180806.jar:/opt/defects4j/framework/projects/Jsoup/lib/org/eclipse/jetty/jetty-util/9.2.26.v20180806/jetty-util-9.2.26.v20180806.jar:/opt/defects4j/framework/projects/Jsoup/lib/org/eclipse/jetty/jetty-io/9.2.26.v20180806/jetty-io-9.2.26.v20180806.jar:/opt/defects4j/framework/projects/Jsoup/lib/org/eclipse/jetty/jetty-servlet/9.2.28.v20190418/jetty-servlet-9.2.28.v20190418.jar:/opt/defects4j/framework/projects/Jsoup/lib/org/eclipse/jetty/jetty-security/9.2.28.v20190418/jetty-security-9.2.28.v20190418.jar:/work/Jsoup_91b/target/classes:/work/Jsoup_91b/target/test-classes:/opt/defects4j/framework/projects/Jsoup/lib/commons-lang/commons-lang/2.4/commons-lang-2.4.jar:/opt/defects4j/framework/projects/Jsoup/lib/org/eclipse/jetty/jetty-http/9.2.22.v20170606/jetty-http-9.2.22.v20170606.jar:/opt/defects4j/framework/projects/Jsoup/lib/org/eclipse/jetty/jetty-http/9.2.28.v20190418/jetty-http-9.2.28.v20190418.jar:/opt/defects4j/framework/projects/Jsoup/lib/org/eclipse/jetty/jetty-io/9.2.22.v20170606/jetty-io-9.2.22.v20170606.jar:/opt/defects4j/framework/projects/Jsoup/lib/org/eclipse/jetty/jetty-io/9.2.28.v20190418/jetty-io-9.2.28.v20190418.jar:/opt/defects4j/framework/projects/Jsoup/lib/org/eclipse/jetty/jetty-security/9.2.22.v20170606/jetty-security-9.2.22.v20170606.jar:/opt/defects4j/framework/projects/Jsoup/lib/org/eclipse/jetty/jetty-security/9.2.26.v20180806/jetty-security-9.2.26.v20180806.jar:/opt/defects4j/framework/projects/Jsoup/lib/org/eclipse/jetty/jetty-server/9.2.22.v20170606/jetty-server-9.2.22.v20170606.jar:/opt/defects4j/framework/projects/Jsoup/lib/org/eclipse/jetty/jetty-server/9.2.28.v20190418/jetty-server-9.2.28.v20190418.jar:/opt/defects4j/framework/projects/Jsoup/lib/org/eclipse/jetty/jetty-servlet/9.2.22.v20170606/jetty-servlet-9.2.22.v20170606.jar:/opt/defects4j/framework/projects/Jsoup/lib/org/eclipse/jetty/jetty-servlet/9.2.26.v20180806/jetty-servlet-9.2.26.v20180806.jar:/opt/defects4j/framework/projects/Jsoup/lib/org/eclipse/jetty/jetty-util/9.2.22.v20170606/jetty-util-9.2.22.v20170606.jar:/opt/defects4j/framework/projects/Jsoup/lib/org/eclipse/jetty/jetty-util/9.2.28.v20190418/jetty-util-9.2.28.v20190418.jar:/opt/evosuite/evosuite-standalone-runtime-1.2.0.jar org.junit.runner.JUnitCore org.jsoup.UncheckedIOException_ESTest org.jsoup.parser.CharacterReader_ESTest
JUnit version 4.12
.E..................................................................................................
Time: 0.629
There was 1 failure:
1) test1(org.jsoup.UncheckedIOException_ESTest)
java.lang.NoSuchMethodError: org.jsoup.UncheckedIOException: method 'void <init>(java.lang.String)' not found
	at org.jsoup.UncheckedIOException_ESTest.test1(UncheckedIOException_ESTest.java:26)
	at java.base/jdk.internal.reflect.NativeMethodAccessorImpl.invoke0(Native Method)
	at java.base/jdk.internal.reflect.NativeMethodAccessorImpl.invoke(NativeMethodAccessorImpl.java:62)
	at java.base/jdk.internal.reflect.DelegatingMethodAccessorImpl.invoke(DelegatingMethodAccessorImpl.java:43)
	at java.base/java.lang.reflect.Method.invoke(Method.java:566)
	at org.junit.runners.model.FrameworkMethod$1.runReflectiveCall(FrameworkMethod.java:50)
	at org.junit.internal.runners.model.ReflectiveCallable.run(ReflectiveCallable.java:12)
	at org.junit.runners.model.FrameworkMethod.invokeExplosively(FrameworkMethod.java:47)
	at org.junit.internal.runners.statements.InvokeMethod.evaluate(InvokeMethod.java:17)
	at org.junit.internal.runners.statements.FailOnTimeout$CallableStatement.call(FailOnTimeout.java:298)
	at org.junit.internal.runners.statements.FailOnTimeout$CallableStatement.call(FailOnTimeout.java:292)
	at java.base/java.util.concurrent.FutureTask.run(FutureTask.java:264)
	at java.base/java.lang.Thread.run(Thread.java:829)

FAILURES!!!
Tests run: 99,  Failures: 1

SLF4J: Failed to load class "org.slf4j.impl.StaticLoggerBinder".
SLF4J: Defaulting to no-operation (NOP) logger implementation
SLF4J: See http://www.slf4j.org/codes.html#StaticLoggerBinder for further details.
WARNING: An illegal reflective access operation has occurred
WARNING: Illegal reflective access by org.evosuite.runtime.GuiSupport (file:/opt/evosuite/evosuite-standalone-runtime-1.2.0.jar) to field java.awt.GraphicsEnvironment.headless
WARNING: Please consider reporting this to the maintainers of org.evosuite.runtime.GuiSupport
WARNING: Use --illegal-access=warn to enable warnings of further illegal reflective access operations
WARNING: All illegal access operations will be denied in a future release

[exit=1 timeout=False time=0.9s]
