
$ defects4j compile -w /work/Closure_59f
Running ant (compile)...................................................... OK
Running ant (compile.tests)................................................ OK

[exit=0 timeout=False time=3.1s]

$ defects4j compile -w /work/Closure_59b
Running ant (compile)...................................................... OK
Running ant (compile.tests)................................................ OK

[exit=0 timeout=False time=3.1s]

$ java -Djava.awt.headless=true -cp /opt/defects4j/framework/projects/lib/junit-4.12-hamcrest-1.3.jar:/opt/evosuite/evosuite-1.2.0.jar:/work/Closure_59f/build/classes:/work/Closure_59f/lib/args4j.jar:/work/Closure_59f/lib/guava.jar:/work/Closure_59f/lib/json.jar:/work/Closure_59f/lib/jsr305.jar:/work/Closure_59f/lib/protobuf-java.jar:/work/Closure_59f/build/lib/rhino.jar:/work/Closure_59f/lib/ant.jar:/work/Closure_59f/lib/ant-launcher.jar:/work/Closure_59f/lib/caja-r4314.jar:/work/Closure_59f/lib/jarjar.jar:/work/Closure_59f/build/test org.evosuite.EvoSuite -generateSuite -class com.google.javascript.jscomp.Compiler -projectCP /opt/defects4j/framework/projects/lib/junit-4.12-hamcrest-1.3.jar:/work/Closure_59f/build/classes:/work/Closure_59f/lib/args4j.jar:/work/Closure_59f/lib/guava.jar:/work/Closure_59f/lib/json.jar:/work/Closure_59f/lib/jsr305.jar:/work/Closure_59f/lib/protobuf-java.jar:/work/Closure_59f/build/lib/rhino.jar:/work/Closure_59f/lib/ant.jar:/work/Closure_59f/lib/ant-launcher.jar:/work/Closure_59f/lib/caja-r4314.jar:/work/Closure_59f/lib/jarjar.jar:/work/Closure_59f/build/test -Dcriterion=LINE:BRANCH:EXCEPTION -Dsearch_budget=120 -seed 1 -Dtest_dir=/work/evo_out/Closure_59f/budget120_seed1/tests -Dreport_dir=/work/evo_out/Closure_59f/budget120_seed1/report
* EvoSuite 1.2.0
* Going to generate test cases for class: com.google.javascript.jscomp.Compiler
* Starting Client-0
* Connecting to master process on port 9922
* Analyzing classpath: 
  - /opt/defects4j/framework/projects/lib/junit-4.12-hamcrest-1.3.jar
  - /work/Closure_59f/build/classes
  - /work/Closure_59f/lib/args4j.jar
  - /work/Closure_59f/lib/guava.jar
  - /work/Closure_59f/lib/json.jar
  - /work/Closure_59f/lib/jsr305.jar
  - /work/Closure_59f/lib/protobuf-java.jar
  - /work/Closure_59f/build/lib/rhino.jar
  - /work/Closure_59f/lib/ant.jar
  - /work/Closure_59f/lib/ant-launcher.jar
  - /work/Closure_59f/lib/caja-r4314.jar
  - /work/Closure_59f/lib/jarjar.jar
  - /work/Closure_59f/build/test
[MASTER] 16:42:26.861 [logback-1] WARN  InheritanceTree - Class not in inheritance graph: java.io.ObjectInputFilter
[MASTER] 16:42:26.871 [logback-1] WARN  InheritanceTree - Class not in inheritance graph: java.util.Locale$IsoCountryCode
[MASTER] 16:42:27.528 [logback-1] WARN  InheritanceTree - Class not in inheritance graph: java.lang.module.ModuleFinder
* Finished analyzing classpath
* Generating tests for class com.google.javascript.jscomp.Compiler
* Test criteria:
  - Line Coverage
  - Branch Coverage
  - Exception
* Setting up search algorithm for whole suite generation
* Total number of test goals: 
  - Line 787
  - Branch 467
  - Exception 0

[Progress:>                             0%] [Cov:>                                  0%]* Using seed 1
* Starting evolution
[MASTER] 16:42:28.586 [logback-1] WARN  TestCluster - Failed to check cache for com.google.javascript.jscomp.ControlFlowGraph<N>.Branch : Type points to itself
[MASTER] 16:42:28.587 [logback-1] WARN  TestCluster - Failed to check cache for com.google.javascript.jscomp.DisambiguateProperties<T> : Type points to itself

[Progress:>                             0%] [Cov:>                                  1%]
[Progress:>                             0%] [Cov:>                                  2%]
[Progress:>                             0%] [Cov:============>                      35%][MASTER] 16:42:29.809 [logback-1] WARN  MSecurityManager - SUT asked for a runtime permission that EvoSuite does not recognize: getStackWalkerWithClassReference
[MASTER] 16:42:29.859 [logback-1] WARN  TestCluster - Failed to check cache for java.util.Enumeration<E> : Type points to itself

[Progress:>                             0%] [Cov:============>                      36%]
[Progress:>                             1%] [Cov:=>                                 5%]
[Progress:>                             1%] [Cov:===>                               9%]
[Progress:>                             1%] [Cov:==============>                    42%]
[Progress:>                             1%] [Cov:===============>                   44%]
[Progress:>                             1%] [Cov:=================>                 49%]
[Progress:>                             2%] [Cov:==>                                8%]
[Progress:>                             2%] [Cov:====>                              14%]
[Progress:>                             2%] [Cov:================>                  47%]
[Progress:>                             2%] [Cov:==================>                52%]
[Progress:>                             3%] [Cov:>                                  0%]
[Progress:>                             3%] [Cov:===========>                       33%]
[Progress:>                             3%] [Cov:============>                      35%]
[Progress:>                             3%] [Cov:============>                      36%]
[Progress:>                             3%] [Cov:===============>                   45%]
[Progress:>                             3%] [Cov:==================>                52%]
[Progress:>                             3%] [Cov:======================>            63%]
[Progress:=>                            4%] [Cov:======================>            63%]
[Progress:=>                            4%] [Cov:======================>            63%]
[Progress:=>                            4%] [Cov:======================>            64%]
[Progress:=>                            5%] [Cov:======================>            64%]
[Progress:=>                            5%] [Cov:======================>            64%]
[Progress:=>                            5%] [Cov:======================>            65%]
[Progress:=>                            6%] [Cov:======================>            65%]
[Progress:=>                            6%] [Cov:======================>            65%]
[Progress:=>                            6%] [Cov:=======================>           66%]
[Progress:==>                           7%] [Cov:======================>            65%]
[Progress:==>                           7%] [Cov:=======================>           66%]
[Progress:==>                           7%] [Cov:=======================>           66%]
[Progress:==>                           8%] [Cov:=======================>           66%]
[Progress:==>                           9%] [Cov:=======================>           67%]
[Progress:===>                          10%] [Cov:=======================>           67%]
[Progress:===>                          10%] [Cov:=======================>           67%]
[Progress:===>                          11%] [Cov:=======================>           67%]
[Progress:===>                          11%] [Cov:=======================>           68%]
[Progress:===>                          12%] [Cov:=======================>           67%]
[Progress:===>                          12%] [Cov:=======================>           68%]
[Progress:===>                          12%] [Cov:=======================>           68%]
[Progress:===>                          13%] [Cov:=======================>           68%]
[Progress:====>                         14%] [Cov:=======================>           68%]
[Progress:====>                         15%] [Cov:=======================>           68%]
[Progress:====>                         15%] [Cov:=======================>           68%]
[Progress:====>                         16%] [Cov:=======================>           68%]
[Progress:=====>                        17%] [Cov:=======================>           68%]
[Progress:=====>                        18%] [Cov:=======================>           68%]
[Progress:=====>                        18%] [Cov:=======================>           68%]
[Progress:=====>                        19%] [Cov:=======================>           68%]
[Progress:=====>                        19%] [Cov:=======================>           68%]
[Progress:======>                       20%] [Cov:=======================>           68%]
[Progress:======>                       20%] [Cov:=======================>           68%]
[Progress:=======>                      25%] [Cov:=======================>           68%]
[Progress:=======>                      25%] [Cov:=======================>           68%]
[Progress:=======>                      26%] [Cov:=======================>           68%]
[Progress:========>                     27%] [Cov:=======================>           68%]
[Progress:========>                     28%] [Cov:=======================>           68%]
[Progress:========>                     29%] [Cov:=======================>           68%]
[Progress:=========>                    30%] [Cov:=======================>           68%]
[Progress:=========>                    30%] [Cov:=======================>           68%]
[Progress:=========>                    31%] [Cov:=======================>           68%]
[Progress:=========>                    32%] [Cov:=======================>           68%]
[Progress:=========>                    33%] [Cov:=======================>           68%]
[Progress:=========>                    33%] [Cov:========================>          69%]
[Progress:==========>                   34%] [Cov:========================>          69%]
[Progress:==========>                   35%] [Cov:========================>          69%]
[Progress:==========>                   35%] [Cov:========================>          69%]
[Progress:==========>                   36%] [Cov:========================>          69%]
[Progress:==========>                   36%] [Cov:========================>          69%]
[Progress:===========>                  37%] [Cov:========================>          69%]
[Progress:===========>                  38%] [Cov:========================>          69%]
[Progress:===========>                  39%] [Cov:========================>          69%]
[Progress:===========>                  39%] [Cov:========================>          69%]
[Progress:============>                 40%] [Cov:========================>          69%]
[Progress:============>                 40%] [Cov:========================>          69%]
[Progress:============>                 40%] [Cov:========================>          69%]
[Progress:============>                 41%] [Cov:========================>          69%]
[Progress:============>                 41%] [Cov:========================>          69%]
[Progress:============>                 42%] [Cov:========================>          69%]
[Progress:============>                 42%] [Cov:========================>          69%]
[Progress:============>                 43%] [Cov:========================>          69%]
[Progress:=============>                44%] [Cov:========================>          69%]
[Progress:=============>                45%] [Cov:========================>          69%]
[Progress:=============>                46%] [Cov:========================>          69%]
[Progress:==============>               47%] [Cov:========================>          69%]
[Progress:==============>               48%] [Cov:========================>          69%]
[Progress:==============>               48%] [Cov:========================>          70%]
[Progress:==============>               49%] [Cov:========================>          69%]
[Progress:===============>              50%] [Cov:========================>          70%]
[Progress:===============>              51%] [Cov:========================>          70%]
[Progress:===============>              52%] [Cov:========================>          70%]
[Progress:===============>              52%] [Cov:========================>          70%]
[Progress:===============>              53%] [Cov:========================>          70%]
[Progress:===============>              53%] [Cov:========================>          70%]
[Progress:================>             54%] [Cov:========================>          70%]
[Progress:================>             54%] [Cov:========================>          70%]
[Progress:================>             55%] [Cov:========================>          70%]
[Progress:================>             55%] [Cov:========================>          70%]
[Progress:================>             56%] [Cov:========================>          70%]
[Progress:=================>            57%] [Cov:========================>          70%]
[Progress:=================>            58%] [Cov:========================>          70%]
[Progress:=================>            59%] [Cov:========================>          70%]
[Progress:==================>           60%] [Cov:========================>          70%]
[Progress:==================>           60%] [Cov:========================>          70%]
[Progress:==================>           61%] [Cov:========================>          70%]
[Progress:==================>           62%] [Cov:========================>          70%]
[Progress:==================>           62%] [Cov:========================>          70%]
[Progress:==================>           63%] [Cov:========================>          70%]
[Progress:==================>           63%] [Cov:========================>          70%]
[Progress:===================>          64%] [Cov:========================>          70%]
[Progress:===================>          65%] [Cov:========================>          70%]
[Progress:===================>          65%] [Cov:========================>          70%]
[Progress:===================>          65%] [Cov:========================>          70%]
[Progress:===================>          66%] [Cov:========================>          70%]
[Progress:====================>         67%] [Cov:========================>          70%]
[Progress:====================>         68%] [Cov:========================>          70%]
[Progress:====================>         69%] [Cov:========================>          70%]
[Progress:=====================>        70%] [Cov:========================>          70%]
[Progress:=====================>        70%] [Cov:========================>          70%]
[Progress:=====================>        71%] [Cov:========================>          70%]
[Progress:=====================>        72%] [Cov:========================>          70%]
[Progress:=====================>        73%] [Cov:========================>          71%]
[Progress:======================>       74%] [Cov:========================>          71%]
[Progress:======================>       74%] [Cov:========================>          71%]
[Progress:======================>       75%] [Cov:========================>          71%]
[Progress:======================>       75%] [Cov:========================>          71%]
[Progress:======================>       76%] [Cov:========================>          71%]
[Progress:======================>       76%] [Cov:========================>          71%]
[Progress:=======================>      77%] [Cov:========================>          71%]
[Progress:=======================>      78%] [Cov:========================>          71%]
[Progress:=======================>      78%] [Cov:========================>          71%]
[Progress:=======================>      79%] [Cov:========================>          71%]
[Progress:========================>     80%] [Cov:========================>          71%]
[Progress:========================>     81%] [Cov:========================>          71%]
[Progress:========================>     82%] [Cov:========================>          71%]
[Progress:========================>     83%] [Cov:========================>          71%]
[Progress:========================>     83%] [Cov:========================>          71%]
[Progress:=========================>    84%] [Cov:========================>          71%]
[Progress:=========================>    85%] [Cov:========================>          71%]
[Progress:=========================>    85%] [Cov:========================>          71%]
[Progress:=========================>    86%] [Cov:========================>          71%]
[Progress:=========================>    86%] [Cov:========================>          71%]
[Progress:==========================>   87%] [Cov:========================>          71%]
[Progress:==========================>   88%] [Cov:========================>          71%]
[Progress:==========================>   88%] [Cov:========================>          71%]
[Progress:==========================>   89%] [Cov:========================>          71%]
[Progress:===========================>  90%] [Cov:========================>          71%]
[Progress:===========================>  91%] [Cov:========================>          71%]
[Progress:===========================>  91%] [Cov:========================>          71%]
[Progress:===========================>  92%] [Cov:========================>          71%]
[Progress:============================> 94%] [Cov:========================>          71%]
[Progress:============================> 95%] [Cov:========================>          71%]
[Progress:============================> 95%] [Cov:========================>          71%]
[Progress:=============================>97%] [Cov:========================>          71%]
[Progress:=============================>98%] [Cov:========================>          71%]
[Progress:=============================>98%] [Cov:========================>          71%]
[Progress:=============================>99%] [Cov:========================>          71%]
[Progress:==============================100%] [Cov:========================>          71%]
* Search finished after 122s and 73 generations, 32838 statements, best individual has fitness: 358.18725038402454
* Minimizing test suite
* Going to analyze the coverage criteria
* Coverage analysis for criterion LINE
* Coverage of criterion LINE: 61%
* Total number of goals: 787
* Number of covered goals: 478
* Coverage analysis for criterion BRANCH
* Coverage of criterion BRANCH: 54%
* Total number of goals: 467
* Number of covered goals: 250
* Coverage analysis for criterion EXCEPTION
* Coverage of criterion EXCEPTION: 99%
* Total number of goals: 90
* Number of covered goals: 89
* Generated 138 tests with total length 465
* Resulting test suite's coverage: 71% (average coverage for all fitness functions)
* Generating assertions
* Resulting test suite's mutation score: 15%
* Compiling and checking tests
* Permissions denied during test execution: 
  - java.lang.RuntimePermission: 
         getStackWalkerWithClassReference: 1
* Writing tests to file
* Writing JUnit test case 'Compiler_ESTest' to /work/evo_out/Closure_59f/budget120_seed1/tests
* Done!

* Computation finished

[exit=0 timeout=False time=199.9s]

$ javac -nowarn -cp /work/Closure_59f/build/classes:/opt/defects4j/framework/projects/lib/junit-4.12-hamcrest-1.3.jar:/work/Closure_59f/build/classes:/work/Closure_59f/lib/args4j.jar:/work/Closure_59f/lib/guava.jar:/work/Closure_59f/lib/json.jar:/work/Closure_59f/lib/jsr305.jar:/work/Closure_59f/lib/protobuf-java.jar:/work/Closure_59f/build/lib/rhino.jar:/work/Closure_59f/lib/ant.jar:/work/Closure_59f/lib/ant-launcher.jar:/work/Closure_59f/lib/caja-r4314.jar:/work/Closure_59f/lib/jarjar.jar:/work/Closure_59f/build/test:/opt/evosuite/evosuite-standalone-runtime-1.2.0.jar -d /work/evo_out/Closure_59f/budget120_seed1/classes /work/evo_out/Closure_59f/budget120_seed1/tests/com/google/javascript/jscomp/Compiler_ESTest.java /work/evo_out/Closure_59f/budget120_seed1/tests/com/google/javascript/jscomp/Compiler_ESTest_scaffolding.java
Note: /work/evo_out/Closure_59f/budget120_seed1/tests/com/google/javascript/jscomp/Compiler_ESTest.java uses unchecked or unsafe operations.
Note: Recompile with -Xlint:unchecked for details.

[exit=0 timeout=False time=0.9s]

$ java -jar /opt/jacoco/lib/jacococli.jar instrument /work/Closure_59f/build/classes --dest /work/evo_out/Closure_59f/budget120_seed1/instrumented
[INFO] 1295 classes instrumented to /work/evo_out/Closure_59f/budget120_seed1/instrumented.

[exit=0 timeout=False time=0.8s]

$ java -Djacoco-agent.destfile=/workspace/EvoSuite/Result_Round2/Closure_59/budget120_seed1/jacoco.exec -cp /work/evo_out/Closure_59f/budget120_seed1/instrumented:/work/evo_out/Closure_59f/budget120_seed1/classes:/opt/defects4j/framework/projects/lib/junit-4.12-hamcrest-1.3.jar:/work/Closure_59f/build/classes:/work/Closure_59f/lib/args4j.jar:/work/Closure_59f/lib/guava.jar:/work/Closure_59f/lib/json.jar:/work/Closure_59f/lib/jsr305.jar:/work/Closure_59f/lib/protobuf-java.jar:/work/Closure_59f/build/lib/rhino.jar:/work/Closure_59f/lib/ant.jar:/work/Closure_59f/lib/ant-launcher.jar:/work/Closure_59f/lib/caja-r4314.jar:/work/Closure_59f/lib/jarjar.jar:/work/Closure_59f/build/test:/opt/evosuite/evosuite-standalone-runtime-1.2.0.jar:/opt/jacoco/lib/jacocoagent.jar org.junit.runner.JUnitCore com.google.javascript.jscomp.Compiler_ESTest
JUnit version 4.12
.......E...................................................................................................................................
Time: 2.694
There was 1 failure:
1) test087(com.google.javascript.jscomp.Compiler_ESTest)
java.lang.ExceptionInInitializerError
	at java.logging/java.util.logging.LogRecord.inferCaller(LogRecord.java:683)
	at java.logging/java.util.logging.LogRecord.getSourceClassName(LogRecord.java:352)
	at java.logging/java.util.logging.SimpleFormatter.format(SimpleFormatter.java:160)
	at java.logging/java.util.logging.StreamHandler.publish(StreamHandler.java:199)
	at java.logging/java.util.logging.ConsoleHandler.publish(ConsoleHandler.java:95)
	at java.logging/java.util.logging.Logger.log(Logger.java:979)
	at java.logging/java.util.logging.Logger.doLog(Logger.java:1006)
	at java.logging/java.util.logging.Logger.log(Logger.java:1029)
	at java.logging/java.util.logging.Logger.info(Logger.java:1802)
	at com.google.javascript.jscomp.Compiler.removeTryCatchFinally(Compiler.java:796)
	at com.google.javascript.jscomp.Compiler_ESTest.test087(Compiler_ESTest.java:1386)
	at java.base/jdk.internal.reflect.NativeMethodAccessorImpl.invoke0(Native Method)
	at java.base/jdk.internal.reflect.NativeMethodAccessorImpl.invoke(NativeMethodAccessorImpl.java:62)
	at java.base/jdk.internal.reflect.DelegatingMethodAccessorImpl.invoke(DelegatingMethodAccessorImpl.java:43)
	at java.base/java.lang.reflect.Method.invoke(Method.java:566)
	at org.junit.runners.model.FrameworkMethod$1.runReflectiveCall(FrameworkMethod.java:50)
	at org.junit.internal.runners.model.ReflectiveCallable.run(ReflectiveCallable.java:12)
	at org.junit.runners.model.FrameworkMethod.invokeExplosively(FrameworkMethod.java:47)
	at org.junit.internal.runners.statements.InvokeMethod.evaluate(InvokeMethod.java:17)
	at org.junit.internal.runners.statements.FailOnTimeout$CallableStatement.call(FailOnTimeout.java:298)
	at org.junit.internal.runners.statements.FailOnTimeout$CallableStatement.call(FailOnTimeout.java:292)
	at java.base/java.util.concurrent.FutureTask.run(FutureTask.java:264)
	at java.base/java.lang.Thread.run(Thread.java:829)
Caused by: java.lang.SecurityException: Security manager blocks ("java.lang.RuntimePermission" "getStackWalkerWithClassReference")
java.base/java.lang.Thread.getStackTrace(Thread.java:1602)
org.evosuite.runtime.sandbox.MSecurityManager.checkPermission(MSecurityManager.java:424)
java.base/java.lang.StackWalker.checkPermission(StackWalker.java:424)
java.base/java.lang.StackWalker.getInstance(StackWalker.java:365)
java.base/java.lang.StackWalker.getInstance(StackWalker.java:336)
java.logging/java.util.logging.LogRecord$CallerFinder.lambda$static$0(LogRecord.java:700)
java.base/java.security.AccessController.doPrivileged(Native Method)
java.logging/java.util.logging.LogRecord$CallerFinder.<clinit>(LogRecord.java:701)
java.logging/java.util.logging.LogRecord.inferCaller(LogRecord.java:683)
java.logging/java.util.logging.LogRecord.getSourceClassName(LogRecord.java:352)
java.logging/java.util.logging.SimpleFormatter.format(SimpleFormatter.java:160)
java.logging/java.util.logging.StreamHandler.publish(StreamHandler.java:199)
java.logging/java.util.logging.ConsoleHandler.publish(ConsoleHandler.java:95)
java.logging/java.util.logging.Logger.log(Logger.java:979)
java.logging/java.util.logging.Logger.doLog(Logger.java:1006)
java.logging/java.util.logging.Logger.log(Logger.java:1029)
java.logging/java.util.logging.Logger.info(Logger.java:1802)
com.google.javascript.jscomp.Compiler.removeTryCatchFinally(Compiler.java:796)
com.google.javascript.jscomp.Compiler_ESTest.test087(Compiler_ESTest.java:1386)
java.base/jdk.internal.reflect.NativeMethodAccessorImpl.invoke0(Native Method)
java.base/jdk.internal.reflect.NativeMethodAccessorImpl.invoke(NativeMethodAccessorImpl.java:62)
java.base/jdk.internal.reflect.DelegatingMethodAccessorImpl.invoke(DelegatingMethodAccessorImpl.java:43)
java.base/java.lang.reflect.Method.invoke(Method.java:566)
org.junit.runners.model.FrameworkMethod$1.runReflectiveCall(FrameworkMethod.java:50)
org.junit.internal.runners.model.ReflectiveCallable.run(ReflectiveCallable.java:12)
org.junit.runners.model.FrameworkMethod.invokeExplosively(FrameworkMethod.java:47)
org.junit.internal.runners.statements.InvokeMethod.evaluate(InvokeMethod.java:17)
org.junit.internal.runners.statements.FailOnTimeout$CallableStatement.call(FailOnTimeout.java:298)
org.junit.internal.runners.statements.FailOnTimeout$CallableStatement.call(FailOnTimeout.java:292)
java.base/java.util.concurrent.FutureTask.run(FutureTask.java:264)
java.base/java.lang.Thread.run(Thread.java:829)

	at org.evosuite.runtime.sandbox.MSecurityManager.checkPermission(MSecurityManager.java:436)
	at java.base/java.lang.StackWalker.checkPermission(StackWalker.java:424)
	at java.base/java.lang.StackWalker.getInstance(StackWalker.java:365)
	at java.base/java.lang.StackWalker.getInstance(StackWalker.java:336)
	at java.logging/java.util.logging.LogRecord$CallerFinder.lambda$static$0(LogRecord.java:700)
	at java.base/java.security.AccessController.doPrivileged(Native Method)
	at java.logging/java.util.logging.LogRecord$CallerFinder.<clinit>(LogRecord.java:701)
	... 23 more

FAILURES!!!
Tests run: 138,  Failures: 1

SLF4J: Failed to load class "org.slf4j.impl.StaticLoggerBinder".
SLF4J: Defaulting to no-operation (NOP) logger implementation
SLF4J: See http://www.slf4j.org/codes.html#StaticLoggerBinder for further details.
WARNING: An illegal reflective access operation has occurred
WARNING: Illegal reflective access by org.evosuite.runtime.GuiSupport (file:/opt/evosuite/evosuite-standalone-runtime-1.2.0.jar) to field java.awt.GraphicsEnvironment.headless
WARNING: Please consider reporting this to the maintainers of org.evosuite.runtime.GuiSupport
WARNING: Use --illegal-access=warn to enable warnings of further illegal reflective access operations
WARNING: All illegal access operations will be denied in a future release
com.google.javascript.jscomp.mozilla.rhino.Kit.codeBug(Kit.java:449)
<evosuite>.<evosuite>(<evosuite>)
<evosuite>.<evosuite>(<evosuite>)
<evosuite>.<evosuite>(<evosuite>)
<evosuite>.<evosuite>(<evosuite>)
<evosuite>.<evosuite>(<evosuite>)
com.google.javascript.jscomp.mozilla.rhino.Kit.codeBug(Kit.java:449)
<evosuite>.<evosuite>(<evosuite>)
<evosuite>.<evosuite>(<evosuite>)
<evosuite>.<evosuite>(<evosuite>)
<evosuite>.<evosuite>(<evosuite>)
<evosuite>.<evosuite>(<evosuite>)

[exit=1 timeout=False time=4.7s]

$ java -jar /opt/jacoco/lib/jacococli.jar report /workspace/EvoSuite/Result_Round2/Closure_59/budget120_seed1/jacoco.exec --classfiles /work/Closure_59f/build/classes --csv /workspace/EvoSuite/Result_Round2/Closure_59/budget120_seed1/jacoco.csv
[INFO] Loading execution data file /workspace/EvoSuite/Result_Round2/Closure_59/budget120_seed1/jacoco.exec.
[INFO] Analyzing 1101 classes.

[exit=0 timeout=False time=0.7s]

$ java -cp /work/evo_out/Closure_59f/budget120_seed1/classes:/opt/defects4j/framework/projects/lib/junit-4.12-hamcrest-1.3.jar:/work/Closure_59b/build/classes:/work/Closure_59b/lib/args4j.jar:/work/Closure_59b/lib/guava.jar:/work/Closure_59b/lib/json.jar:/work/Closure_59b/lib/jsr305.jar:/work/Closure_59b/lib/protobuf-java.jar:/work/Closure_59b/build/lib/rhino.jar:/work/Closure_59b/lib/ant.jar:/work/Closure_59b/lib/ant-launcher.jar:/work/Closure_59b/lib/caja-r4314.jar:/work/Closure_59b/lib/jarjar.jar:/work/Closure_59b/build/test:/opt/evosuite/evosuite-standalone-runtime-1.2.0.jar org.junit.runner.JUnitCore com.google.javascript.jscomp.Compiler_ESTest
JUnit version 4.12
.......E...................................................................................................................................
Time: 2.513
There was 1 failure:
1) test087(com.google.javascript.jscomp.Compiler_ESTest)
java.lang.ExceptionInInitializerError
	at java.logging/java.util.logging.LogRecord.inferCaller(LogRecord.java:683)
	at java.logging/java.util.logging.LogRecord.getSourceClassName(LogRecord.java:352)
	at java.logging/java.util.logging.SimpleFormatter.format(SimpleFormatter.java:160)
	at java.logging/java.util.logging.StreamHandler.publish(StreamHandler.java:199)
	at java.logging/java.util.logging.ConsoleHandler.publish(ConsoleHandler.java:95)
	at java.logging/java.util.logging.Logger.log(Logger.java:979)
	at java.logging/java.util.logging.Logger.doLog(Logger.java:1006)
	at java.logging/java.util.logging.Logger.log(Logger.java:1029)
	at java.logging/java.util.logging.Logger.info(Logger.java:1802)
	at com.google.javascript.jscomp.Compiler.removeTryCatchFinally(Compiler.java:795)
	at com.google.javascript.jscomp.Compiler_ESTest.test087(Compiler_ESTest.java:1386)
	at java.base/jdk.internal.reflect.NativeMethodAccessorImpl.invoke0(Native Method)
	at java.base/jdk.internal.reflect.NativeMethodAccessorImpl.invoke(NativeMethodAccessorImpl.java:62)
	at java.base/jdk.internal.reflect.DelegatingMethodAccessorImpl.invoke(DelegatingMethodAccessorImpl.java:43)
	at java.base/java.lang.reflect.Method.invoke(Method.java:566)
	at org.junit.runners.model.FrameworkMethod$1.runReflectiveCall(FrameworkMethod.java:50)
	at org.junit.internal.runners.model.ReflectiveCallable.run(ReflectiveCallable.java:12)
	at org.junit.runners.model.FrameworkMethod.invokeExplosively(FrameworkMethod.java:47)
	at org.junit.internal.runners.statements.InvokeMethod.evaluate(InvokeMethod.java:17)
	at org.junit.internal.runners.statements.FailOnTimeout$CallableStatement.call(FailOnTimeout.java:298)
	at org.junit.internal.runners.statements.FailOnTimeout$CallableStatement.call(FailOnTimeout.java:292)
	at java.base/java.util.concurrent.FutureTask.run(FutureTask.java:264)
	at java.base/java.lang.Thread.run(Thread.java:829)
Caused by: java.lang.SecurityException: Security manager blocks ("java.lang.RuntimePermission" "getStackWalkerWithClassReference")
java.base/java.lang.Thread.getStackTrace(Thread.java:1602)
org.evosuite.runtime.sandbox.MSecurityManager.checkPermission(MSecurityManager.java:424)
java.base/java.lang.StackWalker.checkPermission(StackWalker.java:424)
java.base/java.lang.StackWalker.getInstance(StackWalker.java:365)
java.base/java.lang.StackWalker.getInstance(StackWalker.java:336)
java.logging/java.util.logging.LogRecord$CallerFinder.lambda$static$0(LogRecord.java:700)
java.base/java.security.AccessController.doPrivileged(Native Method)
java.logging/java.util.logging.LogRecord$CallerFinder.<clinit>(LogRecord.java:701)
java.logging/java.util.logging.LogRecord.inferCaller(LogRecord.java:683)
java.logging/java.util.logging.LogRecord.getSourceClassName(LogRecord.java:352)
java.logging/java.util.logging.SimpleFormatter.format(SimpleFormatter.java:160)
java.logging/java.util.logging.StreamHandler.publish(StreamHandler.java:199)
java.logging/java.util.logging.ConsoleHandler.publish(ConsoleHandler.java:95)
java.logging/java.util.logging.Logger.log(Logger.java:979)
java.logging/java.util.logging.Logger.doLog(Logger.java:1006)
java.logging/java.util.logging.Logger.log(Logger.java:1029)
java.logging/java.util.logging.Logger.info(Logger.java:1802)
com.google.javascript.jscomp.Compiler.removeTryCatchFinally(Compiler.java:795)
com.google.javascript.jscomp.Compiler_ESTest.test087(Compiler_ESTest.java:1386)
java.base/jdk.internal.reflect.NativeMethodAccessorImpl.invoke0(Native Method)
java.base/jdk.internal.reflect.NativeMethodAccessorImpl.invoke(NativeMethodAccessorImpl.java:62)
java.base/jdk.internal.reflect.DelegatingMethodAccessorImpl.invoke(DelegatingMethodAccessorImpl.java:43)
java.base/java.lang.reflect.Method.invoke(Method.java:566)
org.junit.runners.model.FrameworkMethod$1.runReflectiveCall(FrameworkMethod.java:50)
org.junit.internal.runners.model.ReflectiveCallable.run(ReflectiveCallable.java:12)
org.junit.runners.model.FrameworkMethod.invokeExplosively(FrameworkMethod.java:47)
org.junit.internal.runners.statements.InvokeMethod.evaluate(InvokeMethod.java:17)
org.junit.internal.runners.statements.FailOnTimeout$CallableStatement.call(FailOnTimeout.java:298)
org.junit.internal.runners.statements.FailOnTimeout$CallableStatement.call(FailOnTimeout.java:292)
java.base/java.util.concurrent.FutureTask.run(FutureTask.java:264)
java.base/java.lang.Thread.run(Thread.java:829)

	at org.evosuite.runtime.sandbox.MSecurityManager.checkPermission(MSecurityManager.java:436)
	at java.base/java.lang.StackWalker.checkPermission(StackWalker.java:424)
	at java.base/java.lang.StackWalker.getInstance(StackWalker.java:365)
	at java.base/java.lang.StackWalker.getInstance(StackWalker.java:336)
	at java.logging/java.util.logging.LogRecord$CallerFinder.lambda$static$0(LogRecord.java:700)
	at java.base/java.security.AccessController.doPrivileged(Native Method)
	at java.logging/java.util.logging.LogRecord$CallerFinder.<clinit>(LogRecord.java:701)
	... 23 more

FAILURES!!!
Tests run: 138,  Failures: 1

SLF4J: Failed to load class "org.slf4j.impl.StaticLoggerBinder".
SLF4J: Defaulting to no-operation (NOP) logger implementation
SLF4J: See http://www.slf4j.org/codes.html#StaticLoggerBinder for further details.
WARNING: An illegal reflective access operation has occurred
WARNING: Illegal reflective access by org.evosuite.runtime.GuiSupport (file:/opt/evosuite/evosuite-standalone-runtime-1.2.0.jar) to field java.awt.GraphicsEnvironment.headless
WARNING: Please consider reporting this to the maintainers of org.evosuite.runtime.GuiSupport
WARNING: Use --illegal-access=warn to enable warnings of further illegal reflective access operations
WARNING: All illegal access operations will be denied in a future release
com.google.javascript.jscomp.mozilla.rhino.Kit.codeBug(Kit.java:449)
<evosuite>.<evosuite>(<evosuite>)
<evosuite>.<evosuite>(<evosuite>)
<evosuite>.<evosuite>(<evosuite>)
<evosuite>.<evosuite>(<evosuite>)
<evosuite>.<evosuite>(<evosuite>)
com.google.javascript.jscomp.mozilla.rhino.Kit.codeBug(Kit.java:449)
<evosuite>.<evosuite>(<evosuite>)
<evosuite>.<evosuite>(<evosuite>)
<evosuite>.<evosuite>(<evosuite>)
<evosuite>.<evosuite>(<evosuite>)
<evosuite>.<evosuite>(<evosuite>)

[exit=1 timeout=False time=2.8s]
