
$ javac -nowarn -encoding UTF-8 -cp /work/Gson_15f/target/classes:/opt/defects4j/framework/projects/Gson/lib/junit/junit/4.12/junit-4.12.jar:/opt/defects4j/framework/projects/Gson/lib/org/hamcrest/hamcrest-core/1.3/hamcrest-core-1.3.jar:/work/Gson_15f/target/test-classes:/opt/defects4j/framework/projects/lib/junit-4.12-hamcrest-1.3.jar:/opt/defects4j/framework/projects/Gson/lib/com/google/code/findbugs/jsr305/3.0.0/jsr305-3.0.0.jar:/opt/defects4j/framework/projects/Gson/lib/junit/junit/3.8.2/junit-3.8.2.jar:/work/jqwik_harness:/workspace/lib/jqwik/jqwik-1.7.4.jar:/workspace/lib/jqwik/jqwik-api-1.7.4.jar:/workspace/lib/jqwik/jqwik-engine-1.7.4.jar -d /work/jqwik_out/Gson_15/auto_round1_tries200_seed3/classes_f /workspace/jqwik/Auto/Gson_15/com/google/gson/stream/JsonWriter_AutoPbtTest.java

[exit=0 timeout=False time=3.6s]

$ javac -nowarn -encoding UTF-8 -cp /work/Gson_15b/target/classes:/opt/defects4j/framework/projects/Gson/lib/junit/junit/4.12/junit-4.12.jar:/opt/defects4j/framework/projects/Gson/lib/org/hamcrest/hamcrest-core/1.3/hamcrest-core-1.3.jar:/work/Gson_15b/target/test-classes:/opt/defects4j/framework/projects/lib/junit-4.12-hamcrest-1.3.jar:/opt/defects4j/framework/projects/Gson/lib/com/google/code/findbugs/jsr305/3.0.0/jsr305-3.0.0.jar:/opt/defects4j/framework/projects/Gson/lib/junit/junit/3.8.2/junit-3.8.2.jar:/work/jqwik_harness:/workspace/lib/jqwik/jqwik-1.7.4.jar:/workspace/lib/jqwik/jqwik-api-1.7.4.jar:/workspace/lib/jqwik/jqwik-engine-1.7.4.jar -d /work/jqwik_out/Gson_15/auto_round1_tries200_seed3/classes_b /workspace/jqwik/Auto/Gson_15/com/google/gson/stream/JsonWriter_AutoPbtTest.java

[exit=0 timeout=False time=3.5s]

$ java -Djava.awt.headless=true -Xss4m -Xmx1g -Dpbt.seed=3 -Dpbt.tries=200 -Dpbt.snapshot.dir=/work/jqwik_out/Gson_15/auto_round1_tries200_seed3/snapshots -Dpbt.propertyBudgetMs=5000 -Dpbt.mask=/work/Gson_15f:/work/Gson_15b:/work/jqwik_out/Gson_15/auto_round1_tries200_seed3/classes_f:/work/jqwik_out/Gson_15/auto_round1_tries200_seed3/classes_b -Dpbt.mode=record -jar /workspace/lib/jqwik/junit-platform-console-standalone-1.9.3.jar --disable-banner --details tree --class-path /work/jqwik_out/Gson_15/auto_round1_tries200_seed3/classes_f:/work/Gson_15f/target/classes:/opt/defects4j/framework/projects/Gson/lib/junit/junit/4.12/junit-4.12.jar:/opt/defects4j/framework/projects/Gson/lib/org/hamcrest/hamcrest-core/1.3/hamcrest-core-1.3.jar:/work/Gson_15f/target/test-classes:/opt/defects4j/framework/projects/lib/junit-4.12-hamcrest-1.3.jar:/opt/defects4j/framework/projects/Gson/lib/com/google/code/findbugs/jsr305/3.0.0/jsr305-3.0.0.jar:/opt/defects4j/framework/projects/Gson/lib/junit/junit/3.8.2/junit-3.8.2.jar:/work/jqwik_harness:/workspace/lib/jqwik/jqwik-1.7.4.jar:/workspace/lib/jqwik/jqwik-api-1.7.4.jar:/workspace/lib/jqwik/jqwik-engine-1.7.4.jar --scan-class-path /work/jqwik_out/Gson_15/auto_round1_tries200_seed3/classes_f --include-classname .* --include-engine jqwik --config jqwik.database=/workspace/jqwik/Result_auto_Round1/Gson_15/tries200_seed3/reports_record/jqwik-database --config jqwik.tries.default=200 --reports-dir /workspace/jqwik/Result_auto_Round1/Gson_15/tries200_seed3/reports_record
ion = RANDOMIZED       | parameters are randomly generated
after-failure = SAMPLE_FIRST  | try previously failed sample, then previous seed
when-fixed-seed = ALLOW       | fixing the random seed is allowed
edge-cases#mode = NONE        | edge cases are not explicitly generated
seed = 3                      | random seed to reproduce generated values


timestamp = 2026-09-27T05:10:30.437015, JsonWriter AutoPbtTest:m002 close = 
                              |-----------------------jqwik-----------------------
tries = 200                   | # of calls to property
checks = 200                  | # of not rejected calls
generation = RANDOMIZED       | parameters are randomly generated
after-failure = SAMPLE_FIRST  | try previously failed sample, then previous seed
when-fixed-seed = ALLOW       | fixing the random seed is allowed
edge-cases#mode = NONE        | edge cases are not explicitly generated
seed = 3                      | random seed to reproduce generated values


timestamp = 2026-09-27T05:10:30.504099, JsonWriter AutoPbtTest:m000 beginArray = 
                              |-----------------------jqwik-----------------------
tries = 200                   | # of calls to property
checks = 200                  | # of not rejected calls
generation = RANDOMIZED       | parameters are randomly generated
after-failure = SAMPLE_FIRST  | try previously failed sample, then previous seed
when-fixed-seed = ALLOW       | fixing the random seed is allowed
edge-cases#mode = NONE        | edge cases are not explicitly generated
seed = 3                      | random seed to reproduce generated values


timestamp = 2026-09-27T05:10:30.546954, JsonWriter AutoPbtTest:m008 isLenient = 
                              |-----------------------jqwik-----------------------
tries = 200                   | # of calls to property
checks = 200                  | # of not rejected calls
generation = RANDOMIZED       | parameters are randomly generated
after-failure = SAMPLE_FIRST  | try previously failed sample, then previous seed
when-fixed-seed = ALLOW       | fixing the random seed is allowed
edge-cases#mode = NONE        | edge cases are not explicitly generated
seed = 3                      | random seed to reproduce generated values


[36m╷[0m
[36m└─[0m [36mjqwik (JUnit Platform)[0m [32m✔[0m
[36m   └─[0m [36mJsonWriter AutoPbtTest[0m [32m✔[0m
[36m      ├─[0m [34mm016 value[0m [32m✔[0m
[36m      ├─[0m [34mm004 endObject[0m [32m✔[0m
[36m      ├─[0m [34mm001 beginObject[0m [32m✔[0m
[36m      ├─[0m [34mm020 value[0m [32m✔[0m
[36m      ├─[0m [34mm017 value[0m [32m✔[0m
[36m      ├─[0m [34mm013 setIndent[0m [32m✔[0m
[36m      ├─[0m [34mm011 nullValue[0m [32m✔[0m
[36m      ├─[0m [34mm014 setLenient[0m [32m✔[0m
[36m      ├─[0m [34mm009 jsonValue[0m [32m✔[0m
[36m      ├─[0m [34mm021 value[0m [32m✔[0m
[36m      ├─[0m [34mm015 setSerializeNulls[0m [32m✔[0m
[36m      ├─[0m [34mm005 flush[0m [32m✔[0m
[36m      ├─[0m [34mm018 value[0m [32m✔[0m
[36m      ├─[0m [34mm012 setHtmlSafe[0m [32m✔[0m
[36m      ├─[0m [34mm007 isHtmlSafe[0m [32m✔[0m
[36m      ├─[0m [34mm003 endArray[0m [32m✔[0m
[36m      ├─[0m [34mm006 getSerializeNulls[0m [32m✔[0m
[36m      ├─[0m [34mm010 name[0m [32m✔[0m
[36m      ├─[0m [34mm019 value[0m [32m✔[0m
[36m      ├─[0m [34mm002 close[0m [32m✔[0m
[36m      ├─[0m [34mm000 beginArray[0m [32m✔[0m
[36m      └─[0m [34mm008 isLenient[0m [32m✔[0m

Test run finished after 7477 ms
[         2 containers found      ]
[         0 containers skipped    ]
[         2 containers started    ]
[         0 containers aborted    ]
[         2 containers successful ]
[         0 containers failed     ]
[        22 tests found           ]
[         0 tests skipped         ]
[        22 tests started         ]
[         0 tests aborted         ]
[        22 tests successful      ]
[         0 tests failed          ]


[exit=0 timeout=False time=15.0s]

$ java -Djava.awt.headless=true -Xss4m -Xmx1g -Dpbt.seed=3 -Dpbt.tries=200 -Dpbt.snapshot.dir=/work/jqwik_out/Gson_15/auto_round1_tries200_seed3/snapshots -Dpbt.propertyBudgetMs=5000 -Dpbt.mask=/work/Gson_15f:/work/Gson_15b:/work/jqwik_out/Gson_15/auto_round1_tries200_seed3/classes_f:/work/jqwik_out/Gson_15/auto_round1_tries200_seed3/classes_b -Dpbt.mode=check -javaagent:/opt/jacoco/lib/jacocoagent.jar=destfile=/workspace/jqwik/Result_auto_Round1/Gson_15/tries200_seed3/jacoco.exec -jar /workspace/lib/jqwik/junit-platform-console-standalone-1.9.3.jar --disable-banner --details tree --class-path /work/jqwik_out/Gson_15/auto_round1_tries200_seed3/classes_f:/work/Gson_15f/target/classes:/opt/defects4j/framework/projects/Gson/lib/junit/junit/4.12/junit-4.12.jar:/opt/defects4j/framework/projects/Gson/lib/org/hamcrest/hamcrest-core/1.3/hamcrest-core-1.3.jar:/work/Gson_15f/target/test-classes:/opt/defects4j/framework/projects/lib/junit-4.12-hamcrest-1.3.jar:/opt/defects4j/framework/projects/Gson/lib/com/google/code/findbugs/jsr305/3.0.0/jsr305-3.0.0.jar:/opt/defects4j/framework/projects/Gson/lib/junit/junit/3.8.2/junit-3.8.2.jar:/work/jqwik_harness:/workspace/lib/jqwik/jqwik-1.7.4.jar:/workspace/lib/jqwik/jqwik-api-1.7.4.jar:/workspace/lib/jqwik/jqwik-engine-1.7.4.jar --scan-class-path /work/jqwik_out/Gson_15/auto_round1_tries200_seed3/classes_f --include-classname .* --include-engine jqwik --config jqwik.database=/workspace/jqwik/Result_auto_Round1/Gson_15/tries200_seed3/reports_fixed/jqwik-database --config jqwik.tries.default=200 --reports-dir /workspace/jqwik/Result_auto_Round1/Gson_15/tries200_seed3/reports_fixed
ion = RANDOMIZED       | parameters are randomly generated
after-failure = SAMPLE_FIRST  | try previously failed sample, then previous seed
when-fixed-seed = ALLOW       | fixing the random seed is allowed
edge-cases#mode = NONE        | edge cases are not explicitly generated
seed = 3                      | random seed to reproduce generated values


timestamp = 2026-09-27T05:10:40.279549, JsonWriter AutoPbtTest:m002 close = 
                              |-----------------------jqwik-----------------------
tries = 200                   | # of calls to property
checks = 200                  | # of not rejected calls
generation = RANDOMIZED       | parameters are randomly generated
after-failure = SAMPLE_FIRST  | try previously failed sample, then previous seed
when-fixed-seed = ALLOW       | fixing the random seed is allowed
edge-cases#mode = NONE        | edge cases are not explicitly generated
seed = 3                      | random seed to reproduce generated values


timestamp = 2026-09-27T05:10:40.358432, JsonWriter AutoPbtTest:m000 beginArray = 
                              |-----------------------jqwik-----------------------
tries = 200                   | # of calls to property
checks = 200                  | # of not rejected calls
generation = RANDOMIZED       | parameters are randomly generated
after-failure = SAMPLE_FIRST  | try previously failed sample, then previous seed
when-fixed-seed = ALLOW       | fixing the random seed is allowed
edge-cases#mode = NONE        | edge cases are not explicitly generated
seed = 3                      | random seed to reproduce generated values


timestamp = 2026-09-27T05:10:40.455353, JsonWriter AutoPbtTest:m008 isLenient = 
                              |-----------------------jqwik-----------------------
tries = 200                   | # of calls to property
checks = 200                  | # of not rejected calls
generation = RANDOMIZED       | parameters are randomly generated
after-failure = SAMPLE_FIRST  | try previously failed sample, then previous seed
when-fixed-seed = ALLOW       | fixing the random seed is allowed
edge-cases#mode = NONE        | edge cases are not explicitly generated
seed = 3                      | random seed to reproduce generated values


[36m╷[0m
[36m└─[0m [36mjqwik (JUnit Platform)[0m [32m✔[0m
[36m   └─[0m [36mJsonWriter AutoPbtTest[0m [32m✔[0m
[36m      ├─[0m [34mm016 value[0m [32m✔[0m
[36m      ├─[0m [34mm004 endObject[0m [32m✔[0m
[36m      ├─[0m [34mm001 beginObject[0m [32m✔[0m
[36m      ├─[0m [34mm020 value[0m [32m✔[0m
[36m      ├─[0m [34mm017 value[0m [32m✔[0m
[36m      ├─[0m [34mm013 setIndent[0m [32m✔[0m
[36m      ├─[0m [34mm011 nullValue[0m [32m✔[0m
[36m      ├─[0m [34mm014 setLenient[0m [32m✔[0m
[36m      ├─[0m [34mm009 jsonValue[0m [32m✔[0m
[36m      ├─[0m [34mm021 value[0m [32m✔[0m
[36m      ├─[0m [34mm015 setSerializeNulls[0m [32m✔[0m
[36m      ├─[0m [34mm005 flush[0m [32m✔[0m
[36m      ├─[0m [34mm018 value[0m [32m✔[0m
[36m      ├─[0m [34mm012 setHtmlSafe[0m [32m✔[0m
[36m      ├─[0m [34mm007 isHtmlSafe[0m [32m✔[0m
[36m      ├─[0m [34mm003 endArray[0m [32m✔[0m
[36m      ├─[0m [34mm006 getSerializeNulls[0m [32m✔[0m
[36m      ├─[0m [34mm010 name[0m [32m✔[0m
[36m      ├─[0m [34mm019 value[0m [32m✔[0m
[36m      ├─[0m [34mm002 close[0m [32m✔[0m
[36m      ├─[0m [34mm000 beginArray[0m [32m✔[0m
[36m      └─[0m [34mm008 isLenient[0m [32m✔[0m

Test run finished after 6487 ms
[         2 containers found      ]
[         0 containers skipped    ]
[         2 containers started    ]
[         0 containers aborted    ]
[         2 containers successful ]
[         0 containers failed     ]
[        22 tests found           ]
[         0 tests skipped         ]
[        22 tests started         ]
[         0 tests aborted         ]
[        22 tests successful      ]
[         0 tests failed          ]


[exit=0 timeout=False time=20.5s]

$ java -jar /opt/jacoco/lib/jacococli.jar report /workspace/jqwik/Result_auto_Round1/Gson_15/tries200_seed3/jacoco.exec --classfiles /work/Gson_15f/target/classes --csv /workspace/jqwik/Result_auto_Round1/Gson_15/tries200_seed3/jacoco.csv
[INFO] Loading execution data file /workspace/jqwik/Result_auto_Round1/Gson_15/tries200_seed3/jacoco.exec.
[INFO] Analyzing 156 classes.

[exit=0 timeout=False time=0.8s]

$ java -Djava.awt.headless=true -Xss4m -Xmx1g -Dpbt.seed=3 -Dpbt.tries=200 -Dpbt.snapshot.dir=/work/jqwik_out/Gson_15/auto_round1_tries200_seed3/snapshots -Dpbt.propertyBudgetMs=5000 -Dpbt.mask=/work/Gson_15f:/work/Gson_15b:/work/jqwik_out/Gson_15/auto_round1_tries200_seed3/classes_f:/work/jqwik_out/Gson_15/auto_round1_tries200_seed3/classes_b -Dpbt.mode=check -jar /workspace/lib/jqwik/junit-platform-console-standalone-1.9.3.jar --disable-banner --details tree --class-path /work/jqwik_out/Gson_15/auto_round1_tries200_seed3/classes_b:/work/Gson_15b/target/classes:/opt/defects4j/framework/projects/Gson/lib/junit/junit/4.12/junit-4.12.jar:/opt/defects4j/framework/projects/Gson/lib/org/hamcrest/hamcrest-core/1.3/hamcrest-core-1.3.jar:/work/Gson_15b/target/test-classes:/opt/defects4j/framework/projects/lib/junit-4.12-hamcrest-1.3.jar:/opt/defects4j/framework/projects/Gson/lib/com/google/code/findbugs/jsr305/3.0.0/jsr305-3.0.0.jar:/opt/defects4j/framework/projects/Gson/lib/junit/junit/3.8.2/junit-3.8.2.jar:/work/jqwik_harness:/workspace/lib/jqwik/jqwik-1.7.4.jar:/workspace/lib/jqwik/jqwik-api-1.7.4.jar:/workspace/lib/jqwik/jqwik-engine-1.7.4.jar --scan-class-path /work/jqwik_out/Gson_15/auto_round1_tries200_seed3/classes_b --include-classname .* --include-engine jqwik --config jqwik.database=/workspace/jqwik/Result_auto_Round1/Gson_15/tries200_seed3/reports_buggy/jqwik-database --config jqwik.tries.default=200 --reports-dir /workspace/jqwik/Result_auto_Round1/Gson_15/tries200_seed3/reports_buggy
ion = RANDOMIZED       | parameters are randomly generated
after-failure = SAMPLE_FIRST  | try previously failed sample, then previous seed
when-fixed-seed = ALLOW       | fixing the random seed is allowed
edge-cases#mode = NONE        | edge cases are not explicitly generated
seed = 3                      | random seed to reproduce generated values


timestamp = 2026-09-27T05:10:58.341555, JsonWriter AutoPbtTest:m002 close = 
                              |-----------------------jqwik-----------------------
tries = 200                   | # of calls to property
checks = 200                  | # of not rejected calls
generation = RANDOMIZED       | parameters are randomly generated
after-failure = SAMPLE_FIRST  | try previously failed sample, then previous seed
when-fixed-seed = ALLOW       | fixing the random seed is allowed
edge-cases#mode = NONE        | edge cases are not explicitly generated
seed = 3                      | random seed to reproduce generated values


timestamp = 2026-09-27T05:10:58.438406, JsonWriter AutoPbtTest:m000 beginArray = 
                              |-----------------------jqwik-----------------------
tries = 200                   | # of calls to property
checks = 200                  | # of not rejected calls
generation = RANDOMIZED       | parameters are randomly generated
after-failure = SAMPLE_FIRST  | try previously failed sample, then previous seed
when-fixed-seed = ALLOW       | fixing the random seed is allowed
edge-cases#mode = NONE        | edge cases are not explicitly generated
seed = 3                      | random seed to reproduce generated values


timestamp = 2026-09-27T05:10:58.536018, JsonWriter AutoPbtTest:m008 isLenient = 
                              |-----------------------jqwik-----------------------
tries = 200                   | # of calls to property
checks = 200                  | # of not rejected calls
generation = RANDOMIZED       | parameters are randomly generated
after-failure = SAMPLE_FIRST  | try previously failed sample, then previous seed
when-fixed-seed = ALLOW       | fixing the random seed is allowed
edge-cases#mode = NONE        | edge cases are not explicitly generated
seed = 3                      | random seed to reproduce generated values


[36m╷[0m
[36m└─[0m [36mjqwik (JUnit Platform)[0m [32m✔[0m
[36m   └─[0m [36mJsonWriter AutoPbtTest[0m [32m✔[0m
[36m      ├─[0m [34mm016 value[0m [32m✔[0m
[36m      ├─[0m [34mm004 endObject[0m [32m✔[0m
[36m      ├─[0m [34mm001 beginObject[0m [32m✔[0m
[36m      ├─[0m [34mm020 value[0m [32m✔[0m
[36m      ├─[0m [34mm017 value[0m [32m✔[0m
[36m      ├─[0m [34mm013 setIndent[0m [32m✔[0m
[36m      ├─[0m [34mm011 nullValue[0m [32m✔[0m
[36m      ├─[0m [34mm014 setLenient[0m [32m✔[0m
[36m      ├─[0m [34mm009 jsonValue[0m [32m✔[0m
[36m      ├─[0m [34mm021 value[0m [32m✔[0m
[36m      ├─[0m [34mm015 setSerializeNulls[0m [32m✔[0m
[36m      ├─[0m [34mm005 flush[0m [32m✔[0m
[36m      ├─[0m [34mm018 value[0m [32m✔[0m
[36m      ├─[0m [34mm012 setHtmlSafe[0m [32m✔[0m
[36m      ├─[0m [34mm007 isHtmlSafe[0m [32m✔[0m
[36m      ├─[0m [34mm003 endArray[0m [32m✔[0m
[36m      ├─[0m [34mm006 getSerializeNulls[0m [32m✔[0m
[36m      ├─[0m [34mm010 name[0m [32m✔[0m
[36m      ├─[0m [34mm019 value[0m [32m✔[0m
[36m      ├─[0m [34mm002 close[0m [32m✔[0m
[36m      ├─[0m [34mm000 beginArray[0m [32m✔[0m
[36m      └─[0m [34mm008 isLenient[0m [32m✔[0m

Test run finished after 3166 ms
[         2 containers found      ]
[         0 containers skipped    ]
[         2 containers started    ]
[         0 containers aborted    ]
[         2 containers successful ]
[         0 containers failed     ]
[        22 tests found           ]
[         0 tests skipped         ]
[        22 tests started         ]
[         0 tests aborted         ]
[        22 tests successful      ]
[         0 tests failed          ]


[exit=0 timeout=False time=4.9s]
