
$ javac -nowarn -encoding UTF-8 -cp /work/Math_40f/target/classes:/work/Math_40f/target/test-classes:/opt/defects4j/framework/projects/lib/junit-4.12-hamcrest-1.3.jar:/work/jqwik_harness:/workspace/lib/jqwik/jqwik-1.7.4.jar:/workspace/lib/jqwik/jqwik-api-1.7.4.jar:/workspace/lib/jqwik/jqwik-engine-1.7.4.jar -d /work/jqwik_out/Math_40/auto_round2_tries1000_seed2/classes_f /workspace/jqwik/Auto/Math_40/org/apache/commons/math/analysis/solvers/BracketingNthOrderBrentSolver_AutoPbtTest.java

[exit=0 timeout=False time=0.9s]

$ javac -nowarn -encoding UTF-8 -cp /work/Math_40b/target/classes:/work/Math_40b/target/test-classes:/opt/defects4j/framework/projects/lib/junit-4.12-hamcrest-1.3.jar:/work/jqwik_harness:/workspace/lib/jqwik/jqwik-1.7.4.jar:/workspace/lib/jqwik/jqwik-api-1.7.4.jar:/workspace/lib/jqwik/jqwik-engine-1.7.4.jar -d /work/jqwik_out/Math_40/auto_round2_tries1000_seed2/classes_b /workspace/jqwik/Auto/Math_40/org/apache/commons/math/analysis/solvers/BracketingNthOrderBrentSolver_AutoPbtTest.java

[exit=0 timeout=False time=1.1s]

$ java -Djava.awt.headless=true -Xss4m -Xmx1g -Dpbt.seed=2 -Dpbt.tries=1000 -Dpbt.snapshot.dir=/work/jqwik_out/Math_40/auto_round2_tries1000_seed2/snapshots -Dpbt.propertyBudgetMs=5000 -Dpbt.mask=/work/Math_40f:/work/Math_40b:/work/jqwik_out/Math_40/auto_round2_tries1000_seed2/classes_f:/work/jqwik_out/Math_40/auto_round2_tries1000_seed2/classes_b -Dpbt.mode=record -jar /workspace/lib/jqwik/junit-platform-console-standalone-1.9.3.jar --disable-banner --details tree --class-path /work/jqwik_out/Math_40/auto_round2_tries1000_seed2/classes_f:/work/Math_40f/target/classes:/work/Math_40f/target/test-classes:/opt/defects4j/framework/projects/lib/junit-4.12-hamcrest-1.3.jar:/work/jqwik_harness:/workspace/lib/jqwik/jqwik-1.7.4.jar:/workspace/lib/jqwik/jqwik-api-1.7.4.jar:/workspace/lib/jqwik/jqwik-engine-1.7.4.jar --scan-class-path /work/jqwik_out/Math_40/auto_round2_tries1000_seed2/classes_f --include-classname .* --include-engine jqwik --config jqwik.database=/workspace/jqwik/Result_auto_Round2/Math_40/tries1000_seed2/reports_record/jqwik-database --config jqwik.tries.default=1000 --reports-dir /workspace/jqwik/Result_auto_Round2/Math_40/tries1000_seed2/reports_record
timestamp = 2026-09-30T02:02:51.810690, BracketingNthOrderBrentSolver AutoPbtTest:m001 getMaximalOrder = 
                              |-----------------------jqwik-----------------------
tries = 1000                  | # of calls to property
checks = 1000                 | # of not rejected calls
generation = RANDOMIZED       | parameters are randomly generated
after-failure = SAMPLE_FIRST  | try previously failed sample, then previous seed
when-fixed-seed = ALLOW       | fixing the random seed is allowed
edge-cases#mode = NONE        | edge cases are not explicitly generated
seed = 2                      | random seed to reproduce generated values


timestamp = 2026-09-30T02:02:52.594852, BracketingNthOrderBrentSolver AutoPbtTest:m000 doSolve = 
                              |-----------------------jqwik-----------------------
tries = 1000                  | # of calls to property
checks = 1000                 | # of not rejected calls
generation = RANDOMIZED       | parameters are randomly generated
after-failure = SAMPLE_FIRST  | try previously failed sample, then previous seed
when-fixed-seed = ALLOW       | fixing the random seed is allowed
edge-cases#mode = NONE        | edge cases are not explicitly generated
seed = 2                      | random seed to reproduce generated values


timestamp = 2026-09-30T02:02:53.270382, BracketingNthOrderBrentSolver AutoPbtTest:m002 solve = 
                              |-----------------------jqwik-----------------------
tries = 1000                  | # of calls to property
checks = 1000                 | # of not rejected calls
generation = RANDOMIZED       | parameters are randomly generated
after-failure = SAMPLE_FIRST  | try previously failed sample, then previous seed
when-fixed-seed = ALLOW       | fixing the random seed is allowed
edge-cases#mode = NONE        | edge cases are not explicitly generated
seed = 2                      | random seed to reproduce generated values


timestamp = 2026-09-30T02:02:53.941818, BracketingNthOrderBrentSolver AutoPbtTest:m003 solve = 
                              |-----------------------jqwik-----------------------
tries = 1000                  | # of calls to property
checks = 1000                 | # of not rejected calls
generation = RANDOMIZED       | parameters are randomly generated
after-failure = SAMPLE_FIRST  | try previously failed sample, then previous seed
when-fixed-seed = ALLOW       | fixing the random seed is allowed
edge-cases#mode = NONE        | edge cases are not explicitly generated
seed = 2                      | random seed to reproduce generated values


[36m╷[0m
[36m└─[0m [36mjqwik (JUnit Platform)[0m [32m✔[0m
[36m   └─[0m [36mBracketingNthOrderBrentSolver AutoPbtTest[0m [32m✔[0m
[36m      ├─[0m [34mm001 getMaximalOrder[0m [32m✔[0m
[36m      ├─[0m [34mm000 doSolve[0m [32m✔[0m
[36m      ├─[0m [34mm002 solve[0m [32m✔[0m
[36m      └─[0m [34mm003 solve[0m [32m✔[0m

Test run finished after 3773 ms
[         2 containers found      ]
[         0 containers skipped    ]
[         2 containers started    ]
[         0 containers aborted    ]
[         2 containers successful ]
[         0 containers failed     ]
[         4 tests found           ]
[         0 tests skipped         ]
[         4 tests started         ]
[         0 tests aborted         ]
[         4 tests successful      ]
[         0 tests failed          ]


[exit=0 timeout=False time=5.2s]

$ java -Djava.awt.headless=true -Xss4m -Xmx1g -Dpbt.seed=2 -Dpbt.tries=1000 -Dpbt.snapshot.dir=/work/jqwik_out/Math_40/auto_round2_tries1000_seed2/snapshots -Dpbt.propertyBudgetMs=5000 -Dpbt.mask=/work/Math_40f:/work/Math_40b:/work/jqwik_out/Math_40/auto_round2_tries1000_seed2/classes_f:/work/jqwik_out/Math_40/auto_round2_tries1000_seed2/classes_b -Dpbt.mode=check -javaagent:/opt/jacoco/lib/jacocoagent.jar=destfile=/workspace/jqwik/Result_auto_Round2/Math_40/tries1000_seed2/jacoco.exec -jar /workspace/lib/jqwik/junit-platform-console-standalone-1.9.3.jar --disable-banner --details tree --class-path /work/jqwik_out/Math_40/auto_round2_tries1000_seed2/classes_f:/work/Math_40f/target/classes:/work/Math_40f/target/test-classes:/opt/defects4j/framework/projects/lib/junit-4.12-hamcrest-1.3.jar:/work/jqwik_harness:/workspace/lib/jqwik/jqwik-1.7.4.jar:/workspace/lib/jqwik/jqwik-api-1.7.4.jar:/workspace/lib/jqwik/jqwik-engine-1.7.4.jar --scan-class-path /work/jqwik_out/Math_40/auto_round2_tries1000_seed2/classes_f --include-classname .* --include-engine jqwik --config jqwik.database=/workspace/jqwik/Result_auto_Round2/Math_40/tries1000_seed2/reports_fixed/jqwik-database --config jqwik.tries.default=1000 --reports-dir /workspace/jqwik/Result_auto_Round2/Math_40/tries1000_seed2/reports_fixed
timestamp = 2026-09-30T02:02:58.513204, BracketingNthOrderBrentSolver AutoPbtTest:m001 getMaximalOrder = 
                              |-----------------------jqwik-----------------------
tries = 1000                  | # of calls to property
checks = 1000                 | # of not rejected calls
generation = RANDOMIZED       | parameters are randomly generated
after-failure = SAMPLE_FIRST  | try previously failed sample, then previous seed
when-fixed-seed = ALLOW       | fixing the random seed is allowed
edge-cases#mode = NONE        | edge cases are not explicitly generated
seed = 2                      | random seed to reproduce generated values


timestamp = 2026-09-30T02:02:59.138159, BracketingNthOrderBrentSolver AutoPbtTest:m000 doSolve = 
                              |-----------------------jqwik-----------------------
tries = 1000                  | # of calls to property
checks = 1000                 | # of not rejected calls
generation = RANDOMIZED       | parameters are randomly generated
after-failure = SAMPLE_FIRST  | try previously failed sample, then previous seed
when-fixed-seed = ALLOW       | fixing the random seed is allowed
edge-cases#mode = NONE        | edge cases are not explicitly generated
seed = 2                      | random seed to reproduce generated values


timestamp = 2026-09-30T02:02:59.777751, BracketingNthOrderBrentSolver AutoPbtTest:m002 solve = 
                              |-----------------------jqwik-----------------------
tries = 1000                  | # of calls to property
checks = 1000                 | # of not rejected calls
generation = RANDOMIZED       | parameters are randomly generated
after-failure = SAMPLE_FIRST  | try previously failed sample, then previous seed
when-fixed-seed = ALLOW       | fixing the random seed is allowed
edge-cases#mode = NONE        | edge cases are not explicitly generated
seed = 2                      | random seed to reproduce generated values


timestamp = 2026-09-30T02:03:00.330341, BracketingNthOrderBrentSolver AutoPbtTest:m003 solve = 
                              |-----------------------jqwik-----------------------
tries = 1000                  | # of calls to property
checks = 1000                 | # of not rejected calls
generation = RANDOMIZED       | parameters are randomly generated
after-failure = SAMPLE_FIRST  | try previously failed sample, then previous seed
when-fixed-seed = ALLOW       | fixing the random seed is allowed
edge-cases#mode = NONE        | edge cases are not explicitly generated
seed = 2                      | random seed to reproduce generated values


[36m╷[0m
[36m└─[0m [36mjqwik (JUnit Platform)[0m [32m✔[0m
[36m   └─[0m [36mBracketingNthOrderBrentSolver AutoPbtTest[0m [32m✔[0m
[36m      ├─[0m [34mm001 getMaximalOrder[0m [32m✔[0m
[36m      ├─[0m [34mm000 doSolve[0m [32m✔[0m
[36m      ├─[0m [34mm002 solve[0m [32m✔[0m
[36m      └─[0m [34mm003 solve[0m [32m✔[0m

Test run finished after 4178 ms
[         2 containers found      ]
[         0 containers skipped    ]
[         2 containers started    ]
[         0 containers aborted    ]
[         2 containers successful ]
[         0 containers failed     ]
[         4 tests found           ]
[         0 tests skipped         ]
[         4 tests started         ]
[         0 tests aborted         ]
[         4 tests successful      ]
[         0 tests failed          ]


[exit=0 timeout=False time=12.5s]

$ java -jar /opt/jacoco/lib/jacococli.jar report /workspace/jqwik/Result_auto_Round2/Math_40/tries1000_seed2/jacoco.exec --classfiles /work/Math_40f/target/classes --csv /workspace/jqwik/Result_auto_Round2/Math_40/tries1000_seed2/jacoco.csv
[INFO] Loading execution data file /workspace/jqwik/Result_auto_Round2/Math_40/tries1000_seed2/jacoco.exec.
[INFO] Analyzing 649 classes.

[exit=0 timeout=False time=1.0s]

$ java -Djava.awt.headless=true -Xss4m -Xmx1g -Dpbt.seed=2 -Dpbt.tries=1000 -Dpbt.snapshot.dir=/work/jqwik_out/Math_40/auto_round2_tries1000_seed2/snapshots -Dpbt.propertyBudgetMs=5000 -Dpbt.mask=/work/Math_40f:/work/Math_40b:/work/jqwik_out/Math_40/auto_round2_tries1000_seed2/classes_f:/work/jqwik_out/Math_40/auto_round2_tries1000_seed2/classes_b -Dpbt.mode=check -jar /workspace/lib/jqwik/junit-platform-console-standalone-1.9.3.jar --disable-banner --details tree --class-path /work/jqwik_out/Math_40/auto_round2_tries1000_seed2/classes_b:/work/Math_40b/target/classes:/work/Math_40b/target/test-classes:/opt/defects4j/framework/projects/lib/junit-4.12-hamcrest-1.3.jar:/work/jqwik_harness:/workspace/lib/jqwik/jqwik-1.7.4.jar:/workspace/lib/jqwik/jqwik-api-1.7.4.jar:/workspace/lib/jqwik/jqwik-engine-1.7.4.jar --scan-class-path /work/jqwik_out/Math_40/auto_round2_tries1000_seed2/classes_b --include-classname .* --include-engine jqwik --config jqwik.database=/workspace/jqwik/Result_auto_Round2/Math_40/tries1000_seed2/reports_buggy/jqwik-database --config jqwik.tries.default=1000 --reports-dir /workspace/jqwik/Result_auto_Round2/Math_40/tries1000_seed2/reports_buggy
timestamp = 2026-09-30T02:03:12.171953, BracketingNthOrderBrentSolver AutoPbtTest:m001 getMaximalOrder = 
                              |-----------------------jqwik-----------------------
tries = 1000                  | # of calls to property
checks = 1000                 | # of not rejected calls
generation = RANDOMIZED       | parameters are randomly generated
after-failure = SAMPLE_FIRST  | try previously failed sample, then previous seed
when-fixed-seed = ALLOW       | fixing the random seed is allowed
edge-cases#mode = NONE        | edge cases are not explicitly generated
seed = 2                      | random seed to reproduce generated values


timestamp = 2026-09-30T02:03:12.862615, BracketingNthOrderBrentSolver AutoPbtTest:m000 doSolve = 
                              |-----------------------jqwik-----------------------
tries = 1000                  | # of calls to property
checks = 1000                 | # of not rejected calls
generation = RANDOMIZED       | parameters are randomly generated
after-failure = SAMPLE_FIRST  | try previously failed sample, then previous seed
when-fixed-seed = ALLOW       | fixing the random seed is allowed
edge-cases#mode = NONE        | edge cases are not explicitly generated
seed = 2                      | random seed to reproduce generated values


timestamp = 2026-09-30T02:03:13.531851, BracketingNthOrderBrentSolver AutoPbtTest:m002 solve = 
                              |-----------------------jqwik-----------------------
tries = 1000                  | # of calls to property
checks = 1000                 | # of not rejected calls
generation = RANDOMIZED       | parameters are randomly generated
after-failure = SAMPLE_FIRST  | try previously failed sample, then previous seed
when-fixed-seed = ALLOW       | fixing the random seed is allowed
edge-cases#mode = NONE        | edge cases are not explicitly generated
seed = 2                      | random seed to reproduce generated values


timestamp = 2026-09-30T02:03:14.157617, BracketingNthOrderBrentSolver AutoPbtTest:m003 solve = 
                              |-----------------------jqwik-----------------------
tries = 1000                  | # of calls to property
checks = 1000                 | # of not rejected calls
generation = RANDOMIZED       | parameters are randomly generated
after-failure = SAMPLE_FIRST  | try previously failed sample, then previous seed
when-fixed-seed = ALLOW       | fixing the random seed is allowed
edge-cases#mode = NONE        | edge cases are not explicitly generated
seed = 2                      | random seed to reproduce generated values


[36m╷[0m
[36m└─[0m [36mjqwik (JUnit Platform)[0m [32m✔[0m
[36m   └─[0m [36mBracketingNthOrderBrentSolver AutoPbtTest[0m [32m✔[0m
[36m      ├─[0m [34mm001 getMaximalOrder[0m [32m✔[0m
[36m      ├─[0m [34mm000 doSolve[0m [32m✔[0m
[36m      ├─[0m [34mm002 solve[0m [32m✔[0m
[36m      └─[0m [34mm003 solve[0m [32m✔[0m

Test run finished after 3690 ms
[         2 containers found      ]
[         0 containers skipped    ]
[         2 containers started    ]
[         0 containers aborted    ]
[         2 containers successful ]
[         0 containers failed     ]
[         4 tests found           ]
[         0 tests skipped         ]
[         4 tests started         ]
[         0 tests aborted         ]
[         4 tests successful      ]
[         0 tests failed          ]


[exit=0 timeout=False time=5.0s]
