
$ javac -nowarn -encoding UTF-8 -cp /work/Time_6f/target/classes:/opt/defects4j/framework/projects/Time/lib/org/joda/joda-convert/1.2/joda-convert-1.2.jar:/opt/defects4j/framework/projects/Time/lib/junit/junit/3.8.2/junit-3.8.2.jar:/work/Time_6f/target/test-classes:/work/jqwik_harness:/workspace/lib/jqwik/jqwik-1.7.4.jar:/workspace/lib/jqwik/jqwik-api-1.7.4.jar:/workspace/lib/jqwik/jqwik-engine-1.7.4.jar -d /work/jqwik_out/Time_6/auto_round1_tries200_seed2/classes_f /workspace/jqwik/Auto/Time_6/org/joda/time/chrono/GJChronology_AutoPbtTest.java

[exit=0 timeout=False time=6.0s]

$ javac -nowarn -encoding UTF-8 -cp /work/Time_6b/target/classes:/opt/defects4j/framework/projects/Time/lib/org/joda/joda-convert/1.2/joda-convert-1.2.jar:/opt/defects4j/framework/projects/Time/lib/junit/junit/3.8.2/junit-3.8.2.jar:/work/Time_6b/target/test-classes:/work/jqwik_harness:/workspace/lib/jqwik/jqwik-1.7.4.jar:/workspace/lib/jqwik/jqwik-api-1.7.4.jar:/workspace/lib/jqwik/jqwik-engine-1.7.4.jar -d /work/jqwik_out/Time_6/auto_round1_tries200_seed2/classes_b /workspace/jqwik/Auto/Time_6/org/joda/time/chrono/GJChronology_AutoPbtTest.java

[exit=0 timeout=False time=6.2s]

$ java -Djava.awt.headless=true -Xss4m -Xmx1g -Dpbt.seed=2 -Dpbt.tries=200 -Dpbt.snapshot.dir=/work/jqwik_out/Time_6/auto_round1_tries200_seed2/snapshots -Dpbt.propertyBudgetMs=5000 -Dpbt.mask=/work/Time_6f:/work/Time_6b:/work/jqwik_out/Time_6/auto_round1_tries200_seed2/classes_f:/work/jqwik_out/Time_6/auto_round1_tries200_seed2/classes_b -Dpbt.mode=record -jar /workspace/lib/jqwik/junit-platform-console-standalone-1.9.3.jar --disable-banner --details tree --class-path /work/jqwik_out/Time_6/auto_round1_tries200_seed2/classes_f:/work/Time_6f/target/classes:/opt/defects4j/framework/projects/Time/lib/org/joda/joda-convert/1.2/joda-convert-1.2.jar:/opt/defects4j/framework/projects/Time/lib/junit/junit/3.8.2/junit-3.8.2.jar:/work/Time_6f/target/test-classes:/work/jqwik_harness:/workspace/lib/jqwik/jqwik-1.7.4.jar:/workspace/lib/jqwik/jqwik-api-1.7.4.jar:/workspace/lib/jqwik/jqwik-engine-1.7.4.jar --scan-class-path /work/jqwik_out/Time_6/auto_round1_tries200_seed2/classes_f --include-classname .* --include-engine jqwik --config jqwik.database=/workspace/jqwik/Result_auto_Round1/Time_6/tries200_seed2/reports_record/jqwik-database --config jqwik.tries.default=200 --reports-dir /workspace/jqwik/Result_auto_Round1/Time_6/tries200_seed2/reports_record
OW       | fixing the random seed is allowed
edge-cases#mode = NONE        | edge cases are not explicitly generated
seed = 2                      | random seed to reproduce generated values


timestamp = 2026-09-27T07:34:15.049234, GJChronology AutoPbtTest:contract equalsHashCode = 
                              |-----------------------jqwik-----------------------
tries = 200                   | # of calls to property
checks = 200                  | # of not rejected calls
generation = RANDOMIZED       | parameters are randomly generated
after-failure = SAMPLE_FIRST  | try previously failed sample, then previous seed
when-fixed-seed = ALLOW       | fixing the random seed is allowed
edge-cases#mode = NONE        | edge cases are not explicitly generated
seed = 2                      | random seed to reproduce generated values


timestamp = 2026-09-27T07:34:15.274229, GJChronology AutoPbtTest:m003 getDateTimeMillis = 
                              |-----------------------jqwik-----------------------
tries = 200                   | # of calls to property
checks = 200                  | # of not rejected calls
generation = RANDOMIZED       | parameters are randomly generated
after-failure = SAMPLE_FIRST  | try previously failed sample, then previous seed
when-fixed-seed = ALLOW       | fixing the random seed is allowed
edge-cases#mode = NONE        | edge cases are not explicitly generated
seed = 2                      | random seed to reproduce generated values


timestamp = 2026-09-27T07:34:15.464547, GJChronology AutoPbtTest:m012 getZone = 
                              |-----------------------jqwik-----------------------
tries = 200                   | # of calls to property
checks = 200                  | # of not rejected calls
generation = RANDOMIZED       | parameters are randomly generated
after-failure = SAMPLE_FIRST  | try previously failed sample, then previous seed
when-fixed-seed = ALLOW       | fixing the random seed is allowed
edge-cases#mode = NONE        | edge cases are not explicitly generated
seed = 2                      | random seed to reproduce generated values


[36m╷[0m
[36m└─[0m [36mjqwik (JUnit Platform)[0m [32m✔[0m
[36m   └─[0m [36mGJChronology AutoPbtTest[0m [32m✔[0m
[36m      ├─[0m [34mm018 toString[0m [32m✔[0m
[36m      ├─[0m [34mm002 getDateTimeMillis[0m [32m✔[0m
[36m      ├─[0m [34mm000 assemble[0m [32m✔[0m
[36m      ├─[0m [34mm016 julianToGregorianByWeekyear[0m [32m✔[0m
[36m      ├─[0m [34mm020 withZone[0m [32m✔[0m
[36m      ├─[0m [34mm011 getMinimumDaysInFirstWeek[0m [32m✔[0m
[36m      ├─[0m [34mm004 getGregorianCutover[0m [32m✔[0m
[36m      ├─[0m [34mm009 getInstance[0m [32m✔[0m
[36m      ├─[0m [34mm019 withUTC[0m [32m✔[0m
[36m      ├─[0m [34mm010 getInstanceUTC[0m [32m✔[0m
[36m      ├─[0m [34mm008 getInstance[0m [32m✔[0m
[36m      ├─[0m [34mm007 getInstance[0m [32m✔[0m
[36m      ├─[0m [34mm006 getInstance[0m [32m✔[0m
[36m      ├─[0m [34mm014 gregorianToJulianByYear[0m [32m✔[0m
[36m      ├─[0m [34mm005 getInstance[0m [32m✔[0m
[36m      ├─[0m [34mm013 gregorianToJulianByWeekyear[0m [32m✔[0m
[36m      ├─[0m [34mm015 hashCode[0m [32m✔[0m
[36m      ├─[0m [34mm017 julianToGregorianByYear[0m [32m✔[0m
[36m      ├─[0m [34mm001 equals[0m [32m✔[0m
[36m      ├─[0m [34mcontract equalsHashCode[0m [32m✔[0m
[36m      ├─[0m [34mm003 getDateTimeMillis[0m [32m✔[0m
[36m      └─[0m [34mm012 getZone[0m [32m✔[0m

Test run finished after 13961 ms
[         2 containers found      ]
[         0 containers skipped    ]
[         2 containers started    ]
[         0 containers aborted    ]
[         2 containers successful ]
[         0 containers failed     ]
[        22 tests found           ]
[         0 tests skipped         ]
[        22 tests started         ]
[         0 tests aborted         ]
[        22 tests successful      ]
[         0 tests failed          ]


[exit=0 timeout=False time=20.3s]

$ java -Djava.awt.headless=true -Xss4m -Xmx1g -Dpbt.seed=2 -Dpbt.tries=200 -Dpbt.snapshot.dir=/work/jqwik_out/Time_6/auto_round1_tries200_seed2/snapshots -Dpbt.propertyBudgetMs=5000 -Dpbt.mask=/work/Time_6f:/work/Time_6b:/work/jqwik_out/Time_6/auto_round1_tries200_seed2/classes_f:/work/jqwik_out/Time_6/auto_round1_tries200_seed2/classes_b -Dpbt.mode=check -javaagent:/opt/jacoco/lib/jacocoagent.jar=destfile=/workspace/jqwik/Result_auto_Round1/Time_6/tries200_seed2/jacoco.exec -jar /workspace/lib/jqwik/junit-platform-console-standalone-1.9.3.jar --disable-banner --details tree --class-path /work/jqwik_out/Time_6/auto_round1_tries200_seed2/classes_f:/work/Time_6f/target/classes:/opt/defects4j/framework/projects/Time/lib/org/joda/joda-convert/1.2/joda-convert-1.2.jar:/opt/defects4j/framework/projects/Time/lib/junit/junit/3.8.2/junit-3.8.2.jar:/work/Time_6f/target/test-classes:/work/jqwik_harness:/workspace/lib/jqwik/jqwik-1.7.4.jar:/workspace/lib/jqwik/jqwik-api-1.7.4.jar:/workspace/lib/jqwik/jqwik-engine-1.7.4.jar --scan-class-path /work/jqwik_out/Time_6/auto_round1_tries200_seed2/classes_f --include-classname .* --include-engine jqwik --config jqwik.database=/workspace/jqwik/Result_auto_Round1/Time_6/tries200_seed2/reports_fixed/jqwik-database --config jqwik.tries.default=200 --reports-dir /workspace/jqwik/Result_auto_Round1/Time_6/tries200_seed2/reports_fixed
OW       | fixing the random seed is allowed
edge-cases#mode = NONE        | edge cases are not explicitly generated
seed = 2                      | random seed to reproduce generated values


timestamp = 2026-09-27T07:34:41.312645, GJChronology AutoPbtTest:contract equalsHashCode = 
                              |-----------------------jqwik-----------------------
tries = 200                   | # of calls to property
checks = 200                  | # of not rejected calls
generation = RANDOMIZED       | parameters are randomly generated
after-failure = SAMPLE_FIRST  | try previously failed sample, then previous seed
when-fixed-seed = ALLOW       | fixing the random seed is allowed
edge-cases#mode = NONE        | edge cases are not explicitly generated
seed = 2                      | random seed to reproduce generated values


timestamp = 2026-09-27T07:34:41.945467, GJChronology AutoPbtTest:m003 getDateTimeMillis = 
                              |-----------------------jqwik-----------------------
tries = 200                   | # of calls to property
checks = 200                  | # of not rejected calls
generation = RANDOMIZED       | parameters are randomly generated
after-failure = SAMPLE_FIRST  | try previously failed sample, then previous seed
when-fixed-seed = ALLOW       | fixing the random seed is allowed
edge-cases#mode = NONE        | edge cases are not explicitly generated
seed = 2                      | random seed to reproduce generated values


timestamp = 2026-09-27T07:34:42.330854, GJChronology AutoPbtTest:m012 getZone = 
                              |-----------------------jqwik-----------------------
tries = 200                   | # of calls to property
checks = 200                  | # of not rejected calls
generation = RANDOMIZED       | parameters are randomly generated
after-failure = SAMPLE_FIRST  | try previously failed sample, then previous seed
when-fixed-seed = ALLOW       | fixing the random seed is allowed
edge-cases#mode = NONE        | edge cases are not explicitly generated
seed = 2                      | random seed to reproduce generated values


[36m╷[0m
[36m└─[0m [36mjqwik (JUnit Platform)[0m [32m✔[0m
[36m   └─[0m [36mGJChronology AutoPbtTest[0m [32m✔[0m
[36m      ├─[0m [34mm018 toString[0m [32m✔[0m
[36m      ├─[0m [34mm002 getDateTimeMillis[0m [32m✔[0m
[36m      ├─[0m [34mm000 assemble[0m [32m✔[0m
[36m      ├─[0m [34mm016 julianToGregorianByWeekyear[0m [32m✔[0m
[36m      ├─[0m [34mm020 withZone[0m [32m✔[0m
[36m      ├─[0m [34mm011 getMinimumDaysInFirstWeek[0m [32m✔[0m
[36m      ├─[0m [34mm004 getGregorianCutover[0m [32m✔[0m
[36m      ├─[0m [34mm009 getInstance[0m [32m✔[0m
[36m      ├─[0m [34mm019 withUTC[0m [32m✔[0m
[36m      ├─[0m [34mm010 getInstanceUTC[0m [32m✔[0m
[36m      ├─[0m [34mm008 getInstance[0m [32m✔[0m
[36m      ├─[0m [34mm007 getInstance[0m [32m✔[0m
[36m      ├─[0m [34mm006 getInstance[0m [32m✔[0m
[36m      ├─[0m [34mm014 gregorianToJulianByYear[0m [32m✔[0m
[36m      ├─[0m [34mm005 getInstance[0m [32m✔[0m
[36m      ├─[0m [34mm013 gregorianToJulianByWeekyear[0m [32m✔[0m
[36m      ├─[0m [34mm015 hashCode[0m [32m✔[0m
[36m      ├─[0m [34mm017 julianToGregorianByYear[0m [32m✔[0m
[36m      ├─[0m [34mm001 equals[0m [32m✔[0m
[36m      ├─[0m [34mcontract equalsHashCode[0m [32m✔[0m
[36m      ├─[0m [34mm003 getDateTimeMillis[0m [32m✔[0m
[36m      └─[0m [34mm012 getZone[0m [32m✔[0m

Test run finished after 17511 ms
[         2 containers found      ]
[         0 containers skipped    ]
[         2 containers started    ]
[         0 containers aborted    ]
[         2 containers successful ]
[         0 containers failed     ]
[        22 tests found           ]
[         0 tests skipped         ]
[        22 tests started         ]
[         0 tests aborted         ]
[        22 tests successful      ]
[         0 tests failed          ]


[exit=0 timeout=False time=39.0s]

$ java -jar /opt/jacoco/lib/jacococli.jar report /workspace/jqwik/Result_auto_Round1/Time_6/tries200_seed2/jacoco.exec --classfiles /work/Time_6f/target/classes --csv /workspace/jqwik/Result_auto_Round1/Time_6/tries200_seed2/jacoco.csv
[INFO] Loading execution data file /workspace/jqwik/Result_auto_Round1/Time_6/tries200_seed2/jacoco.exec.
[INFO] Analyzing 208 classes.

[exit=0 timeout=False time=1.9s]

$ java -Djava.awt.headless=true -Xss4m -Xmx1g -Dpbt.seed=2 -Dpbt.tries=200 -Dpbt.snapshot.dir=/work/jqwik_out/Time_6/auto_round1_tries200_seed2/snapshots -Dpbt.propertyBudgetMs=5000 -Dpbt.mask=/work/Time_6f:/work/Time_6b:/work/jqwik_out/Time_6/auto_round1_tries200_seed2/classes_f:/work/jqwik_out/Time_6/auto_round1_tries200_seed2/classes_b -Dpbt.mode=check -jar /workspace/lib/jqwik/junit-platform-console-standalone-1.9.3.jar --disable-banner --details tree --class-path /work/jqwik_out/Time_6/auto_round1_tries200_seed2/classes_b:/work/Time_6b/target/classes:/opt/defects4j/framework/projects/Time/lib/org/joda/joda-convert/1.2/joda-convert-1.2.jar:/opt/defects4j/framework/projects/Time/lib/junit/junit/3.8.2/junit-3.8.2.jar:/work/Time_6b/target/test-classes:/work/jqwik_harness:/workspace/lib/jqwik/jqwik-1.7.4.jar:/workspace/lib/jqwik/jqwik-api-1.7.4.jar:/workspace/lib/jqwik/jqwik-engine-1.7.4.jar --scan-class-path /work/jqwik_out/Time_6/auto_round1_tries200_seed2/classes_b --include-classname .* --include-engine jqwik --config jqwik.database=/workspace/jqwik/Result_auto_Round1/Time_6/tries200_seed2/reports_buggy/jqwik-database --config jqwik.tries.default=200 --reports-dir /workspace/jqwik/Result_auto_Round1/Time_6/tries200_seed2/reports_buggy
ses are not explicitly generated
seed = 2                      | random seed to reproduce generated values


[36m╷[0m
[36m└─[0m [36mjqwik (JUnit Platform)[0m [32m✔[0m
[36m   └─[0m [36mGJChronology AutoPbtTest[0m [32m✔[0m
[36m      ├─[0m [34mm018 toString[0m [32m✔[0m
[36m      ├─[0m [34mm002 getDateTimeMillis[0m [32m✔[0m
[36m      ├─[0m [34mm000 assemble[0m [32m✔[0m
[36m      ├─[0m [34mm016 julianToGregorianByWeekyear[0m [32m✔[0m
[36m      ├─[0m [34mm020 withZone[0m [32m✔[0m
[36m      ├─[0m [34mm011 getMinimumDaysInFirstWeek[0m [32m✔[0m
[36m      ├─[0m [34mm004 getGregorianCutover[0m [32m✔[0m
[36m      ├─[0m [34mm009 getInstance[0m [32m✔[0m
[36m      ├─[0m [34mm019 withUTC[0m [32m✔[0m
[36m      ├─[0m [34mm010 getInstanceUTC[0m [32m✔[0m
[36m      ├─[0m [34mm008 getInstance[0m [32m✔[0m
[36m      ├─[0m [31mm007 getInstance[0m [31m✘[0m [31m[regression] org.joda.time.chrono.GJChronology.getInstance(org.joda.time.DateTimeZone,long,int)[0m
[36m      │     [0m[31m     input:    getInstance[new DateTimeZone.getDefault[], Long:-7376099906783814499, Integer:4][0m
[36m      │     [0m[31m     expected: throws java.lang.IllegalArgumentException[0m
[36m      │     [0m[31m     actual:   ret=GJChronology:GJChronology[America/Los_Angeles,cutover=-233737332-11-08T02:43:05.501Z][0m
[36m      ├─[0m [34mm006 getInstance[0m [32m✔[0m
[36m      ├─[0m [34mm014 gregorianToJulianByYear[0m [32m✔[0m
[36m      ├─[0m [34mm005 getInstance[0m [32m✔[0m
[36m      ├─[0m [34mm013 gregorianToJulianByWeekyear[0m [32m✔[0m
[36m      ├─[0m [34mm015 hashCode[0m [32m✔[0m
[36m      ├─[0m [34mm017 julianToGregorianByYear[0m [32m✔[0m
[36m      ├─[0m [34mm001 equals[0m [32m✔[0m
[36m      ├─[0m [34mcontract equalsHashCode[0m [32m✔[0m
[36m      ├─[0m [34mm003 getDateTimeMillis[0m [32m✔[0m
[36m      └─[0m [34mm012 getZone[0m [32m✔[0m

Failures (1):
  jqwik (JUnit Platform):GJChronology AutoPbtTest:m007 getInstance
    MethodSource [className = 'org.joda.time.chrono.GJChronology_AutoPbtTest', methodName = 'm007_getInstance', methodParameterTypes = 'pbt.auto.AutoTarget$Call']
    => java.lang.AssertionError: [regression] org.joda.time.chrono.GJChronology.getInstance(org.joda.time.DateTimeZone,long,int)
  input:    getInstance[new DateTimeZone.getDefault[], Long:-7376099906783814499, Integer:4]
  expected: throws java.lang.IllegalArgumentException
  actual:   ret=GJChronology:GJChronology[America/Los_Angeles,cutover=-233737332-11-08T02:43:05.501Z]
       pbt.auto.AutoTarget.check(AutoTarget.java:127)
       org.joda.time.chrono.GJChronology_AutoPbtTest.m007_getInstance(GJChronology_AutoPbtTest.java:90)
       jdk.internal.reflect.GeneratedMethodAccessor31.invoke(Unknown Source)
       java.base/jdk.internal.reflect.DelegatingMethodAccessorImpl.invoke(DelegatingMethodAccessorImpl.java:43)
       java.base/java.lang.reflect.Method.invoke(Method.java:566)
       org.junit.platform.commons.util.ReflectionUtils.invokeMethod(ReflectionUtils.java:727)
       org.junit.platform.commons.support.ReflectionSupport.invokeMethod(ReflectionSupport.java:198)
       net.jqwik.engine.execution.CheckedPropertyFactory.lambda$createRawFunction$1(CheckedPropertyFactory.java:84)
       net.jqwik.engine.execution.CheckedPropertyFactory.lambda$createRawFunction$2(CheckedPropertyFactory.java:91)
       net.jqwik.engine.properties.CheckedFunction.execute(CheckedFunction.java:17)
       [...]

Test run finished after 10104 ms
[         2 containers found      ]
[         0 containers skipped    ]
[         2 containers started    ]
[         0 containers aborted    ]
[         2 containers successful ]
[         0 containers failed     ]
[        22 tests found           ]
[         0 tests skipped         ]
[        22 tests started         ]
[         0 tests aborted         ]
[        21 tests successful      ]
[         1 tests failed          ]


[exit=1 timeout=False time=15.9s]
