
$ defects4j compile -w /work/Math_89f
Running ant (compile)...................................................... OK
Running ant (compile.tests)................................................ OK

[exit=0 timeout=False time=2.2s]

$ defects4j compile -w /work/Math_89b
Running ant (compile)...................................................... OK
Running ant (compile.tests)................................................ OK

[exit=0 timeout=False time=2.5s]

$ java -Djava.awt.headless=true -cp /opt/defects4j/framework/projects/lib/junit-4.12-hamcrest-1.3.jar:/opt/evosuite/evosuite-1.2.0.jar:/work/Math_89f/target/classes:/work/Math_89f/target/test-classes org.evosuite.EvoSuite -generateSuite -class org.apache.commons.math.stat.Frequency -projectCP /opt/defects4j/framework/projects/lib/junit-4.12-hamcrest-1.3.jar:/work/Math_89f/target/classes:/work/Math_89f/target/test-classes -Dcriterion=LINE:BRANCH:EXCEPTION -Dsearch_budget=120 -seed 1 -Dtest_dir=/work/evo_out/Math_89f/budget120_seed1/tests -Dreport_dir=/work/evo_out/Math_89f/budget120_seed1/report
* EvoSuite 1.2.0
* Going to generate test cases for class: org.apache.commons.math.stat.Frequency
* Starting Client-0
* Connecting to master process on port 9922
* Analyzing classpath: 
  - /opt/defects4j/framework/projects/lib/junit-4.12-hamcrest-1.3.jar
  - /work/Math_89f/target/classes
  - /work/Math_89f/target/test-classes
* Finished analyzing classpath
* Generating tests for class org.apache.commons.math.stat.Frequency
* Test criteria:
  - Line Coverage
  - Branch Coverage
  - Exception
* Setting up search algorithm for whole suite generation
* Total number of test goals: 
  - Line 110
  - Branch 55
  - Exception 0

[Progress:>                             0%] [Cov:>                                  0%]* Using seed 1
* Starting evolution

[Progress:>                             0%] [Cov:=========>                         28%]
[Progress:>                             0%] [Cov:====================>              58%]
[Progress:>                             0%] [Cov:================================>  92%]
[Progress:>                             0%] [Cov:================================>  94%]
[Progress:>                             0%] [Cov:==================================>99%]
[Progress:>                             1%] [Cov:=======>                           21%]
[Progress:>                             1%] [Cov:===============>                   43%]
[Progress:>                             1%] [Cov:==========================>        76%]
[Progress:>                             1%] [Cov:============================>      81%]
[Progress:>                             1%] [Cov:==============================>    87%]
[Progress:>                             1%] [Cov:===============================>   90%]
[Progress:>                             1%] [Cov:================================>  93%]
[Progress:>                             1%] [Cov:==================================>99%]
[Progress:>                             1%] [Cov:==================================>99%]
[Progress:>                             1%] [Cov:==================================>99%]
[Progress:>                             2%] [Cov:==================================>99%]
[Progress:>                             2%] [Cov:==================================>99%]
[Progress:>                             2%] [Cov:==================================>99%]
[Progress:>                             2%] [Cov:==================================>99%]
[Progress:>                             2%] [Cov:==================================>99%]
[Progress:>                             2%] [Cov:==================================>99%]
[Progress:>                             2%] [Cov:==================================>99%]
[Progress:>                             3%] [Cov:==================================>99%]
[Progress:>                             3%] [Cov:==================================>99%]
[Progress:>                             3%] [Cov:==================================>99%]
[Progress:>                             3%] [Cov:==================================>99%]
[Progress:>                             3%] [Cov:==================================>99%]
[Progress:>                             3%] [Cov:==================================>99%]
[Progress:>                             3%] [Cov:==================================>99%]
[Progress:>                             3%] [Cov:==================================>99%]
[Progress:>                             3%] [Cov:==================================>99%]
[Progress:=>                            4%] [Cov:==================================>99%]
[Progress:=>                            4%] [Cov:==================================>99%]
[Progress:=>                            4%] [Cov:==================================>99%]
[Progress:=>                            4%] [Cov:==================================>99%]
[Progress:=>                            4%] [Cov:===================================100%]
[Progress:=>                            4%] [Cov:===================================100%]
* Search finished after 6s and 20 generations, 17170 statements, best individual has fitness: 0.07142857142857142
* Minimizing test suite
* Going to analyze the coverage criteria
* Coverage analysis for criterion LINE
* Coverage of criterion LINE: 100%
* Total number of goals: 110
* Number of covered goals: 110
* Coverage analysis for criterion BRANCH
* Coverage of criterion BRANCH: 100%
* Total number of goals: 55
* Number of covered goals: 55
* Coverage analysis for criterion EXCEPTION
* Coverage of criterion EXCEPTION: 100%
* Total number of goals: 13
* Number of covered goals: 13
* Generated 32 tests with total length 101
* Resulting test suite's coverage: 100% (average coverage for all fitness functions)
* Generating assertions
* Resulting test suite's mutation score: 61%
* Compiling and checking tests
* Writing tests to file
* Writing JUnit test case 'Frequency_ESTest' to /work/evo_out/Math_89f/budget120_seed1/tests
* Done!

* Computation finished

[exit=0 timeout=False time=17.5s]

$ javac -nowarn -cp /work/Math_89f/target/classes:/opt/defects4j/framework/projects/lib/junit-4.12-hamcrest-1.3.jar:/work/Math_89f/target/classes:/work/Math_89f/target/test-classes:/opt/evosuite/evosuite-standalone-runtime-1.2.0.jar -d /work/evo_out/Math_89f/budget120_seed1/classes /work/evo_out/Math_89f/budget120_seed1/tests/org/apache/commons/math/stat/Frequency_ESTest.java /work/evo_out/Math_89f/budget120_seed1/tests/org/apache/commons/math/stat/Frequency_ESTest_scaffolding.java
Note: /work/evo_out/Math_89f/budget120_seed1/tests/org/apache/commons/math/stat/Frequency_ESTest.java uses or overrides a deprecated API.
Note: Recompile with -Xlint:deprecation for details.
Note: /work/evo_out/Math_89f/budget120_seed1/tests/org/apache/commons/math/stat/Frequency_ESTest.java uses unchecked or unsafe operations.
Note: Recompile with -Xlint:unchecked for details.

[exit=0 timeout=False time=0.8s]

$ java -jar /opt/jacoco/lib/jacococli.jar instrument /work/Math_89f/target/classes --dest /work/evo_out/Math_89f/budget120_seed1/instrumented
[INFO] 387 classes instrumented to /work/evo_out/Math_89f/budget120_seed1/instrumented.

[exit=0 timeout=False time=0.5s]

$ java -Djacoco-agent.destfile=/workspace/EvoSuite/Result_Round2/Math_89/budget120_seed1/jacoco.exec -cp /work/evo_out/Math_89f/budget120_seed1/instrumented:/work/evo_out/Math_89f/budget120_seed1/classes:/opt/defects4j/framework/projects/lib/junit-4.12-hamcrest-1.3.jar:/work/Math_89f/target/classes:/work/Math_89f/target/test-classes:/opt/evosuite/evosuite-standalone-runtime-1.2.0.jar:/opt/jacoco/lib/jacocoagent.jar org.junit.runner.JUnitCore org.apache.commons.math.stat.Frequency_ESTest
JUnit version 4.12
................................
Time: 0.935

OK (32 tests)

SLF4J: Failed to load class "org.slf4j.impl.StaticLoggerBinder".
SLF4J: Defaulting to no-operation (NOP) logger implementation
SLF4J: See http://www.slf4j.org/codes.html#StaticLoggerBinder for further details.
WARNING: An illegal reflective access operation has occurred
WARNING: Illegal reflective access by org.evosuite.runtime.GuiSupport (file:/opt/evosuite/evosuite-standalone-runtime-1.2.0.jar) to field java.awt.GraphicsEnvironment.headless
WARNING: Please consider reporting this to the maintainers of org.evosuite.runtime.GuiSupport
WARNING: Use --illegal-access=warn to enable warnings of further illegal reflective access operations
WARNING: All illegal access operations will be denied in a future release

[exit=0 timeout=False time=1.2s]

$ java -jar /opt/jacoco/lib/jacococli.jar report /workspace/EvoSuite/Result_Round2/Math_89/budget120_seed1/jacoco.exec --classfiles /work/Math_89f/target/classes --csv /workspace/EvoSuite/Result_Round2/Math_89/budget120_seed1/jacoco.csv
[INFO] Loading execution data file /workspace/EvoSuite/Result_Round2/Math_89/budget120_seed1/jacoco.exec.
[INFO] Analyzing 288 classes.

[exit=0 timeout=False time=0.5s]

$ java -cp /work/evo_out/Math_89f/budget120_seed1/classes:/opt/defects4j/framework/projects/lib/junit-4.12-hamcrest-1.3.jar:/work/Math_89b/target/classes:/work/Math_89b/target/test-classes:/opt/evosuite/evosuite-standalone-runtime-1.2.0.jar org.junit.runner.JUnitCore org.apache.commons.math.stat.Frequency_ESTest
JUnit version 4.12
......E..........................
Time: 0.848
There was 1 failure:
1) test20(org.apache.commons.math.stat.Frequency_ESTest)
java.lang.ClassCastException: class java.lang.Object cannot be cast to class java.lang.Comparable (java.lang.Object and java.lang.Comparable are in module java.base of loader 'bootstrap')
	at org.apache.commons.math.stat.Frequency.addValue(Frequency.java:110)
	at org.apache.commons.math.stat.Frequency_ESTest.test20(Frequency_ESTest.java:309)
	at java.base/jdk.internal.reflect.NativeMethodAccessorImpl.invoke0(Native Method)
	at java.base/jdk.internal.reflect.NativeMethodAccessorImpl.invoke(NativeMethodAccessorImpl.java:62)
	at java.base/jdk.internal.reflect.DelegatingMethodAccessorImpl.invoke(DelegatingMethodAccessorImpl.java:43)
	at java.base/java.lang.reflect.Method.invoke(Method.java:566)
	at org.junit.runners.model.FrameworkMethod$1.runReflectiveCall(FrameworkMethod.java:50)
	at org.junit.internal.runners.model.ReflectiveCallable.run(ReflectiveCallable.java:12)
	at org.junit.runners.model.FrameworkMethod.invokeExplosively(FrameworkMethod.java:47)
	at org.junit.internal.runners.statements.InvokeMethod.evaluate(InvokeMethod.java:17)
	at org.junit.internal.runners.statements.FailOnTimeout$CallableStatement.call(FailOnTimeout.java:298)
	at org.junit.internal.runners.statements.FailOnTimeout$CallableStatement.call(FailOnTimeout.java:292)
	at java.base/java.util.concurrent.FutureTask.run(FutureTask.java:264)
	at java.base/java.lang.Thread.run(Thread.java:829)

FAILURES!!!
Tests run: 32,  Failures: 1

SLF4J: Failed to load class "org.slf4j.impl.StaticLoggerBinder".
SLF4J: Defaulting to no-operation (NOP) logger implementation
SLF4J: See http://www.slf4j.org/codes.html#StaticLoggerBinder for further details.
WARNING: An illegal reflective access operation has occurred
WARNING: Illegal reflective access by org.evosuite.runtime.GuiSupport (file:/opt/evosuite/evosuite-standalone-runtime-1.2.0.jar) to field java.awt.GraphicsEnvironment.headless
WARNING: Please consider reporting this to the maintainers of org.evosuite.runtime.GuiSupport
WARNING: Use --illegal-access=warn to enable warnings of further illegal reflective access operations
WARNING: All illegal access operations will be denied in a future release

[exit=1 timeout=False time=1.1s]
