
$ defects4j checkout -p Lang -v 57f -w /work/Lang_57f
Checking out cf20d13c to /work/Lang_57f.................................... OK
Init local repository...................................................... OK
Tag post-fix revision...................................................... OK
Apply patch................................................................ OK
Apply patch................................................................ OK
Apply patch................................................................ OK
Apply patch................................................................ OK
Apply patch................................................................ OK
Rename enum package in src................................................. OK
Move enum package in src................................................... OK
Rename enum package in test................................................ OK
Move enum package in test.................................................. OK
Run post-checkout hook..................................................... OK
Excluding broken/flaky tests............................................... OK
Excluding broken/flaky tests............................................... OK
Excluding broken/flaky tests............................................... OK
Backing up build file: /work/Lang_57f/project.properties................... OK
Backing up build file: /work/Lang_57f/default.properties................... OK
Initialize fixed program version........................................... OK
Apply patch................................................................ OK
Initialize buggy program version........................................... OK
Diff cf20d13c:848a8144..................................................... OK
Apply patch................................................................ OK
Tag pre-fix revision....................................................... OK
Check out program version: Lang-57f........................................ OK

[exit=0 timeout=False time=3.7s]

$ defects4j compile -w /work/Lang_57f
Running ant (compile)...................................................... OK
Running ant (compile.tests)................................................ OK

[exit=0 timeout=False time=6.1s]

$ defects4j checkout -p Lang -v 57b -w /work/Lang_57b
Checking out cf20d13c to /work/Lang_57b.................................... OK
Init local repository...................................................... OK
Tag post-fix revision...................................................... OK
Apply patch................................................................ OK
Apply patch................................................................ OK
Apply patch................................................................ OK
Apply patch................................................................ OK
Apply patch................................................................ OK
Rename enum package in src................................................. OK
Move enum package in src................................................... OK
Rename enum package in test................................................ OK
Move enum package in test.................................................. OK
Run post-checkout hook..................................................... OK
Excluding broken/flaky tests............................................... OK
Excluding broken/flaky tests............................................... OK
Excluding broken/flaky tests............................................... OK
Backing up build file: /work/Lang_57b/project.properties................... OK
Backing up build file: /work/Lang_57b/default.properties................... OK
Initialize fixed program version........................................... OK
Apply patch................................................................ OK
Initialize buggy program version........................................... OK
Diff cf20d13c:848a8144..................................................... OK
Apply patch................................................................ OK
Tag pre-fix revision....................................................... OK
Check out program version: Lang-57b........................................ OK

[exit=0 timeout=False time=3.7s]

$ defects4j compile -w /work/Lang_57b
Running ant (compile)...................................................... OK
Running ant (compile.tests)................................................ OK

[exit=0 timeout=False time=5.8s]

$ java -jar /opt/evosuite/evosuite-1.2.0.jar -generateSuite -class org.apache.commons.lang.LocaleUtils -projectCP /work/Lang_57f/target/classes:/work/Lang_57f/target/classes -Dcriterion=LINE:BRANCH:EXCEPTION -Dsearch_budget=60 -seed 1 -Dtest_dir=/work/evo_out/Lang_57f/budget60_seed1/tests -Dreport_dir=/work/evo_out/Lang_57f/budget60_seed1/report
* EvoSuite 1.2.0
* Going to generate test cases for class: org.apache.commons.lang.LocaleUtils
* Starting Client-0
* Connecting to master process on port 9922
* Analyzing classpath: 
  - /work/Lang_57f/target/classes
  - /work/Lang_57f/target/classes
[MASTER] 07:26:57.920 [logback-1] WARN  InheritanceTree - Class not in inheritance graph: java.util.Locale$IsoCountryCode
* Finished analyzing classpath
* Generating tests for class org.apache.commons.lang.LocaleUtils
* Test criteria:
  - Line Coverage
  - Branch Coverage
  - Exception
* Setting up search algorithm for whole suite generation
* Total number of test goals: 
  - Line 74
  - Branch 71

[Progress:>                             0%] [Cov:>                                  0%]  - Exception 0
* Using seed 1
* Starting evolution
[MASTER] 07:26:58.061 [logback-1] WARN  TestCluster - Failed to check cache for java.util.LinkedList<E> : Type points to itself
[MASTER] 07:26:58.591 [logback-1] WARN  TestCluster - Failed to check cache for java.util.List<E> : Type points to itself

[Progress:>                             1%] [Cov:=========>                         26%]
[Progress:>                             1%] [Cov:===============>                   45%]
[Progress:>                             1%] [Cov:===========================>       79%]
[Progress:>                             1%] [Cov:=============================>     83%]
[Progress:>                             3%] [Cov:=======>                           22%]
[Progress:>                             3%] [Cov:============>                      37%]
[Progress:>                             3%] [Cov:========================>          70%]
[Progress:>                             3%] [Cov:========================>          71%]
[Progress:>                             3%] [Cov:==========================>        77%]
[Progress:>                             3%] [Cov:===========================>       79%]
[Progress:>                             3%] [Cov:============================>      81%]
[Progress:>                             3%] [Cov:=============================>     83%]
[Progress:>                             3%] [Cov:==============================>    87%]
[Progress:>                             3%] [Cov:==============================>    87%]
[Progress:=>                            5%] [Cov:==============================>    87%]
[Progress:=>                            5%] [Cov:==============================>    87%]
[Progress:=>                            5%] [Cov:==============================>    88%]
[Progress:=>                            5%] [Cov:==============================>    88%]
[Progress:=>                            5%] [Cov:==============================>    88%]
[Progress:=>                            5%] [Cov:==============================>    88%]
[Progress:=>                            5%] [Cov:==============================>    88%]
[Progress:=>                            5%] [Cov:==============================>    88%]
[Progress:=>                            6%] [Cov:==============================>    88%]
[Progress:=>                            6%] [Cov:==============================>    88%]
[Progress:=>                            6%] [Cov:==============================>    88%]
[Progress:=>                            6%] [Cov:==============================>    88%]
[Progress:=>                            6%] [Cov:==============================>    88%]
[Progress:=>                            6%] [Cov:==============================>    88%]
[Progress:=>                            6%] [Cov:==============================>    88%]
[Progress:==>                           8%] [Cov:==============================>    88%]
[Progress:==>                           8%] [Cov:==============================>    88%]
[Progress:==>                           8%] [Cov:==============================>    88%]
[Progress:==>                           8%] [Cov:==============================>    88%]
[Progress:==>                           8%] [Cov:==============================>    88%]
[Progress:==>                           8%] [Cov:==============================>    88%]
[Progress:==>                           8%] [Cov:==============================>    88%]
[Progress:==>                           8%] [Cov:==============================>    88%]
[Progress:===>                          10%] [Cov:==============================>    88%]
[Progress:===>                          10%] [Cov:==============================>    88%]
[Progress:===>                          10%] [Cov:==============================>    88%]
[Progress:===>                          10%] [Cov:==============================>    88%]
[Progress:===>                          10%] [Cov:==============================>    88%]
[Progress:===>                          10%] [Cov:==============================>    88%]
[Progress:===>                          10%] [Cov:==============================>    88%]
[Progress:===>                          10%] [Cov:==============================>    88%]
[Progress:===>                          11%] [Cov:==============================>    88%]
[Progress:===>                          11%] [Cov:==============================>    88%]
[Progress:===>                          11%] [Cov:==============================>    88%]
[Progress:===>                          11%] [Cov:==============================>    88%]
[Progress:===>                          11%] [Cov:==============================>    88%]
[Progress:===>                          11%] [Cov:==============================>    88%]
[Progress:===>                          11%] [Cov:==============================>    88%]
[Progress:===>                          11%] [Cov:==============================>    88%]
[Progress:===>                          11%] [Cov:==============================>    88%]
[Progress:===>                          13%] [Cov:==============================>    88%]
[Progress:===>                          13%] [Cov:==============================>    88%]
[Progress:===>                          13%] [Cov:==============================>    88%]
[Progress:===>                          13%] [Cov:==============================>    88%]
[Progress:===>                          13%] [Cov:==============================>    88%]
[Progress:===>                          13%] [Cov:==============================>    88%]
[Progress:===>                          13%] [Cov:==============================>    88%]
[Progress:===>                          13%] [Cov:==============================>    88%]
[Progress:===>                          13%] [Cov:==============================>    88%]
[Progress:====>                         15%] [Cov:==============================>    88%]
[Progress:====>                         15%] [Cov:==============================>    88%]
[Progress:====>                         15%] [Cov:==============================>    88%]
[Progress:====>                         15%] [Cov:==============================>    88%]
[Progress:====>                         15%] [Cov:==============================>    88%]
[Progress:====>                         15%] [Cov:==============================>    88%]
[Progress:====>                         15%] [Cov:==============================>    88%]
[Progress:====>                         15%] [Cov:==============================>    88%]
[Progress:====>                         15%] [Cov:==============================>    88%]
[Progress:====>                         16%] [Cov:==============================>    88%]
[Progress:====>                         16%] [Cov:==============================>    88%]
[Progress:====>                         16%] [Cov:==============================>    88%]
[Progress:====>                         16%] [Cov:==============================>    88%]
[Progress:====>                         16%] [Cov:==============================>    88%]
[Progress:====>                         16%] [Cov:==============================>    88%]
[Progress:====>                         16%] [Cov:==============================>    88%]
[Progress:====>                         16%] [Cov:==============================>    88%]
[Progress:====>                         16%] [Cov:==============================>    88%]
[Progress:====>                         16%] [Cov:==============================>    88%]
[Progress:=====>                        18%] [Cov:==============================>    88%]
[Progress:=====>                        18%] [Cov:==============================>    88%]
[Progress:=====>                        18%] [Cov:==============================>    88%]
[Progress:=====>                        18%] [Cov:==============================>    88%]
[Progress:=====>                        18%] [Cov:==============================>    88%]
[Progress:=====>                        18%] [Cov:==============================>    88%]
[Progress:=====>                        18%] [Cov:==============================>    88%]
[Progress:=====>                        18%] [Cov:==============================>    88%]
[Progress:=====>                        18%] [Cov:==============================>    88%]
[Progress:=====>                        18%] [Cov:==============================>    88%]
[Progress:=====>                        18%] [Cov:==============================>    88%]
[Progress:======>                       20%] [Cov:==============================>    88%]
[Progress:======>                       20%] [Cov:==============================>    88%]
[Progress:======>                       20%] [Cov:==============================>    88%]
[Progress:======>                       20%] [Cov:==============================>    88%]
[Progress:======>                       20%] [Cov:==============================>    88%]
[Progress:======>                       20%] [Cov:==============================>    88%]
[Progress:======>                       20%] [Cov:==============================>    88%]
[Progress:======>                       20%] [Cov:==============================>    88%]
[Progress:======>                       20%] [Cov:==============================>    88%]
[Progress:======>                       20%] [Cov:==============================>    88%]
[Progress:======>                       20%] [Cov:==============================>    88%]
[Progress:======>                       21%] [Cov:==============================>    88%]
[Progress:======>                       21%] [Cov:==============================>    88%]
[Progress:======>                       21%] [Cov:==============================>    88%]
[Progress:======>                       21%] [Cov:==============================>    88%]
[Progress:======>                       21%] [Cov:==============================>    88%]
[Progress:======>                       21%] [Cov:==============================>    88%]
[Progress:======>                       21%] [Cov:==============================>    88%]
[Progress:======>                       21%] [Cov:==============================>    88%]
[Progress:======>                       21%] [Cov:==============================>    88%]
[Progress:======>                       21%] [Cov:==============================>    88%]
[Progress:======>                       21%] [Cov:==============================>    88%]
[Progress:======>                       21%] [Cov:==============================>    88%]
[Progress:======>                       23%] [Cov:==============================>    88%]
[Progress:======>                       23%] [Cov:==============================>    88%]
[Progress:======>                       23%] [Cov:==============================>    88%]
[Progress:======>                       23%] [Cov:==============================>    88%]
[Progress:======>                       23%] [Cov:==============================>    88%]
[Progress:======>                       23%] [Cov:==============================>    88%]
[Progress:======>                       23%] [Cov:==============================>    88%]
[Progress:======>                       23%] [Cov:==============================>    88%]
[Progress:======>                       23%] [Cov:==============================>    88%]
[Progress:======>                       23%] [Cov:==============================>    88%]
[Progress:======>                       23%] [Cov:==============================>    88%]
[Progress:=======>                      25%] [Cov:==============================>    88%]
[Progress:=======>                      25%] [Cov:==============================>    88%]
[Progress:=======>                      25%] [Cov:==============================>    88%]
[Progress:=======>                      25%] [Cov:==============================>    88%]
[Progress:=======>                      25%] [Cov:==============================>    88%]
[Progress:=======>                      25%] [Cov:==============================>    88%]
[Progress:=======>                      25%] [Cov:==============================>    88%]
[Progress:=======>                      25%] [Cov:==============================>    88%]
[Progress:=======>                      25%] [Cov:==============================>    88%]
[Progress:=======>                      25%] [Cov:==============================>    88%]
[Progress:=======>                      25%] [Cov:==============================>    88%]
[Progress:=======>                      26%] [Cov:==============================>    88%]
[Progress:=======>                      26%] [Cov:==============================>    88%]
[Progress:=======>                      26%] [Cov:==============================>    88%]
[Progress:=======>                      26%] [Cov:==============================>    88%]
[Progress:=======>                      26%] [Cov:==============================>    88%]
[Progress:=======>                      26%] [Cov:===============================>   90%]
[Progress:=======>                      26%] [Cov:================================>  93%]
[Progress:=======>                      26%] [Cov:================================>  93%]
[Progress:=======>                      26%] [Cov:================================>  93%]
[Progress:=======>                      26%] [Cov:================================>  93%]
[Progress:=======>                      26%] [Cov:================================>  93%]
[Progress:=======>                      26%] [Cov:================================>  93%]
[Progress:=======>                      26%] [Cov:================================>  93%]
[Progress:=======>                      26%] [Cov:================================>  93%]
[Progress:=======>                      26%] [Cov:================================>  93%]
[Progress:========>                     28%] [Cov:================================>  93%]
[Progress:========>                     28%] [Cov:================================>  93%]
[Progress:========>                     28%] [Cov:================================>  93%]
[Progress:========>                     28%] [Cov:================================>  93%]
[Progress:========>                     28%] [Cov:================================>  93%]
[Progress:========>                     28%] [Cov:================================>  93%]
[Progress:========>                     28%] [Cov:================================>  93%]
[Progress:========>                     28%] [Cov:================================>  93%]
[Progress:========>                     28%] [Cov:================================>  93%]
[Progress:========>                     28%] [Cov:================================>  93%]
[Progress:========>                     28%] [Cov:================================>  93%]
[Progress:========>                     28%] [Cov:================================>  93%]
[Progress:=========>                    30%] [Cov:================================>  93%]
[Progress:=========>                    30%] [Cov:================================>  93%]
[Progress:=========>                    30%] [Cov:================================>  93%]
[Progress:=========>                    30%] [Cov:================================>  93%]
[Progress:=========>                    30%] [Cov:================================>  93%]
[Progress:=========>                    30%] [Cov:================================>  93%]
[Progress:=========>                    30%] [Cov:================================>  93%]
[Progress:=========>                    30%] [Cov:================================>  93%]
[Progress:=========>                    30%] [Cov:================================>  93%]
[Progress:=========>                    30%] [Cov:================================>  93%]
[Progress:=========>                    30%] [Cov:================================>  93%]
[Progress:=========>                    30%] [Cov:================================>  93%]
[Progress:=========>                    31%] [Cov:================================>  93%]
[Progress:=========>                    31%] [Cov:================================>  93%]
[Progress:=========>                    31%] [Cov:================================>  93%]
[Progress:=========>                    31%] [Cov:================================>  93%]
[Progress:=========>                    31%] [Cov:================================>  93%]
[Progress:=========>                    31%] [Cov:================================>  93%]
[Progress:=========>                    31%] [Cov:================================>  93%]
[Progress:=========>                    31%] [Cov:================================>  93%]
[Progress:=========>                    31%] [Cov:================================>  93%]
[Progress:=========>                    31%] [Cov:================================>  93%]
[Progress:=========>                    31%] [Cov:================================>  93%]
[Progress:=========>                    33%] [Cov:================================>  93%]
[Progress:=========>                    33%] [Cov:================================>  93%]
[Progress:=========>                    33%] [Cov:================================>  93%]
[Progress:=========>                    33%] [Cov:================================>  93%]
[Progress:=========>                    33%] [Cov:================================>  93%]
[Progress:=========>                    33%] [Cov:================================>  93%]
[Progress:=========>                    33%] [Cov:================================>  93%]
[Progress:=========>                    33%] [Cov:================================>  93%]
[Progress:=========>                    33%] [Cov:================================>  93%]
[Progress:=========>                    33%] [Cov:================================>  93%]
[Progress:=========>                    33%] [Cov:================================>  93%]
[Progress:=========>                    33%] [Cov:================================>  93%]
[Progress:=========>                    33%] [Cov:================================>  93%]
[Progress:==========>                   35%] [Cov:================================>  93%]
[Progress:==========>                   35%] [Cov:================================>  93%]
[Progress:==========>                   35%] [Cov:================================>  93%]
[Progress:==========>                   35%] [Cov:================================>  93%]
[Progress:==========>                   35%] [Cov:================================>  93%]
[Progress:==========>                   35%] [Cov:================================>  93%]
[Progress:==========>                   35%] [Cov:================================>  93%]
[Progress:==========>                   35%] [Cov:================================>  93%]
[Progress:==========>                   35%] [Cov:================================>  93%]
[Progress:==========>                   35%] [Cov:================================>  93%]
[Progress:==========>                   35%] [Cov:================================>  93%]
[Progress:==========>                   35%] [Cov:================================>  93%]
[Progress:==========>                   36%] [Cov:================================>  93%]
[Progress:==========>                   36%] [Cov:================================>  93%]
[Progress:==========>                   36%] [Cov:================================>  93%]
[Progress:==========>                   36%] [Cov:================================>  93%]
[Progress:==========>                   36%] [Cov:================================>  93%]
[Progress:==========>                   36%] [Cov:================================>  93%]
[Progress:==========>                   36%] [Cov:================================>  93%]
[Progress:==========>                   36%] [Cov:================================>  93%]
[Progress:==========>                   36%] [Cov:================================>  93%]
[Progress:==========>                   36%] [Cov:================================>  93%]
[Progress:==========>                   36%] [Cov:================================>  93%]
[Progress:==========>                   36%] [Cov:================================>  93%]
[Progress:===========>                  38%] [Cov:================================>  93%]
[Progress:===========>                  38%] [Cov:================================>  93%]
[Progress:===========>                  38%] [Cov:================================>  93%]
[Progress:===========>                  38%] [Cov:================================>  93%]
[Progress:===========>                  38%] [Cov:================================>  93%]
[Progress:===========>                  38%] [Cov:================================>  93%]
[Progress:===========>                  38%] [Cov:================================>  93%]
[Progress:===========>                  38%] [Cov:================================>  93%]
[Progress:===========>                  38%] [Cov:================================>  93%]
[Progress:===========>                  38%] [Cov:================================>  93%]
[Progress:===========>                  38%] [Cov:================================>  93%]
[Progress:===========>                  38%] [Cov:================================>  93%]
[Progress:===========>                  38%] [Cov:================================>  93%]
[Progress:===========>                  38%] [Cov:================================>  93%]
[Progress:============>                 40%] [Cov:================================>  93%]
[Progress:============>                 40%] [Cov:================================>  93%]
[Progress:============>                 40%] [Cov:================================>  93%]
[Progress:============>                 40%] [Cov:================================>  93%]
[Progress:============>                 40%] [Cov:================================>  93%]
[Progress:============>                 40%] [Cov:================================>  93%]
[Progress:============>                 40%] [Cov:================================>  93%]
[Progress:============>                 40%] [Cov:================================>  93%]
[Progress:============>                 40%] [Cov:================================>  94%]
[Progress:============>                 40%] [Cov:================================>  94%]
[Progress:============>                 40%] [Cov:================================>  94%]
[Progress:============>                 40%] [Cov:================================>  94%]
[Progress:============>                 40%] [Cov:================================>  94%]
[Progress:============>                 40%] [Cov:================================>  94%]
[Progress:============>                 40%] [Cov:================================>  94%]
[Progress:============>                 41%] [Cov:================================>  94%]
[Progress:============>                 41%] [Cov:================================>  94%]
[Progress:============>                 41%] [Cov:================================>  94%]
[Progress:============>                 41%] [Cov:================================>  94%]
[Progress:============>                 41%] [Cov:================================>  94%]
[Progress:============>                 41%] [Cov:================================>  94%]
[Progress:============>                 41%] [Cov:================================>  94%]
[Progress:============>                 41%] [Cov:================================>  94%]
[Progress:============>                 41%] [Cov:================================>  94%]
[Progress:============>                 41%] [Cov:================================>  94%]
[Progress:============>                 41%] [Cov:================================>  94%]
[Progress:============>                 41%] [Cov:================================>  94%]
[Progress:============>                 41%] [Cov:================================>  94%]
[Progress:============>                 41%] [Cov:================================>  94%]
[Progress:============>                 43%] [Cov:================================>  94%]
[Progress:============>                 43%] [Cov:================================>  94%]
[Progress:============>                 43%] [Cov:================================>  94%]
[Progress:============>                 43%] [Cov:================================>  94%]
[Progress:============>                 43%] [Cov:================================>  94%]
[Progress:============>                 43%] [Cov:================================>  94%]
[Progress:============>                 43%] [Cov:================================>  94%]
[Progress:============>                 43%] [Cov:================================>  94%]
[Progress:============>                 43%] [Cov:================================>  94%]
[Progress:============>                 43%] [Cov:================================>  94%]
[Progress:============>                 43%] [Cov:================================>  94%]
[Progress:============>                 43%] [Cov:================================>  94%]
[Progress:============>                 43%] [Cov:================================>  94%]
[Progress:============>                 43%] [Cov:================================>  94%]
[Progress:=============>                45%] [Cov:================================>  94%]
[Progress:=============>                45%] [Cov:================================>  94%]
[Progress:=============>                45%] [Cov:================================>  94%]
[Progress:=============>                45%] [Cov:================================>  94%]
[Progress:=============>                45%] [Cov:================================>  94%]
[Progress:=============>                45%] [Cov:================================>  94%]
[Progress:=============>                45%] [Cov:================================>  94%]
[Progress:=============>                45%] [Cov:================================>  94%]
[Progress:=============>                45%] [Cov:================================>  94%]
[Progress:=============>                45%] [Cov:================================>  94%]
[Progress:=============>                45%] [Cov:================================>  94%]
[Progress:=============>                45%] [Cov:================================>  94%]
[Progress:=============>                45%] [Cov:================================>  94%]
[Progress:=============>                46%] [Cov:================================>  94%]
[Progress:=============>                46%] [Cov:================================>  94%]
[Progress:=============>                46%] [Cov:================================>  94%]
[Progress:=============>                46%] [Cov:================================>  94%]
[Progress:=============>                46%] [Cov:================================>  94%]
[Progress:=============>                46%] [Cov:================================>  94%]
[Progress:=============>                46%] [Cov:================================>  94%]
[Progress:=============>                46%] [Cov:================================>  94%]
[Progress:=============>                46%] [Cov:================================>  94%]
[Progress:=============>                46%] [Cov:================================>  94%]
[Progress:=============>                46%] [Cov:================================>  94%]
[Progress:=============>                46%] [Cov:================================>  94%]
[Progress:=============>                46%] [Cov:================================>  94%]
[Progress:=============>                46%] [Cov:================================>  94%]
[Progress:=============>                46%] [Cov:================================>  94%]
[Progress:==============>               48%] [Cov:================================>  94%]
[Progress:==============>               48%] [Cov:================================>  94%]
[Progress:==============>               48%] [Cov:================================>  94%]
[Progress:==============>               48%] [Cov:================================>  94%]
[Progress:==============>               48%] [Cov:================================>  94%]
[Progress:==============>               48%] [Cov:================================>  94%]
[Progress:==============>               48%] [Cov:================================>  94%]
[Progress:==============>               48%] [Cov:================================>  94%]
[Progress:==============>               48%] [Cov:================================>  94%]
[Progress:==============>               48%] [Cov:================================>  94%]
[Progress:==============>               48%] [Cov:================================>  94%]
[Progress:==============>               48%] [Cov:================================>  94%]
[Progress:==============>               48%] [Cov:================================>  94%]
[Progress:==============>               48%] [Cov:================================>  94%]
[Progress:==============>               48%] [Cov:================================>  94%]
[Progress:===============>              50%] [Cov:================================>  94%]
[Progress:===============>              50%] [Cov:================================>  94%]
[Progress:===============>              50%] [Cov:================================>  94%]
[Progress:===============>              50%] [Cov:================================>  94%]
[Progress:===============>              50%] [Cov:================================>  94%]
[Progress:===============>              50%] [Cov:================================>  94%]
[Progress:===============>              50%] [Cov:================================>  94%]
[Progress:===============>              50%] [Cov:================================>  94%]
[Progress:===============>              50%] [Cov:================================>  94%]
[Progress:===============>              50%] [Cov:================================>  94%]
[Progress:===============>              50%] [Cov:================================>  94%]
[Progress:===============>              50%] [Cov:================================>  94%]
[Progress:===============>              50%] [Cov:================================>  94%]
[Progress:===============>              50%] [Cov:================================>  94%]
[Progress:===============>              50%] [Cov:================================>  94%]
[Progress:===============>              51%] [Cov:================================>  94%]
[Progress:===============>              51%] [Cov:================================>  94%]
[Progress:===============>              51%] [Cov:================================>  94%]
[Progress:===============>              51%] [Cov:================================>  94%]
[Progress:===============>              51%] [Cov:================================>  94%]
[Progress:===============>              51%] [Cov:================================>  94%]
[Progress:===============>              51%] [Cov:================================>  94%]
[Progress:===============>              51%] [Cov:================================>  94%]
[Progress:===============>              51%] [Cov:================================>  94%]
[Progress:===============>              51%] [Cov:================================>  94%]
[Progress:===============>              51%] [Cov:================================>  94%]
[Progress:===============>              51%] [Cov:================================>  94%]
[Progress:===============>              51%] [Cov:================================>  94%]
[Progress:===============>              51%] [Cov:================================>  94%]
[Progress:===============>              51%] [Cov:================================>  94%]
[Progress:===============>              53%] [Cov:================================>  94%]
[Progress:===============>              53%] [Cov:================================>  94%]
[Progress:===============>              53%] [Cov:================================>  94%]
[Progress:===============>              53%] [Cov:================================>  94%]
[Progress:===============>              53%] [Cov:================================>  94%]
[Progress:===============>              53%] [Cov:================================>  94%]
[Progress:===============>              53%] [Cov:================================>  94%]
[Progress:===============>              53%] [Cov:================================>  94%]
[Progress:===============>              53%] [Cov:================================>  94%]
[Progress:===============>              53%] [Cov:================================>  94%]
[Progress:===============>              53%] [Cov:================================>  94%]
[Progress:===============>              53%] [Cov:================================>  94%]
[Progress:===============>              53%] [Cov:================================>  94%]
[Progress:===============>              53%] [Cov:================================>  94%]
[Progress:===============>              53%] [Cov:================================>  94%]
[Progress:================>             55%] [Cov:================================>  94%]
[Progress:================>             55%] [Cov:================================>  94%]
[Progress:================>             55%] [Cov:================================>  94%]
[Progress:================>             55%] [Cov:================================>  94%]
[Progress:================>             55%] [Cov:================================>  94%]
[Progress:================>             55%] [Cov:================================>  94%]
[Progress:================>             55%] [Cov:================================>  94%]
[Progress:================>             55%] [Cov:================================>  94%]
[Progress:================>             55%] [Cov:================================>  94%]
[Progress:================>             55%] [Cov:================================>  94%]
[Progress:================>             55%] [Cov:================================>  94%]
[Progress:================>             55%] [Cov:================================>  94%]
[Progress:================>             55%] [Cov:================================>  94%]
[Progress:================>             55%] [Cov:================================>  94%]
[Progress:================>             55%] [Cov:================================>  94%]
[Progress:================>             56%] [Cov:================================>  94%]
[Progress:================>             56%] [Cov:================================>  94%]
[Progress:================>             56%] [Cov:================================>  94%]
[Progress:================>             56%] [Cov:================================>  94%]
[Progress:================>             56%] [Cov:================================>  94%]
[Progress:================>             56%] [Cov:================================>  94%]
[Progress:================>             56%] [Cov:================================>  94%]
[Progress:================>             56%] [Cov:================================>  94%]
[Progress:================>             56%] [Cov:================================>  94%]
[Progress:================>             56%] [Cov:================================>  94%]
[Progress:================>             56%] [Cov:================================>  94%]
[Progress:================>             56%] [Cov:================================>  94%]
[Progress:================>             56%] [Cov:================================>  94%]
[Progress:================>             56%] [Cov:================================>  94%]
[Progress:================>             56%] [Cov:================================>  94%]
[Progress:=================>            58%] [Cov:================================>  94%]
[Progress:=================>            58%] [Cov:================================>  94%]
[Progress:=================>            58%] [Cov:================================>  94%]
[Progress:=================>            58%] [Cov:================================>  94%]
[Progress:=================>            58%] [Cov:================================>  94%]
[Progress:=================>            58%] [Cov:================================>  94%]
[Progress:=================>            58%] [Cov:================================>  94%]
[Progress:=================>            58%] [Cov:================================>  94%]
[Progress:=================>            58%] [Cov:================================>  94%]
[Progress:=================>            58%] [Cov:================================>  94%]
[Progress:=================>            58%] [Cov:================================>  94%]
[Progress:=================>            58%] [Cov:================================>  94%]
[Progress:=================>            58%] [Cov:================================>  94%]
[Progress:=================>            58%] [Cov:================================>  94%]
[Progress:=================>            58%] [Cov:================================>  94%]
[Progress:=================>            58%] [Cov:================================>  94%]
[Progress:=================>            58%] [Cov:================================>  94%]
[Progress:==================>           60%] [Cov:================================>  94%]
[Progress:==================>           60%] [Cov:================================>  94%]
[Progress:==================>           60%] [Cov:================================>  94%]
[Progress:==================>           60%] [Cov:================================>  94%]
[Progress:==================>           60%] [Cov:================================>  94%]
[Progress:==================>           60%] [Cov:================================>  94%]
[Progress:==================>           60%] [Cov:================================>  94%]
[Progress:==================>           60%] [Cov:================================>  94%]
[Progress:==================>           60%] [Cov:================================>  94%]
[Progress:==================>           60%] [Cov:================================>  94%]
[Progress:==================>           60%] [Cov:================================>  94%]
[Progress:==================>           60%] [Cov:================================>  94%]
[Progress:==================>           60%] [Cov:================================>  94%]
[Progress:==================>           60%] [Cov:================================>  94%]
[Progress:==================>           60%] [Cov:================================>  94%]
[Progress:==================>           60%] [Cov:================================>  94%]
[Progress:==================>           60%] [Cov:=================================> 96%]
[Progress:==================>           60%] [Cov:=================================> 97%]
[Progress:==================>           61%] [Cov:================================>  94%]
[Progress:==================>           61%] [Cov:=================================> 97%]
[Progress:==================>           61%] [Cov:=================================> 97%]
[Progress:==================>           61%] [Cov:=================================> 97%]
[Progress:==================>           61%] [Cov:=================================> 97%]
[Progress:==================>           61%] [Cov:=================================> 97%]
[Progress:==================>           61%] [Cov:=================================> 97%]
[Progress:==================>           61%] [Cov:=================================> 97%]
[Progress:==================>           61%] [Cov:=================================> 97%]
[Progress:==================>           61%] [Cov:=================================> 97%]
[Progress:==================>           61%] [Cov:=================================> 97%]
[Progress:==================>           61%] [Cov:=================================> 97%]
[Progress:==================>           61%] [Cov:=================================> 97%]
[Progress:==================>           61%] [Cov:=================================> 97%]
[Progress:==================>           61%] [Cov:=================================> 97%]
[Progress:==================>           61%] [Cov:=================================> 97%]
[Progress:==================>           61%] [Cov:=================================> 97%]
[Progress:==================>           63%] [Cov:=================================> 97%]
[Progress:==================>           63%] [Cov:=================================> 97%]
[Progress:==================>           63%] [Cov:=================================> 97%]
[Progress:==================>           63%] [Cov:=================================> 97%]
[Progress:==================>           63%] [Cov:=================================> 97%]
[Progress:==================>           63%] [Cov:=================================> 97%]
[Progress:==================>           63%] [Cov:=================================> 97%]
[Progress:==================>           63%] [Cov:=================================> 97%]
[Progress:==================>           63%] [Cov:=================================> 97%]
[Progress:==================>           63%] [Cov:=================================> 97%]
[Progress:==================>           63%] [Cov:=================================> 97%]
[Progress:==================>           63%] [Cov:=================================> 97%]
[Progress:==================>           63%] [Cov:=================================> 97%]
[Progress:==================>           63%] [Cov:=================================> 97%]
[Progress:==================>           63%] [Cov:=================================> 97%]
[Progress:==================>           63%] [Cov:=================================> 97%]
[Progress:==================>           63%] [Cov:=================================> 97%]
[Progress:==================>           63%] [Cov:=================================> 97%]
[Progress:===================>          65%] [Cov:=================================> 97%]
[Progress:===================>          65%] [Cov:=================================> 97%]
[Progress:===================>          65%] [Cov:=================================> 97%]
[Progress:===================>          65%] [Cov:=================================> 97%]
[Progress:===================>          65%] [Cov:=================================> 97%]
[Progress:===================>          65%] [Cov:=================================> 97%]
[Progress:===================>          65%] [Cov:=================================> 97%]
[Progress:===================>          65%] [Cov:=================================> 97%]
[Progress:===================>          65%] [Cov:=================================> 97%]
[Progress:===================>          65%] [Cov:=================================> 97%]
[Progress:===================>          65%] [Cov:=================================> 97%]
[Progress:===================>          65%] [Cov:=================================> 97%]
[Progress:===================>          65%] [Cov:=================================> 97%]
[Progress:===================>          65%] [Cov:=================================> 97%]
[Progress:===================>          65%] [Cov:=================================> 97%]
[Progress:===================>          65%] [Cov:=================================> 97%]
[Progress:===================>          65%] [Cov:=================================> 97%]
[Progress:===================>          66%] [Cov:=================================> 97%]
[Progress:===================>          66%] [Cov:=================================> 97%]
[Progress:===================>          66%] [Cov:=================================> 97%]
[Progress:===================>          66%] [Cov:=================================> 97%]
[Progress:===================>          66%] [Cov:=================================> 97%]
[Progress:===================>          66%] [Cov:=================================> 97%]
[Progress:===================>          66%] [Cov:=================================> 97%]
[Progress:===================>          66%] [Cov:=================================> 97%]
[Progress:===================>          66%] [Cov:=================================> 97%]
[Progress:===================>          66%] [Cov:=================================> 97%]
[Progress:===================>          66%] [Cov:=================================> 97%]
[Progress:===================>          66%] [Cov:=================================> 97%]
[Progress:===================>          66%] [Cov:=================================> 97%]
[Progress:===================>          66%] [Cov:=================================> 97%]
[Progress:===================>          66%] [Cov:=================================> 97%]
[Progress:===================>          66%] [Cov:=================================> 97%]
[Progress:===================>          66%] [Cov:=================================> 97%]
[Progress:====================>         68%] [Cov:=================================> 97%]
[Progress:====================>         68%] [Cov:=================================> 97%]
[Progress:====================>         68%] [Cov:=================================> 97%]
[Progress:====================>         68%] [Cov:=================================> 97%]
[Progress:====================>         68%] [Cov:=================================> 97%]
[Progress:====================>         68%] [Cov:=================================> 97%]
[Progress:====================>         68%] [Cov:=================================> 97%]
[Progress:====================>         68%] [Cov:=================================> 97%]
[Progress:====================>         68%] [Cov:=================================> 97%]
[Progress:====================>         68%] [Cov:=================================> 97%]
[Progress:====================>         68%] [Cov:=================================> 97%]
[Progress:====================>         68%] [Cov:=================================> 97%]
[Progress:====================>         68%] [Cov:=================================> 97%]
[Progress:====================>         68%] [Cov:=================================> 97%]
[Progress:====================>         68%] [Cov:=================================> 97%]
[Progress:====================>         68%] [Cov:=================================> 97%]
[Progress:====================>         68%] [Cov:=================================> 97%]
[Progress:====================>         68%] [Cov:=================================> 97%]
[Progress:=====================>        70%] [Cov:=================================> 97%]
[Progress:=====================>        70%] [Cov:=================================> 97%]
[Progress:=====================>        70%] [Cov:=================================> 97%]
[Progress:=====================>        70%] [Cov:=================================> 97%]
[Progress:=====================>        70%] [Cov:=================================> 97%]
[Progress:=====================>        70%] [Cov:=================================> 97%]
[Progress:=====================>        70%] [Cov:=================================> 97%]
[Progress:=====================>        70%] [Cov:=================================> 97%]
[Progress:=====================>        70%] [Cov:=================================> 97%]
[Progress:=====================>        70%] [Cov:=================================> 97%]
[Progress:=====================>        70%] [Cov:=================================> 97%]
[Progress:=====================>        70%] [Cov:=================================> 97%]
[Progress:=====================>        70%] [Cov:=================================> 97%]
[Progress:=====================>        70%] [Cov:=================================> 97%]
[Progress:=====================>        70%] [Cov:=================================> 97%]
[Progress:=====================>        70%] [Cov:=================================> 97%]
[Progress:=====================>        71%] [Cov:=================================> 97%]
[Progress:=====================>        71%] [Cov:=================================> 97%]
[Progress:=====================>        71%] [Cov:=================================> 97%]
[Progress:=====================>        71%] [Cov:=================================> 97%]
[Progress:=====================>        71%] [Cov:=================================> 97%]
[Progress:=====================>        71%] [Cov:=================================> 97%]
[Progress:=====================>        71%] [Cov:=================================> 97%]
[Progress:=====================>        71%] [Cov:=================================> 97%]
[Progress:=====================>        71%] [Cov:=================================> 97%]
[Progress:=====================>        71%] [Cov:=================================> 97%]
[Progress:=====================>        71%] [Cov:=================================> 97%]
[Progress:=====================>        71%] [Cov:=================================> 97%]
[Progress:=====================>        71%] [Cov:=================================> 97%]
[Progress:=====================>        71%] [Cov:=================================> 97%]
[Progress:=====================>        71%] [Cov:=================================> 97%]
[Progress:=====================>        71%] [Cov:=================================> 97%]
[Progress:=====================>        71%] [Cov:=================================> 97%]
[Progress:=====================>        73%] [Cov:=================================> 97%]
[Progress:=====================>        73%] [Cov:=================================> 97%]
[Progress:=====================>        73%] [Cov:=================================> 97%]
[Progress:=====================>        73%] [Cov:=================================> 97%]
[Progress:=====================>        73%] [Cov:=================================> 97%]
[Progress:=====================>        73%] [Cov:=================================> 97%]
[Progress:=====================>        73%] [Cov:=================================> 97%]
[Progress:=====================>        73%] [Cov:=================================> 97%]
[Progress:=====================>        73%] [Cov:=================================> 97%]
[Progress:=====================>        73%] [Cov:=================================> 97%]
[Progress:=====================>        73%] [Cov:=================================> 97%]
[Progress:=====================>        73%] [Cov:=================================> 97%]
[Progress:=====================>        73%] [Cov:=================================> 97%]
[Progress:=====================>        73%] [Cov:=================================> 97%]
[Progress:=====================>        73%] [Cov:=================================> 97%]
[Progress:=====================>        73%] [Cov:=================================> 97%]
[Progress:=====================>        73%] [Cov:=================================> 97%]
[Progress:======================>       75%] [Cov:=================================> 97%]
[Progress:======================>       75%] [Cov:=================================> 97%]
[Progress:======================>       75%] [Cov:=================================> 97%]
[Progress:======================>       75%] [Cov:=================================> 97%]
[Progress:======================>       75%] [Cov:=================================> 97%]
[Progress:======================>       75%] [Cov:=================================> 97%]
[Progress:======================>       75%] [Cov:=================================> 97%]
[Progress:======================>       75%] [Cov:=================================> 97%]
[Progress:======================>       75%] [Cov:=================================> 97%]
[Progress:======================>       75%] [Cov:=================================> 97%]
[Progress:======================>       75%] [Cov:=================================> 97%]
[Progress:======================>       75%] [Cov:=================================> 97%]
[Progress:======================>       75%] [Cov:=================================> 97%]
[Progress:======================>       75%] [Cov:=================================> 97%]
[Progress:======================>       75%] [Cov:=================================> 97%]
[Progress:======================>       75%] [Cov:=================================> 97%]
[Progress:======================>       75%] [Cov:=================================> 97%]
[Progress:======================>       76%] [Cov:=================================> 97%]
[Progress:======================>       76%] [Cov:=================================> 97%]
[Progress:======================>       76%] [Cov:=================================> 97%]
[Progress:======================>       76%] [Cov:=================================> 97%]
[Progress:======================>       76%] [Cov:=================================> 97%]
[Progress:======================>       76%] [Cov:=================================> 97%]
[Progress:======================>       76%] [Cov:=================================> 97%]
[Progress:======================>       76%] [Cov:=================================> 97%]
[Progress:======================>       76%] [Cov:=================================> 97%]
[Progress:======================>       76%] [Cov:=================================> 97%]
[Progress:======================>       76%] [Cov:=================================> 97%]
[Progress:======================>       76%] [Cov:=================================> 97%]
[Progress:======================>       76%] [Cov:=================================> 97%]
[Progress:======================>       76%] [Cov:=================================> 97%]
[Progress:======================>       76%] [Cov:=================================> 97%]
[Progress:======================>       76%] [Cov:=================================> 97%]
[Progress:======================>       76%] [Cov:=================================> 97%]
[Progress:======================>       76%] [Cov:=================================> 97%]
[Progress:=======================>      78%] [Cov:=================================> 97%]
[Progress:=======================>      78%] [Cov:=================================> 97%]
[Progress:=======================>      78%] [Cov:=================================> 97%]
[Progress:=======================>      78%] [Cov:=================================> 97%]
[Progress:=======================>      78%] [Cov:=================================> 97%]
[Progress:=======================>      78%] [Cov:=================================> 97%]
[Progress:=======================>      78%] [Cov:=================================> 97%]
[Progress:=======================>      78%] [Cov:=================================> 97%]
[Progress:=======================>      78%] [Cov:=================================> 97%]
[Progress:=======================>      78%] [Cov:=================================> 97%]
[Progress:=======================>      78%] [Cov:=================================> 97%]
[Progress:=======================>      78%] [Cov:=================================> 97%]
[Progress:=======================>      78%] [Cov:=================================> 97%]
[Progress:=======================>      78%] [Cov:=================================> 97%]
[Progress:=======================>      78%] [Cov:=================================> 97%]
[Progress:=======================>      78%] [Cov:=================================> 97%]
[Progress:=======================>      78%] [Cov:=================================> 97%]
[Progress:=======================>      78%] [Cov:=================================> 97%]
[Progress:========================>     80%] [Cov:=================================> 97%]
[Progress:========================>     80%] [Cov:=================================> 97%]
[Progress:========================>     80%] [Cov:=================================> 97%]
[Progress:========================>     80%] [Cov:=================================> 97%]
[Progress:========================>     80%] [Cov:=================================> 97%]
[Progress:========================>     80%] [Cov:=================================> 97%]
[Progress:========================>     80%] [Cov:=================================> 97%]
[Progress:========================>     80%] [Cov:=================================> 97%]
[Progress:========================>     80%] [Cov:=================================> 97%]
[Progress:========================>     80%] [Cov:=================================> 97%]
[Progress:========================>     80%] [Cov:=================================> 97%]
[Progress:========================>     80%] [Cov:=================================> 97%]
[Progress:========================>     80%] [Cov:=================================> 97%]
[Progress:========================>     80%] [Cov:=================================> 97%]
[Progress:========================>     80%] [Cov:=================================> 97%]
[Progress:========================>     80%] [Cov:=================================> 97%]
[Progress:========================>     80%] [Cov:=================================> 97%]
[Progress:========================>     80%] [Cov:=================================> 97%]
[Progress:========================>     81%] [Cov:=================================> 97%]
[Progress:========================>     81%] [Cov:=================================> 97%]
[Progress:========================>     81%] [Cov:=================================> 97%]
[Progress:========================>     81%] [Cov:=================================> 97%]
[Progress:========================>     81%] [Cov:=================================> 97%]
[Progress:========================>     81%] [Cov:=================================> 97%]
[Progress:========================>     81%] [Cov:=================================> 97%]
[Progress:========================>     81%] [Cov:=================================> 97%]
[Progress:========================>     81%] [Cov:=================================> 97%]
[Progress:========================>     81%] [Cov:=================================> 97%]
[Progress:========================>     81%] [Cov:=================================> 97%]
[Progress:========================>     81%] [Cov:=================================> 97%]
[Progress:========================>     81%] [Cov:=================================> 97%]
[Progress:========================>     81%] [Cov:=================================> 97%]
[Progress:========================>     81%] [Cov:=================================> 97%]
[Progress:========================>     81%] [Cov:=================================> 97%]
[Progress:========================>     81%] [Cov:=================================> 97%]
[Progress:========================>     83%] [Cov:=================================> 97%]
[Progress:========================>     83%] [Cov:=================================> 97%]
[Progress:========================>     83%] [Cov:=================================> 97%]
[Progress:========================>     83%] [Cov:=================================> 97%]
[Progress:========================>     83%] [Cov:=================================> 97%]
[Progress:========================>     83%] [Cov:=================================> 97%]
[Progress:========================>     83%] [Cov:=================================> 97%]
[Progress:========================>     83%] [Cov:=================================> 97%]
[Progress:========================>     83%] [Cov:=================================> 97%]
[Progress:========================>     83%] [Cov:=================================> 97%]
[Progress:========================>     83%] [Cov:=================================> 97%]
[Progress:========================>     83%] [Cov:=================================> 97%]
[Progress:========================>     83%] [Cov:=================================> 97%]
[Progress:========================>     83%] [Cov:=================================> 97%]
[Progress:========================>     83%] [Cov:=================================> 97%]
[Progress:========================>     83%] [Cov:=================================> 97%]
[Progress:========================>     83%] [Cov:=================================> 97%]
[Progress:=========================>    85%] [Cov:=================================> 97%]
[Progress:=========================>    85%] [Cov:=================================> 97%]
[Progress:=========================>    85%] [Cov:=================================> 97%]
[Progress:=========================>    85%] [Cov:=================================> 97%]
[Progress:=========================>    85%] [Cov:=================================> 97%]
[Progress:=========================>    85%] [Cov:=================================> 97%]
[Progress:=========================>    85%] [Cov:=================================> 97%]
[Progress:=========================>    85%] [Cov:=================================> 97%]
[Progress:=========================>    85%] [Cov:=================================> 97%]
[Progress:=========================>    85%] [Cov:=================================> 97%]
[Progress:=========================>    85%] [Cov:=================================> 97%]
[Progress:=========================>    85%] [Cov:=================================> 97%]
[Progress:=========================>    85%] [Cov:=================================> 97%]
[Progress:=========================>    85%] [Cov:=================================> 97%]
[Progress:=========================>    85%] [Cov:=================================> 97%]
[Progress:=========================>    85%] [Cov:=================================> 97%]
[Progress:=========================>    85%] [Cov:=================================> 97%]
[Progress:=========================>    85%] [Cov:=================================> 97%]
[Progress:=========================>    86%] [Cov:=================================> 97%]
[Progress:=========================>    86%] [Cov:=================================> 97%]
[Progress:=========================>    86%] [Cov:=================================> 97%]
[Progress:=========================>    86%] [Cov:=================================> 97%]
[Progress:=========================>    86%] [Cov:=================================> 97%]
[Progress:=========================>    86%] [Cov:=================================> 97%]
[Progress:=========================>    86%] [Cov:=================================> 97%]
[Progress:=========================>    86%] [Cov:=================================> 97%]
[Progress:=========================>    86%] [Cov:=================================> 97%]
[Progress:=========================>    86%] [Cov:=================================> 97%]
[Progress:=========================>    86%] [Cov:=================================> 97%]
[Progress:=========================>    86%] [Cov:=================================> 97%]
[Progress:=========================>    86%] [Cov:=================================> 97%]
[Progress:=========================>    86%] [Cov:=================================> 97%]
[Progress:=========================>    86%] [Cov:=================================> 97%]
[Progress:=========================>    86%] [Cov:=================================> 97%]
[Progress:=========================>    86%] [Cov:=================================> 97%]
[Progress:=========================>    86%] [Cov:=================================> 97%]
[Progress:==========================>   88%] [Cov:=================================> 97%]
[Progress:==========================>   88%] [Cov:=================================> 97%]
[Progress:==========================>   88%] [Cov:=================================> 97%]
[Progress:==========================>   88%] [Cov:=================================> 97%]
[Progress:==========================>   88%] [Cov:=================================> 97%]
[Progress:==========================>   88%] [Cov:=================================> 97%]
[Progress:==========================>   88%] [Cov:=================================> 97%]
[Progress:==========================>   88%] [Cov:=================================> 97%]
[Progress:==========================>   88%] [Cov:=================================> 97%]
[Progress:==========================>   88%] [Cov:=================================> 97%]
[Progress:==========================>   88%] [Cov:=================================> 97%]
[Progress:==========================>   88%] [Cov:=================================> 97%]
[Progress:==========================>   88%] [Cov:=================================> 97%]
[Progress:==========================>   88%] [Cov:=================================> 97%]
[Progress:==========================>   88%] [Cov:=================================> 97%]
[Progress:==========================>   88%] [Cov:=================================> 97%]
[Progress:==========================>   88%] [Cov:=================================> 97%]
[Progress:==========================>   88%] [Cov:=================================> 97%]
[Progress:===========================>  90%] [Cov:=================================> 97%]
[Progress:===========================>  90%] [Cov:=================================> 97%]
[Progress:===========================>  90%] [Cov:=================================> 97%]
[Progress:===========================>  90%] [Cov:=================================> 97%]
[Progress:===========================>  90%] [Cov:=================================> 97%]
[Progress:===========================>  90%] [Cov:=================================> 97%]
[Progress:===========================>  90%] [Cov:=================================> 97%]
[Progress:===========================>  90%] [Cov:=================================> 97%]
[Progress:===========================>  90%] [Cov:=================================> 97%]
[Progress:===========================>  90%] [Cov:=================================> 97%]
[Progress:===========================>  90%] [Cov:=================================> 97%]
[Progress:===========================>  90%] [Cov:=================================> 97%]
[Progress:===========================>  90%] [Cov:=================================> 97%]
[Progress:===========================>  90%] [Cov:=================================> 97%]
[Progress:===========================>  90%] [Cov:=================================> 97%]
[Progress:===========================>  90%] [Cov:=================================> 97%]
[Progress:===========================>  90%] [Cov:=================================> 97%]
[Progress:===========================>  90%] [Cov:=================================> 97%]
[Progress:===========================>  91%] [Cov:=================================> 97%]
[Progress:===========================>  91%] [Cov:=================================> 97%]
[Progress:===========================>  91%] [Cov:=================================> 97%]
[Progress:===========================>  91%] [Cov:=================================> 97%]
[Progress:===========================>  91%] [Cov:=================================> 97%]
[Progress:===========================>  91%] [Cov:=================================> 97%]
[Progress:===========================>  91%] [Cov:=================================> 97%]
[Progress:===========================>  91%] [Cov:=================================> 97%]
[Progress:===========================>  91%] [Cov:=================================> 97%]
[Progress:===========================>  91%] [Cov:=================================> 97%]
[Progress:===========================>  91%] [Cov:=================================> 97%]
[Progress:===========================>  91%] [Cov:=================================> 97%]
[Progress:===========================>  91%] [Cov:=================================> 97%]
[Progress:===========================>  91%] [Cov:=================================> 97%]
[Progress:===========================>  91%] [Cov:=================================> 97%]
[Progress:===========================>  91%] [Cov:=================================> 97%]
[Progress:===========================>  91%] [Cov:=================================> 97%]
[Progress:===========================>  93%] [Cov:=================================> 97%]
[Progress:===========================>  93%] [Cov:=================================> 97%]
[Progress:===========================>  93%] [Cov:=================================> 97%]
[Progress:===========================>  93%] [Cov:=================================> 97%]
[Progress:===========================>  93%] [Cov:=================================> 97%]
[Progress:===========================>  93%] [Cov:=================================> 97%]
[Progress:===========================>  93%] [Cov:=================================> 97%]
[Progress:===========================>  93%] [Cov:=================================> 97%]
[Progress:===========================>  93%] [Cov:=================================> 97%]
[Progress:===========================>  93%] [Cov:=================================> 97%]
[Progress:===========================>  93%] [Cov:=================================> 97%]
[Progress:===========================>  93%] [Cov:=================================> 97%]
[Progress:===========================>  93%] [Cov:=================================> 97%]
[Progress:===========================>  93%] [Cov:=================================> 97%]
[Progress:===========================>  93%] [Cov:=================================> 97%]
[Progress:===========================>  93%] [Cov:=================================> 97%]
[Progress:===========================>  93%] [Cov:=================================> 97%]
[Progress:===========================>  93%] [Cov:=================================> 97%]
[Progress:============================> 95%] [Cov:=================================> 97%]
[Progress:============================> 95%] [Cov:=================================> 97%]
[Progress:============================> 95%] [Cov:=================================> 97%]
[Progress:============================> 95%] [Cov:=================================> 97%]
[Progress:============================> 95%] [Cov:=================================> 97%]
[Progress:============================> 95%] [Cov:=================================> 97%]
[Progress:============================> 95%] [Cov:=================================> 97%]
[Progress:============================> 95%] [Cov:=================================> 97%]
[Progress:============================> 95%] [Cov:=================================> 97%]
[Progress:============================> 95%] [Cov:=================================> 97%]
[Progress:============================> 95%] [Cov:=================================> 97%]
[Progress:============================> 95%] [Cov:=================================> 97%]
[Progress:============================> 95%] [Cov:=================================> 97%]
[Progress:============================> 95%] [Cov:=================================> 97%]
[Progress:============================> 95%] [Cov:=================================> 97%]
[Progress:============================> 95%] [Cov:=================================> 97%]
[Progress:============================> 95%] [Cov:=================================> 97%]
[Progress:============================> 96%] [Cov:=================================> 97%]
[Progress:============================> 96%] [Cov:=================================> 97%]
[Progress:============================> 96%] [Cov:=================================> 97%]
[Progress:============================> 96%] [Cov:=================================> 97%]
[Progress:============================> 96%] [Cov:=================================> 97%]
[Progress:============================> 96%] [Cov:=================================> 97%]
[Progress:============================> 96%] [Cov:=================================> 97%]
[Progress:============================> 96%] [Cov:=================================> 97%]
[Progress:============================> 96%] [Cov:=================================> 97%]
[Progress:============================> 96%] [Cov:=================================> 97%]
[Progress:============================> 96%] [Cov:=================================> 97%]
[Progress:============================> 96%] [Cov:=================================> 97%]
[Progress:============================> 96%] [Cov:=================================> 97%]
[Progress:============================> 96%] [Cov:=================================> 97%]
[Progress:============================> 96%] [Cov:=================================> 97%]
[Progress:============================> 96%] [Cov:=================================> 97%]
[Progress:============================> 96%] [Cov:=================================> 97%]
[Progress:============================> 96%] [Cov:=================================> 97%]
[Progress:============================> 96%] [Cov:=================================> 97%]
[Progress:=============================>98%] [Cov:=================================> 97%]
[Progress:=============================>98%] [Cov:=================================> 97%]
[Progress:=============================>98%] [Cov:=================================> 97%]
[Progress:=============================>98%] [Cov:=================================> 97%]
[Progress:=============================>98%] [Cov:=================================> 97%]
[Progress:=============================>98%] [Cov:=================================> 97%]
[Progress:=============================>98%] [Cov:=================================> 97%]
[Progress:=============================>98%] [Cov:=================================> 97%]
[Progress:=============================>98%] [Cov:=================================> 97%]
[Progress:=============================>98%] [Cov:=================================> 97%]
[Progress:=============================>98%] [Cov:=================================> 97%]
[Progress:=============================>98%] [Cov:=================================> 97%]
[Progress:=============================>98%] [Cov:=================================> 97%]
[Progress:=============================>98%] [Cov:=================================> 97%]
[Progress:=============================>98%] [Cov:=================================> 97%]
[Progress:=============================>98%] [Cov:=================================> 97%]
[Progress:=============================>98%] [Cov:=================================> 97%]
[Progress:=============================>98%] [Cov:=================================> 97%]
[Progress:==============================100%] [Cov:=================================> 97%]
[Progress:==============================100%] [Cov:=================================> 97%]
[Progress:==============================100%] [Cov:=================================> 97%]
[Progress:==============================100%] [Cov:=================================> 97%]
[Progress:==============================100%] [Cov:=================================> 97%]
[Progress:==============================100%] [Cov:=================================> 97%]
[Progress:==============================100%] [Cov:=================================> 97%]
[Progress:==============================100%] [Cov:=================================> 97%]
[Progress:==============================100%] [Cov:=================================> 97%]
[Progress:==============================100%] [Cov:=================================> 97%]
[Progress:==============================100%] [Cov:=================================> 97%]
[Progress:==============================100%] [Cov:=================================> 97%]
[Progress:==============================100%] [Cov:=================================> 97%]
[Progress:==============================100%] [Cov:=================================> 97%]
[Progress:==============================100%] [Cov:=================================> 97%]
[Progress:==============================100%] [Cov:=================================> 97%]
[Progress:==============================100%] [Cov:=================================> 97%]
[Progress:==============================100%] [Cov:=================================> 97%]
[Progress:==============================100%] [Cov:=================================> 97%]
[Progress:==============================100%] [Cov:=================================> 97%]
* Search finished after 62s and 781 generations, 136663 statements, best individual has fitness: 5.0476190476190474
* Minimizing test suite
* Going to analyze the coverage criteria
* Coverage analysis for criterion LINE
* Coverage of criterion LINE: 97%
* Total number of goals: 74
* Number of covered goals: 72
* Coverage analysis for criterion BRANCH
* Coverage of criterion BRANCH: 96%
* Total number of goals: 71
* Number of covered goals: 68
* Coverage analysis for criterion EXCEPTION
* Coverage of criterion EXCEPTION: 100%
* Total number of goals: 1
* Number of covered goals: 1
* Generated 20 tests with total length 118
* Resulting test suite's coverage: 98% (average coverage for all fitness functions)
* Generating assertions
* Resulting test suite's mutation score: 28%
* Compiling and checking tests
* Writing tests to file
* Writing JUnit test case 'LocaleUtils_ESTest' to /work/evo_out/Lang_57f/budget60_seed1/tests
* Done!

* Computation finished

[exit=0 timeout=False time=69.2s]

$ javac -nowarn -cp /work/Lang_57f/target/classes:/work/Lang_57f/target/classes:/work/Lang_57f/target/tests:/opt/defects4j/framework/projects/lib/junit-4.12-hamcrest-1.3.jar:/opt/defects4j/framework/projects/Lang/lib/cglib.jar:/opt/defects4j/framework/projects/Lang/lib/asm.jar:/opt/defects4j/framework/projects/Lang/lib/easymock.jar:/opt/defects4j/framework/projects/Lang/lib/commons-io.jar:/opt/evosuite/evosuite-standalone-runtime-1.2.0.jar -d /work/evo_out/Lang_57f/budget60_seed1/classes /work/evo_out/Lang_57f/budget60_seed1/tests/org/apache/commons/lang/LocaleUtils_ESTest.java /work/evo_out/Lang_57f/budget60_seed1/tests/org/apache/commons/lang/LocaleUtils_ESTest_scaffolding.java

[exit=0 timeout=False time=0.6s]

$ java -jar /opt/jacoco/lib/jacococli.jar instrument /work/Lang_57f/target/classes --dest /work/evo_out/Lang_57f/budget60_seed1/instrumented
[INFO] 124 classes instrumented to /work/evo_out/Lang_57f/budget60_seed1/instrumented.

[exit=0 timeout=False time=0.3s]

$ java -Djacoco-agent.destfile=/workspace/EvoSuite/Result_Round1/Lang_57/budget60_seed1/jacoco.exec -cp /work/evo_out/Lang_57f/budget60_seed1/instrumented:/work/evo_out/Lang_57f/budget60_seed1/classes:/work/Lang_57f/target/classes:/work/Lang_57f/target/tests:/opt/defects4j/framework/projects/lib/junit-4.12-hamcrest-1.3.jar:/opt/defects4j/framework/projects/Lang/lib/cglib.jar:/opt/defects4j/framework/projects/Lang/lib/asm.jar:/opt/defects4j/framework/projects/Lang/lib/easymock.jar:/opt/defects4j/framework/projects/Lang/lib/commons-io.jar:/opt/evosuite/evosuite-standalone-runtime-1.2.0.jar:/opt/jacoco/lib/jacocoagent.jar org.junit.runner.JUnitCore org.apache.commons.lang.LocaleUtils_ESTest
JUnit version 4.12
....................
Time: 0.403

OK (20 tests)

SLF4J: Failed to load class "org.slf4j.impl.StaticLoggerBinder".
SLF4J: Defaulting to no-operation (NOP) logger implementation
SLF4J: See http://www.slf4j.org/codes.html#StaticLoggerBinder for further details.
WARNING: An illegal reflective access operation has occurred
WARNING: Illegal reflective access by org.evosuite.runtime.GuiSupport (file:/opt/evosuite/evosuite-standalone-runtime-1.2.0.jar) to field java.awt.GraphicsEnvironment.headless
WARNING: Please consider reporting this to the maintainers of org.evosuite.runtime.GuiSupport
WARNING: Use --illegal-access=warn to enable warnings of further illegal reflective access operations
WARNING: All illegal access operations will be denied in a future release

[exit=0 timeout=False time=0.6s]

$ java -jar /opt/jacoco/lib/jacococli.jar report /workspace/EvoSuite/Result_Round1/Lang_57/budget60_seed1/jacoco.exec --classfiles /work/Lang_57f/target/classes --csv /workspace/EvoSuite/Result_Round1/Lang_57/budget60_seed1/jacoco.csv
[INFO] Loading execution data file /workspace/EvoSuite/Result_Round1/Lang_57/budget60_seed1/jacoco.exec.
[INFO] Analyzing 119 classes.

[exit=0 timeout=False time=0.3s]

$ java -cp /work/evo_out/Lang_57f/budget60_seed1/classes:/work/Lang_57b/target/classes:/work/Lang_57b/target/tests:/opt/defects4j/framework/projects/lib/junit-4.12-hamcrest-1.3.jar:/opt/defects4j/framework/projects/Lang/lib/cglib.jar:/opt/defects4j/framework/projects/Lang/lib/asm.jar:/opt/defects4j/framework/projects/Lang/lib/easymock.jar:/opt/defects4j/framework/projects/Lang/lib/commons-io.jar:/opt/evosuite/evosuite-standalone-runtime-1.2.0.jar org.junit.runner.JUnitCore org.apache.commons.lang.LocaleUtils_ESTest
JUnit version 4.12
........E..E..........
Time: 0.394
There were 2 failures:
1) test05(org.apache.commons.lang.LocaleUtils_ESTest)
java.lang.NullPointerException
	at org.apache.commons.lang.LocaleUtils.isAvailableLocale(LocaleUtils.java:223)
	at org.apache.commons.lang.LocaleUtils_ESTest.test05(LocaleUtils_ESTest.java:117)
	at java.base/jdk.internal.reflect.NativeMethodAccessorImpl.invoke0(Native Method)
	at java.base/jdk.internal.reflect.NativeMethodAccessorImpl.invoke(NativeMethodAccessorImpl.java:62)
	at java.base/jdk.internal.reflect.DelegatingMethodAccessorImpl.invoke(DelegatingMethodAccessorImpl.java:43)
	at java.base/java.lang.reflect.Method.invoke(Method.java:566)
	at org.junit.runners.model.FrameworkMethod$1.runReflectiveCall(FrameworkMethod.java:50)
	at org.junit.internal.runners.model.ReflectiveCallable.run(ReflectiveCallable.java:12)
	at org.junit.runners.model.FrameworkMethod.invokeExplosively(FrameworkMethod.java:47)
	at org.junit.internal.runners.statements.InvokeMethod.evaluate(InvokeMethod.java:17)
	at org.junit.internal.runners.statements.FailOnTimeout$CallableStatement.call(FailOnTimeout.java:298)
	at org.junit.internal.runners.statements.FailOnTimeout$CallableStatement.call(FailOnTimeout.java:292)
	at java.base/java.util.concurrent.FutureTask.run(FutureTask.java:264)
	at java.base/java.lang.Thread.run(Thread.java:829)
2) test04(org.apache.commons.lang.LocaleUtils_ESTest)
java.lang.NullPointerException
	at org.apache.commons.lang.LocaleUtils.isAvailableLocale(LocaleUtils.java:223)
	at org.apache.commons.lang.LocaleUtils_ESTest.test04(LocaleUtils_ESTest.java:106)
	at java.base/jdk.internal.reflect.NativeMethodAccessorImpl.invoke0(Native Method)
	at java.base/jdk.internal.reflect.NativeMethodAccessorImpl.invoke(NativeMethodAccessorImpl.java:62)
	at java.base/jdk.internal.reflect.DelegatingMethodAccessorImpl.invoke(DelegatingMethodAccessorImpl.java:43)
	at java.base/java.lang.reflect.Method.invoke(Method.java:566)
	at org.junit.runners.model.FrameworkMethod$1.runReflectiveCall(FrameworkMethod.java:50)
	at org.junit.internal.runners.model.ReflectiveCallable.run(ReflectiveCallable.java:12)
	at org.junit.runners.model.FrameworkMethod.invokeExplosively(FrameworkMethod.java:47)
	at org.junit.internal.runners.statements.InvokeMethod.evaluate(InvokeMethod.java:17)
	at org.junit.internal.runners.statements.FailOnTimeout$CallableStatement.call(FailOnTimeout.java:298)
	at org.junit.internal.runners.statements.FailOnTimeout$CallableStatement.call(FailOnTimeout.java:292)
	at java.base/java.util.concurrent.FutureTask.run(FutureTask.java:264)
	at java.base/java.lang.Thread.run(Thread.java:829)

FAILURES!!!
Tests run: 20,  Failures: 2

SLF4J: Failed to load class "org.slf4j.impl.StaticLoggerBinder".
SLF4J: Defaulting to no-operation (NOP) logger implementation
SLF4J: See http://www.slf4j.org/codes.html#StaticLoggerBinder for further details.
WARNING: An illegal reflective access operation has occurred
WARNING: Illegal reflective access by org.evosuite.runtime.GuiSupport (file:/opt/evosuite/evosuite-standalone-runtime-1.2.0.jar) to field java.awt.GraphicsEnvironment.headless
WARNING: Please consider reporting this to the maintainers of org.evosuite.runtime.GuiSupport
WARNING: Use --illegal-access=warn to enable warnings of further illegal reflective access operations
WARNING: All illegal access operations will be denied in a future release

[exit=1 timeout=False time=0.6s]
