
$ defects4j checkout -p Closure -v 22f -w /work/Closure_22f
Checking out 43a55234 to /work/Closure_22f................................. OK
Init local repository...................................................... OK
Tag post-fix revision...................................................... OK
sed: can't read /work/Closure_22f/lib/rhino/src/mozilla/js/rhino/build.properties: No such file or directory
sed: can't read /work/Closure_22f/lib/rhino/src/mozilla/js/rhino/build.properties: No such file or directory
Run post-checkout hook..................................................... OK
Excluding broken/flaky tests............................................... OK
Excluding broken/flaky tests............................................... OK
Initialize fixed program version........................................... OK
Apply patch................................................................ OK
Initialize buggy program version........................................... OK
Diff 43a55234:c8e5f7ac..................................................... OK
Apply patch................................................................ OK
Tag pre-fix revision....................................................... OK
Check out program version: Closure-22f..................................... OK

[exit=0 timeout=False time=3.8s]

$ defects4j compile -w /work/Closure_22f
Running ant (compile)...................................................... OK
Running ant (compile.tests)................................................ OK

[exit=0 timeout=False time=17.6s]

$ defects4j checkout -p Closure -v 22b -w /work/Closure_22b
Checking out 43a55234 to /work/Closure_22b................................. OK
Init local repository...................................................... OK
Tag post-fix revision...................................................... OK
sed: can't read /work/Closure_22b/lib/rhino/src/mozilla/js/rhino/build.properties: No such file or directory
sed: can't read /work/Closure_22b/lib/rhino/src/mozilla/js/rhino/build.properties: No such file or directory
Run post-checkout hook..................................................... OK
Excluding broken/flaky tests............................................... OK
Excluding broken/flaky tests............................................... OK
Initialize fixed program version........................................... OK
Apply patch................................................................ OK
Initialize buggy program version........................................... OK
Diff 43a55234:c8e5f7ac..................................................... OK
Apply patch................................................................ OK
Tag pre-fix revision....................................................... OK
Check out program version: Closure-22b..................................... OK

[exit=0 timeout=False time=4.4s]

$ defects4j compile -w /work/Closure_22b
Running ant (compile)...................................................... OK
Running ant (compile.tests)................................................ OK

[exit=0 timeout=False time=23.1s]

$ java -cp /work/jqwik_harness:/workspace/lib/jqwik/jqwik-1.7.4.jar:/workspace/lib/jqwik/jqwik-api-1.7.4.jar:/workspace/lib/jqwik/jqwik-engine-1.7.4.jar pbt.auto.Generate --targets com.google.javascript.jscomp.CheckSideEffects --fixed-cp /work/Closure_22f/build/classes:/work/Closure_22f/lib/args4j.jar:/work/Closure_22f/lib/guava.jar:/work/Closure_22f/lib/json.jar:/work/Closure_22f/lib/jsr305.jar:/work/Closure_22f/lib/protobuf-java.jar:/work/Closure_22f/build/lib/rhino.jar:/work/Closure_22f/lib/ant.jar:/work/Closure_22f/lib/ant-launcher.jar:/work/Closure_22f/lib/caja-r4314.jar:/work/Closure_22f/lib/jarjar.jar:/work/Closure_22f/lib/junit.jar:/work/Closure_22f/build/test --buggy-cp /work/Closure_22b/build/classes:/work/Closure_22b/lib/args4j.jar:/work/Closure_22b/lib/guava.jar:/work/Closure_22b/lib/json.jar:/work/Closure_22b/lib/jsr305.jar:/work/Closure_22b/lib/protobuf-java.jar:/work/Closure_22b/build/lib/rhino.jar:/work/Closure_22b/lib/ant.jar:/work/Closure_22b/lib/ant-launcher.jar:/work/Closure_22b/lib/caja-r4314.jar:/work/Closure_22b/lib/jarjar.jar:/work/Closure_22b/lib/junit.jar:/work/Closure_22b/build/test --out /workspace/jqwik/Auto/Closure_22 --max-methods 150
generated test classes: 1 / 1

[exit=0 timeout=False time=0.3s]

$ javac -nowarn -encoding UTF-8 -cp /work/Closure_22f/build/classes:/work/Closure_22f/lib/args4j.jar:/work/Closure_22f/lib/guava.jar:/work/Closure_22f/lib/json.jar:/work/Closure_22f/lib/jsr305.jar:/work/Closure_22f/lib/protobuf-java.jar:/work/Closure_22f/build/lib/rhino.jar:/work/Closure_22f/lib/ant.jar:/work/Closure_22f/lib/ant-launcher.jar:/work/Closure_22f/lib/caja-r4314.jar:/work/Closure_22f/lib/jarjar.jar:/work/Closure_22f/lib/junit.jar:/work/Closure_22f/build/test:/work/jqwik_harness:/workspace/lib/jqwik/jqwik-1.7.4.jar:/workspace/lib/jqwik/jqwik-api-1.7.4.jar:/workspace/lib/jqwik/jqwik-engine-1.7.4.jar -d /work/jqwik_out/Closure_22/auto_round1_tries200_seed1/classes_f /workspace/jqwik/Auto/Closure_22/com/google/javascript/jscomp/CheckSideEffects_AutoPbtTest.java

[exit=0 timeout=False time=1.2s]

$ javac -nowarn -encoding UTF-8 -cp /work/Closure_22b/build/classes:/work/Closure_22b/lib/args4j.jar:/work/Closure_22b/lib/guava.jar:/work/Closure_22b/lib/json.jar:/work/Closure_22b/lib/jsr305.jar:/work/Closure_22b/lib/protobuf-java.jar:/work/Closure_22b/build/lib/rhino.jar:/work/Closure_22b/lib/ant.jar:/work/Closure_22b/lib/ant-launcher.jar:/work/Closure_22b/lib/caja-r4314.jar:/work/Closure_22b/lib/jarjar.jar:/work/Closure_22b/lib/junit.jar:/work/Closure_22b/build/test:/work/jqwik_harness:/workspace/lib/jqwik/jqwik-1.7.4.jar:/workspace/lib/jqwik/jqwik-api-1.7.4.jar:/workspace/lib/jqwik/jqwik-engine-1.7.4.jar -d /work/jqwik_out/Closure_22/auto_round1_tries200_seed1/classes_b /workspace/jqwik/Auto/Closure_22/com/google/javascript/jscomp/CheckSideEffects_AutoPbtTest.java

[exit=0 timeout=False time=1.1s]

$ java -Djava.awt.headless=true -Xss4m -Xmx1g -Dpbt.seed=1 -Dpbt.tries=200 -Dpbt.snapshot.dir=/work/jqwik_out/Closure_22/auto_round1_tries200_seed1/snapshots -Dpbt.propertyBudgetMs=5000 -Dpbt.mask=/work/Closure_22f:/work/Closure_22b:/work/jqwik_out/Closure_22/auto_round1_tries200_seed1/classes_f:/work/jqwik_out/Closure_22/auto_round1_tries200_seed1/classes_b -Dpbt.mode=record -jar /workspace/lib/jqwik/junit-platform-console-standalone-1.9.3.jar --disable-banner --details tree --class-path /work/jqwik_out/Closure_22/auto_round1_tries200_seed1/classes_f:/work/Closure_22f/build/classes:/work/Closure_22f/lib/args4j.jar:/work/Closure_22f/lib/guava.jar:/work/Closure_22f/lib/json.jar:/work/Closure_22f/lib/jsr305.jar:/work/Closure_22f/lib/protobuf-java.jar:/work/Closure_22f/build/lib/rhino.jar:/work/Closure_22f/lib/ant.jar:/work/Closure_22f/lib/ant-launcher.jar:/work/Closure_22f/lib/caja-r4314.jar:/work/Closure_22f/lib/jarjar.jar:/work/Closure_22f/lib/junit.jar:/work/Closure_22f/build/test:/work/jqwik_harness:/workspace/lib/jqwik/jqwik-1.7.4.jar:/workspace/lib/jqwik/jqwik-api-1.7.4.jar:/workspace/lib/jqwik/jqwik-engine-1.7.4.jar --scan-class-path /work/jqwik_out/Closure_22/auto_round1_tries200_seed1/classes_f --include-classname .* --include-engine jqwik --config jqwik.database=/workspace/jqwik/Result_auto_Round1/Closure_22/tries200_seed1/reports_record/jqwik-database --config jqwik.tries.default=200 --reports-dir /workspace/jqwik/Result_auto_Round1/Closure_22/tries200_seed1/reports_record
timestamp = 2026-09-30T21:05:09.454105, CheckSideEffects AutoPbtTest:m000 hotSwapScript = 
                              |-----------------------jqwik-----------------------
tries = 200                   | # of calls to property
checks = 200                  | # of not rejected calls
generation = RANDOMIZED       | parameters are randomly generated
after-failure = SAMPLE_FIRST  | try previously failed sample, then previous seed
when-fixed-seed = ALLOW       | fixing the random seed is allowed
edge-cases#mode = NONE        | edge cases are not explicitly generated
seed = 1                      | random seed to reproduce generated values


timestamp = 2026-09-30T21:05:09.619154, CheckSideEffects AutoPbtTest:m001 process = 
                              |-----------------------jqwik-----------------------
tries = 200                   | # of calls to property
checks = 200                  | # of not rejected calls
generation = RANDOMIZED       | parameters are randomly generated
after-failure = SAMPLE_FIRST  | try previously failed sample, then previous seed
when-fixed-seed = ALLOW       | fixing the random seed is allowed
edge-cases#mode = NONE        | edge cases are not explicitly generated
seed = 1                      | random seed to reproduce generated values


timestamp = 2026-09-30T21:05:09.772617, CheckSideEffects AutoPbtTest:m002 visit = 
                              |-----------------------jqwik-----------------------
tries = 200                   | # of calls to property
checks = 200                  | # of not rejected calls
generation = RANDOMIZED       | parameters are randomly generated
after-failure = SAMPLE_FIRST  | try previously failed sample, then previous seed
when-fixed-seed = ALLOW       | fixing the random seed is allowed
edge-cases#mode = NONE        | edge cases are not explicitly generated
seed = 1                      | random seed to reproduce generated values


[36m╷[0m
[36m└─[0m [36mjqwik (JUnit Platform)[0m [32m✔[0m
[36m   └─[0m [36mCheckSideEffects AutoPbtTest[0m [32m✔[0m
[36m      ├─[0m [34mm000 hotSwapScript[0m [32m✔[0m
[36m      ├─[0m [34mm001 process[0m [32m✔[0m
[36m      └─[0m [34mm002 visit[0m [32m✔[0m

Test run finished after 1421 ms
[         2 containers found      ]
[         0 containers skipped    ]
[         2 containers started    ]
[         0 containers aborted    ]
[         2 containers successful ]
[         0 containers failed     ]
[         3 tests found           ]
[         0 tests skipped         ]
[         3 tests started         ]
[         0 tests aborted         ]
[         3 tests successful      ]
[         0 tests failed          ]


[exit=0 timeout=False time=2.4s]

$ java -Djava.awt.headless=true -Xss4m -Xmx1g -Dpbt.seed=1 -Dpbt.tries=200 -Dpbt.snapshot.dir=/work/jqwik_out/Closure_22/auto_round1_tries200_seed1/snapshots -Dpbt.propertyBudgetMs=5000 -Dpbt.mask=/work/Closure_22f:/work/Closure_22b:/work/jqwik_out/Closure_22/auto_round1_tries200_seed1/classes_f:/work/jqwik_out/Closure_22/auto_round1_tries200_seed1/classes_b -Dpbt.mode=check -javaagent:/opt/jacoco/lib/jacocoagent.jar=destfile=/workspace/jqwik/Result_auto_Round1/Closure_22/tries200_seed1/jacoco.exec -jar /workspace/lib/jqwik/junit-platform-console-standalone-1.9.3.jar --disable-banner --details tree --class-path /work/jqwik_out/Closure_22/auto_round1_tries200_seed1/classes_f:/work/Closure_22f/build/classes:/work/Closure_22f/lib/args4j.jar:/work/Closure_22f/lib/guava.jar:/work/Closure_22f/lib/json.jar:/work/Closure_22f/lib/jsr305.jar:/work/Closure_22f/lib/protobuf-java.jar:/work/Closure_22f/build/lib/rhino.jar:/work/Closure_22f/lib/ant.jar:/work/Closure_22f/lib/ant-launcher.jar:/work/Closure_22f/lib/caja-r4314.jar:/work/Closure_22f/lib/jarjar.jar:/work/Closure_22f/lib/junit.jar:/work/Closure_22f/build/test:/work/jqwik_harness:/workspace/lib/jqwik/jqwik-1.7.4.jar:/workspace/lib/jqwik/jqwik-api-1.7.4.jar:/workspace/lib/jqwik/jqwik-engine-1.7.4.jar --scan-class-path /work/jqwik_out/Closure_22/auto_round1_tries200_seed1/classes_f --include-classname .* --include-engine jqwik --config jqwik.database=/workspace/jqwik/Result_auto_Round1/Closure_22/tries200_seed1/reports_fixed/jqwik-database --config jqwik.tries.default=200 --reports-dir /workspace/jqwik/Result_auto_Round1/Closure_22/tries200_seed1/reports_fixed
timestamp = 2026-09-30T21:05:12.577690, CheckSideEffects AutoPbtTest:m000 hotSwapScript = 
                              |-----------------------jqwik-----------------------
tries = 200                   | # of calls to property
checks = 200                  | # of not rejected calls
generation = RANDOMIZED       | parameters are randomly generated
after-failure = SAMPLE_FIRST  | try previously failed sample, then previous seed
when-fixed-seed = ALLOW       | fixing the random seed is allowed
edge-cases#mode = NONE        | edge cases are not explicitly generated
seed = 1                      | random seed to reproduce generated values


timestamp = 2026-09-30T21:05:12.963113, CheckSideEffects AutoPbtTest:m001 process = 
                              |-----------------------jqwik-----------------------
tries = 200                   | # of calls to property
checks = 200                  | # of not rejected calls
generation = RANDOMIZED       | parameters are randomly generated
after-failure = SAMPLE_FIRST  | try previously failed sample, then previous seed
when-fixed-seed = ALLOW       | fixing the random seed is allowed
edge-cases#mode = NONE        | edge cases are not explicitly generated
seed = 1                      | random seed to reproduce generated values


timestamp = 2026-09-30T21:05:13.283635, CheckSideEffects AutoPbtTest:m002 visit = 
                              |-----------------------jqwik-----------------------
tries = 200                   | # of calls to property
checks = 200                  | # of not rejected calls
generation = RANDOMIZED       | parameters are randomly generated
after-failure = SAMPLE_FIRST  | try previously failed sample, then previous seed
when-fixed-seed = ALLOW       | fixing the random seed is allowed
edge-cases#mode = NONE        | edge cases are not explicitly generated
seed = 1                      | random seed to reproduce generated values


[36m╷[0m
[36m└─[0m [36mjqwik (JUnit Platform)[0m [32m✔[0m
[36m   └─[0m [36mCheckSideEffects AutoPbtTest[0m [32m✔[0m
[36m      ├─[0m [34mm000 hotSwapScript[0m [32m✔[0m
[36m      ├─[0m [34mm001 process[0m [32m✔[0m
[36m      └─[0m [34mm002 visit[0m [32m✔[0m

Test run finished after 2142 ms
[         2 containers found      ]
[         0 containers skipped    ]
[         2 containers started    ]
[         0 containers aborted    ]
[         2 containers successful ]
[         0 containers failed     ]
[         3 tests found           ]
[         0 tests skipped         ]
[         3 tests started         ]
[         0 tests aborted         ]
[         3 tests successful      ]
[         0 tests failed          ]


[exit=0 timeout=False time=11.2s]

$ java -jar /opt/jacoco/lib/jacococli.jar report /workspace/jqwik/Result_auto_Round1/Closure_22/tries200_seed1/jacoco.exec --classfiles /work/Closure_22f/build/classes --csv /workspace/jqwik/Result_auto_Round1/Closure_22/tries200_seed1/jacoco.csv
[INFO] Loading execution data file /workspace/jqwik/Result_auto_Round1/Closure_22/tries200_seed1/jacoco.exec.
[INFO] Analyzing 1161 classes.

[exit=0 timeout=False time=1.1s]

$ java -Djava.awt.headless=true -Xss4m -Xmx1g -Dpbt.seed=1 -Dpbt.tries=200 -Dpbt.snapshot.dir=/work/jqwik_out/Closure_22/auto_round1_tries200_seed1/snapshots -Dpbt.propertyBudgetMs=5000 -Dpbt.mask=/work/Closure_22f:/work/Closure_22b:/work/jqwik_out/Closure_22/auto_round1_tries200_seed1/classes_f:/work/jqwik_out/Closure_22/auto_round1_tries200_seed1/classes_b -Dpbt.mode=check -jar /workspace/lib/jqwik/junit-platform-console-standalone-1.9.3.jar --disable-banner --details tree --class-path /work/jqwik_out/Closure_22/auto_round1_tries200_seed1/classes_b:/work/Closure_22b/build/classes:/work/Closure_22b/lib/args4j.jar:/work/Closure_22b/lib/guava.jar:/work/Closure_22b/lib/json.jar:/work/Closure_22b/lib/jsr305.jar:/work/Closure_22b/lib/protobuf-java.jar:/work/Closure_22b/build/lib/rhino.jar:/work/Closure_22b/lib/ant.jar:/work/Closure_22b/lib/ant-launcher.jar:/work/Closure_22b/lib/caja-r4314.jar:/work/Closure_22b/lib/jarjar.jar:/work/Closure_22b/lib/junit.jar:/work/Closure_22b/build/test:/work/jqwik_harness:/workspace/lib/jqwik/jqwik-1.7.4.jar:/workspace/lib/jqwik/jqwik-api-1.7.4.jar:/workspace/lib/jqwik/jqwik-engine-1.7.4.jar --scan-class-path /work/jqwik_out/Closure_22/auto_round1_tries200_seed1/classes_b --include-classname .* --include-engine jqwik --config jqwik.database=/workspace/jqwik/Result_auto_Round1/Closure_22/tries200_seed1/reports_buggy/jqwik-database --config jqwik.tries.default=200 --reports-dir /workspace/jqwik/Result_auto_Round1/Closure_22/tries200_seed1/reports_buggy
PLE_FIRST  | try previously failed sample, then previous seed
when-fixed-seed = ALLOW       | fixing the random seed is allowed
edge-cases#mode = NONE        | edge cases are not explicitly generated
seed = 1                      | random seed to reproduce generated values

Sample
------
  arg0:
    new CheckSideEffects.<init>[null, null, Boolean:true].visit[null, new Node.newString[Integer:0, "75"], new Node.<init>[Integer:5, Node[new Node.<init>[Integer:9], new Node.newString["*"], new Node.<init>[Integer:15, Node[]], new Node.newNumber[Double:3.0524339201295616E188]]]]


[36m╷[0m
[36m└─[0m [36mjqwik (JUnit Platform)[0m [32m✔[0m
[36m   └─[0m [36mCheckSideEffects AutoPbtTest[0m [32m✔[0m
[36m      ├─[0m [34mm000 hotSwapScript[0m [32m✔[0m
[36m      ├─[0m [34mm001 process[0m [32m✔[0m
[36m      └─[0m [31mm002 visit[0m [31m✘[0m [31m[regression] com.google.javascript.jscomp.CheckSideEffects.visit(com.google.javascript.jscomp.NodeTraversal,com.google.javascript.rhino.Node,com.google.javascript.rhino.Node)[0m
[36m            [0m[31m     input:    new CheckSideEffects.<init>[null, null, Boolean:true].visit[null, new Node.newString[Integer:0, "75"], new Node.<init>[Integer:5, Node[new Node.<init>[Integer:9], new Node.newString["*"], new Node.<init>[Integer:15, Node[]], new Node.newNumber[Double:3.0524339201295616E188]]]][0m
[36m            [0m[31m     expected: throws java.lang.NullPointerException | this=obj com.google.javascript.jscomp.CheckSideEffects[0m
[36m            [0m[31m     actual:   ret=void | this=obj com.google.javascript.jscomp.CheckSideEffects[0m

Failures (1):
  jqwik (JUnit Platform):CheckSideEffects AutoPbtTest:m002 visit
    MethodSource [className = 'com.google.javascript.jscomp.CheckSideEffects_AutoPbtTest', methodName = 'm002_visit', methodParameterTypes = 'pbt.auto.AutoTarget$Call']
    => java.lang.AssertionError: [regression] com.google.javascript.jscomp.CheckSideEffects.visit(com.google.javascript.jscomp.NodeTraversal,com.google.javascript.rhino.Node,com.google.javascript.rhino.Node)
  input:    new CheckSideEffects.<init>[null, null, Boolean:true].visit[null, new Node.newString[Integer:0, "75"], new Node.<init>[Integer:5, Node[new Node.<init>[Integer:9], new Node.newString["*"], new Node.<init>[Integer:15, Node[]], new Node.newNumber[Double:3.0524339201295616E188]]]]
  expected: throws java.lang.NullPointerException | this=obj com.google.javascript.jscomp.CheckSideEffects
  actual:   ret=void | this=obj com.google.javascript.jscomp.CheckSideEffects
       pbt.auto.AutoTarget.check(AutoTarget.java:127)
       com.google.javascript.jscomp.CheckSideEffects_AutoPbtTest.m002_visit(CheckSideEffects_AutoPbtTest.java:35)
       java.base/jdk.internal.reflect.NativeMethodAccessorImpl.invoke0(Native Method)
       java.base/jdk.internal.reflect.NativeMethodAccessorImpl.invoke(NativeMethodAccessorImpl.java:62)
       java.base/jdk.internal.reflect.DelegatingMethodAccessorImpl.invoke(DelegatingMethodAccessorImpl.java:43)
       java.base/java.lang.reflect.Method.invoke(Method.java:566)
       org.junit.platform.commons.util.ReflectionUtils.invokeMethod(ReflectionUtils.java:727)
       org.junit.platform.commons.support.ReflectionSupport.invokeMethod(ReflectionSupport.java:198)
       net.jqwik.engine.execution.CheckedPropertyFactory.lambda$createRawFunction$1(CheckedPropertyFactory.java:84)
       net.jqwik.engine.execution.CheckedPropertyFactory.lambda$createRawFunction$2(CheckedPropertyFactory.java:91)
       [...]

Test run finished after 2091 ms
[         2 containers found      ]
[         0 containers skipped    ]
[         2 containers started    ]
[         0 containers aborted    ]
[         2 containers successful ]
[         0 containers failed     ]
[         3 tests found           ]
[         0 tests skipped         ]
[         3 tests started         ]
[         0 tests aborted         ]
[         2 tests successful      ]
[         1 tests failed          ]


[exit=1 timeout=False time=3.5s]
