
$ javac -nowarn -encoding UTF-8 -cp /work/Cli_20f/target/classes:/work/Cli_20f/target/lib/junit-3.8.1.jar:/work/Cli_20f/target/test-classes:/work/jqwik_harness:/workspace/lib/jqwik/jqwik-1.7.4.jar:/workspace/lib/jqwik/jqwik-api-1.7.4.jar:/workspace/lib/jqwik/jqwik-engine-1.7.4.jar -d /work/jqwik_out/Cli_20/auto_round2_tries1000_seed1/classes_f /workspace/jqwik/Auto/Cli_20/org/apache/commons/cli/PosixParser_AutoPbtTest.java

[exit=0 timeout=False time=0.7s]

$ javac -nowarn -encoding UTF-8 -cp /work/Cli_20b/target/classes:/work/Cli_20b/target/lib/junit-3.8.1.jar:/work/Cli_20b/target/test-classes:/work/jqwik_harness:/workspace/lib/jqwik/jqwik-1.7.4.jar:/workspace/lib/jqwik/jqwik-api-1.7.4.jar:/workspace/lib/jqwik/jqwik-engine-1.7.4.jar -d /work/jqwik_out/Cli_20/auto_round2_tries1000_seed1/classes_b /workspace/jqwik/Auto/Cli_20/org/apache/commons/cli/PosixParser_AutoPbtTest.java

[exit=0 timeout=False time=0.7s]

$ java -Djava.awt.headless=true -Xss4m -Xmx1g -Dpbt.seed=1 -Dpbt.tries=1000 -Dpbt.snapshot.dir=/work/jqwik_out/Cli_20/auto_round2_tries1000_seed1/snapshots -Dpbt.propertyBudgetMs=5000 -Dpbt.mask=/work/Cli_20f:/work/Cli_20b:/work/jqwik_out/Cli_20/auto_round2_tries1000_seed1/classes_f:/work/jqwik_out/Cli_20/auto_round2_tries1000_seed1/classes_b -Dpbt.mode=record -jar /workspace/lib/jqwik/junit-platform-console-standalone-1.9.3.jar --disable-banner --details tree --class-path /work/jqwik_out/Cli_20/auto_round2_tries1000_seed1/classes_f:/work/Cli_20f/target/classes:/work/Cli_20f/target/lib/junit-3.8.1.jar:/work/Cli_20f/target/test-classes:/work/jqwik_harness:/workspace/lib/jqwik/jqwik-1.7.4.jar:/workspace/lib/jqwik/jqwik-api-1.7.4.jar:/workspace/lib/jqwik/jqwik-engine-1.7.4.jar --scan-class-path /work/jqwik_out/Cli_20/auto_round2_tries1000_seed1/classes_f --include-classname .* --include-engine jqwik --config jqwik.database=/workspace/jqwik/Result_auto_Round2/Cli_20/tries1000_seed1/reports_record/jqwik-database --config jqwik.tries.default=1000 --reports-dir /workspace/jqwik/Result_auto_Round2/Cli_20/tries1000_seed1/reports_record
timestamp = 2026-09-28T21:54:30.795153, PosixParser AutoPbtTest:m001 flatten = 
                              |-----------------------jqwik-----------------------
tries = 1000                  | # of calls to property
checks = 1000                 | # of not rejected calls
generation = RANDOMIZED       | parameters are randomly generated
after-failure = SAMPLE_FIRST  | try previously failed sample, then previous seed
when-fixed-seed = ALLOW       | fixing the random seed is allowed
edge-cases#mode = NONE        | edge cases are not explicitly generated
seed = 1                      | random seed to reproduce generated values


timestamp = 2026-09-28T21:54:31.015911, PosixParser AutoPbtTest:m000 burstToken = 
                              |-----------------------jqwik-----------------------
tries = 1000                  | # of calls to property
checks = 1000                 | # of not rejected calls
generation = RANDOMIZED       | parameters are randomly generated
after-failure = SAMPLE_FIRST  | try previously failed sample, then previous seed
when-fixed-seed = ALLOW       | fixing the random seed is allowed
edge-cases#mode = NONE        | edge cases are not explicitly generated
seed = 1                      | random seed to reproduce generated values


[36m╷[0m
[36m└─[0m [36mjqwik (JUnit Platform)[0m [32m✔[0m
[36m   └─[0m [36mPosixParser AutoPbtTest[0m [32m✔[0m
[36m      ├─[0m [34mm001 flatten[0m [32m✔[0m
[36m      └─[0m [34mm000 burstToken[0m [32m✔[0m

Test run finished after 1527 ms
[         2 containers found      ]
[         0 containers skipped    ]
[         2 containers started    ]
[         0 containers aborted    ]
[         2 containers successful ]
[         0 containers failed     ]
[         2 tests found           ]
[         0 tests skipped         ]
[         2 tests started         ]
[         0 tests aborted         ]
[         2 tests successful      ]
[         0 tests failed          ]


[exit=0 timeout=False time=2.5s]

$ java -Djava.awt.headless=true -Xss4m -Xmx1g -Dpbt.seed=1 -Dpbt.tries=1000 -Dpbt.snapshot.dir=/work/jqwik_out/Cli_20/auto_round2_tries1000_seed1/snapshots -Dpbt.propertyBudgetMs=5000 -Dpbt.mask=/work/Cli_20f:/work/Cli_20b:/work/jqwik_out/Cli_20/auto_round2_tries1000_seed1/classes_f:/work/jqwik_out/Cli_20/auto_round2_tries1000_seed1/classes_b -Dpbt.mode=check -javaagent:/opt/jacoco/lib/jacocoagent.jar=destfile=/workspace/jqwik/Result_auto_Round2/Cli_20/tries1000_seed1/jacoco.exec -jar /workspace/lib/jqwik/junit-platform-console-standalone-1.9.3.jar --disable-banner --details tree --class-path /work/jqwik_out/Cli_20/auto_round2_tries1000_seed1/classes_f:/work/Cli_20f/target/classes:/work/Cli_20f/target/lib/junit-3.8.1.jar:/work/Cli_20f/target/test-classes:/work/jqwik_harness:/workspace/lib/jqwik/jqwik-1.7.4.jar:/workspace/lib/jqwik/jqwik-api-1.7.4.jar:/workspace/lib/jqwik/jqwik-engine-1.7.4.jar --scan-class-path /work/jqwik_out/Cli_20/auto_round2_tries1000_seed1/classes_f --include-classname .* --include-engine jqwik --config jqwik.database=/workspace/jqwik/Result_auto_Round2/Cli_20/tries1000_seed1/reports_fixed/jqwik-database --config jqwik.tries.default=1000 --reports-dir /workspace/jqwik/Result_auto_Round2/Cli_20/tries1000_seed1/reports_fixed
timestamp = 2026-09-28T21:54:33.762235, PosixParser AutoPbtTest:m001 flatten = 
                              |-----------------------jqwik-----------------------
tries = 1000                  | # of calls to property
checks = 1000                 | # of not rejected calls
generation = RANDOMIZED       | parameters are randomly generated
after-failure = SAMPLE_FIRST  | try previously failed sample, then previous seed
when-fixed-seed = ALLOW       | fixing the random seed is allowed
edge-cases#mode = NONE        | edge cases are not explicitly generated
seed = 1                      | random seed to reproduce generated values


timestamp = 2026-09-28T21:54:34.036517, PosixParser AutoPbtTest:m000 burstToken = 
                              |-----------------------jqwik-----------------------
tries = 1000                  | # of calls to property
checks = 1000                 | # of not rejected calls
generation = RANDOMIZED       | parameters are randomly generated
after-failure = SAMPLE_FIRST  | try previously failed sample, then previous seed
when-fixed-seed = ALLOW       | fixing the random seed is allowed
edge-cases#mode = NONE        | edge cases are not explicitly generated
seed = 1                      | random seed to reproduce generated values


[36m╷[0m
[36m└─[0m [36mjqwik (JUnit Platform)[0m [32m✔[0m
[36m   └─[0m [36mPosixParser AutoPbtTest[0m [32m✔[0m
[36m      ├─[0m [34mm001 flatten[0m [32m✔[0m
[36m      └─[0m [34mm000 burstToken[0m [32m✔[0m

Test run finished after 1747 ms
[         2 containers found      ]
[         0 containers skipped    ]
[         2 containers started    ]
[         0 containers aborted    ]
[         2 containers successful ]
[         0 containers failed     ]
[         2 tests found           ]
[         0 tests skipped         ]
[         2 tests started         ]
[         0 tests aborted         ]
[         2 tests successful      ]
[         0 tests failed          ]


[exit=0 timeout=False time=8.6s]

$ java -jar /opt/jacoco/lib/jacococli.jar report /workspace/jqwik/Result_auto_Round2/Cli_20/tries1000_seed1/jacoco.exec --classfiles /work/Cli_20f/target/classes --csv /workspace/jqwik/Result_auto_Round2/Cli_20/tries1000_seed1/jacoco.csv
[INFO] Loading execution data file /workspace/jqwik/Result_auto_Round2/Cli_20/tries1000_seed1/jacoco.exec.
[INFO] Analyzing 20 classes.

[exit=0 timeout=False time=0.3s]

$ java -Djava.awt.headless=true -Xss4m -Xmx1g -Dpbt.seed=1 -Dpbt.tries=1000 -Dpbt.snapshot.dir=/work/jqwik_out/Cli_20/auto_round2_tries1000_seed1/snapshots -Dpbt.propertyBudgetMs=5000 -Dpbt.mask=/work/Cli_20f:/work/Cli_20b:/work/jqwik_out/Cli_20/auto_round2_tries1000_seed1/classes_f:/work/jqwik_out/Cli_20/auto_round2_tries1000_seed1/classes_b -Dpbt.mode=check -jar /workspace/lib/jqwik/junit-platform-console-standalone-1.9.3.jar --disable-banner --details tree --class-path /work/jqwik_out/Cli_20/auto_round2_tries1000_seed1/classes_b:/work/Cli_20b/target/classes:/work/Cli_20b/target/lib/junit-3.8.1.jar:/work/Cli_20b/target/test-classes:/work/jqwik_harness:/workspace/lib/jqwik/jqwik-1.7.4.jar:/workspace/lib/jqwik/jqwik-api-1.7.4.jar:/workspace/lib/jqwik/jqwik-engine-1.7.4.jar --scan-class-path /work/jqwik_out/Cli_20/auto_round2_tries1000_seed1/classes_b --include-classname .* --include-engine jqwik --config jqwik.database=/workspace/jqwik/Result_auto_Round2/Cli_20/tries1000_seed1/reports_buggy/jqwik-database --config jqwik.tries.default=1000 --reports-dir /workspace/jqwik/Result_auto_Round2/Cli_20/tries1000_seed1/reports_buggy
timestamp = 2026-09-28T21:54:43.411355, PosixParser AutoPbtTest:m001 flatten = 
                              |-----------------------jqwik-----------------------
tries = 1000                  | # of calls to property
checks = 1000                 | # of not rejected calls
generation = RANDOMIZED       | parameters are randomly generated
after-failure = SAMPLE_FIRST  | try previously failed sample, then previous seed
when-fixed-seed = ALLOW       | fixing the random seed is allowed
edge-cases#mode = NONE        | edge cases are not explicitly generated
seed = 1                      | random seed to reproduce generated values


timestamp = 2026-09-28T21:54:43.720164, PosixParser AutoPbtTest:m000 burstToken = 
                              |-----------------------jqwik-----------------------
tries = 1000                  | # of calls to property
checks = 1000                 | # of not rejected calls
generation = RANDOMIZED       | parameters are randomly generated
after-failure = SAMPLE_FIRST  | try previously failed sample, then previous seed
when-fixed-seed = ALLOW       | fixing the random seed is allowed
edge-cases#mode = NONE        | edge cases are not explicitly generated
seed = 1                      | random seed to reproduce generated values


[36m╷[0m
[36m└─[0m [36mjqwik (JUnit Platform)[0m [32m✔[0m
[36m   └─[0m [36mPosixParser AutoPbtTest[0m [32m✔[0m
[36m      ├─[0m [34mm001 flatten[0m [32m✔[0m
[36m      └─[0m [34mm000 burstToken[0m [32m✔[0m

Test run finished after 1865 ms
[         2 containers found      ]
[         0 containers skipped    ]
[         2 containers started    ]
[         0 containers aborted    ]
[         2 containers successful ]
[         0 containers failed     ]
[         2 tests found           ]
[         0 tests skipped         ]
[         2 tests started         ]
[         0 tests aborted         ]
[         2 tests successful      ]
[         0 tests failed          ]


[exit=0 timeout=False time=2.9s]
