
$ javac -nowarn -encoding UTF-8 -cp /work/Closure_3f/build/classes:/work/Closure_3f/lib/args4j.jar:/work/Closure_3f/lib/guava.jar:/work/Closure_3f/lib/json.jar:/work/Closure_3f/lib/jsr305.jar:/work/Closure_3f/lib/protobuf-java.jar:/work/Closure_3f/build/lib/rhino.jar:/work/Closure_3f/lib/ant.jar:/work/Closure_3f/lib/ant-launcher.jar:/work/Closure_3f/lib/caja-r4314.jar:/work/Closure_3f/lib/jarjar.jar:/work/Closure_3f/lib/junit.jar:/work/Closure_3f/build/test:/work/jqwik_harness:/workspace/lib/jqwik/jqwik-1.7.4.jar:/workspace/lib/jqwik/jqwik-api-1.7.4.jar:/workspace/lib/jqwik/jqwik-engine-1.7.4.jar -d /work/jqwik_out/Closure_3/auto_round2_tries1000_seed1/classes_f /workspace/jqwik/Auto/Closure_3/com/google/javascript/jscomp/FlowSensitiveInlineVariables_AutoPbtTest.java

[exit=0 timeout=False time=1.0s]

$ javac -nowarn -encoding UTF-8 -cp /work/Closure_3b/build/classes:/work/Closure_3b/lib/args4j.jar:/work/Closure_3b/lib/guava.jar:/work/Closure_3b/lib/json.jar:/work/Closure_3b/lib/jsr305.jar:/work/Closure_3b/lib/protobuf-java.jar:/work/Closure_3b/build/lib/rhino.jar:/work/Closure_3b/lib/ant.jar:/work/Closure_3b/lib/ant-launcher.jar:/work/Closure_3b/lib/caja-r4314.jar:/work/Closure_3b/lib/jarjar.jar:/work/Closure_3b/lib/junit.jar:/work/Closure_3b/build/test:/work/jqwik_harness:/workspace/lib/jqwik/jqwik-1.7.4.jar:/workspace/lib/jqwik/jqwik-api-1.7.4.jar:/workspace/lib/jqwik/jqwik-engine-1.7.4.jar -d /work/jqwik_out/Closure_3/auto_round2_tries1000_seed1/classes_b /workspace/jqwik/Auto/Closure_3/com/google/javascript/jscomp/FlowSensitiveInlineVariables_AutoPbtTest.java

[exit=0 timeout=False time=1.1s]

$ java -Djava.awt.headless=true -Xss4m -Xmx1g -Dpbt.seed=1 -Dpbt.tries=1000 -Dpbt.snapshot.dir=/work/jqwik_out/Closure_3/auto_round2_tries1000_seed1/snapshots -Dpbt.propertyBudgetMs=5000 -Dpbt.mask=/work/Closure_3f:/work/Closure_3b:/work/jqwik_out/Closure_3/auto_round2_tries1000_seed1/classes_f:/work/jqwik_out/Closure_3/auto_round2_tries1000_seed1/classes_b -Dpbt.mode=record -jar /workspace/lib/jqwik/junit-platform-console-standalone-1.9.3.jar --disable-banner --details tree --class-path /work/jqwik_out/Closure_3/auto_round2_tries1000_seed1/classes_f:/work/Closure_3f/build/classes:/work/Closure_3f/lib/args4j.jar:/work/Closure_3f/lib/guava.jar:/work/Closure_3f/lib/json.jar:/work/Closure_3f/lib/jsr305.jar:/work/Closure_3f/lib/protobuf-java.jar:/work/Closure_3f/build/lib/rhino.jar:/work/Closure_3f/lib/ant.jar:/work/Closure_3f/lib/ant-launcher.jar:/work/Closure_3f/lib/caja-r4314.jar:/work/Closure_3f/lib/jarjar.jar:/work/Closure_3f/lib/junit.jar:/work/Closure_3f/build/test:/work/jqwik_harness:/workspace/lib/jqwik/jqwik-1.7.4.jar:/workspace/lib/jqwik/jqwik-api-1.7.4.jar:/workspace/lib/jqwik/jqwik-engine-1.7.4.jar --scan-class-path /work/jqwik_out/Closure_3/auto_round2_tries1000_seed1/classes_f --include-classname .* --include-engine jqwik --config jqwik.database=/workspace/jqwik/Result_auto_Round2/Closure_3/tries1000_seed1/reports_record/jqwik-database --config jqwik.tries.default=1000 --reports-dir /workspace/jqwik/Result_auto_Round2/Closure_3/tries1000_seed1/reports_record
timestamp = 2026-09-30T22:44:46.529837, FlowSensitiveInlineVariables AutoPbtTest:m000 enterScope = 
                              |-----------------------jqwik-----------------------
tries = 26                    | # of calls to property
checks = 26                   | # of not rejected calls
generation = EXHAUSTIVE       | parameters are exhaustively generated
after-failure = SAMPLE_FIRST  | try previously failed sample, then previous seed
when-fixed-seed = ALLOW       | fixing the random seed is allowed
edge-cases#mode = NONE        | edge cases are not explicitly generated
seed = 1                      | random seed to reproduce generated values


timestamp = 2026-09-30T22:44:46.567080, FlowSensitiveInlineVariables AutoPbtTest:m001 exitScope = 
                              |-----------------------jqwik-----------------------
tries = 26                    | # of calls to property
checks = 26                   | # of not rejected calls
generation = EXHAUSTIVE       | parameters are exhaustively generated
after-failure = SAMPLE_FIRST  | try previously failed sample, then previous seed
when-fixed-seed = ALLOW       | fixing the random seed is allowed
edge-cases#mode = NONE        | edge cases are not explicitly generated
seed = 1                      | random seed to reproduce generated values


timestamp = 2026-09-30T22:44:47.852385, FlowSensitiveInlineVariables AutoPbtTest:m002 process = 
                              |-----------------------jqwik-----------------------
tries = 1000                  | # of calls to property
checks = 1000                 | # of not rejected calls
generation = RANDOMIZED       | parameters are randomly generated
after-failure = SAMPLE_FIRST  | try previously failed sample, then previous seed
when-fixed-seed = ALLOW       | fixing the random seed is allowed
edge-cases#mode = NONE        | edge cases are not explicitly generated
seed = 1                      | random seed to reproduce generated values


timestamp = 2026-09-30T22:44:48.534464, FlowSensitiveInlineVariables AutoPbtTest:m003 visit = 
                              |-----------------------jqwik-----------------------
tries = 1000                  | # of calls to property
checks = 1000                 | # of not rejected calls
generation = RANDOMIZED       | parameters are randomly generated
after-failure = SAMPLE_FIRST  | try previously failed sample, then previous seed
when-fixed-seed = ALLOW       | fixing the random seed is allowed
edge-cases#mode = NONE        | edge cases are not explicitly generated
seed = 1                      | random seed to reproduce generated values


[36m╷[0m
[36m└─[0m [36mjqwik (JUnit Platform)[0m [32m✔[0m
[36m   └─[0m [36mFlowSensitiveInlineVariables AutoPbtTest[0m [32m✔[0m
[36m      ├─[0m [34mm000 enterScope[0m [32m✔[0m
[36m      ├─[0m [34mm001 exitScope[0m [32m✔[0m
[36m      ├─[0m [34mm002 process[0m [32m✔[0m
[36m      └─[0m [34mm003 visit[0m [32m✔[0m

Test run finished after 2830 ms
[         2 containers found      ]
[         0 containers skipped    ]
[         2 containers started    ]
[         0 containers aborted    ]
[         2 containers successful ]
[         0 containers failed     ]
[         4 tests found           ]
[         0 tests skipped         ]
[         4 tests started         ]
[         0 tests aborted         ]
[         4 tests successful      ]
[         0 tests failed          ]


[exit=0 timeout=False time=4.0s]

$ java -Djava.awt.headless=true -Xss4m -Xmx1g -Dpbt.seed=1 -Dpbt.tries=1000 -Dpbt.snapshot.dir=/work/jqwik_out/Closure_3/auto_round2_tries1000_seed1/snapshots -Dpbt.propertyBudgetMs=5000 -Dpbt.mask=/work/Closure_3f:/work/Closure_3b:/work/jqwik_out/Closure_3/auto_round2_tries1000_seed1/classes_f:/work/jqwik_out/Closure_3/auto_round2_tries1000_seed1/classes_b -Dpbt.mode=check -javaagent:/opt/jacoco/lib/jacocoagent.jar=destfile=/workspace/jqwik/Result_auto_Round2/Closure_3/tries1000_seed1/jacoco.exec -jar /workspace/lib/jqwik/junit-platform-console-standalone-1.9.3.jar --disable-banner --details tree --class-path /work/jqwik_out/Closure_3/auto_round2_tries1000_seed1/classes_f:/work/Closure_3f/build/classes:/work/Closure_3f/lib/args4j.jar:/work/Closure_3f/lib/guava.jar:/work/Closure_3f/lib/json.jar:/work/Closure_3f/lib/jsr305.jar:/work/Closure_3f/lib/protobuf-java.jar:/work/Closure_3f/build/lib/rhino.jar:/work/Closure_3f/lib/ant.jar:/work/Closure_3f/lib/ant-launcher.jar:/work/Closure_3f/lib/caja-r4314.jar:/work/Closure_3f/lib/jarjar.jar:/work/Closure_3f/lib/junit.jar:/work/Closure_3f/build/test:/work/jqwik_harness:/workspace/lib/jqwik/jqwik-1.7.4.jar:/workspace/lib/jqwik/jqwik-api-1.7.4.jar:/workspace/lib/jqwik/jqwik-engine-1.7.4.jar --scan-class-path /work/jqwik_out/Closure_3/auto_round2_tries1000_seed1/classes_f --include-classname .* --include-engine jqwik --config jqwik.database=/workspace/jqwik/Result_auto_Round2/Closure_3/tries1000_seed1/reports_fixed/jqwik-database --config jqwik.tries.default=1000 --reports-dir /workspace/jqwik/Result_auto_Round2/Closure_3/tries1000_seed1/reports_fixed
timestamp = 2026-09-30T22:44:52.116121, FlowSensitiveInlineVariables AutoPbtTest:m000 enterScope = 
                              |-----------------------jqwik-----------------------
tries = 26                    | # of calls to property
checks = 26                   | # of not rejected calls
generation = EXHAUSTIVE       | parameters are exhaustively generated
after-failure = SAMPLE_FIRST  | try previously failed sample, then previous seed
when-fixed-seed = ALLOW       | fixing the random seed is allowed
edge-cases#mode = NONE        | edge cases are not explicitly generated
seed = 1                      | random seed to reproduce generated values


timestamp = 2026-09-30T22:44:52.177619, FlowSensitiveInlineVariables AutoPbtTest:m001 exitScope = 
                              |-----------------------jqwik-----------------------
tries = 26                    | # of calls to property
checks = 26                   | # of not rejected calls
generation = EXHAUSTIVE       | parameters are exhaustively generated
after-failure = SAMPLE_FIRST  | try previously failed sample, then previous seed
when-fixed-seed = ALLOW       | fixing the random seed is allowed
edge-cases#mode = NONE        | edge cases are not explicitly generated
seed = 1                      | random seed to reproduce generated values


timestamp = 2026-09-30T22:44:53.880572, FlowSensitiveInlineVariables AutoPbtTest:m002 process = 
                              |-----------------------jqwik-----------------------
tries = 1000                  | # of calls to property
checks = 1000                 | # of not rejected calls
generation = RANDOMIZED       | parameters are randomly generated
after-failure = SAMPLE_FIRST  | try previously failed sample, then previous seed
when-fixed-seed = ALLOW       | fixing the random seed is allowed
edge-cases#mode = NONE        | edge cases are not explicitly generated
seed = 1                      | random seed to reproduce generated values


timestamp = 2026-09-30T22:44:54.561430, FlowSensitiveInlineVariables AutoPbtTest:m003 visit = 
                              |-----------------------jqwik-----------------------
tries = 1000                  | # of calls to property
checks = 1000                 | # of not rejected calls
generation = RANDOMIZED       | parameters are randomly generated
after-failure = SAMPLE_FIRST  | try previously failed sample, then previous seed
when-fixed-seed = ALLOW       | fixing the random seed is allowed
edge-cases#mode = NONE        | edge cases are not explicitly generated
seed = 1                      | random seed to reproduce generated values


[36m╷[0m
[36m└─[0m [36mjqwik (JUnit Platform)[0m [32m✔[0m
[36m   └─[0m [36mFlowSensitiveInlineVariables AutoPbtTest[0m [32m✔[0m
[36m      ├─[0m [34mm000 enterScope[0m [32m✔[0m
[36m      ├─[0m [34mm001 exitScope[0m [32m✔[0m
[36m      ├─[0m [34mm002 process[0m [32m✔[0m
[36m      └─[0m [34mm003 visit[0m [32m✔[0m

Test run finished after 3693 ms
[         2 containers found      ]
[         0 containers skipped    ]
[         2 containers started    ]
[         0 containers aborted    ]
[         2 containers successful ]
[         0 containers failed     ]
[         4 tests found           ]
[         0 tests skipped         ]
[         4 tests started         ]
[         0 tests aborted         ]
[         4 tests successful      ]
[         0 tests failed          ]


[exit=0 timeout=False time=11.9s]

$ java -jar /opt/jacoco/lib/jacococli.jar report /workspace/jqwik/Result_auto_Round2/Closure_3/tries1000_seed1/jacoco.exec --classfiles /work/Closure_3f/build/classes --csv /workspace/jqwik/Result_auto_Round2/Closure_3/tries1000_seed1/jacoco.csv
[INFO] Loading execution data file /workspace/jqwik/Result_auto_Round2/Closure_3/tries1000_seed1/jacoco.exec.
[INFO] Analyzing 1182 classes.

[exit=0 timeout=False time=1.7s]

$ java -Djava.awt.headless=true -Xss4m -Xmx1g -Dpbt.seed=1 -Dpbt.tries=1000 -Dpbt.snapshot.dir=/work/jqwik_out/Closure_3/auto_round2_tries1000_seed1/snapshots -Dpbt.propertyBudgetMs=5000 -Dpbt.mask=/work/Closure_3f:/work/Closure_3b:/work/jqwik_out/Closure_3/auto_round2_tries1000_seed1/classes_f:/work/jqwik_out/Closure_3/auto_round2_tries1000_seed1/classes_b -Dpbt.mode=check -jar /workspace/lib/jqwik/junit-platform-console-standalone-1.9.3.jar --disable-banner --details tree --class-path /work/jqwik_out/Closure_3/auto_round2_tries1000_seed1/classes_b:/work/Closure_3b/build/classes:/work/Closure_3b/lib/args4j.jar:/work/Closure_3b/lib/guava.jar:/work/Closure_3b/lib/json.jar:/work/Closure_3b/lib/jsr305.jar:/work/Closure_3b/lib/protobuf-java.jar:/work/Closure_3b/build/lib/rhino.jar:/work/Closure_3b/lib/ant.jar:/work/Closure_3b/lib/ant-launcher.jar:/work/Closure_3b/lib/caja-r4314.jar:/work/Closure_3b/lib/jarjar.jar:/work/Closure_3b/lib/junit.jar:/work/Closure_3b/build/test:/work/jqwik_harness:/workspace/lib/jqwik/jqwik-1.7.4.jar:/workspace/lib/jqwik/jqwik-api-1.7.4.jar:/workspace/lib/jqwik/jqwik-engine-1.7.4.jar --scan-class-path /work/jqwik_out/Closure_3/auto_round2_tries1000_seed1/classes_b --include-classname .* --include-engine jqwik --config jqwik.database=/workspace/jqwik/Result_auto_Round2/Closure_3/tries1000_seed1/reports_buggy/jqwik-database --config jqwik.tries.default=1000 --reports-dir /workspace/jqwik/Result_auto_Round2/Closure_3/tries1000_seed1/reports_buggy
timestamp = 2026-09-30T22:45:05.244639, FlowSensitiveInlineVariables AutoPbtTest:m000 enterScope = 
                              |-----------------------jqwik-----------------------
tries = 26                    | # of calls to property
checks = 26                   | # of not rejected calls
generation = EXHAUSTIVE       | parameters are exhaustively generated
after-failure = SAMPLE_FIRST  | try previously failed sample, then previous seed
when-fixed-seed = ALLOW       | fixing the random seed is allowed
edge-cases#mode = NONE        | edge cases are not explicitly generated
seed = 1                      | random seed to reproduce generated values


timestamp = 2026-09-30T22:45:05.276760, FlowSensitiveInlineVariables AutoPbtTest:m001 exitScope = 
                              |-----------------------jqwik-----------------------
tries = 26                    | # of calls to property
checks = 26                   | # of not rejected calls
generation = EXHAUSTIVE       | parameters are exhaustively generated
after-failure = SAMPLE_FIRST  | try previously failed sample, then previous seed
when-fixed-seed = ALLOW       | fixing the random seed is allowed
edge-cases#mode = NONE        | edge cases are not explicitly generated
seed = 1                      | random seed to reproduce generated values


timestamp = 2026-09-30T22:45:06.500032, FlowSensitiveInlineVariables AutoPbtTest:m002 process = 
                              |-----------------------jqwik-----------------------
tries = 1000                  | # of calls to property
checks = 1000                 | # of not rejected calls
generation = RANDOMIZED       | parameters are randomly generated
after-failure = SAMPLE_FIRST  | try previously failed sample, then previous seed
when-fixed-seed = ALLOW       | fixing the random seed is allowed
edge-cases#mode = NONE        | edge cases are not explicitly generated
seed = 1                      | random seed to reproduce generated values


timestamp = 2026-09-30T22:45:07.144408, FlowSensitiveInlineVariables AutoPbtTest:m003 visit = 
                              |-----------------------jqwik-----------------------
tries = 1000                  | # of calls to property
checks = 1000                 | # of not rejected calls
generation = RANDOMIZED       | parameters are randomly generated
after-failure = SAMPLE_FIRST  | try previously failed sample, then previous seed
when-fixed-seed = ALLOW       | fixing the random seed is allowed
edge-cases#mode = NONE        | edge cases are not explicitly generated
seed = 1                      | random seed to reproduce generated values


[36m╷[0m
[36m└─[0m [36mjqwik (JUnit Platform)[0m [32m✔[0m
[36m   └─[0m [36mFlowSensitiveInlineVariables AutoPbtTest[0m [32m✔[0m
[36m      ├─[0m [34mm000 enterScope[0m [32m✔[0m
[36m      ├─[0m [34mm001 exitScope[0m [32m✔[0m
[36m      ├─[0m [34mm002 process[0m [32m✔[0m
[36m      └─[0m [34mm003 visit[0m [32m✔[0m

Test run finished after 2689 ms
[         2 containers found      ]
[         0 containers skipped    ]
[         2 containers started    ]
[         0 containers aborted    ]
[         2 containers successful ]
[         0 containers failed     ]
[         4 tests found           ]
[         0 tests skipped         ]
[         4 tests started         ]
[         0 tests aborted         ]
[         4 tests successful      ]
[         0 tests failed          ]


[exit=0 timeout=False time=3.8s]
