
$ javac -nowarn -encoding UTF-8 -cp /work/Math_85f/target/classes:/work/Math_85f/target/test-classes:/opt/defects4j/framework/projects/lib/junit-4.12-hamcrest-1.3.jar:/work/jqwik_harness:/workspace/lib/jqwik/jqwik-1.7.4.jar:/workspace/lib/jqwik/jqwik-api-1.7.4.jar:/workspace/lib/jqwik/jqwik-engine-1.7.4.jar -d /work/jqwik_out/Math_85/auto_round2_tries1000_seed1/classes_f /workspace/jqwik/Auto/Math_85/org/apache/commons/math/analysis/solvers/UnivariateRealSolverUtils_AutoPbtTest.java

[exit=0 timeout=False time=1.0s]

$ javac -nowarn -encoding UTF-8 -cp /work/Math_85b/target/classes:/work/Math_85b/target/test-classes:/opt/defects4j/framework/projects/lib/junit-4.12-hamcrest-1.3.jar:/work/jqwik_harness:/workspace/lib/jqwik/jqwik-1.7.4.jar:/workspace/lib/jqwik/jqwik-api-1.7.4.jar:/workspace/lib/jqwik/jqwik-engine-1.7.4.jar -d /work/jqwik_out/Math_85/auto_round2_tries1000_seed1/classes_b /workspace/jqwik/Auto/Math_85/org/apache/commons/math/analysis/solvers/UnivariateRealSolverUtils_AutoPbtTest.java

[exit=0 timeout=False time=1.1s]

$ java -Djava.awt.headless=true -Xss4m -Xmx1g -Dpbt.seed=1 -Dpbt.tries=1000 -Dpbt.snapshot.dir=/work/jqwik_out/Math_85/auto_round2_tries1000_seed1/snapshots -Dpbt.propertyBudgetMs=5000 -Dpbt.mask=/work/Math_85f:/work/Math_85b:/work/jqwik_out/Math_85/auto_round2_tries1000_seed1/classes_f:/work/jqwik_out/Math_85/auto_round2_tries1000_seed1/classes_b -Dpbt.mode=record -jar /workspace/lib/jqwik/junit-platform-console-standalone-1.9.3.jar --disable-banner --details tree --class-path /work/jqwik_out/Math_85/auto_round2_tries1000_seed1/classes_f:/work/Math_85f/target/classes:/work/Math_85f/target/test-classes:/opt/defects4j/framework/projects/lib/junit-4.12-hamcrest-1.3.jar:/work/jqwik_harness:/workspace/lib/jqwik/jqwik-1.7.4.jar:/workspace/lib/jqwik/jqwik-api-1.7.4.jar:/workspace/lib/jqwik/jqwik-engine-1.7.4.jar --scan-class-path /work/jqwik_out/Math_85/auto_round2_tries1000_seed1/classes_f --include-classname .* --include-engine jqwik --config jqwik.database=/workspace/jqwik/Result_auto_Round2/Math_85/tries1000_seed1/reports_record/jqwik-database --config jqwik.tries.default=1000 --reports-dir /workspace/jqwik/Result_auto_Round2/Math_85/tries1000_seed1/reports_record
                       |-----------------------jqwik-----------------------
tries = 1000                  | # of calls to property
checks = 1000                 | # of not rejected calls
generation = RANDOMIZED       | parameters are randomly generated
after-failure = SAMPLE_FIRST  | try previously failed sample, then previous seed
when-fixed-seed = ALLOW       | fixing the random seed is allowed
edge-cases#mode = NONE        | edge cases are not explicitly generated
seed = 1                      | random seed to reproduce generated values


timestamp = 2026-09-30T02:57:36.321145, UnivariateRealSolverUtils AutoPbtTest:m001 bracket = 
                              |-----------------------jqwik-----------------------
tries = 1000                  | # of calls to property
checks = 1000                 | # of not rejected calls
generation = RANDOMIZED       | parameters are randomly generated
after-failure = SAMPLE_FIRST  | try previously failed sample, then previous seed
when-fixed-seed = ALLOW       | fixing the random seed is allowed
edge-cases#mode = NONE        | edge cases are not explicitly generated
seed = 1                      | random seed to reproduce generated values


timestamp = 2026-09-30T02:57:36.689866, UnivariateRealSolverUtils AutoPbtTest:m002 midpoint = 
                              |-----------------------jqwik-----------------------
tries = 1000                  | # of calls to property
checks = 1000                 | # of not rejected calls
generation = RANDOMIZED       | parameters are randomly generated
after-failure = SAMPLE_FIRST  | try previously failed sample, then previous seed
when-fixed-seed = ALLOW       | fixing the random seed is allowed
edge-cases#mode = NONE        | edge cases are not explicitly generated
seed = 1                      | random seed to reproduce generated values


timestamp = 2026-09-30T02:57:37.186585, UnivariateRealSolverUtils AutoPbtTest:m000 bracket = 
                              |-----------------------jqwik-----------------------
tries = 1000                  | # of calls to property
checks = 1000                 | # of not rejected calls
generation = RANDOMIZED       | parameters are randomly generated
after-failure = SAMPLE_FIRST  | try previously failed sample, then previous seed
when-fixed-seed = ALLOW       | fixing the random seed is allowed
edge-cases#mode = NONE        | edge cases are not explicitly generated
seed = 1                      | random seed to reproduce generated values


timestamp = 2026-09-30T02:57:37.460450, UnivariateRealSolverUtils AutoPbtTest:m003 solve = 
                              |-----------------------jqwik-----------------------
tries = 1000                  | # of calls to property
checks = 1000                 | # of not rejected calls
generation = RANDOMIZED       | parameters are randomly generated
after-failure = SAMPLE_FIRST  | try previously failed sample, then previous seed
when-fixed-seed = ALLOW       | fixing the random seed is allowed
edge-cases#mode = NONE        | edge cases are not explicitly generated
seed = 1                      | random seed to reproduce generated values


[36m╷[0m
[36m└─[0m [36mjqwik (JUnit Platform)[0m [32m✔[0m
[36m   └─[0m [36mUnivariateRealSolverUtils AutoPbtTest[0m [32m✔[0m
[36m      ├─[0m [34mm004 solve[0m [32m✔[0m
[36m      ├─[0m [34mm001 bracket[0m [32m✔[0m
[36m      ├─[0m [34mm002 midpoint[0m [32m✔[0m
[36m      ├─[0m [34mm000 bracket[0m [32m✔[0m
[36m      └─[0m [34mm003 solve[0m [32m✔[0m

Test run finished after 2982 ms
[         2 containers found      ]
[         0 containers skipped    ]
[         2 containers started    ]
[         0 containers aborted    ]
[         2 containers successful ]
[         0 containers failed     ]
[         5 tests found           ]
[         0 tests skipped         ]
[         5 tests started         ]
[         0 tests aborted         ]
[         5 tests successful      ]
[         0 tests failed          ]


[exit=0 timeout=False time=4.2s]

$ java -Djava.awt.headless=true -Xss4m -Xmx1g -Dpbt.seed=1 -Dpbt.tries=1000 -Dpbt.snapshot.dir=/work/jqwik_out/Math_85/auto_round2_tries1000_seed1/snapshots -Dpbt.propertyBudgetMs=5000 -Dpbt.mask=/work/Math_85f:/work/Math_85b:/work/jqwik_out/Math_85/auto_round2_tries1000_seed1/classes_f:/work/jqwik_out/Math_85/auto_round2_tries1000_seed1/classes_b -Dpbt.mode=check -javaagent:/opt/jacoco/lib/jacocoagent.jar=destfile=/workspace/jqwik/Result_auto_Round2/Math_85/tries1000_seed1/jacoco.exec -jar /workspace/lib/jqwik/junit-platform-console-standalone-1.9.3.jar --disable-banner --details tree --class-path /work/jqwik_out/Math_85/auto_round2_tries1000_seed1/classes_f:/work/Math_85f/target/classes:/work/Math_85f/target/test-classes:/opt/defects4j/framework/projects/lib/junit-4.12-hamcrest-1.3.jar:/work/jqwik_harness:/workspace/lib/jqwik/jqwik-1.7.4.jar:/workspace/lib/jqwik/jqwik-api-1.7.4.jar:/workspace/lib/jqwik/jqwik-engine-1.7.4.jar --scan-class-path /work/jqwik_out/Math_85/auto_round2_tries1000_seed1/classes_f --include-classname .* --include-engine jqwik --config jqwik.database=/workspace/jqwik/Result_auto_Round2/Math_85/tries1000_seed1/reports_fixed/jqwik-database --config jqwik.tries.default=1000 --reports-dir /workspace/jqwik/Result_auto_Round2/Math_85/tries1000_seed1/reports_fixed
                       |-----------------------jqwik-----------------------
tries = 1000                  | # of calls to property
checks = 1000                 | # of not rejected calls
generation = RANDOMIZED       | parameters are randomly generated
after-failure = SAMPLE_FIRST  | try previously failed sample, then previous seed
when-fixed-seed = ALLOW       | fixing the random seed is allowed
edge-cases#mode = NONE        | edge cases are not explicitly generated
seed = 1                      | random seed to reproduce generated values


timestamp = 2026-09-30T02:57:41.170595, UnivariateRealSolverUtils AutoPbtTest:m001 bracket = 
                              |-----------------------jqwik-----------------------
tries = 1000                  | # of calls to property
checks = 1000                 | # of not rejected calls
generation = RANDOMIZED       | parameters are randomly generated
after-failure = SAMPLE_FIRST  | try previously failed sample, then previous seed
when-fixed-seed = ALLOW       | fixing the random seed is allowed
edge-cases#mode = NONE        | edge cases are not explicitly generated
seed = 1                      | random seed to reproduce generated values


timestamp = 2026-09-30T02:57:41.463835, UnivariateRealSolverUtils AutoPbtTest:m002 midpoint = 
                              |-----------------------jqwik-----------------------
tries = 1000                  | # of calls to property
checks = 1000                 | # of not rejected calls
generation = RANDOMIZED       | parameters are randomly generated
after-failure = SAMPLE_FIRST  | try previously failed sample, then previous seed
when-fixed-seed = ALLOW       | fixing the random seed is allowed
edge-cases#mode = NONE        | edge cases are not explicitly generated
seed = 1                      | random seed to reproduce generated values


timestamp = 2026-09-30T02:57:41.810602, UnivariateRealSolverUtils AutoPbtTest:m000 bracket = 
                              |-----------------------jqwik-----------------------
tries = 1000                  | # of calls to property
checks = 1000                 | # of not rejected calls
generation = RANDOMIZED       | parameters are randomly generated
after-failure = SAMPLE_FIRST  | try previously failed sample, then previous seed
when-fixed-seed = ALLOW       | fixing the random seed is allowed
edge-cases#mode = NONE        | edge cases are not explicitly generated
seed = 1                      | random seed to reproduce generated values


timestamp = 2026-09-30T02:57:42.200679, UnivariateRealSolverUtils AutoPbtTest:m003 solve = 
                              |-----------------------jqwik-----------------------
tries = 1000                  | # of calls to property
checks = 1000                 | # of not rejected calls
generation = RANDOMIZED       | parameters are randomly generated
after-failure = SAMPLE_FIRST  | try previously failed sample, then previous seed
when-fixed-seed = ALLOW       | fixing the random seed is allowed
edge-cases#mode = NONE        | edge cases are not explicitly generated
seed = 1                      | random seed to reproduce generated values


[36m╷[0m
[36m└─[0m [36mjqwik (JUnit Platform)[0m [32m✔[0m
[36m   └─[0m [36mUnivariateRealSolverUtils AutoPbtTest[0m [32m✔[0m
[36m      ├─[0m [34mm004 solve[0m [32m✔[0m
[36m      ├─[0m [34mm001 bracket[0m [32m✔[0m
[36m      ├─[0m [34mm002 midpoint[0m [32m✔[0m
[36m      ├─[0m [34mm000 bracket[0m [32m✔[0m
[36m      └─[0m [34mm003 solve[0m [32m✔[0m

Test run finished after 3155 ms
[         2 containers found      ]
[         0 containers skipped    ]
[         2 containers started    ]
[         0 containers aborted    ]
[         2 containers successful ]
[         0 containers failed     ]
[         5 tests found           ]
[         0 tests skipped         ]
[         5 tests started         ]
[         0 tests aborted         ]
[         5 tests successful      ]
[         0 tests failed          ]


[exit=0 timeout=False time=9.5s]

$ java -jar /opt/jacoco/lib/jacococli.jar report /workspace/jqwik/Result_auto_Round2/Math_85/tries1000_seed1/jacoco.exec --classfiles /work/Math_85f/target/classes --csv /workspace/jqwik/Result_auto_Round2/Math_85/tries1000_seed1/jacoco.csv
[INFO] Loading execution data file /workspace/jqwik/Result_auto_Round2/Math_85/tries1000_seed1/jacoco.exec.
[INFO] Analyzing 353 classes.

[exit=0 timeout=False time=0.8s]

$ java -Djava.awt.headless=true -Xss4m -Xmx1g -Dpbt.seed=1 -Dpbt.tries=1000 -Dpbt.snapshot.dir=/work/jqwik_out/Math_85/auto_round2_tries1000_seed1/snapshots -Dpbt.propertyBudgetMs=5000 -Dpbt.mask=/work/Math_85f:/work/Math_85b:/work/jqwik_out/Math_85/auto_round2_tries1000_seed1/classes_f:/work/jqwik_out/Math_85/auto_round2_tries1000_seed1/classes_b -Dpbt.mode=check -jar /workspace/lib/jqwik/junit-platform-console-standalone-1.9.3.jar --disable-banner --details tree --class-path /work/jqwik_out/Math_85/auto_round2_tries1000_seed1/classes_b:/work/Math_85b/target/classes:/work/Math_85b/target/test-classes:/opt/defects4j/framework/projects/lib/junit-4.12-hamcrest-1.3.jar:/work/jqwik_harness:/workspace/lib/jqwik/jqwik-1.7.4.jar:/workspace/lib/jqwik/jqwik-api-1.7.4.jar:/workspace/lib/jqwik/jqwik-engine-1.7.4.jar --scan-class-path /work/jqwik_out/Math_85/auto_round2_tries1000_seed1/classes_b --include-classname .* --include-engine jqwik --config jqwik.database=/workspace/jqwik/Result_auto_Round2/Math_85/tries1000_seed1/reports_buggy/jqwik-database --config jqwik.tries.default=1000 --reports-dir /workspace/jqwik/Result_auto_Round2/Math_85/tries1000_seed1/reports_buggy
                       |-----------------------jqwik-----------------------
tries = 1000                  | # of calls to property
checks = 1000                 | # of not rejected calls
generation = RANDOMIZED       | parameters are randomly generated
after-failure = SAMPLE_FIRST  | try previously failed sample, then previous seed
when-fixed-seed = ALLOW       | fixing the random seed is allowed
edge-cases#mode = NONE        | edge cases are not explicitly generated
seed = 1                      | random seed to reproduce generated values


timestamp = 2026-09-30T02:57:51.629443, UnivariateRealSolverUtils AutoPbtTest:m001 bracket = 
                              |-----------------------jqwik-----------------------
tries = 1000                  | # of calls to property
checks = 1000                 | # of not rejected calls
generation = RANDOMIZED       | parameters are randomly generated
after-failure = SAMPLE_FIRST  | try previously failed sample, then previous seed
when-fixed-seed = ALLOW       | fixing the random seed is allowed
edge-cases#mode = NONE        | edge cases are not explicitly generated
seed = 1                      | random seed to reproduce generated values


timestamp = 2026-09-30T02:57:51.974956, UnivariateRealSolverUtils AutoPbtTest:m002 midpoint = 
                              |-----------------------jqwik-----------------------
tries = 1000                  | # of calls to property
checks = 1000                 | # of not rejected calls
generation = RANDOMIZED       | parameters are randomly generated
after-failure = SAMPLE_FIRST  | try previously failed sample, then previous seed
when-fixed-seed = ALLOW       | fixing the random seed is allowed
edge-cases#mode = NONE        | edge cases are not explicitly generated
seed = 1                      | random seed to reproduce generated values


timestamp = 2026-09-30T02:57:52.478864, UnivariateRealSolverUtils AutoPbtTest:m000 bracket = 
                              |-----------------------jqwik-----------------------
tries = 1000                  | # of calls to property
checks = 1000                 | # of not rejected calls
generation = RANDOMIZED       | parameters are randomly generated
after-failure = SAMPLE_FIRST  | try previously failed sample, then previous seed
when-fixed-seed = ALLOW       | fixing the random seed is allowed
edge-cases#mode = NONE        | edge cases are not explicitly generated
seed = 1                      | random seed to reproduce generated values


timestamp = 2026-09-30T02:57:52.795063, UnivariateRealSolverUtils AutoPbtTest:m003 solve = 
                              |-----------------------jqwik-----------------------
tries = 1000                  | # of calls to property
checks = 1000                 | # of not rejected calls
generation = RANDOMIZED       | parameters are randomly generated
after-failure = SAMPLE_FIRST  | try previously failed sample, then previous seed
when-fixed-seed = ALLOW       | fixing the random seed is allowed
edge-cases#mode = NONE        | edge cases are not explicitly generated
seed = 1                      | random seed to reproduce generated values


[36m╷[0m
[36m└─[0m [36mjqwik (JUnit Platform)[0m [32m✔[0m
[36m   └─[0m [36mUnivariateRealSolverUtils AutoPbtTest[0m [32m✔[0m
[36m      ├─[0m [34mm004 solve[0m [32m✔[0m
[36m      ├─[0m [34mm001 bracket[0m [32m✔[0m
[36m      ├─[0m [34mm002 midpoint[0m [32m✔[0m
[36m      ├─[0m [34mm000 bracket[0m [32m✔[0m
[36m      └─[0m [34mm003 solve[0m [32m✔[0m

Test run finished after 2698 ms
[         2 containers found      ]
[         0 containers skipped    ]
[         2 containers started    ]
[         0 containers aborted    ]
[         2 containers successful ]
[         0 containers failed     ]
[         5 tests found           ]
[         0 tests skipped         ]
[         5 tests started         ]
[         0 tests aborted         ]
[         5 tests successful      ]
[         0 tests failed          ]


[exit=0 timeout=False time=3.7s]
