
$ javac -nowarn -encoding UTF-8 -cp /work/Closure_125f/build/classes:/work/Closure_125f/lib/args4j.jar:/work/Closure_125f/lib/guava.jar:/work/Closure_125f/lib/json.jar:/work/Closure_125f/lib/jsr305.jar:/work/Closure_125f/lib/protobuf-java.jar:/work/Closure_125f/build/lib/rhino.jar:/work/Closure_125f/lib/ant.jar:/work/Closure_125f/lib/ant-launcher.jar:/work/Closure_125f/lib/caja-r4314.jar:/work/Closure_125f/lib/jarjar.jar:/work/Closure_125f/lib/junit.jar:/work/Closure_125f/build/test:/work/jqwik_harness:/workspace/lib/jqwik/jqwik-1.7.4.jar:/workspace/lib/jqwik/jqwik-api-1.7.4.jar:/workspace/lib/jqwik/jqwik-engine-1.7.4.jar -d /work/jqwik_out/Closure_125/auto_round1_tries200_seed2/classes_f /workspace/jqwik/Auto/Closure_125/com/google/javascript/jscomp/TypeCheck_AutoPbtTest.java

[exit=0 timeout=False time=1.4s]

$ javac -nowarn -encoding UTF-8 -cp /work/Closure_125b/build/classes:/work/Closure_125b/lib/args4j.jar:/work/Closure_125b/lib/guava.jar:/work/Closure_125b/lib/json.jar:/work/Closure_125b/lib/jsr305.jar:/work/Closure_125b/lib/protobuf-java.jar:/work/Closure_125b/build/lib/rhino.jar:/work/Closure_125b/lib/ant.jar:/work/Closure_125b/lib/ant-launcher.jar:/work/Closure_125b/lib/caja-r4314.jar:/work/Closure_125b/lib/jarjar.jar:/work/Closure_125b/lib/junit.jar:/work/Closure_125b/build/test:/work/jqwik_harness:/workspace/lib/jqwik/jqwik-1.7.4.jar:/workspace/lib/jqwik/jqwik-api-1.7.4.jar:/workspace/lib/jqwik/jqwik-engine-1.7.4.jar -d /work/jqwik_out/Closure_125/auto_round1_tries200_seed2/classes_b /workspace/jqwik/Auto/Closure_125/com/google/javascript/jscomp/TypeCheck_AutoPbtTest.java

[exit=0 timeout=False time=1.3s]

$ java -Djava.awt.headless=true -Xss4m -Xmx1g -Dpbt.seed=2 -Dpbt.tries=200 -Dpbt.snapshot.dir=/work/jqwik_out/Closure_125/auto_round1_tries200_seed2/snapshots -Dpbt.propertyBudgetMs=5000 -Dpbt.mask=/work/Closure_125f:/work/Closure_125b:/work/jqwik_out/Closure_125/auto_round1_tries200_seed2/classes_f:/work/jqwik_out/Closure_125/auto_round1_tries200_seed2/classes_b -Dpbt.mode=record -jar /workspace/lib/jqwik/junit-platform-console-standalone-1.9.3.jar --disable-banner --details tree --class-path /work/jqwik_out/Closure_125/auto_round1_tries200_seed2/classes_f:/work/Closure_125f/build/classes:/work/Closure_125f/lib/args4j.jar:/work/Closure_125f/lib/guava.jar:/work/Closure_125f/lib/json.jar:/work/Closure_125f/lib/jsr305.jar:/work/Closure_125f/lib/protobuf-java.jar:/work/Closure_125f/build/lib/rhino.jar:/work/Closure_125f/lib/ant.jar:/work/Closure_125f/lib/ant-launcher.jar:/work/Closure_125f/lib/caja-r4314.jar:/work/Closure_125f/lib/jarjar.jar:/work/Closure_125f/lib/junit.jar:/work/Closure_125f/build/test:/work/jqwik_harness:/workspace/lib/jqwik/jqwik-1.7.4.jar:/workspace/lib/jqwik/jqwik-api-1.7.4.jar:/workspace/lib/jqwik/jqwik-engine-1.7.4.jar --scan-class-path /work/jqwik_out/Closure_125/auto_round1_tries200_seed2/classes_f --include-classname .* --include-engine jqwik --config jqwik.database=/workspace/jqwik/Result_auto_Round1/Closure_125/tries200_seed2/reports_record/jqwik-database --config jqwik.tries.default=200 --reports-dir /workspace/jqwik/Result_auto_Round1/Closure_125/tries200_seed2/reports_record
erty
checks = 200                  | # of not rejected calls
generation = RANDOMIZED       | parameters are randomly generated
after-failure = SAMPLE_FIRST  | try previously failed sample, then previous seed
when-fixed-seed = ALLOW       | fixing the random seed is allowed
edge-cases#mode = NONE        | edge cases are not explicitly generated
seed = 2                      | random seed to reproduce generated values


timestamp = 2026-09-30T22:11:13.007042, TypeCheck AutoPbtTest:m003 processForTesting = 
                              |-----------------------jqwik-----------------------
tries = 200                   | # of calls to property
checks = 200                  | # of not rejected calls
generation = RANDOMIZED       | parameters are randomly generated
after-failure = SAMPLE_FIRST  | try previously failed sample, then previous seed
when-fixed-seed = ALLOW       | fixing the random seed is allowed
edge-cases#mode = NONE        | edge cases are not explicitly generated
seed = 2                      | random seed to reproduce generated values


timestamp = 2026-09-30T22:11:13.190277, TypeCheck AutoPbtTest:m006 visit = 
                              |-----------------------jqwik-----------------------
tries = 200                   | # of calls to property
checks = 200                  | # of not rejected calls
generation = RANDOMIZED       | parameters are randomly generated
after-failure = SAMPLE_FIRST  | try previously failed sample, then previous seed
when-fixed-seed = ALLOW       | fixing the random seed is allowed
edge-cases#mode = NONE        | edge cases are not explicitly generated
seed = 2                      | random seed to reproduce generated values


timestamp = 2026-09-30T22:11:13.376771, TypeCheck AutoPbtTest:m007 visitName = 
                              |-----------------------jqwik-----------------------
tries = 200                   | # of calls to property
checks = 200                  | # of not rejected calls
generation = RANDOMIZED       | parameters are randomly generated
after-failure = SAMPLE_FIRST  | try previously failed sample, then previous seed
when-fixed-seed = ALLOW       | fixing the random seed is allowed
edge-cases#mode = NONE        | edge cases are not explicitly generated
seed = 2                      | random seed to reproduce generated values


timestamp = 2026-09-30T22:11:13.570962, TypeCheck AutoPbtTest:m002 process = 
                              |-----------------------jqwik-----------------------
tries = 200                   | # of calls to property
checks = 200                  | # of not rejected calls
generation = RANDOMIZED       | parameters are randomly generated
after-failure = SAMPLE_FIRST  | try previously failed sample, then previous seed
when-fixed-seed = ALLOW       | fixing the random seed is allowed
edge-cases#mode = NONE        | edge cases are not explicitly generated
seed = 2                      | random seed to reproduce generated values


[36m╷[0m
[36m└─[0m [36mjqwik (JUnit Platform)[0m [32m✔[0m
[36m   └─[0m [36mTypeCheck AutoPbtTest[0m [32m✔[0m
[36m      ├─[0m [34mm004 reportMissingProperties[0m [32m✔[0m
[36m      ├─[0m [34mm001 getTypedPercent[0m [32m✔[0m
[36m      ├─[0m [34mm005 shouldTraverse[0m [32m✔[0m
[36m      ├─[0m [34mm000 check[0m [32m✔[0m
[36m      ├─[0m [34mm003 processForTesting[0m [32m✔[0m
[36m      ├─[0m [34mm006 visit[0m [32m✔[0m
[36m      ├─[0m [34mm007 visitName[0m [32m✔[0m
[36m      └─[0m [34mm002 process[0m [32m✔[0m

Test run finished after 2589 ms
[         2 containers found      ]
[         0 containers skipped    ]
[         2 containers started    ]
[         0 containers aborted    ]
[         2 containers successful ]
[         0 containers failed     ]
[         8 tests found           ]
[         0 tests skipped         ]
[         8 tests started         ]
[         0 tests aborted         ]
[         8 tests successful      ]
[         0 tests failed          ]


[exit=0 timeout=False time=4.1s]

$ java -Djava.awt.headless=true -Xss4m -Xmx1g -Dpbt.seed=2 -Dpbt.tries=200 -Dpbt.snapshot.dir=/work/jqwik_out/Closure_125/auto_round1_tries200_seed2/snapshots -Dpbt.propertyBudgetMs=5000 -Dpbt.mask=/work/Closure_125f:/work/Closure_125b:/work/jqwik_out/Closure_125/auto_round1_tries200_seed2/classes_f:/work/jqwik_out/Closure_125/auto_round1_tries200_seed2/classes_b -Dpbt.mode=check -javaagent:/opt/jacoco/lib/jacocoagent.jar=destfile=/workspace/jqwik/Result_auto_Round1/Closure_125/tries200_seed2/jacoco.exec -jar /workspace/lib/jqwik/junit-platform-console-standalone-1.9.3.jar --disable-banner --details tree --class-path /work/jqwik_out/Closure_125/auto_round1_tries200_seed2/classes_f:/work/Closure_125f/build/classes:/work/Closure_125f/lib/args4j.jar:/work/Closure_125f/lib/guava.jar:/work/Closure_125f/lib/json.jar:/work/Closure_125f/lib/jsr305.jar:/work/Closure_125f/lib/protobuf-java.jar:/work/Closure_125f/build/lib/rhino.jar:/work/Closure_125f/lib/ant.jar:/work/Closure_125f/lib/ant-launcher.jar:/work/Closure_125f/lib/caja-r4314.jar:/work/Closure_125f/lib/jarjar.jar:/work/Closure_125f/lib/junit.jar:/work/Closure_125f/build/test:/work/jqwik_harness:/workspace/lib/jqwik/jqwik-1.7.4.jar:/workspace/lib/jqwik/jqwik-api-1.7.4.jar:/workspace/lib/jqwik/jqwik-engine-1.7.4.jar --scan-class-path /work/jqwik_out/Closure_125/auto_round1_tries200_seed2/classes_f --include-classname .* --include-engine jqwik --config jqwik.database=/workspace/jqwik/Result_auto_Round1/Closure_125/tries200_seed2/reports_fixed/jqwik-database --config jqwik.tries.default=200 --reports-dir /workspace/jqwik/Result_auto_Round1/Closure_125/tries200_seed2/reports_fixed
erty
checks = 200                  | # of not rejected calls
generation = RANDOMIZED       | parameters are randomly generated
after-failure = SAMPLE_FIRST  | try previously failed sample, then previous seed
when-fixed-seed = ALLOW       | fixing the random seed is allowed
edge-cases#mode = NONE        | edge cases are not explicitly generated
seed = 2                      | random seed to reproduce generated values


timestamp = 2026-09-30T22:11:19.798231, TypeCheck AutoPbtTest:m003 processForTesting = 
                              |-----------------------jqwik-----------------------
tries = 200                   | # of calls to property
checks = 200                  | # of not rejected calls
generation = RANDOMIZED       | parameters are randomly generated
after-failure = SAMPLE_FIRST  | try previously failed sample, then previous seed
when-fixed-seed = ALLOW       | fixing the random seed is allowed
edge-cases#mode = NONE        | edge cases are not explicitly generated
seed = 2                      | random seed to reproduce generated values


timestamp = 2026-09-30T22:11:20.064672, TypeCheck AutoPbtTest:m006 visit = 
                              |-----------------------jqwik-----------------------
tries = 200                   | # of calls to property
checks = 200                  | # of not rejected calls
generation = RANDOMIZED       | parameters are randomly generated
after-failure = SAMPLE_FIRST  | try previously failed sample, then previous seed
when-fixed-seed = ALLOW       | fixing the random seed is allowed
edge-cases#mode = NONE        | edge cases are not explicitly generated
seed = 2                      | random seed to reproduce generated values


timestamp = 2026-09-30T22:11:20.365749, TypeCheck AutoPbtTest:m007 visitName = 
                              |-----------------------jqwik-----------------------
tries = 200                   | # of calls to property
checks = 200                  | # of not rejected calls
generation = RANDOMIZED       | parameters are randomly generated
after-failure = SAMPLE_FIRST  | try previously failed sample, then previous seed
when-fixed-seed = ALLOW       | fixing the random seed is allowed
edge-cases#mode = NONE        | edge cases are not explicitly generated
seed = 2                      | random seed to reproduce generated values


timestamp = 2026-09-30T22:11:20.665308, TypeCheck AutoPbtTest:m002 process = 
                              |-----------------------jqwik-----------------------
tries = 200                   | # of calls to property
checks = 200                  | # of not rejected calls
generation = RANDOMIZED       | parameters are randomly generated
after-failure = SAMPLE_FIRST  | try previously failed sample, then previous seed
when-fixed-seed = ALLOW       | fixing the random seed is allowed
edge-cases#mode = NONE        | edge cases are not explicitly generated
seed = 2                      | random seed to reproduce generated values


[36m╷[0m
[36m└─[0m [36mjqwik (JUnit Platform)[0m [32m✔[0m
[36m   └─[0m [36mTypeCheck AutoPbtTest[0m [32m✔[0m
[36m      ├─[0m [34mm004 reportMissingProperties[0m [32m✔[0m
[36m      ├─[0m [34mm001 getTypedPercent[0m [32m✔[0m
[36m      ├─[0m [34mm005 shouldTraverse[0m [32m✔[0m
[36m      ├─[0m [34mm000 check[0m [32m✔[0m
[36m      ├─[0m [34mm003 processForTesting[0m [32m✔[0m
[36m      ├─[0m [34mm006 visit[0m [32m✔[0m
[36m      ├─[0m [34mm007 visitName[0m [32m✔[0m
[36m      └─[0m [34mm002 process[0m [32m✔[0m

Test run finished after 5000 ms
[         2 containers found      ]
[         0 containers skipped    ]
[         2 containers started    ]
[         0 containers aborted    ]
[         2 containers successful ]
[         0 containers failed     ]
[         8 tests found           ]
[         0 tests skipped         ]
[         8 tests started         ]
[         0 tests aborted         ]
[         8 tests successful      ]
[         0 tests failed          ]


[exit=0 timeout=False time=15.3s]

$ java -jar /opt/jacoco/lib/jacococli.jar report /workspace/jqwik/Result_auto_Round1/Closure_125/tries200_seed2/jacoco.exec --classfiles /work/Closure_125f/build/classes --csv /workspace/jqwik/Result_auto_Round1/Closure_125/tries200_seed2/jacoco.csv
[INFO] Loading execution data file /workspace/jqwik/Result_auto_Round1/Closure_125/tries200_seed2/jacoco.exec.
[INFO] Analyzing 1211 classes.

[exit=0 timeout=False time=1.7s]

$ java -Djava.awt.headless=true -Xss4m -Xmx1g -Dpbt.seed=2 -Dpbt.tries=200 -Dpbt.snapshot.dir=/work/jqwik_out/Closure_125/auto_round1_tries200_seed2/snapshots -Dpbt.propertyBudgetMs=5000 -Dpbt.mask=/work/Closure_125f:/work/Closure_125b:/work/jqwik_out/Closure_125/auto_round1_tries200_seed2/classes_f:/work/jqwik_out/Closure_125/auto_round1_tries200_seed2/classes_b -Dpbt.mode=check -jar /workspace/lib/jqwik/junit-platform-console-standalone-1.9.3.jar --disable-banner --details tree --class-path /work/jqwik_out/Closure_125/auto_round1_tries200_seed2/classes_b:/work/Closure_125b/build/classes:/work/Closure_125b/lib/args4j.jar:/work/Closure_125b/lib/guava.jar:/work/Closure_125b/lib/json.jar:/work/Closure_125b/lib/jsr305.jar:/work/Closure_125b/lib/protobuf-java.jar:/work/Closure_125b/build/lib/rhino.jar:/work/Closure_125b/lib/ant.jar:/work/Closure_125b/lib/ant-launcher.jar:/work/Closure_125b/lib/caja-r4314.jar:/work/Closure_125b/lib/jarjar.jar:/work/Closure_125b/lib/junit.jar:/work/Closure_125b/build/test:/work/jqwik_harness:/workspace/lib/jqwik/jqwik-1.7.4.jar:/workspace/lib/jqwik/jqwik-api-1.7.4.jar:/workspace/lib/jqwik/jqwik-engine-1.7.4.jar --scan-class-path /work/jqwik_out/Closure_125/auto_round1_tries200_seed2/classes_b --include-classname .* --include-engine jqwik --config jqwik.database=/workspace/jqwik/Result_auto_Round1/Closure_125/tries200_seed2/reports_buggy/jqwik-database --config jqwik.tries.default=200 --reports-dir /workspace/jqwik/Result_auto_Round1/Closure_125/tries200_seed2/reports_buggy
erty
checks = 200                  | # of not rejected calls
generation = RANDOMIZED       | parameters are randomly generated
after-failure = SAMPLE_FIRST  | try previously failed sample, then previous seed
when-fixed-seed = ALLOW       | fixing the random seed is allowed
edge-cases#mode = NONE        | edge cases are not explicitly generated
seed = 2                      | random seed to reproduce generated values


timestamp = 2026-09-30T22:11:34.813475, TypeCheck AutoPbtTest:m003 processForTesting = 
                              |-----------------------jqwik-----------------------
tries = 200                   | # of calls to property
checks = 200                  | # of not rejected calls
generation = RANDOMIZED       | parameters are randomly generated
after-failure = SAMPLE_FIRST  | try previously failed sample, then previous seed
when-fixed-seed = ALLOW       | fixing the random seed is allowed
edge-cases#mode = NONE        | edge cases are not explicitly generated
seed = 2                      | random seed to reproduce generated values


timestamp = 2026-09-30T22:11:34.973452, TypeCheck AutoPbtTest:m006 visit = 
                              |-----------------------jqwik-----------------------
tries = 200                   | # of calls to property
checks = 200                  | # of not rejected calls
generation = RANDOMIZED       | parameters are randomly generated
after-failure = SAMPLE_FIRST  | try previously failed sample, then previous seed
when-fixed-seed = ALLOW       | fixing the random seed is allowed
edge-cases#mode = NONE        | edge cases are not explicitly generated
seed = 2                      | random seed to reproduce generated values


timestamp = 2026-09-30T22:11:35.104542, TypeCheck AutoPbtTest:m007 visitName = 
                              |-----------------------jqwik-----------------------
tries = 200                   | # of calls to property
checks = 200                  | # of not rejected calls
generation = RANDOMIZED       | parameters are randomly generated
after-failure = SAMPLE_FIRST  | try previously failed sample, then previous seed
when-fixed-seed = ALLOW       | fixing the random seed is allowed
edge-cases#mode = NONE        | edge cases are not explicitly generated
seed = 2                      | random seed to reproduce generated values


timestamp = 2026-09-30T22:11:35.246890, TypeCheck AutoPbtTest:m002 process = 
                              |-----------------------jqwik-----------------------
tries = 200                   | # of calls to property
checks = 200                  | # of not rejected calls
generation = RANDOMIZED       | parameters are randomly generated
after-failure = SAMPLE_FIRST  | try previously failed sample, then previous seed
when-fixed-seed = ALLOW       | fixing the random seed is allowed
edge-cases#mode = NONE        | edge cases are not explicitly generated
seed = 2                      | random seed to reproduce generated values


[36m╷[0m
[36m└─[0m [36mjqwik (JUnit Platform)[0m [32m✔[0m
[36m   └─[0m [36mTypeCheck AutoPbtTest[0m [32m✔[0m
[36m      ├─[0m [34mm004 reportMissingProperties[0m [32m✔[0m
[36m      ├─[0m [34mm001 getTypedPercent[0m [32m✔[0m
[36m      ├─[0m [34mm005 shouldTraverse[0m [32m✔[0m
[36m      ├─[0m [34mm000 check[0m [32m✔[0m
[36m      ├─[0m [34mm003 processForTesting[0m [32m✔[0m
[36m      ├─[0m [34mm006 visit[0m [32m✔[0m
[36m      ├─[0m [34mm007 visitName[0m [32m✔[0m
[36m      └─[0m [34mm002 process[0m [32m✔[0m

Test run finished after 2407 ms
[         2 containers found      ]
[         0 containers skipped    ]
[         2 containers started    ]
[         0 containers aborted    ]
[         2 containers successful ]
[         0 containers failed     ]
[         8 tests found           ]
[         0 tests skipped         ]
[         8 tests started         ]
[         0 tests aborted         ]
[         8 tests successful      ]
[         0 tests failed          ]


[exit=0 timeout=False time=3.5s]
