
$ defects4j compile -w /work/Closure_90f
Running ant (compile)...................................................... OK
Running ant (compile.tests)................................................ OK

[exit=0 timeout=False time=0.8s]

$ defects4j compile -w /work/Closure_90b
Running ant (compile)...................................................... OK
Running ant (compile.tests)................................................ OK

[exit=0 timeout=False time=0.8s]

$ java -Djava.awt.headless=true -cp /opt/defects4j/framework/projects/lib/junit-4.12-hamcrest-1.3.jar:/opt/evosuite/evosuite-1.2.0.jar:/work/Closure_90f/build/classes:/work/Closure_90f/lib/ant_deploy.jar:/work/Closure_90f/lib/args4j_deploy.jar:/work/Closure_90f/lib/guava-r06.jar:/work/Closure_90f/lib/hamcrest-core-1.1.jar:/work/Closure_90f/lib/json.jar:/work/Closure_90f/lib/jsr305.jar:/work/Closure_90f/lib/libtrunk_rhino_parser_jarjared.jar:/work/Closure_90f/lib/protobuf-java-2.3.0.jar:/work/Closure_90f/build/test org.evosuite.EvoSuite -generateSuite -class com.google.javascript.jscomp.FunctionTypeBuilder -projectCP /opt/defects4j/framework/projects/lib/junit-4.12-hamcrest-1.3.jar:/work/Closure_90f/build/classes:/work/Closure_90f/lib/ant_deploy.jar:/work/Closure_90f/lib/args4j_deploy.jar:/work/Closure_90f/lib/guava-r06.jar:/work/Closure_90f/lib/hamcrest-core-1.1.jar:/work/Closure_90f/lib/json.jar:/work/Closure_90f/lib/jsr305.jar:/work/Closure_90f/lib/libtrunk_rhino_parser_jarjared.jar:/work/Closure_90f/lib/protobuf-java-2.3.0.jar:/work/Closure_90f/build/test -Dcriterion=LINE:BRANCH:EXCEPTION -Dsearch_budget=120 -seed 1 -Dtest_dir=/work/evo_out/Closure_90f/budget120_seed1/tests -Dreport_dir=/work/evo_out/Closure_90f/budget120_seed1/report
* EvoSuite 1.2.0
* Going to generate test cases for class: com.google.javascript.jscomp.FunctionTypeBuilder
* Starting Client-0
* Connecting to master process on port 9922
* Analyzing classpath: 
  - /opt/defects4j/framework/projects/lib/junit-4.12-hamcrest-1.3.jar
  - /work/Closure_90f/build/classes
  - /work/Closure_90f/lib/ant_deploy.jar
  - /work/Closure_90f/lib/args4j_deploy.jar
  - /work/Closure_90f/lib/guava-r06.jar
  - /work/Closure_90f/lib/hamcrest-core-1.1.jar
  - /work/Closure_90f/lib/json.jar
  - /work/Closure_90f/lib/jsr305.jar
  - /work/Closure_90f/lib/libtrunk_rhino_parser_jarjared.jar
  - /work/Closure_90f/lib/protobuf-java-2.3.0.jar
  - /work/Closure_90f/build/test
[MASTER] 06:17:30.500 [logback-1] WARN  InheritanceTree - Class not in inheritance graph: java.util.Locale$IsoCountryCode
[MASTER] 06:17:30.535 [logback-1] WARN  InheritanceTree - Class not in inheritance graph: java.io.ObjectInputFilter
[MASTER] 06:17:30.761 [logback-1] WARN  InheritanceTree - Class not in inheritance graph: java.lang.module.ModuleFinder
* Finished analyzing classpath
* Generating tests for class com.google.javascript.jscomp.FunctionTypeBuilder
* Test criteria:
  - Line Coverage
  - Branch Coverage
  - Exception
* Setting up search algorithm for whole suite generation
* Total number of test goals: 
  - Line 289
  - Branch 243
  - Exception 0

[Progress:>                             0%] [Cov:>                                  0%]* Using seed 1
* Starting evolution
[MASTER] 06:17:32.648 [logback-1] WARN  TestCluster - Failed to check cache for java.lang.Comparable<T> : Type points to itself
[MASTER] 06:17:33.028 [logback-1] WARN  MSecurityManager - SUT asked for a runtime permission that EvoSuite does not recognize: getStackWalkerWithClassReference

[Progress:>                             0%] [Cov:>                                  1%]
[Progress:>                             0%] [Cov:===========>                       34%]
[Progress:>                             1%] [Cov:>                                  1%]
[Progress:>                             1%] [Cov:============>                      35%]
[Progress:>                             1%] [Cov:============>                      36%]
[Progress:>                             2%] [Cov:>                                  0%]
[Progress:>                             2%] [Cov:===========>                       33%]
[Progress:>                             2%] [Cov:===========>                       34%]
[Progress:>                             2%] [Cov:============>                      35%]
[Progress:>                             2%] [Cov:===========>                       34%]
[Progress:>                             2%] [Cov:============>                      35%]
[Progress:>                             2%] [Cov:============>                      36%]
[Progress:>                             2%] [Cov:============>                      36%]
[Progress:>                             2%] [Cov:============>                      36%]
[Progress:>                             3%] [Cov:============>                      36%]
[Progress:>                             3%] [Cov:============>                      36%]
[Progress:>                             3%] [Cov:============>                      36%]
[Progress:>                             3%] [Cov:============>                      36%]
[Progress:>                             3%] [Cov:============>                      36%]
[Progress:>                             3%] [Cov:============>                      36%]
[Progress:>                             3%] [Cov:============>                      36%]
[Progress:>                             3%] [Cov:============>                      36%]
[Progress:=>                            4%] [Cov:============>                      36%]
[Progress:=>                            4%] [Cov:============>                      36%]
[Progress:=>                            4%] [Cov:============>                      36%]
[Progress:=>                            4%] [Cov:============>                      36%]
[Progress:=>                            4%] [Cov:============>                      37%]
[Progress:=>                            4%] [Cov:============>                      37%]
[Progress:=>                            4%] [Cov:============>                      37%]
[Progress:=>                            4%] [Cov:============>                      37%]
[Progress:=>                            4%] [Cov:============>                      37%]
[Progress:=>                            5%] [Cov:============>                      37%]
[Progress:=>                            5%] [Cov:============>                      37%]
[Progress:=>                            5%] [Cov:============>                      37%]
[Progress:=>                            5%] [Cov:============>                      37%]
[Progress:=>                            5%] [Cov:============>                      37%]
[Progress:=>                            5%] [Cov:============>                      37%]
[Progress:=>                            5%] [Cov:============>                      37%]
[Progress:=>                            5%] [Cov:============>                      37%]
[Progress:=>                            5%] [Cov:============>                      37%]
[Progress:=>                            5%] [Cov:=============>                     39%]
[Progress:=>                            5%] [Cov:==============>                    41%]
[Progress:=>                            5%] [Cov:==============>                    42%]
[Progress:=>                            5%] [Cov:===============>                   44%]
[Progress:=>                            5%] [Cov:===============>                   45%]
[Progress:=>                            5%] [Cov:===============>                   45%]
[Progress:=>                            5%] [Cov:===============>                   45%]
[Progress:=>                            5%] [Cov:===============>                   45%]
[Progress:=>                            5%] [Cov:===============>                   45%]
[Progress:=>                            5%] [Cov:================>                  47%]
[Progress:=>                            5%] [Cov:================>                  47%]
[Progress:=>                            5%] [Cov:================>                  47%]
[Progress:=>                            6%] [Cov:================>                  47%]
[Progress:=>                            6%] [Cov:================>                  47%]
[Progress:=>                            6%] [Cov:================>                  47%]
[Progress:=>                            6%] [Cov:================>                  47%]
[Progress:=>                            6%] [Cov:================>                  48%]
[Progress:=>                            6%] [Cov:================>                  48%]
[Progress:=>                            6%] [Cov:================>                  48%]
[Progress:=>                            6%] [Cov:================>                  48%]
[Progress:==>                           7%] [Cov:================>                  48%]
[Progress:==>                           7%] [Cov:================>                  48%]
[Progress:==>                           7%] [Cov:================>                  48%]
[Progress:==>                           7%] [Cov:=================>                 49%]
[Progress:==>                           7%] [Cov:=================>                 49%]
[Progress:==>                           7%] [Cov:=================>                 49%]
[Progress:==>                           7%] [Cov:=================>                 49%]
[Progress:==>                           7%] [Cov:=================>                 49%]
[Progress:==>                           7%] [Cov:=================>                 49%]
[Progress:==>                           8%] [Cov:=================>                 49%]
[Progress:==>                           8%] [Cov:=================>                 49%]
[Progress:==>                           8%] [Cov:=================>                 49%]
[Progress:==>                           8%] [Cov:=================>                 50%]
[Progress:==>                           8%] [Cov:=================>                 51%]
[Progress:==>                           8%] [Cov:=================>                 51%]
[Progress:==>                           8%] [Cov:=================>                 51%]
[Progress:==>                           8%] [Cov:=================>                 51%]
[Progress:==>                           9%] [Cov:=================>                 51%]
[Progress:==>                           9%] [Cov:=================>                 51%]
[Progress:==>                           9%] [Cov:=================>                 51%]
[Progress:==>                           9%] [Cov:=================>                 51%]
[Progress:==>                           9%] [Cov:=================>                 51%]
[Progress:==>                           9%] [Cov:=================>                 51%]
[Progress:==>                           9%] [Cov:=================>                 51%]
[Progress:===>                          10%] [Cov:=================>                 51%]
[Progress:===>                          10%] [Cov:=================>                 51%]
[Progress:===>                          10%] [Cov:=================>                 51%]
[Progress:===>                          10%] [Cov:=================>                 51%]
[Progress:===>                          10%] [Cov:==================>                52%]
[Progress:===>                          10%] [Cov:==================>                52%]
[Progress:===>                          10%] [Cov:==================>                52%]
[Progress:===>                          10%] [Cov:==================>                52%]
[Progress:===>                          10%] [Cov:==================>                52%]
[Progress:===>                          10%] [Cov:==================>                52%]
[Progress:===>                          10%] [Cov:==================>                52%]
[Progress:===>                          10%] [Cov:==================>                52%]
[Progress:===>                          11%] [Cov:==================>                52%]
[Progress:===>                          11%] [Cov:==================>                52%]
[Progress:===>                          11%] [Cov:==================>                52%]
[Progress:===>                          11%] [Cov:==================>                52%]
[Progress:===>                          11%] [Cov:==================>                52%]
[Progress:===>                          12%] [Cov:==================>                52%]
[Progress:===>                          12%] [Cov:==================>                52%]
[Progress:===>                          12%] [Cov:==================>                53%]
[Progress:===>                          12%] [Cov:==================>                53%]
[Progress:===>                          12%] [Cov:==================>                53%]
[Progress:===>                          12%] [Cov:==================>                53%]
[Progress:===>                          13%] [Cov:==================>                53%]
[Progress:===>                          13%] [Cov:==================>                53%]
[Progress:===>                          13%] [Cov:==================>                53%]
[Progress:===>                          13%] [Cov:==================>                53%]
[Progress:====>                         14%] [Cov:==================>                53%]
[Progress:====>                         14%] [Cov:==================>                53%]
[Progress:====>                         14%] [Cov:==================>                53%]
[Progress:====>                         14%] [Cov:==================>                53%]
[Progress:====>                         14%] [Cov:==================>                53%]
[Progress:====>                         15%] [Cov:==================>                53%]
[Progress:====>                         15%] [Cov:==================>                53%]
[Progress:====>                         15%] [Cov:==================>                53%]
[Progress:====>                         15%] [Cov:==================>                53%]
[Progress:====>                         15%] [Cov:==================>                53%]
[Progress:====>                         15%] [Cov:==================>                53%]
[Progress:====>                         15%] [Cov:==================>                53%]
[Progress:====>                         16%] [Cov:==================>                53%]
[Progress:====>                         16%] [Cov:==================>                53%]
[Progress:====>                         16%] [Cov:==================>                53%]
[Progress:====>                         16%] [Cov:==================>                53%]
[Progress:====>                         16%] [Cov:==================>                54%]
[Progress:=====>                        17%] [Cov:==================>                54%]
[Progress:=====>                        17%] [Cov:==================>                54%]
[Progress:=====>                        17%] [Cov:==================>                54%]
[Progress:=====>                        17%] [Cov:==================>                54%]
[Progress:=====>                        18%] [Cov:==================>                54%]
[Progress:=====>                        18%] [Cov:==================>                54%]
[Progress:=====>                        18%] [Cov:==================>                54%]
[Progress:=====>                        18%] [Cov:==================>                54%]
[Progress:=====>                        19%] [Cov:==================>                54%]
[Progress:=====>                        19%] [Cov:==================>                54%]
[Progress:=====>                        19%] [Cov:==================>                54%]
[Progress:=====>                        19%] [Cov:==================>                54%]
[Progress:======>                       20%] [Cov:==================>                54%]
[Progress:======>                       20%] [Cov:==================>                54%]
[Progress:======>                       20%] [Cov:==================>                54%]
[Progress:======>                       20%] [Cov:==================>                54%]
[Progress:======>                       20%] [Cov:==================>                54%]
[Progress:======>                       20%] [Cov:==================>                54%]
[Progress:======>                       21%] [Cov:==================>                54%]
[Progress:======>                       21%] [Cov:==================>                54%]
[Progress:======>                       21%] [Cov:==================>                54%]
[Progress:======>                       21%] [Cov:==================>                54%]
[Progress:======>                       22%] [Cov:==================>                54%]
[Progress:======>                       22%] [Cov:==================>                54%]
[Progress:======>                       22%] [Cov:==================>                54%]
[Progress:======>                       22%] [Cov:==================>                54%]
[Progress:======>                       23%] [Cov:==================>                54%]
[Progress:======>                       23%] [Cov:==================>                54%]
[Progress:======>                       23%] [Cov:==================>                54%]
[Progress:=======>                      24%] [Cov:==================>                54%]
[Progress:=======>                      24%] [Cov:==================>                54%]
[Progress:=======>                      24%] [Cov:==================>                54%]
[Progress:=======>                      25%] [Cov:==================>                54%]
[Progress:=======>                      25%] [Cov:==================>                54%]
[Progress:=======>                      25%] [Cov:==================>                54%]
[Progress:=======>                      25%] [Cov:==================>                54%]
[Progress:=======>                      25%] [Cov:==================>                54%]
[Progress:=======>                      25%] [Cov:==================>                54%]
[Progress:=======>                      26%] [Cov:==================>                54%]
[Progress:=======>                      26%] [Cov:==================>                54%]
[Progress:=======>                      26%] [Cov:==================>                54%]
[Progress:=======>                      26%] [Cov:==================>                54%]
[Progress:========>                     27%] [Cov:==================>                54%]
[Progress:========>                     27%] [Cov:==================>                54%]
[Progress:========>                     27%] [Cov:===================>               55%]
[Progress:========>                     27%] [Cov:===================>               55%]
[Progress:========>                     28%] [Cov:===================>               55%]
[Progress:========>                     28%] [Cov:===================>               55%]
[Progress:========>                     28%] [Cov:===================>               55%]
[Progress:========>                     28%] [Cov:===================>               55%]
[Progress:========>                     29%] [Cov:===================>               55%]
[Progress:========>                     29%] [Cov:===================>               55%]
[Progress:========>                     29%] [Cov:===================>               55%]
[Progress:========>                     29%] [Cov:===================>               55%]
[Progress:=========>                    30%] [Cov:===================>               55%]
[Progress:=========>                    30%] [Cov:===================>               55%]
[Progress:=========>                    30%] [Cov:===================>               55%]
[Progress:=========>                    30%] [Cov:===================>               55%]
[Progress:=========>                    30%] [Cov:===================>               55%]
[Progress:=========>                    30%] [Cov:===================>               55%]
[Progress:=========>                    30%] [Cov:===================>               55%]
[Progress:=========>                    31%] [Cov:===================>               55%]
[Progress:=========>                    31%] [Cov:===================>               55%]
[Progress:=========>                    31%] [Cov:===================>               55%]
[Progress:=========>                    31%] [Cov:===================>               55%]
[Progress:=========>                    32%] [Cov:===================>               55%]
[Progress:=========>                    32%] [Cov:===================>               55%]
[Progress:=========>                    32%] [Cov:===================>               55%]
[Progress:=========>                    32%] [Cov:===================>               55%]
[Progress:=========>                    33%] [Cov:===================>               55%]
[Progress:=========>                    33%] [Cov:===================>               55%]
[Progress:=========>                    33%] [Cov:===================>               55%]
[Progress:=========>                    33%] [Cov:===================>               55%]
[Progress:==========>                   34%] [Cov:===================>               55%]
[Progress:==========>                   34%] [Cov:===================>               55%]
[Progress:==========>                   34%] [Cov:===================>               55%]
[Progress:==========>                   34%] [Cov:===================>               55%]
[Progress:==========>                   35%] [Cov:===================>               55%]
[Progress:==========>                   35%] [Cov:===================>               55%]
[Progress:==========>                   35%] [Cov:===================>               55%]
[Progress:==========>                   35%] [Cov:===================>               55%]
[Progress:==========>                   35%] [Cov:===================>               55%]
[Progress:==========>                   35%] [Cov:===================>               55%]
[Progress:==========>                   35%] [Cov:===================>               55%]
[Progress:==========>                   36%] [Cov:===================>               55%]
[Progress:==========>                   36%] [Cov:===================>               55%]
[Progress:==========>                   36%] [Cov:===================>               55%]
[Progress:==========>                   36%] [Cov:===================>               55%]
[Progress:===========>                  37%] [Cov:===================>               55%]
[Progress:===========>                  37%] [Cov:===================>               55%]
[Progress:===========>                  37%] [Cov:===================>               55%]
[Progress:===========>                  37%] [Cov:===================>               55%]
[Progress:===========>                  37%] [Cov:===================>               55%]
[Progress:===========>                  38%] [Cov:===================>               55%]
[Progress:===========>                  38%] [Cov:===================>               55%]
[Progress:===========>                  38%] [Cov:===================>               55%]
[Progress:===========>                  38%] [Cov:===================>               55%]
[Progress:===========>                  39%] [Cov:===================>               55%]
[Progress:===========>                  39%] [Cov:===================>               55%]
[Progress:===========>                  39%] [Cov:===================>               55%]
[Progress:===========>                  39%] [Cov:===================>               55%]
[Progress:===========>                  39%] [Cov:===================>               55%]
[Progress:============>                 40%] [Cov:===================>               55%]
[Progress:============>                 40%] [Cov:===================>               55%]
[Progress:============>                 40%] [Cov:===================>               55%]
[Progress:============>                 40%] [Cov:===================>               55%]
[Progress:============>                 40%] [Cov:===================>               55%]
[Progress:============>                 40%] [Cov:===================>               55%]
[Progress:============>                 40%] [Cov:===================>               55%]
[Progress:============>                 40%] [Cov:===================>               55%]
[Progress:============>                 41%] [Cov:===================>               55%]
[Progress:============>                 41%] [Cov:===================>               55%]
[Progress:============>                 41%] [Cov:===================>               55%]
[Progress:============>                 41%] [Cov:===================>               55%]
[Progress:============>                 42%] [Cov:===================>               55%]
[Progress:============>                 42%] [Cov:===================>               55%]
[Progress:============>                 42%] [Cov:===================>               55%]
[Progress:============>                 42%] [Cov:===================>               55%]
[Progress:============>                 42%] [Cov:===================>               55%]
[Progress:============>                 43%] [Cov:===================>               55%]
[Progress:============>                 43%] [Cov:===================>               55%]
[Progress:============>                 43%] [Cov:===================>               55%]
[Progress:============>                 43%] [Cov:===================>               55%]
[Progress:============>                 43%] [Cov:===================>               55%]
[Progress:=============>                44%] [Cov:===================>               55%]
[Progress:=============>                44%] [Cov:===================>               55%]
[Progress:=============>                44%] [Cov:===================>               55%]
[Progress:=============>                44%] [Cov:===================>               55%]
[Progress:=============>                45%] [Cov:===================>               55%]
[Progress:=============>                45%] [Cov:===================>               55%]
[Progress:=============>                45%] [Cov:===================>               55%]
[Progress:=============>                45%] [Cov:===================>               55%]
[Progress:=============>                45%] [Cov:===================>               55%]
[Progress:=============>                45%] [Cov:===================>               55%]
[Progress:=============>                45%] [Cov:===================>               55%]
[Progress:=============>                45%] [Cov:===================>               55%]
[Progress:=============>                45%] [Cov:===================>               55%]
[Progress:=============>                46%] [Cov:===================>               55%]
[Progress:=============>                46%] [Cov:===================>               55%]
[Progress:=============>                46%] [Cov:===================>               55%]
[Progress:=============>                46%] [Cov:===================>               55%]
[Progress:=============>                46%] [Cov:===================>               55%]
[Progress:==============>               47%] [Cov:===================>               55%]
[Progress:==============>               47%] [Cov:===================>               55%]
[Progress:==============>               47%] [Cov:===================>               55%]
[Progress:==============>               47%] [Cov:===================>               55%]
[Progress:==============>               47%] [Cov:===================>               55%]
[Progress:==============>               48%] [Cov:===================>               55%]
[Progress:==============>               48%] [Cov:===================>               55%]
[Progress:==============>               48%] [Cov:===================>               55%]
[Progress:==============>               48%] [Cov:===================>               55%]
[Progress:==============>               48%] [Cov:===================>               55%]
[Progress:==============>               49%] [Cov:===================>               55%]
[Progress:==============>               49%] [Cov:===================>               55%]
[Progress:==============>               49%] [Cov:===================>               55%]
[Progress:==============>               49%] [Cov:===================>               55%]
[Progress:==============>               49%] [Cov:===================>               55%]
[Progress:===============>              50%] [Cov:===================>               55%]
[Progress:===============>              50%] [Cov:===================>               55%]
[Progress:===============>              50%] [Cov:===================>               55%]
[Progress:===============>              50%] [Cov:===================>               55%]
[Progress:===============>              50%] [Cov:===================>               55%]
[Progress:===============>              50%] [Cov:===================>               55%]
[Progress:===============>              50%] [Cov:===================>               55%]
[Progress:===============>              50%] [Cov:===================>               55%]
[Progress:===============>              50%] [Cov:===================>               55%]
[Progress:===============>              51%] [Cov:===================>               55%]
[Progress:===============>              51%] [Cov:===================>               55%]
[Progress:===============>              51%] [Cov:===================>               55%]
[Progress:===============>              51%] [Cov:===================>               55%]
[Progress:===============>              51%] [Cov:===================>               55%]
[Progress:===============>              52%] [Cov:===================>               55%]
[Progress:===============>              52%] [Cov:===================>               55%]
[Progress:===============>              52%] [Cov:===================>               55%]
[Progress:===============>              52%] [Cov:===================>               55%]
[Progress:===============>              52%] [Cov:===================>               55%]
[Progress:===============>              53%] [Cov:===================>               55%]
[Progress:===============>              53%] [Cov:===================>               55%]
[Progress:===============>              53%] [Cov:===================>               55%]
[Progress:===============>              53%] [Cov:===================>               55%]
[Progress:===============>              53%] [Cov:===================>               55%]
[Progress:================>             54%] [Cov:===================>               55%]
[Progress:================>             54%] [Cov:===================>               55%]
[Progress:================>             54%] [Cov:===================>               55%]
[Progress:================>             54%] [Cov:===================>               55%]
[Progress:================>             54%] [Cov:===================>               55%]
[Progress:================>             55%] [Cov:===================>               55%]
[Progress:================>             55%] [Cov:===================>               55%]
[Progress:================>             55%] [Cov:===================>               55%]
[Progress:================>             55%] [Cov:===================>               55%]
[Progress:================>             55%] [Cov:===================>               55%]
[Progress:================>             55%] [Cov:===================>               55%]
[Progress:================>             55%] [Cov:===================>               55%]
[Progress:================>             55%] [Cov:===================>               55%]
[Progress:================>             55%] [Cov:===================>               55%]
[Progress:================>             56%] [Cov:===================>               55%]
[Progress:================>             56%] [Cov:===================>               55%]
[Progress:================>             56%] [Cov:===================>               55%]
[Progress:================>             56%] [Cov:===================>               55%]
[Progress:================>             56%] [Cov:===================>               55%]
[Progress:=================>            57%] [Cov:===================>               55%]
[Progress:=================>            57%] [Cov:===================>               55%]
[Progress:=================>            57%] [Cov:===================>               55%]
[Progress:=================>            57%] [Cov:===================>               55%]
[Progress:=================>            57%] [Cov:===================>               55%]
[Progress:=================>            58%] [Cov:===================>               55%]
[Progress:=================>            58%] [Cov:===================>               55%]
[Progress:=================>            58%] [Cov:===================>               55%]
[Progress:=================>            58%] [Cov:===================>               55%]
[Progress:=================>            58%] [Cov:===================>               55%]
[Progress:=================>            59%] [Cov:===================>               55%]
[Progress:=================>            59%] [Cov:===================>               55%]
[Progress:=================>            59%] [Cov:===================>               55%]
[Progress:=================>            59%] [Cov:===================>               55%]
[Progress:=================>            59%] [Cov:===================>               55%]
[Progress:==================>           60%] [Cov:===================>               55%]
[Progress:==================>           60%] [Cov:===================>               55%]
[Progress:==================>           60%] [Cov:===================>               55%]
[Progress:==================>           60%] [Cov:===================>               55%]
[Progress:==================>           60%] [Cov:===================>               55%]
[Progress:==================>           60%] [Cov:===================>               55%]
[Progress:==================>           60%] [Cov:===================>               55%]
[Progress:==================>           60%] [Cov:===================>               55%]
[Progress:==================>           60%] [Cov:===================>               55%]
[Progress:==================>           60%] [Cov:===================>               55%]
[Progress:==================>           61%] [Cov:===================>               55%]
[Progress:==================>           61%] [Cov:===================>               55%]
[Progress:==================>           61%] [Cov:===================>               55%]
[Progress:==================>           61%] [Cov:===================>               55%]
[Progress:==================>           61%] [Cov:===================>               55%]
[Progress:==================>           62%] [Cov:===================>               55%]
[Progress:==================>           62%] [Cov:===================>               55%]
[Progress:==================>           62%] [Cov:===================>               55%]
[Progress:==================>           62%] [Cov:===================>               55%]
[Progress:==================>           62%] [Cov:===================>               55%]
[Progress:==================>           63%] [Cov:===================>               55%]
[Progress:==================>           63%] [Cov:===================>               55%]
[Progress:==================>           63%] [Cov:===================>               55%]
[Progress:==================>           63%] [Cov:===================>               55%]
[Progress:==================>           63%] [Cov:===================>               55%]
[Progress:===================>          64%] [Cov:===================>               55%]
[Progress:===================>          64%] [Cov:===================>               55%]
[Progress:===================>          64%] [Cov:===================>               55%]
[Progress:===================>          64%] [Cov:===================>               55%]
[Progress:===================>          65%] [Cov:===================>               55%]
[Progress:===================>          65%] [Cov:===================>               55%]
[Progress:===================>          65%] [Cov:===================>               55%]
[Progress:===================>          65%] [Cov:===================>               55%]
[Progress:===================>          65%] [Cov:===================>               55%]
[Progress:===================>          65%] [Cov:===================>               55%]
[Progress:===================>          65%] [Cov:===================>               55%]
[Progress:===================>          65%] [Cov:===================>               55%]
[Progress:===================>          65%] [Cov:===================>               55%]
[Progress:===================>          66%] [Cov:===================>               55%]
[Progress:===================>          66%] [Cov:===================>               55%]
[Progress:===================>          66%] [Cov:===================>               55%]
[Progress:===================>          66%] [Cov:===================>               55%]
[Progress:===================>          66%] [Cov:===================>               55%]
[Progress:====================>         67%] [Cov:===================>               55%]
[Progress:====================>         67%] [Cov:===================>               55%]
[Progress:====================>         67%] [Cov:===================>               55%]
[Progress:====================>         67%] [Cov:===================>               55%]
[Progress:====================>         67%] [Cov:===================>               55%]
[Progress:====================>         68%] [Cov:===================>               55%]
[Progress:====================>         68%] [Cov:===================>               55%]
[Progress:====================>         68%] [Cov:===================>               55%]
[Progress:====================>         68%] [Cov:===================>               56%]
[Progress:====================>         68%] [Cov:===================>               57%]
[Progress:====================>         68%] [Cov:===================>               57%]
[Progress:====================>         68%] [Cov:===================>               57%]
[Progress:====================>         69%] [Cov:===================>               57%]
[Progress:====================>         69%] [Cov:===================>               57%]
[Progress:====================>         69%] [Cov:===================>               57%]
[Progress:====================>         69%] [Cov:===================>               57%]
[Progress:====================>         69%] [Cov:===================>               57%]
[Progress:=====================>        70%] [Cov:===================>               57%]
[Progress:=====================>        70%] [Cov:===================>               57%]
[Progress:=====================>        70%] [Cov:===================>               57%]
[Progress:=====================>        70%] [Cov:===================>               57%]
[Progress:=====================>        70%] [Cov:===================>               57%]
[Progress:=====================>        70%] [Cov:===================>               57%]
[Progress:=====================>        70%] [Cov:===================>               57%]
[Progress:=====================>        70%] [Cov:===================>               57%]
[Progress:=====================>        70%] [Cov:===================>               57%]
[Progress:=====================>        71%] [Cov:===================>               57%]
[Progress:=====================>        71%] [Cov:===================>               57%]
[Progress:=====================>        71%] [Cov:===================>               57%]
[Progress:=====================>        71%] [Cov:===================>               57%]
[Progress:=====================>        72%] [Cov:===================>               57%]
[Progress:=====================>        72%] [Cov:===================>               57%]
[Progress:=====================>        72%] [Cov:===================>               57%]
[Progress:=====================>        72%] [Cov:===================>               57%]
[Progress:=====================>        72%] [Cov:===================>               57%]
[Progress:=====================>        73%] [Cov:===================>               57%]
[Progress:=====================>        73%] [Cov:===================>               57%]
[Progress:=====================>        73%] [Cov:===================>               57%]
[Progress:=====================>        73%] [Cov:===================>               57%]
[Progress:=====================>        73%] [Cov:===================>               57%]
[Progress:======================>       74%] [Cov:===================>               57%]
[Progress:======================>       74%] [Cov:===================>               57%]
[Progress:======================>       74%] [Cov:===================>               57%]
[Progress:======================>       74%] [Cov:===================>               57%]
[Progress:======================>       74%] [Cov:===================>               57%]
[Progress:======================>       75%] [Cov:===================>               57%]
[Progress:======================>       75%] [Cov:===================>               57%]
[Progress:======================>       75%] [Cov:===================>               57%]
[Progress:======================>       75%] [Cov:===================>               57%]
[Progress:======================>       75%] [Cov:===================>               57%]
[Progress:======================>       75%] [Cov:===================>               57%]
[Progress:======================>       75%] [Cov:===================>               57%]
[Progress:======================>       75%] [Cov:===================>               57%]
[Progress:======================>       76%] [Cov:===================>               57%]
[Progress:======================>       76%] [Cov:===================>               57%]
[Progress:======================>       76%] [Cov:===================>               57%]
[Progress:======================>       76%] [Cov:===================>               57%]
[Progress:======================>       76%] [Cov:===================>               57%]
[Progress:=======================>      77%] [Cov:===================>               57%]
[Progress:=======================>      77%] [Cov:===================>               57%]
[Progress:=======================>      77%] [Cov:===================>               57%]
[Progress:=======================>      77%] [Cov:===================>               57%]
[Progress:=======================>      77%] [Cov:===================>               57%]
[Progress:=======================>      78%] [Cov:===================>               57%]
[Progress:=======================>      78%] [Cov:===================>               57%]
[Progress:=======================>      78%] [Cov:===================>               57%]
[Progress:=======================>      78%] [Cov:===================>               57%]
[Progress:=======================>      78%] [Cov:===================>               57%]
[Progress:=======================>      79%] [Cov:===================>               57%]
[Progress:=======================>      79%] [Cov:===================>               57%]
[Progress:=======================>      79%] [Cov:===================>               57%]
[Progress:=======================>      79%] [Cov:===================>               57%]
[Progress:=======================>      79%] [Cov:===================>               57%]
[Progress:========================>     80%] [Cov:===================>               57%]
[Progress:========================>     80%] [Cov:===================>               57%]
[Progress:========================>     80%] [Cov:===================>               57%]
[Progress:========================>     80%] [Cov:===================>               57%]
[Progress:========================>     80%] [Cov:===================>               57%]
[Progress:========================>     80%] [Cov:===================>               57%]
[Progress:========================>     80%] [Cov:===================>               57%]
[Progress:========================>     80%] [Cov:===================>               57%]
[Progress:========================>     81%] [Cov:===================>               57%]
[Progress:========================>     81%] [Cov:===================>               57%]
[Progress:========================>     81%] [Cov:===================>               57%]
[Progress:========================>     81%] [Cov:===================>               57%]
[Progress:========================>     81%] [Cov:===================>               57%]
[Progress:========================>     82%] [Cov:===================>               57%]
[Progress:========================>     82%] [Cov:===================>               57%]
[Progress:========================>     82%] [Cov:===================>               57%]
[Progress:========================>     82%] [Cov:===================>               57%]
[Progress:========================>     82%] [Cov:===================>               57%]
[Progress:========================>     83%] [Cov:===================>               57%]
[Progress:========================>     83%] [Cov:===================>               57%]
[Progress:========================>     83%] [Cov:===================>               57%]
[Progress:========================>     83%] [Cov:===================>               57%]
[Progress:========================>     83%] [Cov:===================>               57%]
[Progress:=========================>    84%] [Cov:===================>               57%]
[Progress:=========================>    84%] [Cov:===================>               57%]
[Progress:=========================>    84%] [Cov:===================>               57%]
[Progress:=========================>    84%] [Cov:===================>               57%]
[Progress:=========================>    84%] [Cov:===================>               57%]
[Progress:=========================>    85%] [Cov:===================>               57%]
[Progress:=========================>    85%] [Cov:===================>               57%]
[Progress:=========================>    85%] [Cov:===================>               57%]
[Progress:=========================>    85%] [Cov:===================>               57%]
[Progress:=========================>    85%] [Cov:===================>               57%]
[Progress:=========================>    85%] [Cov:===================>               57%]
[Progress:=========================>    85%] [Cov:===================>               57%]
[Progress:=========================>    85%] [Cov:===================>               57%]
[Progress:=========================>    85%] [Cov:===================>               57%]
[Progress:=========================>    86%] [Cov:===================>               57%]
[Progress:=========================>    86%] [Cov:===================>               57%]
[Progress:=========================>    86%] [Cov:===================>               57%]
[Progress:=========================>    86%] [Cov:===================>               57%]
[Progress:=========================>    86%] [Cov:===================>               57%]
[Progress:==========================>   87%] [Cov:===================>               57%]
[Progress:==========================>   87%] [Cov:===================>               57%]
[Progress:==========================>   87%] [Cov:===================>               57%]
[Progress:==========================>   87%] [Cov:===================>               57%]
[Progress:==========================>   88%] [Cov:===================>               57%]
[Progress:==========================>   88%] [Cov:===================>               57%]
[Progress:==========================>   88%] [Cov:===================>               57%]
[Progress:==========================>   88%] [Cov:===================>               57%]
[Progress:==========================>   88%] [Cov:===================>               57%]
[Progress:==========================>   89%] [Cov:===================>               57%]
[Progress:==========================>   89%] [Cov:===================>               57%]
[Progress:==========================>   89%] [Cov:===================>               57%]
[Progress:==========================>   89%] [Cov:===================>               57%]
[Progress:===========================>  90%] [Cov:===================>               57%]
[Progress:===========================>  90%] [Cov:===================>               57%]
[Progress:===========================>  90%] [Cov:===================>               57%]
[Progress:===========================>  90%] [Cov:===================>               57%]
[Progress:===========================>  90%] [Cov:===================>               57%]
[Progress:===========================>  90%] [Cov:===================>               57%]
[Progress:===========================>  90%] [Cov:===================>               57%]
[Progress:===========================>  90%] [Cov:===================>               57%]
[Progress:===========================>  90%] [Cov:===================>               57%]
[Progress:===========================>  91%] [Cov:===================>               57%]
[Progress:===========================>  91%] [Cov:===================>               57%]
[Progress:===========================>  91%] [Cov:===================>               57%]
[Progress:===========================>  91%] [Cov:===================>               57%]
[Progress:===========================>  91%] [Cov:===================>               57%]
[Progress:===========================>  92%] [Cov:===================>               57%]
[Progress:===========================>  92%] [Cov:===================>               57%]
[Progress:===========================>  92%] [Cov:===================>               57%]
[Progress:===========================>  92%] [Cov:====================>              58%]
[Progress:===========================>  92%] [Cov:====================>              59%]
[Progress:===========================>  92%] [Cov:====================>              59%]
[Progress:===========================>  93%] [Cov:====================>              59%]
[Progress:===========================>  93%] [Cov:====================>              59%]
[Progress:===========================>  93%] [Cov:====================>              59%]
[Progress:===========================>  93%] [Cov:====================>              59%]
[Progress:===========================>  93%] [Cov:====================>              59%]
[Progress:============================> 94%] [Cov:====================>              59%]
[Progress:============================> 94%] [Cov:====================>              59%]
[Progress:============================> 94%] [Cov:====================>              59%]
[Progress:============================> 94%] [Cov:====================>              59%]
[Progress:============================> 94%] [Cov:====================>              59%]
[Progress:============================> 95%] [Cov:====================>              59%]
[Progress:============================> 95%] [Cov:====================>              59%]
[Progress:============================> 95%] [Cov:====================>              59%]
[Progress:============================> 95%] [Cov:====================>              59%]
[Progress:============================> 95%] [Cov:====================>              59%]
[Progress:============================> 95%] [Cov:====================>              59%]
[Progress:============================> 95%] [Cov:====================>              59%]
[Progress:============================> 95%] [Cov:====================>              59%]
[Progress:============================> 95%] [Cov:====================>              59%]
[Progress:============================> 96%] [Cov:====================>              59%]
[Progress:============================> 96%] [Cov:====================>              59%]
[Progress:============================> 96%] [Cov:====================>              59%]
[Progress:============================> 96%] [Cov:====================>              59%]
[Progress:============================> 96%] [Cov:====================>              59%]
[Progress:=============================>97%] [Cov:====================>              59%]
[Progress:=============================>97%] [Cov:====================>              59%]
[Progress:=============================>97%] [Cov:====================>              59%]
[Progress:=============================>97%] [Cov:====================>              59%]
[Progress:=============================>98%] [Cov:====================>              59%]
[Progress:=============================>98%] [Cov:====================>              59%]
[Progress:=============================>98%] [Cov:====================>              59%]
[Progress:=============================>98%] [Cov:====================>              59%]
[Progress:=============================>98%] [Cov:====================>              59%]
[Progress:=============================>99%] [Cov:====================>              59%]
[Progress:=============================>99%] [Cov:====================>              59%]
[Progress:=============================>99%] [Cov:====================>              59%]
[Progress:=============================>99%] [Cov:====================>              59%]
[Progress:=============================>99%] [Cov:====================>              59%]
[Progress:==============================100%] [Cov:====================>              59%]
[Progress:==============================100%] [Cov:====================>              59%]
[Progress:==============================100%] [Cov:====================>              59%]
[Progress:==============================100%] [Cov:====================>              59%]
[Progress:==============================100%] [Cov:====================>              59%]
* Search finished after 121s and 455 generations, 261147 statements, best individual has fitness: 273.0770440251572
* Minimizing test suite
* Going to analyze the coverage criteria
* Coverage analysis for criterion LINE
* Coverage of criterion LINE: 45%
* Total number of goals: 289
* Number of covered goals: 131
* Coverage analysis for criterion BRANCH
* Coverage of criterion BRANCH: 32%
* Total number of goals: 243
* Number of covered goals: 78
* Coverage analysis for criterion EXCEPTION
* Coverage of criterion EXCEPTION: 100%
* Total number of goals: 11
* Number of covered goals: 11
* Generated 33 tests with total length 212
* Resulting test suite's coverage: 59% (average coverage for all fitness functions)
* Generating assertions
* Resulting test suite's mutation score: 10%
* Compiling and checking tests
* Permissions denied during test execution: 
  - java.lang.RuntimePermission: 
         getStackWalkerWithClassReference: 1
         writeFileDescriptor: 1
* Writing tests to file
* Writing JUnit test case 'FunctionTypeBuilder_ESTest' to /work/evo_out/Closure_90f/budget120_seed1/tests
* Done!

* Computation finished

[exit=0 timeout=False time=152.4s]

$ java -Djava.awt.headless=true -cp /opt/defects4j/framework/projects/lib/junit-4.12-hamcrest-1.3.jar:/opt/evosuite/evosuite-1.2.0.jar:/work/Closure_90f/build/classes:/work/Closure_90f/lib/ant_deploy.jar:/work/Closure_90f/lib/args4j_deploy.jar:/work/Closure_90f/lib/guava-r06.jar:/work/Closure_90f/lib/hamcrest-core-1.1.jar:/work/Closure_90f/lib/json.jar:/work/Closure_90f/lib/jsr305.jar:/work/Closure_90f/lib/libtrunk_rhino_parser_jarjared.jar:/work/Closure_90f/lib/protobuf-java-2.3.0.jar:/work/Closure_90f/build/test org.evosuite.EvoSuite -generateSuite -class com.google.javascript.rhino.jstype.FunctionType -projectCP /opt/defects4j/framework/projects/lib/junit-4.12-hamcrest-1.3.jar:/work/Closure_90f/build/classes:/work/Closure_90f/lib/ant_deploy.jar:/work/Closure_90f/lib/args4j_deploy.jar:/work/Closure_90f/lib/guava-r06.jar:/work/Closure_90f/lib/hamcrest-core-1.1.jar:/work/Closure_90f/lib/json.jar:/work/Closure_90f/lib/jsr305.jar:/work/Closure_90f/lib/libtrunk_rhino_parser_jarjared.jar:/work/Closure_90f/lib/protobuf-java-2.3.0.jar:/work/Closure_90f/build/test -Dcriterion=LINE:BRANCH:EXCEPTION -Dsearch_budget=120 -seed 1 -Dtest_dir=/work/evo_out/Closure_90f/budget120_seed1/tests -Dreport_dir=/work/evo_out/Closure_90f/budget120_seed1/report
* EvoSuite 1.2.0
* Going to generate test cases for class: com.google.javascript.rhino.jstype.FunctionType
* Starting Client-0
* Connecting to master process on port 9922
* Analyzing classpath: 
  - /opt/defects4j/framework/projects/lib/junit-4.12-hamcrest-1.3.jar
  - /work/Closure_90f/build/classes
  - /work/Closure_90f/lib/ant_deploy.jar
  - /work/Closure_90f/lib/args4j_deploy.jar
  - /work/Closure_90f/lib/guava-r06.jar
  - /work/Closure_90f/lib/hamcrest-core-1.1.jar
  - /work/Closure_90f/lib/json.jar
  - /work/Closure_90f/lib/jsr305.jar
  - /work/Closure_90f/lib/libtrunk_rhino_parser_jarjared.jar
  - /work/Closure_90f/lib/protobuf-java-2.3.0.jar
  - /work/Closure_90f/build/test
[MASTER] 06:20:02.174 [logback-1] WARN  InheritanceTree - Class not in inheritance graph: java.util.Locale$IsoCountryCode
* Finished analyzing classpath
* Generating tests for class com.google.javascript.rhino.jstype.FunctionType
* Test criteria:
  - Line Coverage
  - Branch Coverage
  - Exception
* Setting up search algorithm for whole suite generation
* Total number of test goals: 
  - Line 351
  - Branch 304
  - Exception 0

[Progress:>                             0%] [Cov:>                                  0%]* Using seed 1
* Starting evolution

[Progress:>                             0%] [Cov:===>                               10%]
[Progress:>                             0%] [Cov:======>                            18%]
[Progress:>                             0%] [Cov:=================>                 51%]
[Progress:>                             1%] [Cov:==>                                8%]
[Progress:>                             1%] [Cov:=====>                             15%]
[Progress:>                             1%] [Cov:=================>                 49%]
[Progress:>                             1%] [Cov:=================>                 51%]
[Progress:>                             1%] [Cov:==================>                53%]
[Progress:>                             2%] [Cov:=>                                 5%]
[Progress:>                             2%] [Cov:===>                               10%]
[Progress:>                             2%] [Cov:===============>                   43%]
[Progress:>                             2%] [Cov:=================>                 51%]
[Progress:>                             2%] [Cov:==================>                53%]
[Progress:>                             2%] [Cov:===================>               56%]
[Progress:>                             2%] [Cov:==========================>        76%]
[Progress:>                             3%] [Cov:==========================>        76%]
[Progress:>                             3%] [Cov:==========================>        76%]
[Progress:>                             3%] [Cov:==========================>        77%]
[Progress:>                             3%] [Cov:==========================>        77%]
[Progress:=>                            4%] [Cov:==========================>        77%]
[Progress:=>                            4%] [Cov:==========================>        77%]
[Progress:=>                            4%] [Cov:==========================>        77%]
[Progress:=>                            5%] [Cov:==========================>        77%]
[Progress:=>                            5%] [Cov:==========================>        77%]
[Progress:=>                            5%] [Cov:===========================>       78%]
[Progress:=>                            5%] [Cov:===========================>       78%]
[Progress:=>                            5%] [Cov:===========================>       78%]
[Progress:=>                            5%] [Cov:===========================>       79%]
[Progress:=>                            6%] [Cov:===========================>       79%]
[Progress:=>                            6%] [Cov:===========================>       79%]
[Progress:==>                           7%] [Cov:===========================>       79%]
[Progress:==>                           7%] [Cov:===========================>       79%]
[Progress:==>                           7%] [Cov:===========================>       79%]
[Progress:==>                           8%] [Cov:===========================>       79%]
[Progress:==>                           8%] [Cov:===========================>       79%]
[Progress:==>                           8%] [Cov:===========================>       79%]
[Progress:==>                           9%] [Cov:===========================>       79%]
[Progress:==>                           9%] [Cov:===========================>       79%]
[Progress:==>                           9%] [Cov:===========================>       79%]
[Progress:==>                           9%] [Cov:===========================>       79%]
[Progress:===>                          10%] [Cov:===========================>       79%]
[Progress:===>                          10%] [Cov:===========================>       79%]
[Progress:===>                          10%] [Cov:===========================>       79%]
[Progress:===>                          10%] [Cov:===========================>       79%]
[Progress:===>                          10%] [Cov:===========================>       79%]
[Progress:===>                          11%] [Cov:===========================>       79%]
[Progress:===>                          11%] [Cov:===========================>       79%]
[Progress:===>                          11%] [Cov:============================>      80%]
[Progress:===>                          11%] [Cov:============================>      81%]
[Progress:===>                          12%] [Cov:============================>      81%]
[Progress:===>                          12%] [Cov:============================>      81%]
[Progress:===>                          13%] [Cov:============================>      81%]
[Progress:===>                          13%] [Cov:============================>      81%]
[Progress:===>                          13%] [Cov:============================>      81%]
[Progress:====>                         14%] [Cov:============================>      81%]
[Progress:====>                         14%] [Cov:============================>      81%]
[Progress:====>                         14%] [Cov:============================>      81%]
[Progress:====>                         15%] [Cov:============================>      81%]
[Progress:====>                         15%] [Cov:============================>      81%]
[Progress:====>                         15%] [Cov:============================>      81%]
[Progress:====>                         15%] [Cov:============================>      81%]
[Progress:====>                         15%] [Cov:============================>      81%]
[Progress:====>                         16%] [Cov:============================>      81%]
[Progress:====>                         16%] [Cov:============================>      81%]
[Progress:====>                         16%] [Cov:============================>      81%]
[Progress:=====>                        17%] [Cov:============================>      81%]
[Progress:=====>                        17%] [Cov:============================>      82%]
[Progress:=====>                        17%] [Cov:============================>      82%]
[Progress:=====>                        17%] [Cov:============================>      82%]
[Progress:=====>                        18%] [Cov:============================>      82%]
[Progress:=====>                        18%] [Cov:============================>      82%]
[Progress:=====>                        18%] [Cov:============================>      82%]
[Progress:=====>                        19%] [Cov:============================>      82%]
[Progress:=====>                        19%] [Cov:============================>      82%]
[Progress:=====>                        19%] [Cov:============================>      82%]
[Progress:======>                       20%] [Cov:============================>      82%]
[Progress:======>                       20%] [Cov:============================>      82%]
[Progress:======>                       20%] [Cov:============================>      82%]
[Progress:======>                       20%] [Cov:============================>      82%]
[Progress:======>                       20%] [Cov:=============================>     83%]
[Progress:======>                       20%] [Cov:=============================>     83%]
[Progress:======>                       21%] [Cov:=============================>     83%]
[Progress:======>                       21%] [Cov:=============================>     83%]
[Progress:======>                       22%] [Cov:=============================>     83%]
[Progress:======>                       22%] [Cov:=============================>     83%]
[Progress:======>                       22%] [Cov:=============================>     83%]
[Progress:======>                       23%] [Cov:=============================>     83%]
[Progress:======>                       23%] [Cov:=============================>     83%]
[Progress:======>                       23%] [Cov:=============================>     83%]
[Progress:=======>                      24%] [Cov:=============================>     83%]
[Progress:=======>                      24%] [Cov:=============================>     83%]
[Progress:=======>                      24%] [Cov:=============================>     83%]
[Progress:=======>                      25%] [Cov:=============================>     83%]
[Progress:=======>                      25%] [Cov:=============================>     83%]
[Progress:=======>                      25%] [Cov:=============================>     83%]
[Progress:=======>                      25%] [Cov:=============================>     84%]
[Progress:=======>                      25%] [Cov:=============================>     84%]
[Progress:=======>                      26%] [Cov:=============================>     84%]
[Progress:=======>                      26%] [Cov:=============================>     84%]
[Progress:========>                     27%] [Cov:=============================>     84%]
[Progress:========>                     27%] [Cov:=============================>     84%]
[Progress:========>                     27%] [Cov:=============================>     84%]
[Progress:========>                     28%] [Cov:=============================>     84%]
[Progress:========>                     28%] [Cov:=============================>     84%]
[Progress:========>                     28%] [Cov:=============================>     84%]
[Progress:========>                     29%] [Cov:=============================>     84%]
[Progress:========>                     29%] [Cov:=============================>     84%]
[Progress:========>                     29%] [Cov:=============================>     84%]
[Progress:=========>                    30%] [Cov:=============================>     84%]
[Progress:=========>                    30%] [Cov:=============================>     84%]
[Progress:=========>                    30%] [Cov:=============================>     84%]
[Progress:=========>                    30%] [Cov:=============================>     84%]
[Progress:=========>                    31%] [Cov:=============================>     84%]
[Progress:=========>                    31%] [Cov:=============================>     84%]
[Progress:=========>                    31%] [Cov:=============================>     85%]
[Progress:=========>                    31%] [Cov:=============================>     85%]
[Progress:=========>                    32%] [Cov:=============================>     85%]
[Progress:=========>                    32%] [Cov:=============================>     85%]
[Progress:=========>                    33%] [Cov:=============================>     85%]
[Progress:=========>                    33%] [Cov:=============================>     85%]
[Progress:=========>                    33%] [Cov:=============================>     85%]
[Progress:==========>                   34%] [Cov:=============================>     85%]
[Progress:==========>                   34%] [Cov:=============================>     85%]
[Progress:==========>                   35%] [Cov:=============================>     85%]
[Progress:==========>                   35%] [Cov:=============================>     85%]
[Progress:==========>                   35%] [Cov:=============================>     85%]
[Progress:==========>                   35%] [Cov:=============================>     85%]
[Progress:==========>                   36%] [Cov:=============================>     85%]
[Progress:==========>                   36%] [Cov:=============================>     85%]
[Progress:==========>                   36%] [Cov:=============================>     85%]
[Progress:===========>                  37%] [Cov:=============================>     85%]
[Progress:===========>                  37%] [Cov:=============================>     85%]
[Progress:===========>                  38%] [Cov:=============================>     85%]
[Progress:===========>                  38%] [Cov:=============================>     85%]
[Progress:===========>                  38%] [Cov:=============================>     85%]
[Progress:===========>                  39%] [Cov:=============================>     85%]
[Progress:===========>                  39%] [Cov:=============================>     85%]
[Progress:===========>                  39%] [Cov:=============================>     85%]
[Progress:============>                 40%] [Cov:=============================>     85%]
[Progress:============>                 40%] [Cov:=============================>     85%]
[Progress:============>                 40%] [Cov:=============================>     85%]
[Progress:============>                 40%] [Cov:=============================>     85%]
[Progress:============>                 41%] [Cov:=============================>     85%]
[Progress:============>                 41%] [Cov:=============================>     85%]
[Progress:============>                 42%] [Cov:=============================>     85%]
[Progress:============>                 42%] [Cov:=============================>     85%]
[Progress:============>                 42%] [Cov:=============================>     85%]
[Progress:============>                 43%] [Cov:=============================>     85%]
[Progress:============>                 43%] [Cov:=============================>     85%]
[Progress:=============>                44%] [Cov:=============================>     85%]
[Progress:=============>                44%] [Cov:=============================>     85%]
[Progress:=============>                45%] [Cov:=============================>     85%]
[Progress:=============>                45%] [Cov:=============================>     85%]
[Progress:=============>                45%] [Cov:=============================>     85%]
[Progress:=============>                45%] [Cov:=============================>     85%]
[Progress:=============>                46%] [Cov:=============================>     85%]
[Progress:=============>                46%] [Cov:=============================>     85%]
[Progress:==============>               47%] [Cov:=============================>     85%]
[Progress:==============>               47%] [Cov:=============================>     85%]
[Progress:==============>               48%] [Cov:=============================>     85%]
[Progress:==============>               48%] [Cov:=============================>     85%]
[Progress:==============>               49%] [Cov:=============================>     85%]
[Progress:==============>               49%] [Cov:=============================>     85%]
[Progress:==============>               49%] [Cov:=============================>     85%]
[Progress:===============>              50%] [Cov:=============================>     85%]
[Progress:===============>              50%] [Cov:=============================>     85%]
[Progress:===============>              50%] [Cov:=============================>     85%]
[Progress:===============>              50%] [Cov:==============================>    86%]
[Progress:===============>              50%] [Cov:==============================>    87%]
[Progress:===============>              51%] [Cov:=============================>     85%]
[Progress:===============>              51%] [Cov:==============================>    87%]
[Progress:===============>              52%] [Cov:==============================>    87%]
[Progress:===============>              52%] [Cov:==============================>    87%]
[Progress:===============>              52%] [Cov:==============================>    87%]
[Progress:===============>              53%] [Cov:==============================>    87%]
[Progress:===============>              53%] [Cov:==============================>    87%]
[Progress:===============>              53%] [Cov:==============================>    87%]
[Progress:================>             54%] [Cov:==============================>    87%]
[Progress:================>             54%] [Cov:==============================>    87%]
[Progress:================>             55%] [Cov:==============================>    87%]
[Progress:================>             55%] [Cov:==============================>    87%]
[Progress:================>             55%] [Cov:==============================>    87%]
[Progress:================>             55%] [Cov:==============================>    87%]
[Progress:================>             55%] [Cov:==============================>    87%]
[Progress:================>             56%] [Cov:==============================>    87%]
[Progress:================>             56%] [Cov:==============================>    87%]
[Progress:================>             56%] [Cov:==============================>    87%]
[Progress:=================>            57%] [Cov:==============================>    87%]
[Progress:=================>            57%] [Cov:==============================>    87%]
[Progress:=================>            58%] [Cov:==============================>    87%]
[Progress:=================>            58%] [Cov:==============================>    87%]
[Progress:=================>            58%] [Cov:==============================>    87%]
[Progress:=================>            59%] [Cov:==============================>    87%]
[Progress:=================>            59%] [Cov:==============================>    87%]
[Progress:==================>           60%] [Cov:==============================>    87%]
[Progress:==================>           60%] [Cov:==============================>    87%]
[Progress:==================>           60%] [Cov:==============================>    87%]
[Progress:==================>           60%] [Cov:==============================>    87%]
[Progress:==================>           61%] [Cov:==============================>    87%]
[Progress:==================>           61%] [Cov:==============================>    87%]
[Progress:==================>           61%] [Cov:==============================>    87%]
[Progress:==================>           62%] [Cov:==============================>    87%]
[Progress:==================>           62%] [Cov:==============================>    87%]
[Progress:==================>           63%] [Cov:==============================>    87%]
[Progress:==================>           63%] [Cov:==============================>    87%]
[Progress:==================>           63%] [Cov:==============================>    88%]
[Progress:==================>           63%] [Cov:==============================>    88%]
[Progress:===================>          64%] [Cov:==============================>    88%]
[Progress:===================>          64%] [Cov:==============================>    88%]
[Progress:===================>          65%] [Cov:==============================>    88%]
[Progress:===================>          65%] [Cov:==============================>    88%]
[Progress:===================>          65%] [Cov:==============================>    88%]
[Progress:===================>          65%] [Cov:==============================>    88%]
[Progress:===================>          65%] [Cov:==============================>    88%]
[Progress:===================>          66%] [Cov:==============================>    88%]
[Progress:===================>          66%] [Cov:===============================>   89%]
[Progress:===================>          66%] [Cov:===============================>   89%]
[Progress:====================>         67%] [Cov:===============================>   89%]
[Progress:====================>         67%] [Cov:===============================>   89%]
[Progress:====================>         67%] [Cov:===============================>   89%]
[Progress:====================>         68%] [Cov:===============================>   89%]
[Progress:====================>         68%] [Cov:===============================>   89%]
[Progress:====================>         68%] [Cov:===============================>   89%]
[Progress:====================>         69%] [Cov:===============================>   89%]
[Progress:====================>         69%] [Cov:===============================>   89%]
[Progress:====================>         69%] [Cov:===============================>   89%]
[Progress:=====================>        70%] [Cov:===============================>   89%]
[Progress:=====================>        70%] [Cov:===============================>   89%]
[Progress:=====================>        70%] [Cov:===============================>   89%]
[Progress:=====================>        70%] [Cov:===============================>   89%]
[Progress:=====================>        70%] [Cov:===============================>   89%]
[Progress:=====================>        71%] [Cov:===============================>   89%]
[Progress:=====================>        71%] [Cov:===============================>   89%]
[Progress:=====================>        71%] [Cov:===============================>   89%]
[Progress:=====================>        72%] [Cov:===============================>   89%]
[Progress:=====================>        72%] [Cov:===============================>   89%]
[Progress:=====================>        72%] [Cov:===============================>   89%]
[Progress:=====================>        73%] [Cov:===============================>   89%]
[Progress:=====================>        73%] [Cov:===============================>   89%]
[Progress:=====================>        73%] [Cov:===============================>   89%]
[Progress:======================>       74%] [Cov:===============================>   89%]
[Progress:======================>       74%] [Cov:===============================>   89%]
[Progress:======================>       74%] [Cov:===============================>   89%]
[Progress:======================>       75%] [Cov:===============================>   89%]
[Progress:======================>       75%] [Cov:===============================>   89%]
[Progress:======================>       75%] [Cov:===============================>   89%]
[Progress:======================>       75%] [Cov:===============================>   89%]
[Progress:======================>       75%] [Cov:===============================>   89%]
[Progress:======================>       76%] [Cov:===============================>   89%]
[Progress:======================>       76%] [Cov:===============================>   89%]
[Progress:======================>       76%] [Cov:===============================>   89%]
[Progress:=======================>      77%] [Cov:===============================>   89%]
[Progress:=======================>      77%] [Cov:===============================>   89%]
[Progress:=======================>      78%] [Cov:===============================>   89%]
[Progress:=======================>      78%] [Cov:===============================>   89%]
[Progress:=======================>      78%] [Cov:===============================>   89%]
[Progress:=======================>      79%] [Cov:===============================>   89%]
[Progress:=======================>      79%] [Cov:===============================>   89%]
[Progress:========================>     80%] [Cov:===============================>   89%]
[Progress:========================>     80%] [Cov:===============================>   89%]
[Progress:========================>     80%] [Cov:===============================>   89%]
[Progress:========================>     81%] [Cov:===============================>   89%]
[Progress:========================>     81%] [Cov:===============================>   89%]
[Progress:========================>     82%] [Cov:===============================>   89%]
[Progress:========================>     82%] [Cov:===============================>   89%]
[Progress:========================>     82%] [Cov:===============================>   89%]
[Progress:========================>     83%] [Cov:===============================>   89%]
[Progress:========================>     83%] [Cov:===============================>   89%]
[Progress:========================>     83%] [Cov:===============================>   89%]
[Progress:=========================>    84%] [Cov:===============================>   89%]
[Progress:=========================>    84%] [Cov:===============================>   89%]
[Progress:=========================>    85%] [Cov:===============================>   89%]
[Progress:=========================>    85%] [Cov:===============================>   89%]
[Progress:=========================>    85%] [Cov:===============================>   89%]
[Progress:=========================>    85%] [Cov:===============================>   89%]
[Progress:=========================>    86%] [Cov:===============================>   89%]
[Progress:=========================>    86%] [Cov:===============================>   89%]
[Progress:=========================>    86%] [Cov:===============================>   89%]
[Progress:==========================>   87%] [Cov:===============================>   89%]
[Progress:==========================>   87%] [Cov:===============================>   89%]
[Progress:==========================>   87%] [Cov:===============================>   89%]
[Progress:==========================>   88%] [Cov:===============================>   89%]
[Progress:==========================>   88%] [Cov:===============================>   89%]
[Progress:==========================>   89%] [Cov:===============================>   89%]
[Progress:==========================>   89%] [Cov:===============================>   89%]
[Progress:==========================>   89%] [Cov:===============================>   89%]
[Progress:===========================>  90%] [Cov:===============================>   89%]
[Progress:===========================>  90%] [Cov:===============================>   89%]
[Progress:===========================>  90%] [Cov:===============================>   89%]
[Progress:===========================>  90%] [Cov:===============================>   89%]
[Progress:===========================>  90%] [Cov:===============================>   90%]
[Progress:===========================>  91%] [Cov:===============================>   90%]
[Progress:===========================>  91%] [Cov:===============================>   90%]
[Progress:===========================>  92%] [Cov:===============================>   90%]
[Progress:===========================>  92%] [Cov:===============================>   90%]
[Progress:===========================>  92%] [Cov:===============================>   90%]
[Progress:===========================>  93%] [Cov:===============================>   90%]
[Progress:===========================>  93%] [Cov:===============================>   90%]
[Progress:===========================>  93%] [Cov:===============================>   90%]
[Progress:============================> 94%] [Cov:===============================>   90%]
[Progress:============================> 94%] [Cov:===============================>   90%]
[Progress:============================> 94%] [Cov:===============================>   91%]
[Progress:============================> 95%] [Cov:===============================>   91%]
[Progress:============================> 95%] [Cov:===============================>   91%]
[Progress:============================> 95%] [Cov:===============================>   91%]
[Progress:============================> 95%] [Cov:===============================>   91%]
[Progress:============================> 96%] [Cov:===============================>   91%]
[Progress:============================> 96%] [Cov:===============================>   91%]
[Progress:============================> 96%] [Cov:===============================>   91%]
[Progress:=============================>97%] [Cov:===============================>   91%]
[Progress:=============================>97%] [Cov:===============================>   91%]
[Progress:=============================>97%] [Cov:===============================>   91%]
[Progress:=============================>98%] [Cov:===============================>   91%]
[Progress:=============================>98%] [Cov:===============================>   91%]
[Progress:=============================>98%] [Cov:===============================>   91%]
[Progress:=============================>99%] [Cov:===============================>   91%]
[Progress:=============================>99%] [Cov:===============================>   91%]
[Progress:=============================>99%] [Cov:===============================>   91%]
[Progress:==============================100%] [Cov:===============================>   91%]
[Progress:==============================100%] [Cov:===============================>   91%]
[Progress:==============================100%] [Cov:===============================>   91%]
[Progress:==============================100%] [Cov:===============================>   91%]
* Search finished after 121s and 204 generations, 154719 statements, best individual has fitness: 73.50666666051775
* Minimizing test suite
* Going to analyze the coverage criteria
* Coverage analysis for criterion LINE
* Coverage of criterion LINE: 92%
* Total number of goals: 351
* Number of covered goals: 322
* Coverage analysis for criterion BRANCH
* Coverage of criterion BRANCH: 82%
* Total number of goals: 304
* Number of covered goals: 249
* Coverage analysis for criterion EXCEPTION
* Coverage of criterion EXCEPTION: 100%
* Total number of goals: 24
* Number of covered goals: 24
* Generated 80 tests with total length 553
* Resulting test suite's coverage: 91% (average coverage for all fitness functions)
* Generating assertions
* Resulting test suite's mutation score: 46%
* Compiling and checking tests
[MASTER] 06:22:25.593 [logback-1] WARN  JUnitAnalyzer - Found unstable test named test0 -> class java.lang.AssertionError: null
[MASTER] 06:22:25.594 [logback-1] WARN  JUnitAnalyzer - Failing test:
 SimpleErrorReporter simpleErrorReporter0 = new SimpleErrorReporter();
JSTypeRegistry jSTypeRegistry0 = new JSTypeRegistry(simpleErrorReporter0);
FunctionType functionType0 = jSTypeRegistry0.createInterfaceType("0fd\"W", (Node) null);
assertTrue(functionType0.hasInstanceType());
assertTrue(functionType0.hasCachedValues());

boolean boolean0 = functionType0.hasUnknownSupertype();
assertFalse(functionType0.isConstructor());
assertFalse(boolean0);


[MASTER] 06:22:30.802 [logback-1] WARN  JUnitAnalyzer - Found unstable test named test0 -> class java.lang.AssertionError: null
[MASTER] 06:22:30.802 [logback-1] WARN  JUnitAnalyzer - Failing test:
 SimpleErrorReporter simpleErrorReporter0 = new SimpleErrorReporter();
JSTypeRegistry jSTypeRegistry0 = new JSTypeRegistry(simpleErrorReporter0);
HashMap<String, JSType> hashMap0 = new HashMap<String, JSType>();
RecordType recordType0 = new RecordType(jSTypeRegistry0, hashMap0);
ObjectType objectType0 = recordType0.getImplicitPrototype();
JSType[] jSTypeArray0 = new JSType[6];
jSTypeArray0[5] = (JSType) recordType0;
FunctionType functionType0 = jSTypeRegistry0.createConstructorTypeWithVarArgs(objectType0, jSTypeArray0);
functionType0.getGreatestSubtype(functionType0);
assertTrue(functionType0.hasCachedValues());


* Writing tests to file
* Writing JUnit test case 'FunctionType_ESTest' to /work/evo_out/Closure_90f/budget120_seed1/tests
* Done!

* Computation finished

[exit=0 timeout=False time=156.4s]

$ javac -nowarn -cp /work/Closure_90f/build/classes:/opt/defects4j/framework/projects/lib/junit-4.12-hamcrest-1.3.jar:/work/Closure_90f/build/classes:/work/Closure_90f/lib/ant_deploy.jar:/work/Closure_90f/lib/args4j_deploy.jar:/work/Closure_90f/lib/guava-r06.jar:/work/Closure_90f/lib/json.jar:/work/Closure_90f/lib/jsr305.jar:/work/Closure_90f/lib/libtrunk_rhino_parser_jarjared.jar:/work/Closure_90f/lib/protobuf-java-2.3.0.jar:/work/Closure_90f/build/test:/opt/evosuite/evosuite-standalone-runtime-1.2.0.jar -d /work/evo_out/Closure_90f/budget120_seed1/classes /work/evo_out/Closure_90f/budget120_seed1/tests/com/google/javascript/jscomp/FunctionTypeBuilder_ESTest.java /work/evo_out/Closure_90f/budget120_seed1/tests/com/google/javascript/jscomp/FunctionTypeBuilder_ESTest_scaffolding.java /work/evo_out/Closure_90f/budget120_seed1/tests/com/google/javascript/rhino/jstype/FunctionType_ESTest.java /work/evo_out/Closure_90f/budget120_seed1/tests/com/google/javascript/rhino/jstype/FunctionType_ESTest_scaffolding.java
Note: /work/evo_out/Closure_90f/budget120_seed1/tests/com/google/javascript/rhino/jstype/FunctionType_ESTest.java uses unchecked or unsafe operations.
Note: Recompile with -Xlint:unchecked for details.

[exit=0 timeout=False time=0.9s]

$ java -jar /opt/jacoco/lib/jacococli.jar instrument /work/Closure_90f/build/classes --dest /work/evo_out/Closure_90f/budget120_seed1/instrumented
[INFO] 1149 classes instrumented to /work/evo_out/Closure_90f/budget120_seed1/instrumented.

[exit=0 timeout=False time=0.7s]

$ java -Djacoco-agent.destfile=/workspace/EvoSuite/Result_Round2/Closure_90/budget120_seed1/jacoco.exec -cp /work/evo_out/Closure_90f/budget120_seed1/instrumented:/work/evo_out/Closure_90f/budget120_seed1/classes:/opt/defects4j/framework/projects/lib/junit-4.12-hamcrest-1.3.jar:/work/Closure_90f/build/classes:/work/Closure_90f/lib/ant_deploy.jar:/work/Closure_90f/lib/args4j_deploy.jar:/work/Closure_90f/lib/guava-r06.jar:/work/Closure_90f/lib/json.jar:/work/Closure_90f/lib/jsr305.jar:/work/Closure_90f/lib/libtrunk_rhino_parser_jarjared.jar:/work/Closure_90f/lib/protobuf-java-2.3.0.jar:/work/Closure_90f/build/test:/opt/evosuite/evosuite-standalone-runtime-1.2.0.jar:/opt/jacoco/lib/jacocoagent.jar org.junit.runner.JUnitCore com.google.javascript.jscomp.FunctionTypeBuilder_ESTest com.google.javascript.rhino.jstype.FunctionType_ESTest
JUnit version 4.12
.................................................................................................................
Time: 2.278

OK (113 tests)

SLF4J: Failed to load class "org.slf4j.impl.StaticLoggerBinder".
SLF4J: Defaulting to no-operation (NOP) logger implementation
SLF4J: See http://www.slf4j.org/codes.html#StaticLoggerBinder for further details.
WARNING: An illegal reflective access operation has occurred
WARNING: Illegal reflective access by org.evosuite.runtime.GuiSupport (file:/opt/evosuite/evosuite-standalone-runtime-1.2.0.jar) to field java.awt.GraphicsEnvironment.headless
WARNING: Please consider reporting this to the maintainers of org.evosuite.runtime.GuiSupport
WARNING: Use --illegal-access=warn to enable warnings of further illegal reflective access operations
WARNING: All illegal access operations will be denied in a future release

[exit=0 timeout=False time=3.8s]

$ java -jar /opt/jacoco/lib/jacococli.jar report /workspace/EvoSuite/Result_Round2/Closure_90/budget120_seed1/jacoco.exec --classfiles /work/Closure_90f/build/classes --csv /workspace/EvoSuite/Result_Round2/Closure_90/budget120_seed1/jacoco.csv
[INFO] Loading execution data file /workspace/EvoSuite/Result_Round2/Closure_90/budget120_seed1/jacoco.exec.
[INFO] Analyzing 985 classes.

[exit=0 timeout=False time=0.6s]

$ java -cp /work/evo_out/Closure_90f/budget120_seed1/classes:/opt/defects4j/framework/projects/lib/junit-4.12-hamcrest-1.3.jar:/work/Closure_90b/build/classes:/work/Closure_90b/lib/ant_deploy.jar:/work/Closure_90b/lib/args4j_deploy.jar:/work/Closure_90b/lib/guava-r06.jar:/work/Closure_90b/lib/json.jar:/work/Closure_90b/lib/jsr305.jar:/work/Closure_90b/lib/libtrunk_rhino_parser_jarjared.jar:/work/Closure_90b/lib/protobuf-java-2.3.0.jar:/work/Closure_90b/build/test:/opt/evosuite/evosuite-standalone-runtime-1.2.0.jar org.junit.runner.JUnitCore com.google.javascript.jscomp.FunctionTypeBuilder_ESTest com.google.javascript.rhino.jstype.FunctionType_ESTest
JUnit version 4.12
.................................................................................................................
Time: 2.168

OK (113 tests)

SLF4J: Failed to load class "org.slf4j.impl.StaticLoggerBinder".
SLF4J: Defaulting to no-operation (NOP) logger implementation
SLF4J: See http://www.slf4j.org/codes.html#StaticLoggerBinder for further details.
WARNING: An illegal reflective access operation has occurred
WARNING: Illegal reflective access by org.evosuite.runtime.GuiSupport (file:/opt/evosuite/evosuite-standalone-runtime-1.2.0.jar) to field java.awt.GraphicsEnvironment.headless
WARNING: Please consider reporting this to the maintainers of org.evosuite.runtime.GuiSupport
WARNING: Use --illegal-access=warn to enable warnings of further illegal reflective access operations
WARNING: All illegal access operations will be denied in a future release

[exit=0 timeout=False time=2.6s]
