
$ javac -nowarn -encoding UTF-8 -cp /work/JacksonCore_13f/target/classes:/opt/defects4j/framework/projects/JacksonCore/lib/junit/junit/4.12/junit-4.12.jar:/opt/defects4j/framework/projects/JacksonCore/lib/org/hamcrest/hamcrest-core/1.3/hamcrest-core-1.3.jar:/work/JacksonCore_13f/target/test-classes:/opt/defects4j/framework/projects/lib/junit-4.12-hamcrest-1.3.jar:/opt/defects4j/framework/projects/JacksonCore/lib/junit/junit/4.11/junit-4.11.jar:/opt/defects4j/framework/projects/JacksonCore/lib/junit/junit/4.8.2/junit-4.8.2.jar:/work/jqwik_harness:/workspace/lib/jqwik/jqwik-1.7.4.jar:/workspace/lib/jqwik/jqwik-api-1.7.4.jar:/workspace/lib/jqwik/jqwik-engine-1.7.4.jar -d /work/jqwik_out/JacksonCore_13/auto_round1_tries200_seed3/classes_f /workspace/jqwik/Auto/JacksonCore_13/com/fasterxml/jackson/core/json/JsonGeneratorImpl_AutoPbtTest.java

[exit=0 timeout=False time=5.2s]

$ javac -nowarn -encoding UTF-8 -cp /work/JacksonCore_13b/target/classes:/opt/defects4j/framework/projects/JacksonCore/lib/junit/junit/4.12/junit-4.12.jar:/opt/defects4j/framework/projects/JacksonCore/lib/org/hamcrest/hamcrest-core/1.3/hamcrest-core-1.3.jar:/work/JacksonCore_13b/target/test-classes:/opt/defects4j/framework/projects/lib/junit-4.12-hamcrest-1.3.jar:/opt/defects4j/framework/projects/JacksonCore/lib/junit/junit/4.11/junit-4.11.jar:/opt/defects4j/framework/projects/JacksonCore/lib/junit/junit/4.8.2/junit-4.8.2.jar:/work/jqwik_harness:/workspace/lib/jqwik/jqwik-1.7.4.jar:/workspace/lib/jqwik/jqwik-api-1.7.4.jar:/workspace/lib/jqwik/jqwik-engine-1.7.4.jar -d /work/jqwik_out/JacksonCore_13/auto_round1_tries200_seed3/classes_b /workspace/jqwik/Auto/JacksonCore_13/com/fasterxml/jackson/core/json/JsonGeneratorImpl_AutoPbtTest.java

[exit=0 timeout=False time=6.8s]

$ java -Djava.awt.headless=true -Xss4m -Xmx1g -Dpbt.seed=3 -Dpbt.tries=200 -Dpbt.snapshot.dir=/work/jqwik_out/JacksonCore_13/auto_round1_tries200_seed3/snapshots -Dpbt.propertyBudgetMs=5000 -Dpbt.mask=/work/JacksonCore_13f:/work/JacksonCore_13b:/work/jqwik_out/JacksonCore_13/auto_round1_tries200_seed3/classes_f:/work/jqwik_out/JacksonCore_13/auto_round1_tries200_seed3/classes_b -Dpbt.mode=record -jar /workspace/lib/jqwik/junit-platform-console-standalone-1.9.3.jar --disable-banner --details tree --class-path /work/jqwik_out/JacksonCore_13/auto_round1_tries200_seed3/classes_f:/work/JacksonCore_13f/target/classes:/opt/defects4j/framework/projects/JacksonCore/lib/junit/junit/4.12/junit-4.12.jar:/opt/defects4j/framework/projects/JacksonCore/lib/org/hamcrest/hamcrest-core/1.3/hamcrest-core-1.3.jar:/work/JacksonCore_13f/target/test-classes:/opt/defects4j/framework/projects/lib/junit-4.12-hamcrest-1.3.jar:/opt/defects4j/framework/projects/JacksonCore/lib/junit/junit/4.11/junit-4.11.jar:/opt/defects4j/framework/projects/JacksonCore/lib/junit/junit/4.8.2/junit-4.8.2.jar:/work/jqwik_harness:/workspace/lib/jqwik/jqwik-1.7.4.jar:/workspace/lib/jqwik/jqwik-api-1.7.4.jar:/workspace/lib/jqwik/jqwik-engine-1.7.4.jar --scan-class-path /work/jqwik_out/JacksonCore_13/auto_round1_tries200_seed3/classes_f --include-classname .* --include-engine jqwik --config jqwik.database=/workspace/jqwik/Result_auto_Round1/JacksonCore_13/tries200_seed3/reports_record/jqwik-database --config jqwik.tries.default=200 --reports-dir /workspace/jqwik/Result_auto_Round1/JacksonCore_13/tries200_seed3/reports_record
reviously failed sample, then previous seed
when-fixed-seed = ALLOW       | fixing the random seed is allowed
edge-cases#mode = NONE        | edge cases are not explicitly generated
seed = 3                      | random seed to reproduce generated values


timestamp = 2026-09-27T06:31:49.069593, JsonGeneratorImpl AutoPbtTest:m002 getCharacterEscapes = 
                              |-----------------------jqwik-----------------------
tries = 200                   | # of calls to property
checks = 200                  | # of not rejected calls
generation = RANDOMIZED       | parameters are randomly generated
after-failure = SAMPLE_FIRST  | try previously failed sample, then previous seed
when-fixed-seed = ALLOW       | fixing the random seed is allowed
edge-cases#mode = NONE        | edge cases are not explicitly generated
seed = 3                      | random seed to reproduce generated values


timestamp = 2026-09-27T06:31:50.287924, JsonGeneratorImpl AutoPbtTest:m001 enable = 
                              |-----------------------jqwik-----------------------
tries = 200                   | # of calls to property
checks = 200                  | # of not rejected calls
generation = RANDOMIZED       | parameters are randomly generated
after-failure = SAMPLE_FIRST  | try previously failed sample, then previous seed
when-fixed-seed = ALLOW       | fixing the random seed is allowed
edge-cases#mode = NONE        | edge cases are not explicitly generated
seed = 3                      | random seed to reproduce generated values


timestamp = 2026-09-27T06:31:51.344280, JsonGeneratorImpl AutoPbtTest:m005 setHighestNonEscapedChar = 
                              |-----------------------jqwik-----------------------
tries = 200                   | # of calls to property
checks = 200                  | # of not rejected calls
generation = RANDOMIZED       | parameters are randomly generated
after-failure = SAMPLE_FIRST  | try previously failed sample, then previous seed
when-fixed-seed = ALLOW       | fixing the random seed is allowed
edge-cases#mode = NONE        | edge cases are not explicitly generated
seed = 3                      | random seed to reproduce generated values


timestamp = 2026-09-27T06:31:53.388847, JsonGeneratorImpl AutoPbtTest:m007 version = 
                              |-----------------------jqwik-----------------------
tries = 200                   | # of calls to property
checks = 200                  | # of not rejected calls
generation = RANDOMIZED       | parameters are randomly generated
after-failure = SAMPLE_FIRST  | try previously failed sample, then previous seed
when-fixed-seed = ALLOW       | fixing the random seed is allowed
edge-cases#mode = NONE        | edge cases are not explicitly generated
seed = 3                      | random seed to reproduce generated values


[36m╷[0m
[36m└─[0m [36mjqwik (JUnit Platform)[0m [32m✔[0m
[36m   └─[0m [36mJsonGeneratorImpl AutoPbtTest[0m [32m✔[0m
[36m      ├─[0m [34mm000  checkStdFeatureChanges[0m [32m✔[0m
[36m      ├─[0m [34mm004 setCharacterEscapes[0m [32m✔[0m
[36m      ├─[0m [34mm006 setRootValueSeparator[0m [32m✔[0m
[36m      ├─[0m [34mm008 writeStringField[0m [32m✔[0m
[36m      ├─[0m [34mm003 getHighestEscapedChar[0m [32m✔[0m
[36m      ├─[0m [34mm002 getCharacterEscapes[0m [32m✔[0m
[36m      ├─[0m [34mm001 enable[0m [32m✔[0m
[36m      ├─[0m [34mm005 setHighestNonEscapedChar[0m [32m✔[0m
[36m      └─[0m [34mm007 version[0m [32m✔[0m

Test run finished after 23544 ms
[         2 containers found      ]
[         0 containers skipped    ]
[         2 containers started    ]
[         0 containers aborted    ]
[         2 containers successful ]
[         0 containers failed     ]
[         9 tests found           ]
[         0 tests skipped         ]
[         9 tests started         ]
[         0 tests aborted         ]
[         9 tests successful      ]
[         0 tests failed          ]


[exit=0 timeout=False time=29.8s]

$ java -Djava.awt.headless=true -Xss4m -Xmx1g -Dpbt.seed=3 -Dpbt.tries=200 -Dpbt.snapshot.dir=/work/jqwik_out/JacksonCore_13/auto_round1_tries200_seed3/snapshots -Dpbt.propertyBudgetMs=5000 -Dpbt.mask=/work/JacksonCore_13f:/work/JacksonCore_13b:/work/jqwik_out/JacksonCore_13/auto_round1_tries200_seed3/classes_f:/work/jqwik_out/JacksonCore_13/auto_round1_tries200_seed3/classes_b -Dpbt.mode=check -javaagent:/opt/jacoco/lib/jacocoagent.jar=destfile=/workspace/jqwik/Result_auto_Round1/JacksonCore_13/tries200_seed3/jacoco.exec -jar /workspace/lib/jqwik/junit-platform-console-standalone-1.9.3.jar --disable-banner --details tree --class-path /work/jqwik_out/JacksonCore_13/auto_round1_tries200_seed3/classes_f:/work/JacksonCore_13f/target/classes:/opt/defects4j/framework/projects/JacksonCore/lib/junit/junit/4.12/junit-4.12.jar:/opt/defects4j/framework/projects/JacksonCore/lib/org/hamcrest/hamcrest-core/1.3/hamcrest-core-1.3.jar:/work/JacksonCore_13f/target/test-classes:/opt/defects4j/framework/projects/lib/junit-4.12-hamcrest-1.3.jar:/opt/defects4j/framework/projects/JacksonCore/lib/junit/junit/4.11/junit-4.11.jar:/opt/defects4j/framework/projects/JacksonCore/lib/junit/junit/4.8.2/junit-4.8.2.jar:/work/jqwik_harness:/workspace/lib/jqwik/jqwik-1.7.4.jar:/workspace/lib/jqwik/jqwik-api-1.7.4.jar:/workspace/lib/jqwik/jqwik-engine-1.7.4.jar --scan-class-path /work/jqwik_out/JacksonCore_13/auto_round1_tries200_seed3/classes_f --include-classname .* --include-engine jqwik --config jqwik.database=/workspace/jqwik/Result_auto_Round1/JacksonCore_13/tries200_seed3/reports_fixed/jqwik-database --config jqwik.tries.default=200 --reports-dir /workspace/jqwik/Result_auto_Round1/JacksonCore_13/tries200_seed3/reports_fixed
reviously failed sample, then previous seed
when-fixed-seed = ALLOW       | fixing the random seed is allowed
edge-cases#mode = NONE        | edge cases are not explicitly generated
seed = 3                      | random seed to reproduce generated values


timestamp = 2026-09-27T06:32:22.404370, JsonGeneratorImpl AutoPbtTest:m002 getCharacterEscapes = 
                              |-----------------------jqwik-----------------------
tries = 200                   | # of calls to property
checks = 200                  | # of not rejected calls
generation = RANDOMIZED       | parameters are randomly generated
after-failure = SAMPLE_FIRST  | try previously failed sample, then previous seed
when-fixed-seed = ALLOW       | fixing the random seed is allowed
edge-cases#mode = NONE        | edge cases are not explicitly generated
seed = 3                      | random seed to reproduce generated values


timestamp = 2026-09-27T06:32:23.123887, JsonGeneratorImpl AutoPbtTest:m001 enable = 
                              |-----------------------jqwik-----------------------
tries = 200                   | # of calls to property
checks = 200                  | # of not rejected calls
generation = RANDOMIZED       | parameters are randomly generated
after-failure = SAMPLE_FIRST  | try previously failed sample, then previous seed
when-fixed-seed = ALLOW       | fixing the random seed is allowed
edge-cases#mode = NONE        | edge cases are not explicitly generated
seed = 3                      | random seed to reproduce generated values


timestamp = 2026-09-27T06:32:24.274441, JsonGeneratorImpl AutoPbtTest:m005 setHighestNonEscapedChar = 
                              |-----------------------jqwik-----------------------
tries = 200                   | # of calls to property
checks = 200                  | # of not rejected calls
generation = RANDOMIZED       | parameters are randomly generated
after-failure = SAMPLE_FIRST  | try previously failed sample, then previous seed
when-fixed-seed = ALLOW       | fixing the random seed is allowed
edge-cases#mode = NONE        | edge cases are not explicitly generated
seed = 3                      | random seed to reproduce generated values


timestamp = 2026-09-27T06:32:26.096852, JsonGeneratorImpl AutoPbtTest:m007 version = 
                              |-----------------------jqwik-----------------------
tries = 200                   | # of calls to property
checks = 200                  | # of not rejected calls
generation = RANDOMIZED       | parameters are randomly generated
after-failure = SAMPLE_FIRST  | try previously failed sample, then previous seed
when-fixed-seed = ALLOW       | fixing the random seed is allowed
edge-cases#mode = NONE        | edge cases are not explicitly generated
seed = 3                      | random seed to reproduce generated values


[36m╷[0m
[36m└─[0m [36mjqwik (JUnit Platform)[0m [32m✔[0m
[36m   └─[0m [36mJsonGeneratorImpl AutoPbtTest[0m [32m✔[0m
[36m      ├─[0m [34mm000  checkStdFeatureChanges[0m [32m✔[0m
[36m      ├─[0m [34mm004 setCharacterEscapes[0m [32m✔[0m
[36m      ├─[0m [34mm006 setRootValueSeparator[0m [32m✔[0m
[36m      ├─[0m [34mm008 writeStringField[0m [32m✔[0m
[36m      ├─[0m [34mm003 getHighestEscapedChar[0m [32m✔[0m
[36m      ├─[0m [34mm002 getCharacterEscapes[0m [32m✔[0m
[36m      ├─[0m [34mm001 enable[0m [32m✔[0m
[36m      ├─[0m [34mm005 setHighestNonEscapedChar[0m [32m✔[0m
[36m      └─[0m [34mm007 version[0m [32m✔[0m

Test run finished after 23065 ms
[         2 containers found      ]
[         0 containers skipped    ]
[         2 containers started    ]
[         0 containers aborted    ]
[         2 containers successful ]
[         0 containers failed     ]
[         9 tests found           ]
[         0 tests skipped         ]
[         9 tests started         ]
[         0 tests aborted         ]
[         9 tests successful      ]
[         0 tests failed          ]


[exit=0 timeout=False time=40.1s]

$ java -jar /opt/jacoco/lib/jacococli.jar report /workspace/jqwik/Result_auto_Round1/JacksonCore_13/tries200_seed3/jacoco.exec --classfiles /work/JacksonCore_13f/target/classes --csv /workspace/jqwik/Result_auto_Round1/JacksonCore_13/tries200_seed3/jacoco.csv
[INFO] Loading execution data file /workspace/jqwik/Result_auto_Round1/JacksonCore_13/tries200_seed3/jacoco.exec.
[INFO] Analyzing 79 classes.

[exit=0 timeout=False time=2.9s]

$ java -Djava.awt.headless=true -Xss4m -Xmx1g -Dpbt.seed=3 -Dpbt.tries=200 -Dpbt.snapshot.dir=/work/jqwik_out/JacksonCore_13/auto_round1_tries200_seed3/snapshots -Dpbt.propertyBudgetMs=5000 -Dpbt.mask=/work/JacksonCore_13f:/work/JacksonCore_13b:/work/jqwik_out/JacksonCore_13/auto_round1_tries200_seed3/classes_f:/work/jqwik_out/JacksonCore_13/auto_round1_tries200_seed3/classes_b -Dpbt.mode=check -jar /workspace/lib/jqwik/junit-platform-console-standalone-1.9.3.jar --disable-banner --details tree --class-path /work/jqwik_out/JacksonCore_13/auto_round1_tries200_seed3/classes_b:/work/JacksonCore_13b/target/classes:/opt/defects4j/framework/projects/JacksonCore/lib/junit/junit/4.12/junit-4.12.jar:/opt/defects4j/framework/projects/JacksonCore/lib/org/hamcrest/hamcrest-core/1.3/hamcrest-core-1.3.jar:/work/JacksonCore_13b/target/test-classes:/opt/defects4j/framework/projects/lib/junit-4.12-hamcrest-1.3.jar:/opt/defects4j/framework/projects/JacksonCore/lib/junit/junit/4.11/junit-4.11.jar:/opt/defects4j/framework/projects/JacksonCore/lib/junit/junit/4.8.2/junit-4.8.2.jar:/work/jqwik_harness:/workspace/lib/jqwik/jqwik-1.7.4.jar:/workspace/lib/jqwik/jqwik-api-1.7.4.jar:/workspace/lib/jqwik/jqwik-engine-1.7.4.jar --scan-class-path /work/jqwik_out/JacksonCore_13/auto_round1_tries200_seed3/classes_b --include-classname .* --include-engine jqwik --config jqwik.database=/workspace/jqwik/Result_auto_Round1/JacksonCore_13/tries200_seed3/reports_buggy/jqwik-database --config jqwik.tries.default=200 --reports-dir /workspace/jqwik/Result_auto_Round1/JacksonCore_13/tries200_seed3/reports_buggy
y previously failed sample, then previous seed
when-fixed-seed = ALLOW       | fixing the random seed is allowed
edge-cases#mode = NONE        | edge cases are not explicitly generated
seed = 3                      | random seed to reproduce generated values


timestamp = 2026-09-27T06:33:08.917605, JsonGeneratorImpl AutoPbtTest:m002 getCharacterEscapes = 
                              |-----------------------jqwik-----------------------
tries = 200                   | # of calls to property
checks = 200                  | # of not rejected calls
generation = RANDOMIZED       | parameters are randomly generated
after-failure = SAMPLE_FIRST  | try previously failed sample, then previous seed
when-fixed-seed = ALLOW       | fixing the random seed is allowed
edge-cases#mode = NONE        | edge cases are not explicitly generated
seed = 3                      | random seed to reproduce generated values


timestamp = 2026-09-27T06:33:10.032, JsonGeneratorImpl AutoPbtTest:m001 enable = 
                              |-----------------------jqwik-----------------------
tries = 200                   | # of calls to property
checks = 200                  | # of not rejected calls
generation = RANDOMIZED       | parameters are randomly generated
after-failure = SAMPLE_FIRST  | try previously failed sample, then previous seed
when-fixed-seed = ALLOW       | fixing the random seed is allowed
edge-cases#mode = NONE        | edge cases are not explicitly generated
seed = 3                      | random seed to reproduce generated values


timestamp = 2026-09-27T06:33:10.791959, JsonGeneratorImpl AutoPbtTest:m005 setHighestNonEscapedChar = 
                              |-----------------------jqwik-----------------------
tries = 200                   | # of calls to property
checks = 200                  | # of not rejected calls
generation = RANDOMIZED       | parameters are randomly generated
after-failure = SAMPLE_FIRST  | try previously failed sample, then previous seed
when-fixed-seed = ALLOW       | fixing the random seed is allowed
edge-cases#mode = NONE        | edge cases are not explicitly generated
seed = 3                      | random seed to reproduce generated values


timestamp = 2026-09-27T06:33:12.333244, JsonGeneratorImpl AutoPbtTest:m007 version = 
                              |-----------------------jqwik-----------------------
tries = 200                   | # of calls to property
checks = 200                  | # of not rejected calls
generation = RANDOMIZED       | parameters are randomly generated
after-failure = SAMPLE_FIRST  | try previously failed sample, then previous seed
when-fixed-seed = ALLOW       | fixing the random seed is allowed
edge-cases#mode = NONE        | edge cases are not explicitly generated
seed = 3                      | random seed to reproduce generated values


[36m╷[0m
[36m└─[0m [36mjqwik (JUnit Platform)[0m [32m✔[0m
[36m   └─[0m [36mJsonGeneratorImpl AutoPbtTest[0m [32m✔[0m
[36m      ├─[0m [34mm000  checkStdFeatureChanges[0m [32m✔[0m
[36m      ├─[0m [34mm004 setCharacterEscapes[0m [32m✔[0m
[36m      ├─[0m [34mm006 setRootValueSeparator[0m [32m✔[0m
[36m      ├─[0m [34mm008 writeStringField[0m [32m✔[0m
[36m      ├─[0m [34mm003 getHighestEscapedChar[0m [32m✔[0m
[36m      ├─[0m [34mm002 getCharacterEscapes[0m [32m✔[0m
[36m      ├─[0m [34mm001 enable[0m [32m✔[0m
[36m      ├─[0m [34mm005 setHighestNonEscapedChar[0m [32m✔[0m
[36m      └─[0m [34mm007 version[0m [32m✔[0m

Test run finished after 23485 ms
[         2 containers found      ]
[         0 containers skipped    ]
[         2 containers started    ]
[         0 containers aborted    ]
[         2 containers successful ]
[         0 containers failed     ]
[         9 tests found           ]
[         0 tests skipped         ]
[         9 tests started         ]
[         0 tests aborted         ]
[         9 tests successful      ]
[         0 tests failed          ]


[exit=0 timeout=False time=28.2s]
