
$ defects4j compile -w /work/Chart_2f
Running ant (compile)...................................................... OK
Running ant (compile.tests)................................................ OK

[exit=0 timeout=False time=0.9s]

$ defects4j compile -w /work/Chart_2b
Running ant (compile)...................................................... OK
Running ant (compile.tests)................................................ OK

[exit=0 timeout=False time=1.0s]

$ java -Djava.awt.headless=true -cp /opt/defects4j/framework/projects/lib/junit-4.12-hamcrest-1.3.jar:/opt/evosuite/evosuite-1.2.0.jar:/work/Chart_2f/build:/work/Chart_2f/lib/servlet.jar:/work/Chart_2f/build-tests org.evosuite.EvoSuite -generateSuite -class org.jfree.data.general.DatasetUtilities -projectCP /opt/defects4j/framework/projects/lib/junit-4.12-hamcrest-1.3.jar:/work/Chart_2f/build:/work/Chart_2f/lib/servlet.jar:/work/Chart_2f/build-tests -Dcriterion=LINE:BRANCH:EXCEPTION -Dsearch_budget=120 -seed 1 -Dtest_dir=/work/evo_out/Chart_2f/budget120_seed1/tests -Dreport_dir=/work/evo_out/Chart_2f/budget120_seed1/report
* EvoSuite 1.2.0
* Going to generate test cases for class: org.jfree.data.general.DatasetUtilities
* Starting Client-0
* Connecting to master process on port 9922
* Analyzing classpath: 
  - /opt/defects4j/framework/projects/lib/junit-4.12-hamcrest-1.3.jar
  - /work/Chart_2f/build
  - /work/Chart_2f/lib/servlet.jar
  - /work/Chart_2f/build-tests
[MASTER] 06:04:24.806 [logback-1] WARN  InheritanceTree - Class not in inheritance graph: java.util.Locale$IsoCountryCode
[MASTER] 06:04:25.621 [logback-1] WARN  InheritanceTree - Class not in inheritance graph: java.io.ObjectInputFilter
[MASTER] 06:04:26.501 [logback-1] WARN  InheritanceTree - Class not in inheritance graph: java.lang.module.ModuleFinder
* Finished analyzing classpath
* Generating tests for class org.jfree.data.general.DatasetUtilities
* Test criteria:
  - Line Coverage
  - Branch Coverage
  - Exception
* Setting up search algorithm for whole suite generation
* Total number of test goals: 
  - Line 813
  - Branch 564
  - Exception 0

[Progress:>                             0%] [Cov:>                                  0%]* Using seed 1
* Starting evolution
[MASTER] 06:04:27.711 [logback-1] WARN  TestCluster - Failed to check cache for javax.swing.JComboBox<E> : Type points to itself

[Progress:>                             0%] [Cov:>                                  1%]
[Progress:>                             0%] [Cov:===========>                       34%]
[Progress:>                             0%] [Cov:============>                      37%]
[Progress:>                             0%] [Cov:=============>                     39%]
[Progress:>                             1%] [Cov:>                                  0%]
[Progress:>                             1%] [Cov:===========>                       34%]
[Progress:>                             1%] [Cov:============>                      35%]
[Progress:>                             1%] [Cov:============>                      36%]
[Progress:>                             1%] [Cov:============>                      37%][MASTER] 06:04:30.050 [logback-1] WARN  TestCluster - Failed to check cache for java.util.Comparator<T> : Type points to itself

[Progress:>                             2%] [Cov:>                                  1%]
[Progress:>                             2%] [Cov:=>                                 3%]
[Progress:>                             2%] [Cov:============>                      36%]
[Progress:>                             2%] [Cov:=============>                     39%]
[Progress:>                             2%] [Cov:==============>                    40%]
[Progress:>                             2%] [Cov:====================>              59%]
[Progress:>                             3%] [Cov:====================>              59%]
[Progress:>                             3%] [Cov:=====================>             60%]
[Progress:>                             3%] [Cov:=====================>             60%]
[Progress:>                             3%] [Cov:=====================>             60%]
[Progress:>                             3%] [Cov:=====================>             61%][MASTER] 06:04:32.014 [logback-1] WARN  TestCluster - Failed to check cache for java.util.Stack<E> : Type points to itself

[Progress:=>                            4%] [Cov:=====================>             61%]
[Progress:=>                            4%] [Cov:=====================>             62%]
[Progress:=>                            4%] [Cov:=====================>             62%]
[Progress:=>                            4%] [Cov:======================>            63%]
[Progress:=>                            4%] [Cov:======================>            63%]
[Progress:=>                            5%] [Cov:======================>            63%]
[Progress:=>                            5%] [Cov:======================>            63%]
[Progress:=>                            5%] [Cov:======================>            64%]
[Progress:=>                            5%] [Cov:======================>            64%]
[Progress:=>                            5%] [Cov:======================>            65%]
[Progress:=>                            6%] [Cov:======================>            65%]
[Progress:=>                            6%] [Cov:======================>            65%]
[Progress:==>                           7%] [Cov:======================>            65%]
[Progress:==>                           7%] [Cov:======================>            65%]
[Progress:==>                           7%] [Cov:======================>            65%]
[Progress:==>                           8%] [Cov:======================>            65%]
[Progress:==>                           8%] [Cov:=======================>           66%]
[Progress:==>                           8%] [Cov:=======================>           66%]
[Progress:==>                           8%] [Cov:=======================>           67%]
[Progress:==>                           8%] [Cov:=======================>           67%]
[Progress:==>                           9%] [Cov:=======================>           67%]
[Progress:==>                           9%] [Cov:=======================>           67%]
[Progress:==>                           9%] [Cov:=======================>           67%]
[Progress:===>                          10%] [Cov:=======================>           67%]
[Progress:===>                          10%] [Cov:=======================>           67%]
[Progress:===>                          10%] [Cov:=======================>           68%]
[Progress:===>                          10%] [Cov:=======================>           68%]
[Progress:===>                          10%] [Cov:========================>          69%]
[Progress:===>                          11%] [Cov:========================>          69%]
[Progress:===>                          11%] [Cov:========================>          69%]
[Progress:===>                          12%] [Cov:========================>          69%]
[Progress:===>                          13%] [Cov:========================>          69%]
[Progress:===>                          13%] [Cov:========================>          69%]
[Progress:===>                          13%] [Cov:========================>          70%]
[Progress:====>                         14%] [Cov:========================>          69%]
[Progress:====>                         14%] [Cov:========================>          70%]
[Progress:====>                         14%] [Cov:========================>          70%]
[Progress:====>                         15%] [Cov:========================>          70%]
[Progress:====>                         15%] [Cov:========================>          70%]
[Progress:====>                         15%] [Cov:========================>          70%]
[Progress:====>                         15%] [Cov:========================>          71%]
[Progress:====>                         15%] [Cov:========================>          71%]
[Progress:====>                         16%] [Cov:========================>          71%]
[Progress:====>                         16%] [Cov:========================>          71%]
[Progress:=====>                        17%] [Cov:========================>          71%]
[Progress:=====>                        17%] [Cov:========================>          71%]
[Progress:=====>                        18%] [Cov:========================>          71%]
[Progress:=====>                        18%] [Cov:========================>          71%]
[Progress:=====>                        18%] [Cov:========================>          71%]
[Progress:=====>                        19%] [Cov:========================>          71%]
[Progress:=====>                        19%] [Cov:========================>          71%]
[Progress:=====>                        19%] [Cov:========================>          71%]
[Progress:======>                       20%] [Cov:========================>          71%]
[Progress:======>                       20%] [Cov:========================>          71%]
[Progress:======>                       20%] [Cov:========================>          71%]
[Progress:======>                       21%] [Cov:========================>          71%]
[Progress:======>                       21%] [Cov:=========================>         73%]
[Progress:======>                       21%] [Cov:=========================>         74%]
[Progress:======>                       22%] [Cov:=========================>         74%]
[Progress:======>                       23%] [Cov:=========================>         74%]
[Progress:======>                       23%] [Cov:=========================>         74%]
[Progress:=======>                      24%] [Cov:=========================>         74%]
[Progress:=======>                      24%] [Cov:=========================>         74%]
[Progress:=======>                      25%] [Cov:=========================>         74%]
[Progress:=======>                      25%] [Cov:=========================>         74%][MASTER] 06:04:57.480 [logback-1] WARN  TestCluster - Failed to check cache for javax.swing.JList<E> : Type points to itself

[Progress:=======>                      25%] [Cov:=========================>         74%]
[Progress:=======>                      26%] [Cov:=========================>         74%]
[Progress:=======>                      26%] [Cov:=========================>         74%]
[Progress:========>                     27%] [Cov:=========================>         74%]
[Progress:========>                     28%] [Cov:=========================>         74%]
[Progress:========>                     28%] [Cov:=========================>         74%][MASTER] 06:05:02.131 [logback-1] WARN  CastClassManager - Nothing is assignable after adding java.util.Stack<E> for wildcard ? extends java.util.Vector
[MASTER] 06:05:02.134 [logback-1] WARN  CastClassManager - Nothing is assignable after adding java.util.Vector<E> for wildcard ? extends java.util.Vector
[MASTER] 06:05:02.136 [logback-1] WARN  TestCluster - Failed to check cache for java.util.Vector<E> : Type points to itself

[Progress:========>                     29%] [Cov:=========================>         74%]
[Progress:=========>                    30%] [Cov:==========================>        75%]
[Progress:=========>                    30%] [Cov:==========================>        75%]
[Progress:=========>                    31%] [Cov:==========================>        75%]
[Progress:=========>                    31%] [Cov:==========================>        75%]
[Progress:=========>                    32%] [Cov:==========================>        75%]
[Progress:=========>                    32%] [Cov:==========================>        75%]
[Progress:=========>                    33%] [Cov:==========================>        75%]
[Progress:=========>                    33%] [Cov:==========================>        75%]
[Progress:==========>                   34%] [Cov:==========================>        75%][MASTER] 06:05:08.332 [logback-1] WARN  CastClassManager - Nothing is assignable after adding javax.swing.JLayer<V> for type Variable V with bounds [class java.awt.Component] of declaration JLayer. The owner var map is {T=class org.jfree.data.time.TimeSeriesTableModel, E=class org.jfree.data.time.TimeSeriesTableModel}
[MASTER] 06:05:08.333 [logback-1] WARN  TestCluster - Failed to check cache for java.lang.Comparable<org.jfree.data.time.TimeSeriesTableModel> : Unable to instantiate V
[MASTER] 06:05:08.615 [logback-1] WARN  TestCluster - Failed to check cache for javax.swing.JLayer<V> : Type points to itself

[Progress:==========>                   34%] [Cov:==========================>        75%]
[Progress:==========>                   35%] [Cov:==========================>        75%]
[Progress:==========>                   35%] [Cov:==========================>        75%]
[Progress:==========>                   35%] [Cov:==========================>        75%]
[Progress:==========>                   36%] [Cov:==========================>        75%]
[Progress:===========>                  37%] [Cov:==========================>        75%]
[Progress:===========>                  38%] [Cov:==========================>        75%]
[Progress:===========>                  38%] [Cov:==========================>        75%]
[Progress:===========>                  38%] [Cov:==========================>        76%]
[Progress:===========>                  39%] [Cov:==========================>        75%]
[Progress:===========>                  39%] [Cov:==========================>        76%]
[Progress:============>                 40%] [Cov:==========================>        76%]
[Progress:============>                 40%] [Cov:==========================>        76%]
[Progress:============>                 41%] [Cov:==========================>        76%]
[Progress:============>                 42%] [Cov:==========================>        76%]
[Progress:============>                 42%] [Cov:==========================>        76%]
[Progress:============>                 43%] [Cov:==========================>        76%]
[Progress:=============>                44%] [Cov:==========================>        76%]
[Progress:=============>                44%] [Cov:==========================>        76%]
[Progress:=============>                45%] [Cov:==========================>        76%][MASTER] 06:05:21.416 [logback-1] WARN  CastClassManager - Nothing is assignable after adding java.util.Stack<E> for wildcard ? extends java.util.Vector
[MASTER] 06:05:21.419 [logback-1] WARN  CastClassManager - Nothing is assignable after adding java.util.Vector<E> for wildcard ? extends java.util.Vector

[Progress:=============>                45%] [Cov:==========================>        76%]
[Progress:=============>                45%] [Cov:==========================>        76%]
[Progress:=============>                46%] [Cov:==========================>        76%]
[Progress:=============>                46%] [Cov:==========================>        76%]
[Progress:==============>               47%] [Cov:==========================>        76%]
[Progress:==============>               47%] [Cov:==========================>        76%]
[Progress:==============>               48%] [Cov:==========================>        76%][MASTER] 06:05:25.226 [logback-1] WARN  TestCluster - Failed to check cache for javax.swing.RowFilter<M, I>.ComparisonType : Type points to itself

[Progress:==============>               48%] [Cov:==========================>        76%]
[Progress:==============>               49%] [Cov:==========================>        76%]
[Progress:==============>               49%] [Cov:==========================>        77%]
[Progress:===============>              50%] [Cov:==========================>        77%]
[Progress:===============>              50%] [Cov:==========================>        77%]
[Progress:===============>              50%] [Cov:==========================>        77%]
[Progress:===============>              51%] [Cov:==========================>        77%]
[Progress:===============>              51%] [Cov:==========================>        77%]
[Progress:===============>              52%] [Cov:==========================>        77%]
[Progress:===============>              52%] [Cov:==========================>        77%]
[Progress:===============>              53%] [Cov:==========================>        77%]
[Progress:===============>              53%] [Cov:==========================>        77%]
[Progress:================>             54%] [Cov:==========================>        77%]
[Progress:================>             54%] [Cov:==========================>        77%]
[Progress:================>             55%] [Cov:==========================>        77%]
[Progress:================>             55%] [Cov:==========================>        77%]
[Progress:================>             55%] [Cov:==========================>        77%]
[Progress:================>             56%] [Cov:==========================>        77%]
[Progress:================>             56%] [Cov:==========================>        77%]
[Progress:=================>            57%] [Cov:==========================>        77%]
[Progress:=================>            58%] [Cov:==========================>        77%]
[Progress:=================>            58%] [Cov:==========================>        77%]
[Progress:=================>            59%] [Cov:==========================>        77%]
[Progress:=================>            59%] [Cov:==========================>        77%]
[Progress:==================>           60%] [Cov:==========================>        77%]
[Progress:==================>           60%] [Cov:==========================>        77%]
[Progress:==================>           60%] [Cov:==========================>        77%]
[Progress:==================>           61%] [Cov:==========================>        77%]
[Progress:==================>           61%] [Cov:==========================>        77%]
[Progress:==================>           61%] [Cov:==========================>        77%]
[Progress:==================>           62%] [Cov:==========================>        77%]
[Progress:==================>           63%] [Cov:==========================>        77%]
[Progress:===================>          64%] [Cov:==========================>        77%]
[Progress:===================>          64%] [Cov:==========================>        77%]
[Progress:===================>          65%] [Cov:==========================>        77%]
[Progress:===================>          65%] [Cov:==========================>        77%]
[Progress:===================>          65%] [Cov:==========================>        77%]
[Progress:===================>          65%] [Cov:==========================>        77%]
[Progress:===================>          66%] [Cov:==========================>        77%]
[Progress:===================>          66%] [Cov:==========================>        77%]
[Progress:====================>         67%] [Cov:==========================>        77%]
[Progress:====================>         68%] [Cov:==========================>        77%]
[Progress:====================>         69%] [Cov:==========================>        77%]
[Progress:====================>         69%] [Cov:==========================>        77%]
[Progress:=====================>        70%] [Cov:==========================>        77%]
[Progress:=====================>        70%] [Cov:==========================>        77%][MASTER] 06:05:51.521 [logback-1] WARN  CastClassManager - Nothing is assignable after adding java.util.Stack<E> for wildcard ? extends java.util.Vector
[MASTER] 06:05:51.524 [logback-1] WARN  CastClassManager - Nothing is assignable after adding java.util.Vector<E> for wildcard ? extends java.util.Vector

[Progress:=====================>        70%] [Cov:==========================>        77%]
[Progress:=====================>        70%] [Cov:==========================>        77%]
[Progress:=====================>        71%] [Cov:==========================>        77%]
[Progress:=====================>        71%] [Cov:==========================>        77%]
[Progress:=====================>        72%] [Cov:==========================>        77%]
[Progress:=====================>        73%] [Cov:==========================>        77%]
[Progress:======================>       74%] [Cov:==========================>        77%]
[Progress:======================>       74%] [Cov:==========================>        77%]
[Progress:======================>       75%] [Cov:==========================>        77%]
[Progress:======================>       75%] [Cov:==========================>        77%][MASTER] 06:05:58.162 [logback-1] WARN  CastClassManager - Nothing is assignable after adding java.util.Stack<E> for wildcard ? extends java.util.Vector
[MASTER] 06:05:58.165 [logback-1] WARN  CastClassManager - Nothing is assignable after adding java.util.Vector<E> for wildcard ? extends java.util.Vector

[Progress:======================>       76%] [Cov:==========================>        77%]
[Progress:======================>       76%] [Cov:===========================>       78%]
[Progress:======================>       76%] [Cov:===========================>       79%]
[Progress:=======================>      77%] [Cov:==========================>        77%]
[Progress:=======================>      77%] [Cov:============================>      80%]
[Progress:=======================>      78%] [Cov:============================>      80%]
[Progress:=======================>      79%] [Cov:============================>      80%]
[Progress:========================>     80%] [Cov:============================>      80%]
[Progress:========================>     80%] [Cov:============================>      80%]
[Progress:========================>     80%] [Cov:============================>      80%]
[Progress:========================>     81%] [Cov:============================>      80%]
[Progress:========================>     81%] [Cov:============================>      80%]
[Progress:========================>     82%] [Cov:============================>      80%]
[Progress:========================>     82%] [Cov:============================>      80%]
[Progress:========================>     83%] [Cov:============================>      80%]
[Progress:========================>     83%] [Cov:============================>      80%]
[Progress:=========================>    84%] [Cov:============================>      80%]
[Progress:=========================>    84%] [Cov:============================>      80%]
[Progress:=========================>    85%] [Cov:============================>      80%]
[Progress:=========================>    85%] [Cov:============================>      80%]
[Progress:=========================>    86%] [Cov:============================>      80%]
[Progress:=========================>    86%] [Cov:============================>      80%]
[Progress:==========================>   87%] [Cov:============================>      80%]
[Progress:==========================>   88%] [Cov:============================>      80%]
[Progress:==========================>   89%] [Cov:============================>      80%]
[Progress:===========================>  90%] [Cov:============================>      80%]
[Progress:===========================>  90%] [Cov:============================>      80%]
[Progress:===========================>  91%] [Cov:============================>      80%]
[Progress:===========================>  92%] [Cov:============================>      80%]
[Progress:===========================>  92%] [Cov:============================>      80%]
[Progress:===========================>  93%] [Cov:============================>      80%]
[Progress:===========================>  93%] [Cov:============================>      80%]
[Progress:============================> 94%] [Cov:============================>      80%]
[Progress:============================> 94%] [Cov:============================>      80%]
[Progress:============================> 95%] [Cov:============================>      80%]
[Progress:============================> 95%] [Cov:============================>      80%]
[Progress:============================> 95%] [Cov:============================>      80%]
[Progress:============================> 96%] [Cov:============================>      80%]
[Progress:============================> 96%] [Cov:============================>      80%]
[Progress:=============================>97%] [Cov:============================>      80%]
[Progress:=============================>97%] [Cov:============================>      80%]
[Progress:=============================>98%] [Cov:============================>      80%]
[Progress:=============================>98%] [Cov:============================>      80%]
[Progress:=============================>99%] [Cov:============================>      80%]
[Progress:=============================>99%] [Cov:============================>      80%]
[Progress:==============================100%] [Cov:============================>      80%]
[Progress:==============================100%] [Cov:============================>      80%]
[Progress:==============================100%] [Cov:============================>      80%]
* Search finished after 121s and 130 generations, 85996 statements, best individual has fitness: 246.17477943810667
* Minimizing test suite
* Going to analyze the coverage criteria
* Coverage analysis for criterion LINE
* Coverage of criterion LINE: 73%
* Total number of goals: 813
* Number of covered goals: 594
* Coverage analysis for criterion BRANCH
* Coverage of criterion BRANCH: 69%
* Total number of goals: 564
* Number of covered goals: 389
* Coverage analysis for criterion EXCEPTION
* Coverage of criterion EXCEPTION: 100%
* Total number of goals: 78
* Number of covered goals: 78
* Generated 158 tests with total length 566
* Resulting test suite's coverage: 81% (average coverage for all fitness functions)
* Generating assertions
* Resulting test suite's mutation score: 37%
* Compiling and checking tests
* Writing tests to file
* Writing JUnit test case 'DatasetUtilities_ESTest' to /work/evo_out/Chart_2f/budget120_seed1/tests
* Done!

* Computation finished

[exit=0 timeout=False time=175.1s]

$ javac -nowarn -cp /work/Chart_2f/build:/opt/defects4j/framework/projects/lib/junit-4.12-hamcrest-1.3.jar:/work/Chart_2f/lib/servlet.jar:/work/Chart_2f/build:/work/Chart_2f/build-tests:/opt/evosuite/evosuite-standalone-runtime-1.2.0.jar -d /work/evo_out/Chart_2f/budget120_seed1/classes /work/evo_out/Chart_2f/budget120_seed1/tests/org/jfree/data/general/DatasetUtilities_ESTest.java /work/evo_out/Chart_2f/budget120_seed1/tests/org/jfree/data/general/DatasetUtilities_ESTest_scaffolding.java
Note: /work/evo_out/Chart_2f/budget120_seed1/tests/org/jfree/data/general/DatasetUtilities_ESTest.java uses or overrides a deprecated API.
Note: Recompile with -Xlint:deprecation for details.
Note: /work/evo_out/Chart_2f/budget120_seed1/tests/org/jfree/data/general/DatasetUtilities_ESTest.java uses unchecked or unsafe operations.
Note: Recompile with -Xlint:unchecked for details.

[exit=0 timeout=False time=1.0s]

$ java -jar /opt/jacoco/lib/jacococli.jar instrument /work/Chart_2f/build --dest /work/evo_out/Chart_2f/budget120_seed1/instrumented
[INFO] 682 classes instrumented to /work/evo_out/Chart_2f/budget120_seed1/instrumented.

[exit=0 timeout=False time=0.8s]

$ java -Djacoco-agent.destfile=/workspace/EvoSuite/Result_Round2/Chart_2/budget120_seed1/jacoco.exec -cp /work/evo_out/Chart_2f/budget120_seed1/instrumented:/work/evo_out/Chart_2f/budget120_seed1/classes:/opt/defects4j/framework/projects/lib/junit-4.12-hamcrest-1.3.jar:/work/Chart_2f/lib/servlet.jar:/work/Chart_2f/build:/work/Chart_2f/build-tests:/opt/evosuite/evosuite-standalone-runtime-1.2.0.jar:/opt/jacoco/lib/jacocoagent.jar org.junit.runner.JUnitCore org.jfree.data.general.DatasetUtilities_ESTest
JUnit version 4.12
..............................................................................................................................................................
Time: 1.536

OK (158 tests)

SLF4J: Failed to load class "org.slf4j.impl.StaticLoggerBinder".
SLF4J: Defaulting to no-operation (NOP) logger implementation
SLF4J: See http://www.slf4j.org/codes.html#StaticLoggerBinder for further details.
WARNING: An illegal reflective access operation has occurred
WARNING: Illegal reflective access by org.evosuite.runtime.GuiSupport (file:/opt/evosuite/evosuite-standalone-runtime-1.2.0.jar) to field java.awt.GraphicsEnvironment.headless
WARNING: Please consider reporting this to the maintainers of org.evosuite.runtime.GuiSupport
WARNING: Use --illegal-access=warn to enable warnings of further illegal reflective access operations
WARNING: All illegal access operations will be denied in a future release

[exit=0 timeout=False time=2.4s]

$ java -jar /opt/jacoco/lib/jacococli.jar report /workspace/EvoSuite/Result_Round2/Chart_2/budget120_seed1/jacoco.exec --classfiles /work/Chart_2f/build --csv /workspace/EvoSuite/Result_Round2/Chart_2/budget120_seed1/jacoco.csv
[INFO] Loading execution data file /workspace/EvoSuite/Result_Round2/Chart_2/budget120_seed1/jacoco.exec.
[INFO] Analyzing 565 classes.

[exit=0 timeout=False time=0.6s]

$ java -cp /work/evo_out/Chart_2f/budget120_seed1/classes:/opt/defects4j/framework/projects/lib/junit-4.12-hamcrest-1.3.jar:/work/Chart_2b/lib/servlet.jar:/work/Chart_2b/build:/work/Chart_2b/build-tests:/opt/evosuite/evosuite-standalone-runtime-1.2.0.jar org.junit.runner.JUnitCore org.jfree.data.general.DatasetUtilities_ESTest
JUnit version 4.12
..............................................................................................................................................................
Time: 1.384

OK (158 tests)

SLF4J: Failed to load class "org.slf4j.impl.StaticLoggerBinder".
SLF4J: Defaulting to no-operation (NOP) logger implementation
SLF4J: See http://www.slf4j.org/codes.html#StaticLoggerBinder for further details.
WARNING: An illegal reflective access operation has occurred
WARNING: Illegal reflective access by org.evosuite.runtime.GuiSupport (file:/opt/evosuite/evosuite-standalone-runtime-1.2.0.jar) to field java.awt.GraphicsEnvironment.headless
WARNING: Please consider reporting this to the maintainers of org.evosuite.runtime.GuiSupport
WARNING: Use --illegal-access=warn to enable warnings of further illegal reflective access operations
WARNING: All illegal access operations will be denied in a future release

[exit=0 timeout=False time=1.8s]
