
$ javac -nowarn -encoding UTF-8 -cp /work/Math_41f/target/classes:/work/Math_41f/target/test-classes:/opt/defects4j/framework/projects/lib/junit-4.12-hamcrest-1.3.jar:/work/jqwik_harness:/workspace/lib/jqwik/jqwik-1.7.4.jar:/workspace/lib/jqwik/jqwik-api-1.7.4.jar:/workspace/lib/jqwik/jqwik-engine-1.7.4.jar -d /work/jqwik_out/Math_41/auto_round2_tries1000_seed3/classes_f /workspace/jqwik/Auto/Math_41/org/apache/commons/math/stat/descriptive/moment/Variance_AutoPbtTest.java

[exit=0 timeout=False time=0.8s]

$ javac -nowarn -encoding UTF-8 -cp /work/Math_41b/target/classes:/work/Math_41b/target/test-classes:/opt/defects4j/framework/projects/lib/junit-4.12-hamcrest-1.3.jar:/work/jqwik_harness:/workspace/lib/jqwik/jqwik-1.7.4.jar:/workspace/lib/jqwik/jqwik-api-1.7.4.jar:/workspace/lib/jqwik/jqwik-engine-1.7.4.jar -d /work/jqwik_out/Math_41/auto_round2_tries1000_seed3/classes_b /workspace/jqwik/Auto/Math_41/org/apache/commons/math/stat/descriptive/moment/Variance_AutoPbtTest.java

[exit=0 timeout=False time=0.8s]

$ java -Djava.awt.headless=true -Xss4m -Xmx1g -Dpbt.seed=3 -Dpbt.tries=1000 -Dpbt.snapshot.dir=/work/jqwik_out/Math_41/auto_round2_tries1000_seed3/snapshots -Dpbt.propertyBudgetMs=5000 -Dpbt.mask=/work/Math_41f:/work/Math_41b:/work/jqwik_out/Math_41/auto_round2_tries1000_seed3/classes_f:/work/jqwik_out/Math_41/auto_round2_tries1000_seed3/classes_b -Dpbt.mode=record -jar /workspace/lib/jqwik/junit-platform-console-standalone-1.9.3.jar --disable-banner --details tree --class-path /work/jqwik_out/Math_41/auto_round2_tries1000_seed3/classes_f:/work/Math_41f/target/classes:/work/Math_41f/target/test-classes:/opt/defects4j/framework/projects/lib/junit-4.12-hamcrest-1.3.jar:/work/jqwik_harness:/workspace/lib/jqwik/jqwik-1.7.4.jar:/workspace/lib/jqwik/jqwik-api-1.7.4.jar:/workspace/lib/jqwik/jqwik-engine-1.7.4.jar --scan-class-path /work/jqwik_out/Math_41/auto_round2_tries1000_seed3/classes_f --include-classname .* --include-engine jqwik --config jqwik.database=/workspace/jqwik/Result_auto_Round2/Math_41/tries1000_seed3/reports_record/jqwik-database --config jqwik.tries.default=1000 --reports-dir /workspace/jqwik/Result_auto_Round2/Math_41/tries1000_seed3/reports_record
 random seed to reproduce generated values


timestamp = 2026-09-30T02:03:46.474693, Variance AutoPbtTest:m009 evaluate = 
                              |-----------------------jqwik-----------------------
tries = 1000                  | # of calls to property
checks = 1000                 | # of not rejected calls
generation = RANDOMIZED       | parameters are randomly generated
after-failure = SAMPLE_FIRST  | try previously failed sample, then previous seed
when-fixed-seed = ALLOW       | fixing the random seed is allowed
edge-cases#mode = NONE        | edge cases are not explicitly generated
seed = 3                      | random seed to reproduce generated values


timestamp = 2026-09-30T02:03:46.721570, Variance AutoPbtTest:m013 increment = 
                              |-----------------------jqwik-----------------------
tries = 1000                  | # of calls to property
checks = 1000                 | # of not rejected calls
generation = RANDOMIZED       | parameters are randomly generated
after-failure = SAMPLE_FIRST  | try previously failed sample, then previous seed
when-fixed-seed = ALLOW       | fixing the random seed is allowed
edge-cases#mode = NONE        | edge cases are not explicitly generated
seed = 3                      | random seed to reproduce generated values


timestamp = 2026-09-30T02:03:47.159744, Variance AutoPbtTest:m008 evaluate = 
                              |-----------------------jqwik-----------------------
tries = 1000                  | # of calls to property
checks = 1000                 | # of not rejected calls
generation = RANDOMIZED       | parameters are randomly generated
after-failure = SAMPLE_FIRST  | try previously failed sample, then previous seed
when-fixed-seed = ALLOW       | fixing the random seed is allowed
edge-cases#mode = NONE        | edge cases are not explicitly generated
seed = 3                      | random seed to reproduce generated values


timestamp = 2026-09-30T02:03:47.488267, Variance AutoPbtTest:m007 evaluate = 
                              |-----------------------jqwik-----------------------
tries = 1000                  | # of calls to property
checks = 1000                 | # of not rejected calls
generation = RANDOMIZED       | parameters are randomly generated
after-failure = SAMPLE_FIRST  | try previously failed sample, then previous seed
when-fixed-seed = ALLOW       | fixing the random seed is allowed
edge-cases#mode = NONE        | edge cases are not explicitly generated
seed = 3                      | random seed to reproduce generated values


[36m╷[0m
[36m└─[0m [36mjqwik (JUnit Platform)[0m [32m✔[0m
[36m   └─[0m [36mVariance AutoPbtTest[0m [32m✔[0m
[36m      ├─[0m [34mm006 evaluate[0m [32m✔[0m
[36m      ├─[0m [34mm005 evaluate[0m [32m✔[0m
[36m      ├─[0m [34mm004 evaluate[0m [32m✔[0m
[36m      ├─[0m [34mm003 evaluate[0m [32m✔[0m
[36m      ├─[0m [34mm000 clear[0m [32m✔[0m
[36m      ├─[0m [34mm001 copy[0m [32m✔[0m
[36m      ├─[0m [34mm002 copy[0m [32m✔[0m
[36m      ├─[0m [34mm015 setBiasCorrected[0m [32m✔[0m
[36m      ├─[0m [34mm011 getN[0m [32m✔[0m
[36m      ├─[0m [34mm014 isBiasCorrected[0m [32m✔[0m
[36m      ├─[0m [34mm012 getResult[0m [32m✔[0m
[36m      ├─[0m [34mm010 evaluate[0m [32m✔[0m
[36m      ├─[0m [34mm009 evaluate[0m [32m✔[0m
[36m      ├─[0m [34mm013 increment[0m [32m✔[0m
[36m      ├─[0m [34mm008 evaluate[0m [32m✔[0m
[36m      └─[0m [34mm007 evaluate[0m [32m✔[0m

Test run finished after 5814 ms
[         2 containers found      ]
[         0 containers skipped    ]
[         2 containers started    ]
[         0 containers aborted    ]
[         2 containers successful ]
[         0 containers failed     ]
[        16 tests found           ]
[         0 tests skipped         ]
[        16 tests started         ]
[         0 tests aborted         ]
[        16 tests successful      ]
[         0 tests failed          ]


[exit=0 timeout=False time=7.1s]

$ java -Djava.awt.headless=true -Xss4m -Xmx1g -Dpbt.seed=3 -Dpbt.tries=1000 -Dpbt.snapshot.dir=/work/jqwik_out/Math_41/auto_round2_tries1000_seed3/snapshots -Dpbt.propertyBudgetMs=5000 -Dpbt.mask=/work/Math_41f:/work/Math_41b:/work/jqwik_out/Math_41/auto_round2_tries1000_seed3/classes_f:/work/jqwik_out/Math_41/auto_round2_tries1000_seed3/classes_b -Dpbt.mode=check -javaagent:/opt/jacoco/lib/jacocoagent.jar=destfile=/workspace/jqwik/Result_auto_Round2/Math_41/tries1000_seed3/jacoco.exec -jar /workspace/lib/jqwik/junit-platform-console-standalone-1.9.3.jar --disable-banner --details tree --class-path /work/jqwik_out/Math_41/auto_round2_tries1000_seed3/classes_f:/work/Math_41f/target/classes:/work/Math_41f/target/test-classes:/opt/defects4j/framework/projects/lib/junit-4.12-hamcrest-1.3.jar:/work/jqwik_harness:/workspace/lib/jqwik/jqwik-1.7.4.jar:/workspace/lib/jqwik/jqwik-api-1.7.4.jar:/workspace/lib/jqwik/jqwik-engine-1.7.4.jar --scan-class-path /work/jqwik_out/Math_41/auto_round2_tries1000_seed3/classes_f --include-classname .* --include-engine jqwik --config jqwik.database=/workspace/jqwik/Result_auto_Round2/Math_41/tries1000_seed3/reports_fixed/jqwik-database --config jqwik.tries.default=1000 --reports-dir /workspace/jqwik/Result_auto_Round2/Math_41/tries1000_seed3/reports_fixed
 random seed to reproduce generated values


timestamp = 2026-09-30T02:03:54.274868, Variance AutoPbtTest:m009 evaluate = 
                              |-----------------------jqwik-----------------------
tries = 1000                  | # of calls to property
checks = 1000                 | # of not rejected calls
generation = RANDOMIZED       | parameters are randomly generated
after-failure = SAMPLE_FIRST  | try previously failed sample, then previous seed
when-fixed-seed = ALLOW       | fixing the random seed is allowed
edge-cases#mode = NONE        | edge cases are not explicitly generated
seed = 3                      | random seed to reproduce generated values


timestamp = 2026-09-30T02:03:54.453944, Variance AutoPbtTest:m013 increment = 
                              |-----------------------jqwik-----------------------
tries = 1000                  | # of calls to property
checks = 1000                 | # of not rejected calls
generation = RANDOMIZED       | parameters are randomly generated
after-failure = SAMPLE_FIRST  | try previously failed sample, then previous seed
when-fixed-seed = ALLOW       | fixing the random seed is allowed
edge-cases#mode = NONE        | edge cases are not explicitly generated
seed = 3                      | random seed to reproduce generated values


timestamp = 2026-09-30T02:03:54.755557, Variance AutoPbtTest:m008 evaluate = 
                              |-----------------------jqwik-----------------------
tries = 1000                  | # of calls to property
checks = 1000                 | # of not rejected calls
generation = RANDOMIZED       | parameters are randomly generated
after-failure = SAMPLE_FIRST  | try previously failed sample, then previous seed
when-fixed-seed = ALLOW       | fixing the random seed is allowed
edge-cases#mode = NONE        | edge cases are not explicitly generated
seed = 3                      | random seed to reproduce generated values


timestamp = 2026-09-30T02:03:55.091540, Variance AutoPbtTest:m007 evaluate = 
                              |-----------------------jqwik-----------------------
tries = 1000                  | # of calls to property
checks = 1000                 | # of not rejected calls
generation = RANDOMIZED       | parameters are randomly generated
after-failure = SAMPLE_FIRST  | try previously failed sample, then previous seed
when-fixed-seed = ALLOW       | fixing the random seed is allowed
edge-cases#mode = NONE        | edge cases are not explicitly generated
seed = 3                      | random seed to reproduce generated values


[36m╷[0m
[36m└─[0m [36mjqwik (JUnit Platform)[0m [32m✔[0m
[36m   └─[0m [36mVariance AutoPbtTest[0m [32m✔[0m
[36m      ├─[0m [34mm006 evaluate[0m [32m✔[0m
[36m      ├─[0m [34mm005 evaluate[0m [32m✔[0m
[36m      ├─[0m [34mm004 evaluate[0m [32m✔[0m
[36m      ├─[0m [34mm003 evaluate[0m [32m✔[0m
[36m      ├─[0m [34mm000 clear[0m [32m✔[0m
[36m      ├─[0m [34mm001 copy[0m [32m✔[0m
[36m      ├─[0m [34mm002 copy[0m [32m✔[0m
[36m      ├─[0m [34mm015 setBiasCorrected[0m [32m✔[0m
[36m      ├─[0m [34mm011 getN[0m [32m✔[0m
[36m      ├─[0m [34mm014 isBiasCorrected[0m [32m✔[0m
[36m      ├─[0m [34mm012 getResult[0m [32m✔[0m
[36m      ├─[0m [34mm010 evaluate[0m [32m✔[0m
[36m      ├─[0m [34mm009 evaluate[0m [32m✔[0m
[36m      ├─[0m [34mm013 increment[0m [32m✔[0m
[36m      ├─[0m [34mm008 evaluate[0m [32m✔[0m
[36m      └─[0m [34mm007 evaluate[0m [32m✔[0m

Test run finished after 5768 ms
[         2 containers found      ]
[         0 containers skipped    ]
[         2 containers started    ]
[         0 containers aborted    ]
[         2 containers successful ]
[         0 containers failed     ]
[        16 tests found           ]
[         0 tests skipped         ]
[        16 tests started         ]
[         0 tests aborted         ]
[        16 tests successful      ]
[         0 tests failed          ]


[exit=0 timeout=False time=13.1s]

$ java -jar /opt/jacoco/lib/jacococli.jar report /workspace/jqwik/Result_auto_Round2/Math_41/tries1000_seed3/jacoco.exec --classfiles /work/Math_41f/target/classes --csv /workspace/jqwik/Result_auto_Round2/Math_41/tries1000_seed3/jacoco.csv
[INFO] Loading execution data file /workspace/jqwik/Result_auto_Round2/Math_41/tries1000_seed3/jacoco.exec.
[INFO] Analyzing 649 classes.

[exit=0 timeout=False time=1.0s]

$ java -Djava.awt.headless=true -Xss4m -Xmx1g -Dpbt.seed=3 -Dpbt.tries=1000 -Dpbt.snapshot.dir=/work/jqwik_out/Math_41/auto_round2_tries1000_seed3/snapshots -Dpbt.propertyBudgetMs=5000 -Dpbt.mask=/work/Math_41f:/work/Math_41b:/work/jqwik_out/Math_41/auto_round2_tries1000_seed3/classes_f:/work/jqwik_out/Math_41/auto_round2_tries1000_seed3/classes_b -Dpbt.mode=check -jar /workspace/lib/jqwik/junit-platform-console-standalone-1.9.3.jar --disable-banner --details tree --class-path /work/jqwik_out/Math_41/auto_round2_tries1000_seed3/classes_b:/work/Math_41b/target/classes:/work/Math_41b/target/test-classes:/opt/defects4j/framework/projects/lib/junit-4.12-hamcrest-1.3.jar:/work/jqwik_harness:/workspace/lib/jqwik/jqwik-1.7.4.jar:/workspace/lib/jqwik/jqwik-api-1.7.4.jar:/workspace/lib/jqwik/jqwik-engine-1.7.4.jar --scan-class-path /work/jqwik_out/Math_41/auto_round2_tries1000_seed3/classes_b --include-classname .* --include-engine jqwik --config jqwik.database=/workspace/jqwik/Result_auto_Round2/Math_41/tries1000_seed3/reports_buggy/jqwik-database --config jqwik.tries.default=1000 --reports-dir /workspace/jqwik/Result_auto_Round2/Math_41/tries1000_seed3/reports_buggy
 random seed to reproduce generated values


timestamp = 2026-09-30T02:04:09.268978, Variance AutoPbtTest:m009 evaluate = 
                              |-----------------------jqwik-----------------------
tries = 1000                  | # of calls to property
checks = 1000                 | # of not rejected calls
generation = RANDOMIZED       | parameters are randomly generated
after-failure = SAMPLE_FIRST  | try previously failed sample, then previous seed
when-fixed-seed = ALLOW       | fixing the random seed is allowed
edge-cases#mode = NONE        | edge cases are not explicitly generated
seed = 3                      | random seed to reproduce generated values


timestamp = 2026-09-30T02:04:09.399280, Variance AutoPbtTest:m013 increment = 
                              |-----------------------jqwik-----------------------
tries = 1000                  | # of calls to property
checks = 1000                 | # of not rejected calls
generation = RANDOMIZED       | parameters are randomly generated
after-failure = SAMPLE_FIRST  | try previously failed sample, then previous seed
when-fixed-seed = ALLOW       | fixing the random seed is allowed
edge-cases#mode = NONE        | edge cases are not explicitly generated
seed = 3                      | random seed to reproduce generated values


timestamp = 2026-09-30T02:04:09.611675, Variance AutoPbtTest:m008 evaluate = 
                              |-----------------------jqwik-----------------------
tries = 1000                  | # of calls to property
checks = 1000                 | # of not rejected calls
generation = RANDOMIZED       | parameters are randomly generated
after-failure = SAMPLE_FIRST  | try previously failed sample, then previous seed
when-fixed-seed = ALLOW       | fixing the random seed is allowed
edge-cases#mode = NONE        | edge cases are not explicitly generated
seed = 3                      | random seed to reproduce generated values


timestamp = 2026-09-30T02:04:09.787183, Variance AutoPbtTest:m007 evaluate = 
                              |-----------------------jqwik-----------------------
tries = 1000                  | # of calls to property
checks = 1000                 | # of not rejected calls
generation = RANDOMIZED       | parameters are randomly generated
after-failure = SAMPLE_FIRST  | try previously failed sample, then previous seed
when-fixed-seed = ALLOW       | fixing the random seed is allowed
edge-cases#mode = NONE        | edge cases are not explicitly generated
seed = 3                      | random seed to reproduce generated values


[36m╷[0m
[36m└─[0m [36mjqwik (JUnit Platform)[0m [32m✔[0m
[36m   └─[0m [36mVariance AutoPbtTest[0m [32m✔[0m
[36m      ├─[0m [34mm006 evaluate[0m [32m✔[0m
[36m      ├─[0m [34mm005 evaluate[0m [32m✔[0m
[36m      ├─[0m [34mm004 evaluate[0m [32m✔[0m
[36m      ├─[0m [34mm003 evaluate[0m [32m✔[0m
[36m      ├─[0m [34mm000 clear[0m [32m✔[0m
[36m      ├─[0m [34mm001 copy[0m [32m✔[0m
[36m      ├─[0m [34mm002 copy[0m [32m✔[0m
[36m      ├─[0m [34mm015 setBiasCorrected[0m [32m✔[0m
[36m      ├─[0m [34mm011 getN[0m [32m✔[0m
[36m      ├─[0m [34mm014 isBiasCorrected[0m [32m✔[0m
[36m      ├─[0m [34mm012 getResult[0m [32m✔[0m
[36m      ├─[0m [34mm010 evaluate[0m [32m✔[0m
[36m      ├─[0m [34mm009 evaluate[0m [32m✔[0m
[36m      ├─[0m [34mm013 increment[0m [32m✔[0m
[36m      ├─[0m [34mm008 evaluate[0m [32m✔[0m
[36m      └─[0m [34mm007 evaluate[0m [32m✔[0m

Test run finished after 5111 ms
[         2 containers found      ]
[         0 containers skipped    ]
[         2 containers started    ]
[         0 containers aborted    ]
[         2 containers successful ]
[         0 containers failed     ]
[        16 tests found           ]
[         0 tests skipped         ]
[        16 tests started         ]
[         0 tests aborted         ]
[        16 tests successful      ]
[         0 tests failed          ]


[exit=0 timeout=False time=6.5s]
