
$ javac -nowarn -encoding UTF-8 -cp /work/Time_3f/target/classes:/opt/defects4j/framework/projects/Time/lib/org/joda/joda-convert/1.2/joda-convert-1.2.jar:/opt/defects4j/framework/projects/Time/lib/junit/junit/3.8.2/junit-3.8.2.jar:/work/Time_3f/target/test-classes:/work/jqwik_harness:/workspace/lib/jqwik/jqwik-1.7.4.jar:/workspace/lib/jqwik/jqwik-api-1.7.4.jar:/workspace/lib/jqwik/jqwik-engine-1.7.4.jar -d /work/jqwik_out/Time_3/auto_round2_tries1000_seed1/classes_f /workspace/jqwik/Auto/Time_3/org/joda/time/MutableDateTime_AutoPbtTest.java

[exit=0 timeout=False time=1.0s]

$ javac -nowarn -encoding UTF-8 -cp /work/Time_3b/target/classes:/opt/defects4j/framework/projects/Time/lib/org/joda/joda-convert/1.2/joda-convert-1.2.jar:/opt/defects4j/framework/projects/Time/lib/junit/junit/3.8.2/junit-3.8.2.jar:/work/Time_3b/target/test-classes:/work/jqwik_harness:/workspace/lib/jqwik/jqwik-1.7.4.jar:/workspace/lib/jqwik/jqwik-api-1.7.4.jar:/workspace/lib/jqwik/jqwik-engine-1.7.4.jar -d /work/jqwik_out/Time_3/auto_round2_tries1000_seed1/classes_b /workspace/jqwik/Auto/Time_3/org/joda/time/MutableDateTime_AutoPbtTest.java

[exit=0 timeout=False time=1.0s]

$ java -Djava.awt.headless=true -Xss4m -Xmx1g -Dpbt.seed=1 -Dpbt.tries=1000 -Dpbt.snapshot.dir=/work/jqwik_out/Time_3/auto_round2_tries1000_seed1/snapshots -Dpbt.propertyBudgetMs=5000 -Dpbt.mask=/work/Time_3f:/work/Time_3b:/work/jqwik_out/Time_3/auto_round2_tries1000_seed1/classes_f:/work/jqwik_out/Time_3/auto_round2_tries1000_seed1/classes_b -Dpbt.mode=record -jar /workspace/lib/jqwik/junit-platform-console-standalone-1.9.3.jar --disable-banner --details tree --class-path /work/jqwik_out/Time_3/auto_round2_tries1000_seed1/classes_f:/work/Time_3f/target/classes:/opt/defects4j/framework/projects/Time/lib/org/joda/joda-convert/1.2/joda-convert-1.2.jar:/opt/defects4j/framework/projects/Time/lib/junit/junit/3.8.2/junit-3.8.2.jar:/work/Time_3f/target/test-classes:/work/jqwik_harness:/workspace/lib/jqwik/jqwik-1.7.4.jar:/workspace/lib/jqwik/jqwik-api-1.7.4.jar:/workspace/lib/jqwik/jqwik-engine-1.7.4.jar --scan-class-path /work/jqwik_out/Time_3/auto_round2_tries1000_seed1/classes_f --include-classname .* --include-engine jqwik --config jqwik.database=/workspace/jqwik/Result_auto_Round2/Time_3/tries1000_seed1/reports_record/jqwik-database --config jqwik.tries.default=1000 --reports-dir /workspace/jqwik/Result_auto_Round2/Time_3/tries1000_seed1/reports_record
2m✔[0m
[36m      ├─[0m [34mm056 setSecondOfDay[0m [32m✔[0m
[36m      ├─[0m [34mm006 addDays[0m [32m✔[0m
[36m      ├─[0m [34mm071 yearOfEra[0m [32m✔[0m
[36m      ├─[0m [34mm070 yearOfCentury[0m [32m✔[0m
[36m      ├─[0m [34mm026 minuteOfDay[0m [32m✔[0m
[36m      ├─[0m [34mm040 setDate[0m [32m✔[0m
[36m      ├─[0m [34mm046 setHourOfDay[0m [32m✔[0m
[36m      ├─[0m [34mm033 parse[0m [32m✔[0m
[36m      ├─[0m [34mm068 weekyear[0m [32m✔[0m
[36m      ├─[0m [34mm024 millisOfDay[0m [32m✔[0m
[36m      ├─[0m [34mm048 setMillis[0m [32m✔[0m
[36m      ├─[0m [34mm021 getRoundingField[0m [32m✔[0m
[36m      ├─[0m [34mm027 minuteOfHour[0m [32m✔[0m
[36m      ├─[0m [34mm022 getRoundingMode[0m [32m✔[0m
[36m      ├─[0m [34mm025 millisOfSecond[0m [32m✔[0m
[36m      ├─[0m [34mm059 setTime[0m [32m✔[0m
[36m      ├─[0m [34mm013 addWeekyears[0m [32m✔[0m
[36m      ├─[0m [34mm015 centuryOfEra[0m [32m✔[0m
[36m      ├─[0m [34mm014 addYears[0m [32m✔[0m
[36m      ├─[0m [34mm064 setZone[0m [32m✔[0m
[36m      ├─[0m [34mm039 setDate[0m [32m✔[0m
[36m      ├─[0m [34mm011 addSeconds[0m [32m✔[0m
[36m      ├─[0m [34mm010 addMonths[0m [32m✔[0m
[36m      ├─[0m [34mm017 dayOfMonth[0m [32m✔[0m
[36m      ├─[0m [34mm023 hourOfDay[0m [32m✔[0m
[36m      ├─[0m [34mm012 addWeeks[0m [32m✔[0m
[36m      ├─[0m [34mm067 weekOfWeekyear[0m [32m✔[0m
[36m      ├─[0m [34mm065 setZoneRetainFields[0m [32m✔[0m
[36m      ├─[0m [34mm053 setMonthOfYear[0m [32m✔[0m
[36m      ├─[0m [34mm009 addMinutes[0m [32m✔[0m
[36m      ├─[0m [34mm019 dayOfYear[0m [32m✔[0m
[36m      ├─[0m [34mm038 setChronology[0m [32m✔[0m
[36m      ├─[0m [34mm034 property[0m [32m✔[0m
[36m      ├─[0m [34mm036 secondOfMinute[0m [32m✔[0m
[36m      ├─[0m [34mm042 setDateTime[0m [32m✔[0m
[36m      ├─[0m [34mm057 setSecondOfMinute[0m [32m✔[0m
[36m      ├─[0m [34mm016 copy[0m [32m✔[0m
[36m      ├─[0m [34mm007 addHours[0m [32m✔[0m
[36m      ├─[0m [34mm069 year[0m [32m✔[0m
[36m      ├─[0m [34mm028 monthOfYear[0m [32m✔[0m
[36m      ├─[0m [34mm035 secondOfDay[0m [32m✔[0m
[36m      ├─[0m [34mm047 setMillis[0m [32m✔[0m
[36m      ├─[0m [34mm043 setDayOfMonth[0m [32m✔[0m
[36m      ├─[0m [34mm041 setDate[0m [32m✔[0m
[36m      ├─[0m [34mm058 setTime[0m [32m✔[0m
[36m      ├─[0m [34mm061 setWeekOfWeekyear[0m [32m✔[0m
[36m      ├─[0m [34mm049 setMillisOfDay[0m [32m✔[0m
[36m      ├─[0m [34mm063 setYear[0m [32m✔[0m
[36m      ├─[0m [34mm062 setWeekyear[0m [32m✔[0m
[36m      ├─[0m [34mm055 setRounding[0m [32m✔[0m
[36m      ├─[0m [34mm045 setDayOfYear[0m [32m✔[0m
[36m      ├─[0m [34mm050 setMillisOfSecond[0m [32m✔[0m
[36m      ├─[0m [34mm018 dayOfWeek[0m [32m✔[0m
[36m      ├─[0m [34mm054 setRounding[0m [32m✔[0m
[36m      ├─[0m [34mm044 setDayOfWeek[0m [32m✔[0m
[36m      ├─[0m [34mm000 add[0m [32m✔[0m
[36m      ├─[0m [34mm001 add[0m [32m✔[0m
[36m      ├─[0m [34mm002 add[0m [32m✔[0m
[36m      ├─[0m [34mm003 add[0m [32m✔[0m
[36m      ├─[0m [34mm004 add[0m [32m✔[0m
[36m      ├─[0m [34mm005 add[0m [32m✔[0m
[36m      ├─[0m [34mm020 era[0m [32m✔[0m
[36m      ├─[0m [34mm029 now[0m [32m✔[0m
[36m      ├─[0m [34mm032 parse[0m [32m✔[0m
[36m      ├─[0m [34mm030 now[0m [32m✔[0m
[36m      └─[0m [34mm031 now[0m [32m✔[0m

Test run finished after 18245 ms
[         2 containers found      ]
[         0 containers skipped    ]
[         2 containers started    ]
[         0 containers aborted    ]
[         2 containers successful ]
[         0 containers failed     ]
[        72 tests found           ]
[         0 tests skipped         ]
[        72 tests started         ]
[         0 tests aborted         ]
[        72 tests successful      ]
[         0 tests failed          ]


[exit=0 timeout=False time=19.4s]

$ java -Djava.awt.headless=true -Xss4m -Xmx1g -Dpbt.seed=1 -Dpbt.tries=1000 -Dpbt.snapshot.dir=/work/jqwik_out/Time_3/auto_round2_tries1000_seed1/snapshots -Dpbt.propertyBudgetMs=5000 -Dpbt.mask=/work/Time_3f:/work/Time_3b:/work/jqwik_out/Time_3/auto_round2_tries1000_seed1/classes_f:/work/jqwik_out/Time_3/auto_round2_tries1000_seed1/classes_b -Dpbt.mode=check -javaagent:/opt/jacoco/lib/jacocoagent.jar=destfile=/workspace/jqwik/Result_auto_Round2/Time_3/tries1000_seed1/jacoco.exec -jar /workspace/lib/jqwik/junit-platform-console-standalone-1.9.3.jar --disable-banner --details tree --class-path /work/jqwik_out/Time_3/auto_round2_tries1000_seed1/classes_f:/work/Time_3f/target/classes:/opt/defects4j/framework/projects/Time/lib/org/joda/joda-convert/1.2/joda-convert-1.2.jar:/opt/defects4j/framework/projects/Time/lib/junit/junit/3.8.2/junit-3.8.2.jar:/work/Time_3f/target/test-classes:/work/jqwik_harness:/workspace/lib/jqwik/jqwik-1.7.4.jar:/workspace/lib/jqwik/jqwik-api-1.7.4.jar:/workspace/lib/jqwik/jqwik-engine-1.7.4.jar --scan-class-path /work/jqwik_out/Time_3/auto_round2_tries1000_seed1/classes_f --include-classname .* --include-engine jqwik --config jqwik.database=/workspace/jqwik/Result_auto_Round2/Time_3/tries1000_seed1/reports_fixed/jqwik-database --config jqwik.tries.default=1000 --reports-dir /workspace/jqwik/Result_auto_Round2/Time_3/tries1000_seed1/reports_fixed
oke(NativeMethodAccessorImpl.java:62)
       java.base/jdk.internal.reflect.DelegatingMethodAccessorImpl.invoke(DelegatingMethodAccessorImpl.java:43)
       java.base/java.lang.reflect.Method.invoke(Method.java:566)
       org.junit.platform.commons.util.ReflectionUtils.invokeMethod(ReflectionUtils.java:727)
       org.junit.platform.commons.support.ReflectionSupport.invokeMethod(ReflectionSupport.java:198)
       net.jqwik.engine.execution.CheckedPropertyFactory.lambda$createRawFunction$1(CheckedPropertyFactory.java:84)
       net.jqwik.engine.execution.CheckedPropertyFactory.lambda$createRawFunction$2(CheckedPropertyFactory.java:91)
       [...]
  jqwik (JUnit Platform):MutableDateTime AutoPbtTest:m029 now
    MethodSource [className = 'org.joda.time.MutableDateTime_AutoPbtTest', methodName = 'm029_now', methodParameterTypes = 'pbt.auto.AutoTarget$Call']
    => java.lang.AssertionError: [regression] org.joda.time.MutableDateTime.now()
  input:    now[]
  expected: ret=MutableDateTime:2026-09-27T07:58:24.551-07:00
  actual:   ret=MutableDateTime:2026-09-27T07:58:29.385-07:00
       pbt.auto.AutoTarget.check(AutoTarget.java:127)
       org.joda.time.MutableDateTime_AutoPbtTest.m029_now(MutableDateTime_AutoPbtTest.java:321)
       java.base/jdk.internal.reflect.NativeMethodAccessorImpl.invoke0(Native Method)
       java.base/jdk.internal.reflect.NativeMethodAccessorImpl.invoke(NativeMethodAccessorImpl.java:62)
       java.base/jdk.internal.reflect.DelegatingMethodAccessorImpl.invoke(DelegatingMethodAccessorImpl.java:43)
       java.base/java.lang.reflect.Method.invoke(Method.java:566)
       org.junit.platform.commons.util.ReflectionUtils.invokeMethod(ReflectionUtils.java:727)
       org.junit.platform.commons.support.ReflectionSupport.invokeMethod(ReflectionSupport.java:198)
       net.jqwik.engine.execution.CheckedPropertyFactory.lambda$createRawFunction$1(CheckedPropertyFactory.java:84)
       net.jqwik.engine.execution.CheckedPropertyFactory.lambda$createRawFunction$2(CheckedPropertyFactory.java:91)
       [...]
  jqwik (JUnit Platform):MutableDateTime AutoPbtTest:m031 now
    MethodSource [className = 'org.joda.time.MutableDateTime_AutoPbtTest', methodName = 'm031_now', methodParameterTypes = 'pbt.auto.AutoTarget$Call']
    => java.lang.AssertionError: [regression] org.joda.time.MutableDateTime.now(org.joda.time.DateTimeZone)
  input:    now[new DateTimeZone.forOffsetHoursMinutes[Integer:-1, Integer:-2]]
  expected: ret=MutableDateTime:2026-09-27T13:56:24.682-01:02
  actual:   ret=MutableDateTime:2026-09-27T13:56:29.608-01:02
       pbt.auto.AutoTarget.check(AutoTarget.java:127)
       org.joda.time.MutableDateTime_AutoPbtTest.m031_now(MutableDateTime_AutoPbtTest.java:341)
       java.base/jdk.internal.reflect.NativeMethodAccessorImpl.invoke0(Native Method)
       java.base/jdk.internal.reflect.NativeMethodAccessorImpl.invoke(NativeMethodAccessorImpl.java:62)
       java.base/jdk.internal.reflect.DelegatingMethodAccessorImpl.invoke(DelegatingMethodAccessorImpl.java:43)
       java.base/java.lang.reflect.Method.invoke(Method.java:566)
       org.junit.platform.commons.util.ReflectionUtils.invokeMethod(ReflectionUtils.java:727)
       org.junit.platform.commons.support.ReflectionSupport.invokeMethod(ReflectionSupport.java:198)
       net.jqwik.engine.execution.CheckedPropertyFactory.lambda$createRawFunction$1(CheckedPropertyFactory.java:84)
       net.jqwik.engine.execution.CheckedPropertyFactory.lambda$createRawFunction$2(CheckedPropertyFactory.java:91)
       [...]

Test run finished after 3576 ms
[         2 containers found      ]
[         0 containers skipped    ]
[         2 containers started    ]
[         0 containers aborted    ]
[         2 containers successful ]
[         0 containers failed     ]
[        72 tests found           ]
[         0 tests skipped         ]
[        72 tests started         ]
[         0 tests aborted         ]
[         5 tests successful      ]
[        67 tests failed          ]


[exit=1 timeout=False time=12.8s]

$ java -jar /opt/jacoco/lib/jacococli.jar report /workspace/jqwik/Result_auto_Round2/Time_3/tries1000_seed1/jacoco.exec --classfiles /work/Time_3f/target/classes --csv /workspace/jqwik/Result_auto_Round2/Time_3/tries1000_seed1/jacoco.csv
[INFO] Loading execution data file /workspace/jqwik/Result_auto_Round2/Time_3/tries1000_seed1/jacoco.exec.
[INFO] Analyzing 208 classes.

[exit=0 timeout=False time=0.6s]

$ java -Djava.awt.headless=true -Xss4m -Xmx1g -Dpbt.seed=1 -Dpbt.tries=1000 -Dpbt.snapshot.dir=/work/jqwik_out/Time_3/auto_round2_tries1000_seed1/snapshots -Dpbt.propertyBudgetMs=5000 -Dpbt.mask=/work/Time_3f:/work/Time_3b:/work/jqwik_out/Time_3/auto_round2_tries1000_seed1/classes_f:/work/jqwik_out/Time_3/auto_round2_tries1000_seed1/classes_b -Dpbt.mode=check -jar /workspace/lib/jqwik/junit-platform-console-standalone-1.9.3.jar --disable-banner --details tree --class-path /work/jqwik_out/Time_3/auto_round2_tries1000_seed1/classes_b:/work/Time_3b/target/classes:/opt/defects4j/framework/projects/Time/lib/org/joda/joda-convert/1.2/joda-convert-1.2.jar:/opt/defects4j/framework/projects/Time/lib/junit/junit/3.8.2/junit-3.8.2.jar:/work/Time_3b/target/test-classes:/work/jqwik_harness:/workspace/lib/jqwik/jqwik-1.7.4.jar:/workspace/lib/jqwik/jqwik-api-1.7.4.jar:/workspace/lib/jqwik/jqwik-engine-1.7.4.jar --scan-class-path /work/jqwik_out/Time_3/auto_round2_tries1000_seed1/classes_b --include-classname .* --include-engine jqwik --config jqwik.database=/workspace/jqwik/Result_auto_Round2/Time_3/tries1000_seed1/reports_buggy/jqwik-database --config jqwik.tries.default=1000 --reports-dir /workspace/jqwik/Result_auto_Round2/Time_3/tries1000_seed1/reports_buggy
oke(NativeMethodAccessorImpl.java:62)
       java.base/jdk.internal.reflect.DelegatingMethodAccessorImpl.invoke(DelegatingMethodAccessorImpl.java:43)
       java.base/java.lang.reflect.Method.invoke(Method.java:566)
       org.junit.platform.commons.util.ReflectionUtils.invokeMethod(ReflectionUtils.java:727)
       org.junit.platform.commons.support.ReflectionSupport.invokeMethod(ReflectionSupport.java:198)
       net.jqwik.engine.execution.CheckedPropertyFactory.lambda$createRawFunction$1(CheckedPropertyFactory.java:84)
       net.jqwik.engine.execution.CheckedPropertyFactory.lambda$createRawFunction$2(CheckedPropertyFactory.java:91)
       [...]
  jqwik (JUnit Platform):MutableDateTime AutoPbtTest:m029 now
    MethodSource [className = 'org.joda.time.MutableDateTime_AutoPbtTest', methodName = 'm029_now', methodParameterTypes = 'pbt.auto.AutoTarget$Call']
    => java.lang.AssertionError: [regression] org.joda.time.MutableDateTime.now()
  input:    now[]
  expected: ret=MutableDateTime:2026-09-27T07:58:24.551-07:00
  actual:   ret=MutableDateTime:2026-09-27T07:58:44.782-07:00
       pbt.auto.AutoTarget.check(AutoTarget.java:127)
       org.joda.time.MutableDateTime_AutoPbtTest.m029_now(MutableDateTime_AutoPbtTest.java:321)
       java.base/jdk.internal.reflect.NativeMethodAccessorImpl.invoke0(Native Method)
       java.base/jdk.internal.reflect.NativeMethodAccessorImpl.invoke(NativeMethodAccessorImpl.java:62)
       java.base/jdk.internal.reflect.DelegatingMethodAccessorImpl.invoke(DelegatingMethodAccessorImpl.java:43)
       java.base/java.lang.reflect.Method.invoke(Method.java:566)
       org.junit.platform.commons.util.ReflectionUtils.invokeMethod(ReflectionUtils.java:727)
       org.junit.platform.commons.support.ReflectionSupport.invokeMethod(ReflectionSupport.java:198)
       net.jqwik.engine.execution.CheckedPropertyFactory.lambda$createRawFunction$1(CheckedPropertyFactory.java:84)
       net.jqwik.engine.execution.CheckedPropertyFactory.lambda$createRawFunction$2(CheckedPropertyFactory.java:91)
       [...]
  jqwik (JUnit Platform):MutableDateTime AutoPbtTest:m031 now
    MethodSource [className = 'org.joda.time.MutableDateTime_AutoPbtTest', methodName = 'm031_now', methodParameterTypes = 'pbt.auto.AutoTarget$Call']
    => java.lang.AssertionError: [regression] org.joda.time.MutableDateTime.now(org.joda.time.DateTimeZone)
  input:    now[new DateTimeZone.forOffsetHoursMinutes[Integer:-1, Integer:-2]]
  expected: ret=MutableDateTime:2026-09-27T13:56:24.682-01:02
  actual:   ret=MutableDateTime:2026-09-27T13:56:45.058-01:02
       pbt.auto.AutoTarget.check(AutoTarget.java:127)
       org.joda.time.MutableDateTime_AutoPbtTest.m031_now(MutableDateTime_AutoPbtTest.java:341)
       java.base/jdk.internal.reflect.NativeMethodAccessorImpl.invoke0(Native Method)
       java.base/jdk.internal.reflect.NativeMethodAccessorImpl.invoke(NativeMethodAccessorImpl.java:62)
       java.base/jdk.internal.reflect.DelegatingMethodAccessorImpl.invoke(DelegatingMethodAccessorImpl.java:43)
       java.base/java.lang.reflect.Method.invoke(Method.java:566)
       org.junit.platform.commons.util.ReflectionUtils.invokeMethod(ReflectionUtils.java:727)
       org.junit.platform.commons.support.ReflectionSupport.invokeMethod(ReflectionSupport.java:198)
       net.jqwik.engine.execution.CheckedPropertyFactory.lambda$createRawFunction$1(CheckedPropertyFactory.java:84)
       net.jqwik.engine.execution.CheckedPropertyFactory.lambda$createRawFunction$2(CheckedPropertyFactory.java:91)
       [...]

Test run finished after 4828 ms
[         2 containers found      ]
[         0 containers skipped    ]
[         2 containers started    ]
[         0 containers aborted    ]
[         2 containers successful ]
[         0 containers failed     ]
[        72 tests found           ]
[         0 tests skipped         ]
[        72 tests started         ]
[         0 tests aborted         ]
[         5 tests successful      ]
[        67 tests failed          ]


[exit=1 timeout=False time=6.0s]
