
$ javac -nowarn -encoding UTF-8 -cp /work/Math_26f/target/classes:/work/Math_26f/target/test-classes:/opt/defects4j/framework/projects/lib/junit-4.12-hamcrest-1.3.jar:/work/jqwik_harness:/workspace/lib/jqwik/jqwik-1.7.4.jar:/workspace/lib/jqwik/jqwik-api-1.7.4.jar:/workspace/lib/jqwik/jqwik-engine-1.7.4.jar -d /work/jqwik_out/Math_26/auto_round2_tries1000_seed2/classes_f /workspace/jqwik/Auto/Math_26/org/apache/commons/math3/fraction/Fraction_AutoPbtTest.java

[exit=0 timeout=False time=0.8s]

$ javac -nowarn -encoding UTF-8 -cp /work/Math_26b/target/classes:/work/Math_26b/target/test-classes:/opt/defects4j/framework/projects/lib/junit-4.12-hamcrest-1.3.jar:/work/jqwik_harness:/workspace/lib/jqwik/jqwik-1.7.4.jar:/workspace/lib/jqwik/jqwik-api-1.7.4.jar:/workspace/lib/jqwik/jqwik-engine-1.7.4.jar -d /work/jqwik_out/Math_26/auto_round2_tries1000_seed2/classes_b /workspace/jqwik/Auto/Math_26/org/apache/commons/math3/fraction/Fraction_AutoPbtTest.java

[exit=0 timeout=False time=0.8s]

$ java -Djava.awt.headless=true -Xss4m -Xmx1g -Dpbt.seed=2 -Dpbt.tries=1000 -Dpbt.snapshot.dir=/work/jqwik_out/Math_26/auto_round2_tries1000_seed2/snapshots -Dpbt.propertyBudgetMs=5000 -Dpbt.mask=/work/Math_26f:/work/Math_26b:/work/jqwik_out/Math_26/auto_round2_tries1000_seed2/classes_f:/work/jqwik_out/Math_26/auto_round2_tries1000_seed2/classes_b -Dpbt.mode=record -jar /workspace/lib/jqwik/junit-platform-console-standalone-1.9.3.jar --disable-banner --details tree --class-path /work/jqwik_out/Math_26/auto_round2_tries1000_seed2/classes_f:/work/Math_26f/target/classes:/work/Math_26f/target/test-classes:/opt/defects4j/framework/projects/lib/junit-4.12-hamcrest-1.3.jar:/work/jqwik_harness:/workspace/lib/jqwik/jqwik-1.7.4.jar:/workspace/lib/jqwik/jqwik-api-1.7.4.jar:/workspace/lib/jqwik/jqwik-engine-1.7.4.jar --scan-class-path /work/jqwik_out/Math_26/auto_round2_tries1000_seed2/classes_f --include-classname .* --include-engine jqwik --config jqwik.database=/workspace/jqwik/Result_auto_Round2/Math_26/tries1000_seed2/reports_record/jqwik-database --config jqwik.tries.default=1000 --reports-dir /workspace/jqwik/Result_auto_Round2/Math_26/tries1000_seed2/reports_record
dge-cases#mode = NONE        | edge cases are not explicitly generated
seed = 2                      | random seed to reproduce generated values


timestamp = 2026-09-30T01:42:53.884730, Fraction AutoPbtTest:m000 abs = 
                              |-----------------------jqwik-----------------------
tries = 1000                  | # of calls to property
checks = 1000                 | # of not rejected calls
generation = RANDOMIZED       | parameters are randomly generated
after-failure = SAMPLE_FIRST  | try previously failed sample, then previous seed
when-fixed-seed = ALLOW       | fixing the random seed is allowed
edge-cases#mode = NONE        | edge cases are not explicitly generated
seed = 2                      | random seed to reproduce generated values


timestamp = 2026-09-30T01:42:56.077958, Fraction AutoPbtTest:m001 add = 
                              |-----------------------jqwik-----------------------
tries = 1000                  | # of calls to property
checks = 1000                 | # of not rejected calls
generation = RANDOMIZED       | parameters are randomly generated
after-failure = SAMPLE_FIRST  | try previously failed sample, then previous seed
when-fixed-seed = ALLOW       | fixing the random seed is allowed
edge-cases#mode = NONE        | edge cases are not explicitly generated
seed = 2                      | random seed to reproduce generated values


timestamp = 2026-09-30T01:42:58.306592, Fraction AutoPbtTest:m002 add = 
                              |-----------------------jqwik-----------------------
tries = 1000                  | # of calls to property
checks = 1000                 | # of not rejected calls
generation = RANDOMIZED       | parameters are randomly generated
after-failure = SAMPLE_FIRST  | try previously failed sample, then previous seed
when-fixed-seed = ALLOW       | fixing the random seed is allowed
edge-cases#mode = NONE        | edge cases are not explicitly generated
seed = 2                      | random seed to reproduce generated values


[36m╷[0m
[36m└─[0m [36mjqwik (JUnit Platform)[0m [32m✔[0m
[36m   └─[0m [36mFraction AutoPbtTest[0m [32m✔[0m
[36m      ├─[0m [34mm009 getDenominator[0m [32m✔[0m
[36m      ├─[0m [34mm007 equals[0m [32m✔[0m
[36m      ├─[0m [34mm018 negate[0m [32m✔[0m
[36m      ├─[0m [34mm010 getField[0m [32m✔[0m
[36m      ├─[0m [34mm020 reciprocal[0m [32m✔[0m
[36m      ├─[0m [34mm005 divide[0m [32m✔[0m
[36m      ├─[0m [34mm015 longValue[0m [32m✔[0m
[36m      ├─[0m [34mm011 getNumerator[0m [32m✔[0m
[36m      ├─[0m [34mm012 getReducedFraction[0m [32m✔[0m
[36m      ├─[0m [34mm008 floatValue[0m [32m✔[0m
[36m      ├─[0m [34mm006 doubleValue[0m [32m✔[0m
[36m      ├─[0m [34mm017 multiply[0m [32m✔[0m
[36m      ├─[0m [34mm016 multiply[0m [32m✔[0m
[36m      ├─[0m [34mm013 hashCode[0m [32m✔[0m
[36m      ├─[0m [34mcontract equalsHashCode[0m [32m✔[0m
[36m      ├─[0m [34mm014 intValue[0m [32m✔[0m
[36m      ├─[0m [34mm003 compareTo[0m [32m✔[0m
[36m      ├─[0m [34mm019 percentageValue[0m [32m✔[0m
[36m      ├─[0m [34mm022 subtract[0m [32m✔[0m
[36m      ├─[0m [34mm023 toString[0m [32m✔[0m
[36m      ├─[0m [34mcontract compareTo[0m [32m✔[0m
[36m      ├─[0m [34mm021 subtract[0m [32m✔[0m
[36m      ├─[0m [34mm004 divide[0m [32m✔[0m
[36m      ├─[0m [34mm000 abs[0m [32m✔[0m
[36m      ├─[0m [34mm001 add[0m [32m✔[0m
[36m      └─[0m [34mm002 add[0m [32m✔[0m

Test run finished after 57276 ms
[         2 containers found      ]
[         0 containers skipped    ]
[         2 containers started    ]
[         0 containers aborted    ]
[         2 containers successful ]
[         0 containers failed     ]
[        26 tests found           ]
[         0 tests skipped         ]
[        26 tests started         ]
[         0 tests aborted         ]
[        26 tests successful      ]
[         0 tests failed          ]


[exit=0 timeout=False time=58.5s]

$ java -Djava.awt.headless=true -Xss4m -Xmx1g -Dpbt.seed=2 -Dpbt.tries=1000 -Dpbt.snapshot.dir=/work/jqwik_out/Math_26/auto_round2_tries1000_seed2/snapshots -Dpbt.propertyBudgetMs=5000 -Dpbt.mask=/work/Math_26f:/work/Math_26b:/work/jqwik_out/Math_26/auto_round2_tries1000_seed2/classes_f:/work/jqwik_out/Math_26/auto_round2_tries1000_seed2/classes_b -Dpbt.mode=check -javaagent:/opt/jacoco/lib/jacocoagent.jar=destfile=/workspace/jqwik/Result_auto_Round2/Math_26/tries1000_seed2/jacoco.exec -jar /workspace/lib/jqwik/junit-platform-console-standalone-1.9.3.jar --disable-banner --details tree --class-path /work/jqwik_out/Math_26/auto_round2_tries1000_seed2/classes_f:/work/Math_26f/target/classes:/work/Math_26f/target/test-classes:/opt/defects4j/framework/projects/lib/junit-4.12-hamcrest-1.3.jar:/work/jqwik_harness:/workspace/lib/jqwik/jqwik-1.7.4.jar:/workspace/lib/jqwik/jqwik-api-1.7.4.jar:/workspace/lib/jqwik/jqwik-engine-1.7.4.jar --scan-class-path /work/jqwik_out/Math_26/auto_round2_tries1000_seed2/classes_f --include-classname .* --include-engine jqwik --config jqwik.database=/workspace/jqwik/Result_auto_Round2/Math_26/tries1000_seed2/reports_fixed/jqwik-database --config jqwik.tries.default=1000 --reports-dir /workspace/jqwik/Result_auto_Round2/Math_26/tries1000_seed2/reports_fixed
| fixing the random seed is allowed
edge-cases#mode = NONE        | edge cases are not explicitly generated
seed = 2                      | random seed to reproduce generated values


timestamp = 2026-09-30T01:52:12.198615, Fraction AutoPbtTest:m013 hashCode = 
                              |-----------------------jqwik-----------------------
tries = 1000                  | # of calls to property
checks = 1000                 | # of not rejected calls
generation = RANDOMIZED       | parameters are randomly generated
after-failure = SAMPLE_FIRST  | try previously failed sample, then previous seed
when-fixed-seed = ALLOW       | fixing the random seed is allowed
edge-cases#mode = NONE        | edge cases are not explicitly generated
seed = 2                      | random seed to reproduce generated values


timestamp = 2026-09-30T01:52:43.009176, Fraction AutoPbtTest:contract equalsHashCode = 
                              |-----------------------jqwik-----------------------
tries = 1000                  | # of calls to property
checks = 1000                 | # of not rejected calls
generation = RANDOMIZED       | parameters are randomly generated
after-failure = SAMPLE_FIRST  | try previously failed sample, then previous seed
when-fixed-seed = ALLOW       | fixing the random seed is allowed
edge-cases#mode = NONE        | edge cases are not explicitly generated
seed = 2                      | random seed to reproduce generated values


timestamp = 2026-09-30T01:53:15.181005, Fraction AutoPbtTest:m014 intValue = 
                              |-----------------------jqwik-----------------------
tries = 1000                  | # of calls to property
checks = 1000                 | # of not rejected calls
generation = RANDOMIZED       | parameters are randomly generated
after-failure = SAMPLE_FIRST  | try previously failed sample, then previous seed
when-fixed-seed = ALLOW       | fixing the random seed is allowed
edge-cases#mode = NONE        | edge cases are not explicitly generated
seed = 2                      | random seed to reproduce generated values


timestamp = 2026-09-30T01:53:43.187193, Fraction AutoPbtTest:m003 compareTo = 
                              |-----------------------jqwik-----------------------
tries = 1000                  | # of calls to property
checks = 1000                 | # of not rejected calls
generation = RANDOMIZED       | parameters are randomly generated
after-failure = SAMPLE_FIRST  | try previously failed sample, then previous seed
when-fixed-seed = ALLOW       | fixing the random seed is allowed
edge-cases#mode = NONE        | edge cases are not explicitly generated
seed = 2                      | random seed to reproduce generated values


timestamp = 2026-09-30T01:54:14.690663, Fraction AutoPbtTest:m019 percentageValue = 
                              |-----------------------jqwik-----------------------
tries = 1000                  | # of calls to property
checks = 1000                 | # of not rejected calls
generation = RANDOMIZED       | parameters are randomly generated
after-failure = SAMPLE_FIRST  | try previously failed sample, then previous seed
when-fixed-seed = ALLOW       | fixing the random seed is allowed
edge-cases#mode = NONE        | edge cases are not explicitly generated
seed = 2                      | random seed to reproduce generated values


timestamp = 2026-09-30T01:54:47.083071, Fraction AutoPbtTest:m022 subtract = 
                              |-----------------------jqwik-----------------------
tries = 1000                  | # of calls to property
checks = 1000                 | # of not rejected calls
generation = RANDOMIZED       | parameters are randomly generated
after-failure = SAMPLE_FIRST  | try previously failed sample, then previous seed
when-fixed-seed = ALLOW       | fixing the random seed is allowed
edge-cases#mode = NONE        | edge cases are not explicitly generated
seed = 2                      | random seed to reproduce generated values



[exit=-1 timeout=True time=730.0s]
