
$ defects4j checkout -p Closure -v 94f -w /work/Closure_94f
Checking out 7cc74859 to /work/Closure_94f................................. OK
Init local repository...................................................... OK
Tag post-fix revision...................................................... OK
Apply patch................................................................ OK
sed: can't read /work/Closure_94f/lib/rhino/build.properties: No such file or directory
sed: can't read /work/Closure_94f/lib/rhino/build.properties: No such file or directory
sed: can't read /work/Closure_94f/lib/rhino/src/mozilla/js/rhino/build.properties: No such file or directory
sed: can't read /work/Closure_94f/lib/rhino/src/mozilla/js/rhino/build.properties: No such file or directory
Run post-checkout hook..................................................... OK
Excluding broken/flaky tests............................................... OK
Excluding broken/flaky tests............................................... OK
Initialize fixed program version........................................... OK
Apply patch................................................................ OK
Initialize buggy program version........................................... OK
Diff 7cc74859:9d72612f..................................................... OK
Apply patch................................................................ OK
Tag pre-fix revision....................................................... OK
Check out program version: Closure-94f..................................... OK

[exit=0 timeout=False time=3.5s]

$ defects4j compile -w /work/Closure_94f
Running ant (compile)...................................................... OK
Running ant (compile.tests)................................................ OK

[exit=0 timeout=False time=10.6s]

$ defects4j checkout -p Closure -v 94b -w /work/Closure_94b
Checking out 7cc74859 to /work/Closure_94b................................. OK
Init local repository...................................................... OK
Tag post-fix revision...................................................... OK
Apply patch................................................................ OK
sed: can't read /work/Closure_94b/lib/rhino/build.properties: No such file or directory
sed: can't read /work/Closure_94b/lib/rhino/build.properties: No such file or directory
sed: can't read /work/Closure_94b/lib/rhino/src/mozilla/js/rhino/build.properties: No such file or directory
sed: can't read /work/Closure_94b/lib/rhino/src/mozilla/js/rhino/build.properties: No such file or directory
Run post-checkout hook..................................................... OK
Excluding broken/flaky tests............................................... OK
Excluding broken/flaky tests............................................... OK
Initialize fixed program version........................................... OK
Apply patch................................................................ OK
Initialize buggy program version........................................... OK
Diff 7cc74859:9d72612f..................................................... OK
Apply patch................................................................ OK
Tag pre-fix revision....................................................... OK
Check out program version: Closure-94b..................................... OK

[exit=0 timeout=False time=3.9s]

$ defects4j compile -w /work/Closure_94b
Running ant (compile)...................................................... OK
Running ant (compile.tests)................................................ OK

[exit=0 timeout=False time=9.0s]

$ java -cp /work/jqwik_harness:/workspace/lib/jqwik/jqwik-1.7.4.jar:/workspace/lib/jqwik/jqwik-api-1.7.4.jar:/workspace/lib/jqwik/jqwik-engine-1.7.4.jar pbt.auto.Generate --targets com.google.javascript.jscomp.NodeUtil --fixed-cp /work/Closure_94f/build/classes:/work/Closure_94f/lib/ant_deploy.jar:/work/Closure_94f/lib/args4j_deploy.jar:/work/Closure_94f/lib/guava-r06.jar:/work/Closure_94f/lib/hamcrest-core-1.1.jar:/work/Closure_94f/lib/json.jar:/work/Closure_94f/lib/jsr305.jar:/work/Closure_94f/lib/junit.jar:/work/Closure_94f/lib/libtrunk_rhino_parser_jarjared.jar:/work/Closure_94f/lib/protobuf-java-2.3.0.jar:/work/Closure_94f/build/test --buggy-cp /work/Closure_94b/build/classes:/work/Closure_94b/lib/ant_deploy.jar:/work/Closure_94b/lib/args4j_deploy.jar:/work/Closure_94b/lib/guava-r06.jar:/work/Closure_94b/lib/hamcrest-core-1.1.jar:/work/Closure_94b/lib/json.jar:/work/Closure_94b/lib/jsr305.jar:/work/Closure_94b/lib/junit.jar:/work/Closure_94b/lib/libtrunk_rhino_parser_jarjared.jar:/work/Closure_94b/lib/protobuf-java-2.3.0.jar:/work/Closure_94b/build/test --out /workspace/jqwik/Auto/Closure_94 --max-methods 150
generated test classes: 1 / 1

[exit=0 timeout=False time=0.5s]

$ javac -nowarn -encoding UTF-8 -cp /work/Closure_94f/build/classes:/work/Closure_94f/lib/ant_deploy.jar:/work/Closure_94f/lib/args4j_deploy.jar:/work/Closure_94f/lib/guava-r06.jar:/work/Closure_94f/lib/hamcrest-core-1.1.jar:/work/Closure_94f/lib/json.jar:/work/Closure_94f/lib/jsr305.jar:/work/Closure_94f/lib/junit.jar:/work/Closure_94f/lib/libtrunk_rhino_parser_jarjared.jar:/work/Closure_94f/lib/protobuf-java-2.3.0.jar:/work/Closure_94f/build/test:/work/jqwik_harness:/workspace/lib/jqwik/jqwik-1.7.4.jar:/workspace/lib/jqwik/jqwik-api-1.7.4.jar:/workspace/lib/jqwik/jqwik-engine-1.7.4.jar -d /work/jqwik_out/Closure_94/auto_round1_tries200_seed1/classes_f /workspace/jqwik/Auto/Closure_94/com/google/javascript/jscomp/NodeUtil_AutoPbtTest.java

[exit=0 timeout=False time=0.9s]

$ javac -nowarn -encoding UTF-8 -cp /work/Closure_94b/build/classes:/work/Closure_94b/lib/ant_deploy.jar:/work/Closure_94b/lib/args4j_deploy.jar:/work/Closure_94b/lib/guava-r06.jar:/work/Closure_94b/lib/hamcrest-core-1.1.jar:/work/Closure_94b/lib/json.jar:/work/Closure_94b/lib/jsr305.jar:/work/Closure_94b/lib/junit.jar:/work/Closure_94b/lib/libtrunk_rhino_parser_jarjared.jar:/work/Closure_94b/lib/protobuf-java-2.3.0.jar:/work/Closure_94b/build/test:/work/jqwik_harness:/workspace/lib/jqwik/jqwik-1.7.4.jar:/workspace/lib/jqwik/jqwik-api-1.7.4.jar:/workspace/lib/jqwik/jqwik-engine-1.7.4.jar -d /work/jqwik_out/Closure_94/auto_round1_tries200_seed1/classes_b /workspace/jqwik/Auto/Closure_94/com/google/javascript/jscomp/NodeUtil_AutoPbtTest.java

[exit=0 timeout=False time=1.0s]

$ java -Djava.awt.headless=true -Xss4m -Xmx1g -Dpbt.seed=1 -Dpbt.tries=200 -Dpbt.snapshot.dir=/work/jqwik_out/Closure_94/auto_round1_tries200_seed1/snapshots -Dpbt.propertyBudgetMs=5000 -Dpbt.mask=/work/Closure_94f:/work/Closure_94b:/work/jqwik_out/Closure_94/auto_round1_tries200_seed1/classes_f:/work/jqwik_out/Closure_94/auto_round1_tries200_seed1/classes_b -Dpbt.mode=record -jar /workspace/lib/jqwik/junit-platform-console-standalone-1.9.3.jar --disable-banner --details tree --class-path /work/jqwik_out/Closure_94/auto_round1_tries200_seed1/classes_f:/work/Closure_94f/build/classes:/work/Closure_94f/lib/ant_deploy.jar:/work/Closure_94f/lib/args4j_deploy.jar:/work/Closure_94f/lib/guava-r06.jar:/work/Closure_94f/lib/hamcrest-core-1.1.jar:/work/Closure_94f/lib/json.jar:/work/Closure_94f/lib/jsr305.jar:/work/Closure_94f/lib/junit.jar:/work/Closure_94f/lib/libtrunk_rhino_parser_jarjared.jar:/work/Closure_94f/lib/protobuf-java-2.3.0.jar:/work/Closure_94f/build/test:/work/jqwik_harness:/workspace/lib/jqwik/jqwik-1.7.4.jar:/workspace/lib/jqwik/jqwik-api-1.7.4.jar:/workspace/lib/jqwik/jqwik-engine-1.7.4.jar --scan-class-path /work/jqwik_out/Closure_94/auto_round1_tries200_seed1/classes_f --include-classname .* --include-engine jqwik --config jqwik.database=/workspace/jqwik/Result_auto_Round1/Closure_94/tries200_seed1/reports_record/jqwik-database --config jqwik.tries.default=200 --reports-dir /workspace/jqwik/Result_auto_Round1/Closure_94/tries200_seed1/reports_record
getRootOfQualifiedName[0m [32m✔[0m
[36m      ├─[0m [34mm089 isVarDeclaration[0m [32m✔[0m
[36m      ├─[0m [34mm003 constructorCallHasSideEffects[0m [32m✔[0m
[36m      ├─[0m [34mm006 containsFunction[0m [32m✔[0m
[36m      ├─[0m [34mm068 isNameReferenced[0m [32m✔[0m
[36m      ├─[0m [34mm098 newName[0m [32m✔[0m
[36m      ├─[0m [34mm017 getConditionExpression[0m [32m✔[0m
[36m      ├─[0m [34mm013 functionCallHasSideEffects[0m [32m✔[0m
[36m      ├─[0m [34mm100 newQualifiedNameNode[0m [32m✔[0m
[36m      ├─[0m [34mm007 containsType[0m [32m✔[0m
[36m      ├─[0m [34mm091 mayEffectMutableState[0m [32m✔[0m
[36m      ├─[0m [34mm094 mayHaveSideEffects[0m [32m✔[0m
[36m      ├─[0m [34mm086 isValidPropertyName[0m [32m✔[0m
[36m      ├─[0m [34mm004 constructorCallHasSideEffects[0m [32m✔[0m
[36m      ├─[0m [34mm050 isExprCall[0m [32m✔[0m
[36m      ├─[0m [34mm002 canBeSideEffected[0m [32m✔[0m
[36m      ├─[0m [34mm021 getFunctionBody[0m [32m✔[0m
[36m      ├─[0m [34mm012 functionCallHasSideEffects[0m [32m✔[0m
[36m      ├─[0m [34mm019 getExpressionBooleanValue[0m [32m✔[0m
[36m      ├─[0m [34mm102 newUndefinedNode[0m [32m✔[0m
[36m      ├─[0m [34mm106 opToStr[0m [32m✔[0m
[36m      ├─[0m [34mm062 isLabelName[0m [32m✔[0m
[36m      ├─[0m [34mm113 tryMergeBlock[0m [32m✔[0m
[36m      ├─[0m [34mm093 mayHaveSideEffects[0m [32m✔[0m
[36m      ├─[0m [34mm088 isVarArgsFunction[0m [32m✔[0m
[36m      ├─[0m [34mm064 isLhs[0m [32m✔[0m
[36m      ├─[0m [34mm059 isGetProp[0m [32m✔[0m
[36m      ├─[0m [34mm033 getSourceName[0m [32m✔[0m
[36m      ├─[0m [34mm067 isName[0m [32m✔[0m
[36m      ├─[0m [34mm034 getStringValue[0m [32m✔[0m
[36m      ├─[0m [34mm080 isStatementBlock[0m [32m✔[0m
[36m      ├─[0m [34mm079 isStatement[0m [32m✔[0m
[36m      ├─[0m [34mm045 isControlStructure[0m [32m✔[0m
[36m      ├─[0m [34mm047 isEmptyBlock[0m [32m✔[0m
[36m      ├─[0m [34mm108 precedence[0m [32m✔[0m
[36m      ├─[0m [34mm103 newVarNode[0m [32m✔[0m
[36m      ├─[0m [34mm109 redeclareVarsInsideBranch[0m [32m✔[0m
[36m      ├─[0m [34mm001 canBeSideEffected[0m [32m✔[0m
[36m      ├─[0m [34mm005 containsCall[0m [32m✔[0m
[36m      ├─[0m [34mm051 isExpressionNode[0m [32m✔[0m
[36m      ├─[0m [34mm026 getNameReferenceCount[0m [32m✔[0m
[36m      ├─[0m [34mm063 isLatin[0m [32m✔[0m
[36m      ├─[0m [34mm081 isString[0m [32m✔[0m
[36m      ├─[0m [34mm041 isAssociative[0m [32m✔[0m
[36m      ├─[0m [34mm092 mayEffectMutableState[0m [32m✔[0m
[36m      ├─[0m [34mm038 hasFinally[0m [32m✔[0m
[36m      ├─[0m [34mm082 isSwitchCase[0m [32m✔[0m
[36m      ├─[0m [34mm035 getVarsDeclaredInBranch[0m [32m✔[0m
[36m      ├─[0m [34mm057 isFunctionObjectCall[0m [32m✔[0m
[36m      ├─[0m [34mm015 getBooleanValue[0m [32m✔[0m
[36m      ├─[0m [34mm043 isConstantByConvention[0m [32m✔[0m
[36m      ├─[0m [34mm107 opToStrNoFail[0m [32m✔[0m
[36m      ├─[0m [34mm022 getFunctionInfo[0m [32m✔[0m
[36m      ├─[0m [34mm048 isEmptyFunctionExpression[0m [32m✔[0m
[36m      ├─[0m [34mm076 isSimpleFunctionObjectCall[0m [32m✔[0m
[36m      ├─[0m [34mm010 evaluatesToLocalValue[0m [32m✔[0m
[36m      ├─[0m [34mm060 isHoistedFunctionDeclaration[0m [32m✔[0m
[36m      ├─[0m [34mm020 getFnParameters[0m [32m✔[0m
[36m      └─[0m [34mm018 getCount[0m [32m✔[0m

Test run finished after 11699 ms
[         2 containers found      ]
[         0 containers skipped    ]
[         2 containers started    ]
[         0 containers aborted    ]
[         2 containers successful ]
[         0 containers failed     ]
[       116 tests found           ]
[         0 tests skipped         ]
[       116 tests started         ]
[         0 tests aborted         ]
[       116 tests successful      ]
[         0 tests failed          ]


[exit=0 timeout=False time=12.8s]

$ java -Djava.awt.headless=true -Xss4m -Xmx1g -Dpbt.seed=1 -Dpbt.tries=200 -Dpbt.snapshot.dir=/work/jqwik_out/Closure_94/auto_round1_tries200_seed1/snapshots -Dpbt.propertyBudgetMs=5000 -Dpbt.mask=/work/Closure_94f:/work/Closure_94b:/work/jqwik_out/Closure_94/auto_round1_tries200_seed1/classes_f:/work/jqwik_out/Closure_94/auto_round1_tries200_seed1/classes_b -Dpbt.mode=check -javaagent:/opt/jacoco/lib/jacocoagent.jar=destfile=/workspace/jqwik/Result_auto_Round1/Closure_94/tries200_seed1/jacoco.exec -jar /workspace/lib/jqwik/junit-platform-console-standalone-1.9.3.jar --disable-banner --details tree --class-path /work/jqwik_out/Closure_94/auto_round1_tries200_seed1/classes_f:/work/Closure_94f/build/classes:/work/Closure_94f/lib/ant_deploy.jar:/work/Closure_94f/lib/args4j_deploy.jar:/work/Closure_94f/lib/guava-r06.jar:/work/Closure_94f/lib/hamcrest-core-1.1.jar:/work/Closure_94f/lib/json.jar:/work/Closure_94f/lib/jsr305.jar:/work/Closure_94f/lib/junit.jar:/work/Closure_94f/lib/libtrunk_rhino_parser_jarjared.jar:/work/Closure_94f/lib/protobuf-java-2.3.0.jar:/work/Closure_94f/build/test:/work/jqwik_harness:/workspace/lib/jqwik/jqwik-1.7.4.jar:/workspace/lib/jqwik/jqwik-api-1.7.4.jar:/workspace/lib/jqwik/jqwik-engine-1.7.4.jar --scan-class-path /work/jqwik_out/Closure_94/auto_round1_tries200_seed1/classes_f --include-classname .* --include-engine jqwik --config jqwik.database=/workspace/jqwik/Result_auto_Round1/Closure_94/tries200_seed1/reports_fixed/jqwik-database --config jqwik.tries.default=200 --reports-dir /workspace/jqwik/Result_auto_Round1/Closure_94/tries200_seed1/reports_fixed
getRootOfQualifiedName[0m [32m✔[0m
[36m      ├─[0m [34mm089 isVarDeclaration[0m [32m✔[0m
[36m      ├─[0m [34mm003 constructorCallHasSideEffects[0m [32m✔[0m
[36m      ├─[0m [34mm006 containsFunction[0m [32m✔[0m
[36m      ├─[0m [34mm068 isNameReferenced[0m [32m✔[0m
[36m      ├─[0m [34mm098 newName[0m [32m✔[0m
[36m      ├─[0m [34mm017 getConditionExpression[0m [32m✔[0m
[36m      ├─[0m [34mm013 functionCallHasSideEffects[0m [32m✔[0m
[36m      ├─[0m [34mm100 newQualifiedNameNode[0m [32m✔[0m
[36m      ├─[0m [34mm007 containsType[0m [32m✔[0m
[36m      ├─[0m [34mm091 mayEffectMutableState[0m [32m✔[0m
[36m      ├─[0m [34mm094 mayHaveSideEffects[0m [32m✔[0m
[36m      ├─[0m [34mm086 isValidPropertyName[0m [32m✔[0m
[36m      ├─[0m [34mm004 constructorCallHasSideEffects[0m [32m✔[0m
[36m      ├─[0m [34mm050 isExprCall[0m [32m✔[0m
[36m      ├─[0m [34mm002 canBeSideEffected[0m [32m✔[0m
[36m      ├─[0m [34mm021 getFunctionBody[0m [32m✔[0m
[36m      ├─[0m [34mm012 functionCallHasSideEffects[0m [32m✔[0m
[36m      ├─[0m [34mm019 getExpressionBooleanValue[0m [32m✔[0m
[36m      ├─[0m [34mm102 newUndefinedNode[0m [32m✔[0m
[36m      ├─[0m [34mm106 opToStr[0m [32m✔[0m
[36m      ├─[0m [34mm062 isLabelName[0m [32m✔[0m
[36m      ├─[0m [34mm113 tryMergeBlock[0m [32m✔[0m
[36m      ├─[0m [34mm093 mayHaveSideEffects[0m [32m✔[0m
[36m      ├─[0m [34mm088 isVarArgsFunction[0m [32m✔[0m
[36m      ├─[0m [34mm064 isLhs[0m [32m✔[0m
[36m      ├─[0m [34mm059 isGetProp[0m [32m✔[0m
[36m      ├─[0m [34mm033 getSourceName[0m [32m✔[0m
[36m      ├─[0m [34mm067 isName[0m [32m✔[0m
[36m      ├─[0m [34mm034 getStringValue[0m [32m✔[0m
[36m      ├─[0m [34mm080 isStatementBlock[0m [32m✔[0m
[36m      ├─[0m [34mm079 isStatement[0m [32m✔[0m
[36m      ├─[0m [34mm045 isControlStructure[0m [32m✔[0m
[36m      ├─[0m [34mm047 isEmptyBlock[0m [32m✔[0m
[36m      ├─[0m [34mm108 precedence[0m [32m✔[0m
[36m      ├─[0m [34mm103 newVarNode[0m [32m✔[0m
[36m      ├─[0m [34mm109 redeclareVarsInsideBranch[0m [32m✔[0m
[36m      ├─[0m [34mm001 canBeSideEffected[0m [32m✔[0m
[36m      ├─[0m [34mm005 containsCall[0m [32m✔[0m
[36m      ├─[0m [34mm051 isExpressionNode[0m [32m✔[0m
[36m      ├─[0m [34mm026 getNameReferenceCount[0m [32m✔[0m
[36m      ├─[0m [34mm063 isLatin[0m [32m✔[0m
[36m      ├─[0m [34mm081 isString[0m [32m✔[0m
[36m      ├─[0m [34mm041 isAssociative[0m [32m✔[0m
[36m      ├─[0m [34mm092 mayEffectMutableState[0m [32m✔[0m
[36m      ├─[0m [34mm038 hasFinally[0m [32m✔[0m
[36m      ├─[0m [34mm082 isSwitchCase[0m [32m✔[0m
[36m      ├─[0m [34mm035 getVarsDeclaredInBranch[0m [32m✔[0m
[36m      ├─[0m [34mm057 isFunctionObjectCall[0m [32m✔[0m
[36m      ├─[0m [34mm015 getBooleanValue[0m [32m✔[0m
[36m      ├─[0m [34mm043 isConstantByConvention[0m [32m✔[0m
[36m      ├─[0m [34mm107 opToStrNoFail[0m [32m✔[0m
[36m      ├─[0m [34mm022 getFunctionInfo[0m [32m✔[0m
[36m      ├─[0m [34mm048 isEmptyFunctionExpression[0m [32m✔[0m
[36m      ├─[0m [34mm076 isSimpleFunctionObjectCall[0m [32m✔[0m
[36m      ├─[0m [34mm010 evaluatesToLocalValue[0m [32m✔[0m
[36m      ├─[0m [34mm060 isHoistedFunctionDeclaration[0m [32m✔[0m
[36m      ├─[0m [34mm020 getFnParameters[0m [32m✔[0m
[36m      └─[0m [34mm018 getCount[0m [32m✔[0m

Test run finished after 12486 ms
[         2 containers found      ]
[         0 containers skipped    ]
[         2 containers started    ]
[         0 containers aborted    ]
[         2 containers successful ]
[         0 containers failed     ]
[       116 tests found           ]
[         0 tests skipped         ]
[       116 tests started         ]
[         0 tests aborted         ]
[       116 tests successful      ]
[         0 tests failed          ]


[exit=0 timeout=False time=20.3s]

$ java -jar /opt/jacoco/lib/jacococli.jar report /workspace/jqwik/Result_auto_Round1/Closure_94/tries200_seed1/jacoco.exec --classfiles /work/Closure_94f/build/classes --csv /workspace/jqwik/Result_auto_Round1/Closure_94/tries200_seed1/jacoco.csv
[INFO] Loading execution data file /workspace/jqwik/Result_auto_Round1/Closure_94/tries200_seed1/jacoco.exec.
[INFO] Analyzing 980 classes.

[exit=0 timeout=False time=0.9s]

$ java -Djava.awt.headless=true -Xss4m -Xmx1g -Dpbt.seed=1 -Dpbt.tries=200 -Dpbt.snapshot.dir=/work/jqwik_out/Closure_94/auto_round1_tries200_seed1/snapshots -Dpbt.propertyBudgetMs=5000 -Dpbt.mask=/work/Closure_94f:/work/Closure_94b:/work/jqwik_out/Closure_94/auto_round1_tries200_seed1/classes_f:/work/jqwik_out/Closure_94/auto_round1_tries200_seed1/classes_b -Dpbt.mode=check -jar /workspace/lib/jqwik/junit-platform-console-standalone-1.9.3.jar --disable-banner --details tree --class-path /work/jqwik_out/Closure_94/auto_round1_tries200_seed1/classes_b:/work/Closure_94b/build/classes:/work/Closure_94b/lib/ant_deploy.jar:/work/Closure_94b/lib/args4j_deploy.jar:/work/Closure_94b/lib/guava-r06.jar:/work/Closure_94b/lib/hamcrest-core-1.1.jar:/work/Closure_94b/lib/json.jar:/work/Closure_94b/lib/jsr305.jar:/work/Closure_94b/lib/junit.jar:/work/Closure_94b/lib/libtrunk_rhino_parser_jarjared.jar:/work/Closure_94b/lib/protobuf-java-2.3.0.jar:/work/Closure_94b/build/test:/work/jqwik_harness:/workspace/lib/jqwik/jqwik-1.7.4.jar:/workspace/lib/jqwik/jqwik-api-1.7.4.jar:/workspace/lib/jqwik/jqwik-engine-1.7.4.jar --scan-class-path /work/jqwik_out/Closure_94/auto_round1_tries200_seed1/classes_b --include-classname .* --include-engine jqwik --config jqwik.database=/workspace/jqwik/Result_auto_Round1/Closure_94/tries200_seed1/reports_buggy/jqwik-database --config jqwik.tries.default=200 --reports-dir /workspace/jqwik/Result_auto_Round1/Closure_94/tries200_seed1/reports_buggy
[34mm033 getSourceName[0m [32m✔[0m
[36m      ├─[0m [34mm067 isName[0m [32m✔[0m
[36m      ├─[0m [34mm034 getStringValue[0m [32m✔[0m
[36m      ├─[0m [34mm080 isStatementBlock[0m [32m✔[0m
[36m      ├─[0m [34mm079 isStatement[0m [32m✔[0m
[36m      ├─[0m [34mm045 isControlStructure[0m [32m✔[0m
[36m      ├─[0m [34mm047 isEmptyBlock[0m [32m✔[0m
[36m      ├─[0m [34mm108 precedence[0m [32m✔[0m
[36m      ├─[0m [34mm103 newVarNode[0m [32m✔[0m
[36m      ├─[0m [34mm109 redeclareVarsInsideBranch[0m [32m✔[0m
[36m      ├─[0m [34mm001 canBeSideEffected[0m [32m✔[0m
[36m      ├─[0m [34mm005 containsCall[0m [32m✔[0m
[36m      ├─[0m [34mm051 isExpressionNode[0m [32m✔[0m
[36m      ├─[0m [34mm026 getNameReferenceCount[0m [32m✔[0m
[36m      ├─[0m [34mm063 isLatin[0m [32m✔[0m
[36m      ├─[0m [34mm081 isString[0m [32m✔[0m
[36m      ├─[0m [34mm041 isAssociative[0m [32m✔[0m
[36m      ├─[0m [34mm092 mayEffectMutableState[0m [32m✔[0m
[36m      ├─[0m [34mm038 hasFinally[0m [32m✔[0m
[36m      ├─[0m [34mm082 isSwitchCase[0m [32m✔[0m
[36m      ├─[0m [34mm035 getVarsDeclaredInBranch[0m [32m✔[0m
[36m      ├─[0m [34mm057 isFunctionObjectCall[0m [32m✔[0m
[36m      ├─[0m [34mm015 getBooleanValue[0m [32m✔[0m
[36m      ├─[0m [34mm043 isConstantByConvention[0m [32m✔[0m
[36m      ├─[0m [34mm107 opToStrNoFail[0m [32m✔[0m
[36m      ├─[0m [34mm022 getFunctionInfo[0m [32m✔[0m
[36m      ├─[0m [34mm048 isEmptyFunctionExpression[0m [32m✔[0m
[36m      ├─[0m [34mm076 isSimpleFunctionObjectCall[0m [32m✔[0m
[36m      ├─[0m [34mm010 evaluatesToLocalValue[0m [32m✔[0m
[36m      ├─[0m [34mm060 isHoistedFunctionDeclaration[0m [32m✔[0m
[36m      ├─[0m [34mm020 getFnParameters[0m [32m✔[0m
[36m      └─[0m [34mm018 getCount[0m [32m✔[0m

Failures (1):
  jqwik (JUnit Platform):NodeUtil AutoPbtTest:m085 isValidDefineValue
    MethodSource [className = 'com.google.javascript.jscomp.NodeUtil_AutoPbtTest', methodName = 'm085_isValidDefineValue', methodParameterTypes = 'pbt.auto.AutoTarget$Call']
    => java.lang.AssertionError: [regression] com.google.javascript.jscomp.NodeUtil.isValidDefineValue(com.google.javascript.rhino.Node,java.util.Set)
  input:    isValidDefineValue[new Node.<init>[Integer:14, new Node.<init>[Integer:9, new Node.newString["Ex"]]], set["L9d49+", "84295440331866F"]]
  expected: ret=Boolean:true | arg1=Set["L9d49+", "84295440331866F"]
  actual:   ret=Boolean:false | arg1=Set["L9d49+", "84295440331866F"]
       pbt.auto.AutoTarget.check(AutoTarget.java:127)
       com.google.javascript.jscomp.NodeUtil_AutoPbtTest.m085_isValidDefineValue(NodeUtil_AutoPbtTest.java:864)
       jdk.internal.reflect.GeneratedMethodAccessor56.invoke(Unknown Source)
       java.base/jdk.internal.reflect.DelegatingMethodAccessorImpl.invoke(DelegatingMethodAccessorImpl.java:43)
       java.base/java.lang.reflect.Method.invoke(Method.java:566)
       org.junit.platform.commons.util.ReflectionUtils.invokeMethod(ReflectionUtils.java:727)
       org.junit.platform.commons.support.ReflectionSupport.invokeMethod(ReflectionSupport.java:198)
       net.jqwik.engine.execution.CheckedPropertyFactory.lambda$createRawFunction$1(CheckedPropertyFactory.java:84)
       net.jqwik.engine.execution.CheckedPropertyFactory.lambda$createRawFunction$2(CheckedPropertyFactory.java:91)
       net.jqwik.engine.properties.CheckedFunction.execute(CheckedFunction.java:17)
       [...]

Test run finished after 7352 ms
[         2 containers found      ]
[         0 containers skipped    ]
[         2 containers started    ]
[         0 containers aborted    ]
[         2 containers successful ]
[         0 containers failed     ]
[       116 tests found           ]
[         0 tests skipped         ]
[       116 tests started         ]
[         0 tests aborted         ]
[       115 tests successful      ]
[         1 tests failed          ]


[exit=1 timeout=False time=8.6s]
