
$ javac -nowarn -encoding UTF-8 -cp /work/Math_54f/target/classes:/work/Math_54f/target/test-classes:/opt/defects4j/framework/projects/lib/junit-4.12-hamcrest-1.3.jar:/work/jqwik_harness:/workspace/lib/jqwik/jqwik-1.7.4.jar:/workspace/lib/jqwik/jqwik-api-1.7.4.jar:/workspace/lib/jqwik/jqwik-engine-1.7.4.jar -d /work/jqwik_out/Math_54/auto_round1_tries200_seed3/classes_f /workspace/jqwik/Auto/Math_54/org/apache/commons/math/dfp/Dfp_AutoPbtTest.java

[exit=0 timeout=False time=2.3s]

$ javac -nowarn -encoding UTF-8 -cp /work/Math_54b/target/classes:/work/Math_54b/target/test-classes:/opt/defects4j/framework/projects/lib/junit-4.12-hamcrest-1.3.jar:/work/jqwik_harness:/workspace/lib/jqwik/jqwik-1.7.4.jar:/workspace/lib/jqwik/jqwik-api-1.7.4.jar:/workspace/lib/jqwik/jqwik-engine-1.7.4.jar -d /work/jqwik_out/Math_54/auto_round1_tries200_seed3/classes_b /workspace/jqwik/Auto/Math_54/org/apache/commons/math/dfp/Dfp_AutoPbtTest.java

[exit=0 timeout=False time=2.2s]

$ java -Djava.awt.headless=true -Xss4m -Xmx1g -Dpbt.seed=3 -Dpbt.tries=200 -Dpbt.snapshot.dir=/work/jqwik_out/Math_54/auto_round1_tries200_seed3/snapshots -Dpbt.propertyBudgetMs=5000 -Dpbt.mask=/work/Math_54f:/work/Math_54b:/work/jqwik_out/Math_54/auto_round1_tries200_seed3/classes_f:/work/jqwik_out/Math_54/auto_round1_tries200_seed3/classes_b -Dpbt.mode=record -jar /workspace/lib/jqwik/junit-platform-console-standalone-1.9.3.jar --disable-banner --details tree --class-path /work/jqwik_out/Math_54/auto_round1_tries200_seed3/classes_f:/work/Math_54f/target/classes:/work/Math_54f/target/test-classes:/opt/defects4j/framework/projects/lib/junit-4.12-hamcrest-1.3.jar:/work/jqwik_harness:/workspace/lib/jqwik/jqwik-1.7.4.jar:/workspace/lib/jqwik/jqwik-api-1.7.4.jar:/workspace/lib/jqwik/jqwik-engine-1.7.4.jar --scan-class-path /work/jqwik_out/Math_54/auto_round1_tries200_seed3/classes_f --include-classname .* --include-engine jqwik --config jqwik.database=/workspace/jqwik/Result_auto_Round1/Math_54/tries200_seed3/reports_record/jqwik-database --config jqwik.tries.default=200 --reports-dir /workspace/jqwik/Result_auto_Round1/Math_54/tries200_seed3/reports_record
616, Dfp AutoPbtTest:m000 add = 
                              |-----------------------jqwik-----------------------
tries = 200                   | # of calls to property
checks = 200                  | # of not rejected calls
generation = RANDOMIZED       | parameters are randomly generated
after-failure = SAMPLE_FIRST  | try previously failed sample, then previous seed
when-fixed-seed = ALLOW       | fixing the random seed is allowed
edge-cases#mode = NONE        | edge cases are not explicitly generated
seed = 3                      | random seed to reproduce generated values


[36m╷[0m
[36m└─[0m [36mjqwik (JUnit Platform)[0m [32m✔[0m
[36m   └─[0m [36mDfp AutoPbtTest[0m [32m✔[0m
[36m      ├─[0m [34mm024 log10[0m [32m✔[0m
[36m      ├─[0m [34mm035 newInstance[0m [32m✔[0m
[36m      ├─[0m [34mm034 newInstance[0m [32m✔[0m
[36m      ├─[0m [34mm013 getField[0m [32m✔[0m
[36m      ├─[0m [34mm033 newInstance[0m [32m✔[0m
[36m      ├─[0m [34mm012 floor[0m [32m✔[0m
[36m      ├─[0m [34mm041 rint[0m [32m✔[0m
[36m      ├─[0m [34mm045 sqrt[0m [32m✔[0m
[36m      ├─[0m [34mm027 multiply[0m [32m✔[0m
[36m      ├─[0m [34mm032 newInstance[0m [32m✔[0m
[36m      ├─[0m [34mm038 power10[0m [32m✔[0m
[36m      ├─[0m [34mm003 classify[0m [32m✔[0m
[36m      ├─[0m [34mm021 isInfinite[0m [32m✔[0m
[36m      ├─[0m [34mm026 multiply[0m [32m✔[0m
[36m      ├─[0m [34mm011 equals[0m [32m✔[0m
[36m      ├─[0m [34mm031 newInstance[0m [32m✔[0m
[36m      ├─[0m [34mm016 getTwo[0m [32m✔[0m
[36m      ├─[0m [34mm002 ceil[0m [32m✔[0m
[36m      ├─[0m [34mm030 newInstance[0m [32m✔[0m
[36m      ├─[0m [34mm050 trap[0m [32m✔[0m
[36m      ├─[0m [34mm042 round[0m [32m✔[0m
[36m      ├─[0m [34mm019 hashCode[0m [32m✔[0m
[36m      ├─[0m [34mm043 shiftLeft[0m [32m✔[0m
[36m      ├─[0m [34mm014 getOne[0m [32m✔[0m
[36m      ├─[0m [34mm004 complement[0m [32m✔[0m
[36m      ├─[0m [34mm020 intValue[0m [32m✔[0m
[36m      ├─[0m [34mm025 log10K[0m [32m✔[0m
[36m      ├─[0m [34mm008 divide[0m [32m✔[0m
[36m      ├─[0m [34mm001 align[0m [32m✔[0m
[36m      ├─[0m [34mm022 isNaN[0m [32m✔[0m
[36m      ├─[0m [34mm051 trunc[0m [32m✔[0m
[36m      ├─[0m [34mm006 dfp2sci[0m [32m✔[0m
[36m      ├─[0m [34mm052 unequal[0m [32m✔[0m
[36m      ├─[0m [34mm040 remainder[0m [32m✔[0m
[36m      ├─[0m [34mm047 toDouble[0m [32m✔[0m
[36m      ├─[0m [34mm049 toString[0m [32m✔[0m
[36m      ├─[0m [34mcontract equalsHashCode[0m [36m364455 ms[0m [32m✔[0m
[36m      ├─[0m [34mm023 lessThan[0m [32m✔[0m
[36m      ├─[0m [34mm028 negate[0m [32m✔[0m
[36m      ├─[0m [34mm039 power10K[0m [32m✔[0m
[36m      ├─[0m [34mm048 toSplitDouble[0m [32m✔[0m
[36m      ├─[0m [34mm007 dfp2string[0m [32m✔[0m
[36m      ├─[0m [34mm046 subtract[0m [32m✔[0m
[36m      ├─[0m [34mm044 shiftRight[0m [32m✔[0m
[36m      ├─[0m [34mm017 getZero[0m [32m✔[0m
[36m      ├─[0m [34mm037 nextAfter[0m [32m✔[0m
[36m      ├─[0m [34mm018 greaterThan[0m [32m✔[0m
[36m      ├─[0m [34mm010 dotrap[0m [32m✔[0m
[36m      ├─[0m [34mm029 newInstance[0m [32m✔[0m
[36m      ├─[0m [34mm005 copysign[0m [32m✔[0m
[36m      ├─[0m [34mm015 getRadixDigits[0m [32m✔[0m
[36m      ├─[0m [34mm009 divide[0m [32m✔[0m
[36m      ├─[0m [34mm036 newInstance[0m [32m✔[0m
[36m      └─[0m [34mm000 add[0m [32m✔[0m

Test run finished after 686240 ms
[         2 containers found      ]
[         0 containers skipped    ]
[         2 containers started    ]
[         0 containers aborted    ]
[         2 containers successful ]
[         0 containers failed     ]
[        54 tests found           ]
[         0 tests skipped         ]
[        54 tests started         ]
[         0 tests aborted         ]
[        54 tests successful      ]
[         0 tests failed          ]


[exit=0 timeout=False time=688.0s]

$ java -Djava.awt.headless=true -Xss4m -Xmx1g -Dpbt.seed=3 -Dpbt.tries=200 -Dpbt.snapshot.dir=/work/jqwik_out/Math_54/auto_round1_tries200_seed3/snapshots -Dpbt.propertyBudgetMs=5000 -Dpbt.mask=/work/Math_54f:/work/Math_54b:/work/jqwik_out/Math_54/auto_round1_tries200_seed3/classes_f:/work/jqwik_out/Math_54/auto_round1_tries200_seed3/classes_b -Dpbt.mode=check -javaagent:/opt/jacoco/lib/jacocoagent.jar=destfile=/workspace/jqwik/Result_auto_Round1/Math_54/tries200_seed3/jacoco.exec -jar /workspace/lib/jqwik/junit-platform-console-standalone-1.9.3.jar --disable-banner --details tree --class-path /work/jqwik_out/Math_54/auto_round1_tries200_seed3/classes_f:/work/Math_54f/target/classes:/work/Math_54f/target/test-classes:/opt/defects4j/framework/projects/lib/junit-4.12-hamcrest-1.3.jar:/work/jqwik_harness:/workspace/lib/jqwik/jqwik-1.7.4.jar:/workspace/lib/jqwik/jqwik-api-1.7.4.jar:/workspace/lib/jqwik/jqwik-engine-1.7.4.jar --scan-class-path /work/jqwik_out/Math_54/auto_round1_tries200_seed3/classes_f --include-classname .* --include-engine jqwik --config jqwik.database=/workspace/jqwik/Result_auto_Round1/Math_54/tries200_seed3/reports_fixed/jqwik-database --config jqwik.tries.default=200 --reports-dir /workspace/jqwik/Result_auto_Round1/Math_54/tries200_seed3/reports_fixed
m [34mm011 equals[0m [32m✔[0m
[36m      ├─[0m [34mm031 newInstance[0m [32m✔[0m
[36m      ├─[0m [34mm016 getTwo[0m [32m✔[0m
[36m      ├─[0m [34mm002 ceil[0m [32m✔[0m
[36m      ├─[0m [34mm030 newInstance[0m [32m✔[0m
[36m      ├─[0m [34mm050 trap[0m [32m✔[0m
[36m      ├─[0m [34mm042 round[0m [32m✔[0m
[36m      ├─[0m [34mm019 hashCode[0m [32m✔[0m
[36m      ├─[0m [34mm043 shiftLeft[0m [32m✔[0m
[36m      ├─[0m [34mm014 getOne[0m [32m✔[0m
[36m      ├─[0m [34mm004 complement[0m [32m✔[0m
[36m      ├─[0m [34mm020 intValue[0m [32m✔[0m
[36m      ├─[0m [34mm025 log10K[0m [32m✔[0m
[36m      ├─[0m [34mm008 divide[0m [32m✔[0m
[36m      ├─[0m [34mm001 align[0m [32m✔[0m
[36m      ├─[0m [34mm022 isNaN[0m [32m✔[0m
[36m      ├─[0m [34mm051 trunc[0m [32m✔[0m
[36m      ├─[0m [34mm006 dfp2sci[0m [32m✔[0m
[36m      ├─[0m [34mm052 unequal[0m [32m✔[0m
[36m      ├─[0m [34mm040 remainder[0m [32m✔[0m
[36m      ├─[0m [34mm047 toDouble[0m [32m✔[0m
[36m      ├─[0m [34mm049 toString[0m [32m✔[0m
[36m      ├─[0m [34mcontract equalsHashCode[0m [36m328053 ms[0m [32m✔[0m
[36m      ├─[0m [34mm023 lessThan[0m [32m✔[0m
[36m      ├─[0m [34mm028 negate[0m [32m✔[0m
[36m      ├─[0m [34mm039 power10K[0m [32m✔[0m
[36m      ├─[0m [34mm048 toSplitDouble[0m [32m✔[0m
[36m      ├─[0m [34mm007 dfp2string[0m [32m✔[0m
[36m      ├─[0m [34mm046 subtract[0m [32m✔[0m
[36m      ├─[0m [34mm044 shiftRight[0m [32m✔[0m
[36m      ├─[0m [34mm017 getZero[0m [32m✔[0m
[36m      ├─[0m [34mm037 nextAfter[0m [32m✔[0m
[36m      ├─[0m [34mm018 greaterThan[0m [32m✔[0m
[36m      ├─[0m [34mm010 dotrap[0m [32m✔[0m
[36m      ├─[0m [34mm029 newInstance[0m [32m✔[0m
[36m      ├─[0m [34mm005 copysign[0m [32m✔[0m
[36m      ├─[0m [34mm015 getRadixDigits[0m [32m✔[0m
[36m      ├─[0m [34mm009 divide[0m [32m✔[0m
[36m      ├─[0m [34mm036 newInstance[0m [32m✔[0m
[36m      └─[0m [34mm000 add[0m [32m✔[0m

Failures (1):
  jqwik (JUnit Platform):Dfp AutoPbtTest:m003 classify
    MethodSource [className = 'org.apache.commons.math.dfp.Dfp_AutoPbtTest', methodName = 'm003_classify', methodParameterTypes = 'pbt.auto.AutoTarget$Call']
    => java.lang.AssertionError: [regression] org.apache.commons.math.dfp.Dfp.classify()
  input:    new Dfp.<init>[new DfpField.<init>[Integer:17], Byte:26, Byte:19].classify[]
  expected: receiver throws java.lang.StringIndexOutOfBoundsException
  actual:   TIMEOUT
       pbt.auto.AutoTarget.check(AutoTarget.java:127)
       org.apache.commons.math.dfp.Dfp_AutoPbtTest.m003_classify(Dfp_AutoPbtTest.java:53)
       java.base/jdk.internal.reflect.NativeMethodAccessorImpl.invoke0(Native Method)
       java.base/jdk.internal.reflect.NativeMethodAccessorImpl.invoke(NativeMethodAccessorImpl.java:62)
       java.base/jdk.internal.reflect.DelegatingMethodAccessorImpl.invoke(DelegatingMethodAccessorImpl.java:43)
       java.base/java.lang.reflect.Method.invoke(Method.java:566)
       org.junit.platform.commons.util.ReflectionUtils.invokeMethod(ReflectionUtils.java:727)
       org.junit.platform.commons.support.ReflectionSupport.invokeMethod(ReflectionSupport.java:198)
       net.jqwik.engine.execution.CheckedPropertyFactory.lambda$createRawFunction$1(CheckedPropertyFactory.java:84)
       net.jqwik.engine.execution.CheckedPropertyFactory.lambda$createRawFunction$2(CheckedPropertyFactory.java:91)
       [...]

Test run finished after 653315 ms
[         2 containers found      ]
[         0 containers skipped    ]
[         2 containers started    ]
[         0 containers aborted    ]
[         2 containers successful ]
[         0 containers failed     ]
[        54 tests found           ]
[         0 tests skipped         ]
[        54 tests started         ]
[         0 tests aborted         ]
[        53 tests successful      ]
[         1 tests failed          ]


[exit=1 timeout=False time=657.4s]

$ java -jar /opt/jacoco/lib/jacococli.jar report /workspace/jqwik/Result_auto_Round1/Math_54/tries200_seed3/jacoco.exec --classfiles /work/Math_54f/target/classes --csv /workspace/jqwik/Result_auto_Round1/Math_54/tries200_seed3/jacoco.csv
[INFO] Loading execution data file /workspace/jqwik/Result_auto_Round1/Math_54/tries200_seed3/jacoco.exec.
[INFO] Analyzing 498 classes.

[exit=0 timeout=False time=0.5s]

$ java -Djava.awt.headless=true -Xss4m -Xmx1g -Dpbt.seed=3 -Dpbt.tries=200 -Dpbt.snapshot.dir=/work/jqwik_out/Math_54/auto_round1_tries200_seed3/snapshots -Dpbt.propertyBudgetMs=5000 -Dpbt.mask=/work/Math_54f:/work/Math_54b:/work/jqwik_out/Math_54/auto_round1_tries200_seed3/classes_f:/work/jqwik_out/Math_54/auto_round1_tries200_seed3/classes_b -Dpbt.mode=check -jar /workspace/lib/jqwik/junit-platform-console-standalone-1.9.3.jar --disable-banner --details tree --class-path /work/jqwik_out/Math_54/auto_round1_tries200_seed3/classes_b:/work/Math_54b/target/classes:/work/Math_54b/target/test-classes:/opt/defects4j/framework/projects/lib/junit-4.12-hamcrest-1.3.jar:/work/jqwik_harness:/workspace/lib/jqwik/jqwik-1.7.4.jar:/workspace/lib/jqwik/jqwik-api-1.7.4.jar:/workspace/lib/jqwik/jqwik-engine-1.7.4.jar --scan-class-path /work/jqwik_out/Math_54/auto_round1_tries200_seed3/classes_b --include-classname .* --include-engine jqwik --config jqwik.database=/workspace/jqwik/Result_auto_Round1/Math_54/tries200_seed3/reports_buggy/jqwik-database --config jqwik.tries.default=200 --reports-dir /workspace/jqwik/Result_auto_Round1/Math_54/tries200_seed3/reports_buggy
m [34mm011 equals[0m [32m✔[0m
[36m      ├─[0m [34mm031 newInstance[0m [32m✔[0m
[36m      ├─[0m [34mm016 getTwo[0m [32m✔[0m
[36m      ├─[0m [34mm002 ceil[0m [32m✔[0m
[36m      ├─[0m [34mm030 newInstance[0m [32m✔[0m
[36m      ├─[0m [34mm050 trap[0m [32m✔[0m
[36m      ├─[0m [34mm042 round[0m [32m✔[0m
[36m      ├─[0m [34mm019 hashCode[0m [32m✔[0m
[36m      ├─[0m [34mm043 shiftLeft[0m [32m✔[0m
[36m      ├─[0m [34mm014 getOne[0m [32m✔[0m
[36m      ├─[0m [34mm004 complement[0m [32m✔[0m
[36m      ├─[0m [34mm020 intValue[0m [32m✔[0m
[36m      ├─[0m [34mm025 log10K[0m [32m✔[0m
[36m      ├─[0m [34mm008 divide[0m [32m✔[0m
[36m      ├─[0m [34mm001 align[0m [32m✔[0m
[36m      ├─[0m [34mm022 isNaN[0m [32m✔[0m
[36m      ├─[0m [34mm051 trunc[0m [32m✔[0m
[36m      ├─[0m [34mm006 dfp2sci[0m [32m✔[0m
[36m      ├─[0m [34mm052 unequal[0m [32m✔[0m
[36m      ├─[0m [34mm040 remainder[0m [32m✔[0m
[36m      ├─[0m [34mm047 toDouble[0m [32m✔[0m
[36m      ├─[0m [34mm049 toString[0m [32m✔[0m
[36m      ├─[0m [34mcontract equalsHashCode[0m [36m364296 ms[0m [32m✔[0m
[36m      ├─[0m [34mm023 lessThan[0m [32m✔[0m
[36m      ├─[0m [34mm028 negate[0m [32m✔[0m
[36m      ├─[0m [34mm039 power10K[0m [32m✔[0m
[36m      ├─[0m [34mm048 toSplitDouble[0m [32m✔[0m
[36m      ├─[0m [34mm007 dfp2string[0m [32m✔[0m
[36m      ├─[0m [34mm046 subtract[0m [32m✔[0m
[36m      ├─[0m [34mm044 shiftRight[0m [32m✔[0m
[36m      ├─[0m [34mm017 getZero[0m [32m✔[0m
[36m      ├─[0m [34mm037 nextAfter[0m [32m✔[0m
[36m      ├─[0m [34mm018 greaterThan[0m [32m✔[0m
[36m      ├─[0m [34mm010 dotrap[0m [32m✔[0m
[36m      ├─[0m [34mm029 newInstance[0m [32m✔[0m
[36m      ├─[0m [34mm005 copysign[0m [32m✔[0m
[36m      ├─[0m [34mm015 getRadixDigits[0m [32m✔[0m
[36m      ├─[0m [34mm009 divide[0m [32m✔[0m
[36m      ├─[0m [34mm036 newInstance[0m [32m✔[0m
[36m      └─[0m [34mm000 add[0m [32m✔[0m

Failures (1):
  jqwik (JUnit Platform):Dfp AutoPbtTest:m003 classify
    MethodSource [className = 'org.apache.commons.math.dfp.Dfp_AutoPbtTest', methodName = 'm003_classify', methodParameterTypes = 'pbt.auto.AutoTarget$Call']
    => java.lang.AssertionError: [regression] org.apache.commons.math.dfp.Dfp.classify()
  input:    new Dfp.<init>[new DfpField.<init>[Integer:17], Byte:26, Byte:19].classify[]
  expected: receiver throws java.lang.StringIndexOutOfBoundsException
  actual:   TIMEOUT
       pbt.auto.AutoTarget.check(AutoTarget.java:127)
       org.apache.commons.math.dfp.Dfp_AutoPbtTest.m003_classify(Dfp_AutoPbtTest.java:53)
       java.base/jdk.internal.reflect.NativeMethodAccessorImpl.invoke0(Native Method)
       java.base/jdk.internal.reflect.NativeMethodAccessorImpl.invoke(NativeMethodAccessorImpl.java:62)
       java.base/jdk.internal.reflect.DelegatingMethodAccessorImpl.invoke(DelegatingMethodAccessorImpl.java:43)
       java.base/java.lang.reflect.Method.invoke(Method.java:566)
       org.junit.platform.commons.util.ReflectionUtils.invokeMethod(ReflectionUtils.java:727)
       org.junit.platform.commons.support.ReflectionSupport.invokeMethod(ReflectionSupport.java:198)
       net.jqwik.engine.execution.CheckedPropertyFactory.lambda$createRawFunction$1(CheckedPropertyFactory.java:84)
       net.jqwik.engine.execution.CheckedPropertyFactory.lambda$createRawFunction$2(CheckedPropertyFactory.java:91)
       [...]

Test run finished after 691633 ms
[         2 containers found      ]
[         0 containers skipped    ]
[         2 containers started    ]
[         0 containers aborted    ]
[         2 containers successful ]
[         0 containers failed     ]
[        54 tests found           ]
[         0 tests skipped         ]
[        54 tests started         ]
[         0 tests aborted         ]
[        53 tests successful      ]
[         1 tests failed          ]


[exit=1 timeout=False time=692.6s]
