
$ javac -nowarn -encoding UTF-8 -cp /work/Closure_67f/build/classes:/work/Closure_67f/lib/args4j.jar:/work/Closure_67f/lib/guava.jar:/work/Closure_67f/lib/json.jar:/work/Closure_67f/lib/jsr305.jar:/work/Closure_67f/lib/libtrunk_rhino_parser_jarjared.jar:/work/Closure_67f/lib/protobuf-java.jar:/work/Closure_67f/lib/ant.jar:/work/Closure_67f/lib/ant-launcher.jar:/work/Closure_67f/lib/caja-r4314.jar:/work/Closure_67f/lib/junit.jar:/work/Closure_67f/build/test:/work/jqwik_harness:/workspace/lib/jqwik/jqwik-1.7.4.jar:/workspace/lib/jqwik/jqwik-api-1.7.4.jar:/workspace/lib/jqwik/jqwik-engine-1.7.4.jar -d /work/jqwik_out/Closure_67/auto_round2_tries1000_seed2/classes_f /workspace/jqwik/Auto/Closure_67/com/google/javascript/jscomp/AnalyzePrototypeProperties_AutoPbtTest.java

[exit=0 timeout=False time=1.1s]

$ javac -nowarn -encoding UTF-8 -cp /work/Closure_67b/build/classes:/work/Closure_67b/lib/args4j.jar:/work/Closure_67b/lib/guava.jar:/work/Closure_67b/lib/json.jar:/work/Closure_67b/lib/jsr305.jar:/work/Closure_67b/lib/libtrunk_rhino_parser_jarjared.jar:/work/Closure_67b/lib/protobuf-java.jar:/work/Closure_67b/lib/ant.jar:/work/Closure_67b/lib/ant-launcher.jar:/work/Closure_67b/lib/caja-r4314.jar:/work/Closure_67b/lib/junit.jar:/work/Closure_67b/build/test:/work/jqwik_harness:/workspace/lib/jqwik/jqwik-1.7.4.jar:/workspace/lib/jqwik/jqwik-api-1.7.4.jar:/workspace/lib/jqwik/jqwik-engine-1.7.4.jar -d /work/jqwik_out/Closure_67/auto_round2_tries1000_seed2/classes_b /workspace/jqwik/Auto/Closure_67/com/google/javascript/jscomp/AnalyzePrototypeProperties_AutoPbtTest.java

[exit=0 timeout=False time=1.0s]

$ java -Djava.awt.headless=true -Xss4m -Xmx1g -Dpbt.seed=2 -Dpbt.tries=1000 -Dpbt.snapshot.dir=/work/jqwik_out/Closure_67/auto_round2_tries1000_seed2/snapshots -Dpbt.propertyBudgetMs=5000 -Dpbt.mask=/work/Closure_67f:/work/Closure_67b:/work/jqwik_out/Closure_67/auto_round2_tries1000_seed2/classes_f:/work/jqwik_out/Closure_67/auto_round2_tries1000_seed2/classes_b -Dpbt.mode=record -jar /workspace/lib/jqwik/junit-platform-console-standalone-1.9.3.jar --disable-banner --details tree --class-path /work/jqwik_out/Closure_67/auto_round2_tries1000_seed2/classes_f:/work/Closure_67f/build/classes:/work/Closure_67f/lib/args4j.jar:/work/Closure_67f/lib/guava.jar:/work/Closure_67f/lib/json.jar:/work/Closure_67f/lib/jsr305.jar:/work/Closure_67f/lib/libtrunk_rhino_parser_jarjared.jar:/work/Closure_67f/lib/protobuf-java.jar:/work/Closure_67f/lib/ant.jar:/work/Closure_67f/lib/ant-launcher.jar:/work/Closure_67f/lib/caja-r4314.jar:/work/Closure_67f/lib/junit.jar:/work/Closure_67f/build/test:/work/jqwik_harness:/workspace/lib/jqwik/jqwik-1.7.4.jar:/workspace/lib/jqwik/jqwik-api-1.7.4.jar:/workspace/lib/jqwik/jqwik-engine-1.7.4.jar --scan-class-path /work/jqwik_out/Closure_67/auto_round2_tries1000_seed2/classes_f --include-classname .* --include-engine jqwik --config jqwik.database=/workspace/jqwik/Result_auto_Round2/Closure_67/tries1000_seed2/reports_record/jqwik-database --config jqwik.tries.default=1000 --reports-dir /workspace/jqwik/Result_auto_Round2/Closure_67/tries1000_seed2/reports_record
timestamp = 2026-09-30T23:23:13.904906, AnalyzePrototypeProperties AutoPbtTest:m000 getAllNameInfo = 
                              |-----------------------jqwik-----------------------
tries = 1000                  | # of calls to property
checks = 1000                 | # of not rejected calls
generation = RANDOMIZED       | parameters are randomly generated
after-failure = SAMPLE_FIRST  | try previously failed sample, then previous seed
when-fixed-seed = ALLOW       | fixing the random seed is allowed
edge-cases#mode = NONE        | edge cases are not explicitly generated
seed = 2                      | random seed to reproduce generated values


timestamp = 2026-09-30T23:23:14.806978, AnalyzePrototypeProperties AutoPbtTest:m001 process = 
                              |-----------------------jqwik-----------------------
tries = 1000                  | # of calls to property
checks = 1000                 | # of not rejected calls
generation = RANDOMIZED       | parameters are randomly generated
after-failure = SAMPLE_FIRST  | try previously failed sample, then previous seed
when-fixed-seed = ALLOW       | fixing the random seed is allowed
edge-cases#mode = NONE        | edge cases are not explicitly generated
seed = 2                      | random seed to reproduce generated values


[36m╷[0m
[36m└─[0m [36mjqwik (JUnit Platform)[0m [32m✔[0m
[36m   └─[0m [36mAnalyzePrototypeProperties AutoPbtTest[0m [32m✔[0m
[36m      ├─[0m [34mm000 getAllNameInfo[0m [32m✔[0m
[36m      └─[0m [34mm001 process[0m [32m✔[0m

Test run finished after 2105 ms
[         2 containers found      ]
[         0 containers skipped    ]
[         2 containers started    ]
[         0 containers aborted    ]
[         2 containers successful ]
[         0 containers failed     ]
[         2 tests found           ]
[         0 tests skipped         ]
[         2 tests started         ]
[         0 tests aborted         ]
[         2 tests successful      ]
[         0 tests failed          ]


[exit=0 timeout=False time=3.2s]

$ java -Djava.awt.headless=true -Xss4m -Xmx1g -Dpbt.seed=2 -Dpbt.tries=1000 -Dpbt.snapshot.dir=/work/jqwik_out/Closure_67/auto_round2_tries1000_seed2/snapshots -Dpbt.propertyBudgetMs=5000 -Dpbt.mask=/work/Closure_67f:/work/Closure_67b:/work/jqwik_out/Closure_67/auto_round2_tries1000_seed2/classes_f:/work/jqwik_out/Closure_67/auto_round2_tries1000_seed2/classes_b -Dpbt.mode=check -javaagent:/opt/jacoco/lib/jacocoagent.jar=destfile=/workspace/jqwik/Result_auto_Round2/Closure_67/tries1000_seed2/jacoco.exec -jar /workspace/lib/jqwik/junit-platform-console-standalone-1.9.3.jar --disable-banner --details tree --class-path /work/jqwik_out/Closure_67/auto_round2_tries1000_seed2/classes_f:/work/Closure_67f/build/classes:/work/Closure_67f/lib/args4j.jar:/work/Closure_67f/lib/guava.jar:/work/Closure_67f/lib/json.jar:/work/Closure_67f/lib/jsr305.jar:/work/Closure_67f/lib/libtrunk_rhino_parser_jarjared.jar:/work/Closure_67f/lib/protobuf-java.jar:/work/Closure_67f/lib/ant.jar:/work/Closure_67f/lib/ant-launcher.jar:/work/Closure_67f/lib/caja-r4314.jar:/work/Closure_67f/lib/junit.jar:/work/Closure_67f/build/test:/work/jqwik_harness:/workspace/lib/jqwik/jqwik-1.7.4.jar:/workspace/lib/jqwik/jqwik-api-1.7.4.jar:/workspace/lib/jqwik/jqwik-engine-1.7.4.jar --scan-class-path /work/jqwik_out/Closure_67/auto_round2_tries1000_seed2/classes_f --include-classname .* --include-engine jqwik --config jqwik.database=/workspace/jqwik/Result_auto_Round2/Closure_67/tries1000_seed2/reports_fixed/jqwik-database --config jqwik.tries.default=1000 --reports-dir /workspace/jqwik/Result_auto_Round2/Closure_67/tries1000_seed2/reports_fixed
timestamp = 2026-09-30T23:23:18.132248, AnalyzePrototypeProperties AutoPbtTest:m000 getAllNameInfo = 
                              |-----------------------jqwik-----------------------
tries = 1000                  | # of calls to property
checks = 1000                 | # of not rejected calls
generation = RANDOMIZED       | parameters are randomly generated
after-failure = SAMPLE_FIRST  | try previously failed sample, then previous seed
when-fixed-seed = ALLOW       | fixing the random seed is allowed
edge-cases#mode = NONE        | edge cases are not explicitly generated
seed = 2                      | random seed to reproduce generated values


timestamp = 2026-09-30T23:23:19.319906, AnalyzePrototypeProperties AutoPbtTest:m001 process = 
                              |-----------------------jqwik-----------------------
tries = 1000                  | # of calls to property
checks = 1000                 | # of not rejected calls
generation = RANDOMIZED       | parameters are randomly generated
after-failure = SAMPLE_FIRST  | try previously failed sample, then previous seed
when-fixed-seed = ALLOW       | fixing the random seed is allowed
edge-cases#mode = NONE        | edge cases are not explicitly generated
seed = 2                      | random seed to reproduce generated values


[36m╷[0m
[36m└─[0m [36mjqwik (JUnit Platform)[0m [32m✔[0m
[36m   └─[0m [36mAnalyzePrototypeProperties AutoPbtTest[0m [32m✔[0m
[36m      ├─[0m [34mm000 getAllNameInfo[0m [32m✔[0m
[36m      └─[0m [34mm001 process[0m [32m✔[0m

Test run finished after 2885 ms
[         2 containers found      ]
[         0 containers skipped    ]
[         2 containers started    ]
[         0 containers aborted    ]
[         2 containers successful ]
[         0 containers failed     ]
[         2 tests found           ]
[         0 tests skipped         ]
[         2 tests started         ]
[         0 tests aborted         ]
[         2 tests successful      ]
[         0 tests failed          ]


[exit=0 timeout=False time=10.9s]

$ java -jar /opt/jacoco/lib/jacococli.jar report /workspace/jqwik/Result_auto_Round2/Closure_67/tries1000_seed2/jacoco.exec --classfiles /work/Closure_67f/build/classes --csv /workspace/jqwik/Result_auto_Round2/Closure_67/tries1000_seed2/jacoco.csv
[INFO] Loading execution data file /workspace/jqwik/Result_auto_Round2/Closure_67/tries1000_seed2/jacoco.exec.
[INFO] Analyzing 1088 classes.

[exit=0 timeout=False time=0.7s]

$ java -Djava.awt.headless=true -Xss4m -Xmx1g -Dpbt.seed=2 -Dpbt.tries=1000 -Dpbt.snapshot.dir=/work/jqwik_out/Closure_67/auto_round2_tries1000_seed2/snapshots -Dpbt.propertyBudgetMs=5000 -Dpbt.mask=/work/Closure_67f:/work/Closure_67b:/work/jqwik_out/Closure_67/auto_round2_tries1000_seed2/classes_f:/work/jqwik_out/Closure_67/auto_round2_tries1000_seed2/classes_b -Dpbt.mode=check -jar /workspace/lib/jqwik/junit-platform-console-standalone-1.9.3.jar --disable-banner --details tree --class-path /work/jqwik_out/Closure_67/auto_round2_tries1000_seed2/classes_b:/work/Closure_67b/build/classes:/work/Closure_67b/lib/args4j.jar:/work/Closure_67b/lib/guava.jar:/work/Closure_67b/lib/json.jar:/work/Closure_67b/lib/jsr305.jar:/work/Closure_67b/lib/libtrunk_rhino_parser_jarjared.jar:/work/Closure_67b/lib/protobuf-java.jar:/work/Closure_67b/lib/ant.jar:/work/Closure_67b/lib/ant-launcher.jar:/work/Closure_67b/lib/caja-r4314.jar:/work/Closure_67b/lib/junit.jar:/work/Closure_67b/build/test:/work/jqwik_harness:/workspace/lib/jqwik/jqwik-1.7.4.jar:/workspace/lib/jqwik/jqwik-api-1.7.4.jar:/workspace/lib/jqwik/jqwik-engine-1.7.4.jar --scan-class-path /work/jqwik_out/Closure_67/auto_round2_tries1000_seed2/classes_b --include-classname .* --include-engine jqwik --config jqwik.database=/workspace/jqwik/Result_auto_Round2/Closure_67/tries1000_seed2/reports_buggy/jqwik-database --config jqwik.tries.default=1000 --reports-dir /workspace/jqwik/Result_auto_Round2/Closure_67/tries1000_seed2/reports_buggy
timestamp = 2026-09-30T23:23:29.534040, AnalyzePrototypeProperties AutoPbtTest:m000 getAllNameInfo = 
                              |-----------------------jqwik-----------------------
tries = 1000                  | # of calls to property
checks = 1000                 | # of not rejected calls
generation = RANDOMIZED       | parameters are randomly generated
after-failure = SAMPLE_FIRST  | try previously failed sample, then previous seed
when-fixed-seed = ALLOW       | fixing the random seed is allowed
edge-cases#mode = NONE        | edge cases are not explicitly generated
seed = 2                      | random seed to reproduce generated values


timestamp = 2026-09-30T23:23:30.805238, AnalyzePrototypeProperties AutoPbtTest:m001 process = 
                              |-----------------------jqwik-----------------------
tries = 1000                  | # of calls to property
checks = 1000                 | # of not rejected calls
generation = RANDOMIZED       | parameters are randomly generated
after-failure = SAMPLE_FIRST  | try previously failed sample, then previous seed
when-fixed-seed = ALLOW       | fixing the random seed is allowed
edge-cases#mode = NONE        | edge cases are not explicitly generated
seed = 2                      | random seed to reproduce generated values


[36m╷[0m
[36m└─[0m [36mjqwik (JUnit Platform)[0m [32m✔[0m
[36m   └─[0m [36mAnalyzePrototypeProperties AutoPbtTest[0m [32m✔[0m
[36m      ├─[0m [34mm000 getAllNameInfo[0m [32m✔[0m
[36m      └─[0m [34mm001 process[0m [32m✔[0m

Test run finished after 2537 ms
[         2 containers found      ]
[         0 containers skipped    ]
[         2 containers started    ]
[         0 containers aborted    ]
[         2 containers successful ]
[         0 containers failed     ]
[         2 tests found           ]
[         0 tests skipped         ]
[         2 tests started         ]
[         0 tests aborted         ]
[         2 tests successful      ]
[         0 tests failed          ]


[exit=0 timeout=False time=3.5s]
