
$ defects4j compile -w /work/Gson_17f
Running ant (compile)...................................................... OK
Running ant (compile.tests)................................................ OK

[exit=0 timeout=False time=0.8s]

$ defects4j compile -w /work/Gson_17b
Running ant (compile)...................................................... OK
Running ant (compile.tests)................................................ OK

[exit=0 timeout=False time=0.8s]

$ java -Djava.awt.headless=true -cp /opt/defects4j/framework/projects/lib/junit-4.12-hamcrest-1.3.jar:/opt/evosuite/evosuite-1.2.0.jar:/work/Gson_17f/target/classes:/work/Gson_17f/target/test-classes:/opt/defects4j/framework/projects/Gson/lib/com/google/code/findbugs/jsr305/3.0.0/jsr305-3.0.0.jar org.evosuite.EvoSuite -generateSuite -class com.google.gson.DefaultDateTypeAdapter -projectCP /opt/defects4j/framework/projects/lib/junit-4.12-hamcrest-1.3.jar:/work/Gson_17f/target/classes:/work/Gson_17f/target/test-classes:/opt/defects4j/framework/projects/Gson/lib/com/google/code/findbugs/jsr305/3.0.0/jsr305-3.0.0.jar -Dcriterion=LINE:BRANCH:EXCEPTION -Dsearch_budget=120 -seed 1 -Dtest_dir=/work/evo_out/Gson_17f/budget120_seed1/tests -Dreport_dir=/work/evo_out/Gson_17f/budget120_seed1/report
* EvoSuite 1.2.0
* Going to generate test cases for class: com.google.gson.DefaultDateTypeAdapter
* Starting Client-0
* Connecting to master process on port 9922
* Analyzing classpath: 
  - /opt/defects4j/framework/projects/lib/junit-4.12-hamcrest-1.3.jar
  - /work/Gson_17f/target/classes
  - /work/Gson_17f/target/test-classes
  - /opt/defects4j/framework/projects/Gson/lib/com/google/code/findbugs/jsr305/3.0.0/jsr305-3.0.0.jar
[MASTER] 00:29:01.425 [logback-1] WARN  InheritanceTree - Class not in inheritance graph: java.util.Locale$IsoCountryCode
* Finished analyzing classpath
* Generating tests for class com.google.gson.DefaultDateTypeAdapter
* Test criteria:
  - Line Coverage
  - Branch Coverage
  - Exception
* Setting up search algorithm for whole suite generation
* Total number of test goals: 
  - Line 55
  - Branch 23
  - Exception 0

[Progress:>                             0%] [Cov:>                                  0%]* Using seed 1
* Starting evolution

[Progress:>                             0%] [Cov:====>                              12%]
[Progress:>                             0%] [Cov:=======>                           22%]
[Progress:>                             0%] [Cov:===================>               55%]
[Progress:=>                            4%] [Cov:====>                              12%]
[Progress:=>                            4%] [Cov:=======>                           21%]
[Progress:=>                            4%] [Cov:==================>                54%]
[Progress:==>                           8%] [Cov:>                                  0%]
[Progress:==>                           8%] [Cov:>                                  2%]
[Progress:==>                           8%] [Cov:============>                      36%]
[Progress:==>                           8%] [Cov:================>                  46%]
[Progress:==>                           8%] [Cov:=================>                 49%]
[Progress:==>                           8%] [Cov:==================>                52%]
[Progress:==>                           8%] [Cov:=====================>             62%]
[Progress:===>                          12%] [Cov:=====>                             17%]
[Progress:===>                          12%] [Cov:=========>                         27%]
[Progress:===>                          12%] [Cov:=====================>             61%]
[Progress:====>                         16%] [Cov:>                                  0%]
[Progress:====>                         16%] [Cov:>                                  2%]
[Progress:====>                         16%] [Cov:============>                      36%]
[Progress:====>                         16%] [Cov:================>                  47%]
[Progress:====>                         16%] [Cov:==================>                53%]
[Progress:====>                         16%] [Cov:===================>               56%]
[Progress:====>                         16%] [Cov:====================>              59%]
[Progress:======>                       20%] [Cov:===>                               10%]
[Progress:======>                       20%] [Cov:=====>                             17%]
[Progress:======>                       20%] [Cov:=================>                 50%]
[Progress:======>                       20%] [Cov:===================>               57%]
[Progress:=======>                      25%] [Cov:====>                              12%]
[Progress:=======>                      25%] [Cov:======>                            19%]
[Progress:=======>                      25%] [Cov:==================>                53%]
[Progress:=======>                      25%] [Cov:=====================>             62%]
[Progress:=========>                    30%] [Cov:================>                  47%]
[Progress:=========>                    30%] [Cov:=================>                 49%]
[Progress:=========>                    30%] [Cov:==================>                54%]
[Progress:=========>                    30%] [Cov:====================>              58%]
[Progress:=========>                    30%] [Cov:====================>              59%]
[Progress:=========>                    30%] [Cov:=======================>           67%]
[Progress:=========>                    30%] [Cov:=======================>           67%]
[Progress:=========>                    30%] [Cov:=======================>           67%]
[Progress:=========>                    30%] [Cov:=======================>           67%]
[Progress:=========>                    30%] [Cov:=======================>           67%]
[Progress:=========>                    30%] [Cov:=======================>           67%]
[Progress:==========>                   34%] [Cov:=======================>           67%]
[Progress:==========>                   34%] [Cov:=======================>           67%]
[Progress:==========>                   34%] [Cov:=======================>           67%]
[Progress:==========>                   34%] [Cov:=======================>           67%]
[Progress:==========>                   34%] [Cov:=======================>           67%]
[Progress:==========>                   34%] [Cov:=======================>           67%]
[Progress:==========>                   35%] [Cov:=======================>           67%]
[Progress:===========>                  39%] [Cov:=======================>           67%]
[Progress:===========>                  39%] [Cov:=======================>           67%]
[Progress:===========>                  39%] [Cov:=======================>           67%]
[Progress:===========>                  39%] [Cov:=======================>           67%]
[Progress:===========>                  39%] [Cov:=======================>           67%]
[Progress:===========>                  39%] [Cov:=======================>           67%]
[Progress:============>                 43%] [Cov:=======================>           67%]
[Progress:============>                 43%] [Cov:=======================>           67%]
[Progress:============>                 43%] [Cov:=======================>           67%]
[Progress:==============>               47%] [Cov:=======================>           67%]
[Progress:==============>               47%] [Cov:=======================>           67%]
[Progress:==============>               47%] [Cov:=======================>           67%]
[Progress:==============>               47%] [Cov:=======================>           67%]
[Progress:==============>               47%] [Cov:=======================>           67%]
[Progress:==============>               47%] [Cov:=======================>           67%]
[Progress:==============>               47%] [Cov:=======================>           67%]
[Progress:===============>              51%] [Cov:=======================>           67%]
[Progress:===============>              51%] [Cov:=======================>           68%]
[Progress:===============>              51%] [Cov:=========================>         72%]
[Progress:===============>              51%] [Cov:=========================>         72%]
[Progress:===============>              51%] [Cov:=========================>         72%]
[Progress:===============>              51%] [Cov:=========================>         72%]
[Progress:===============>              51%] [Cov:=========================>         72%]
[Progress:================>             55%] [Cov:=========================>         72%]
[Progress:================>             55%] [Cov:=========================>         72%]
[Progress:================>             55%] [Cov:=========================>         72%]
[Progress:================>             55%] [Cov:=========================>         72%]
[Progress:================>             56%] [Cov:=========================>         72%]
[Progress:==================>           60%] [Cov:=========================>         72%]
[Progress:==================>           60%] [Cov:=========================>         72%]
[Progress:===================>          65%] [Cov:=========================>         72%]
[Progress:===================>          65%] [Cov:=========================>         72%]
[Progress:===================>          65%] [Cov:=========================>         72%]
[Progress:====================>         69%] [Cov:=========================>         72%]
[Progress:=====================>        73%] [Cov:=========================>         72%]
[Progress:=====================>        73%] [Cov:=========================>         72%]
[Progress:=====================>        73%] [Cov:=========================>         72%]
[Progress:=====================>        73%] [Cov:=========================>         72%]
[Progress:=====================>        73%] [Cov:=========================>         73%]
[Progress:=====================>        73%] [Cov:=========================>         74%]
[Progress:=====================>        73%] [Cov:=========================>         74%]
[Progress:=====================>        73%] [Cov:=========================>         74%]
[Progress:=====================>        73%] [Cov:=========================>         74%]
[Progress:=====================>        73%] [Cov:=========================>         74%]
[Progress:=======================>      77%] [Cov:=========================>         74%]
[Progress:=======================>      77%] [Cov:=========================>         74%]
[Progress:=======================>      77%] [Cov:=========================>         74%]
[Progress:=======================>      77%] [Cov:=========================>         74%]
[Progress:=======================>      77%] [Cov:============================>      80%]
[Progress:=======================>      77%] [Cov:============================>      81%]
[Progress:=======================>      77%] [Cov:============================>      81%]
[Progress:========================>     81%] [Cov:============================>      81%]
[Progress:========================>     81%] [Cov:============================>      81%]
[Progress:=========================>    85%] [Cov:============================>      81%]
[Progress:===========================>  90%] [Cov:============================>      81%]
[Progress:===========================>  90%] [Cov:============================>      81%]
[Progress:===========================>  90%] [Cov:============================>      81%]
[Progress:===========================>  90%] [Cov:============================>      81%]
[Progress:============================> 94%] [Cov:============================>      81%]
[Progress:============================> 94%] [Cov:============================>      81%]
[Progress:============================> 94%] [Cov:============================>      81%]
[Progress:============================> 95%] [Cov:============================>      81%]
[Progress:============================> 95%] [Cov:============================>      81%]
[Progress:=============================>99%] [Cov:============================>      81%]
[Progress:=============================>99%] [Cov:============================>      81%]
[Progress:=============================>99%] [Cov:============================>      81%]
[Progress:=============================>99%] [Cov:============================>      81%]
[Progress:=============================>99%] [Cov:============================>      81%]
[Progress:=============================>99%] [Cov:============================>      81%]
[Progress:=============================>99%] [Cov:============================>      81%]
[Progress:=============================>99%] [Cov:============================>      81%]
[Progress:==============================100%] [Cov:============================>      81%]
[Progress:==============================100%] [Cov:============================>      81%]
* Search finished after 124s and 60 generations, 13170 statements, best individual has fitness: 15.958823529411765
* Minimizing test suite
* Going to analyze the coverage criteria
* Coverage analysis for criterion LINE
* Coverage of criterion LINE: 82%
* Total number of goals: 55
* Number of covered goals: 45
* Coverage analysis for criterion BRANCH
* Coverage of criterion BRANCH: 61%
* Total number of goals: 23
* Number of covered goals: 14
* Coverage analysis for criterion EXCEPTION
* Coverage of criterion EXCEPTION: 100%
* Total number of goals: 16
* Number of covered goals: 16
* Generated 21 tests with total length 65
* Resulting test suite's coverage: 82% (average coverage for all fitness functions)
* Generating assertions
* Resulting test suite's mutation score: 50%
* Compiling and checking tests
* Permissions denied during test execution: 
  - java.lang.RuntimePermission: 
         writeFileDescriptor: 3
* Writing tests to file
* Writing JUnit test case 'DefaultDateTypeAdapter_ESTest' to /work/evo_out/Gson_17f/budget120_seed1/tests
* Done!

* Computation finished

[exit=0 timeout=False time=131.3s]

$ javac -nowarn -cp /work/Gson_17f/target/classes:/opt/defects4j/framework/projects/lib/junit-4.12-hamcrest-1.3.jar:/work/Gson_17f/target/classes:/work/Gson_17f/target/test-classes:/opt/defects4j/framework/projects/Gson/lib/com/google/code/findbugs/jsr305/3.0.0/jsr305-3.0.0.jar:/opt/evosuite/evosuite-standalone-runtime-1.2.0.jar -d /work/evo_out/Gson_17f/budget120_seed1/classes /work/evo_out/Gson_17f/budget120_seed1/tests/com/google/gson/DefaultDateTypeAdapter_ESTest.java /work/evo_out/Gson_17f/budget120_seed1/tests/com/google/gson/DefaultDateTypeAdapter_ESTest_scaffolding.java

[exit=0 timeout=False time=0.6s]

$ java -jar /opt/jacoco/lib/jacococli.jar instrument /work/Gson_17f/target/classes --dest /work/evo_out/Gson_17f/budget120_seed1/instrumented
[INFO] 177 classes instrumented to /work/evo_out/Gson_17f/budget120_seed1/instrumented.

[exit=0 timeout=False time=0.3s]

$ java -Djacoco-agent.destfile=/workspace/EvoSuite/Result_Round2/Gson_17/budget120_seed1/jacoco.exec -cp /work/evo_out/Gson_17f/budget120_seed1/instrumented:/work/evo_out/Gson_17f/budget120_seed1/classes:/opt/defects4j/framework/projects/lib/junit-4.12-hamcrest-1.3.jar:/work/Gson_17f/target/classes:/work/Gson_17f/target/test-classes:/opt/defects4j/framework/projects/Gson/lib/com/google/code/findbugs/jsr305/3.0.0/jsr305-3.0.0.jar:/opt/evosuite/evosuite-standalone-runtime-1.2.0.jar:/opt/jacoco/lib/jacocoagent.jar org.junit.runner.JUnitCore com.google.gson.DefaultDateTypeAdapter_ESTest
JUnit version 4.12
.....................
Time: 0.466

OK (21 tests)

SLF4J: Failed to load class "org.slf4j.impl.StaticLoggerBinder".
SLF4J: Defaulting to no-operation (NOP) logger implementation
SLF4J: See http://www.slf4j.org/codes.html#StaticLoggerBinder for further details.
WARNING: An illegal reflective access operation has occurred
WARNING: Illegal reflective access by org.evosuite.runtime.GuiSupport (file:/opt/evosuite/evosuite-standalone-runtime-1.2.0.jar) to field java.awt.GraphicsEnvironment.headless
WARNING: Please consider reporting this to the maintainers of org.evosuite.runtime.GuiSupport
WARNING: Use --illegal-access=warn to enable warnings of further illegal reflective access operations
WARNING: All illegal access operations will be denied in a future release

[exit=0 timeout=False time=0.9s]

$ java -jar /opt/jacoco/lib/jacococli.jar report /workspace/EvoSuite/Result_Round2/Gson_17/budget120_seed1/jacoco.exec --classfiles /work/Gson_17f/target/classes --csv /workspace/EvoSuite/Result_Round2/Gson_17/budget120_seed1/jacoco.csv
[INFO] Loading execution data file /workspace/EvoSuite/Result_Round2/Gson_17/budget120_seed1/jacoco.exec.
[INFO] Analyzing 156 classes.

[exit=0 timeout=False time=0.3s]

$ java -cp /work/evo_out/Gson_17f/budget120_seed1/classes:/opt/defects4j/framework/projects/lib/junit-4.12-hamcrest-1.3.jar:/work/Gson_17b/target/classes:/work/Gson_17b/target/test-classes:/opt/defects4j/framework/projects/Gson/lib/com/google/code/findbugs/jsr305/3.0.0/jsr305-3.0.0.jar:/opt/evosuite/evosuite-standalone-runtime-1.2.0.jar org.junit.runner.JUnitCore com.google.gson.DefaultDateTypeAdapter_ESTest
JUnit version 4.12
.....................
Time: 0.418

OK (21 tests)

SLF4J: Failed to load class "org.slf4j.impl.StaticLoggerBinder".
SLF4J: Defaulting to no-operation (NOP) logger implementation
SLF4J: See http://www.slf4j.org/codes.html#StaticLoggerBinder for further details.
WARNING: An illegal reflective access operation has occurred
WARNING: Illegal reflective access by org.evosuite.runtime.GuiSupport (file:/opt/evosuite/evosuite-standalone-runtime-1.2.0.jar) to field java.awt.GraphicsEnvironment.headless
WARNING: Please consider reporting this to the maintainers of org.evosuite.runtime.GuiSupport
WARNING: Use --illegal-access=warn to enable warnings of further illegal reflective access operations
WARNING: All illegal access operations will be denied in a future release

[exit=0 timeout=False time=0.7s]
