
$ javac -nowarn -encoding UTF-8 -cp /work/Codec_1f/target/classes:/work/Codec_1f/target/tests:/opt/defects4j/framework/projects/lib/junit-4.12-hamcrest-1.3.jar:/opt/defects4j/framework/projects/Codec/lib/junit/junit/4.12/junit-4.12.jar:/opt/defects4j/framework/projects/Codec/lib/org/apache/commons/commons-lang3/3.4/commons-lang3-3.4.jar:/opt/defects4j/framework/projects/Codec/lib/org/apache/commons/commons-lang3/3.8.1/commons-lang3-3.8.1.jar:/opt/defects4j/framework/projects/Codec/lib/org/hamcrest/hamcrest-core/1.3/hamcrest-core-1.3.jar:/work/jqwik_harness:/workspace/lib/jqwik/jqwik-1.7.4.jar:/workspace/lib/jqwik/jqwik-api-1.7.4.jar:/workspace/lib/jqwik/jqwik-engine-1.7.4.jar -d /work/jqwik_out/Codec_1/auto_round2_tries1000_seed2/classes_f /workspace/jqwik/Auto/Codec_1/org/apache/commons/codec/language/Caverphone_AutoPbtTest.java /workspace/jqwik/Auto/Codec_1/org/apache/commons/codec/language/Metaphone_AutoPbtTest.java /workspace/jqwik/Auto/Codec_1/org/apache/commons/codec/language/SoundexUtils_AutoPbtTest.java

[exit=0 timeout=False time=5.3s]

$ javac -nowarn -encoding UTF-8 -cp /work/Codec_1b/target/classes:/work/Codec_1b/target/tests:/opt/defects4j/framework/projects/lib/junit-4.12-hamcrest-1.3.jar:/opt/defects4j/framework/projects/Codec/lib/junit/junit/4.12/junit-4.12.jar:/opt/defects4j/framework/projects/Codec/lib/org/apache/commons/commons-lang3/3.4/commons-lang3-3.4.jar:/opt/defects4j/framework/projects/Codec/lib/org/apache/commons/commons-lang3/3.8.1/commons-lang3-3.8.1.jar:/opt/defects4j/framework/projects/Codec/lib/org/hamcrest/hamcrest-core/1.3/hamcrest-core-1.3.jar:/work/jqwik_harness:/workspace/lib/jqwik/jqwik-1.7.4.jar:/workspace/lib/jqwik/jqwik-api-1.7.4.jar:/workspace/lib/jqwik/jqwik-engine-1.7.4.jar -d /work/jqwik_out/Codec_1/auto_round2_tries1000_seed2/classes_b /workspace/jqwik/Auto/Codec_1/org/apache/commons/codec/language/Caverphone_AutoPbtTest.java /workspace/jqwik/Auto/Codec_1/org/apache/commons/codec/language/Metaphone_AutoPbtTest.java /workspace/jqwik/Auto/Codec_1/org/apache/commons/codec/language/SoundexUtils_AutoPbtTest.java

[exit=0 timeout=False time=5.6s]

$ java -Djava.awt.headless=true -Xss4m -Xmx1g -Dpbt.seed=2 -Dpbt.tries=1000 -Dpbt.snapshot.dir=/work/jqwik_out/Codec_1/auto_round2_tries1000_seed2/snapshots -Dpbt.propertyBudgetMs=5000 -Dpbt.mask=/work/Codec_1f:/work/Codec_1b:/work/jqwik_out/Codec_1/auto_round2_tries1000_seed2/classes_f:/work/jqwik_out/Codec_1/auto_round2_tries1000_seed2/classes_b -Dpbt.mode=record -jar /workspace/lib/jqwik/junit-platform-console-standalone-1.9.3.jar --disable-banner --details tree --class-path /work/jqwik_out/Codec_1/auto_round2_tries1000_seed2/classes_f:/work/Codec_1f/target/classes:/work/Codec_1f/target/tests:/opt/defects4j/framework/projects/lib/junit-4.12-hamcrest-1.3.jar:/opt/defects4j/framework/projects/Codec/lib/junit/junit/4.12/junit-4.12.jar:/opt/defects4j/framework/projects/Codec/lib/org/apache/commons/commons-lang3/3.4/commons-lang3-3.4.jar:/opt/defects4j/framework/projects/Codec/lib/org/apache/commons/commons-lang3/3.8.1/commons-lang3-3.8.1.jar:/opt/defects4j/framework/projects/Codec/lib/org/hamcrest/hamcrest-core/1.3/hamcrest-core-1.3.jar:/work/jqwik_harness:/workspace/lib/jqwik/jqwik-1.7.4.jar:/workspace/lib/jqwik/jqwik-api-1.7.4.jar:/workspace/lib/jqwik/jqwik-engine-1.7.4.jar --scan-class-path /work/jqwik_out/Codec_1/auto_round2_tries1000_seed2/classes_f --include-classname .* --include-engine jqwik --config jqwik.database=/workspace/jqwik/Result_auto_Round2/Codec_1/tries1000_seed2/reports_record/jqwik-database --config jqwik.tries.default=1000 --reports-dir /workspace/jqwik/Result_auto_Round2/Codec_1/tries1000_seed2/reports_record
seed to reproduce generated values


timestamp = 2026-09-27T04:58:51.985077, Metaphone AutoPbtTest:m002 getMaxCodeLen = 
                              |-----------------------jqwik-----------------------
tries = 1                     | # of calls to property
checks = 1                    | # of not rejected calls
generation = EXHAUSTIVE       | parameters are exhaustively generated
after-failure = SAMPLE_FIRST  | try previously failed sample, then previous seed
when-fixed-seed = ALLOW       | fixing the random seed is allowed
edge-cases#mode = NONE        | edge cases are not explicitly generated
seed = 2                      | random seed to reproduce generated values


timestamp = 2026-09-27T04:58:52.273837, Metaphone AutoPbtTest:m004 metaphone = 
                              |-----------------------jqwik-----------------------
tries = 1000                  | # of calls to property
checks = 1000                 | # of not rejected calls
generation = RANDOMIZED       | parameters are randomly generated
after-failure = SAMPLE_FIRST  | try previously failed sample, then previous seed
when-fixed-seed = ALLOW       | fixing the random seed is allowed
edge-cases#mode = NONE        | edge cases are not explicitly generated
seed = 2                      | random seed to reproduce generated values


timestamp = 2026-09-27T04:58:52.579487, Metaphone AutoPbtTest:m005 setMaxCodeLen = 
                              |-----------------------jqwik-----------------------
tries = 1000                  | # of calls to property
checks = 1000                 | # of not rejected calls
generation = RANDOMIZED       | parameters are randomly generated
after-failure = SAMPLE_FIRST  | try previously failed sample, then previous seed
when-fixed-seed = ALLOW       | fixing the random seed is allowed
edge-cases#mode = NONE        | edge cases are not explicitly generated
seed = 2                      | random seed to reproduce generated values


timestamp = 2026-09-27T04:58:52.841178, Metaphone AutoPbtTest:m001 encode = 
                              |-----------------------jqwik-----------------------
tries = 1000                  | # of calls to property
checks = 1000                 | # of not rejected calls
generation = RANDOMIZED       | parameters are randomly generated
after-failure = SAMPLE_FIRST  | try previously failed sample, then previous seed
when-fixed-seed = ALLOW       | fixing the random seed is allowed
edge-cases#mode = NONE        | edge cases are not explicitly generated
seed = 2                      | random seed to reproduce generated values


[36m╷[0m
[36m└─[0m [36mjqwik (JUnit Platform)[0m [32m✔[0m
[36m   ├─[0m [36mSoundexUtils AutoPbtTest[0m [32m✔[0m
[36m   │  ├─[0m [34mm002 differenceEncoded[0m [32m✔[0m
[36m   │  ├─[0m [34mm000 clean[0m [32m✔[0m
[36m   │  └─[0m [34mm001 difference[0m [32m✔[0m
[36m   ├─[0m [36mCaverphone AutoPbtTest[0m [32m✔[0m
[36m   │  ├─[0m [34mm002 encode[0m [32m✔[0m
[36m   │  ├─[0m [34mm001 encode[0m [32m✔[0m
[36m   │  ├─[0m [34mm000 caverphone[0m [32m✔[0m
[36m   │  └─[0m [34mm003 isCaverphoneEqual[0m [32m✔[0m
[36m   └─[0m [36mMetaphone AutoPbtTest[0m [32m✔[0m
[36m      ├─[0m [34mm000 encode[0m [32m✔[0m
[36m      ├─[0m [34mm003 isMetaphoneEqual[0m [32m✔[0m
[36m      ├─[0m [34mm002 getMaxCodeLen[0m [32m✔[0m
[36m      ├─[0m [34mm004 metaphone[0m [32m✔[0m
[36m      ├─[0m [34mm005 setMaxCodeLen[0m [32m✔[0m
[36m      └─[0m [34mm001 encode[0m [32m✔[0m

Test run finished after 12167 ms
[         4 containers found      ]
[         0 containers skipped    ]
[         4 containers started    ]
[         0 containers aborted    ]
[         4 containers successful ]
[         0 containers failed     ]
[        13 tests found           ]
[         0 tests skipped         ]
[        13 tests started         ]
[         0 tests aborted         ]
[        13 tests successful      ]
[         0 tests failed          ]


[exit=0 timeout=False time=16.9s]

$ java -Djava.awt.headless=true -Xss4m -Xmx1g -Dpbt.seed=2 -Dpbt.tries=1000 -Dpbt.snapshot.dir=/work/jqwik_out/Codec_1/auto_round2_tries1000_seed2/snapshots -Dpbt.propertyBudgetMs=5000 -Dpbt.mask=/work/Codec_1f:/work/Codec_1b:/work/jqwik_out/Codec_1/auto_round2_tries1000_seed2/classes_f:/work/jqwik_out/Codec_1/auto_round2_tries1000_seed2/classes_b -Dpbt.mode=check -javaagent:/opt/jacoco/lib/jacocoagent.jar=destfile=/workspace/jqwik/Result_auto_Round2/Codec_1/tries1000_seed2/jacoco.exec -jar /workspace/lib/jqwik/junit-platform-console-standalone-1.9.3.jar --disable-banner --details tree --class-path /work/jqwik_out/Codec_1/auto_round2_tries1000_seed2/classes_f:/work/Codec_1f/target/classes:/work/Codec_1f/target/tests:/opt/defects4j/framework/projects/lib/junit-4.12-hamcrest-1.3.jar:/opt/defects4j/framework/projects/Codec/lib/junit/junit/4.12/junit-4.12.jar:/opt/defects4j/framework/projects/Codec/lib/org/apache/commons/commons-lang3/3.4/commons-lang3-3.4.jar:/opt/defects4j/framework/projects/Codec/lib/org/apache/commons/commons-lang3/3.8.1/commons-lang3-3.8.1.jar:/opt/defects4j/framework/projects/Codec/lib/org/hamcrest/hamcrest-core/1.3/hamcrest-core-1.3.jar:/work/jqwik_harness:/workspace/lib/jqwik/jqwik-1.7.4.jar:/workspace/lib/jqwik/jqwik-api-1.7.4.jar:/workspace/lib/jqwik/jqwik-engine-1.7.4.jar --scan-class-path /work/jqwik_out/Codec_1/auto_round2_tries1000_seed2/classes_f --include-classname .* --include-engine jqwik --config jqwik.database=/workspace/jqwik/Result_auto_Round2/Codec_1/tries1000_seed2/reports_fixed/jqwik-database --config jqwik.tries.default=1000 --reports-dir /workspace/jqwik/Result_auto_Round2/Codec_1/tries1000_seed2/reports_fixed
seed to reproduce generated values


timestamp = 2026-09-27T04:59:21.460614, Metaphone AutoPbtTest:m002 getMaxCodeLen = 
                              |-----------------------jqwik-----------------------
tries = 1                     | # of calls to property
checks = 1                    | # of not rejected calls
generation = EXHAUSTIVE       | parameters are exhaustively generated
after-failure = SAMPLE_FIRST  | try previously failed sample, then previous seed
when-fixed-seed = ALLOW       | fixing the random seed is allowed
edge-cases#mode = NONE        | edge cases are not explicitly generated
seed = 2                      | random seed to reproduce generated values


timestamp = 2026-09-27T04:59:22.393965, Metaphone AutoPbtTest:m004 metaphone = 
                              |-----------------------jqwik-----------------------
tries = 1000                  | # of calls to property
checks = 1000                 | # of not rejected calls
generation = RANDOMIZED       | parameters are randomly generated
after-failure = SAMPLE_FIRST  | try previously failed sample, then previous seed
when-fixed-seed = ALLOW       | fixing the random seed is allowed
edge-cases#mode = NONE        | edge cases are not explicitly generated
seed = 2                      | random seed to reproduce generated values


timestamp = 2026-09-27T04:59:22.949458, Metaphone AutoPbtTest:m005 setMaxCodeLen = 
                              |-----------------------jqwik-----------------------
tries = 1000                  | # of calls to property
checks = 1000                 | # of not rejected calls
generation = RANDOMIZED       | parameters are randomly generated
after-failure = SAMPLE_FIRST  | try previously failed sample, then previous seed
when-fixed-seed = ALLOW       | fixing the random seed is allowed
edge-cases#mode = NONE        | edge cases are not explicitly generated
seed = 2                      | random seed to reproduce generated values


timestamp = 2026-09-27T04:59:23.988157, Metaphone AutoPbtTest:m001 encode = 
                              |-----------------------jqwik-----------------------
tries = 1000                  | # of calls to property
checks = 1000                 | # of not rejected calls
generation = RANDOMIZED       | parameters are randomly generated
after-failure = SAMPLE_FIRST  | try previously failed sample, then previous seed
when-fixed-seed = ALLOW       | fixing the random seed is allowed
edge-cases#mode = NONE        | edge cases are not explicitly generated
seed = 2                      | random seed to reproduce generated values


[36m╷[0m
[36m└─[0m [36mjqwik (JUnit Platform)[0m [32m✔[0m
[36m   ├─[0m [36mSoundexUtils AutoPbtTest[0m [32m✔[0m
[36m   │  ├─[0m [34mm002 differenceEncoded[0m [32m✔[0m
[36m   │  ├─[0m [34mm000 clean[0m [32m✔[0m
[36m   │  └─[0m [34mm001 difference[0m [32m✔[0m
[36m   ├─[0m [36mCaverphone AutoPbtTest[0m [32m✔[0m
[36m   │  ├─[0m [34mm002 encode[0m [32m✔[0m
[36m   │  ├─[0m [34mm001 encode[0m [32m✔[0m
[36m   │  ├─[0m [34mm000 caverphone[0m [32m✔[0m
[36m   │  └─[0m [34mm003 isCaverphoneEqual[0m [32m✔[0m
[36m   └─[0m [36mMetaphone AutoPbtTest[0m [32m✔[0m
[36m      ├─[0m [34mm000 encode[0m [32m✔[0m
[36m      ├─[0m [34mm003 isMetaphoneEqual[0m [32m✔[0m
[36m      ├─[0m [34mm002 getMaxCodeLen[0m [32m✔[0m
[36m      ├─[0m [34mm004 metaphone[0m [32m✔[0m
[36m      ├─[0m [34mm005 setMaxCodeLen[0m [32m✔[0m
[36m      └─[0m [34mm001 encode[0m [32m✔[0m

Test run finished after 21969 ms
[         4 containers found      ]
[         0 containers skipped    ]
[         4 containers started    ]
[         0 containers aborted    ]
[         4 containers successful ]
[         0 containers failed     ]
[        13 tests found           ]
[         0 tests skipped         ]
[        13 tests started         ]
[         0 tests aborted         ]
[        13 tests successful      ]
[         0 tests failed          ]


[exit=0 timeout=False time=41.7s]

$ java -jar /opt/jacoco/lib/jacococli.jar report /workspace/jqwik/Result_auto_Round2/Codec_1/tries1000_seed2/jacoco.exec --classfiles /work/Codec_1f/target/classes --csv /workspace/jqwik/Result_auto_Round2/Codec_1/tries1000_seed2/jacoco.csv
[INFO] Loading execution data file /workspace/jqwik/Result_auto_Round2/Codec_1/tries1000_seed2/jacoco.exec.
[INFO] Analyzing 20 classes.

[exit=0 timeout=False time=2.5s]

$ java -Djava.awt.headless=true -Xss4m -Xmx1g -Dpbt.seed=2 -Dpbt.tries=1000 -Dpbt.snapshot.dir=/work/jqwik_out/Codec_1/auto_round2_tries1000_seed2/snapshots -Dpbt.propertyBudgetMs=5000 -Dpbt.mask=/work/Codec_1f:/work/Codec_1b:/work/jqwik_out/Codec_1/auto_round2_tries1000_seed2/classes_f:/work/jqwik_out/Codec_1/auto_round2_tries1000_seed2/classes_b -Dpbt.mode=check -jar /workspace/lib/jqwik/junit-platform-console-standalone-1.9.3.jar --disable-banner --details tree --class-path /work/jqwik_out/Codec_1/auto_round2_tries1000_seed2/classes_b:/work/Codec_1b/target/classes:/work/Codec_1b/target/tests:/opt/defects4j/framework/projects/lib/junit-4.12-hamcrest-1.3.jar:/opt/defects4j/framework/projects/Codec/lib/junit/junit/4.12/junit-4.12.jar:/opt/defects4j/framework/projects/Codec/lib/org/apache/commons/commons-lang3/3.4/commons-lang3-3.4.jar:/opt/defects4j/framework/projects/Codec/lib/org/apache/commons/commons-lang3/3.8.1/commons-lang3-3.8.1.jar:/opt/defects4j/framework/projects/Codec/lib/org/hamcrest/hamcrest-core/1.3/hamcrest-core-1.3.jar:/work/jqwik_harness:/workspace/lib/jqwik/jqwik-1.7.4.jar:/workspace/lib/jqwik/jqwik-api-1.7.4.jar:/workspace/lib/jqwik/jqwik-engine-1.7.4.jar --scan-class-path /work/jqwik_out/Codec_1/auto_round2_tries1000_seed2/classes_b --include-classname .* --include-engine jqwik --config jqwik.database=/workspace/jqwik/Result_auto_Round2/Codec_1/tries1000_seed2/reports_buggy/jqwik-database --config jqwik.tries.default=1000 --reports-dir /workspace/jqwik/Result_auto_Round2/Codec_1/tries1000_seed2/reports_buggy
seed to reproduce generated values


timestamp = 2026-09-27T05:00:02.811908, Metaphone AutoPbtTest:m002 getMaxCodeLen = 
                              |-----------------------jqwik-----------------------
tries = 1                     | # of calls to property
checks = 1                    | # of not rejected calls
generation = EXHAUSTIVE       | parameters are exhaustively generated
after-failure = SAMPLE_FIRST  | try previously failed sample, then previous seed
when-fixed-seed = ALLOW       | fixing the random seed is allowed
edge-cases#mode = NONE        | edge cases are not explicitly generated
seed = 2                      | random seed to reproduce generated values


timestamp = 2026-09-27T05:00:02.980444, Metaphone AutoPbtTest:m004 metaphone = 
                              |-----------------------jqwik-----------------------
tries = 1000                  | # of calls to property
checks = 1000                 | # of not rejected calls
generation = RANDOMIZED       | parameters are randomly generated
after-failure = SAMPLE_FIRST  | try previously failed sample, then previous seed
when-fixed-seed = ALLOW       | fixing the random seed is allowed
edge-cases#mode = NONE        | edge cases are not explicitly generated
seed = 2                      | random seed to reproduce generated values


timestamp = 2026-09-27T05:00:03.090699, Metaphone AutoPbtTest:m005 setMaxCodeLen = 
                              |-----------------------jqwik-----------------------
tries = 1000                  | # of calls to property
checks = 1000                 | # of not rejected calls
generation = RANDOMIZED       | parameters are randomly generated
after-failure = SAMPLE_FIRST  | try previously failed sample, then previous seed
when-fixed-seed = ALLOW       | fixing the random seed is allowed
edge-cases#mode = NONE        | edge cases are not explicitly generated
seed = 2                      | random seed to reproduce generated values


timestamp = 2026-09-27T05:00:03.331676, Metaphone AutoPbtTest:m001 encode = 
                              |-----------------------jqwik-----------------------
tries = 1000                  | # of calls to property
checks = 1000                 | # of not rejected calls
generation = RANDOMIZED       | parameters are randomly generated
after-failure = SAMPLE_FIRST  | try previously failed sample, then previous seed
when-fixed-seed = ALLOW       | fixing the random seed is allowed
edge-cases#mode = NONE        | edge cases are not explicitly generated
seed = 2                      | random seed to reproduce generated values


[36m╷[0m
[36m└─[0m [36mjqwik (JUnit Platform)[0m [32m✔[0m
[36m   ├─[0m [36mSoundexUtils AutoPbtTest[0m [32m✔[0m
[36m   │  ├─[0m [34mm002 differenceEncoded[0m [32m✔[0m
[36m   │  ├─[0m [34mm000 clean[0m [32m✔[0m
[36m   │  └─[0m [34mm001 difference[0m [32m✔[0m
[36m   ├─[0m [36mCaverphone AutoPbtTest[0m [32m✔[0m
[36m   │  ├─[0m [34mm002 encode[0m [32m✔[0m
[36m   │  ├─[0m [34mm001 encode[0m [32m✔[0m
[36m   │  ├─[0m [34mm000 caverphone[0m [32m✔[0m
[36m   │  └─[0m [34mm003 isCaverphoneEqual[0m [32m✔[0m
[36m   └─[0m [36mMetaphone AutoPbtTest[0m [32m✔[0m
[36m      ├─[0m [34mm000 encode[0m [32m✔[0m
[36m      ├─[0m [34mm003 isMetaphoneEqual[0m [32m✔[0m
[36m      ├─[0m [34mm002 getMaxCodeLen[0m [32m✔[0m
[36m      ├─[0m [34mm004 metaphone[0m [32m✔[0m
[36m      ├─[0m [34mm005 setMaxCodeLen[0m [32m✔[0m
[36m      └─[0m [34mm001 encode[0m [32m✔[0m

Test run finished after 12871 ms
[         4 containers found      ]
[         0 containers skipped    ]
[         4 containers started    ]
[         0 containers aborted    ]
[         4 containers successful ]
[         0 containers failed     ]
[        13 tests found           ]
[         0 tests skipped         ]
[        13 tests started         ]
[         0 tests aborted         ]
[        13 tests successful      ]
[         0 tests failed          ]


[exit=0 timeout=False time=17.8s]
