
$ javac -nowarn -encoding UTF-8 -cp /work/Compress_29f/target/classes:/opt/defects4j/framework/projects/Compress/lib/junit/junit/4.12/junit-4.12.jar:/opt/defects4j/framework/projects/Compress/lib/org/hamcrest/hamcrest-core/1.3/hamcrest-core-1.3.jar:/opt/defects4j/framework/projects/Compress/lib/org/tukaani/xz/1.5/xz-1.5.jar:/work/Compress_29f/target/test-classes:/work/jqwik_harness:/workspace/lib/jqwik/jqwik-1.7.4.jar:/workspace/lib/jqwik/jqwik-api-1.7.4.jar:/workspace/lib/jqwik/jqwik-engine-1.7.4.jar -d /work/jqwik_out/Compress_29/auto_round2_tries1000_seed2/classes_f /workspace/jqwik/Auto/Compress_29/org/apache/commons/compress/archivers/ArchiveStreamFactory_AutoPbtTest.java /workspace/jqwik/Auto/Compress_29/org/apache/commons/compress/archivers/cpio/CpioArchiveInputStream_AutoPbtTest.java /workspace/jqwik/Auto/Compress_29/org/apache/commons/compress/archivers/cpio/CpioArchiveOutputStream_AutoPbtTest.java /workspace/jqwik/Auto/Compress_29/org/apache/commons/compress/archivers/dump/DumpArchiveInputStream_AutoPbtTest.java /workspace/jqwik/Auto/Compress_29/org/apache/commons/compress/archivers/tar/TarArchiveInputStream_AutoPbtTest.java /workspace/jqwik/Auto/Compress_29/org/apache/commons/compress/archivers/tar/TarArchiveOutputStream_AutoPbtTest.java /workspace/jqwik/Auto/Compress_29/org/apache/commons/compress/archivers/zip/ZipArchiveInputStream_AutoPbtTest.java

[exit=0 timeout=False time=2.2s]

$ javac -nowarn -encoding UTF-8 -cp /work/Compress_29b/target/classes:/opt/defects4j/framework/projects/Compress/lib/junit/junit/4.12/junit-4.12.jar:/opt/defects4j/framework/projects/Compress/lib/org/hamcrest/hamcrest-core/1.3/hamcrest-core-1.3.jar:/opt/defects4j/framework/projects/Compress/lib/org/tukaani/xz/1.5/xz-1.5.jar:/work/Compress_29b/target/test-classes:/work/jqwik_harness:/workspace/lib/jqwik/jqwik-1.7.4.jar:/workspace/lib/jqwik/jqwik-api-1.7.4.jar:/workspace/lib/jqwik/jqwik-engine-1.7.4.jar -d /work/jqwik_out/Compress_29/auto_round2_tries1000_seed2/classes_b /workspace/jqwik/Auto/Compress_29/org/apache/commons/compress/archivers/ArchiveStreamFactory_AutoPbtTest.java /workspace/jqwik/Auto/Compress_29/org/apache/commons/compress/archivers/cpio/CpioArchiveInputStream_AutoPbtTest.java /workspace/jqwik/Auto/Compress_29/org/apache/commons/compress/archivers/cpio/CpioArchiveOutputStream_AutoPbtTest.java /workspace/jqwik/Auto/Compress_29/org/apache/commons/compress/archivers/dump/DumpArchiveInputStream_AutoPbtTest.java /workspace/jqwik/Auto/Compress_29/org/apache/commons/compress/archivers/tar/TarArchiveInputStream_AutoPbtTest.java /workspace/jqwik/Auto/Compress_29/org/apache/commons/compress/archivers/tar/TarArchiveOutputStream_AutoPbtTest.java /workspace/jqwik/Auto/Compress_29/org/apache/commons/compress/archivers/zip/ZipArchiveInputStream_AutoPbtTest.java

[exit=0 timeout=False time=2.3s]

$ java -Djava.awt.headless=true -Xss4m -Xmx1g -Dpbt.seed=2 -Dpbt.tries=1000 -Dpbt.snapshot.dir=/work/jqwik_out/Compress_29/auto_round2_tries1000_seed2/snapshots -Dpbt.propertyBudgetMs=5000 -Dpbt.mask=/work/Compress_29f:/work/Compress_29b:/work/jqwik_out/Compress_29/auto_round2_tries1000_seed2/classes_f:/work/jqwik_out/Compress_29/auto_round2_tries1000_seed2/classes_b -Dpbt.mode=record -jar /workspace/lib/jqwik/junit-platform-console-standalone-1.9.3.jar --disable-banner --details tree --class-path /work/jqwik_out/Compress_29/auto_round2_tries1000_seed2/classes_f:/work/Compress_29f/target/classes:/opt/defects4j/framework/projects/Compress/lib/junit/junit/4.12/junit-4.12.jar:/opt/defects4j/framework/projects/Compress/lib/org/hamcrest/hamcrest-core/1.3/hamcrest-core-1.3.jar:/opt/defects4j/framework/projects/Compress/lib/org/tukaani/xz/1.5/xz-1.5.jar:/work/Compress_29f/target/test-classes:/work/jqwik_harness:/workspace/lib/jqwik/jqwik-1.7.4.jar:/workspace/lib/jqwik/jqwik-api-1.7.4.jar:/workspace/lib/jqwik/jqwik-engine-1.7.4.jar --scan-class-path /work/jqwik_out/Compress_29/auto_round2_tries1000_seed2/classes_f --include-classname .* --include-engine jqwik --config jqwik.database=/workspace/jqwik/Result_auto_Round2/Compress_29/tries1000_seed2/reports_record/jqwik-database --config jqwik.tries.default=1000 --reports-dir /workspace/jqwik/Result_auto_Round2/Compress_29/tries1000_seed2/reports_record
[34mm005 getNextEntry[0m [32m✔[0m
[36m   │  ├─[0m [34mm009 isEOFRecord[0m [32m✔[0m
[36m   │  ├─[0m [34mm010 mark[0m [32m✔[0m
[36m   │  ├─[0m [34mm018 setCurrentEntry[0m [32m✔[0m
[36m   │  ├─[0m [34mm014 read[0m [32m✔[0m
[36m   │  ├─[0m [34mm019 skip[0m [32m✔[0m
[36m   │  ├─[0m [34mm002 close[0m [32m✔[0m
[36m   │  ├─[0m [34mm017 setAtEOF[0m [32m✔[0m
[36m   │  ├─[0m [34mm007 getRecordSize[0m [32m✔[0m
[36m   │  ├─[0m [34mm011 markSupported[0m [32m✔[0m
[36m   │  ├─[0m [34mm004 getLongNameData[0m [32m✔[0m
[36m   │  └─[0m [34mm008 isAtEOF[0m [32m✔[0m
[36m   ├─[0m [36mTarArchiveOutputStream AutoPbtTest[0m [32m✔[0m
[36m   │  ├─[0m [34mm010 setLongFileMode[0m [32m✔[0m
[36m   │  ├─[0m [34mm008 setAddPaxHeadersForNonAsciiNames[0m [32m✔[0m
[36m   │  ├─[0m [34mm002 finish[0m [32m✔[0m
[36m   │  ├─[0m [34mm000 close[0m [32m✔[0m
[36m   │  ├─[0m [34mm001 closeArchiveEntry[0m [32m✔[0m
[36m   │  ├─[0m [34mm005 getCount[0m [32m✔[0m
[36m   │  ├─[0m [34mm006 getRecordSize[0m [32m✔[0m
[36m   │  ├─[0m [34mm009 setBigNumberMode[0m [32m✔[0m
[36m   │  ├─[0m [34mm007 putArchiveEntry[0m [32m✔[0m
[36m   │  ├─[0m [34mm004 getBytesWritten[0m [32m✔[0m
[36m   │  ├─[0m [34mm012 writePaxHeaders[0m [32m✔[0m
[36m   │  ├─[0m [34mm011 write[0m [32m✔[0m
[36m   │  └─[0m [34mm003 flush[0m [32m✔[0m
[36m   ├─[0m [36mArchiveStreamFactory AutoPbtTest[0m [32m✔[0m
[36m   │  ├─[0m [34mm004 setEntryEncoding[0m [32m✔[0m
[36m   │  ├─[0m [34mm000 createArchiveInputStream[0m [32m✔[0m
[36m   │  ├─[0m [34mm001 createArchiveInputStream[0m [32m✔[0m
[36m   │  ├─[0m [34mm003 getEntryEncoding[0m [32m✔[0m
[36m   │  └─[0m [34mm002 createArchiveOutputStream[0m [32m✔[0m
[36m   ├─[0m [36mDumpArchiveInputStream AutoPbtTest[0m [32m✔[0m
[36m   │  ├─[0m [34mm001 getBytesRead[0m [32m✔[0m
[36m   │  ├─[0m [34mm000 close[0m [32m✔[0m
[36m   │  ├─[0m [34mm007 read[0m [32m✔[0m
[36m   │  ├─[0m [34mm005 getSummary[0m [32m✔[0m
[36m   │  ├─[0m [34mm006 matches[0m [32m✔[0m
[36m   │  ├─[0m [34mm002 getCount[0m [32m✔[0m
[36m   │  ├─[0m [34mm004 getNextEntry[0m [32m✔[0m
[36m   │  └─[0m [34mm003 getNextDumpEntry[0m [32m✔[0m
[36m   ├─[0m [36mZipArchiveInputStream AutoPbtTest[0m [32m✔[0m
[36m   │  ├─[0m [34mm004 matches[0m [32m✔[0m
[36m   │  ├─[0m [34mm005 read[0m [32m✔[0m
[36m   │  ├─[0m [34mm006 skip[0m [32m✔[0m
[36m   │  ├─[0m [34mm003 getNextZipEntry[0m [32m✔[0m
[36m   │  ├─[0m [34mm001 close[0m [32m✔[0m
[36m   │  ├─[0m [34mm000 canReadEntryData[0m [32m✔[0m
[36m   │  └─[0m [34mm002 getNextEntry[0m [32m✔[0m
[36m   ├─[0m [36mCpioArchiveOutputStream AutoPbtTest[0m [32m✔[0m
[36m   │  ├─[0m [34mm002 finish[0m [32m✔[0m
[36m   │  ├─[0m [34mm004 write[0m [32m✔[0m
[36m   │  ├─[0m [34mm000 close[0m [32m✔[0m
[36m   │  ├─[0m [34mm001 closeArchiveEntry[0m [32m✔[0m
[36m   │  └─[0m [34mm003 putArchiveEntry[0m [32m✔[0m
[36m   └─[0m [36mCpioArchiveInputStream AutoPbtTest[0m [32m✔[0m
[36m      ├─[0m [34mm000 available[0m [32m✔[0m
[36m      ├─[0m [34mm004 matches[0m [32m✔[0m
[36m      ├─[0m [34mm005 read[0m [32m✔[0m
[36m      ├─[0m [34mm006 skip[0m [32m✔[0m
[36m      ├─[0m [34mm001 close[0m [32m✔[0m
[36m      ├─[0m [34mm003 getNextEntry[0m [32m✔[0m
[36m      └─[0m [34mm002 getNextCPIOEntry[0m [32m✔[0m

Test run finished after 43817 ms
[         8 containers found      ]
[         0 containers skipped    ]
[         8 containers started    ]
[         0 containers aborted    ]
[         8 containers successful ]
[         0 containers failed     ]
[        65 tests found           ]
[         0 tests skipped         ]
[        65 tests started         ]
[         0 tests aborted         ]
[        65 tests successful      ]
[         0 tests failed          ]


[exit=0 timeout=False time=45.4s]

$ java -Djava.awt.headless=true -Xss4m -Xmx1g -Dpbt.seed=2 -Dpbt.tries=1000 -Dpbt.snapshot.dir=/work/jqwik_out/Compress_29/auto_round2_tries1000_seed2/snapshots -Dpbt.propertyBudgetMs=5000 -Dpbt.mask=/work/Compress_29f:/work/Compress_29b:/work/jqwik_out/Compress_29/auto_round2_tries1000_seed2/classes_f:/work/jqwik_out/Compress_29/auto_round2_tries1000_seed2/classes_b -Dpbt.mode=check -javaagent:/opt/jacoco/lib/jacocoagent.jar=destfile=/workspace/jqwik/Result_auto_Round2/Compress_29/tries1000_seed2/jacoco.exec -jar /workspace/lib/jqwik/junit-platform-console-standalone-1.9.3.jar --disable-banner --details tree --class-path /work/jqwik_out/Compress_29/auto_round2_tries1000_seed2/classes_f:/work/Compress_29f/target/classes:/opt/defects4j/framework/projects/Compress/lib/junit/junit/4.12/junit-4.12.jar:/opt/defects4j/framework/projects/Compress/lib/org/hamcrest/hamcrest-core/1.3/hamcrest-core-1.3.jar:/opt/defects4j/framework/projects/Compress/lib/org/tukaani/xz/1.5/xz-1.5.jar:/work/Compress_29f/target/test-classes:/work/jqwik_harness:/workspace/lib/jqwik/jqwik-1.7.4.jar:/workspace/lib/jqwik/jqwik-api-1.7.4.jar:/workspace/lib/jqwik/jqwik-engine-1.7.4.jar --scan-class-path /work/jqwik_out/Compress_29/auto_round2_tries1000_seed2/classes_f --include-classname .* --include-engine jqwik --config jqwik.database=/workspace/jqwik/Result_auto_Round2/Compress_29/tries1000_seed2/reports_fixed/jqwik-database --config jqwik.tries.default=1000 --reports-dir /workspace/jqwik/Result_auto_Round2/Compress_29/tries1000_seed2/reports_fixed
[34mm005 getNextEntry[0m [32m✔[0m
[36m   │  ├─[0m [34mm009 isEOFRecord[0m [32m✔[0m
[36m   │  ├─[0m [34mm010 mark[0m [32m✔[0m
[36m   │  ├─[0m [34mm018 setCurrentEntry[0m [32m✔[0m
[36m   │  ├─[0m [34mm014 read[0m [32m✔[0m
[36m   │  ├─[0m [34mm019 skip[0m [32m✔[0m
[36m   │  ├─[0m [34mm002 close[0m [32m✔[0m
[36m   │  ├─[0m [34mm017 setAtEOF[0m [32m✔[0m
[36m   │  ├─[0m [34mm007 getRecordSize[0m [32m✔[0m
[36m   │  ├─[0m [34mm011 markSupported[0m [32m✔[0m
[36m   │  ├─[0m [34mm004 getLongNameData[0m [32m✔[0m
[36m   │  └─[0m [34mm008 isAtEOF[0m [32m✔[0m
[36m   ├─[0m [36mTarArchiveOutputStream AutoPbtTest[0m [32m✔[0m
[36m   │  ├─[0m [34mm010 setLongFileMode[0m [32m✔[0m
[36m   │  ├─[0m [34mm008 setAddPaxHeadersForNonAsciiNames[0m [32m✔[0m
[36m   │  ├─[0m [34mm002 finish[0m [32m✔[0m
[36m   │  ├─[0m [34mm000 close[0m [32m✔[0m
[36m   │  ├─[0m [34mm001 closeArchiveEntry[0m [32m✔[0m
[36m   │  ├─[0m [34mm005 getCount[0m [32m✔[0m
[36m   │  ├─[0m [34mm006 getRecordSize[0m [32m✔[0m
[36m   │  ├─[0m [34mm009 setBigNumberMode[0m [32m✔[0m
[36m   │  ├─[0m [34mm007 putArchiveEntry[0m [32m✔[0m
[36m   │  ├─[0m [34mm004 getBytesWritten[0m [32m✔[0m
[36m   │  ├─[0m [34mm012 writePaxHeaders[0m [32m✔[0m
[36m   │  ├─[0m [34mm011 write[0m [32m✔[0m
[36m   │  └─[0m [34mm003 flush[0m [32m✔[0m
[36m   ├─[0m [36mArchiveStreamFactory AutoPbtTest[0m [32m✔[0m
[36m   │  ├─[0m [34mm004 setEntryEncoding[0m [32m✔[0m
[36m   │  ├─[0m [34mm000 createArchiveInputStream[0m [32m✔[0m
[36m   │  ├─[0m [34mm001 createArchiveInputStream[0m [32m✔[0m
[36m   │  ├─[0m [34mm003 getEntryEncoding[0m [32m✔[0m
[36m   │  └─[0m [34mm002 createArchiveOutputStream[0m [32m✔[0m
[36m   ├─[0m [36mDumpArchiveInputStream AutoPbtTest[0m [32m✔[0m
[36m   │  ├─[0m [34mm001 getBytesRead[0m [32m✔[0m
[36m   │  ├─[0m [34mm000 close[0m [32m✔[0m
[36m   │  ├─[0m [34mm007 read[0m [32m✔[0m
[36m   │  ├─[0m [34mm005 getSummary[0m [32m✔[0m
[36m   │  ├─[0m [34mm006 matches[0m [32m✔[0m
[36m   │  ├─[0m [34mm002 getCount[0m [32m✔[0m
[36m   │  ├─[0m [34mm004 getNextEntry[0m [32m✔[0m
[36m   │  └─[0m [34mm003 getNextDumpEntry[0m [32m✔[0m
[36m   ├─[0m [36mZipArchiveInputStream AutoPbtTest[0m [32m✔[0m
[36m   │  ├─[0m [34mm004 matches[0m [32m✔[0m
[36m   │  ├─[0m [34mm005 read[0m [32m✔[0m
[36m   │  ├─[0m [34mm006 skip[0m [32m✔[0m
[36m   │  ├─[0m [34mm003 getNextZipEntry[0m [32m✔[0m
[36m   │  ├─[0m [34mm001 close[0m [32m✔[0m
[36m   │  ├─[0m [34mm000 canReadEntryData[0m [32m✔[0m
[36m   │  └─[0m [34mm002 getNextEntry[0m [32m✔[0m
[36m   ├─[0m [36mCpioArchiveOutputStream AutoPbtTest[0m [32m✔[0m
[36m   │  ├─[0m [34mm002 finish[0m [32m✔[0m
[36m   │  ├─[0m [34mm004 write[0m [32m✔[0m
[36m   │  ├─[0m [34mm000 close[0m [32m✔[0m
[36m   │  ├─[0m [34mm001 closeArchiveEntry[0m [32m✔[0m
[36m   │  └─[0m [34mm003 putArchiveEntry[0m [32m✔[0m
[36m   └─[0m [36mCpioArchiveInputStream AutoPbtTest[0m [32m✔[0m
[36m      ├─[0m [34mm000 available[0m [32m✔[0m
[36m      ├─[0m [34mm004 matches[0m [32m✔[0m
[36m      ├─[0m [34mm005 read[0m [32m✔[0m
[36m      ├─[0m [34mm006 skip[0m [32m✔[0m
[36m      ├─[0m [34mm001 close[0m [32m✔[0m
[36m      ├─[0m [34mm003 getNextEntry[0m [32m✔[0m
[36m      └─[0m [34mm002 getNextCPIOEntry[0m [32m✔[0m

Test run finished after 46191 ms
[         8 containers found      ]
[         0 containers skipped    ]
[         8 containers started    ]
[         0 containers aborted    ]
[         8 containers successful ]
[         0 containers failed     ]
[        65 tests found           ]
[         0 tests skipped         ]
[        65 tests started         ]
[         0 tests aborted         ]
[        65 tests successful      ]
[         0 tests failed          ]


[exit=0 timeout=False time=53.8s]

$ java -jar /opt/jacoco/lib/jacococli.jar report /workspace/jqwik/Result_auto_Round2/Compress_29/tries1000_seed2/jacoco.exec --classfiles /work/Compress_29f/target/classes --csv /workspace/jqwik/Result_auto_Round2/Compress_29/tries1000_seed2/jacoco.csv
[INFO] Loading execution data file /workspace/jqwik/Result_auto_Round2/Compress_29/tries1000_seed2/jacoco.exec.
[INFO] Analyzing 200 classes.

[exit=0 timeout=False time=0.5s]

$ java -Djava.awt.headless=true -Xss4m -Xmx1g -Dpbt.seed=2 -Dpbt.tries=1000 -Dpbt.snapshot.dir=/work/jqwik_out/Compress_29/auto_round2_tries1000_seed2/snapshots -Dpbt.propertyBudgetMs=5000 -Dpbt.mask=/work/Compress_29f:/work/Compress_29b:/work/jqwik_out/Compress_29/auto_round2_tries1000_seed2/classes_f:/work/jqwik_out/Compress_29/auto_round2_tries1000_seed2/classes_b -Dpbt.mode=check -jar /workspace/lib/jqwik/junit-platform-console-standalone-1.9.3.jar --disable-banner --details tree --class-path /work/jqwik_out/Compress_29/auto_round2_tries1000_seed2/classes_b:/work/Compress_29b/target/classes:/opt/defects4j/framework/projects/Compress/lib/junit/junit/4.12/junit-4.12.jar:/opt/defects4j/framework/projects/Compress/lib/org/hamcrest/hamcrest-core/1.3/hamcrest-core-1.3.jar:/opt/defects4j/framework/projects/Compress/lib/org/tukaani/xz/1.5/xz-1.5.jar:/work/Compress_29b/target/test-classes:/work/jqwik_harness:/workspace/lib/jqwik/jqwik-1.7.4.jar:/workspace/lib/jqwik/jqwik-api-1.7.4.jar:/workspace/lib/jqwik/jqwik-engine-1.7.4.jar --scan-class-path /work/jqwik_out/Compress_29/auto_round2_tries1000_seed2/classes_b --include-classname .* --include-engine jqwik --config jqwik.database=/workspace/jqwik/Result_auto_Round2/Compress_29/tries1000_seed2/reports_buggy/jqwik-database --config jqwik.tries.default=1000 --reports-dir /workspace/jqwik/Result_auto_Round2/Compress_29/tries1000_seed2/reports_buggy
[34mm005 getNextEntry[0m [32m✔[0m
[36m   │  ├─[0m [34mm009 isEOFRecord[0m [32m✔[0m
[36m   │  ├─[0m [34mm010 mark[0m [32m✔[0m
[36m   │  ├─[0m [34mm018 setCurrentEntry[0m [32m✔[0m
[36m   │  ├─[0m [34mm014 read[0m [32m✔[0m
[36m   │  ├─[0m [34mm019 skip[0m [32m✔[0m
[36m   │  ├─[0m [34mm002 close[0m [32m✔[0m
[36m   │  ├─[0m [34mm017 setAtEOF[0m [32m✔[0m
[36m   │  ├─[0m [34mm007 getRecordSize[0m [32m✔[0m
[36m   │  ├─[0m [34mm011 markSupported[0m [32m✔[0m
[36m   │  ├─[0m [34mm004 getLongNameData[0m [32m✔[0m
[36m   │  └─[0m [34mm008 isAtEOF[0m [32m✔[0m
[36m   ├─[0m [36mTarArchiveOutputStream AutoPbtTest[0m [32m✔[0m
[36m   │  ├─[0m [34mm010 setLongFileMode[0m [32m✔[0m
[36m   │  ├─[0m [34mm008 setAddPaxHeadersForNonAsciiNames[0m [32m✔[0m
[36m   │  ├─[0m [34mm002 finish[0m [32m✔[0m
[36m   │  ├─[0m [34mm000 close[0m [32m✔[0m
[36m   │  ├─[0m [34mm001 closeArchiveEntry[0m [32m✔[0m
[36m   │  ├─[0m [34mm005 getCount[0m [32m✔[0m
[36m   │  ├─[0m [34mm006 getRecordSize[0m [32m✔[0m
[36m   │  ├─[0m [34mm009 setBigNumberMode[0m [32m✔[0m
[36m   │  ├─[0m [34mm007 putArchiveEntry[0m [32m✔[0m
[36m   │  ├─[0m [34mm004 getBytesWritten[0m [32m✔[0m
[36m   │  ├─[0m [34mm012 writePaxHeaders[0m [32m✔[0m
[36m   │  ├─[0m [34mm011 write[0m [32m✔[0m
[36m   │  └─[0m [34mm003 flush[0m [32m✔[0m
[36m   ├─[0m [36mArchiveStreamFactory AutoPbtTest[0m [32m✔[0m
[36m   │  ├─[0m [34mm004 setEntryEncoding[0m [32m✔[0m
[36m   │  ├─[0m [34mm000 createArchiveInputStream[0m [32m✔[0m
[36m   │  ├─[0m [34mm001 createArchiveInputStream[0m [32m✔[0m
[36m   │  ├─[0m [34mm003 getEntryEncoding[0m [32m✔[0m
[36m   │  └─[0m [34mm002 createArchiveOutputStream[0m [32m✔[0m
[36m   ├─[0m [36mDumpArchiveInputStream AutoPbtTest[0m [32m✔[0m
[36m   │  ├─[0m [34mm001 getBytesRead[0m [32m✔[0m
[36m   │  ├─[0m [34mm000 close[0m [32m✔[0m
[36m   │  ├─[0m [34mm007 read[0m [32m✔[0m
[36m   │  ├─[0m [34mm005 getSummary[0m [32m✔[0m
[36m   │  ├─[0m [34mm006 matches[0m [32m✔[0m
[36m   │  ├─[0m [34mm002 getCount[0m [32m✔[0m
[36m   │  ├─[0m [34mm004 getNextEntry[0m [32m✔[0m
[36m   │  └─[0m [34mm003 getNextDumpEntry[0m [32m✔[0m
[36m   ├─[0m [36mZipArchiveInputStream AutoPbtTest[0m [32m✔[0m
[36m   │  ├─[0m [34mm004 matches[0m [32m✔[0m
[36m   │  ├─[0m [34mm005 read[0m [32m✔[0m
[36m   │  ├─[0m [34mm006 skip[0m [32m✔[0m
[36m   │  ├─[0m [34mm003 getNextZipEntry[0m [32m✔[0m
[36m   │  ├─[0m [34mm001 close[0m [32m✔[0m
[36m   │  ├─[0m [34mm000 canReadEntryData[0m [32m✔[0m
[36m   │  └─[0m [34mm002 getNextEntry[0m [32m✔[0m
[36m   ├─[0m [36mCpioArchiveOutputStream AutoPbtTest[0m [32m✔[0m
[36m   │  ├─[0m [34mm002 finish[0m [32m✔[0m
[36m   │  ├─[0m [34mm004 write[0m [32m✔[0m
[36m   │  ├─[0m [34mm000 close[0m [32m✔[0m
[36m   │  ├─[0m [34mm001 closeArchiveEntry[0m [32m✔[0m
[36m   │  └─[0m [34mm003 putArchiveEntry[0m [32m✔[0m
[36m   └─[0m [36mCpioArchiveInputStream AutoPbtTest[0m [32m✔[0m
[36m      ├─[0m [34mm000 available[0m [32m✔[0m
[36m      ├─[0m [34mm004 matches[0m [32m✔[0m
[36m      ├─[0m [34mm005 read[0m [32m✔[0m
[36m      ├─[0m [34mm006 skip[0m [32m✔[0m
[36m      ├─[0m [34mm001 close[0m [32m✔[0m
[36m      ├─[0m [34mm003 getNextEntry[0m [32m✔[0m
[36m      └─[0m [34mm002 getNextCPIOEntry[0m [32m✔[0m

Test run finished after 40960 ms
[         8 containers found      ]
[         0 containers skipped    ]
[         8 containers started    ]
[         0 containers aborted    ]
[         8 containers successful ]
[         0 containers failed     ]
[        65 tests found           ]
[         0 tests skipped         ]
[        65 tests started         ]
[         0 tests aborted         ]
[        65 tests successful      ]
[         0 tests failed          ]


[exit=0 timeout=False time=42.4s]
