
$ defects4j checkout -p Closure -v 168f -w /work/Closure_168f
Checking out b675d1da to /work/Closure_168f................................ OK
Init local repository...................................................... OK
Tag post-fix revision...................................................... OK
sed: can't read /work/Closure_168f/lib/rhino/src/mozilla/js/rhino/build.properties: No such file or directory
sed: can't read /work/Closure_168f/lib/rhino/src/mozilla/js/rhino/build.properties: No such file or directory
Run post-checkout hook..................................................... OK
Excluding broken/flaky tests............................................... OK
Excluding broken/flaky tests............................................... OK
Initialize fixed program version........................................... OK
Apply patch................................................................ OK
Initialize buggy program version........................................... OK
Diff b675d1da:d06ac163..................................................... OK
Apply patch................................................................ OK
Tag pre-fix revision....................................................... OK
Check out program version: Closure-168f.................................... OK

[exit=0 timeout=False time=3.6s]

$ defects4j compile -w /work/Closure_168f
Running ant (compile)...................................................... OK
Running ant (compile.tests)................................................ OK

[exit=0 timeout=False time=21.3s]

$ defects4j checkout -p Closure -v 168b -w /work/Closure_168b
Checking out b675d1da to /work/Closure_168b................................ OK
Init local repository...................................................... OK
Tag post-fix revision...................................................... OK
sed: can't read /work/Closure_168b/lib/rhino/src/mozilla/js/rhino/build.properties: No such file or directory
sed: can't read /work/Closure_168b/lib/rhino/src/mozilla/js/rhino/build.properties: No such file or directory
Run post-checkout hook..................................................... OK
Excluding broken/flaky tests............................................... OK
Excluding broken/flaky tests............................................... OK
Initialize fixed program version........................................... OK
Apply patch................................................................ OK
Initialize buggy program version........................................... OK
Diff b675d1da:d06ac163..................................................... OK
Apply patch................................................................ OK
Tag pre-fix revision....................................................... OK
Check out program version: Closure-168b.................................... OK

[exit=0 timeout=False time=4.4s]

$ defects4j compile -w /work/Closure_168b
Running ant (compile)...................................................... OK
Running ant (compile.tests)................................................ OK

[exit=0 timeout=False time=24.8s]

$ java -cp /work/jqwik_harness:/workspace/lib/jqwik/jqwik-1.7.4.jar:/workspace/lib/jqwik/jqwik-api-1.7.4.jar:/workspace/lib/jqwik/jqwik-engine-1.7.4.jar pbt.auto.Generate --targets com.google.javascript.jscomp.TypedScopeCreator --fixed-cp /work/Closure_168f/build/classes:/work/Closure_168f/lib/args4j.jar:/work/Closure_168f/lib/guava.jar:/work/Closure_168f/lib/json.jar:/work/Closure_168f/lib/jsr305.jar:/work/Closure_168f/lib/protobuf-java.jar:/work/Closure_168f/build/lib/rhino.jar:/work/Closure_168f/lib/ant.jar:/work/Closure_168f/lib/ant-launcher.jar:/work/Closure_168f/lib/caja-r4314.jar:/work/Closure_168f/lib/jarjar.jar:/work/Closure_168f/lib/junit.jar:/work/Closure_168f/build/test --buggy-cp /work/Closure_168b/build/classes:/work/Closure_168b/lib/args4j.jar:/work/Closure_168b/lib/guava.jar:/work/Closure_168b/lib/json.jar:/work/Closure_168b/lib/jsr305.jar:/work/Closure_168b/lib/protobuf-java.jar:/work/Closure_168b/build/lib/rhino.jar:/work/Closure_168b/lib/ant.jar:/work/Closure_168b/lib/ant-launcher.jar:/work/Closure_168b/lib/caja-r4314.jar:/work/Closure_168b/lib/jarjar.jar:/work/Closure_168b/lib/junit.jar:/work/Closure_168b/build/test --out /workspace/jqwik/Auto/Closure_168 --max-methods 150
generated test classes: 1 / 1

[exit=0 timeout=False time=0.4s]

$ javac -nowarn -encoding UTF-8 -cp /work/Closure_168f/build/classes:/work/Closure_168f/lib/args4j.jar:/work/Closure_168f/lib/guava.jar:/work/Closure_168f/lib/json.jar:/work/Closure_168f/lib/jsr305.jar:/work/Closure_168f/lib/protobuf-java.jar:/work/Closure_168f/build/lib/rhino.jar:/work/Closure_168f/lib/ant.jar:/work/Closure_168f/lib/ant-launcher.jar:/work/Closure_168f/lib/caja-r4314.jar:/work/Closure_168f/lib/jarjar.jar:/work/Closure_168f/lib/junit.jar:/work/Closure_168f/build/test:/work/jqwik_harness:/workspace/lib/jqwik/jqwik-1.7.4.jar:/workspace/lib/jqwik/jqwik-api-1.7.4.jar:/workspace/lib/jqwik/jqwik-engine-1.7.4.jar -d /work/jqwik_out/Closure_168/auto_round1_tries200_seed1/classes_f /workspace/jqwik/Auto/Closure_168/com/google/javascript/jscomp/TypedScopeCreator_AutoPbtTest.java

[exit=0 timeout=False time=1.2s]

$ javac -nowarn -encoding UTF-8 -cp /work/Closure_168b/build/classes:/work/Closure_168b/lib/args4j.jar:/work/Closure_168b/lib/guava.jar:/work/Closure_168b/lib/json.jar:/work/Closure_168b/lib/jsr305.jar:/work/Closure_168b/lib/protobuf-java.jar:/work/Closure_168b/build/lib/rhino.jar:/work/Closure_168b/lib/ant.jar:/work/Closure_168b/lib/ant-launcher.jar:/work/Closure_168b/lib/caja-r4314.jar:/work/Closure_168b/lib/jarjar.jar:/work/Closure_168b/lib/junit.jar:/work/Closure_168b/build/test:/work/jqwik_harness:/workspace/lib/jqwik/jqwik-1.7.4.jar:/workspace/lib/jqwik/jqwik-api-1.7.4.jar:/workspace/lib/jqwik/jqwik-engine-1.7.4.jar -d /work/jqwik_out/Closure_168/auto_round1_tries200_seed1/classes_b /workspace/jqwik/Auto/Closure_168/com/google/javascript/jscomp/TypedScopeCreator_AutoPbtTest.java

[exit=0 timeout=False time=1.3s]

$ java -Djava.awt.headless=true -Xss4m -Xmx1g -Dpbt.seed=1 -Dpbt.tries=200 -Dpbt.snapshot.dir=/work/jqwik_out/Closure_168/auto_round1_tries200_seed1/snapshots -Dpbt.propertyBudgetMs=5000 -Dpbt.mask=/work/Closure_168f:/work/Closure_168b:/work/jqwik_out/Closure_168/auto_round1_tries200_seed1/classes_f:/work/jqwik_out/Closure_168/auto_round1_tries200_seed1/classes_b -Dpbt.mode=record -jar /workspace/lib/jqwik/junit-platform-console-standalone-1.9.3.jar --disable-banner --details tree --class-path /work/jqwik_out/Closure_168/auto_round1_tries200_seed1/classes_f:/work/Closure_168f/build/classes:/work/Closure_168f/lib/args4j.jar:/work/Closure_168f/lib/guava.jar:/work/Closure_168f/lib/json.jar:/work/Closure_168f/lib/jsr305.jar:/work/Closure_168f/lib/protobuf-java.jar:/work/Closure_168f/build/lib/rhino.jar:/work/Closure_168f/lib/ant.jar:/work/Closure_168f/lib/ant-launcher.jar:/work/Closure_168f/lib/caja-r4314.jar:/work/Closure_168f/lib/jarjar.jar:/work/Closure_168f/lib/junit.jar:/work/Closure_168f/build/test:/work/jqwik_harness:/workspace/lib/jqwik/jqwik-1.7.4.jar:/workspace/lib/jqwik/jqwik-api-1.7.4.jar:/workspace/lib/jqwik/jqwik-engine-1.7.4.jar --scan-class-path /work/jqwik_out/Closure_168/auto_round1_tries200_seed1/classes_f --include-classname .* --include-engine jqwik --config jqwik.database=/workspace/jqwik/Result_auto_Round1/Closure_168/tries200_seed1/reports_record/jqwik-database --config jqwik.tries.default=200 --reports-dir /workspace/jqwik/Result_auto_Round1/Closure_168/tries200_seed1/reports_record
timestamp = 2026-09-30T22:37:15.282224, TypedScopeCreator AutoPbtTest:m001 createScope = 
                              |-----------------------jqwik-----------------------
tries = 200                   | # of calls to property
checks = 200                  | # of not rejected calls
generation = RANDOMIZED       | parameters are randomly generated
after-failure = SAMPLE_FIRST  | try previously failed sample, then previous seed
when-fixed-seed = ALLOW       | fixing the random seed is allowed
edge-cases#mode = NONE        | edge cases are not explicitly generated
seed = 1                      | random seed to reproduce generated values


timestamp = 2026-09-30T22:37:15.441254, TypedScopeCreator AutoPbtTest:m000 createInitialScope = 
                              |-----------------------jqwik-----------------------
tries = 200                   | # of calls to property
checks = 200                  | # of not rejected calls
generation = RANDOMIZED       | parameters are randomly generated
after-failure = SAMPLE_FIRST  | try previously failed sample, then previous seed
when-fixed-seed = ALLOW       | fixing the random seed is allowed
edge-cases#mode = NONE        | edge cases are not explicitly generated
seed = 1                      | random seed to reproduce generated values


timestamp = 2026-09-30T22:37:15.623573, TypedScopeCreator AutoPbtTest:m002 patchGlobalScope = 
                              |-----------------------jqwik-----------------------
tries = 200                   | # of calls to property
checks = 200                  | # of not rejected calls
generation = RANDOMIZED       | parameters are randomly generated
after-failure = SAMPLE_FIRST  | try previously failed sample, then previous seed
when-fixed-seed = ALLOW       | fixing the random seed is allowed
edge-cases#mode = NONE        | edge cases are not explicitly generated
seed = 1                      | random seed to reproduce generated values


[36m╷[0m
[36m└─[0m [36mjqwik (JUnit Platform)[0m [32m✔[0m
[36m   └─[0m [36mTypedScopeCreator AutoPbtTest[0m [32m✔[0m
[36m      ├─[0m [34mm001 createScope[0m [32m✔[0m
[36m      ├─[0m [34mm000 createInitialScope[0m [32m✔[0m
[36m      └─[0m [34mm002 patchGlobalScope[0m [32m✔[0m

Test run finished after 1624 ms
[         2 containers found      ]
[         0 containers skipped    ]
[         2 containers started    ]
[         0 containers aborted    ]
[         2 containers successful ]
[         0 containers failed     ]
[         3 tests found           ]
[         0 tests skipped         ]
[         3 tests started         ]
[         0 tests aborted         ]
[         3 tests successful      ]
[         0 tests failed          ]


[exit=0 timeout=False time=3.0s]

$ java -Djava.awt.headless=true -Xss4m -Xmx1g -Dpbt.seed=1 -Dpbt.tries=200 -Dpbt.snapshot.dir=/work/jqwik_out/Closure_168/auto_round1_tries200_seed1/snapshots -Dpbt.propertyBudgetMs=5000 -Dpbt.mask=/work/Closure_168f:/work/Closure_168b:/work/jqwik_out/Closure_168/auto_round1_tries200_seed1/classes_f:/work/jqwik_out/Closure_168/auto_round1_tries200_seed1/classes_b -Dpbt.mode=check -javaagent:/opt/jacoco/lib/jacocoagent.jar=destfile=/workspace/jqwik/Result_auto_Round1/Closure_168/tries200_seed1/jacoco.exec -jar /workspace/lib/jqwik/junit-platform-console-standalone-1.9.3.jar --disable-banner --details tree --class-path /work/jqwik_out/Closure_168/auto_round1_tries200_seed1/classes_f:/work/Closure_168f/build/classes:/work/Closure_168f/lib/args4j.jar:/work/Closure_168f/lib/guava.jar:/work/Closure_168f/lib/json.jar:/work/Closure_168f/lib/jsr305.jar:/work/Closure_168f/lib/protobuf-java.jar:/work/Closure_168f/build/lib/rhino.jar:/work/Closure_168f/lib/ant.jar:/work/Closure_168f/lib/ant-launcher.jar:/work/Closure_168f/lib/caja-r4314.jar:/work/Closure_168f/lib/jarjar.jar:/work/Closure_168f/lib/junit.jar:/work/Closure_168f/build/test:/work/jqwik_harness:/workspace/lib/jqwik/jqwik-1.7.4.jar:/workspace/lib/jqwik/jqwik-api-1.7.4.jar:/workspace/lib/jqwik/jqwik-engine-1.7.4.jar --scan-class-path /work/jqwik_out/Closure_168/auto_round1_tries200_seed1/classes_f --include-classname .* --include-engine jqwik --config jqwik.database=/workspace/jqwik/Result_auto_Round1/Closure_168/tries200_seed1/reports_fixed/jqwik-database --config jqwik.tries.default=200 --reports-dir /workspace/jqwik/Result_auto_Round1/Closure_168/tries200_seed1/reports_fixed
timestamp = 2026-09-30T22:37:18.849073, TypedScopeCreator AutoPbtTest:m001 createScope = 
                              |-----------------------jqwik-----------------------
tries = 200                   | # of calls to property
checks = 200                  | # of not rejected calls
generation = RANDOMIZED       | parameters are randomly generated
after-failure = SAMPLE_FIRST  | try previously failed sample, then previous seed
when-fixed-seed = ALLOW       | fixing the random seed is allowed
edge-cases#mode = NONE        | edge cases are not explicitly generated
seed = 1                      | random seed to reproduce generated values


timestamp = 2026-09-30T22:37:19.018521, TypedScopeCreator AutoPbtTest:m000 createInitialScope = 
                              |-----------------------jqwik-----------------------
tries = 200                   | # of calls to property
checks = 200                  | # of not rejected calls
generation = RANDOMIZED       | parameters are randomly generated
after-failure = SAMPLE_FIRST  | try previously failed sample, then previous seed
when-fixed-seed = ALLOW       | fixing the random seed is allowed
edge-cases#mode = NONE        | edge cases are not explicitly generated
seed = 1                      | random seed to reproduce generated values


timestamp = 2026-09-30T22:37:19.190805, TypedScopeCreator AutoPbtTest:m002 patchGlobalScope = 
                              |-----------------------jqwik-----------------------
tries = 200                   | # of calls to property
checks = 200                  | # of not rejected calls
generation = RANDOMIZED       | parameters are randomly generated
after-failure = SAMPLE_FIRST  | try previously failed sample, then previous seed
when-fixed-seed = ALLOW       | fixing the random seed is allowed
edge-cases#mode = NONE        | edge cases are not explicitly generated
seed = 1                      | random seed to reproduce generated values


[36m╷[0m
[36m└─[0m [36mjqwik (JUnit Platform)[0m [32m✔[0m
[36m   └─[0m [36mTypedScopeCreator AutoPbtTest[0m [32m✔[0m
[36m      ├─[0m [34mm001 createScope[0m [32m✔[0m
[36m      ├─[0m [34mm000 createInitialScope[0m [32m✔[0m
[36m      └─[0m [34mm002 patchGlobalScope[0m [32m✔[0m

Test run finished after 1832 ms
[         2 containers found      ]
[         0 containers skipped    ]
[         2 containers started    ]
[         0 containers aborted    ]
[         2 containers successful ]
[         0 containers failed     ]
[         3 tests found           ]
[         0 tests skipped         ]
[         3 tests started         ]
[         0 tests aborted         ]
[         3 tests successful      ]
[         0 tests failed          ]


[exit=0 timeout=False time=9.3s]

$ java -jar /opt/jacoco/lib/jacococli.jar report /workspace/jqwik/Result_auto_Round1/Closure_168/tries200_seed1/jacoco.exec --classfiles /work/Closure_168f/build/classes --csv /workspace/jqwik/Result_auto_Round1/Closure_168/tries200_seed1/jacoco.csv
[INFO] Loading execution data file /workspace/jqwik/Result_auto_Round1/Closure_168/tries200_seed1/jacoco.exec.
[INFO] Analyzing 1165 classes.

[exit=0 timeout=False time=0.9s]

$ java -Djava.awt.headless=true -Xss4m -Xmx1g -Dpbt.seed=1 -Dpbt.tries=200 -Dpbt.snapshot.dir=/work/jqwik_out/Closure_168/auto_round1_tries200_seed1/snapshots -Dpbt.propertyBudgetMs=5000 -Dpbt.mask=/work/Closure_168f:/work/Closure_168b:/work/jqwik_out/Closure_168/auto_round1_tries200_seed1/classes_f:/work/jqwik_out/Closure_168/auto_round1_tries200_seed1/classes_b -Dpbt.mode=check -jar /workspace/lib/jqwik/junit-platform-console-standalone-1.9.3.jar --disable-banner --details tree --class-path /work/jqwik_out/Closure_168/auto_round1_tries200_seed1/classes_b:/work/Closure_168b/build/classes:/work/Closure_168b/lib/args4j.jar:/work/Closure_168b/lib/guava.jar:/work/Closure_168b/lib/json.jar:/work/Closure_168b/lib/jsr305.jar:/work/Closure_168b/lib/protobuf-java.jar:/work/Closure_168b/build/lib/rhino.jar:/work/Closure_168b/lib/ant.jar:/work/Closure_168b/lib/ant-launcher.jar:/work/Closure_168b/lib/caja-r4314.jar:/work/Closure_168b/lib/jarjar.jar:/work/Closure_168b/lib/junit.jar:/work/Closure_168b/build/test:/work/jqwik_harness:/workspace/lib/jqwik/jqwik-1.7.4.jar:/workspace/lib/jqwik/jqwik-api-1.7.4.jar:/workspace/lib/jqwik/jqwik-engine-1.7.4.jar --scan-class-path /work/jqwik_out/Closure_168/auto_round1_tries200_seed1/classes_b --include-classname .* --include-engine jqwik --config jqwik.database=/workspace/jqwik/Result_auto_Round1/Closure_168/tries200_seed1/reports_buggy/jqwik-database --config jqwik.tries.default=200 --reports-dir /workspace/jqwik/Result_auto_Round1/Closure_168/tries200_seed1/reports_buggy
timestamp = 2026-09-30T22:37:29.390292, TypedScopeCreator AutoPbtTest:m001 createScope = 
                              |-----------------------jqwik-----------------------
tries = 200                   | # of calls to property
checks = 200                  | # of not rejected calls
generation = RANDOMIZED       | parameters are randomly generated
after-failure = SAMPLE_FIRST  | try previously failed sample, then previous seed
when-fixed-seed = ALLOW       | fixing the random seed is allowed
edge-cases#mode = NONE        | edge cases are not explicitly generated
seed = 1                      | random seed to reproduce generated values


timestamp = 2026-09-30T22:37:29.564041, TypedScopeCreator AutoPbtTest:m000 createInitialScope = 
                              |-----------------------jqwik-----------------------
tries = 200                   | # of calls to property
checks = 200                  | # of not rejected calls
generation = RANDOMIZED       | parameters are randomly generated
after-failure = SAMPLE_FIRST  | try previously failed sample, then previous seed
when-fixed-seed = ALLOW       | fixing the random seed is allowed
edge-cases#mode = NONE        | edge cases are not explicitly generated
seed = 1                      | random seed to reproduce generated values


timestamp = 2026-09-30T22:37:29.757573, TypedScopeCreator AutoPbtTest:m002 patchGlobalScope = 
                              |-----------------------jqwik-----------------------
tries = 200                   | # of calls to property
checks = 200                  | # of not rejected calls
generation = RANDOMIZED       | parameters are randomly generated
after-failure = SAMPLE_FIRST  | try previously failed sample, then previous seed
when-fixed-seed = ALLOW       | fixing the random seed is allowed
edge-cases#mode = NONE        | edge cases are not explicitly generated
seed = 1                      | random seed to reproduce generated values


[36m╷[0m
[36m└─[0m [36mjqwik (JUnit Platform)[0m [32m✔[0m
[36m   └─[0m [36mTypedScopeCreator AutoPbtTest[0m [32m✔[0m
[36m      ├─[0m [34mm001 createScope[0m [32m✔[0m
[36m      ├─[0m [34mm000 createInitialScope[0m [32m✔[0m
[36m      └─[0m [34mm002 patchGlobalScope[0m [32m✔[0m

Test run finished after 1581 ms
[         2 containers found      ]
[         0 containers skipped    ]
[         2 containers started    ]
[         0 containers aborted    ]
[         2 containers successful ]
[         0 containers failed     ]
[         3 tests found           ]
[         0 tests skipped         ]
[         3 tests started         ]
[         0 tests aborted         ]
[         3 tests successful      ]
[         0 tests failed          ]


[exit=0 timeout=False time=2.8s]
