
$ defects4j compile -w /work/Closure_92f
Running ant (compile)...................................................... OK
Running ant (compile.tests)................................................ OK

[exit=0 timeout=False time=0.8s]

$ defects4j compile -w /work/Closure_92b
Running ant (compile)...................................................... OK
Running ant (compile.tests)................................................ OK

[exit=0 timeout=False time=0.8s]

$ java -Djava.awt.headless=true -cp /opt/defects4j/framework/projects/lib/junit-4.12-hamcrest-1.3.jar:/opt/evosuite/evosuite-1.2.0.jar:/work/Closure_92f/build/classes:/work/Closure_92f/lib/ant_deploy.jar:/work/Closure_92f/lib/args4j_deploy.jar:/work/Closure_92f/lib/guava-r06.jar:/work/Closure_92f/lib/hamcrest-core-1.1.jar:/work/Closure_92f/lib/json.jar:/work/Closure_92f/lib/jsr305.jar:/work/Closure_92f/lib/libtrunk_rhino_parser_jarjared.jar:/work/Closure_92f/lib/protobuf-java-2.3.0.jar:/work/Closure_92f/build/test org.evosuite.EvoSuite -generateSuite -class com.google.javascript.jscomp.ProcessClosurePrimitives -projectCP /opt/defects4j/framework/projects/lib/junit-4.12-hamcrest-1.3.jar:/work/Closure_92f/build/classes:/work/Closure_92f/lib/ant_deploy.jar:/work/Closure_92f/lib/args4j_deploy.jar:/work/Closure_92f/lib/guava-r06.jar:/work/Closure_92f/lib/hamcrest-core-1.1.jar:/work/Closure_92f/lib/json.jar:/work/Closure_92f/lib/jsr305.jar:/work/Closure_92f/lib/libtrunk_rhino_parser_jarjared.jar:/work/Closure_92f/lib/protobuf-java-2.3.0.jar:/work/Closure_92f/build/test -Dcriterion=LINE:BRANCH:EXCEPTION -Dsearch_budget=120 -seed 1 -Dtest_dir=/work/evo_out/Closure_92f/budget120_seed1/tests -Dreport_dir=/work/evo_out/Closure_92f/budget120_seed1/report
* EvoSuite 1.2.0
* Going to generate test cases for class: com.google.javascript.jscomp.ProcessClosurePrimitives
* Starting Client-0
* Connecting to master process on port 9922
* Analyzing classpath: 
  - /opt/defects4j/framework/projects/lib/junit-4.12-hamcrest-1.3.jar
  - /work/Closure_92f/build/classes
  - /work/Closure_92f/lib/ant_deploy.jar
  - /work/Closure_92f/lib/args4j_deploy.jar
  - /work/Closure_92f/lib/guava-r06.jar
  - /work/Closure_92f/lib/hamcrest-core-1.1.jar
  - /work/Closure_92f/lib/json.jar
  - /work/Closure_92f/lib/jsr305.jar
  - /work/Closure_92f/lib/libtrunk_rhino_parser_jarjared.jar
  - /work/Closure_92f/lib/protobuf-java-2.3.0.jar
  - /work/Closure_92f/build/test
[MASTER] 06:28:52.722 [logback-1] WARN  InheritanceTree - Class not in inheritance graph: java.util.Locale$IsoCountryCode
[MASTER] 06:28:52.738 [logback-1] WARN  InheritanceTree - Class not in inheritance graph: java.io.ObjectInputFilter
[MASTER] 06:28:52.951 [logback-1] WARN  InheritanceTree - Class not in inheritance graph: java.lang.module.ModuleFinder
* Finished analyzing classpath
* Generating tests for class com.google.javascript.jscomp.ProcessClosurePrimitives
* Test criteria:
  - Line Coverage
  - Branch Coverage
  - Exception
* Setting up search algorithm for whole suite generation
* Total number of test goals: 
  - Line 394
  - Branch 282
  - Exception 0

[Progress:>                             0%] [Cov:>                                  0%]* Using seed 1
* Starting evolution

[Progress:>                             0%] [Cov:>                                  2%]
[Progress:>                             0%] [Cov:=>                                 3%]
[Progress:>                             0%] [Cov:============>                      36%]
[Progress:>                             0%] [Cov:=============>                     38%][MASTER] 06:28:55.463 [logback-1] WARN  MSecurityManager - SUT asked for a runtime permission that EvoSuite does not recognize: getStackWalkerWithClassReference

[Progress:>                             1%] [Cov:>                                  2%]
[Progress:>                             1%] [Cov:=>                                 3%]
[Progress:>                             1%] [Cov:============>                      36%]
[Progress:>                             1%] [Cov:============>                      37%]
[Progress:>                             1%] [Cov:=============>                     38%]
[Progress:>                             1%] [Cov:=============>                     38%]
[Progress:>                             2%] [Cov:=============>                     38%]
[Progress:=>                            6%] [Cov:===========>                       34%]
[Progress:=>                            6%] [Cov:=============>                     38%]
[Progress:=>                            6%] [Cov:=============>                     39%]
[Progress:=>                            6%] [Cov:=============>                     39%]
[Progress:=>                            6%] [Cov:=============>                     39%]
[Progress:==>                           7%] [Cov:=============>                     39%]
[Progress:==>                           7%] [Cov:=============>                     39%]
[Progress:==>                           7%] [Cov:=============>                     39%]
[Progress:==>                           7%] [Cov:=============>                     39%]
[Progress:==>                           7%] [Cov:=============>                     39%]
[Progress:==>                           7%] [Cov:=============>                     39%]
[Progress:==>                           8%] [Cov:=============>                     39%]
[Progress:==>                           8%] [Cov:=============>                     39%]
[Progress:==>                           8%] [Cov:=============>                     39%]
[Progress:==>                           8%] [Cov:=============>                     39%]
[Progress:==>                           8%] [Cov:=============>                     39%]
[Progress:==>                           8%] [Cov:=============>                     39%]
[Progress:==>                           9%] [Cov:=============>                     39%]
[Progress:==>                           9%] [Cov:=============>                     39%]
[Progress:==>                           9%] [Cov:=============>                     39%]
[Progress:==>                           9%] [Cov:=============>                     39%]
[Progress:==>                           9%] [Cov:=============>                     39%]
[Progress:===>                          10%] [Cov:=============>                     39%]
[Progress:===>                          10%] [Cov:=============>                     39%]
[Progress:===>                          10%] [Cov:=============>                     39%]
[Progress:===>                          10%] [Cov:=============>                     39%]
[Progress:===>                          10%] [Cov:=============>                     39%]
[Progress:===>                          10%] [Cov:=============>                     39%]
[Progress:===>                          10%] [Cov:=============>                     39%]
[Progress:===>                          10%] [Cov:==============>                    40%]
[Progress:===>                          10%] [Cov:==============>                    41%]
[Progress:===>                          10%] [Cov:==============>                    41%]
[Progress:===>                          11%] [Cov:==============>                    41%]
[Progress:===>                          11%] [Cov:==============>                    41%]
[Progress:===>                          11%] [Cov:==============>                    41%]
[Progress:===>                          11%] [Cov:==============>                    41%]
[Progress:===>                          12%] [Cov:==============>                    41%]
[Progress:===>                          12%] [Cov:==============>                    41%]
[Progress:===>                          12%] [Cov:==============>                    41%]
[Progress:===>                          12%] [Cov:==============>                    41%]
[Progress:===>                          13%] [Cov:==============>                    41%]
[Progress:===>                          13%] [Cov:==============>                    41%]
[Progress:===>                          13%] [Cov:==============>                    41%]
[Progress:===>                          13%] [Cov:==============>                    41%]
[Progress:====>                         14%] [Cov:==============>                    41%]
[Progress:====>                         14%] [Cov:==============>                    41%]
[Progress:====>                         14%] [Cov:==============>                    41%]
[Progress:====>                         15%] [Cov:==============>                    41%]
[Progress:====>                         15%] [Cov:==============>                    41%]
[Progress:====>                         15%] [Cov:==============>                    41%]
[Progress:====>                         15%] [Cov:==============>                    41%]
[Progress:====>                         15%] [Cov:==============>                    41%]
[Progress:====>                         15%] [Cov:==============>                    41%]
[Progress:====>                         16%] [Cov:==============>                    41%]
[Progress:====>                         16%] [Cov:==============>                    41%]
[Progress:====>                         16%] [Cov:==============>                    41%]
[Progress:====>                         16%] [Cov:==============>                    41%]
[Progress:=====>                        17%] [Cov:==============>                    41%]
[Progress:=====>                        17%] [Cov:==============>                    41%]
[Progress:=====>                        17%] [Cov:==============>                    41%]
[Progress:=====>                        17%] [Cov:==============>                    41%]
[Progress:=====>                        18%] [Cov:==============>                    41%]
[Progress:=====>                        18%] [Cov:==============>                    41%]
[Progress:=====>                        18%] [Cov:==============>                    41%]
[Progress:=====>                        18%] [Cov:==============>                    41%]
[Progress:=====>                        19%] [Cov:==============>                    41%]
[Progress:=====>                        19%] [Cov:==============>                    41%]
[Progress:=====>                        19%] [Cov:==============>                    41%]
[Progress:=====>                        19%] [Cov:==============>                    42%]
[Progress:======>                       20%] [Cov:==============>                    42%]
[Progress:======>                       20%] [Cov:==============>                    42%]
[Progress:======>                       20%] [Cov:==============>                    42%]
[Progress:======>                       20%] [Cov:==============>                    42%]
[Progress:======>                       20%] [Cov:==============>                    42%]
[Progress:======>                       20%] [Cov:==============>                    42%]
[Progress:======>                       21%] [Cov:==============>                    42%]
[Progress:======>                       21%] [Cov:==============>                    42%]
[Progress:======>                       21%] [Cov:==============>                    42%]
[Progress:======>                       21%] [Cov:==============>                    42%]
[Progress:======>                       22%] [Cov:==============>                    42%]
[Progress:======>                       22%] [Cov:==============>                    42%]
[Progress:======>                       22%] [Cov:==============>                    42%]
[Progress:======>                       23%] [Cov:==============>                    42%]
[Progress:======>                       23%] [Cov:==============>                    42%]
[Progress:======>                       23%] [Cov:==============>                    42%]
[Progress:======>                       23%] [Cov:==============>                    42%]
[Progress:=======>                      24%] [Cov:==============>                    42%]
[Progress:=======>                      24%] [Cov:==============>                    42%]
[Progress:=======>                      24%] [Cov:==============>                    42%]
[Progress:=======>                      24%] [Cov:==============>                    42%]
[Progress:=======>                      25%] [Cov:==============>                    42%]
[Progress:=======>                      25%] [Cov:==============>                    42%]
[Progress:=======>                      25%] [Cov:==============>                    42%]
[Progress:=======>                      25%] [Cov:==============>                    42%]
[Progress:=======>                      25%] [Cov:==============>                    42%]
[Progress:=======>                      25%] [Cov:==============>                    42%]
[Progress:=======>                      25%] [Cov:==============>                    42%]
[Progress:=======>                      26%] [Cov:==============>                    42%]
[Progress:=======>                      26%] [Cov:==============>                    42%]
[Progress:=======>                      26%] [Cov:==============>                    42%]
[Progress:=======>                      26%] [Cov:==============>                    42%]
[Progress:=======>                      26%] [Cov:==============>                    42%]
[Progress:========>                     27%] [Cov:==============>                    42%]
[Progress:========>                     27%] [Cov:==============>                    42%]
[Progress:========>                     27%] [Cov:==============>                    42%]
[Progress:========>                     28%] [Cov:==============>                    42%]
[Progress:========>                     28%] [Cov:==============>                    42%]
[Progress:========>                     28%] [Cov:==============>                    42%]
[Progress:========>                     28%] [Cov:==============>                    42%]
[Progress:========>                     28%] [Cov:==============>                    42%]
[Progress:========>                     29%] [Cov:==============>                    42%]
[Progress:========>                     29%] [Cov:==============>                    42%]
[Progress:========>                     29%] [Cov:==============>                    42%]
[Progress:=========>                    30%] [Cov:==============>                    42%]
[Progress:=========>                    30%] [Cov:==============>                    42%]
[Progress:=========>                    30%] [Cov:==============>                    42%]
[Progress:=========>                    30%] [Cov:==============>                    42%]
[Progress:=========>                    30%] [Cov:==============>                    42%]
[Progress:=========>                    30%] [Cov:==============>                    42%]
[Progress:=========>                    31%] [Cov:==============>                    42%]
[Progress:=========>                    31%] [Cov:==============>                    42%]
[Progress:=========>                    31%] [Cov:==============>                    42%]
[Progress:=========>                    31%] [Cov:==============>                    42%]
[Progress:=========>                    32%] [Cov:==============>                    42%]
[Progress:=========>                    32%] [Cov:==============>                    42%]
[Progress:=========>                    32%] [Cov:==============>                    42%]
[Progress:=========>                    32%] [Cov:==============>                    42%]
[Progress:=========>                    33%] [Cov:==============>                    42%]
[Progress:=========>                    33%] [Cov:==============>                    42%]
[Progress:=========>                    33%] [Cov:==============>                    42%]
[Progress:=========>                    33%] [Cov:==============>                    42%]
[Progress:==========>                   34%] [Cov:==============>                    42%]
[Progress:==========>                   34%] [Cov:==============>                    42%]
[Progress:==========>                   34%] [Cov:==============>                    42%]
[Progress:==========>                   34%] [Cov:==============>                    42%]
[Progress:==========>                   35%] [Cov:==============>                    42%]
[Progress:==========>                   35%] [Cov:==============>                    42%]
[Progress:==========>                   35%] [Cov:==============>                    42%]
[Progress:==========>                   35%] [Cov:==============>                    42%]
[Progress:==========>                   35%] [Cov:==============>                    42%]
[Progress:==========>                   35%] [Cov:==============>                    42%]
[Progress:==========>                   35%] [Cov:==============>                    42%]
[Progress:==========>                   35%] [Cov:==============>                    42%]
[Progress:==========>                   36%] [Cov:==============>                    42%]
[Progress:==========>                   36%] [Cov:==============>                    42%]
[Progress:==========>                   36%] [Cov:==============>                    42%]
[Progress:==========>                   36%] [Cov:==============>                    42%]
[Progress:===========>                  37%] [Cov:==============>                    42%]
[Progress:===========>                  37%] [Cov:==============>                    42%]
[Progress:===========>                  37%] [Cov:==============>                    42%]
[Progress:===========>                  38%] [Cov:==============>                    42%]
[Progress:===========>                  38%] [Cov:==============>                    42%]
[Progress:===========>                  38%] [Cov:==============>                    42%]
[Progress:===========>                  39%] [Cov:==============>                    42%]
[Progress:===========>                  39%] [Cov:==============>                    42%]
[Progress:===========>                  39%] [Cov:==============>                    42%]
[Progress:============>                 40%] [Cov:==============>                    42%]
[Progress:============>                 40%] [Cov:==============>                    42%]
[Progress:============>                 40%] [Cov:==============>                    42%]
[Progress:============>                 40%] [Cov:==============>                    42%]
[Progress:============>                 40%] [Cov:==============>                    42%]
[Progress:============>                 40%] [Cov:==============>                    42%]
[Progress:============>                 41%] [Cov:==============>                    42%]
[Progress:============>                 41%] [Cov:==============>                    42%]
[Progress:============>                 41%] [Cov:==============>                    42%]
[Progress:============>                 41%] [Cov:==============>                    42%]
[Progress:============>                 42%] [Cov:==============>                    42%]
[Progress:============>                 42%] [Cov:==============>                    42%]
[Progress:============>                 42%] [Cov:==============>                    42%]
[Progress:============>                 42%] [Cov:==============>                    42%]
[Progress:============>                 43%] [Cov:==============>                    42%]
[Progress:============>                 43%] [Cov:==============>                    42%]
[Progress:============>                 43%] [Cov:==============>                    42%]
[Progress:============>                 43%] [Cov:==============>                    42%]
[Progress:=============>                44%] [Cov:==============>                    42%]
[Progress:=============>                44%] [Cov:==============>                    42%]
[Progress:=============>                44%] [Cov:==============>                    42%]
[Progress:=============>                44%] [Cov:==============>                    42%]
[Progress:=============>                45%] [Cov:==============>                    42%]
[Progress:=============>                45%] [Cov:==============>                    42%]
[Progress:=============>                45%] [Cov:==============>                    42%]
[Progress:=============>                45%] [Cov:==============>                    42%]
[Progress:=============>                45%] [Cov:==============>                    42%]
[Progress:=============>                46%] [Cov:==============>                    42%]
[Progress:=============>                46%] [Cov:==============>                    42%]
[Progress:=============>                46%] [Cov:==============>                    42%]
[Progress:===============>              50%] [Cov:==============>                    42%]
[Progress:===============>              50%] [Cov:==============>                    42%]
[Progress:===============>              51%] [Cov:==============>                    42%]
[Progress:===============>              51%] [Cov:==============>                    42%]
[Progress:===============>              51%] [Cov:===============>                   43%]
[Progress:===============>              51%] [Cov:===============>                   43%]
[Progress:===============>              52%] [Cov:===============>                   43%]
[Progress:===============>              52%] [Cov:===============>                   43%]
[Progress:===============>              52%] [Cov:===============>                   43%]
[Progress:===============>              52%] [Cov:===============>                   43%]
[Progress:===============>              53%] [Cov:===============>                   43%]
[Progress:===============>              53%] [Cov:===============>                   43%]
[Progress:===============>              53%] [Cov:===============>                   43%]
[Progress:===============>              53%] [Cov:===============>                   43%]
[Progress:================>             54%] [Cov:===============>                   43%]
[Progress:================>             54%] [Cov:===============>                   43%]
[Progress:================>             54%] [Cov:===============>                   43%]
[Progress:================>             54%] [Cov:===============>                   43%]
[Progress:================>             55%] [Cov:===============>                   43%]
[Progress:================>             55%] [Cov:===============>                   43%]
[Progress:================>             55%] [Cov:===============>                   43%]
[Progress:================>             55%] [Cov:===============>                   43%]
[Progress:================>             55%] [Cov:===============>                   43%]
[Progress:================>             55%] [Cov:===============>                   43%]
[Progress:================>             56%] [Cov:===============>                   43%]
[Progress:================>             56%] [Cov:===============>                   43%]
[Progress:================>             56%] [Cov:===============>                   43%]
[Progress:=================>            57%] [Cov:===============>                   43%]
[Progress:=================>            57%] [Cov:===============>                   43%]
[Progress:=================>            57%] [Cov:===============>                   43%]
[Progress:=================>            57%] [Cov:===============>                   43%]
[Progress:=================>            58%] [Cov:===============>                   43%]
[Progress:=================>            58%] [Cov:===============>                   43%]
[Progress:=================>            58%] [Cov:===============>                   43%]
[Progress:=================>            58%] [Cov:===============>                   43%]
[Progress:=================>            59%] [Cov:===============>                   43%]
[Progress:=================>            59%] [Cov:===============>                   43%]
[Progress:=================>            59%] [Cov:===============>                   43%]
[Progress:=================>            59%] [Cov:===============>                   43%]
[Progress:==================>           60%] [Cov:===============>                   43%]
[Progress:==================>           60%] [Cov:===============>                   43%]
[Progress:==================>           60%] [Cov:===============>                   43%]
[Progress:==================>           60%] [Cov:===============>                   43%]
[Progress:==================>           60%] [Cov:===============>                   43%]
[Progress:==================>           60%] [Cov:===============>                   43%]
[Progress:==================>           60%] [Cov:===============>                   43%]
[Progress:==================>           61%] [Cov:===============>                   43%]
[Progress:==================>           61%] [Cov:===============>                   43%]
[Progress:==================>           61%] [Cov:===============>                   43%]
[Progress:==================>           61%] [Cov:===============>                   43%]
[Progress:==================>           62%] [Cov:===============>                   43%]
[Progress:==================>           62%] [Cov:===============>                   43%]
[Progress:==================>           62%] [Cov:===============>                   43%]
[Progress:==================>           62%] [Cov:===============>                   43%]
[Progress:==================>           63%] [Cov:===============>                   43%]
[Progress:==================>           63%] [Cov:===============>                   44%]
[Progress:==================>           63%] [Cov:===============>                   44%]
[Progress:==================>           63%] [Cov:===============>                   44%]
[Progress:===================>          64%] [Cov:===============>                   44%]
[Progress:===================>          64%] [Cov:===============>                   44%]
[Progress:===================>          64%] [Cov:===============>                   44%]
[Progress:===================>          64%] [Cov:===============>                   44%]
[Progress:===================>          65%] [Cov:===============>                   44%]
[Progress:===================>          65%] [Cov:===============>                   44%]
[Progress:===================>          65%] [Cov:===============>                   44%]
[Progress:===================>          65%] [Cov:===============>                   44%]
[Progress:===================>          65%] [Cov:===============>                   44%]
[Progress:===================>          65%] [Cov:===============>                   44%]
[Progress:===================>          66%] [Cov:===============>                   44%]
[Progress:===================>          66%] [Cov:===============>                   44%]
[Progress:===================>          66%] [Cov:===============>                   44%]
[Progress:===================>          66%] [Cov:===============>                   44%]
[Progress:====================>         67%] [Cov:===============>                   44%]
[Progress:====================>         67%] [Cov:===============>                   44%]
[Progress:====================>         67%] [Cov:===============>                   44%]
[Progress:====================>         67%] [Cov:===============>                   44%]
[Progress:====================>         68%] [Cov:===============>                   44%]
[Progress:====================>         68%] [Cov:===============>                   44%]
[Progress:====================>         68%] [Cov:===============>                   44%]
[Progress:====================>         68%] [Cov:===============>                   44%]
[Progress:====================>         69%] [Cov:===============>                   44%]
[Progress:====================>         69%] [Cov:===============>                   44%]
[Progress:====================>         69%] [Cov:===============>                   44%]
[Progress:=====================>        70%] [Cov:===============>                   44%]
[Progress:=====================>        70%] [Cov:===============>                   44%]
[Progress:=====================>        70%] [Cov:===============>                   44%]
[Progress:=====================>        70%] [Cov:===============>                   44%]
[Progress:=====================>        70%] [Cov:===============>                   44%]
[Progress:=====================>        70%] [Cov:===============>                   44%]
[Progress:=====================>        71%] [Cov:===============>                   44%]
[Progress:=====================>        71%] [Cov:===============>                   44%]
[Progress:=====================>        71%] [Cov:===============>                   44%]
[Progress:=====================>        71%] [Cov:===============>                   44%]
[Progress:=====================>        72%] [Cov:===============>                   44%]
[Progress:=====================>        72%] [Cov:===============>                   44%]
[Progress:=====================>        72%] [Cov:===============>                   44%]
[Progress:=====================>        73%] [Cov:===============>                   44%]
[Progress:=====================>        73%] [Cov:===============>                   44%]
[Progress:=====================>        73%] [Cov:===============>                   44%]
[Progress:======================>       74%] [Cov:===============>                   44%]
[Progress:======================>       74%] [Cov:===============>                   44%]
[Progress:======================>       74%] [Cov:===============>                   44%]
[Progress:======================>       74%] [Cov:===============>                   44%]
[Progress:======================>       75%] [Cov:===============>                   44%]
[Progress:======================>       75%] [Cov:===============>                   44%]
[Progress:======================>       75%] [Cov:===============>                   44%]
[Progress:======================>       75%] [Cov:===============>                   44%]
[Progress:======================>       75%] [Cov:===============>                   44%]
[Progress:======================>       76%] [Cov:===============>                   44%]
[Progress:======================>       76%] [Cov:===============>                   44%]
[Progress:======================>       76%] [Cov:===============>                   44%]
[Progress:======================>       76%] [Cov:===============>                   44%]
[Progress:=======================>      77%] [Cov:===============>                   44%]
[Progress:=======================>      77%] [Cov:===============>                   44%]
[Progress:=======================>      77%] [Cov:===============>                   44%]
[Progress:=======================>      78%] [Cov:===============>                   44%]
[Progress:=======================>      78%] [Cov:===============>                   44%]
[Progress:=======================>      78%] [Cov:===============>                   44%]
[Progress:=======================>      79%] [Cov:===============>                   44%]
[Progress:=======================>      79%] [Cov:===============>                   44%]
[Progress:=======================>      79%] [Cov:===============>                   44%]
[Progress:========================>     80%] [Cov:===============>                   44%]
[Progress:========================>     80%] [Cov:===============>                   44%]
[Progress:========================>     80%] [Cov:===============>                   44%]
[Progress:========================>     80%] [Cov:===============>                   44%]
[Progress:========================>     80%] [Cov:===============>                   44%]
[Progress:========================>     80%] [Cov:===============>                   44%]
[Progress:========================>     81%] [Cov:===============>                   44%]
[Progress:========================>     81%] [Cov:===============>                   44%]
[Progress:========================>     81%] [Cov:===============>                   44%]
[Progress:========================>     81%] [Cov:===============>                   44%]
[Progress:=========================>    85%] [Cov:===============>                   44%]
[Progress:=========================>    86%] [Cov:===============>                   44%]
[Progress:=========================>    86%] [Cov:===============>                   44%]
[Progress:==========================>   87%] [Cov:===============>                   44%]
[Progress:==========================>   87%] [Cov:===============>                   44%]
[Progress:==========================>   87%] [Cov:===============>                   44%]
[Progress:==========================>   88%] [Cov:===============>                   44%]
[Progress:==========================>   88%] [Cov:===============>                   44%]
[Progress:==========================>   88%] [Cov:===============>                   44%]
[Progress:==========================>   89%] [Cov:===============>                   44%]
[Progress:==========================>   89%] [Cov:===============>                   44%]
[Progress:==========================>   89%] [Cov:===============>                   44%]
[Progress:==========================>   89%] [Cov:===============>                   44%]
[Progress:===========================>  90%] [Cov:===============>                   44%]
[Progress:===========================>  90%] [Cov:===============>                   44%]
[Progress:===========================>  90%] [Cov:===============>                   44%]
[Progress:===========================>  90%] [Cov:===============>                   44%]
[Progress:===========================>  90%] [Cov:===============>                   44%]
[Progress:===========================>  90%] [Cov:===============>                   44%]
[Progress:===========================>  91%] [Cov:===============>                   44%]
[Progress:===========================>  91%] [Cov:===============>                   45%]
[Progress:===========================>  91%] [Cov:===============>                   45%]
[Progress:===========================>  92%] [Cov:===============>                   45%]
[Progress:===========================>  92%] [Cov:===============>                   45%]
[Progress:===========================>  92%] [Cov:===============>                   45%]
[Progress:===========================>  92%] [Cov:===============>                   45%]
[Progress:===========================>  93%] [Cov:===============>                   45%]
[Progress:===========================>  93%] [Cov:===============>                   45%]
[Progress:===========================>  93%] [Cov:===============>                   45%]
[Progress:============================> 94%] [Cov:===============>                   45%]
[Progress:============================> 94%] [Cov:===============>                   45%]
[Progress:============================> 94%] [Cov:===============>                   45%]
[Progress:============================> 94%] [Cov:===============>                   45%]
[Progress:============================> 95%] [Cov:===============>                   45%]
[Progress:============================> 95%] [Cov:===============>                   45%]
[Progress:============================> 95%] [Cov:===============>                   45%]
[Progress:============================> 95%] [Cov:===============>                   45%]
[Progress:============================> 95%] [Cov:===============>                   45%]
[Progress:============================> 96%] [Cov:===============>                   45%]
[Progress:============================> 96%] [Cov:===============>                   45%]
[Progress:============================> 96%] [Cov:===============>                   45%]
[Progress:=============================>97%] [Cov:===============>                   45%]
[Progress:=============================>97%] [Cov:===============>                   45%]
[Progress:=============================>97%] [Cov:===============>                   45%]
[Progress:=============================>98%] [Cov:===============>                   45%]
[Progress:=============================>98%] [Cov:===============>                   45%]
[Progress:=============================>98%] [Cov:===============>                   45%]
[Progress:=============================>99%] [Cov:===============>                   45%]
[Progress:=============================>99%] [Cov:===============>                   45%]
[Progress:=============================>99%] [Cov:===============>                   45%]
[Progress:=============================>99%] [Cov:===============>                   45%]
[Progress:==============================100%] [Cov:===============>                   45%]
[Progress:==============================100%] [Cov:===============>                   45%]
[Progress:==============================100%] [Cov:===============>                   45%]
[Progress:==============================100%] [Cov:===============>                   45%]
* Search finished after 121s and 289 generations, 106900 statements, best individual has fitness: 434.0325816804455
* Minimizing test suite
* Going to analyze the coverage criteria
* Coverage analysis for criterion LINE
* Coverage of criterion LINE: 18%
* Total number of goals: 394
* Number of covered goals: 72
* Coverage analysis for criterion BRANCH
* Coverage of criterion BRANCH: 17%
* Total number of goals: 282
* Number of covered goals: 48
* Coverage analysis for criterion EXCEPTION
* Coverage of criterion EXCEPTION: 83%
* Total number of goals: 6
* Number of covered goals: 5
* Generated 13 tests with total length 74
* Resulting test suite's coverage: 45% (average coverage for all fitness functions)
* Generating assertions
* Resulting test suite's mutation score: 2%
* Compiling and checking tests
* Permissions denied during test execution: 
  - java.lang.RuntimePermission: 
         getStackWalkerWithClassReference: 1
         writeFileDescriptor: 6
* Writing tests to file
* Writing JUnit test case 'ProcessClosurePrimitives_ESTest' to /work/evo_out/Closure_92f/budget120_seed1/tests
* Done!

* Computation finished

[exit=0 timeout=False time=137.9s]

$ javac -nowarn -cp /work/Closure_92f/build/classes:/opt/defects4j/framework/projects/lib/junit-4.12-hamcrest-1.3.jar:/work/Closure_92f/build/classes:/work/Closure_92f/lib/ant_deploy.jar:/work/Closure_92f/lib/args4j_deploy.jar:/work/Closure_92f/lib/guava-r06.jar:/work/Closure_92f/lib/json.jar:/work/Closure_92f/lib/jsr305.jar:/work/Closure_92f/lib/libtrunk_rhino_parser_jarjared.jar:/work/Closure_92f/lib/protobuf-java-2.3.0.jar:/work/Closure_92f/build/test:/opt/evosuite/evosuite-standalone-runtime-1.2.0.jar -d /work/evo_out/Closure_92f/budget120_seed1/classes /work/evo_out/Closure_92f/budget120_seed1/tests/com/google/javascript/jscomp/ProcessClosurePrimitives_ESTest.java /work/evo_out/Closure_92f/budget120_seed1/tests/com/google/javascript/jscomp/ProcessClosurePrimitives_ESTest_scaffolding.java

[exit=0 timeout=False time=0.6s]

$ java -jar /opt/jacoco/lib/jacococli.jar instrument /work/Closure_92f/build/classes --dest /work/evo_out/Closure_92f/budget120_seed1/instrumented
[INFO] 1148 classes instrumented to /work/evo_out/Closure_92f/budget120_seed1/instrumented.

[exit=0 timeout=False time=0.7s]

$ java -Djacoco-agent.destfile=/workspace/EvoSuite/Result_Round2/Closure_92/budget120_seed1/jacoco.exec -cp /work/evo_out/Closure_92f/budget120_seed1/instrumented:/work/evo_out/Closure_92f/budget120_seed1/classes:/opt/defects4j/framework/projects/lib/junit-4.12-hamcrest-1.3.jar:/work/Closure_92f/build/classes:/work/Closure_92f/lib/ant_deploy.jar:/work/Closure_92f/lib/args4j_deploy.jar:/work/Closure_92f/lib/guava-r06.jar:/work/Closure_92f/lib/json.jar:/work/Closure_92f/lib/jsr305.jar:/work/Closure_92f/lib/libtrunk_rhino_parser_jarjared.jar:/work/Closure_92f/lib/protobuf-java-2.3.0.jar:/work/Closure_92f/build/test:/opt/evosuite/evosuite-standalone-runtime-1.2.0.jar:/opt/jacoco/lib/jacocoagent.jar org.junit.runner.JUnitCore com.google.javascript.jscomp.ProcessClosurePrimitives_ESTest
JUnit version 4.12
.............
Time: 1.578

OK (13 tests)

SLF4J: Failed to load class "org.slf4j.impl.StaticLoggerBinder".
SLF4J: Defaulting to no-operation (NOP) logger implementation
SLF4J: See http://www.slf4j.org/codes.html#StaticLoggerBinder for further details.
WARNING: An illegal reflective access operation has occurred
WARNING: Illegal reflective access by org.evosuite.runtime.GuiSupport (file:/opt/evosuite/evosuite-standalone-runtime-1.2.0.jar) to field java.awt.GraphicsEnvironment.headless
WARNING: Please consider reporting this to the maintainers of org.evosuite.runtime.GuiSupport
WARNING: Use --illegal-access=warn to enable warnings of further illegal reflective access operations
WARNING: All illegal access operations will be denied in a future release

[exit=0 timeout=False time=3.0s]

$ java -jar /opt/jacoco/lib/jacococli.jar report /workspace/EvoSuite/Result_Round2/Closure_92/budget120_seed1/jacoco.exec --classfiles /work/Closure_92f/build/classes --csv /workspace/EvoSuite/Result_Round2/Closure_92/budget120_seed1/jacoco.csv
[INFO] Loading execution data file /workspace/EvoSuite/Result_Round2/Closure_92/budget120_seed1/jacoco.exec.
[INFO] Analyzing 984 classes.

[exit=0 timeout=False time=0.5s]

$ java -cp /work/evo_out/Closure_92f/budget120_seed1/classes:/opt/defects4j/framework/projects/lib/junit-4.12-hamcrest-1.3.jar:/work/Closure_92b/build/classes:/work/Closure_92b/lib/ant_deploy.jar:/work/Closure_92b/lib/args4j_deploy.jar:/work/Closure_92b/lib/guava-r06.jar:/work/Closure_92b/lib/json.jar:/work/Closure_92b/lib/jsr305.jar:/work/Closure_92b/lib/libtrunk_rhino_parser_jarjared.jar:/work/Closure_92b/lib/protobuf-java-2.3.0.jar:/work/Closure_92b/build/test:/opt/evosuite/evosuite-standalone-runtime-1.2.0.jar org.junit.runner.JUnitCore com.google.javascript.jscomp.ProcessClosurePrimitives_ESTest
JUnit version 4.12
.............
Time: 1.48

OK (13 tests)

SLF4J: Failed to load class "org.slf4j.impl.StaticLoggerBinder".
SLF4J: Defaulting to no-operation (NOP) logger implementation
SLF4J: See http://www.slf4j.org/codes.html#StaticLoggerBinder for further details.
WARNING: An illegal reflective access operation has occurred
WARNING: Illegal reflective access by org.evosuite.runtime.GuiSupport (file:/opt/evosuite/evosuite-standalone-runtime-1.2.0.jar) to field java.awt.GraphicsEnvironment.headless
WARNING: Please consider reporting this to the maintainers of org.evosuite.runtime.GuiSupport
WARNING: Use --illegal-access=warn to enable warnings of further illegal reflective access operations
WARNING: All illegal access operations will be denied in a future release

[exit=0 timeout=False time=1.8s]
