
$ javac -nowarn -encoding UTF-8 -cp /work/Math_67f/target/classes:/work/Math_67f/target/test-classes:/opt/defects4j/framework/projects/lib/junit-4.12-hamcrest-1.3.jar:/work/jqwik_harness:/workspace/lib/jqwik/jqwik-1.7.4.jar:/workspace/lib/jqwik/jqwik-api-1.7.4.jar:/workspace/lib/jqwik/jqwik-engine-1.7.4.jar -d /work/jqwik_out/Math_67/auto_round2_tries1000_seed1/classes_f /workspace/jqwik/Auto/Math_67/org/apache/commons/math/optimization/MultiStartUnivariateRealOptimizer_AutoPbtTest.java

[exit=0 timeout=False time=1.3s]

$ javac -nowarn -encoding UTF-8 -cp /work/Math_67b/target/classes:/work/Math_67b/target/test-classes:/opt/defects4j/framework/projects/lib/junit-4.12-hamcrest-1.3.jar:/work/jqwik_harness:/workspace/lib/jqwik/jqwik-1.7.4.jar:/workspace/lib/jqwik/jqwik-api-1.7.4.jar:/workspace/lib/jqwik/jqwik-engine-1.7.4.jar -d /work/jqwik_out/Math_67/auto_round2_tries1000_seed1/classes_b /workspace/jqwik/Auto/Math_67/org/apache/commons/math/optimization/MultiStartUnivariateRealOptimizer_AutoPbtTest.java

[exit=0 timeout=False time=1.4s]

$ java -Djava.awt.headless=true -Xss4m -Xmx1g -Dpbt.seed=1 -Dpbt.tries=1000 -Dpbt.snapshot.dir=/work/jqwik_out/Math_67/auto_round2_tries1000_seed1/snapshots -Dpbt.propertyBudgetMs=5000 -Dpbt.mask=/work/Math_67f:/work/Math_67b:/work/jqwik_out/Math_67/auto_round2_tries1000_seed1/classes_f:/work/jqwik_out/Math_67/auto_round2_tries1000_seed1/classes_b -Dpbt.mode=record -jar /workspace/lib/jqwik/junit-platform-console-standalone-1.9.3.jar --disable-banner --details tree --class-path /work/jqwik_out/Math_67/auto_round2_tries1000_seed1/classes_f:/work/Math_67f/target/classes:/work/Math_67f/target/test-classes:/opt/defects4j/framework/projects/lib/junit-4.12-hamcrest-1.3.jar:/work/jqwik_harness:/workspace/lib/jqwik/jqwik-1.7.4.jar:/workspace/lib/jqwik/jqwik-api-1.7.4.jar:/workspace/lib/jqwik/jqwik-engine-1.7.4.jar --scan-class-path /work/jqwik_out/Math_67/auto_round2_tries1000_seed1/classes_f --include-classname .* --include-engine jqwik --config jqwik.database=/workspace/jqwik/Result_auto_Round2/Math_67/tries1000_seed1/reports_record/jqwik-database --config jqwik.tries.default=1000 --reports-dir /workspace/jqwik/Result_auto_Round2/Math_67/tries1000_seed1/reports_record
ple, then previous seed
when-fixed-seed = ALLOW       | fixing the random seed is allowed
edge-cases#mode = NONE        | edge cases are not explicitly generated
seed = 1                      | random seed to reproduce generated values


timestamp = 2026-09-30T02:37:00.528445, MultiStartUnivariateRealOptimizer AutoPbtTest:m007 getOptimaValues = 
                              |-----------------------jqwik-----------------------
tries = 1000                  | # of calls to property
checks = 1000                 | # of not rejected calls
generation = RANDOMIZED       | parameters are randomly generated
after-failure = SAMPLE_FIRST  | try previously failed sample, then previous seed
when-fixed-seed = ALLOW       | fixing the random seed is allowed
edge-cases#mode = NONE        | edge cases are not explicitly generated
seed = 1                      | random seed to reproduce generated values


timestamp = 2026-09-30T02:37:00.841176, MultiStartUnivariateRealOptimizer AutoPbtTest:m009 getResult = 
                              |-----------------------jqwik-----------------------
tries = 1000                  | # of calls to property
checks = 1000                 | # of not rejected calls
generation = RANDOMIZED       | parameters are randomly generated
after-failure = SAMPLE_FIRST  | try previously failed sample, then previous seed
when-fixed-seed = ALLOW       | fixing the random seed is allowed
edge-cases#mode = NONE        | edge cases are not explicitly generated
seed = 1                      | random seed to reproduce generated values


timestamp = 2026-09-30T02:37:01.040086, MultiStartUnivariateRealOptimizer AutoPbtTest:m004 getMaxEvaluations = 
                              |-----------------------jqwik-----------------------
tries = 1000                  | # of calls to property
checks = 1000                 | # of not rejected calls
generation = RANDOMIZED       | parameters are randomly generated
after-failure = SAMPLE_FIRST  | try previously failed sample, then previous seed
when-fixed-seed = ALLOW       | fixing the random seed is allowed
edge-cases#mode = NONE        | edge cases are not explicitly generated
seed = 1                      | random seed to reproduce generated values


[36m╷[0m
[36m└─[0m [36mjqwik (JUnit Platform)[0m [32m✔[0m
[36m   └─[0m [36mMultiStartUnivariateRealOptimizer AutoPbtTest[0m [32m✔[0m
[36m      ├─[0m [34mm008 getRelativeAccuracy[0m [32m✔[0m
[36m      ├─[0m [34mm006 getOptima[0m [32m✔[0m
[36m      ├─[0m [34mm015 setAbsoluteAccuracy[0m [32m✔[0m
[36m      ├─[0m [34mm018 setRelativeAccuracy[0m [32m✔[0m
[36m      ├─[0m [34mm005 getMaximalIterationCount[0m [32m✔[0m
[36m      ├─[0m [34mm016 setMaxEvaluations[0m [32m✔[0m
[36m      ├─[0m [34mm013 resetMaximalIterationCount[0m [32m✔[0m
[36m      ├─[0m [34mm017 setMaximalIterationCount[0m [32m✔[0m
[36m      ├─[0m [34mm014 resetRelativeAccuracy[0m [32m✔[0m
[36m      ├─[0m [34mm002 getFunctionValue[0m [32m✔[0m
[36m      ├─[0m [34mm003 getIterationCount[0m [32m✔[0m
[36m      ├─[0m [34mm001 getEvaluations[0m [32m✔[0m
[36m      ├─[0m [34mm000 getAbsoluteAccuracy[0m [32m✔[0m
[36m      ├─[0m [34mm011 optimize[0m [32m✔[0m
[36m      ├─[0m [34mm012 resetAbsoluteAccuracy[0m [32m✔[0m
[36m      ├─[0m [34mm010 optimize[0m [32m✔[0m
[36m      ├─[0m [34mm007 getOptimaValues[0m [32m✔[0m
[36m      ├─[0m [34mm009 getResult[0m [32m✔[0m
[36m      └─[0m [34mm004 getMaxEvaluations[0m [32m✔[0m

Test run finished after 8919 ms
[         2 containers found      ]
[         0 containers skipped    ]
[         2 containers started    ]
[         0 containers aborted    ]
[         2 containers successful ]
[         0 containers failed     ]
[        19 tests found           ]
[         0 tests skipped         ]
[        19 tests started         ]
[         0 tests aborted         ]
[        19 tests successful      ]
[         0 tests failed          ]


[exit=0 timeout=False time=10.7s]

$ java -Djava.awt.headless=true -Xss4m -Xmx1g -Dpbt.seed=1 -Dpbt.tries=1000 -Dpbt.snapshot.dir=/work/jqwik_out/Math_67/auto_round2_tries1000_seed1/snapshots -Dpbt.propertyBudgetMs=5000 -Dpbt.mask=/work/Math_67f:/work/Math_67b:/work/jqwik_out/Math_67/auto_round2_tries1000_seed1/classes_f:/work/jqwik_out/Math_67/auto_round2_tries1000_seed1/classes_b -Dpbt.mode=check -javaagent:/opt/jacoco/lib/jacocoagent.jar=destfile=/workspace/jqwik/Result_auto_Round2/Math_67/tries1000_seed1/jacoco.exec -jar /workspace/lib/jqwik/junit-platform-console-standalone-1.9.3.jar --disable-banner --details tree --class-path /work/jqwik_out/Math_67/auto_round2_tries1000_seed1/classes_f:/work/Math_67f/target/classes:/work/Math_67f/target/test-classes:/opt/defects4j/framework/projects/lib/junit-4.12-hamcrest-1.3.jar:/work/jqwik_harness:/workspace/lib/jqwik/jqwik-1.7.4.jar:/workspace/lib/jqwik/jqwik-api-1.7.4.jar:/workspace/lib/jqwik/jqwik-engine-1.7.4.jar --scan-class-path /work/jqwik_out/Math_67/auto_round2_tries1000_seed1/classes_f --include-classname .* --include-engine jqwik --config jqwik.database=/workspace/jqwik/Result_auto_Round2/Math_67/tries1000_seed1/reports_fixed/jqwik-database --config jqwik.tries.default=1000 --reports-dir /workspace/jqwik/Result_auto_Round2/Math_67/tries1000_seed1/reports_fixed
le, then previous seed
when-fixed-seed = ALLOW       | fixing the random seed is allowed
edge-cases#mode = NONE        | edge cases are not explicitly generated
seed = 1                      | random seed to reproduce generated values


timestamp = 2026-09-30T02:37:13.619054, MultiStartUnivariateRealOptimizer AutoPbtTest:m007 getOptimaValues = 
                              |-----------------------jqwik-----------------------
tries = 1000                  | # of calls to property
checks = 1000                 | # of not rejected calls
generation = RANDOMIZED       | parameters are randomly generated
after-failure = SAMPLE_FIRST  | try previously failed sample, then previous seed
when-fixed-seed = ALLOW       | fixing the random seed is allowed
edge-cases#mode = NONE        | edge cases are not explicitly generated
seed = 1                      | random seed to reproduce generated values


timestamp = 2026-09-30T02:37:13.903271, MultiStartUnivariateRealOptimizer AutoPbtTest:m009 getResult = 
                              |-----------------------jqwik-----------------------
tries = 1000                  | # of calls to property
checks = 1000                 | # of not rejected calls
generation = RANDOMIZED       | parameters are randomly generated
after-failure = SAMPLE_FIRST  | try previously failed sample, then previous seed
when-fixed-seed = ALLOW       | fixing the random seed is allowed
edge-cases#mode = NONE        | edge cases are not explicitly generated
seed = 1                      | random seed to reproduce generated values


timestamp = 2026-09-30T02:37:14.095369, MultiStartUnivariateRealOptimizer AutoPbtTest:m004 getMaxEvaluations = 
                              |-----------------------jqwik-----------------------
tries = 1000                  | # of calls to property
checks = 1000                 | # of not rejected calls
generation = RANDOMIZED       | parameters are randomly generated
after-failure = SAMPLE_FIRST  | try previously failed sample, then previous seed
when-fixed-seed = ALLOW       | fixing the random seed is allowed
edge-cases#mode = NONE        | edge cases are not explicitly generated
seed = 1                      | random seed to reproduce generated values


[36m╷[0m
[36m└─[0m [36mjqwik (JUnit Platform)[0m [32m✔[0m
[36m   └─[0m [36mMultiStartUnivariateRealOptimizer AutoPbtTest[0m [32m✔[0m
[36m      ├─[0m [34mm008 getRelativeAccuracy[0m [32m✔[0m
[36m      ├─[0m [34mm006 getOptima[0m [32m✔[0m
[36m      ├─[0m [34mm015 setAbsoluteAccuracy[0m [32m✔[0m
[36m      ├─[0m [34mm018 setRelativeAccuracy[0m [32m✔[0m
[36m      ├─[0m [34mm005 getMaximalIterationCount[0m [32m✔[0m
[36m      ├─[0m [34mm016 setMaxEvaluations[0m [32m✔[0m
[36m      ├─[0m [34mm013 resetMaximalIterationCount[0m [32m✔[0m
[36m      ├─[0m [34mm017 setMaximalIterationCount[0m [32m✔[0m
[36m      ├─[0m [34mm014 resetRelativeAccuracy[0m [32m✔[0m
[36m      ├─[0m [34mm002 getFunctionValue[0m [32m✔[0m
[36m      ├─[0m [34mm003 getIterationCount[0m [32m✔[0m
[36m      ├─[0m [34mm001 getEvaluations[0m [32m✔[0m
[36m      ├─[0m [34mm000 getAbsoluteAccuracy[0m [32m✔[0m
[36m      ├─[0m [34mm011 optimize[0m [32m✔[0m
[36m      ├─[0m [34mm012 resetAbsoluteAccuracy[0m [32m✔[0m
[36m      ├─[0m [34mm010 optimize[0m [32m✔[0m
[36m      ├─[0m [34mm007 getOptimaValues[0m [32m✔[0m
[36m      ├─[0m [34mm009 getResult[0m [32m✔[0m
[36m      └─[0m [34mm004 getMaxEvaluations[0m [32m✔[0m

Test run finished after 10128 ms
[         2 containers found      ]
[         0 containers skipped    ]
[         2 containers started    ]
[         0 containers aborted    ]
[         2 containers successful ]
[         0 containers failed     ]
[        19 tests found           ]
[         0 tests skipped         ]
[        19 tests started         ]
[         0 tests aborted         ]
[        19 tests successful      ]
[         0 tests failed          ]


[exit=0 timeout=False time=18.5s]

$ java -jar /opt/jacoco/lib/jacococli.jar report /workspace/jqwik/Result_auto_Round2/Math_67/tries1000_seed1/jacoco.exec --classfiles /work/Math_67f/target/classes --csv /workspace/jqwik/Result_auto_Round2/Math_67/tries1000_seed1/jacoco.csv
[INFO] Loading execution data file /workspace/jqwik/Result_auto_Round2/Math_67/tries1000_seed1/jacoco.exec.
[INFO] Analyzing 455 classes.

[exit=0 timeout=False time=2.2s]

$ java -Djava.awt.headless=true -Xss4m -Xmx1g -Dpbt.seed=1 -Dpbt.tries=1000 -Dpbt.snapshot.dir=/work/jqwik_out/Math_67/auto_round2_tries1000_seed1/snapshots -Dpbt.propertyBudgetMs=5000 -Dpbt.mask=/work/Math_67f:/work/Math_67b:/work/jqwik_out/Math_67/auto_round2_tries1000_seed1/classes_f:/work/jqwik_out/Math_67/auto_round2_tries1000_seed1/classes_b -Dpbt.mode=check -jar /workspace/lib/jqwik/junit-platform-console-standalone-1.9.3.jar --disable-banner --details tree --class-path /work/jqwik_out/Math_67/auto_round2_tries1000_seed1/classes_b:/work/Math_67b/target/classes:/work/Math_67b/target/test-classes:/opt/defects4j/framework/projects/lib/junit-4.12-hamcrest-1.3.jar:/work/jqwik_harness:/workspace/lib/jqwik/jqwik-1.7.4.jar:/workspace/lib/jqwik/jqwik-api-1.7.4.jar:/workspace/lib/jqwik/jqwik-engine-1.7.4.jar --scan-class-path /work/jqwik_out/Math_67/auto_round2_tries1000_seed1/classes_b --include-classname .* --include-engine jqwik --config jqwik.database=/workspace/jqwik/Result_auto_Round2/Math_67/tries1000_seed1/reports_buggy/jqwik-database --config jqwik.tries.default=1000 --reports-dir /workspace/jqwik/Result_auto_Round2/Math_67/tries1000_seed1/reports_buggy
ple, then previous seed
when-fixed-seed = ALLOW       | fixing the random seed is allowed
edge-cases#mode = NONE        | edge cases are not explicitly generated
seed = 1                      | random seed to reproduce generated values


timestamp = 2026-09-30T02:37:36.825534, MultiStartUnivariateRealOptimizer AutoPbtTest:m007 getOptimaValues = 
                              |-----------------------jqwik-----------------------
tries = 1000                  | # of calls to property
checks = 1000                 | # of not rejected calls
generation = RANDOMIZED       | parameters are randomly generated
after-failure = SAMPLE_FIRST  | try previously failed sample, then previous seed
when-fixed-seed = ALLOW       | fixing the random seed is allowed
edge-cases#mode = NONE        | edge cases are not explicitly generated
seed = 1                      | random seed to reproduce generated values


timestamp = 2026-09-30T02:37:37.068386, MultiStartUnivariateRealOptimizer AutoPbtTest:m009 getResult = 
                              |-----------------------jqwik-----------------------
tries = 1000                  | # of calls to property
checks = 1000                 | # of not rejected calls
generation = RANDOMIZED       | parameters are randomly generated
after-failure = SAMPLE_FIRST  | try previously failed sample, then previous seed
when-fixed-seed = ALLOW       | fixing the random seed is allowed
edge-cases#mode = NONE        | edge cases are not explicitly generated
seed = 1                      | random seed to reproduce generated values


timestamp = 2026-09-30T02:37:37.395803, MultiStartUnivariateRealOptimizer AutoPbtTest:m004 getMaxEvaluations = 
                              |-----------------------jqwik-----------------------
tries = 1000                  | # of calls to property
checks = 1000                 | # of not rejected calls
generation = RANDOMIZED       | parameters are randomly generated
after-failure = SAMPLE_FIRST  | try previously failed sample, then previous seed
when-fixed-seed = ALLOW       | fixing the random seed is allowed
edge-cases#mode = NONE        | edge cases are not explicitly generated
seed = 1                      | random seed to reproduce generated values


[36m╷[0m
[36m└─[0m [36mjqwik (JUnit Platform)[0m [32m✔[0m
[36m   └─[0m [36mMultiStartUnivariateRealOptimizer AutoPbtTest[0m [32m✔[0m
[36m      ├─[0m [34mm008 getRelativeAccuracy[0m [32m✔[0m
[36m      ├─[0m [34mm006 getOptima[0m [32m✔[0m
[36m      ├─[0m [34mm015 setAbsoluteAccuracy[0m [32m✔[0m
[36m      ├─[0m [34mm018 setRelativeAccuracy[0m [32m✔[0m
[36m      ├─[0m [34mm005 getMaximalIterationCount[0m [32m✔[0m
[36m      ├─[0m [34mm016 setMaxEvaluations[0m [32m✔[0m
[36m      ├─[0m [34mm013 resetMaximalIterationCount[0m [32m✔[0m
[36m      ├─[0m [34mm017 setMaximalIterationCount[0m [32m✔[0m
[36m      ├─[0m [34mm014 resetRelativeAccuracy[0m [32m✔[0m
[36m      ├─[0m [34mm002 getFunctionValue[0m [32m✔[0m
[36m      ├─[0m [34mm003 getIterationCount[0m [32m✔[0m
[36m      ├─[0m [34mm001 getEvaluations[0m [32m✔[0m
[36m      ├─[0m [34mm000 getAbsoluteAccuracy[0m [32m✔[0m
[36m      ├─[0m [34mm011 optimize[0m [32m✔[0m
[36m      ├─[0m [34mm012 resetAbsoluteAccuracy[0m [32m✔[0m
[36m      ├─[0m [34mm010 optimize[0m [32m✔[0m
[36m      ├─[0m [34mm007 getOptimaValues[0m [32m✔[0m
[36m      ├─[0m [34mm009 getResult[0m [32m✔[0m
[36m      └─[0m [34mm004 getMaxEvaluations[0m [32m✔[0m

Test run finished after 9536 ms
[         2 containers found      ]
[         0 containers skipped    ]
[         2 containers started    ]
[         0 containers aborted    ]
[         2 containers successful ]
[         0 containers failed     ]
[        19 tests found           ]
[         0 tests skipped         ]
[        19 tests started         ]
[         0 tests aborted         ]
[        19 tests successful      ]
[         0 tests failed          ]


[exit=0 timeout=False time=11.9s]
