
$ defects4j compile -w /work/Closure_17f
Running ant (compile)...................................................... OK
Running ant (compile.tests)................................................ OK

[exit=0 timeout=False time=3.2s]

$ defects4j compile -w /work/Closure_17b
Running ant (compile)...................................................... OK
Running ant (compile.tests)................................................ OK

[exit=0 timeout=False time=3.2s]

$ java -Djava.awt.headless=true -cp /opt/defects4j/framework/projects/lib/junit-4.12-hamcrest-1.3.jar:/opt/evosuite/evosuite-1.2.0.jar:/work/Closure_17f/build/classes:/work/Closure_17f/lib/args4j.jar:/work/Closure_17f/lib/guava.jar:/work/Closure_17f/lib/json.jar:/work/Closure_17f/lib/jsr305.jar:/work/Closure_17f/lib/protobuf-java.jar:/work/Closure_17f/build/lib/rhino.jar:/work/Closure_17f/lib/ant.jar:/work/Closure_17f/lib/ant-launcher.jar:/work/Closure_17f/lib/caja-r4314.jar:/work/Closure_17f/lib/jarjar.jar:/work/Closure_17f/build/test org.evosuite.EvoSuite -generateSuite -class com.google.javascript.jscomp.TypedScopeCreator -projectCP /opt/defects4j/framework/projects/lib/junit-4.12-hamcrest-1.3.jar:/work/Closure_17f/build/classes:/work/Closure_17f/lib/args4j.jar:/work/Closure_17f/lib/guava.jar:/work/Closure_17f/lib/json.jar:/work/Closure_17f/lib/jsr305.jar:/work/Closure_17f/lib/protobuf-java.jar:/work/Closure_17f/build/lib/rhino.jar:/work/Closure_17f/lib/ant.jar:/work/Closure_17f/lib/ant-launcher.jar:/work/Closure_17f/lib/caja-r4314.jar:/work/Closure_17f/lib/jarjar.jar:/work/Closure_17f/build/test -Dcriterion=LINE:BRANCH:EXCEPTION -Dsearch_budget=120 -seed 1 -Dtest_dir=/work/evo_out/Closure_17f/budget120_seed1/tests -Dreport_dir=/work/evo_out/Closure_17f/budget120_seed1/report
* EvoSuite 1.2.0
* Going to generate test cases for class: com.google.javascript.jscomp.TypedScopeCreator
* Starting Client-0
* Connecting to master process on port 9922
* Analyzing classpath: 
  - /opt/defects4j/framework/projects/lib/junit-4.12-hamcrest-1.3.jar
  - /work/Closure_17f/build/classes
  - /work/Closure_17f/lib/args4j.jar
  - /work/Closure_17f/lib/guava.jar
  - /work/Closure_17f/lib/json.jar
  - /work/Closure_17f/lib/jsr305.jar
  - /work/Closure_17f/lib/protobuf-java.jar
  - /work/Closure_17f/build/lib/rhino.jar
  - /work/Closure_17f/lib/ant.jar
  - /work/Closure_17f/lib/ant-launcher.jar
  - /work/Closure_17f/lib/caja-r4314.jar
  - /work/Closure_17f/lib/jarjar.jar
  - /work/Closure_17f/build/test
[MASTER] 12:48:09.800 [logback-1] WARN  InheritanceTree - Class not in inheritance graph: java.util.Locale$IsoCountryCode
[MASTER] 12:48:09.823 [logback-1] WARN  InheritanceTree - Class not in inheritance graph: java.io.ObjectInputFilter
[MASTER] 12:48:10.087 [logback-1] WARN  InheritanceTree - Class not in inheritance graph: java.lang.module.ModuleFinder
* Finished analyzing classpath
* Generating tests for class com.google.javascript.jscomp.TypedScopeCreator
* Test criteria:
  - Line Coverage
  - Branch Coverage
  - Exception
* Setting up search algorithm for whole suite generation
* Total number of test goals: 
  - Line 863
  - Branch 734
  - Exception 0

[Progress:>                             0%] [Cov:>                                  0%]* Using seed 1
* Starting evolution

[Progress:>                             0%] [Cov:===========>                       33%][MASTER] 12:48:12.486 [logback-1] WARN  MSecurityManager - SUT asked for a runtime permission that EvoSuite does not recognize: getStackWalkerWithClassReference

[Progress:>                             1%] [Cov:>                                  0%]
[Progress:>                             1%] [Cov:===========>                       33%]
[Progress:>                             2%] [Cov:>                                  0%]
[Progress:>                             2%] [Cov:===========>                       33%]
[Progress:>                             2%] [Cov:===========>                       33%]
[Progress:>                             2%] [Cov:===========>                       33%]
[Progress:>                             3%] [Cov:===========>                       33%]
[Progress:>                             3%] [Cov:===========>                       33%]
[Progress:>                             3%] [Cov:===========>                       33%]
[Progress:>                             3%] [Cov:===========>                       33%]
[Progress:>                             3%] [Cov:===========>                       33%]
[Progress:>                             3%] [Cov:===========>                       33%]
[Progress:>                             3%] [Cov:===========>                       33%]
[Progress:>                             3%] [Cov:===========>                       33%]
[Progress:>                             3%] [Cov:===========>                       34%]
[Progress:=>                            4%] [Cov:===========>                       34%]
[Progress:=>                            4%] [Cov:===========>                       34%]
[Progress:=>                            4%] [Cov:===========>                       34%]
[Progress:=>                            4%] [Cov:===========>                       34%]
[Progress:=>                            4%] [Cov:===========>                       34%]
[Progress:=>                            4%] [Cov:===========>                       34%]
[Progress:=>                            4%] [Cov:===========>                       34%]
[Progress:=>                            4%] [Cov:===========>                       34%]
[Progress:=>                            4%] [Cov:===========>                       34%]
[Progress:=>                            4%] [Cov:===========>                       34%]
[Progress:=>                            4%] [Cov:===========>                       34%]
[Progress:=>                            4%] [Cov:===========>                       34%]
[Progress:=>                            4%] [Cov:===========>                       34%]
[Progress:=>                            4%] [Cov:===========>                       34%]
[Progress:=>                            5%] [Cov:===========>                       34%]
[Progress:=>                            5%] [Cov:===========>                       34%]
[Progress:=>                            5%] [Cov:===========>                       34%]
[Progress:=>                            5%] [Cov:===========>                       34%]
[Progress:=>                            5%] [Cov:===========>                       34%]
[Progress:=>                            5%] [Cov:============>                      35%]
[Progress:=>                            5%] [Cov:============>                      35%]
[Progress:=>                            5%] [Cov:============>                      35%]
[Progress:=>                            5%] [Cov:============>                      35%]
[Progress:=>                            5%] [Cov:=============>                     38%]
[Progress:=>                            5%] [Cov:=============>                     39%]
[Progress:=>                            5%] [Cov:=============>                     39%]
[Progress:=>                            5%] [Cov:=============>                     39%]
[Progress:=>                            5%] [Cov:=============>                     39%]
[Progress:=>                            6%] [Cov:=============>                     39%]
[Progress:=>                            6%] [Cov:=============>                     39%]
[Progress:=>                            6%] [Cov:=============>                     39%]
[Progress:=>                            6%] [Cov:==============>                    41%]
[Progress:==>                           7%] [Cov:=============>                     39%]
[Progress:==>                           7%] [Cov:==============>                    41%]
[Progress:==>                           7%] [Cov:==============>                    41%]
[Progress:==>                           7%] [Cov:==============>                    41%][MASTER] 12:48:20.297 [logback-1] WARN  TestCluster - Failed to check cache for com.google.javascript.jscomp.ControlFlowGraph<N>.Branch : Type points to itself

[Progress:==>                           8%] [Cov:==============>                    41%]
[Progress:==>                           8%] [Cov:==============>                    41%]
[Progress:==>                           8%] [Cov:==============>                    41%]
[Progress:==>                           8%] [Cov:==============>                    41%]
[Progress:==>                           9%] [Cov:==============>                    41%]
[Progress:==>                           9%] [Cov:==============>                    41%]
[Progress:==>                           9%] [Cov:==============>                    41%]
[Progress:==>                           9%] [Cov:==============>                    41%]
[Progress:===>                          10%] [Cov:==============>                    41%]
[Progress:===>                          10%] [Cov:==============>                    41%]
[Progress:===>                          10%] [Cov:==============>                    41%]
[Progress:===>                          10%] [Cov:==============>                    41%]
[Progress:===>                          10%] [Cov:==============>                    41%]
[Progress:===>                          10%] [Cov:==============>                    41%]
[Progress:===>                          11%] [Cov:==============>                    41%]
[Progress:===>                          11%] [Cov:==============>                    41%]
[Progress:===>                          11%] [Cov:==============>                    41%]
[Progress:===>                          12%] [Cov:==============>                    41%]
[Progress:===>                          12%] [Cov:==============>                    41%]
[Progress:===>                          12%] [Cov:==============>                    41%]
[Progress:===>                          12%] [Cov:==============>                    42%]
[Progress:===>                          13%] [Cov:==============>                    41%]
[Progress:===>                          13%] [Cov:==============>                    42%]
[Progress:====>                         14%] [Cov:==============>                    42%]
[Progress:====>                         14%] [Cov:==============>                    42%]
[Progress:====>                         14%] [Cov:==============>                    42%]
[Progress:====>                         15%] [Cov:==============>                    42%]
[Progress:====>                         15%] [Cov:==============>                    42%]
[Progress:====>                         15%] [Cov:==============>                    42%]
[Progress:====>                         15%] [Cov:==============>                    42%]
[Progress:====>                         16%] [Cov:==============>                    42%]
[Progress:====>                         16%] [Cov:==============>                    42%]
[Progress:====>                         16%] [Cov:==============>                    42%]
[Progress:=====>                        17%] [Cov:==============>                    42%]
[Progress:=====>                        17%] [Cov:==============>                    42%]
[Progress:=====>                        18%] [Cov:==============>                    42%]
[Progress:=====>                        18%] [Cov:==============>                    42%]
[Progress:=====>                        18%] [Cov:==============>                    42%]
[Progress:=====>                        19%] [Cov:==============>                    42%]
[Progress:=====>                        19%] [Cov:==============>                    42%]
[Progress:======>                       20%] [Cov:==============>                    42%]
[Progress:======>                       20%] [Cov:==============>                    42%]
[Progress:======>                       20%] [Cov:==============>                    42%]
[Progress:======>                       20%] [Cov:==============>                    42%]
[Progress:======>                       20%] [Cov:==============>                    42%]
[Progress:======>                       21%] [Cov:==============>                    42%]
[Progress:======>                       21%] [Cov:==============>                    42%]
[Progress:======>                       21%] [Cov:==============>                    42%]
[Progress:======>                       22%] [Cov:==============>                    42%]
[Progress:======>                       22%] [Cov:==============>                    42%]
[Progress:======>                       22%] [Cov:==============>                    42%]
[Progress:======>                       23%] [Cov:==============>                    42%]
[Progress:======>                       23%] [Cov:==============>                    42%]
[Progress:======>                       23%] [Cov:==============>                    42%]
[Progress:=======>                      24%] [Cov:==============>                    42%]
[Progress:=======>                      24%] [Cov:==============>                    42%]
[Progress:=======>                      24%] [Cov:==============>                    42%]
[Progress:=======>                      25%] [Cov:==============>                    42%]
[Progress:=======>                      25%] [Cov:==============>                    42%]
[Progress:=======>                      25%] [Cov:==============>                    42%]
[Progress:=======>                      25%] [Cov:==============>                    42%]
[Progress:=======>                      25%] [Cov:==============>                    42%]
[Progress:=======>                      26%] [Cov:==============>                    42%]
[Progress:=======>                      26%] [Cov:==============>                    42%]
[Progress:=======>                      26%] [Cov:==============>                    42%]
[Progress:========>                     27%] [Cov:==============>                    42%]
[Progress:========>                     27%] [Cov:==============>                    42%]
[Progress:========>                     27%] [Cov:==============>                    42%]
[Progress:========>                     28%] [Cov:==============>                    42%]
[Progress:========>                     28%] [Cov:==============>                    42%]
[Progress:========>                     28%] [Cov:==============>                    42%]
[Progress:========>                     29%] [Cov:==============>                    42%]
[Progress:========>                     29%] [Cov:==============>                    42%]
[Progress:========>                     29%] [Cov:==============>                    42%]
[Progress:=========>                    30%] [Cov:==============>                    42%]
[Progress:=========>                    30%] [Cov:==============>                    42%]
[Progress:=========>                    30%] [Cov:==============>                    42%]
[Progress:=========>                    30%] [Cov:==============>                    42%]
[Progress:=========>                    30%] [Cov:==============>                    42%]
[Progress:=========>                    31%] [Cov:==============>                    42%]
[Progress:=========>                    31%] [Cov:===============>                   43%]
[Progress:=========>                    31%] [Cov:===============>                   43%]
[Progress:=========>                    32%] [Cov:===============>                   43%]
[Progress:=========>                    32%] [Cov:===============>                   43%]
[Progress:=========>                    33%] [Cov:===============>                   43%]
[Progress:=========>                    33%] [Cov:===============>                   43%]
[Progress:==========>                   34%] [Cov:===============>                   43%]
[Progress:==========>                   34%] [Cov:===============>                   43%]
[Progress:==========>                   34%] [Cov:===============>                   43%]
[Progress:==========>                   35%] [Cov:===============>                   43%]
[Progress:==========>                   35%] [Cov:===============>                   43%]
[Progress:==========>                   35%] [Cov:===============>                   43%]
[Progress:==========>                   35%] [Cov:===============>                   43%]
[Progress:==========>                   36%] [Cov:===============>                   43%]
[Progress:==========>                   36%] [Cov:===============>                   43%]
[Progress:==========>                   36%] [Cov:===============>                   43%]
[Progress:===========>                  37%] [Cov:===============>                   43%]
[Progress:===========>                  37%] [Cov:===============>                   43%]
[Progress:===========>                  38%] [Cov:===============>                   43%]
[Progress:===========>                  38%] [Cov:===============>                   43%]
[Progress:===========>                  39%] [Cov:===============>                   43%]
[Progress:===========>                  39%] [Cov:===============>                   43%]
[Progress:============>                 40%] [Cov:===============>                   43%]
[Progress:============>                 40%] [Cov:===============>                   43%]
[Progress:============>                 40%] [Cov:===============>                   43%]
[Progress:============>                 40%] [Cov:===============>                   43%]
[Progress:============>                 41%] [Cov:===============>                   43%]
[Progress:============>                 41%] [Cov:===============>                   43%]
[Progress:============>                 42%] [Cov:===============>                   43%]
[Progress:============>                 42%] [Cov:===============>                   43%]
[Progress:============>                 42%] [Cov:===============>                   43%]
[Progress:============>                 43%] [Cov:===============>                   43%]
[Progress:============>                 43%] [Cov:===============>                   43%]
[Progress:=============>                44%] [Cov:===============>                   43%]
[Progress:=============>                44%] [Cov:===============>                   43%]
[Progress:=============>                44%] [Cov:===============>                   43%]
[Progress:=============>                45%] [Cov:===============>                   43%]
[Progress:=============>                45%] [Cov:===============>                   43%]
[Progress:=============>                45%] [Cov:===============>                   43%]
[Progress:=============>                46%] [Cov:===============>                   43%]
[Progress:=============>                46%] [Cov:===============>                   43%]
[Progress:==============>               47%] [Cov:===============>                   43%]
[Progress:==============>               48%] [Cov:===============>                   43%]
[Progress:==============>               48%] [Cov:===============>                   43%]
[Progress:==============>               48%] [Cov:===============>                   43%]
[Progress:==============>               49%] [Cov:===============>                   43%]
[Progress:==============>               49%] [Cov:===============>                   43%]
[Progress:===============>              50%] [Cov:===============>                   43%]
[Progress:===============>              50%] [Cov:===============>                   43%]
[Progress:===============>              50%] [Cov:===============>                   43%]
[Progress:===============>              51%] [Cov:===============>                   43%]
[Progress:===============>              51%] [Cov:===============>                   43%]
[Progress:===============>              52%] [Cov:===============>                   43%]
[Progress:===============>              52%] [Cov:===============>                   43%]
[Progress:===============>              53%] [Cov:===============>                   43%]
[Progress:===============>              53%] [Cov:===============>                   43%]
[Progress:================>             54%] [Cov:===============>                   43%]
[Progress:================>             54%] [Cov:===============>                   43%]
[Progress:================>             55%] [Cov:===============>                   43%]
[Progress:================>             55%] [Cov:===============>                   43%]
[Progress:================>             55%] [Cov:===============>                   43%]
[Progress:================>             56%] [Cov:===============>                   43%]
[Progress:================>             56%] [Cov:===============>                   43%]
[Progress:=================>            57%] [Cov:===============>                   43%]
[Progress:=================>            57%] [Cov:===============>                   43%]
[Progress:=================>            58%] [Cov:===============>                   43%]
[Progress:=================>            58%] [Cov:===============>                   43%]
[Progress:=================>            59%] [Cov:===============>                   43%]
[Progress:=================>            59%] [Cov:===============>                   43%]
[Progress:==================>           63%] [Cov:===============>                   43%]
[Progress:===================>          64%] [Cov:===============>                   43%]
[Progress:===================>          64%] [Cov:===============>                   43%]
[Progress:===================>          65%] [Cov:===============>                   43%]
[Progress:===================>          65%] [Cov:===============>                   43%]
[Progress:===================>          65%] [Cov:===============>                   43%]
[Progress:===================>          66%] [Cov:===============>                   43%]
[Progress:===================>          66%] [Cov:===============>                   43%]
[Progress:====================>         67%] [Cov:===============>                   43%]
[Progress:====================>         67%] [Cov:===============>                   43%]
[Progress:====================>         67%] [Cov:===============>                   43%]
[Progress:====================>         68%] [Cov:===============>                   43%]
[Progress:====================>         68%] [Cov:===============>                   43%]
[Progress:====================>         69%] [Cov:===============>                   43%]
[Progress:====================>         69%] [Cov:===============>                   43%]
[Progress:=====================>        70%] [Cov:===============>                   43%]
[Progress:=====================>        70%] [Cov:===============>                   43%]
[Progress:=====================>        70%] [Cov:===============>                   43%]
[Progress:=====================>        71%] [Cov:===============>                   43%]
[Progress:=====================>        71%] [Cov:===============>                   43%]
[Progress:=====================>        72%] [Cov:===============>                   43%]
[Progress:=====================>        72%] [Cov:===============>                   43%]
[Progress:=====================>        73%] [Cov:===============>                   43%]
[Progress:=====================>        73%] [Cov:===============>                   43%]
[Progress:======================>       74%] [Cov:===============>                   43%]
[Progress:======================>       74%] [Cov:===============>                   43%]
[Progress:======================>       75%] [Cov:===============>                   43%]
[Progress:======================>       75%] [Cov:===============>                   43%]
[Progress:======================>       75%] [Cov:===============>                   43%]
[Progress:======================>       76%] [Cov:===============>                   43%]
[Progress:======================>       76%] [Cov:===============>                   43%]
[Progress:=======================>      77%] [Cov:===============>                   43%]
[Progress:=======================>      77%] [Cov:===============>                   43%]
[Progress:=======================>      78%] [Cov:===============>                   43%]
[Progress:=======================>      78%] [Cov:===============>                   43%]
[Progress:=======================>      79%] [Cov:===============>                   43%]
[Progress:========================>     80%] [Cov:===============>                   43%]
[Progress:========================>     80%] [Cov:===============>                   43%]
[Progress:========================>     81%] [Cov:===============>                   43%]
[Progress:========================>     81%] [Cov:===============>                   43%]
[Progress:========================>     82%] [Cov:===============>                   43%]
[Progress:========================>     82%] [Cov:===============>                   43%]
[Progress:========================>     83%] [Cov:===============>                   43%]
[Progress:========================>     83%] [Cov:===============>                   43%]
[Progress:=========================>    84%] [Cov:===============>                   43%]
[Progress:=========================>    84%] [Cov:===============>                   43%]
[Progress:=========================>    85%] [Cov:===============>                   43%]
[Progress:=========================>    85%] [Cov:===============>                   43%]
[Progress:=========================>    85%] [Cov:===============>                   43%]
[Progress:=========================>    86%] [Cov:===============>                   43%]
[Progress:=========================>    86%] [Cov:===============>                   43%]
[Progress:==========================>   87%] [Cov:===============>                   43%]
[Progress:==========================>   87%] [Cov:===============>                   43%]
[Progress:==========================>   88%] [Cov:===============>                   43%]
[Progress:==========================>   88%] [Cov:===============>                   43%]
[Progress:==========================>   89%] [Cov:===============>                   43%]
[Progress:===========================>  90%] [Cov:===============>                   43%]
[Progress:===========================>  90%] [Cov:===============>                   43%]
[Progress:===========================>  91%] [Cov:===============>                   43%]
[Progress:===========================>  91%] [Cov:===============>                   43%]
[Progress:===========================>  92%] [Cov:===============>                   43%]
[Progress:===========================>  92%] [Cov:===============>                   43%]
[Progress:===========================>  93%] [Cov:===============>                   43%]
[Progress:===========================>  93%] [Cov:===============>                   43%]
[Progress:============================> 94%] [Cov:===============>                   43%]
[Progress:============================> 94%] [Cov:===============>                   43%]
[Progress:============================> 95%] [Cov:===============>                   43%]
[Progress:============================> 95%] [Cov:===============>                   43%]
[Progress:============================> 95%] [Cov:===============>                   43%]
[Progress:============================> 96%] [Cov:===============>                   43%]
[Progress:============================> 96%] [Cov:===============>                   43%]
[Progress:=============================>97%] [Cov:===============>                   43%]
[Progress:=============================>97%] [Cov:===============>                   43%]
[Progress:=============================>98%] [Cov:===============>                   43%]
[Progress:=============================>99%] [Cov:===============>                   43%]
[Progress:==============================100%] [Cov:===============>                   43%]
[Progress:==============================100%] [Cov:===============>                   43%]
* Search finished after 125s and 179 generations, 63347 statements, best individual has fitness: 1155.3275634000788
* Minimizing test suite
* Going to analyze the coverage criteria
* Coverage analysis for criterion LINE
* Coverage of criterion LINE: 20%
* Total number of goals: 863
* Number of covered goals: 170
* Coverage analysis for criterion BRANCH
* Coverage of criterion BRANCH: 11%
* Total number of goals: 734
* Number of covered goals: 80
* Coverage analysis for criterion EXCEPTION
* Coverage of criterion EXCEPTION: 80%
* Total number of goals: 10
* Number of covered goals: 8
* Generated 14 tests with total length 101
* Resulting test suite's coverage: 44% (average coverage for all fitness functions)
* Generating assertions
* Resulting test suite's mutation score: 4%
* Compiling and checking tests
[MASTER] 12:50:29.774 [logback-1] WARN  JUnitAnalyzer - Found unstable test named test10 -> class java.lang.StackOverflowError: null
[MASTER] 12:50:29.774 [logback-1] WARN  JUnitAnalyzer - Failing test:
 Compiler compiler0 = new Compiler();
Stack<JSSourceFile> stack0 = new Stack<JSSourceFile>();
CompilerOptions compilerOptions0 = compiler0.newCompilerOptions();
compiler0.init((List<JSSourceFile>) stack0, (List<JSSourceFile>) stack0, compilerOptions0);
TypedScopeCreator typedScopeCreator0 = new TypedScopeCreator(compiler0);
Node node0 = compiler0.parseTestCode("// Input %num%");
node0.addChildToFront(node0);
typedScopeCreator0.createInitialScope(node0);

* Permissions denied during test execution: 
  - java.lang.RuntimePermission: 
         getStackWalkerWithClassReference: 1
         writeFileDescriptor: 1
* Writing tests to file
* Writing JUnit test case 'TypedScopeCreator_ESTest' to /work/evo_out/Closure_17f/budget120_seed1/tests
* Done!

* Computation finished

[exit=0 timeout=False time=145.6s]

$ javac -nowarn -cp /work/Closure_17f/build/classes:/opt/defects4j/framework/projects/lib/junit-4.12-hamcrest-1.3.jar:/work/Closure_17f/build/classes:/work/Closure_17f/lib/args4j.jar:/work/Closure_17f/lib/guava.jar:/work/Closure_17f/lib/json.jar:/work/Closure_17f/lib/jsr305.jar:/work/Closure_17f/lib/protobuf-java.jar:/work/Closure_17f/build/lib/rhino.jar:/work/Closure_17f/lib/ant.jar:/work/Closure_17f/lib/ant-launcher.jar:/work/Closure_17f/lib/caja-r4314.jar:/work/Closure_17f/lib/jarjar.jar:/work/Closure_17f/build/test:/opt/evosuite/evosuite-standalone-runtime-1.2.0.jar -d /work/evo_out/Closure_17f/budget120_seed1/classes /work/evo_out/Closure_17f/budget120_seed1/tests/com/google/javascript/jscomp/TypedScopeCreator_ESTest.java /work/evo_out/Closure_17f/budget120_seed1/tests/com/google/javascript/jscomp/TypedScopeCreator_ESTest_scaffolding.java

[exit=0 timeout=False time=0.7s]

$ java -jar /opt/jacoco/lib/jacococli.jar instrument /work/Closure_17f/build/classes --dest /work/evo_out/Closure_17f/budget120_seed1/instrumented
[INFO] 1360 classes instrumented to /work/evo_out/Closure_17f/budget120_seed1/instrumented.

[exit=0 timeout=False time=0.8s]

$ java -Djacoco-agent.destfile=/workspace/EvoSuite/Result_Round2/Closure_17/budget120_seed1/jacoco.exec -cp /work/evo_out/Closure_17f/budget120_seed1/instrumented:/work/evo_out/Closure_17f/budget120_seed1/classes:/opt/defects4j/framework/projects/lib/junit-4.12-hamcrest-1.3.jar:/work/Closure_17f/build/classes:/work/Closure_17f/lib/args4j.jar:/work/Closure_17f/lib/guava.jar:/work/Closure_17f/lib/json.jar:/work/Closure_17f/lib/jsr305.jar:/work/Closure_17f/lib/protobuf-java.jar:/work/Closure_17f/build/lib/rhino.jar:/work/Closure_17f/lib/ant.jar:/work/Closure_17f/lib/ant-launcher.jar:/work/Closure_17f/lib/caja-r4314.jar:/work/Closure_17f/lib/jarjar.jar:/work/Closure_17f/build/test:/opt/evosuite/evosuite-standalone-runtime-1.2.0.jar:/opt/jacoco/lib/jacocoagent.jar org.junit.runner.JUnitCore com.google.javascript.jscomp.TypedScopeCreator_ESTest
JUnit version 4.12
.............
Time: 1.528

OK (13 tests)

SLF4J: Failed to load class "org.slf4j.impl.StaticLoggerBinder".
SLF4J: Defaulting to no-operation (NOP) logger implementation
SLF4J: See http://www.slf4j.org/codes.html#StaticLoggerBinder for further details.
WARNING: An illegal reflective access operation has occurred
WARNING: Illegal reflective access by org.evosuite.runtime.GuiSupport (file:/opt/evosuite/evosuite-standalone-runtime-1.2.0.jar) to field java.awt.GraphicsEnvironment.headless
WARNING: Please consider reporting this to the maintainers of org.evosuite.runtime.GuiSupport
WARNING: Use --illegal-access=warn to enable warnings of further illegal reflective access operations
WARNING: All illegal access operations will be denied in a future release

[exit=0 timeout=False time=3.6s]

$ java -jar /opt/jacoco/lib/jacococli.jar report /workspace/EvoSuite/Result_Round2/Closure_17/budget120_seed1/jacoco.exec --classfiles /work/Closure_17f/build/classes --csv /workspace/EvoSuite/Result_Round2/Closure_17/budget120_seed1/jacoco.csv
[INFO] Loading execution data file /workspace/EvoSuite/Result_Round2/Closure_17/budget120_seed1/jacoco.exec.
[INFO] Analyzing 1162 classes.

[exit=0 timeout=False time=0.7s]

$ java -cp /work/evo_out/Closure_17f/budget120_seed1/classes:/opt/defects4j/framework/projects/lib/junit-4.12-hamcrest-1.3.jar:/work/Closure_17b/build/classes:/work/Closure_17b/lib/args4j.jar:/work/Closure_17b/lib/guava.jar:/work/Closure_17b/lib/json.jar:/work/Closure_17b/lib/jsr305.jar:/work/Closure_17b/lib/protobuf-java.jar:/work/Closure_17b/build/lib/rhino.jar:/work/Closure_17b/lib/ant.jar:/work/Closure_17b/lib/ant-launcher.jar:/work/Closure_17b/lib/caja-r4314.jar:/work/Closure_17b/lib/jarjar.jar:/work/Closure_17b/build/test:/opt/evosuite/evosuite-standalone-runtime-1.2.0.jar org.junit.runner.JUnitCore com.google.javascript.jscomp.TypedScopeCreator_ESTest
JUnit version 4.12
.............
Time: 1.503

OK (13 tests)

SLF4J: Failed to load class "org.slf4j.impl.StaticLoggerBinder".
SLF4J: Defaulting to no-operation (NOP) logger implementation
SLF4J: See http://www.slf4j.org/codes.html#StaticLoggerBinder for further details.
WARNING: An illegal reflective access operation has occurred
WARNING: Illegal reflective access by org.evosuite.runtime.GuiSupport (file:/opt/evosuite/evosuite-standalone-runtime-1.2.0.jar) to field java.awt.GraphicsEnvironment.headless
WARNING: Please consider reporting this to the maintainers of org.evosuite.runtime.GuiSupport
WARNING: Use --illegal-access=warn to enable warnings of further illegal reflective access operations
WARNING: All illegal access operations will be denied in a future release

[exit=0 timeout=False time=1.8s]
