
$ javac -nowarn -encoding UTF-8 -cp /work/Math_11f/target/classes:/work/Math_11f/target/test-classes:/opt/defects4j/framework/projects/lib/junit-4.12-hamcrest-1.3.jar:/work/jqwik_harness:/workspace/lib/jqwik/jqwik-1.7.4.jar:/workspace/lib/jqwik/jqwik-api-1.7.4.jar:/workspace/lib/jqwik/jqwik-engine-1.7.4.jar -d /work/jqwik_out/Math_11/auto_round1_tries200_seed2/classes_f /workspace/jqwik/Auto/Math_11/org/apache/commons/math3/distribution/MultivariateNormalDistribution_AutoPbtTest.java

[exit=0 timeout=False time=2.3s]

$ javac -nowarn -encoding UTF-8 -cp /work/Math_11b/target/classes:/work/Math_11b/target/test-classes:/opt/defects4j/framework/projects/lib/junit-4.12-hamcrest-1.3.jar:/work/jqwik_harness:/workspace/lib/jqwik/jqwik-1.7.4.jar:/workspace/lib/jqwik/jqwik-api-1.7.4.jar:/workspace/lib/jqwik/jqwik-engine-1.7.4.jar -d /work/jqwik_out/Math_11/auto_round1_tries200_seed2/classes_b /workspace/jqwik/Auto/Math_11/org/apache/commons/math3/distribution/MultivariateNormalDistribution_AutoPbtTest.java

[exit=0 timeout=False time=2.1s]

$ java -Djava.awt.headless=true -Xss4m -Xmx1g -Dpbt.seed=2 -Dpbt.tries=200 -Dpbt.snapshot.dir=/work/jqwik_out/Math_11/auto_round1_tries200_seed2/snapshots -Dpbt.propertyBudgetMs=5000 -Dpbt.mask=/work/Math_11f:/work/Math_11b:/work/jqwik_out/Math_11/auto_round1_tries200_seed2/classes_f:/work/jqwik_out/Math_11/auto_round1_tries200_seed2/classes_b -Dpbt.mode=record -jar /workspace/lib/jqwik/junit-platform-console-standalone-1.9.3.jar --disable-banner --details tree --class-path /work/jqwik_out/Math_11/auto_round1_tries200_seed2/classes_f:/work/Math_11f/target/classes:/work/Math_11f/target/test-classes:/opt/defects4j/framework/projects/lib/junit-4.12-hamcrest-1.3.jar:/work/jqwik_harness:/workspace/lib/jqwik/jqwik-1.7.4.jar:/workspace/lib/jqwik/jqwik-api-1.7.4.jar:/workspace/lib/jqwik/jqwik-engine-1.7.4.jar --scan-class-path /work/jqwik_out/Math_11/auto_round1_tries200_seed2/classes_f --include-classname .* --include-engine jqwik --config jqwik.database=/workspace/jqwik/Result_auto_Round1/Math_11/tries200_seed2/reports_record/jqwik-database --config jqwik.tries.default=200 --reports-dir /workspace/jqwik/Result_auto_Round1/Math_11/tries200_seed2/reports_record
---
tries = 200                   | # of calls to property
checks = 200                  | # of not rejected calls
generation = RANDOMIZED       | parameters are randomly generated
after-failure = SAMPLE_FIRST  | try previously failed sample, then previous seed
when-fixed-seed = ALLOW       | fixing the random seed is allowed
edge-cases#mode = NONE        | edge cases are not explicitly generated
seed = 2                      | random seed to reproduce generated values


timestamp = 2026-09-29T22:12:22.383204, MultivariateNormalDistribution AutoPbtTest:m000 density = 
                              |-----------------------jqwik-----------------------
tries = 200                   | # of calls to property
checks = 200                  | # of not rejected calls
generation = RANDOMIZED       | parameters are randomly generated
after-failure = SAMPLE_FIRST  | try previously failed sample, then previous seed
when-fixed-seed = ALLOW       | fixing the random seed is allowed
edge-cases#mode = NONE        | edge cases are not explicitly generated
seed = 2                      | random seed to reproduce generated values


timestamp = 2026-09-29T22:12:22.871625, MultivariateNormalDistribution AutoPbtTest:m002 getMeans = 
                              |-----------------------jqwik-----------------------
tries = 200                   | # of calls to property
checks = 200                  | # of not rejected calls
generation = RANDOMIZED       | parameters are randomly generated
after-failure = SAMPLE_FIRST  | try previously failed sample, then previous seed
when-fixed-seed = ALLOW       | fixing the random seed is allowed
edge-cases#mode = NONE        | edge cases are not explicitly generated
seed = 2                      | random seed to reproduce generated values


timestamp = 2026-09-29T22:12:23.056826, MultivariateNormalDistribution AutoPbtTest:m003 getStandardDeviations = 
                              |-----------------------jqwik-----------------------
tries = 200                   | # of calls to property
checks = 200                  | # of not rejected calls
generation = RANDOMIZED       | parameters are randomly generated
after-failure = SAMPLE_FIRST  | try previously failed sample, then previous seed
when-fixed-seed = ALLOW       | fixing the random seed is allowed
edge-cases#mode = NONE        | edge cases are not explicitly generated
seed = 2                      | random seed to reproduce generated values


timestamp = 2026-09-29T22:12:23.324547, MultivariateNormalDistribution AutoPbtTest:m001 getCovariances = 
                              |-----------------------jqwik-----------------------
tries = 200                   | # of calls to property
checks = 200                  | # of not rejected calls
generation = RANDOMIZED       | parameters are randomly generated
after-failure = SAMPLE_FIRST  | try previously failed sample, then previous seed
when-fixed-seed = ALLOW       | fixing the random seed is allowed
edge-cases#mode = NONE        | edge cases are not explicitly generated
seed = 2                      | random seed to reproduce generated values


[36m╷[0m
[36m└─[0m [36mjqwik (JUnit Platform)[0m [32m✔[0m
[36m   └─[0m [36mMultivariateNormalDistribution AutoPbtTest[0m [32m✔[0m
[36m      ├─[0m [34mm004 sample[0m [32m✔[0m
[36m      ├─[0m [34mm000 density[0m [32m✔[0m
[36m      ├─[0m [34mm002 getMeans[0m [32m✔[0m
[36m      ├─[0m [34mm003 getStandardDeviations[0m [32m✔[0m
[36m      └─[0m [34mm001 getCovariances[0m [32m✔[0m

Test run finished after 3796 ms
[         2 containers found      ]
[         0 containers skipped    ]
[         2 containers started    ]
[         0 containers aborted    ]
[         2 containers successful ]
[         0 containers failed     ]
[         5 tests found           ]
[         0 tests skipped         ]
[         5 tests started         ]
[         0 tests aborted         ]
[         5 tests successful      ]
[         0 tests failed          ]


[exit=0 timeout=False time=6.4s]

$ java -Djava.awt.headless=true -Xss4m -Xmx1g -Dpbt.seed=2 -Dpbt.tries=200 -Dpbt.snapshot.dir=/work/jqwik_out/Math_11/auto_round1_tries200_seed2/snapshots -Dpbt.propertyBudgetMs=5000 -Dpbt.mask=/work/Math_11f:/work/Math_11b:/work/jqwik_out/Math_11/auto_round1_tries200_seed2/classes_f:/work/jqwik_out/Math_11/auto_round1_tries200_seed2/classes_b -Dpbt.mode=check -javaagent:/opt/jacoco/lib/jacocoagent.jar=destfile=/workspace/jqwik/Result_auto_Round1/Math_11/tries200_seed2/jacoco.exec -jar /workspace/lib/jqwik/junit-platform-console-standalone-1.9.3.jar --disable-banner --details tree --class-path /work/jqwik_out/Math_11/auto_round1_tries200_seed2/classes_f:/work/Math_11f/target/classes:/work/Math_11f/target/test-classes:/opt/defects4j/framework/projects/lib/junit-4.12-hamcrest-1.3.jar:/work/jqwik_harness:/workspace/lib/jqwik/jqwik-1.7.4.jar:/workspace/lib/jqwik/jqwik-api-1.7.4.jar:/workspace/lib/jqwik/jqwik-engine-1.7.4.jar --scan-class-path /work/jqwik_out/Math_11/auto_round1_tries200_seed2/classes_f --include-classname .* --include-engine jqwik --config jqwik.database=/workspace/jqwik/Result_auto_Round1/Math_11/tries200_seed2/reports_fixed/jqwik-database --config jqwik.tries.default=200 --reports-dir /workspace/jqwik/Result_auto_Round1/Math_11/tries200_seed2/reports_fixed
---
tries = 200                   | # of calls to property
checks = 200                  | # of not rejected calls
generation = RANDOMIZED       | parameters are randomly generated
after-failure = SAMPLE_FIRST  | try previously failed sample, then previous seed
when-fixed-seed = ALLOW       | fixing the random seed is allowed
edge-cases#mode = NONE        | edge cases are not explicitly generated
seed = 2                      | random seed to reproduce generated values


timestamp = 2026-09-29T22:12:31.443050, MultivariateNormalDistribution AutoPbtTest:m000 density = 
                              |-----------------------jqwik-----------------------
tries = 200                   | # of calls to property
checks = 200                  | # of not rejected calls
generation = RANDOMIZED       | parameters are randomly generated
after-failure = SAMPLE_FIRST  | try previously failed sample, then previous seed
when-fixed-seed = ALLOW       | fixing the random seed is allowed
edge-cases#mode = NONE        | edge cases are not explicitly generated
seed = 2                      | random seed to reproduce generated values


timestamp = 2026-09-29T22:12:31.778810, MultivariateNormalDistribution AutoPbtTest:m002 getMeans = 
                              |-----------------------jqwik-----------------------
tries = 200                   | # of calls to property
checks = 200                  | # of not rejected calls
generation = RANDOMIZED       | parameters are randomly generated
after-failure = SAMPLE_FIRST  | try previously failed sample, then previous seed
when-fixed-seed = ALLOW       | fixing the random seed is allowed
edge-cases#mode = NONE        | edge cases are not explicitly generated
seed = 2                      | random seed to reproduce generated values


timestamp = 2026-09-29T22:12:32.068036, MultivariateNormalDistribution AutoPbtTest:m003 getStandardDeviations = 
                              |-----------------------jqwik-----------------------
tries = 200                   | # of calls to property
checks = 200                  | # of not rejected calls
generation = RANDOMIZED       | parameters are randomly generated
after-failure = SAMPLE_FIRST  | try previously failed sample, then previous seed
when-fixed-seed = ALLOW       | fixing the random seed is allowed
edge-cases#mode = NONE        | edge cases are not explicitly generated
seed = 2                      | random seed to reproduce generated values


timestamp = 2026-09-29T22:12:32.356462, MultivariateNormalDistribution AutoPbtTest:m001 getCovariances = 
                              |-----------------------jqwik-----------------------
tries = 200                   | # of calls to property
checks = 200                  | # of not rejected calls
generation = RANDOMIZED       | parameters are randomly generated
after-failure = SAMPLE_FIRST  | try previously failed sample, then previous seed
when-fixed-seed = ALLOW       | fixing the random seed is allowed
edge-cases#mode = NONE        | edge cases are not explicitly generated
seed = 2                      | random seed to reproduce generated values


[36m╷[0m
[36m└─[0m [36mjqwik (JUnit Platform)[0m [32m✔[0m
[36m   └─[0m [36mMultivariateNormalDistribution AutoPbtTest[0m [32m✔[0m
[36m      ├─[0m [34mm004 sample[0m [32m✔[0m
[36m      ├─[0m [34mm000 density[0m [32m✔[0m
[36m      ├─[0m [34mm002 getMeans[0m [32m✔[0m
[36m      ├─[0m [34mm003 getStandardDeviations[0m [32m✔[0m
[36m      └─[0m [34mm001 getCovariances[0m [32m✔[0m

Test run finished after 5285 ms
[         2 containers found      ]
[         0 containers skipped    ]
[         2 containers started    ]
[         0 containers aborted    ]
[         2 containers successful ]
[         0 containers failed     ]
[         5 tests found           ]
[         0 tests skipped         ]
[         5 tests started         ]
[         0 tests aborted         ]
[         5 tests successful      ]
[         0 tests failed          ]


[exit=0 timeout=False time=14.7s]

$ java -jar /opt/jacoco/lib/jacococli.jar report /workspace/jqwik/Result_auto_Round1/Math_11/tries200_seed2/jacoco.exec --classfiles /work/Math_11f/target/classes --csv /workspace/jqwik/Result_auto_Round1/Math_11/tries200_seed2/jacoco.csv
[INFO] Loading execution data file /workspace/jqwik/Result_auto_Round1/Math_11/tries200_seed2/jacoco.exec.
[INFO] Analyzing 785 classes.

[exit=0 timeout=False time=1.8s]

$ java -Djava.awt.headless=true -Xss4m -Xmx1g -Dpbt.seed=2 -Dpbt.tries=200 -Dpbt.snapshot.dir=/work/jqwik_out/Math_11/auto_round1_tries200_seed2/snapshots -Dpbt.propertyBudgetMs=5000 -Dpbt.mask=/work/Math_11f:/work/Math_11b:/work/jqwik_out/Math_11/auto_round1_tries200_seed2/classes_f:/work/jqwik_out/Math_11/auto_round1_tries200_seed2/classes_b -Dpbt.mode=check -jar /workspace/lib/jqwik/junit-platform-console-standalone-1.9.3.jar --disable-banner --details tree --class-path /work/jqwik_out/Math_11/auto_round1_tries200_seed2/classes_b:/work/Math_11b/target/classes:/work/Math_11b/target/test-classes:/opt/defects4j/framework/projects/lib/junit-4.12-hamcrest-1.3.jar:/work/jqwik_harness:/workspace/lib/jqwik/jqwik-1.7.4.jar:/workspace/lib/jqwik/jqwik-api-1.7.4.jar:/workspace/lib/jqwik/jqwik-engine-1.7.4.jar --scan-class-path /work/jqwik_out/Math_11/auto_round1_tries200_seed2/classes_b --include-classname .* --include-engine jqwik --config jqwik.database=/workspace/jqwik/Result_auto_Round1/Math_11/tries200_seed2/reports_buggy/jqwik-database --config jqwik.tries.default=200 --reports-dir /workspace/jqwik/Result_auto_Round1/Math_11/tries200_seed2/reports_buggy
---
tries = 200                   | # of calls to property
checks = 200                  | # of not rejected calls
generation = RANDOMIZED       | parameters are randomly generated
after-failure = SAMPLE_FIRST  | try previously failed sample, then previous seed
when-fixed-seed = ALLOW       | fixing the random seed is allowed
edge-cases#mode = NONE        | edge cases are not explicitly generated
seed = 2                      | random seed to reproduce generated values


timestamp = 2026-09-29T22:12:49.448861, MultivariateNormalDistribution AutoPbtTest:m000 density = 
                              |-----------------------jqwik-----------------------
tries = 200                   | # of calls to property
checks = 200                  | # of not rejected calls
generation = RANDOMIZED       | parameters are randomly generated
after-failure = SAMPLE_FIRST  | try previously failed sample, then previous seed
when-fixed-seed = ALLOW       | fixing the random seed is allowed
edge-cases#mode = NONE        | edge cases are not explicitly generated
seed = 2                      | random seed to reproduce generated values


timestamp = 2026-09-29T22:12:49.821735, MultivariateNormalDistribution AutoPbtTest:m002 getMeans = 
                              |-----------------------jqwik-----------------------
tries = 200                   | # of calls to property
checks = 200                  | # of not rejected calls
generation = RANDOMIZED       | parameters are randomly generated
after-failure = SAMPLE_FIRST  | try previously failed sample, then previous seed
when-fixed-seed = ALLOW       | fixing the random seed is allowed
edge-cases#mode = NONE        | edge cases are not explicitly generated
seed = 2                      | random seed to reproduce generated values


timestamp = 2026-09-29T22:12:50.128160, MultivariateNormalDistribution AutoPbtTest:m003 getStandardDeviations = 
                              |-----------------------jqwik-----------------------
tries = 200                   | # of calls to property
checks = 200                  | # of not rejected calls
generation = RANDOMIZED       | parameters are randomly generated
after-failure = SAMPLE_FIRST  | try previously failed sample, then previous seed
when-fixed-seed = ALLOW       | fixing the random seed is allowed
edge-cases#mode = NONE        | edge cases are not explicitly generated
seed = 2                      | random seed to reproduce generated values


timestamp = 2026-09-29T22:12:50.296961, MultivariateNormalDistribution AutoPbtTest:m001 getCovariances = 
                              |-----------------------jqwik-----------------------
tries = 200                   | # of calls to property
checks = 200                  | # of not rejected calls
generation = RANDOMIZED       | parameters are randomly generated
after-failure = SAMPLE_FIRST  | try previously failed sample, then previous seed
when-fixed-seed = ALLOW       | fixing the random seed is allowed
edge-cases#mode = NONE        | edge cases are not explicitly generated
seed = 2                      | random seed to reproduce generated values


[36m╷[0m
[36m└─[0m [36mjqwik (JUnit Platform)[0m [32m✔[0m
[36m   └─[0m [36mMultivariateNormalDistribution AutoPbtTest[0m [32m✔[0m
[36m      ├─[0m [34mm004 sample[0m [32m✔[0m
[36m      ├─[0m [34mm000 density[0m [32m✔[0m
[36m      ├─[0m [34mm002 getMeans[0m [32m✔[0m
[36m      ├─[0m [34mm003 getStandardDeviations[0m [32m✔[0m
[36m      └─[0m [34mm001 getCovariances[0m [32m✔[0m

Test run finished after 3963 ms
[         2 containers found      ]
[         0 containers skipped    ]
[         2 containers started    ]
[         0 containers aborted    ]
[         2 containers successful ]
[         0 containers failed     ]
[         5 tests found           ]
[         0 tests skipped         ]
[         5 tests started         ]
[         0 tests aborted         ]
[         5 tests successful      ]
[         0 tests failed          ]


[exit=0 timeout=False time=6.3s]
