
$ defects4j checkout -p Compress -v 46f -w /work/Compress_46f
Checking out cd1d329d to /work/Compress_46f................................ OK
Init local repository...................................................... OK
Tag post-fix revision...................................................... OK
Copy generated Ant build file.............................................. OK
Run post-checkout hook..................................................... OK
Excluding broken/flaky tests............................................... OK
Excluding broken/flaky tests............................................... OK
Backing up build file: /work/Compress_46f/maven-build.xml.................. OK
Initialize fixed program version........................................... OK
Apply patch................................................................ OK
Initialize buggy program version........................................... OK
Diff cd1d329d:d0595b71..................................................... OK
Apply patch................................................................ OK
Tag pre-fix revision....................................................... OK
Check out program version: Compress-46f.................................... OK

[exit=0 timeout=False time=2.9s]

$ defects4j compile -w /work/Compress_46f
Running ant (compile)...................................................... OK
Running ant (compile.tests)................................................ OK

[exit=0 timeout=False time=4.9s]

$ defects4j checkout -p Compress -v 46b -w /work/Compress_46b
Checking out cd1d329d to /work/Compress_46b................................ OK
Init local repository...................................................... OK
Tag post-fix revision...................................................... OK
Copy generated Ant build file.............................................. OK
Run post-checkout hook..................................................... OK
Excluding broken/flaky tests............................................... OK
Excluding broken/flaky tests............................................... OK
Backing up build file: /work/Compress_46b/maven-build.xml.................. OK
Initialize fixed program version........................................... OK
Apply patch................................................................ OK
Initialize buggy program version........................................... OK
Diff cd1d329d:d0595b71..................................................... OK
Apply patch................................................................ OK
Tag pre-fix revision....................................................... OK
Check out program version: Compress-46b.................................... OK

[exit=0 timeout=False time=2.9s]

$ defects4j compile -w /work/Compress_46b
Running ant (compile)...................................................... OK
Running ant (compile.tests)................................................ OK

[exit=0 timeout=False time=5.0s]

$ java -Djava.awt.headless=true -cp /opt/defects4j/framework/projects/lib/junit-4.12-hamcrest-1.3.jar:/opt/evosuite/evosuite-1.2.0.jar:/work/Compress_46f/target/classes:/opt/defects4j/framework/projects/Compress/lib/org/objenesis/objenesis/2.6/objenesis-2.6.jar:/opt/defects4j/framework/projects/Compress/lib/org/brotli/dec/0.1.2/dec-0.1.2.jar:/opt/defects4j/framework/projects/Compress/lib/org/tukaani/xz/1.6/xz-1.6.jar:/opt/defects4j/framework/projects/Compress/lib/org/powermock/powermock-reflect/1.7.0/powermock-reflect-1.7.0.jar:/opt/defects4j/framework/projects/Compress/lib/org/powermock/powermock-core/1.7.0/powermock-core-1.7.0.jar:/opt/defects4j/framework/projects/Compress/lib/org/javassist/javassist/3.21.0-GA/javassist-3.21.0-GA.jar:/opt/defects4j/framework/projects/Compress/lib/org/powermock/powermock-api-mockito/1.7.0/powermock-api-mockito-1.7.0.jar:/opt/defects4j/framework/projects/Compress/lib/org/powermock/powermock-api-mockito-common/1.7.0/powermock-api-mockito-common-1.7.0.jar:/opt/defects4j/framework/projects/Compress/lib/org/powermock/powermock-api-support/1.7.0/powermock-api-support-1.7.0.jar:/opt/defects4j/framework/projects/Compress/lib/org/mockito/mockito-core/1.10.19/mockito-core-1.10.19.jar:/work/Compress_46f/target/test-classes org.evosuite.EvoSuite -generateSuite -class org.apache.commons.compress.archivers.zip.X5455_ExtendedTimestamp -projectCP /opt/defects4j/framework/projects/lib/junit-4.12-hamcrest-1.3.jar:/work/Compress_46f/target/classes:/opt/defects4j/framework/projects/Compress/lib/org/objenesis/objenesis/2.6/objenesis-2.6.jar:/opt/defects4j/framework/projects/Compress/lib/org/brotli/dec/0.1.2/dec-0.1.2.jar:/opt/defects4j/framework/projects/Compress/lib/org/tukaani/xz/1.6/xz-1.6.jar:/opt/defects4j/framework/projects/Compress/lib/org/powermock/powermock-reflect/1.7.0/powermock-reflect-1.7.0.jar:/opt/defects4j/framework/projects/Compress/lib/org/powermock/powermock-core/1.7.0/powermock-core-1.7.0.jar:/opt/defects4j/framework/projects/Compress/lib/org/javassist/javassist/3.21.0-GA/javassist-3.21.0-GA.jar:/opt/defects4j/framework/projects/Compress/lib/org/powermock/powermock-api-mockito/1.7.0/powermock-api-mockito-1.7.0.jar:/opt/defects4j/framework/projects/Compress/lib/org/powermock/powermock-api-mockito-common/1.7.0/powermock-api-mockito-common-1.7.0.jar:/opt/defects4j/framework/projects/Compress/lib/org/powermock/powermock-api-support/1.7.0/powermock-api-support-1.7.0.jar:/opt/defects4j/framework/projects/Compress/lib/org/mockito/mockito-core/1.10.19/mockito-core-1.10.19.jar:/work/Compress_46f/target/test-classes -Dcriterion=LINE:BRANCH:EXCEPTION -Dsearch_budget=60 -seed 1 -Dtest_dir=/work/evo_out/Compress_46f/budget60_seed1/tests -Dreport_dir=/work/evo_out/Compress_46f/budget60_seed1/report
* EvoSuite 1.2.0
* Going to generate test cases for class: org.apache.commons.compress.archivers.zip.X5455_ExtendedTimestamp
* Starting Client-0
* Connecting to master process on port 9922
* Analyzing classpath: 
  - /opt/defects4j/framework/projects/lib/junit-4.12-hamcrest-1.3.jar
  - /work/Compress_46f/target/classes
  - /opt/defects4j/framework/projects/Compress/lib/org/objenesis/objenesis/2.6/objenesis-2.6.jar
  - /opt/defects4j/framework/projects/Compress/lib/org/brotli/dec/0.1.2/dec-0.1.2.jar
  - /opt/defects4j/framework/projects/Compress/lib/org/tukaani/xz/1.6/xz-1.6.jar
  - /opt/defects4j/framework/projects/Compress/lib/org/powermock/powermock-reflect/1.7.0/powermock-reflect-1.7.0.jar
  - /opt/defects4j/framework/projects/Compress/lib/org/powermock/powermock-core/1.7.0/powermock-core-1.7.0.jar
  - /opt/defects4j/framework/projects/Compress/lib/org/javassist/javassist/3.21.0-GA/javassist-3.21.0-GA.jar
  - /opt/defects4j/framework/projects/Compress/lib/org/powermock/powermock-api-mockito/1.7.0/powermock-api-mockito-1.7.0.jar
  - /opt/defects4j/framework/projects/Compress/lib/org/powermock/powermock-api-mockito-common/1.7.0/powermock-api-mockito-common-1.7.0.jar
  - /opt/defects4j/framework/projects/Compress/lib/org/powermock/powermock-api-support/1.7.0/powermock-api-support-1.7.0.jar
  - /opt/defects4j/framework/projects/Compress/lib/org/mockito/mockito-core/1.10.19/mockito-core-1.10.19.jar
  - /work/Compress_46f/target/test-classes
[MASTER] 22:11:34.562 [logback-1] WARN  InheritanceTree - Class not in inheritance graph: java.util.Locale$IsoCountryCode
* Finished analyzing classpath
* Generating tests for class org.apache.commons.compress.archivers.zip.X5455_ExtendedTimestamp
* Test criteria:
  - Line Coverage
  - Branch Coverage
  - Exception
* Setting up search algorithm for whole suite generation
* Total number of test goals: 
  - Line 117
  - Branch 117
  - Exception 0

[Progress:>                             0%] [Cov:>                                  0%]* Using seed 1
* Starting evolution

[Progress:>                             0%] [Cov:=======>                           22%]
[Progress:>                             0%] [Cov:==============>                    40%]
[Progress:>                             0%] [Cov:=========================>         74%]
[Progress:>                             1%] [Cov:======>                            19%]
[Progress:>                             1%] [Cov:==========>                        31%]
[Progress:>                             1%] [Cov:======================>            64%]
[Progress:>                             1%] [Cov:========================>          70%]
[Progress:>                             1%] [Cov:========================>          71%]
[Progress:>                             1%] [Cov:=========================>         74%]
[Progress:>                             1%] [Cov:=========================>         74%]
[Progress:>                             1%] [Cov:==========================>        75%]
[Progress:>                             1%] [Cov:==========================>        76%]
[Progress:>                             1%] [Cov:================================>  94%]
[Progress:>                             1%] [Cov:================================>  94%]
[Progress:>                             1%] [Cov:================================>  94%]
[Progress:>                             1%] [Cov:================================>  94%]
[Progress:>                             3%] [Cov:================================>  94%]
[Progress:>                             3%] [Cov:================================>  94%]
[Progress:>                             3%] [Cov:================================>  94%]
[Progress:>                             3%] [Cov:================================>  94%]
[Progress:>                             3%] [Cov:================================>  94%]
[Progress:>                             3%] [Cov:================================>  94%]
[Progress:>                             3%] [Cov:================================>  94%]
[Progress:>                             3%] [Cov:================================>  94%]
[Progress:>                             3%] [Cov:================================>  94%]
[Progress:>                             3%] [Cov:================================>  94%]
[Progress:=>                            5%] [Cov:================================>  94%]
[Progress:=>                            5%] [Cov:================================>  94%]
[Progress:=>                            5%] [Cov:================================>  94%]
[Progress:=>                            5%] [Cov:================================>  94%]
[Progress:=>                            5%] [Cov:================================>  94%]
[Progress:=>                            5%] [Cov:================================>  94%]
[Progress:=>                            5%] [Cov:================================>  94%]
[Progress:=>                            5%] [Cov:================================>  94%]
[Progress:=>                            5%] [Cov:================================>  94%]
[Progress:=>                            5%] [Cov:================================>  94%]
[Progress:=>                            5%] [Cov:================================>  94%]
[Progress:=>                            5%] [Cov:================================>  94%]
[Progress:=>                            5%] [Cov:================================>  94%]
[Progress:=>                            6%] [Cov:================================>  94%]
[Progress:=>                            6%] [Cov:================================>  94%]
[Progress:=>                            6%] [Cov:================================>  94%]
[Progress:=>                            6%] [Cov:================================>  94%]
[Progress:=>                            6%] [Cov:================================>  94%]
[Progress:=>                            6%] [Cov:================================>  94%]
[Progress:=>                            6%] [Cov:================================>  94%]
[Progress:=>                            6%] [Cov:================================>  94%]
[Progress:=>                            6%] [Cov:================================>  94%]
[Progress:=>                            6%] [Cov:================================>  94%]
[Progress:=>                            6%] [Cov:================================>  94%]
[Progress:=>                            6%] [Cov:================================>  94%]
[Progress:=>                            6%] [Cov:================================>  94%]
[Progress:=>                            6%] [Cov:================================>  94%]
[Progress:=>                            6%] [Cov:================================>  94%]
[Progress:==>                           8%] [Cov:================================>  94%]
[Progress:==>                           8%] [Cov:=================================> 95%]
[Progress:==>                           8%] [Cov:=================================> 96%]
[Progress:==>                           8%] [Cov:=================================> 96%]
[Progress:==>                           8%] [Cov:=================================> 96%]
[Progress:==>                           8%] [Cov:=================================> 96%]
[Progress:==>                           8%] [Cov:=================================> 96%]
[Progress:==>                           8%] [Cov:=================================> 96%]
[Progress:==>                           8%] [Cov:=================================> 96%]
[Progress:==>                           8%] [Cov:=================================> 96%]
[Progress:==>                           8%] [Cov:=================================> 96%]
[Progress:==>                           8%] [Cov:=================================> 96%]
[Progress:==>                           8%] [Cov:=================================> 96%]
[Progress:==>                           8%] [Cov:=================================> 96%]
[Progress:==>                           8%] [Cov:=================================> 96%]
[Progress:==>                           8%] [Cov:=================================> 96%]
[Progress:==>                           8%] [Cov:=================================> 96%]
[Progress:==>                           8%] [Cov:=================================> 96%]
[Progress:===>                          10%] [Cov:=================================> 96%]
[Progress:===>                          10%] [Cov:=================================> 96%]
[Progress:===>                          10%] [Cov:=================================> 97%]
[Progress:===>                          10%] [Cov:=================================> 97%]
[Progress:===>                          10%] [Cov:=================================> 97%]
[Progress:===>                          10%] [Cov:=================================> 97%]
[Progress:===>                          10%] [Cov:=================================> 97%]
[Progress:===>                          10%] [Cov:=================================> 97%]
[Progress:===>                          10%] [Cov:=================================> 97%]
[Progress:===>                          10%] [Cov:=================================> 97%]
[Progress:===>                          10%] [Cov:=================================> 97%]
[Progress:===>                          10%] [Cov:=================================> 97%]
[Progress:===>                          10%] [Cov:=================================> 97%]
[Progress:===>                          10%] [Cov:=================================> 97%]
[Progress:===>                          11%] [Cov:=================================> 97%]
[Progress:===>                          11%] [Cov:=================================> 97%]
[Progress:===>                          11%] [Cov:=================================> 97%]
[Progress:===>                          11%] [Cov:=================================> 97%]
[Progress:===>                          11%] [Cov:=================================> 97%]
[Progress:===>                          11%] [Cov:=================================> 97%]
[Progress:===>                          11%] [Cov:=================================> 97%]
[Progress:===>                          11%] [Cov:=================================> 97%]
[Progress:===>                          11%] [Cov:=================================> 97%]
[Progress:===>                          11%] [Cov:=================================> 97%]
[Progress:===>                          11%] [Cov:=================================> 97%]
[Progress:===>                          11%] [Cov:=================================> 97%]
[Progress:===>                          11%] [Cov:=================================> 97%]
[Progress:===>                          11%] [Cov:=================================> 97%]
[Progress:===>                          11%] [Cov:=================================> 97%]
[Progress:===>                          11%] [Cov:=================================> 97%]
[Progress:===>                          11%] [Cov:=================================> 97%]
[Progress:===>                          13%] [Cov:=================================> 97%]
[Progress:===>                          13%] [Cov:=================================> 97%]
[Progress:===>                          13%] [Cov:=================================> 97%]
[Progress:===>                          13%] [Cov:=================================> 97%]
[Progress:===>                          13%] [Cov:=================================> 97%]
[Progress:===>                          13%] [Cov:=================================> 97%]
[Progress:===>                          13%] [Cov:=================================> 97%]
[Progress:===>                          13%] [Cov:=================================> 97%]
[Progress:===>                          13%] [Cov:=================================> 97%]
[Progress:===>                          13%] [Cov:==================================>98%]
[Progress:===>                          13%] [Cov:==================================>98%]
[Progress:===>                          13%] [Cov:==================================>98%]
[Progress:===>                          13%] [Cov:==================================>98%]
[Progress:===>                          13%] [Cov:==================================>98%]
[Progress:===>                          13%] [Cov:==================================>98%]
[Progress:===>                          13%] [Cov:==================================>98%]
[Progress:===>                          13%] [Cov:==================================>98%]
[Progress:====>                         15%] [Cov:==================================>98%]
[Progress:====>                         15%] [Cov:==================================>99%]
[Progress:====>                         15%] [Cov:==================================>99%]
[Progress:====>                         15%] [Cov:==================================>99%]
[Progress:====>                         15%] [Cov:==================================>99%]
[Progress:====>                         15%] [Cov:==================================>99%]
[Progress:====>                         15%] [Cov:==================================>99%]
[Progress:====>                         15%] [Cov:==================================>99%]
[Progress:====>                         15%] [Cov:==================================>99%]
[Progress:====>                         15%] [Cov:==================================>99%]
[Progress:====>                         15%] [Cov:==================================>99%]
[Progress:====>                         15%] [Cov:==================================>99%]
[Progress:====>                         15%] [Cov:==================================>99%]
[Progress:====>                         15%] [Cov:==================================>99%]
[Progress:====>                         15%] [Cov:==================================>99%]
[Progress:====>                         15%] [Cov:==================================>99%]
[Progress:====>                         15%] [Cov:==================================>99%]
[Progress:====>                         16%] [Cov:==================================>99%]
[Progress:====>                         16%] [Cov:==================================>99%]
[Progress:====>                         16%] [Cov:==================================>99%]
[Progress:====>                         16%] [Cov:==================================>99%]
[Progress:====>                         16%] [Cov:==================================>99%]
[Progress:====>                         16%] [Cov:==================================>99%]
[Progress:====>                         16%] [Cov:==================================>99%]
[Progress:====>                         16%] [Cov:==================================>99%]
[Progress:====>                         16%] [Cov:==================================>99%]
[Progress:====>                         16%] [Cov:==================================>99%]
[Progress:====>                         16%] [Cov:==================================>99%]
[Progress:====>                         16%] [Cov:==================================>99%]
[Progress:====>                         16%] [Cov:==================================>99%]
[Progress:====>                         16%] [Cov:==================================>99%]
[Progress:====>                         16%] [Cov:==================================>99%]
[Progress:====>                         16%] [Cov:==================================>99%]
[Progress:====>                         16%] [Cov:==================================>99%]
[Progress:=====>                        18%] [Cov:==================================>99%]
[Progress:=====>                        18%] [Cov:==================================>99%]
[Progress:=====>                        18%] [Cov:==================================>99%]
[Progress:=====>                        18%] [Cov:==================================>99%]
[Progress:=====>                        18%] [Cov:==================================>99%]
[Progress:=====>                        18%] [Cov:==================================>99%]
[Progress:=====>                        18%] [Cov:==================================>99%]
[Progress:=====>                        18%] [Cov:==================================>99%]
[Progress:=====>                        18%] [Cov:==================================>99%]
[Progress:=====>                        18%] [Cov:==================================>99%]
[Progress:=====>                        18%] [Cov:==================================>99%]
[Progress:=====>                        18%] [Cov:==================================>99%]
[Progress:=====>                        18%] [Cov:==================================>99%]
[Progress:=====>                        18%] [Cov:==================================>99%]
[Progress:=====>                        18%] [Cov:==================================>99%]
[Progress:=====>                        18%] [Cov:==================================>99%]
[Progress:=====>                        18%] [Cov:==================================>99%]
[Progress:======>                       20%] [Cov:==================================>99%]
[Progress:======>                       20%] [Cov:==================================>99%]
[Progress:======>                       20%] [Cov:==================================>99%]
[Progress:======>                       20%] [Cov:==================================>99%][MASTER] 22:11:46.941 [logback-1] WARN  TestCluster - Failed to check cache for java.util.List<E> : Type points to itself

[Progress:======>                       20%] [Cov:==================================>99%]
[Progress:======>                       20%] [Cov:==================================>99%]
[Progress:======>                       20%] [Cov:==================================>99%]
[Progress:======>                       20%] [Cov:==================================>99%]
[Progress:======>                       20%] [Cov:==================================>99%]
[Progress:======>                       20%] [Cov:==================================>99%]
[Progress:======>                       20%] [Cov:==================================>99%]
[Progress:======>                       20%] [Cov:==================================>99%]
[Progress:======>                       20%] [Cov:==================================>99%]
[Progress:======>                       20%] [Cov:==================================>99%]
[Progress:======>                       20%] [Cov:==================================>99%]
[Progress:======>                       20%] [Cov:==================================>99%]
[Progress:======>                       20%] [Cov:==================================>99%]
[Progress:======>                       21%] [Cov:==================================>99%]
[Progress:======>                       21%] [Cov:==================================>99%]
[Progress:======>                       21%] [Cov:==================================>99%]
[Progress:======>                       21%] [Cov:==================================>99%]
[Progress:======>                       21%] [Cov:==================================>99%]
[Progress:======>                       21%] [Cov:==================================>99%]
[Progress:======>                       21%] [Cov:==================================>99%]
[Progress:======>                       21%] [Cov:==================================>99%]
[Progress:======>                       21%] [Cov:==================================>99%]
[Progress:======>                       21%] [Cov:==================================>99%]
[Progress:======>                       21%] [Cov:==================================>99%]
[Progress:======>                       21%] [Cov:==================================>99%]
[Progress:======>                       21%] [Cov:==================================>99%]
[Progress:======>                       21%] [Cov:==================================>99%]
[Progress:======>                       21%] [Cov:==================================>99%]
[Progress:======>                       21%] [Cov:==================================>99%]
[Progress:======>                       21%] [Cov:==================================>99%]
[Progress:======>                       21%] [Cov:==================================>99%]
[Progress:======>                       21%] [Cov:==================================>99%]
[Progress:======>                       23%] [Cov:==================================>99%]
[Progress:======>                       23%] [Cov:==================================>99%]
[Progress:======>                       23%] [Cov:==================================>99%]
[Progress:======>                       23%] [Cov:==================================>99%]
[Progress:======>                       23%] [Cov:==================================>99%]
[Progress:======>                       23%] [Cov:==================================>99%]
[Progress:======>                       23%] [Cov:==================================>99%]
[Progress:======>                       23%] [Cov:==================================>99%]
[Progress:======>                       23%] [Cov:==================================>99%]
[Progress:======>                       23%] [Cov:==================================>99%]
[Progress:======>                       23%] [Cov:==================================>99%]
[Progress:======>                       23%] [Cov:==================================>99%]
[Progress:======>                       23%] [Cov:==================================>99%]
[Progress:======>                       23%] [Cov:==================================>99%]
[Progress:======>                       23%] [Cov:==================================>99%]
[Progress:======>                       23%] [Cov:==================================>99%]
[Progress:======>                       23%] [Cov:==================================>99%]
[Progress:======>                       23%] [Cov:==================================>99%]
[Progress:======>                       23%] [Cov:==================================>99%]
[Progress:======>                       23%] [Cov:==================================>99%]
[Progress:=======>                      25%] [Cov:==================================>99%]
[Progress:=======>                      25%] [Cov:==================================>99%]
[Progress:=======>                      25%] [Cov:==================================>99%]
[Progress:=======>                      25%] [Cov:==================================>99%]
[Progress:=======>                      25%] [Cov:==================================>99%]
[Progress:=======>                      25%] [Cov:==================================>99%]
[Progress:=======>                      25%] [Cov:==================================>99%]
[Progress:=======>                      25%] [Cov:==================================>99%]
[Progress:=======>                      25%] [Cov:==================================>99%]
[Progress:=======>                      25%] [Cov:==================================>99%]
[Progress:=======>                      25%] [Cov:==================================>99%]
[Progress:=======>                      25%] [Cov:==================================>99%]
[Progress:=======>                      25%] [Cov:==================================>99%]
[Progress:=======>                      25%] [Cov:==================================>99%]
[Progress:=======>                      25%] [Cov:==================================>99%]
[Progress:=======>                      25%] [Cov:==================================>99%]
[Progress:=======>                      25%] [Cov:==================================>99%]
[Progress:=======>                      25%] [Cov:==================================>99%]
[Progress:=======>                      25%] [Cov:==================================>99%]
[Progress:=======>                      25%] [Cov:==================================>99%]
[Progress:=======>                      25%] [Cov:==================================>99%]
[Progress:=======>                      26%] [Cov:==================================>99%]
[Progress:=======>                      26%] [Cov:==================================>99%]
[Progress:=======>                      26%] [Cov:==================================>99%]
[Progress:=======>                      26%] [Cov:==================================>99%]
[Progress:=======>                      26%] [Cov:==================================>99%]
[Progress:=======>                      26%] [Cov:==================================>99%]
[Progress:=======>                      26%] [Cov:==================================>99%]
[Progress:=======>                      26%] [Cov:==================================>99%]
[Progress:=======>                      26%] [Cov:==================================>99%]
[Progress:=======>                      26%] [Cov:==================================>99%]
[Progress:=======>                      26%] [Cov:==================================>99%]
[Progress:=======>                      26%] [Cov:==================================>99%]
[Progress:=======>                      26%] [Cov:==================================>99%]
[Progress:=======>                      26%] [Cov:==================================>99%]
[Progress:=======>                      26%] [Cov:==================================>99%]
[Progress:=======>                      26%] [Cov:==================================>99%]
[Progress:=======>                      26%] [Cov:==================================>99%]
[Progress:=======>                      26%] [Cov:==================================>99%]
[Progress:=======>                      26%] [Cov:==================================>99%]
[Progress:=======>                      26%] [Cov:==================================>99%]
[Progress:=======>                      26%] [Cov:==================================>99%]
[Progress:========>                     28%] [Cov:==================================>99%]
[Progress:========>                     28%] [Cov:==================================>99%]
[Progress:========>                     28%] [Cov:==================================>99%]
[Progress:========>                     28%] [Cov:==================================>99%]
[Progress:========>                     28%] [Cov:==================================>99%]
[Progress:========>                     28%] [Cov:==================================>99%]
[Progress:========>                     28%] [Cov:==================================>99%]
[Progress:========>                     28%] [Cov:==================================>99%]
[Progress:========>                     28%] [Cov:==================================>99%]
[Progress:========>                     28%] [Cov:==================================>99%]
[Progress:========>                     28%] [Cov:==================================>99%]
[Progress:========>                     28%] [Cov:==================================>99%]
[Progress:========>                     28%] [Cov:==================================>99%]
[Progress:========>                     28%] [Cov:==================================>99%]
[Progress:========>                     28%] [Cov:==================================>99%]
[Progress:========>                     28%] [Cov:==================================>99%]
[Progress:========>                     28%] [Cov:==================================>99%]
[Progress:========>                     28%] [Cov:==================================>99%]
[Progress:========>                     28%] [Cov:==================================>99%]
[Progress:========>                     28%] [Cov:==================================>99%]
[Progress:========>                     28%] [Cov:==================================>99%]
[Progress:=========>                    30%] [Cov:==================================>99%]
[Progress:=========>                    30%] [Cov:==================================>99%]
[Progress:=========>                    30%] [Cov:==================================>99%]
[Progress:=========>                    30%] [Cov:==================================>99%]
[Progress:=========>                    30%] [Cov:==================================>99%]
[Progress:=========>                    30%] [Cov:==================================>99%]
[Progress:=========>                    30%] [Cov:==================================>99%]
[Progress:=========>                    30%] [Cov:==================================>99%]
[Progress:=========>                    30%] [Cov:==================================>99%]
[Progress:=========>                    30%] [Cov:==================================>99%]
[Progress:=========>                    30%] [Cov:==================================>99%]
[Progress:=========>                    30%] [Cov:==================================>99%]
[Progress:=========>                    30%] [Cov:==================================>99%]
[Progress:=========>                    30%] [Cov:==================================>99%]
[Progress:=========>                    30%] [Cov:==================================>99%]
[Progress:=========>                    30%] [Cov:==================================>99%]
[Progress:=========>                    30%] [Cov:==================================>99%]
[Progress:=========>                    30%] [Cov:==================================>99%]
[Progress:=========>                    30%] [Cov:==================================>99%]
[Progress:=========>                    30%] [Cov:==================================>99%]
[Progress:=========>                    30%] [Cov:==================================>99%]
[Progress:=========>                    31%] [Cov:==================================>99%]
[Progress:=========>                    31%] [Cov:==================================>99%]
[Progress:=========>                    31%] [Cov:==================================>99%]
[Progress:=========>                    31%] [Cov:==================================>99%]
[Progress:=========>                    31%] [Cov:==================================>99%]
[Progress:=========>                    31%] [Cov:==================================>99%]
[Progress:=========>                    31%] [Cov:==================================>99%]
[Progress:=========>                    31%] [Cov:==================================>99%]
[Progress:=========>                    31%] [Cov:==================================>99%]
[Progress:=========>                    31%] [Cov:==================================>99%]
[Progress:=========>                    31%] [Cov:==================================>99%]
[Progress:=========>                    31%] [Cov:==================================>99%]
[Progress:=========>                    31%] [Cov:==================================>99%]
[Progress:=========>                    31%] [Cov:==================================>99%]
[Progress:=========>                    31%] [Cov:==================================>99%]
[Progress:=========>                    31%] [Cov:==================================>99%]
[Progress:=========>                    31%] [Cov:==================================>99%]
[Progress:=========>                    31%] [Cov:==================================>99%]
[Progress:=========>                    31%] [Cov:==================================>99%]
[Progress:=========>                    31%] [Cov:==================================>99%]
[Progress:=========>                    31%] [Cov:==================================>99%]
[Progress:=========>                    33%] [Cov:==================================>99%]
[Progress:=========>                    33%] [Cov:==================================>99%]
[Progress:=========>                    33%] [Cov:==================================>99%]
[Progress:=========>                    33%] [Cov:==================================>99%]
[Progress:=========>                    33%] [Cov:==================================>99%]
[Progress:=========>                    33%] [Cov:==================================>99%]
[Progress:=========>                    33%] [Cov:==================================>99%]
[Progress:=========>                    33%] [Cov:==================================>99%]
[Progress:=========>                    33%] [Cov:===================================100%]
[Progress:=========>                    33%] [Cov:===================================100%]
[Progress:=========>                    33%] [Cov:===================================100%]
[Progress:=========>                    33%] [Cov:===================================100%]
[Progress:=========>                    33%] [Cov:===================================100%]
[Progress:=========>                    33%] [Cov:===================================100%]
[Progress:=========>                    33%] [Cov:===================================100%]
[Progress:=========>                    33%] [Cov:===================================100%]
[Progress:=========>                    33%] [Cov:===================================100%]
[Progress:=========>                    33%] [Cov:===================================100%]
[Progress:=========>                    33%] [Cov:===================================100%]
[Progress:=========>                    33%] [Cov:===================================100%]
[Progress:=========>                    33%] [Cov:===================================100%]
[Progress:=========>                    33%] [Cov:===================================100%]
[Progress:=========>                    33%] [Cov:===================================100%]
[Progress:=========>                    33%] [Cov:===================================100%]
[Progress:=========>                    33%] [Cov:===================================100%]
[Progress:==========>                   35%] [Cov:===================================100%]
[Progress:==========>                   35%] [Cov:===================================100%]
[Progress:==========>                   35%] [Cov:===================================100%]
[Progress:==========>                   35%] [Cov:===================================100%]
[Progress:==========>                   35%] [Cov:===================================100%]
[Progress:==========>                   35%] [Cov:===================================100%]
[Progress:==========>                   35%] [Cov:===================================100%]
[Progress:==========>                   35%] [Cov:===================================100%]
[Progress:==========>                   35%] [Cov:===================================100%]
[Progress:==========>                   35%] [Cov:===================================100%]
[Progress:==========>                   35%] [Cov:===================================100%]
[Progress:==========>                   35%] [Cov:===================================100%]
[Progress:==========>                   35%] [Cov:===================================100%]
[Progress:==========>                   35%] [Cov:===================================100%]
[Progress:==========>                   35%] [Cov:===================================100%]
[Progress:==========>                   35%] [Cov:===================================100%]
[Progress:==========>                   35%] [Cov:===================================100%]
[Progress:==========>                   35%] [Cov:===================================100%]
[Progress:==========>                   35%] [Cov:===================================100%]
[Progress:==========>                   35%] [Cov:===================================100%]
[Progress:==========>                   35%] [Cov:===================================100%]
[Progress:==========>                   35%] [Cov:===================================100%]
[Progress:==========>                   35%] [Cov:===================================100%]
[Progress:==========>                   35%] [Cov:===================================100%]
[Progress:==========>                   35%] [Cov:===================================100%]
[Progress:==========>                   36%] [Cov:===================================100%]
[Progress:==========>                   36%] [Cov:===================================100%]
[Progress:==========>                   36%] [Cov:===================================100%]
[Progress:==========>                   36%] [Cov:===================================100%]
[Progress:==========>                   36%] [Cov:===================================100%]
[Progress:==========>                   36%] [Cov:===================================100%]
[Progress:==========>                   36%] [Cov:===================================100%]
[Progress:==========>                   36%] [Cov:===================================100%]
[Progress:==========>                   36%] [Cov:===================================100%]
[Progress:==========>                   36%] [Cov:===================================100%]
[Progress:==========>                   36%] [Cov:===================================100%]
[Progress:==========>                   36%] [Cov:===================================100%]
[Progress:==========>                   36%] [Cov:===================================100%]
[Progress:==========>                   36%] [Cov:===================================100%]
[Progress:==========>                   36%] [Cov:===================================100%]
[Progress:==========>                   36%] [Cov:===================================100%]
[Progress:==========>                   36%] [Cov:===================================100%]
[Progress:==========>                   36%] [Cov:===================================100%]
[Progress:==========>                   36%] [Cov:===================================100%]
[Progress:==========>                   36%] [Cov:===================================100%]
[Progress:==========>                   36%] [Cov:===================================100%]
[Progress:==========>                   36%] [Cov:===================================100%]
[Progress:==========>                   36%] [Cov:===================================100%]
[Progress:==========>                   36%] [Cov:===================================100%]
[Progress:==========>                   36%] [Cov:===================================100%]
[Progress:===========>                  38%] [Cov:===================================100%]
[Progress:===========>                  38%] [Cov:===================================100%]
[Progress:===========>                  38%] [Cov:===================================100%]
[Progress:===========>                  38%] [Cov:===================================100%]
[Progress:===========>                  38%] [Cov:===================================100%]
[Progress:===========>                  38%] [Cov:===================================100%]
[Progress:===========>                  38%] [Cov:===================================100%]
[Progress:===========>                  38%] [Cov:===================================100%]
[Progress:===========>                  38%] [Cov:===================================100%]
[Progress:===========>                  38%] [Cov:===================================100%]
[Progress:===========>                  38%] [Cov:===================================100%]
[Progress:===========>                  38%] [Cov:===================================100%]
[Progress:===========>                  38%] [Cov:===================================100%]
[Progress:===========>                  38%] [Cov:===================================100%]
[Progress:===========>                  38%] [Cov:===================================100%]
[Progress:===========>                  38%] [Cov:===================================100%]
[Progress:===========>                  38%] [Cov:===================================100%]
[Progress:===========>                  38%] [Cov:===================================100%]
[Progress:===========>                  38%] [Cov:===================================100%]
[Progress:===========>                  38%] [Cov:===================================100%]
[Progress:===========>                  38%] [Cov:===================================100%]
[Progress:===========>                  38%] [Cov:===================================100%]
[Progress:===========>                  38%] [Cov:===================================100%]
[Progress:===========>                  38%] [Cov:===================================100%]
[Progress:===========>                  38%] [Cov:===================================100%]
[Progress:===========>                  38%] [Cov:===================================100%]
[Progress:===========>                  38%] [Cov:===================================100%]
[Progress:============>                 40%] [Cov:===================================100%]
[Progress:============>                 40%] [Cov:===================================100%]
[Progress:============>                 40%] [Cov:===================================100%]
[Progress:============>                 40%] [Cov:===================================100%]
[Progress:============>                 40%] [Cov:===================================100%]
[Progress:============>                 40%] [Cov:===================================100%]
[Progress:============>                 40%] [Cov:===================================100%]
[Progress:============>                 40%] [Cov:===================================100%]
[Progress:============>                 40%] [Cov:===================================100%]
[Progress:============>                 40%] [Cov:===================================100%]
[Progress:============>                 40%] [Cov:===================================100%]
[Progress:============>                 40%] [Cov:===================================100%]
[Progress:============>                 40%] [Cov:===================================100%]
[Progress:============>                 40%] [Cov:===================================100%]
[Progress:============>                 40%] [Cov:===================================100%]
[Progress:============>                 40%] [Cov:===================================100%]
[Progress:============>                 40%] [Cov:===================================100%]
[Progress:============>                 40%] [Cov:===================================100%]
[Progress:============>                 40%] [Cov:===================================100%]
[Progress:============>                 40%] [Cov:===================================100%]
[Progress:============>                 40%] [Cov:===================================100%]
[Progress:============>                 40%] [Cov:===================================100%]
[Progress:============>                 40%] [Cov:===================================100%]
[Progress:============>                 40%] [Cov:===================================100%]
[Progress:============>                 40%] [Cov:===================================100%]
[Progress:============>                 40%] [Cov:===================================100%]
[Progress:============>                 40%] [Cov:===================================100%]
[Progress:============>                 41%] [Cov:===================================100%]
[Progress:============>                 41%] [Cov:===================================100%]
[Progress:============>                 41%] [Cov:===================================100%]
[Progress:============>                 41%] [Cov:===================================100%]
[Progress:============>                 41%] [Cov:===================================100%]
[Progress:============>                 41%] [Cov:===================================100%]
[Progress:============>                 41%] [Cov:===================================100%]
[Progress:============>                 41%] [Cov:===================================100%]
[Progress:============>                 41%] [Cov:===================================100%]
[Progress:============>                 41%] [Cov:===================================100%]
[Progress:============>                 41%] [Cov:===================================100%]
[Progress:============>                 41%] [Cov:===================================100%]
[Progress:============>                 41%] [Cov:===================================100%]
[Progress:============>                 41%] [Cov:===================================100%]
[Progress:============>                 41%] [Cov:===================================100%]
[Progress:============>                 41%] [Cov:===================================100%]
[Progress:============>                 41%] [Cov:===================================100%]
[Progress:============>                 41%] [Cov:===================================100%]
[Progress:============>                 41%] [Cov:===================================100%]
[Progress:============>                 41%] [Cov:===================================100%]
[Progress:============>                 41%] [Cov:===================================100%]
[Progress:============>                 41%] [Cov:===================================100%]
[Progress:============>                 41%] [Cov:===================================100%]
[Progress:============>                 41%] [Cov:===================================100%]
[Progress:============>                 41%] [Cov:===================================100%]
[Progress:============>                 41%] [Cov:===================================100%]
[Progress:============>                 41%] [Cov:===================================100%]
[Progress:============>                 41%] [Cov:===================================100%]
[Progress:============>                 43%] [Cov:===================================100%]
[Progress:============>                 43%] [Cov:===================================100%]
[Progress:============>                 43%] [Cov:===================================100%]
[Progress:============>                 43%] [Cov:===================================100%]
* Search finished after 26s and 450 generations, 248610 statements, best individual has fitness: 0.09090909090909091
* Minimizing test suite
* Going to analyze the coverage criteria
* Coverage analysis for criterion LINE
* Coverage of criterion LINE: 100%
* Total number of goals: 117
* Number of covered goals: 117
* Coverage analysis for criterion BRANCH
* Coverage of criterion BRANCH: 100%
* Total number of goals: 117
* Number of covered goals: 117
* Coverage analysis for criterion EXCEPTION
* Coverage of criterion EXCEPTION: 100%
* Total number of goals: 10
* Number of covered goals: 10
* Generated 45 tests with total length 175
* Resulting test suite's coverage: 100% (average coverage for all fitness functions)
* Generating assertions
* Resulting test suite's mutation score: 60%
* Compiling and checking tests
* Writing tests to file
* Writing JUnit test case 'X5455_ExtendedTimestamp_ESTest' to /work/evo_out/Compress_46f/budget60_seed1/tests
* Done!

* Computation finished

[exit=0 timeout=False time=38.6s]

$ javac -nowarn -cp /work/Compress_46f/target/classes:/opt/defects4j/framework/projects/lib/junit-4.12-hamcrest-1.3.jar:/opt/defects4j/framework/projects/Compress/lib/org/objenesis/objenesis/2.6/objenesis-2.6.jar:/opt/defects4j/framework/projects/Compress/lib/org/brotli/dec/0.1.2/dec-0.1.2.jar:/opt/defects4j/framework/projects/Compress/lib/org/tukaani/xz/1.6/xz-1.6.jar:/opt/defects4j/framework/projects/Compress/lib/org/powermock/powermock-reflect/1.7.0/powermock-reflect-1.7.0.jar:/opt/defects4j/framework/projects/Compress/lib/org/powermock/powermock-core/1.7.0/powermock-core-1.7.0.jar:/opt/defects4j/framework/projects/Compress/lib/org/javassist/javassist/3.21.0-GA/javassist-3.21.0-GA.jar:/opt/defects4j/framework/projects/Compress/lib/org/powermock/powermock-api-mockito/1.7.0/powermock-api-mockito-1.7.0.jar:/opt/defects4j/framework/projects/Compress/lib/org/powermock/powermock-api-mockito-common/1.7.0/powermock-api-mockito-common-1.7.0.jar:/opt/defects4j/framework/projects/Compress/lib/org/powermock/powermock-api-support/1.7.0/powermock-api-support-1.7.0.jar:/opt/defects4j/framework/projects/Compress/lib/org/mockito/mockito-core/1.10.19/mockito-core-1.10.19.jar:/work/Compress_46f/target/classes:/work/Compress_46f/target/test-classes:/opt/evosuite/evosuite-standalone-runtime-1.2.0.jar -d /work/evo_out/Compress_46f/budget60_seed1/classes /work/evo_out/Compress_46f/budget60_seed1/tests/org/apache/commons/compress/archivers/zip/X5455_ExtendedTimestamp_ESTest.java /work/evo_out/Compress_46f/budget60_seed1/tests/org/apache/commons/compress/archivers/zip/X5455_ExtendedTimestamp_ESTest_scaffolding.java

[exit=0 timeout=False time=0.6s]

$ java -jar /opt/jacoco/lib/jacococli.jar instrument /work/Compress_46f/target/classes --dest /work/evo_out/Compress_46f/budget60_seed1/instrumented
[INFO] 294 classes instrumented to /work/evo_out/Compress_46f/budget60_seed1/instrumented.

[exit=0 timeout=False time=0.3s]

$ java -Djacoco-agent.destfile=/workspace/EvoSuite/Result_Round1/Compress_46/budget60_seed1/jacoco.exec -cp /work/evo_out/Compress_46f/budget60_seed1/instrumented:/work/evo_out/Compress_46f/budget60_seed1/classes:/opt/defects4j/framework/projects/lib/junit-4.12-hamcrest-1.3.jar:/opt/defects4j/framework/projects/Compress/lib/org/objenesis/objenesis/2.6/objenesis-2.6.jar:/opt/defects4j/framework/projects/Compress/lib/org/brotli/dec/0.1.2/dec-0.1.2.jar:/opt/defects4j/framework/projects/Compress/lib/org/tukaani/xz/1.6/xz-1.6.jar:/opt/defects4j/framework/projects/Compress/lib/org/powermock/powermock-reflect/1.7.0/powermock-reflect-1.7.0.jar:/opt/defects4j/framework/projects/Compress/lib/org/powermock/powermock-core/1.7.0/powermock-core-1.7.0.jar:/opt/defects4j/framework/projects/Compress/lib/org/javassist/javassist/3.21.0-GA/javassist-3.21.0-GA.jar:/opt/defects4j/framework/projects/Compress/lib/org/powermock/powermock-api-mockito/1.7.0/powermock-api-mockito-1.7.0.jar:/opt/defects4j/framework/projects/Compress/lib/org/powermock/powermock-api-mockito-common/1.7.0/powermock-api-mockito-common-1.7.0.jar:/opt/defects4j/framework/projects/Compress/lib/org/powermock/powermock-api-support/1.7.0/powermock-api-support-1.7.0.jar:/opt/defects4j/framework/projects/Compress/lib/org/mockito/mockito-core/1.10.19/mockito-core-1.10.19.jar:/work/Compress_46f/target/classes:/work/Compress_46f/target/test-classes:/opt/evosuite/evosuite-standalone-runtime-1.2.0.jar:/opt/jacoco/lib/jacocoagent.jar org.junit.runner.JUnitCore org.apache.commons.compress.archivers.zip.X5455_ExtendedTimestamp_ESTest
JUnit version 4.12
.............................................
Time: 0.43

OK (45 tests)

SLF4J: Failed to load class "org.slf4j.impl.StaticLoggerBinder".
SLF4J: Defaulting to no-operation (NOP) logger implementation
SLF4J: See http://www.slf4j.org/codes.html#StaticLoggerBinder for further details.
WARNING: An illegal reflective access operation has occurred
WARNING: Illegal reflective access by org.evosuite.runtime.GuiSupport (file:/opt/evosuite/evosuite-standalone-runtime-1.2.0.jar) to field java.awt.GraphicsEnvironment.headless
WARNING: Please consider reporting this to the maintainers of org.evosuite.runtime.GuiSupport
WARNING: Use --illegal-access=warn to enable warnings of further illegal reflective access operations
WARNING: All illegal access operations will be denied in a future release

[exit=0 timeout=False time=0.7s]

$ java -jar /opt/jacoco/lib/jacococli.jar report /workspace/EvoSuite/Result_Round1/Compress_46/budget60_seed1/jacoco.exec --classfiles /work/Compress_46f/target/classes --csv /workspace/EvoSuite/Result_Round1/Compress_46/budget60_seed1/jacoco.csv
[INFO] Loading execution data file /workspace/EvoSuite/Result_Round1/Compress_46/budget60_seed1/jacoco.exec.
[INFO] Analyzing 264 classes.

[exit=0 timeout=False time=0.4s]

$ java -cp /work/evo_out/Compress_46f/budget60_seed1/classes:/opt/defects4j/framework/projects/lib/junit-4.12-hamcrest-1.3.jar:/opt/defects4j/framework/projects/Compress/lib/org/objenesis/objenesis/2.6/objenesis-2.6.jar:/opt/defects4j/framework/projects/Compress/lib/org/brotli/dec/0.1.2/dec-0.1.2.jar:/opt/defects4j/framework/projects/Compress/lib/org/tukaani/xz/1.6/xz-1.6.jar:/opt/defects4j/framework/projects/Compress/lib/org/powermock/powermock-reflect/1.7.0/powermock-reflect-1.7.0.jar:/opt/defects4j/framework/projects/Compress/lib/org/powermock/powermock-core/1.7.0/powermock-core-1.7.0.jar:/opt/defects4j/framework/projects/Compress/lib/org/javassist/javassist/3.21.0-GA/javassist-3.21.0-GA.jar:/opt/defects4j/framework/projects/Compress/lib/org/powermock/powermock-api-mockito/1.7.0/powermock-api-mockito-1.7.0.jar:/opt/defects4j/framework/projects/Compress/lib/org/powermock/powermock-api-mockito-common/1.7.0/powermock-api-mockito-common-1.7.0.jar:/opt/defects4j/framework/projects/Compress/lib/org/powermock/powermock-api-support/1.7.0/powermock-api-support-1.7.0.jar:/opt/defects4j/framework/projects/Compress/lib/org/mockito/mockito-core/1.10.19/mockito-core-1.10.19.jar:/work/Compress_46b/target/classes:/work/Compress_46b/target/test-classes:/opt/evosuite/evosuite-standalone-runtime-1.2.0.jar org.junit.runner.JUnitCore org.apache.commons.compress.archivers.zip.X5455_ExtendedTimestamp_ESTest
JUnit version 4.12
.....................E.E.E......................
Time: 0.422
There were 3 failures:
1) test25(org.apache.commons.compress.archivers.zip.X5455_ExtendedTimestamp_ESTest)
java.lang.AssertionError: Expecting exception: IllegalArgumentException
	at org.junit.Assert.fail(Assert.java:88)
	at org.apache.commons.compress.archivers.zip.X5455_ExtendedTimestamp_ESTest.test25(X5455_ExtendedTimestamp_ESTest.java:349)
	at java.base/jdk.internal.reflect.NativeMethodAccessorImpl.invoke0(Native Method)
	at java.base/jdk.internal.reflect.NativeMethodAccessorImpl.invoke(NativeMethodAccessorImpl.java:62)
	at java.base/jdk.internal.reflect.DelegatingMethodAccessorImpl.invoke(DelegatingMethodAccessorImpl.java:43)
	at java.base/java.lang.reflect.Method.invoke(Method.java:566)
	at org.junit.runners.model.FrameworkMethod$1.runReflectiveCall(FrameworkMethod.java:50)
	at org.junit.internal.runners.model.ReflectiveCallable.run(ReflectiveCallable.java:12)
	at org.junit.runners.model.FrameworkMethod.invokeExplosively(FrameworkMethod.java:47)
	at org.junit.internal.runners.statements.InvokeMethod.evaluate(InvokeMethod.java:17)
	at org.junit.internal.runners.statements.FailOnTimeout$CallableStatement.call(FailOnTimeout.java:298)
	at org.junit.internal.runners.statements.FailOnTimeout$CallableStatement.call(FailOnTimeout.java:292)
	at java.base/java.util.concurrent.FutureTask.run(FutureTask.java:264)
	at java.base/java.lang.Thread.run(Thread.java:829)
2) test02(org.apache.commons.compress.archivers.zip.X5455_ExtendedTimestamp_ESTest)
java.lang.AssertionError: Expecting exception: IllegalArgumentException
	at org.junit.Assert.fail(Assert.java:88)
	at org.apache.commons.compress.archivers.zip.X5455_ExtendedTimestamp_ESTest.test02(X5455_ExtendedTimestamp_ESTest.java:56)
	at java.base/jdk.internal.reflect.NativeMethodAccessorImpl.invoke0(Native Method)
	at java.base/jdk.internal.reflect.NativeMethodAccessorImpl.invoke(NativeMethodAccessorImpl.java:62)
	at java.base/jdk.internal.reflect.DelegatingMethodAccessorImpl.invoke(DelegatingMethodAccessorImpl.java:43)
	at java.base/java.lang.reflect.Method.invoke(Method.java:566)
	at org.junit.runners.model.FrameworkMethod$1.runReflectiveCall(FrameworkMethod.java:50)
	at org.junit.internal.runners.model.ReflectiveCallable.run(ReflectiveCallable.java:12)
	at org.junit.runners.model.FrameworkMethod.invokeExplosively(FrameworkMethod.java:47)
	at org.junit.internal.runners.statements.InvokeMethod.evaluate(InvokeMethod.java:17)
	at org.junit.internal.runners.statements.FailOnTimeout$CallableStatement.call(FailOnTimeout.java:298)
	at org.junit.internal.runners.statements.FailOnTimeout$CallableStatement.call(FailOnTimeout.java:292)
	at java.base/java.util.concurrent.FutureTask.run(FutureTask.java:264)
	at java.base/java.lang.Thread.run(Thread.java:829)
3) test24(org.apache.commons.compress.archivers.zip.X5455_ExtendedTimestamp_ESTest)
java.lang.AssertionError: Expecting exception: IllegalArgumentException
	at org.junit.Assert.fail(Assert.java:88)
	at org.apache.commons.compress.archivers.zip.X5455_ExtendedTimestamp_ESTest.test24(X5455_ExtendedTimestamp_ESTest.java:332)
	at java.base/jdk.internal.reflect.NativeMethodAccessorImpl.invoke0(Native Method)
	at java.base/jdk.internal.reflect.NativeMethodAccessorImpl.invoke(NativeMethodAccessorImpl.java:62)
	at java.base/jdk.internal.reflect.DelegatingMethodAccessorImpl.invoke(DelegatingMethodAccessorImpl.java:43)
	at java.base/java.lang.reflect.Method.invoke(Method.java:566)
	at org.junit.runners.model.FrameworkMethod$1.runReflectiveCall(FrameworkMethod.java:50)
	at org.junit.internal.runners.model.ReflectiveCallable.run(ReflectiveCallable.java:12)
	at org.junit.runners.model.FrameworkMethod.invokeExplosively(FrameworkMethod.java:47)
	at org.junit.internal.runners.statements.InvokeMethod.evaluate(InvokeMethod.java:17)
	at org.junit.internal.runners.statements.FailOnTimeout$CallableStatement.call(FailOnTimeout.java:298)
	at org.junit.internal.runners.statements.FailOnTimeout$CallableStatement.call(FailOnTimeout.java:292)
	at java.base/java.util.concurrent.FutureTask.run(FutureTask.java:264)
	at java.base/java.lang.Thread.run(Thread.java:829)

FAILURES!!!
Tests run: 45,  Failures: 3

SLF4J: Failed to load class "org.slf4j.impl.StaticLoggerBinder".
SLF4J: Defaulting to no-operation (NOP) logger implementation
SLF4J: See http://www.slf4j.org/codes.html#StaticLoggerBinder for further details.
WARNING: An illegal reflective access operation has occurred
WARNING: Illegal reflective access by org.evosuite.runtime.GuiSupport (file:/opt/evosuite/evosuite-standalone-runtime-1.2.0.jar) to field java.awt.GraphicsEnvironment.headless
WARNING: Please consider reporting this to the maintainers of org.evosuite.runtime.GuiSupport
WARNING: Use --illegal-access=warn to enable warnings of further illegal reflective access operations
WARNING: All illegal access operations will be denied in a future release

[exit=1 timeout=False time=0.6s]
