
$ defects4j checkout -p Math -v 74f -w /work/Math_74f
Checking out 8dd22390 to /work/Math_74f.................................... OK
Init local repository...................................................... OK
Tag post-fix revision...................................................... OK
Run post-checkout hook..................................................... OK
Excluding broken/flaky tests............................................... OK
Excluding broken/flaky tests............................................... OK
Excluding broken/flaky tests............................................... OK
Initialize fixed program version........................................... OK
Apply patch................................................................ OK
Initialize buggy program version........................................... OK
Diff 8dd22390:e00564e3..................................................... OK
Apply patch................................................................ OK
Tag pre-fix revision....................................................... OK
Check out program version: Math-74f........................................ OK

[exit=0 timeout=False time=3.8s]

$ defects4j compile -w /work/Math_74f
Running ant (compile)...................................................... OK
Running ant (compile.tests)................................................ OK

[exit=0 timeout=False time=15.2s]

$ defects4j checkout -p Math -v 74b -w /work/Math_74b
Checking out 8dd22390 to /work/Math_74b.................................... OK
Init local repository...................................................... OK
Tag post-fix revision...................................................... OK
Run post-checkout hook..................................................... OK
Excluding broken/flaky tests............................................... OK
Excluding broken/flaky tests............................................... OK
Excluding broken/flaky tests............................................... OK
Initialize fixed program version........................................... OK
Apply patch................................................................ OK
Initialize buggy program version........................................... OK
Diff 8dd22390:e00564e3..................................................... OK
Apply patch................................................................ OK
Tag pre-fix revision....................................................... OK
Check out program version: Math-74b........................................ OK

[exit=0 timeout=False time=3.9s]

$ defects4j compile -w /work/Math_74b
Running ant (compile)...................................................... OK
Running ant (compile.tests)................................................ OK

[exit=0 timeout=False time=26.3s]

$ java -cp /work/jqwik_harness:/workspace/lib/jqwik/jqwik-1.7.4.jar:/workspace/lib/jqwik/jqwik-api-1.7.4.jar:/workspace/lib/jqwik/jqwik-engine-1.7.4.jar pbt.auto.Generate --targets org.apache.commons.math.ode.nonstiff.EmbeddedRungeKuttaIntegrator --fixed-cp /work/Math_74f/target/classes:/work/Math_74f/target/test-classes:/opt/defects4j/framework/projects/lib/junit-4.12-hamcrest-1.3.jar --buggy-cp /work/Math_74b/target/classes:/work/Math_74b/target/test-classes:/opt/defects4j/framework/projects/lib/junit-4.12-hamcrest-1.3.jar --out /workspace/jqwik/Auto/Math_74 --max-methods 150
generated test classes: 1 / 1

[exit=0 timeout=False time=0.5s]

$ javac -nowarn -encoding UTF-8 -cp /work/Math_74f/target/classes:/work/Math_74f/target/test-classes:/opt/defects4j/framework/projects/lib/junit-4.12-hamcrest-1.3.jar:/work/jqwik_harness:/workspace/lib/jqwik/jqwik-1.7.4.jar:/workspace/lib/jqwik/jqwik-api-1.7.4.jar:/workspace/lib/jqwik/jqwik-engine-1.7.4.jar -d /work/jqwik_out/Math_74/auto_round1_tries200_seed1/classes_f /workspace/jqwik/Auto/Math_74/org/apache/commons/math/ode/nonstiff/EmbeddedRungeKuttaIntegrator_AutoPbtTest.java

[exit=0 timeout=False time=1.0s]

$ javac -nowarn -encoding UTF-8 -cp /work/Math_74b/target/classes:/work/Math_74b/target/test-classes:/opt/defects4j/framework/projects/lib/junit-4.12-hamcrest-1.3.jar:/work/jqwik_harness:/workspace/lib/jqwik/jqwik-1.7.4.jar:/workspace/lib/jqwik/jqwik-api-1.7.4.jar:/workspace/lib/jqwik/jqwik-engine-1.7.4.jar -d /work/jqwik_out/Math_74/auto_round1_tries200_seed1/classes_b /workspace/jqwik/Auto/Math_74/org/apache/commons/math/ode/nonstiff/EmbeddedRungeKuttaIntegrator_AutoPbtTest.java

[exit=0 timeout=False time=0.9s]

$ java -Djava.awt.headless=true -Xss4m -Xmx1g -Dpbt.seed=1 -Dpbt.tries=200 -Dpbt.snapshot.dir=/work/jqwik_out/Math_74/auto_round1_tries200_seed1/snapshots -Dpbt.propertyBudgetMs=5000 -Dpbt.mask=/work/Math_74f:/work/Math_74b:/work/jqwik_out/Math_74/auto_round1_tries200_seed1/classes_f:/work/jqwik_out/Math_74/auto_round1_tries200_seed1/classes_b -Dpbt.mode=record -jar /workspace/lib/jqwik/junit-platform-console-standalone-1.9.3.jar --disable-banner --details tree --class-path /work/jqwik_out/Math_74/auto_round1_tries200_seed1/classes_f:/work/Math_74f/target/classes:/work/Math_74f/target/test-classes:/opt/defects4j/framework/projects/lib/junit-4.12-hamcrest-1.3.jar:/work/jqwik_harness:/workspace/lib/jqwik/jqwik-1.7.4.jar:/workspace/lib/jqwik/jqwik-api-1.7.4.jar:/workspace/lib/jqwik/jqwik-engine-1.7.4.jar --scan-class-path /work/jqwik_out/Math_74/auto_round1_tries200_seed1/classes_f --include-classname .* --include-engine jqwik --config jqwik.database=/workspace/jqwik/Result_auto_Round1/Math_74/tries200_seed1/reports_record/jqwik-database --config jqwik.tries.default=200 --reports-dir /workspace/jqwik/Result_auto_Round1/Math_74/tries200_seed1/reports_record
ejected calls
generation = RANDOMIZED       | parameters are randomly generated
after-failure = SAMPLE_FIRST  | try previously failed sample, then previous seed
when-fixed-seed = ALLOW       | fixing the random seed is allowed
edge-cases#mode = NONE        | edge cases are not explicitly generated
seed = 1                      | random seed to reproduce generated values


timestamp = 2026-09-29T23:38:18.915973, EmbeddedRungeKuttaIntegrator AutoPbtTest:m004 setMaxGrowth = 
                              |-----------------------jqwik-----------------------
tries = 200                   | # of calls to property
checks = 200                  | # of not rejected calls
generation = RANDOMIZED       | parameters are randomly generated
after-failure = SAMPLE_FIRST  | try previously failed sample, then previous seed
when-fixed-seed = ALLOW       | fixing the random seed is allowed
edge-cases#mode = NONE        | edge cases are not explicitly generated
seed = 1                      | random seed to reproduce generated values


timestamp = 2026-09-29T23:38:18.968908, EmbeddedRungeKuttaIntegrator AutoPbtTest:m000 getMaxGrowth = 
                              |-----------------------jqwik-----------------------
tries = 200                   | # of calls to property
checks = 200                  | # of not rejected calls
generation = RANDOMIZED       | parameters are randomly generated
after-failure = SAMPLE_FIRST  | try previously failed sample, then previous seed
when-fixed-seed = ALLOW       | fixing the random seed is allowed
edge-cases#mode = NONE        | edge cases are not explicitly generated
seed = 1                      | random seed to reproduce generated values


timestamp = 2026-09-29T23:38:19.015863, EmbeddedRungeKuttaIntegrator AutoPbtTest:m002 getSafety = 
                              |-----------------------jqwik-----------------------
tries = 200                   | # of calls to property
checks = 200                  | # of not rejected calls
generation = RANDOMIZED       | parameters are randomly generated
after-failure = SAMPLE_FIRST  | try previously failed sample, then previous seed
when-fixed-seed = ALLOW       | fixing the random seed is allowed
edge-cases#mode = NONE        | edge cases are not explicitly generated
seed = 1                      | random seed to reproduce generated values


timestamp = 2026-09-29T23:38:19.062485, EmbeddedRungeKuttaIntegrator AutoPbtTest:m005 setMinReduction = 
                              |-----------------------jqwik-----------------------
tries = 200                   | # of calls to property
checks = 200                  | # of not rejected calls
generation = RANDOMIZED       | parameters are randomly generated
after-failure = SAMPLE_FIRST  | try previously failed sample, then previous seed
when-fixed-seed = ALLOW       | fixing the random seed is allowed
edge-cases#mode = NONE        | edge cases are not explicitly generated
seed = 1                      | random seed to reproduce generated values


[36m╷[0m
[36m└─[0m [36mjqwik (JUnit Platform)[0m [32m✔[0m
[36m   └─[0m [36mEmbeddedRungeKuttaIntegrator AutoPbtTest[0m [32m✔[0m
[36m      ├─[0m [34mm006 setSafety[0m [32m✔[0m
[36m      ├─[0m [34mm003 integrate[0m [32m✔[0m
[36m      ├─[0m [34mm001 getMinReduction[0m [32m✔[0m
[36m      ├─[0m [34mm004 setMaxGrowth[0m [32m✔[0m
[36m      ├─[0m [34mm000 getMaxGrowth[0m [32m✔[0m
[36m      ├─[0m [34mm002 getSafety[0m [32m✔[0m
[36m      └─[0m [34mm005 setMinReduction[0m [32m✔[0m

Test run finished after 1393 ms
[         2 containers found      ]
[         0 containers skipped    ]
[         2 containers started    ]
[         0 containers aborted    ]
[         2 containers successful ]
[         0 containers failed     ]
[         7 tests found           ]
[         0 tests skipped         ]
[         7 tests started         ]
[         0 tests aborted         ]
[         7 tests successful      ]
[         0 tests failed          ]


[exit=0 timeout=False time=2.3s]

$ java -Djava.awt.headless=true -Xss4m -Xmx1g -Dpbt.seed=1 -Dpbt.tries=200 -Dpbt.snapshot.dir=/work/jqwik_out/Math_74/auto_round1_tries200_seed1/snapshots -Dpbt.propertyBudgetMs=5000 -Dpbt.mask=/work/Math_74f:/work/Math_74b:/work/jqwik_out/Math_74/auto_round1_tries200_seed1/classes_f:/work/jqwik_out/Math_74/auto_round1_tries200_seed1/classes_b -Dpbt.mode=check -javaagent:/opt/jacoco/lib/jacocoagent.jar=destfile=/workspace/jqwik/Result_auto_Round1/Math_74/tries200_seed1/jacoco.exec -jar /workspace/lib/jqwik/junit-platform-console-standalone-1.9.3.jar --disable-banner --details tree --class-path /work/jqwik_out/Math_74/auto_round1_tries200_seed1/classes_f:/work/Math_74f/target/classes:/work/Math_74f/target/test-classes:/opt/defects4j/framework/projects/lib/junit-4.12-hamcrest-1.3.jar:/work/jqwik_harness:/workspace/lib/jqwik/jqwik-1.7.4.jar:/workspace/lib/jqwik/jqwik-api-1.7.4.jar:/workspace/lib/jqwik/jqwik-engine-1.7.4.jar --scan-class-path /work/jqwik_out/Math_74/auto_round1_tries200_seed1/classes_f --include-classname .* --include-engine jqwik --config jqwik.database=/workspace/jqwik/Result_auto_Round1/Math_74/tries200_seed1/reports_fixed/jqwik-database --config jqwik.tries.default=200 --reports-dir /workspace/jqwik/Result_auto_Round1/Math_74/tries200_seed1/reports_fixed
ejected calls
generation = RANDOMIZED       | parameters are randomly generated
after-failure = SAMPLE_FIRST  | try previously failed sample, then previous seed
when-fixed-seed = ALLOW       | fixing the random seed is allowed
edge-cases#mode = NONE        | edge cases are not explicitly generated
seed = 1                      | random seed to reproduce generated values


timestamp = 2026-09-29T23:38:21.917386, EmbeddedRungeKuttaIntegrator AutoPbtTest:m004 setMaxGrowth = 
                              |-----------------------jqwik-----------------------
tries = 200                   | # of calls to property
checks = 200                  | # of not rejected calls
generation = RANDOMIZED       | parameters are randomly generated
after-failure = SAMPLE_FIRST  | try previously failed sample, then previous seed
when-fixed-seed = ALLOW       | fixing the random seed is allowed
edge-cases#mode = NONE        | edge cases are not explicitly generated
seed = 1                      | random seed to reproduce generated values


timestamp = 2026-09-29T23:38:22.029974, EmbeddedRungeKuttaIntegrator AutoPbtTest:m000 getMaxGrowth = 
                              |-----------------------jqwik-----------------------
tries = 200                   | # of calls to property
checks = 200                  | # of not rejected calls
generation = RANDOMIZED       | parameters are randomly generated
after-failure = SAMPLE_FIRST  | try previously failed sample, then previous seed
when-fixed-seed = ALLOW       | fixing the random seed is allowed
edge-cases#mode = NONE        | edge cases are not explicitly generated
seed = 1                      | random seed to reproduce generated values


timestamp = 2026-09-29T23:38:22.106998, EmbeddedRungeKuttaIntegrator AutoPbtTest:m002 getSafety = 
                              |-----------------------jqwik-----------------------
tries = 200                   | # of calls to property
checks = 200                  | # of not rejected calls
generation = RANDOMIZED       | parameters are randomly generated
after-failure = SAMPLE_FIRST  | try previously failed sample, then previous seed
when-fixed-seed = ALLOW       | fixing the random seed is allowed
edge-cases#mode = NONE        | edge cases are not explicitly generated
seed = 1                      | random seed to reproduce generated values


timestamp = 2026-09-29T23:38:22.188457, EmbeddedRungeKuttaIntegrator AutoPbtTest:m005 setMinReduction = 
                              |-----------------------jqwik-----------------------
tries = 200                   | # of calls to property
checks = 200                  | # of not rejected calls
generation = RANDOMIZED       | parameters are randomly generated
after-failure = SAMPLE_FIRST  | try previously failed sample, then previous seed
when-fixed-seed = ALLOW       | fixing the random seed is allowed
edge-cases#mode = NONE        | edge cases are not explicitly generated
seed = 1                      | random seed to reproduce generated values


[36m╷[0m
[36m└─[0m [36mjqwik (JUnit Platform)[0m [32m✔[0m
[36m   └─[0m [36mEmbeddedRungeKuttaIntegrator AutoPbtTest[0m [32m✔[0m
[36m      ├─[0m [34mm006 setSafety[0m [32m✔[0m
[36m      ├─[0m [34mm003 integrate[0m [32m✔[0m
[36m      ├─[0m [34mm001 getMinReduction[0m [32m✔[0m
[36m      ├─[0m [34mm004 setMaxGrowth[0m [32m✔[0m
[36m      ├─[0m [34mm000 getMaxGrowth[0m [32m✔[0m
[36m      ├─[0m [34mm002 getSafety[0m [32m✔[0m
[36m      └─[0m [34mm005 setMinReduction[0m [32m✔[0m

Test run finished after 1848 ms
[         2 containers found      ]
[         0 containers skipped    ]
[         2 containers started    ]
[         0 containers aborted    ]
[         2 containers successful ]
[         0 containers failed     ]
[         7 tests found           ]
[         0 tests skipped         ]
[         7 tests started         ]
[         0 tests aborted         ]
[         7 tests successful      ]
[         0 tests failed          ]


[exit=0 timeout=False time=8.2s]

$ java -jar /opt/jacoco/lib/jacococli.jar report /workspace/jqwik/Result_auto_Round1/Math_74/tries200_seed1/jacoco.exec --classfiles /work/Math_74f/target/classes --csv /workspace/jqwik/Result_auto_Round1/Math_74/tries200_seed1/jacoco.csv
[INFO] Loading execution data file /workspace/jqwik/Result_auto_Round1/Math_74/tries200_seed1/jacoco.exec.
[INFO] Analyzing 415 classes.

[exit=0 timeout=False time=0.6s]

$ java -Djava.awt.headless=true -Xss4m -Xmx1g -Dpbt.seed=1 -Dpbt.tries=200 -Dpbt.snapshot.dir=/work/jqwik_out/Math_74/auto_round1_tries200_seed1/snapshots -Dpbt.propertyBudgetMs=5000 -Dpbt.mask=/work/Math_74f:/work/Math_74b:/work/jqwik_out/Math_74/auto_round1_tries200_seed1/classes_f:/work/jqwik_out/Math_74/auto_round1_tries200_seed1/classes_b -Dpbt.mode=check -jar /workspace/lib/jqwik/junit-platform-console-standalone-1.9.3.jar --disable-banner --details tree --class-path /work/jqwik_out/Math_74/auto_round1_tries200_seed1/classes_b:/work/Math_74b/target/classes:/work/Math_74b/target/test-classes:/opt/defects4j/framework/projects/lib/junit-4.12-hamcrest-1.3.jar:/work/jqwik_harness:/workspace/lib/jqwik/jqwik-1.7.4.jar:/workspace/lib/jqwik/jqwik-api-1.7.4.jar:/workspace/lib/jqwik/jqwik-engine-1.7.4.jar --scan-class-path /work/jqwik_out/Math_74/auto_round1_tries200_seed1/classes_b --include-classname .* --include-engine jqwik --config jqwik.database=/workspace/jqwik/Result_auto_Round1/Math_74/tries200_seed1/reports_buggy/jqwik-database --config jqwik.tries.default=200 --reports-dir /workspace/jqwik/Result_auto_Round1/Math_74/tries200_seed1/reports_buggy
ejected calls
generation = RANDOMIZED       | parameters are randomly generated
after-failure = SAMPLE_FIRST  | try previously failed sample, then previous seed
when-fixed-seed = ALLOW       | fixing the random seed is allowed
edge-cases#mode = NONE        | edge cases are not explicitly generated
seed = 1                      | random seed to reproduce generated values


timestamp = 2026-09-29T23:38:31.433350, EmbeddedRungeKuttaIntegrator AutoPbtTest:m004 setMaxGrowth = 
                              |-----------------------jqwik-----------------------
tries = 200                   | # of calls to property
checks = 200                  | # of not rejected calls
generation = RANDOMIZED       | parameters are randomly generated
after-failure = SAMPLE_FIRST  | try previously failed sample, then previous seed
when-fixed-seed = ALLOW       | fixing the random seed is allowed
edge-cases#mode = NONE        | edge cases are not explicitly generated
seed = 1                      | random seed to reproduce generated values


timestamp = 2026-09-29T23:38:31.531253, EmbeddedRungeKuttaIntegrator AutoPbtTest:m000 getMaxGrowth = 
                              |-----------------------jqwik-----------------------
tries = 200                   | # of calls to property
checks = 200                  | # of not rejected calls
generation = RANDOMIZED       | parameters are randomly generated
after-failure = SAMPLE_FIRST  | try previously failed sample, then previous seed
when-fixed-seed = ALLOW       | fixing the random seed is allowed
edge-cases#mode = NONE        | edge cases are not explicitly generated
seed = 1                      | random seed to reproduce generated values


timestamp = 2026-09-29T23:38:31.621855, EmbeddedRungeKuttaIntegrator AutoPbtTest:m002 getSafety = 
                              |-----------------------jqwik-----------------------
tries = 200                   | # of calls to property
checks = 200                  | # of not rejected calls
generation = RANDOMIZED       | parameters are randomly generated
after-failure = SAMPLE_FIRST  | try previously failed sample, then previous seed
when-fixed-seed = ALLOW       | fixing the random seed is allowed
edge-cases#mode = NONE        | edge cases are not explicitly generated
seed = 1                      | random seed to reproduce generated values


timestamp = 2026-09-29T23:38:31.697233, EmbeddedRungeKuttaIntegrator AutoPbtTest:m005 setMinReduction = 
                              |-----------------------jqwik-----------------------
tries = 200                   | # of calls to property
checks = 200                  | # of not rejected calls
generation = RANDOMIZED       | parameters are randomly generated
after-failure = SAMPLE_FIRST  | try previously failed sample, then previous seed
when-fixed-seed = ALLOW       | fixing the random seed is allowed
edge-cases#mode = NONE        | edge cases are not explicitly generated
seed = 1                      | random seed to reproduce generated values


[36m╷[0m
[36m└─[0m [36mjqwik (JUnit Platform)[0m [32m✔[0m
[36m   └─[0m [36mEmbeddedRungeKuttaIntegrator AutoPbtTest[0m [32m✔[0m
[36m      ├─[0m [34mm006 setSafety[0m [32m✔[0m
[36m      ├─[0m [34mm003 integrate[0m [32m✔[0m
[36m      ├─[0m [34mm001 getMinReduction[0m [32m✔[0m
[36m      ├─[0m [34mm004 setMaxGrowth[0m [32m✔[0m
[36m      ├─[0m [34mm000 getMaxGrowth[0m [32m✔[0m
[36m      ├─[0m [34mm002 getSafety[0m [32m✔[0m
[36m      └─[0m [34mm005 setMinReduction[0m [32m✔[0m

Test run finished after 1662 ms
[         2 containers found      ]
[         0 containers skipped    ]
[         2 containers started    ]
[         0 containers aborted    ]
[         2 containers successful ]
[         0 containers failed     ]
[         7 tests found           ]
[         0 tests skipped         ]
[         7 tests started         ]
[         0 tests aborted         ]
[         7 tests successful      ]
[         0 tests failed          ]


[exit=0 timeout=False time=2.6s]
