
$ javac -nowarn -encoding UTF-8 -cp /work/Math_13f/target/classes:/work/Math_13f/target/test-classes:/opt/defects4j/framework/projects/lib/junit-4.12-hamcrest-1.3.jar:/work/jqwik_harness:/workspace/lib/jqwik/jqwik-1.7.4.jar:/workspace/lib/jqwik/jqwik-api-1.7.4.jar:/workspace/lib/jqwik/jqwik-engine-1.7.4.jar -d /work/jqwik_out/Math_13/auto_round1_tries200_seed3/classes_f /workspace/jqwik/Auto/Math_13/org/apache/commons/math3/optimization/general/AbstractLeastSquaresOptimizer_AutoPbtTest.java

[exit=0 timeout=False time=2.1s]

$ javac -nowarn -encoding UTF-8 -cp /work/Math_13b/target/classes:/work/Math_13b/target/test-classes:/opt/defects4j/framework/projects/lib/junit-4.12-hamcrest-1.3.jar:/work/jqwik_harness:/workspace/lib/jqwik/jqwik-1.7.4.jar:/workspace/lib/jqwik/jqwik-api-1.7.4.jar:/workspace/lib/jqwik/jqwik-engine-1.7.4.jar -d /work/jqwik_out/Math_13/auto_round1_tries200_seed3/classes_b /workspace/jqwik/Auto/Math_13/org/apache/commons/math3/optimization/general/AbstractLeastSquaresOptimizer_AutoPbtTest.java

[exit=0 timeout=False time=2.0s]

$ java -Djava.awt.headless=true -Xss4m -Xmx1g -Dpbt.seed=3 -Dpbt.tries=200 -Dpbt.snapshot.dir=/work/jqwik_out/Math_13/auto_round1_tries200_seed3/snapshots -Dpbt.propertyBudgetMs=5000 -Dpbt.mask=/work/Math_13f:/work/Math_13b:/work/jqwik_out/Math_13/auto_round1_tries200_seed3/classes_f:/work/jqwik_out/Math_13/auto_round1_tries200_seed3/classes_b -Dpbt.mode=record -jar /workspace/lib/jqwik/junit-platform-console-standalone-1.9.3.jar --disable-banner --details tree --class-path /work/jqwik_out/Math_13/auto_round1_tries200_seed3/classes_f:/work/Math_13f/target/classes:/work/Math_13f/target/test-classes:/opt/defects4j/framework/projects/lib/junit-4.12-hamcrest-1.3.jar:/work/jqwik_harness:/workspace/lib/jqwik/jqwik-1.7.4.jar:/workspace/lib/jqwik/jqwik-api-1.7.4.jar:/workspace/lib/jqwik/jqwik-engine-1.7.4.jar --scan-class-path /work/jqwik_out/Math_13/auto_round1_tries200_seed3/classes_f --include-classname .* --include-engine jqwik --config jqwik.database=/workspace/jqwik/Result_auto_Round1/Math_13/tries200_seed3/reports_record/jqwik-database --config jqwik.tries.default=200 --reports-dir /workspace/jqwik/Result_auto_Round1/Math_13/tries200_seed3/reports_record
nerated
after-failure = SAMPLE_FIRST  | try previously failed sample, then previous seed
when-fixed-seed = ALLOW       | fixing the random seed is allowed
edge-cases#mode = NONE        | edge cases are not explicitly generated
seed = 3                      | random seed to reproduce generated values


timestamp = 2026-09-29T22:17:26.721942, AbstractLeastSquaresOptimizer AutoPbtTest:m001 computeCovariances = 
                              |-----------------------jqwik-----------------------
tries = 200                   | # of calls to property
checks = 200                  | # of not rejected calls
generation = RANDOMIZED       | parameters are randomly generated
after-failure = SAMPLE_FIRST  | try previously failed sample, then previous seed
when-fixed-seed = ALLOW       | fixing the random seed is allowed
edge-cases#mode = NONE        | edge cases are not explicitly generated
seed = 3                      | random seed to reproduce generated values


timestamp = 2026-09-29T22:17:26.779933, AbstractLeastSquaresOptimizer AutoPbtTest:m009 getRMS = 
                              |-----------------------jqwik-----------------------
tries = 200                   | # of calls to property
checks = 200                  | # of not rejected calls
generation = RANDOMIZED       | parameters are randomly generated
after-failure = SAMPLE_FIRST  | try previously failed sample, then previous seed
when-fixed-seed = ALLOW       | fixing the random seed is allowed
edge-cases#mode = NONE        | edge cases are not explicitly generated
seed = 3                      | random seed to reproduce generated values


timestamp = 2026-09-29T22:17:26.841185, AbstractLeastSquaresOptimizer AutoPbtTest:m008 getJacobianEvaluations = 
                              |-----------------------jqwik-----------------------
tries = 200                   | # of calls to property
checks = 200                  | # of not rejected calls
generation = RANDOMIZED       | parameters are randomly generated
after-failure = SAMPLE_FIRST  | try previously failed sample, then previous seed
when-fixed-seed = ALLOW       | fixing the random seed is allowed
edge-cases#mode = NONE        | edge cases are not explicitly generated
seed = 3                      | random seed to reproduce generated values


[36m╷[0m
[36m└─[0m [36mjqwik (JUnit Platform)[0m [32m✔[0m
[36m   └─[0m [36mAbstractLeastSquaresOptimizer AutoPbtTest[0m [32m✔[0m
[36m      ├─[0m [34mm016 setUp[0m [32m✔[0m
[36m      ├─[0m [34mm003 computeSigma[0m [32m✔[0m
[36m      ├─[0m [34mm005 getChiSquare[0m [32m✔[0m
[36m      ├─[0m [34mm017 updateJacobian[0m [32m✔[0m
[36m      ├─[0m [34mm015 setCost[0m [32m✔[0m
[36m      ├─[0m [34mm007 getCovariances[0m [32m✔[0m
[36m      ├─[0m [34mm002 computeResiduals[0m [32m✔[0m
[36m      ├─[0m [34mm014 optimizeInternal[0m [32m✔[0m
[36m      ├─[0m [34mm011 guessParametersErrors[0m [32m✔[0m
[36m      ├─[0m [34mm006 getCovariances[0m [32m✔[0m
[36m      ├─[0m [34mm000 computeCost[0m [32m✔[0m
[36m      ├─[0m [34mm004 computeWeightedJacobian[0m [32m✔[0m
[36m      ├─[0m [34mm018 updateResidualsAndCost[0m [32m✔[0m
[36m      ├─[0m [34mm013 optimize[0m [32m✔[0m
[36m      ├─[0m [34mm012 optimize[0m [32m✔[0m
[36m      ├─[0m [34mm010 getWeightSquareRoot[0m [32m✔[0m
[36m      ├─[0m [34mm001 computeCovariances[0m [32m✔[0m
[36m      ├─[0m [34mm009 getRMS[0m [32m✔[0m
[36m      └─[0m [34mm008 getJacobianEvaluations[0m [32m✔[0m

Test run finished after 2898 ms
[         2 containers found      ]
[         0 containers skipped    ]
[         2 containers started    ]
[         0 containers aborted    ]
[         2 containers successful ]
[         0 containers failed     ]
[        19 tests found           ]
[         0 tests skipped         ]
[        19 tests started         ]
[         0 tests aborted         ]
[        19 tests successful      ]
[         0 tests failed          ]


[exit=0 timeout=False time=4.9s]

$ java -Djava.awt.headless=true -Xss4m -Xmx1g -Dpbt.seed=3 -Dpbt.tries=200 -Dpbt.snapshot.dir=/work/jqwik_out/Math_13/auto_round1_tries200_seed3/snapshots -Dpbt.propertyBudgetMs=5000 -Dpbt.mask=/work/Math_13f:/work/Math_13b:/work/jqwik_out/Math_13/auto_round1_tries200_seed3/classes_f:/work/jqwik_out/Math_13/auto_round1_tries200_seed3/classes_b -Dpbt.mode=check -javaagent:/opt/jacoco/lib/jacocoagent.jar=destfile=/workspace/jqwik/Result_auto_Round1/Math_13/tries200_seed3/jacoco.exec -jar /workspace/lib/jqwik/junit-platform-console-standalone-1.9.3.jar --disable-banner --details tree --class-path /work/jqwik_out/Math_13/auto_round1_tries200_seed3/classes_f:/work/Math_13f/target/classes:/work/Math_13f/target/test-classes:/opt/defects4j/framework/projects/lib/junit-4.12-hamcrest-1.3.jar:/work/jqwik_harness:/workspace/lib/jqwik/jqwik-1.7.4.jar:/workspace/lib/jqwik/jqwik-api-1.7.4.jar:/workspace/lib/jqwik/jqwik-engine-1.7.4.jar --scan-class-path /work/jqwik_out/Math_13/auto_round1_tries200_seed3/classes_f --include-classname .* --include-engine jqwik --config jqwik.database=/workspace/jqwik/Result_auto_Round1/Math_13/tries200_seed3/reports_fixed/jqwik-database --config jqwik.tries.default=200 --reports-dir /workspace/jqwik/Result_auto_Round1/Math_13/tries200_seed3/reports_fixed
nerated
after-failure = SAMPLE_FIRST  | try previously failed sample, then previous seed
when-fixed-seed = ALLOW       | fixing the random seed is allowed
edge-cases#mode = NONE        | edge cases are not explicitly generated
seed = 3                      | random seed to reproduce generated values


timestamp = 2026-09-29T22:17:32.269250, AbstractLeastSquaresOptimizer AutoPbtTest:m001 computeCovariances = 
                              |-----------------------jqwik-----------------------
tries = 200                   | # of calls to property
checks = 200                  | # of not rejected calls
generation = RANDOMIZED       | parameters are randomly generated
after-failure = SAMPLE_FIRST  | try previously failed sample, then previous seed
when-fixed-seed = ALLOW       | fixing the random seed is allowed
edge-cases#mode = NONE        | edge cases are not explicitly generated
seed = 3                      | random seed to reproduce generated values


timestamp = 2026-09-29T22:17:32.323344, AbstractLeastSquaresOptimizer AutoPbtTest:m009 getRMS = 
                              |-----------------------jqwik-----------------------
tries = 200                   | # of calls to property
checks = 200                  | # of not rejected calls
generation = RANDOMIZED       | parameters are randomly generated
after-failure = SAMPLE_FIRST  | try previously failed sample, then previous seed
when-fixed-seed = ALLOW       | fixing the random seed is allowed
edge-cases#mode = NONE        | edge cases are not explicitly generated
seed = 3                      | random seed to reproduce generated values


timestamp = 2026-09-29T22:17:32.406507, AbstractLeastSquaresOptimizer AutoPbtTest:m008 getJacobianEvaluations = 
                              |-----------------------jqwik-----------------------
tries = 200                   | # of calls to property
checks = 200                  | # of not rejected calls
generation = RANDOMIZED       | parameters are randomly generated
after-failure = SAMPLE_FIRST  | try previously failed sample, then previous seed
when-fixed-seed = ALLOW       | fixing the random seed is allowed
edge-cases#mode = NONE        | edge cases are not explicitly generated
seed = 3                      | random seed to reproduce generated values


[36m╷[0m
[36m└─[0m [36mjqwik (JUnit Platform)[0m [32m✔[0m
[36m   └─[0m [36mAbstractLeastSquaresOptimizer AutoPbtTest[0m [32m✔[0m
[36m      ├─[0m [34mm016 setUp[0m [32m✔[0m
[36m      ├─[0m [34mm003 computeSigma[0m [32m✔[0m
[36m      ├─[0m [34mm005 getChiSquare[0m [32m✔[0m
[36m      ├─[0m [34mm017 updateJacobian[0m [32m✔[0m
[36m      ├─[0m [34mm015 setCost[0m [32m✔[0m
[36m      ├─[0m [34mm007 getCovariances[0m [32m✔[0m
[36m      ├─[0m [34mm002 computeResiduals[0m [32m✔[0m
[36m      ├─[0m [34mm014 optimizeInternal[0m [32m✔[0m
[36m      ├─[0m [34mm011 guessParametersErrors[0m [32m✔[0m
[36m      ├─[0m [34mm006 getCovariances[0m [32m✔[0m
[36m      ├─[0m [34mm000 computeCost[0m [32m✔[0m
[36m      ├─[0m [34mm004 computeWeightedJacobian[0m [32m✔[0m
[36m      ├─[0m [34mm018 updateResidualsAndCost[0m [32m✔[0m
[36m      ├─[0m [34mm013 optimize[0m [32m✔[0m
[36m      ├─[0m [34mm012 optimize[0m [32m✔[0m
[36m      ├─[0m [34mm010 getWeightSquareRoot[0m [32m✔[0m
[36m      ├─[0m [34mm001 computeCovariances[0m [32m✔[0m
[36m      ├─[0m [34mm009 getRMS[0m [32m✔[0m
[36m      └─[0m [34mm008 getJacobianEvaluations[0m [32m✔[0m

Test run finished after 3770 ms
[         2 containers found      ]
[         0 containers skipped    ]
[         2 containers started    ]
[         0 containers aborted    ]
[         2 containers successful ]
[         0 containers failed     ]
[        19 tests found           ]
[         0 tests skipped         ]
[        19 tests started         ]
[         0 tests aborted         ]
[        19 tests successful      ]
[         0 tests failed          ]


[exit=0 timeout=False time=11.8s]

$ java -jar /opt/jacoco/lib/jacococli.jar report /workspace/jqwik/Result_auto_Round1/Math_13/tries200_seed3/jacoco.exec --classfiles /work/Math_13f/target/classes --csv /workspace/jqwik/Result_auto_Round1/Math_13/tries200_seed3/jacoco.csv
[INFO] Loading execution data file /workspace/jqwik/Result_auto_Round1/Math_13/tries200_seed3/jacoco.exec.
[INFO] Analyzing 785 classes.

[exit=0 timeout=False time=1.6s]

$ java -Djava.awt.headless=true -Xss4m -Xmx1g -Dpbt.seed=3 -Dpbt.tries=200 -Dpbt.snapshot.dir=/work/jqwik_out/Math_13/auto_round1_tries200_seed3/snapshots -Dpbt.propertyBudgetMs=5000 -Dpbt.mask=/work/Math_13f:/work/Math_13b:/work/jqwik_out/Math_13/auto_round1_tries200_seed3/classes_f:/work/jqwik_out/Math_13/auto_round1_tries200_seed3/classes_b -Dpbt.mode=check -jar /workspace/lib/jqwik/junit-platform-console-standalone-1.9.3.jar --disable-banner --details tree --class-path /work/jqwik_out/Math_13/auto_round1_tries200_seed3/classes_b:/work/Math_13b/target/classes:/work/Math_13b/target/test-classes:/opt/defects4j/framework/projects/lib/junit-4.12-hamcrest-1.3.jar:/work/jqwik_harness:/workspace/lib/jqwik/jqwik-1.7.4.jar:/workspace/lib/jqwik/jqwik-api-1.7.4.jar:/workspace/lib/jqwik/jqwik-engine-1.7.4.jar --scan-class-path /work/jqwik_out/Math_13/auto_round1_tries200_seed3/classes_b --include-classname .* --include-engine jqwik --config jqwik.database=/workspace/jqwik/Result_auto_Round1/Math_13/tries200_seed3/reports_buggy/jqwik-database --config jqwik.tries.default=200 --reports-dir /workspace/jqwik/Result_auto_Round1/Math_13/tries200_seed3/reports_buggy
mmons.math3.optimization.general.AbstractLeastSquaresOptimizer_AutoPbtTest.m013_optimize(AbstractLeastSquaresOptimizer_AutoPbtTest.java:150)
       java.base/jdk.internal.reflect.NativeMethodAccessorImpl.invoke0(Native Method)
       java.base/jdk.internal.reflect.NativeMethodAccessorImpl.invoke(NativeMethodAccessorImpl.java:62)
       java.base/jdk.internal.reflect.DelegatingMethodAccessorImpl.invoke(DelegatingMethodAccessorImpl.java:43)
       java.base/java.lang.reflect.Method.invoke(Method.java:566)
       org.junit.platform.commons.util.ReflectionUtils.invokeMethod(ReflectionUtils.java:727)
       org.junit.platform.commons.support.ReflectionSupport.invokeMethod(ReflectionSupport.java:198)
       net.jqwik.engine.execution.CheckedPropertyFactory.lambda$createRawFunction$1(CheckedPropertyFactory.java:84)
       net.jqwik.engine.execution.CheckedPropertyFactory.lambda$createRawFunction$2(CheckedPropertyFactory.java:91)
       [...]
  jqwik (JUnit Platform):AbstractLeastSquaresOptimizer AutoPbtTest:m012 optimize
    MethodSource [className = 'org.apache.commons.math3.optimization.general.AbstractLeastSquaresOptimizer_AutoPbtTest', methodName = 'm012_optimize', methodParameterTypes = 'pbt.auto.AutoTarget$Call']
    => java.lang.AssertionError: [regression] org.apache.commons.math3.optimization.general.AbstractLeastSquaresOptimizer.optimize(int,org.apache.commons.math3.analysis.DifferentiableMultivariateVectorFunction,double[],double[],double[])
  input:    new GaussNewtonOptimizer.<init>[].optimize[Integer:1, null, double[Double:-1.1938160737356963E51, Double:-1.4615786798E8, Double:0.78, Double:0.27], double[Double:3.108897998E7, Double:1.7846246128828117E255, Double:-2.8604939338771E11, Double:4.413539680934449E41], double[]]
  expected: throws java.lang.NullPointerException | this=obj org.apache.commons.math3.optimization.general.GaussNewtonOptimizer | arg2=double[Double:-1.1938160737356963E51,Double:-1.4615786798E8,Double:0.78,Double:0.27] | arg3=double[Double:3.108897998E7,Double:1.7846246128828117E255,Double:-2.8604939338771E11,Double:4.413539680934449E41] | arg4=double[]
  actual:   throws org.apache.commons.math3.exception.MathUnsupportedOperationException | this=obj org.apache.commons.math3.optimization.general.GaussNewtonOptimizer | arg2=double[Double:-1.1938160737356963E51,Double:-1.4615786798E8,Double:0.78,Double:0.27] | arg3=double[Double:3.108897998E7,Double:1.7846246128828117E255,Double:-2.8604939338771E11,Double:4.413539680934449E41] | arg4=double[]
       pbt.auto.AutoTarget.check(AutoTarget.java:127)
       org.apache.commons.math3.optimization.general.AbstractLeastSquaresOptimizer_AutoPbtTest.m012_optimize(AbstractLeastSquaresOptimizer_AutoPbtTest.java:140)
       java.base/jdk.internal.reflect.NativeMethodAccessorImpl.invoke0(Native Method)
       java.base/jdk.internal.reflect.NativeMethodAccessorImpl.invoke(NativeMethodAccessorImpl.java:62)
       java.base/jdk.internal.reflect.DelegatingMethodAccessorImpl.invoke(DelegatingMethodAccessorImpl.java:43)
       java.base/java.lang.reflect.Method.invoke(Method.java:566)
       org.junit.platform.commons.util.ReflectionUtils.invokeMethod(ReflectionUtils.java:727)
       org.junit.platform.commons.support.ReflectionSupport.invokeMethod(ReflectionSupport.java:198)
       net.jqwik.engine.execution.CheckedPropertyFactory.lambda$createRawFunction$1(CheckedPropertyFactory.java:84)
       net.jqwik.engine.execution.CheckedPropertyFactory.lambda$createRawFunction$2(CheckedPropertyFactory.java:91)
       [...]

Test run finished after 4262 ms
[         2 containers found      ]
[         0 containers skipped    ]
[         2 containers started    ]
[         0 containers aborted    ]
[         2 containers successful ]
[         0 containers failed     ]
[        19 tests found           ]
[         0 tests skipped         ]
[        19 tests started         ]
[         0 tests aborted         ]
[        17 tests successful      ]
[         2 tests failed          ]


[exit=1 timeout=False time=6.2s]
