
$ defects4j checkout -p Jsoup -v 33f -w /work/Jsoup_33f
Checking out 2518e92a to /work/Jsoup_33f................................... OK
Init local repository...................................................... OK
Tag post-fix revision...................................................... OK
Copy generated Ant build file.............................................. OK
Run post-checkout hook..................................................... OK
Excluding broken/flaky tests............................................... OK
Backing up build file: /work/Jsoup_33f/maven-build.xml..................... OK
Initialize fixed program version........................................... OK
Apply patch................................................................ OK
Initialize buggy program version........................................... OK
Diff 2518e92a:834d3142..................................................... OK
Apply patch................................................................ OK
Tag pre-fix revision....................................................... OK
Check out program version: Jsoup-33f....................................... OK

[exit=0 timeout=False time=1.4s]

$ defects4j compile -w /work/Jsoup_33f
Running ant (compile)...................................................... OK
Running ant (compile.tests)................................................ OK

[exit=0 timeout=False time=4.4s]

$ defects4j checkout -p Jsoup -v 33b -w /work/Jsoup_33b
Checking out 2518e92a to /work/Jsoup_33b................................... OK
Init local repository...................................................... OK
Tag post-fix revision...................................................... OK
Copy generated Ant build file.............................................. OK
Run post-checkout hook..................................................... OK
Excluding broken/flaky tests............................................... OK
Backing up build file: /work/Jsoup_33b/maven-build.xml..................... OK
Initialize fixed program version........................................... OK
Apply patch................................................................ OK
Initialize buggy program version........................................... OK
Diff 2518e92a:834d3142..................................................... OK
Apply patch................................................................ OK
Tag pre-fix revision....................................................... OK
Check out program version: Jsoup-33b....................................... OK

[exit=0 timeout=False time=1.4s]

$ defects4j compile -w /work/Jsoup_33b
Running ant (compile)...................................................... OK
Running ant (compile.tests)................................................ OK

[exit=0 timeout=False time=4.2s]

$ java -Djava.awt.headless=true -cp /opt/defects4j/framework/projects/lib/junit-4.12-hamcrest-1.3.jar:/opt/evosuite/evosuite-1.2.0.jar:/work/Jsoup_33f/target/classes:/work/Jsoup_33f/target/test-classes:/opt/defects4j/framework/projects/Jsoup/lib/com/google/code/gson/gson/2.7/gson-2.7.jar:/opt/defects4j/framework/projects/Jsoup/lib/commons-lang/commons-lang/2.4/commons-lang-2.4.jar:/opt/defects4j/framework/projects/Jsoup/lib/javax/servlet/javax.servlet-api/3.1.0/javax.servlet-api-3.1.0.jar:/opt/defects4j/framework/projects/Jsoup/lib/org/eclipse/jetty/jetty-http/9.2.22.v20170606/jetty-http-9.2.22.v20170606.jar:/opt/defects4j/framework/projects/Jsoup/lib/org/eclipse/jetty/jetty-http/9.2.26.v20180806/jetty-http-9.2.26.v20180806.jar:/opt/defects4j/framework/projects/Jsoup/lib/org/eclipse/jetty/jetty-http/9.2.28.v20190418/jetty-http-9.2.28.v20190418.jar:/opt/defects4j/framework/projects/Jsoup/lib/org/eclipse/jetty/jetty-io/9.2.22.v20170606/jetty-io-9.2.22.v20170606.jar:/opt/defects4j/framework/projects/Jsoup/lib/org/eclipse/jetty/jetty-io/9.2.26.v20180806/jetty-io-9.2.26.v20180806.jar:/opt/defects4j/framework/projects/Jsoup/lib/org/eclipse/jetty/jetty-io/9.2.28.v20190418/jetty-io-9.2.28.v20190418.jar:/opt/defects4j/framework/projects/Jsoup/lib/org/eclipse/jetty/jetty-security/9.2.22.v20170606/jetty-security-9.2.22.v20170606.jar:/opt/defects4j/framework/projects/Jsoup/lib/org/eclipse/jetty/jetty-security/9.2.26.v20180806/jetty-security-9.2.26.v20180806.jar:/opt/defects4j/framework/projects/Jsoup/lib/org/eclipse/jetty/jetty-security/9.2.28.v20190418/jetty-security-9.2.28.v20190418.jar:/opt/defects4j/framework/projects/Jsoup/lib/org/eclipse/jetty/jetty-server/9.2.22.v20170606/jetty-server-9.2.22.v20170606.jar:/opt/defects4j/framework/projects/Jsoup/lib/org/eclipse/jetty/jetty-server/9.2.26.v20180806/jetty-server-9.2.26.v20180806.jar:/opt/defects4j/framework/projects/Jsoup/lib/org/eclipse/jetty/jetty-server/9.2.28.v20190418/jetty-server-9.2.28.v20190418.jar:/opt/defects4j/framework/projects/Jsoup/lib/org/eclipse/jetty/jetty-servlet/9.2.22.v20170606/jetty-servlet-9.2.22.v20170606.jar:/opt/defects4j/framework/projects/Jsoup/lib/org/eclipse/jetty/jetty-servlet/9.2.26.v20180806/jetty-servlet-9.2.26.v20180806.jar:/opt/defects4j/framework/projects/Jsoup/lib/org/eclipse/jetty/jetty-servlet/9.2.28.v20190418/jetty-servlet-9.2.28.v20190418.jar:/opt/defects4j/framework/projects/Jsoup/lib/org/eclipse/jetty/jetty-util/9.2.22.v20170606/jetty-util-9.2.22.v20170606.jar:/opt/defects4j/framework/projects/Jsoup/lib/org/eclipse/jetty/jetty-util/9.2.26.v20180806/jetty-util-9.2.26.v20180806.jar:/opt/defects4j/framework/projects/Jsoup/lib/org/eclipse/jetty/jetty-util/9.2.28.v20190418/jetty-util-9.2.28.v20190418.jar org.evosuite.EvoSuite -generateSuite -class org.jsoup.parser.HtmlTreeBuilder -projectCP /opt/defects4j/framework/projects/lib/junit-4.12-hamcrest-1.3.jar:/work/Jsoup_33f/target/classes:/work/Jsoup_33f/target/test-classes:/opt/defects4j/framework/projects/Jsoup/lib/com/google/code/gson/gson/2.7/gson-2.7.jar:/opt/defects4j/framework/projects/Jsoup/lib/commons-lang/commons-lang/2.4/commons-lang-2.4.jar:/opt/defects4j/framework/projects/Jsoup/lib/javax/servlet/javax.servlet-api/3.1.0/javax.servlet-api-3.1.0.jar:/opt/defects4j/framework/projects/Jsoup/lib/org/eclipse/jetty/jetty-http/9.2.22.v20170606/jetty-http-9.2.22.v20170606.jar:/opt/defects4j/framework/projects/Jsoup/lib/org/eclipse/jetty/jetty-http/9.2.26.v20180806/jetty-http-9.2.26.v20180806.jar:/opt/defects4j/framework/projects/Jsoup/lib/org/eclipse/jetty/jetty-http/9.2.28.v20190418/jetty-http-9.2.28.v20190418.jar:/opt/defects4j/framework/projects/Jsoup/lib/org/eclipse/jetty/jetty-io/9.2.22.v20170606/jetty-io-9.2.22.v20170606.jar:/opt/defects4j/framework/projects/Jsoup/lib/org/eclipse/jetty/jetty-io/9.2.26.v20180806/jetty-io-9.2.26.v20180806.jar:/opt/defects4j/framework/projects/Jsoup/lib/org/eclipse/jetty/jetty-io/9.2.28.v20190418/jetty-io-9.2.28.v20190418.jar:/opt/defects4j/framework/projects/Jsoup/lib/org/eclipse/jetty/jetty-security/9.2.22.v20170606/jetty-security-9.2.22.v20170606.jar:/opt/defects4j/framework/projects/Jsoup/lib/org/eclipse/jetty/jetty-security/9.2.26.v20180806/jetty-security-9.2.26.v20180806.jar:/opt/defects4j/framework/projects/Jsoup/lib/org/eclipse/jetty/jetty-security/9.2.28.v20190418/jetty-security-9.2.28.v20190418.jar:/opt/defects4j/framework/projects/Jsoup/lib/org/eclipse/jetty/jetty-server/9.2.22.v20170606/jetty-server-9.2.22.v20170606.jar:/opt/defects4j/framework/projects/Jsoup/lib/org/eclipse/jetty/jetty-server/9.2.26.v20180806/jetty-server-9.2.26.v20180806.jar:/opt/defects4j/framework/projects/Jsoup/lib/org/eclipse/jetty/jetty-server/9.2.28.v20190418/jetty-server-9.2.28.v20190418.jar:/opt/defects4j/framework/projects/Jsoup/lib/org/eclipse/jetty/jetty-servlet/9.2.22.v20170606/jetty-servlet-9.2.22.v20170606.jar:/opt/defects4j/framework/projects/Jsoup/lib/org/eclipse/jetty/jetty-servlet/9.2.26.v20180806/jetty-servlet-9.2.26.v20180806.jar:/opt/defects4j/framework/projects/Jsoup/lib/org/eclipse/jetty/jetty-servlet/9.2.28.v20190418/jetty-servlet-9.2.28.v20190418.jar:/opt/defects4j/framework/projects/Jsoup/lib/org/eclipse/jetty/jetty-util/9.2.22.v20170606/jetty-util-9.2.22.v20170606.jar:/opt/defects4j/framework/projects/Jsoup/lib/org/eclipse/jetty/jetty-util/9.2.26.v20180806/jetty-util-9.2.26.v20180806.jar:/opt/defects4j/framework/projects/Jsoup/lib/org/eclipse/jetty/jetty-util/9.2.28.v20190418/jetty-util-9.2.28.v20190418.jar -Dcriterion=LINE:BRANCH:EXCEPTION -Dsearch_budget=60 -seed 1 -Dtest_dir=/work/evo_out/Jsoup_33f/budget60_seed1/tests -Dreport_dir=/work/evo_out/Jsoup_33f/budget60_seed1/report
* EvoSuite 1.2.0
* Going to generate test cases for class: org.jsoup.parser.HtmlTreeBuilder
* Starting Client-0
* Connecting to master process on port 9922
* Analyzing classpath: 
  - /opt/defects4j/framework/projects/lib/junit-4.12-hamcrest-1.3.jar
  - /work/Jsoup_33f/target/classes
  - /work/Jsoup_33f/target/test-classes
  - /opt/defects4j/framework/projects/Jsoup/lib/com/google/code/gson/gson/2.7/gson-2.7.jar
  - /opt/defects4j/framework/projects/Jsoup/lib/commons-lang/commons-lang/2.4/commons-lang-2.4.jar
  - /opt/defects4j/framework/projects/Jsoup/lib/javax/servlet/javax.servlet-api/3.1.0/javax.servlet-api-3.1.0.jar
  - /opt/defects4j/framework/projects/Jsoup/lib/org/eclipse/jetty/jetty-http/9.2.22.v20170606/jetty-http-9.2.22.v20170606.jar
  - /opt/defects4j/framework/projects/Jsoup/lib/org/eclipse/jetty/jetty-http/9.2.26.v20180806/jetty-http-9.2.26.v20180806.jar
  - /opt/defects4j/framework/projects/Jsoup/lib/org/eclipse/jetty/jetty-http/9.2.28.v20190418/jetty-http-9.2.28.v20190418.jar
  - /opt/defects4j/framework/projects/Jsoup/lib/org/eclipse/jetty/jetty-io/9.2.22.v20170606/jetty-io-9.2.22.v20170606.jar
  - /opt/defects4j/framework/projects/Jsoup/lib/org/eclipse/jetty/jetty-io/9.2.26.v20180806/jetty-io-9.2.26.v20180806.jar
  - /opt/defects4j/framework/projects/Jsoup/lib/org/eclipse/jetty/jetty-io/9.2.28.v20190418/jetty-io-9.2.28.v20190418.jar
  - /opt/defects4j/framework/projects/Jsoup/lib/org/eclipse/jetty/jetty-security/9.2.22.v20170606/jetty-security-9.2.22.v20170606.jar
  - /opt/defects4j/framework/projects/Jsoup/lib/org/eclipse/jetty/jetty-security/9.2.26.v20180806/jetty-security-9.2.26.v20180806.jar
  - /opt/defects4j/framework/projects/Jsoup/lib/org/eclipse/jetty/jetty-security/9.2.28.v20190418/jetty-security-9.2.28.v20190418.jar
  - /opt/defects4j/framework/projects/Jsoup/lib/org/eclipse/jetty/jetty-server/9.2.22.v20170606/jetty-server-9.2.22.v20170606.jar
  - /opt/defects4j/framework/projects/Jsoup/lib/org/eclipse/jetty/jetty-server/9.2.26.v20180806/jetty-server-9.2.26.v20180806.jar
  - /opt/defects4j/framework/projects/Jsoup/lib/org/eclipse/jetty/jetty-server/9.2.28.v20190418/jetty-server-9.2.28.v20190418.jar
  - /opt/defects4j/framework/projects/Jsoup/lib/org/eclipse/jetty/jetty-servlet/9.2.22.v20170606/jetty-servlet-9.2.22.v20170606.jar
  - /opt/defects4j/framework/projects/Jsoup/lib/org/eclipse/jetty/jetty-servlet/9.2.26.v20180806/jetty-servlet-9.2.26.v20180806.jar
  - /opt/defects4j/framework/projects/Jsoup/lib/org/eclipse/jetty/jetty-servlet/9.2.28.v20190418/jetty-servlet-9.2.28.v20190418.jar
  - /opt/defects4j/framework/projects/Jsoup/lib/org/eclipse/jetty/jetty-util/9.2.22.v20170606/jetty-util-9.2.22.v20170606.jar
  - /opt/defects4j/framework/projects/Jsoup/lib/org/eclipse/jetty/jetty-util/9.2.26.v20180806/jetty-util-9.2.26.v20180806.jar
  - /opt/defects4j/framework/projects/Jsoup/lib/org/eclipse/jetty/jetty-util/9.2.28.v20190418/jetty-util-9.2.28.v20190418.jar
[MASTER] 20:34:24.999 [logback-1] WARN  InheritanceTree - Class not in inheritance graph: java.util.Locale$IsoCountryCode
* Finished analyzing classpath
* Generating tests for class org.jsoup.parser.HtmlTreeBuilder
* Test criteria:
  - Line Coverage
  - Branch Coverage
  - Exception
* Setting up search algorithm for whole suite generation
* Total number of test goals: 
  - Line 393
  - Branch 247
  - Exception 0

[Progress:>                             0%] [Cov:>                                  0%]* Using seed 1
* Starting evolution

[Progress:>                             0%] [Cov:>                                  1%]
[Progress:>                             0%] [Cov:>                                  2%]
[Progress:>                             0%] [Cov:============>                      36%]
[Progress:>                             0%] [Cov:=================>                 51%]
[Progress:>                             1%] [Cov:===========>                       34%]
[Progress:>                             1%] [Cov:============>                      35%]
[Progress:>                             1%] [Cov:============>                      36%]
[Progress:>                             1%] [Cov:==============>                    42%]
[Progress:>                             1%] [Cov:===============>                   45%]
[Progress:>                             3%] [Cov:>                                  1%]
[Progress:>                             3%] [Cov:============>                      35%]
[Progress:>                             3%] [Cov:==============>                    40%]
[Progress:>                             3%] [Cov:================>                  48%]
[Progress:>                             3%] [Cov:==================>                52%]
[Progress:>                             3%] [Cov:=================>                 51%]
[Progress:>                             3%] [Cov:==================>                52%]
[Progress:>                             3%] [Cov:==================>                53%]
[Progress:>                             3%] [Cov:=======================>           66%]
[Progress:=>                            5%] [Cov:=======================>           66%]
[Progress:=>                            5%] [Cov:=======================>           66%]
[Progress:=>                            5%] [Cov:=======================>           66%]
[Progress:=>                            5%] [Cov:=======================>           67%]
[Progress:=>                            6%] [Cov:=======================>           68%]
[Progress:=>                            6%] [Cov:========================>          69%]
[Progress:=>                            6%] [Cov:========================>          69%]
[Progress:=>                            6%] [Cov:========================>          70%]
[Progress:=>                            6%] [Cov:========================>          71%]
[Progress:=>                            6%] [Cov:=========================>         72%]
[Progress:==>                           8%] [Cov:=========================>         72%]
[Progress:==>                           8%] [Cov:=========================>         72%]
[Progress:==>                           8%] [Cov:=========================>         73%]
[Progress:==>                           8%] [Cov:=========================>         73%]
[Progress:===>                          10%] [Cov:=========================>         73%]
[Progress:===>                          10%] [Cov:=========================>         74%]
[Progress:===>                          10%] [Cov:==========================>        75%]
[Progress:===>                          10%] [Cov:==========================>        75%]
[Progress:===>                          11%] [Cov:==========================>        75%]
[Progress:===>                          11%] [Cov:==========================>        75%]
[Progress:===>                          11%] [Cov:==========================>        75%]
[Progress:===>                          11%] [Cov:==========================>        76%]
[Progress:===>                          13%] [Cov:==========================>        76%]
[Progress:===>                          13%] [Cov:==========================>        76%]
[Progress:====>                         15%] [Cov:==========================>        76%]
[Progress:====>                         15%] [Cov:==========================>        77%]
[Progress:====>                         15%] [Cov:==========================>        77%]
[Progress:====>                         16%] [Cov:==========================>        77%]
[Progress:====>                         16%] [Cov:==========================>        77%]
[Progress:====>                         16%] [Cov:==========================>        77%]
[Progress:====>                         16%] [Cov:===========================>       79%]
[Progress:=====>                        18%] [Cov:==========================>        77%]
[Progress:=====>                        18%] [Cov:===========================>       79%]
[Progress:=====>                        18%] [Cov:============================>      80%]
[Progress:=====>                        18%] [Cov:============================>      80%]
[Progress:======>                       20%] [Cov:============================>      80%]
[Progress:======>                       20%] [Cov:============================>      80%]
[Progress:======>                       20%] [Cov:============================>      80%]
[Progress:======>                       21%] [Cov:============================>      80%]
[Progress:======>                       21%] [Cov:============================>      81%]
[Progress:======>                       21%] [Cov:============================>      81%]
[Progress:======>                       21%] [Cov:============================>      81%]
[Progress:======>                       23%] [Cov:============================>      81%]
[Progress:======>                       23%] [Cov:============================>      82%]
[Progress:======>                       23%] [Cov:============================>      82%]
[Progress:======>                       23%] [Cov:============================>      82%]
[Progress:=======>                      25%] [Cov:============================>      82%]
[Progress:=======>                      25%] [Cov:============================>      82%]
[Progress:=======>                      25%] [Cov:============================>      82%]
[Progress:=======>                      26%] [Cov:============================>      82%]
[Progress:=======>                      26%] [Cov:============================>      82%]
[Progress:=======>                      26%] [Cov:============================>      82%]
[Progress:========>                     28%] [Cov:============================>      82%]
[Progress:========>                     28%] [Cov:============================>      82%]
[Progress:========>                     28%] [Cov:============================>      82%]
[Progress:========>                     28%] [Cov:============================>      82%]
[Progress:=========>                    30%] [Cov:============================>      82%]
[Progress:=========>                    30%] [Cov:============================>      82%]
[Progress:=========>                    30%] [Cov:============================>      82%]
[Progress:=========>                    31%] [Cov:============================>      82%]
[Progress:=========>                    31%] [Cov:============================>      82%]
[Progress:=========>                    31%] [Cov:============================>      82%]
[Progress:=========>                    31%] [Cov:============================>      82%]
[Progress:=========>                    33%] [Cov:============================>      82%]
[Progress:=========>                    33%] [Cov:============================>      82%]
[Progress:=========>                    33%] [Cov:=============================>     83%]
[Progress:=========>                    33%] [Cov:=============================>     83%]
[Progress:==========>                   35%] [Cov:=============================>     83%]
[Progress:==========>                   35%] [Cov:=============================>     83%]
[Progress:==========>                   35%] [Cov:=============================>     83%]
[Progress:==========>                   35%] [Cov:=============================>     83%]
[Progress:==========>                   36%] [Cov:=============================>     83%]
[Progress:==========>                   36%] [Cov:=============================>     83%]
[Progress:==========>                   36%] [Cov:=============================>     83%]
[Progress:===========>                  38%] [Cov:=============================>     83%]
[Progress:===========>                  38%] [Cov:=============================>     83%]
[Progress:===========>                  38%] [Cov:=============================>     83%]
[Progress:===========>                  38%] [Cov:=============================>     83%]
[Progress:============>                 40%] [Cov:=============================>     83%]
[Progress:============>                 40%] [Cov:=============================>     83%]
[Progress:============>                 40%] [Cov:=============================>     83%]
[Progress:============>                 41%] [Cov:=============================>     83%]
[Progress:============>                 41%] [Cov:=============================>     83%]
[Progress:============>                 41%] [Cov:=============================>     83%]
[Progress:============>                 43%] [Cov:=============================>     83%]
[Progress:============>                 43%] [Cov:=============================>     83%]
[Progress:============>                 43%] [Cov:=============================>     83%]
[Progress:=============>                45%] [Cov:=============================>     83%]
[Progress:=============>                45%] [Cov:=============================>     83%]
[Progress:=============>                45%] [Cov:=============================>     83%]
[Progress:=============>                45%] [Cov:=============================>     83%]
[Progress:=============>                46%] [Cov:=============================>     83%]
[Progress:=============>                46%] [Cov:=============================>     83%]
[Progress:=============>                46%] [Cov:=============================>     83%]
[Progress:=============>                46%] [Cov:=============================>     83%]
[Progress:==============>               48%] [Cov:=============================>     83%]
[Progress:==============>               48%] [Cov:=============================>     83%]
[Progress:==============>               48%] [Cov:=============================>     83%]
[Progress:==============>               48%] [Cov:=============================>     83%]
[Progress:===============>              50%] [Cov:=============================>     83%]
[Progress:===============>              50%] [Cov:=============================>     83%]
[Progress:===============>              50%] [Cov:=============================>     83%]
[Progress:===============>              51%] [Cov:=============================>     83%]
[Progress:===============>              51%] [Cov:=============================>     83%]
[Progress:===============>              51%] [Cov:=============================>     83%]
[Progress:===============>              53%] [Cov:=============================>     83%]
[Progress:===============>              53%] [Cov:=============================>     83%]
[Progress:===============>              53%] [Cov:=============================>     83%]
[Progress:===============>              53%] [Cov:=============================>     83%]
[Progress:================>             55%] [Cov:=============================>     83%]
[Progress:================>             55%] [Cov:=============================>     83%]
[Progress:================>             55%] [Cov:=============================>     83%]
[Progress:================>             56%] [Cov:=============================>     83%]
[Progress:================>             56%] [Cov:=============================>     83%]
[Progress:================>             56%] [Cov:=============================>     83%]
[Progress:=================>            58%] [Cov:=============================>     83%]
[Progress:=================>            58%] [Cov:=============================>     83%]
[Progress:=================>            58%] [Cov:=============================>     83%]
[Progress:==================>           60%] [Cov:=============================>     83%]
[Progress:==================>           60%] [Cov:=============================>     83%]
[Progress:==================>           60%] [Cov:=============================>     83%]
[Progress:==================>           61%] [Cov:=============================>     83%]
[Progress:==================>           61%] [Cov:=============================>     83%]
[Progress:==================>           61%] [Cov:=============================>     83%]
[Progress:==================>           63%] [Cov:=============================>     83%]
[Progress:==================>           63%] [Cov:=============================>     83%]
[Progress:===================>          65%] [Cov:=============================>     83%]
[Progress:===================>          65%] [Cov:=============================>     83%]
[Progress:===================>          65%] [Cov:=============================>     84%]
[Progress:===================>          65%] [Cov:=============================>     84%]
[Progress:===================>          66%] [Cov:=============================>     84%]
[Progress:===================>          66%] [Cov:=============================>     84%]
[Progress:====================>         68%] [Cov:=============================>     84%]
[Progress:====================>         68%] [Cov:=============================>     84%]
[Progress:=====================>        70%] [Cov:=============================>     84%]
[Progress:=====================>        70%] [Cov:=============================>     84%]
[Progress:=====================>        71%] [Cov:=============================>     84%]
[Progress:=====================>        71%] [Cov:=============================>     84%]
[Progress:=====================>        71%] [Cov:=============================>     84%]
[Progress:=====================>        73%] [Cov:=============================>     84%]
[Progress:=====================>        73%] [Cov:=============================>     84%]
[Progress:=====================>        73%] [Cov:=============================>     84%]
[Progress:======================>       75%] [Cov:=============================>     84%]
[Progress:======================>       75%] [Cov:=============================>     84%]
[Progress:======================>       75%] [Cov:=============================>     84%]
[Progress:======================>       76%] [Cov:=============================>     84%]
[Progress:======================>       76%] [Cov:=============================>     84%]
[Progress:======================>       76%] [Cov:=============================>     84%]
[Progress:=======================>      78%] [Cov:=============================>     84%]
[Progress:=======================>      78%] [Cov:=============================>     84%]
[Progress:=======================>      78%] [Cov:=============================>     84%]
[Progress:=======================>      78%] [Cov:=============================>     85%]
[Progress:========================>     80%] [Cov:=============================>     85%]
[Progress:========================>     80%] [Cov:=============================>     85%]
[Progress:========================>     81%] [Cov:=============================>     85%]
[Progress:========================>     81%] [Cov:=============================>     85%]
[Progress:========================>     81%] [Cov:=============================>     85%]
[Progress:========================>     83%] [Cov:=============================>     85%]
[Progress:========================>     83%] [Cov:=============================>     85%]
[Progress:========================>     83%] [Cov:=============================>     85%]
[Progress:=========================>    85%] [Cov:=============================>     85%]
[Progress:=========================>    85%] [Cov:=============================>     85%]
[Progress:=========================>    85%] [Cov:=============================>     85%]
[Progress:=========================>    86%] [Cov:=============================>     85%]
[Progress:=========================>    86%] [Cov:=============================>     85%]
[Progress:==========================>   88%] [Cov:=============================>     85%]
[Progress:==========================>   88%] [Cov:=============================>     85%]
[Progress:===========================>  90%] [Cov:=============================>     85%]
[Progress:===========================>  90%] [Cov:=============================>     85%]
[Progress:===========================>  90%] [Cov:=============================>     85%]
[Progress:===========================>  91%] [Cov:=============================>     85%]
[Progress:===========================>  91%] [Cov:=============================>     85%]
[Progress:===========================>  93%] [Cov:=============================>     85%]
[Progress:===========================>  93%] [Cov:=============================>     85%]
[Progress:============================> 95%] [Cov:=============================>     85%]
[Progress:============================> 95%] [Cov:=============================>     85%]
[Progress:============================> 95%] [Cov:=============================>     85%]
[Progress:============================> 96%] [Cov:=============================>     85%]
[Progress:============================> 96%] [Cov:=============================>     85%]
[Progress:=============================>98%] [Cov:=============================>     85%]
[Progress:=============================>98%] [Cov:==============================>    86%]
[Progress:=============================>98%] [Cov:==============================>    86%]
[Progress:==============================100%] [Cov:==============================>    86%]
[Progress:==============================100%] [Cov:==============================>    86%]
[Progress:==============================100%] [Cov:==============================>    86%]
[Progress:==============================100%] [Cov:==============================>    86%]
[Progress:==============================100%] [Cov:==============================>    86%]
* Search finished after 61s and 128 generations, 50766 statements, best individual has fitness: 99.50168748960208
* Minimizing test suite
* Going to analyze the coverage criteria
* Coverage analysis for criterion LINE
* Coverage of criterion LINE: 83%
* Total number of goals: 393
* Number of covered goals: 326
* Coverage analysis for criterion BRANCH
* Coverage of criterion BRANCH: 75%
* Total number of goals: 247
* Number of covered goals: 186
* Coverage analysis for criterion EXCEPTION
* Coverage of criterion EXCEPTION: 100%
* Total number of goals: 60
* Number of covered goals: 60
* Generated 113 tests with total length 388
* Resulting test suite's coverage: 86% (average coverage for all fitness functions)
* Generating assertions
* Resulting test suite's mutation score: 41%
* Compiling and checking tests
* Writing tests to file
* Writing JUnit test case 'HtmlTreeBuilder_ESTest' to /work/evo_out/Jsoup_33f/budget60_seed1/tests
* Done!

* Computation finished

[exit=0 timeout=False time=101.1s]

$ javac -nowarn -cp /work/Jsoup_33f/target/classes:/opt/defects4j/framework/projects/lib/junit-4.12-hamcrest-1.3.jar:/work/Jsoup_33f/target/classes:/work/Jsoup_33f/target/test-classes:/opt/defects4j/framework/projects/Jsoup/lib/com/google/code/gson/gson/2.7/gson-2.7.jar:/opt/defects4j/framework/projects/Jsoup/lib/commons-lang/commons-lang/2.4/commons-lang-2.4.jar:/opt/defects4j/framework/projects/Jsoup/lib/javax/servlet/javax.servlet-api/3.1.0/javax.servlet-api-3.1.0.jar:/opt/defects4j/framework/projects/Jsoup/lib/org/eclipse/jetty/jetty-http/9.2.22.v20170606/jetty-http-9.2.22.v20170606.jar:/opt/defects4j/framework/projects/Jsoup/lib/org/eclipse/jetty/jetty-http/9.2.26.v20180806/jetty-http-9.2.26.v20180806.jar:/opt/defects4j/framework/projects/Jsoup/lib/org/eclipse/jetty/jetty-http/9.2.28.v20190418/jetty-http-9.2.28.v20190418.jar:/opt/defects4j/framework/projects/Jsoup/lib/org/eclipse/jetty/jetty-io/9.2.22.v20170606/jetty-io-9.2.22.v20170606.jar:/opt/defects4j/framework/projects/Jsoup/lib/org/eclipse/jetty/jetty-io/9.2.26.v20180806/jetty-io-9.2.26.v20180806.jar:/opt/defects4j/framework/projects/Jsoup/lib/org/eclipse/jetty/jetty-io/9.2.28.v20190418/jetty-io-9.2.28.v20190418.jar:/opt/defects4j/framework/projects/Jsoup/lib/org/eclipse/jetty/jetty-security/9.2.22.v20170606/jetty-security-9.2.22.v20170606.jar:/opt/defects4j/framework/projects/Jsoup/lib/org/eclipse/jetty/jetty-security/9.2.26.v20180806/jetty-security-9.2.26.v20180806.jar:/opt/defects4j/framework/projects/Jsoup/lib/org/eclipse/jetty/jetty-security/9.2.28.v20190418/jetty-security-9.2.28.v20190418.jar:/opt/defects4j/framework/projects/Jsoup/lib/org/eclipse/jetty/jetty-server/9.2.22.v20170606/jetty-server-9.2.22.v20170606.jar:/opt/defects4j/framework/projects/Jsoup/lib/org/eclipse/jetty/jetty-server/9.2.26.v20180806/jetty-server-9.2.26.v20180806.jar:/opt/defects4j/framework/projects/Jsoup/lib/org/eclipse/jetty/jetty-server/9.2.28.v20190418/jetty-server-9.2.28.v20190418.jar:/opt/defects4j/framework/projects/Jsoup/lib/org/eclipse/jetty/jetty-servlet/9.2.22.v20170606/jetty-servlet-9.2.22.v20170606.jar:/opt/defects4j/framework/projects/Jsoup/lib/org/eclipse/jetty/jetty-servlet/9.2.26.v20180806/jetty-servlet-9.2.26.v20180806.jar:/opt/defects4j/framework/projects/Jsoup/lib/org/eclipse/jetty/jetty-servlet/9.2.28.v20190418/jetty-servlet-9.2.28.v20190418.jar:/opt/defects4j/framework/projects/Jsoup/lib/org/eclipse/jetty/jetty-util/9.2.22.v20170606/jetty-util-9.2.22.v20170606.jar:/opt/defects4j/framework/projects/Jsoup/lib/org/eclipse/jetty/jetty-util/9.2.26.v20180806/jetty-util-9.2.26.v20180806.jar:/opt/defects4j/framework/projects/Jsoup/lib/org/eclipse/jetty/jetty-util/9.2.28.v20190418/jetty-util-9.2.28.v20190418.jar:/opt/evosuite/evosuite-standalone-runtime-1.2.0.jar -d /work/evo_out/Jsoup_33f/budget60_seed1/classes /work/evo_out/Jsoup_33f/budget60_seed1/tests/org/jsoup/parser/HtmlTreeBuilder_ESTest.java /work/evo_out/Jsoup_33f/budget60_seed1/tests/org/jsoup/parser/HtmlTreeBuilder_ESTest_scaffolding.java

[exit=0 timeout=False time=1.0s]

$ java -jar /opt/jacoco/lib/jacococli.jar instrument /work/Jsoup_33f/target/classes --dest /work/evo_out/Jsoup_33f/budget60_seed1/instrumented
[INFO] 231 classes instrumented to /work/evo_out/Jsoup_33f/budget60_seed1/instrumented.

[exit=0 timeout=False time=0.4s]

$ java -Djacoco-agent.destfile=/workspace/EvoSuite/Result_Round1/Jsoup_33/budget60_seed1/jacoco.exec -cp /work/evo_out/Jsoup_33f/budget60_seed1/instrumented:/work/evo_out/Jsoup_33f/budget60_seed1/classes:/opt/defects4j/framework/projects/lib/junit-4.12-hamcrest-1.3.jar:/work/Jsoup_33f/target/classes:/work/Jsoup_33f/target/test-classes:/opt/defects4j/framework/projects/Jsoup/lib/com/google/code/gson/gson/2.7/gson-2.7.jar:/opt/defects4j/framework/projects/Jsoup/lib/commons-lang/commons-lang/2.4/commons-lang-2.4.jar:/opt/defects4j/framework/projects/Jsoup/lib/javax/servlet/javax.servlet-api/3.1.0/javax.servlet-api-3.1.0.jar:/opt/defects4j/framework/projects/Jsoup/lib/org/eclipse/jetty/jetty-http/9.2.22.v20170606/jetty-http-9.2.22.v20170606.jar:/opt/defects4j/framework/projects/Jsoup/lib/org/eclipse/jetty/jetty-http/9.2.26.v20180806/jetty-http-9.2.26.v20180806.jar:/opt/defects4j/framework/projects/Jsoup/lib/org/eclipse/jetty/jetty-http/9.2.28.v20190418/jetty-http-9.2.28.v20190418.jar:/opt/defects4j/framework/projects/Jsoup/lib/org/eclipse/jetty/jetty-io/9.2.22.v20170606/jetty-io-9.2.22.v20170606.jar:/opt/defects4j/framework/projects/Jsoup/lib/org/eclipse/jetty/jetty-io/9.2.26.v20180806/jetty-io-9.2.26.v20180806.jar:/opt/defects4j/framework/projects/Jsoup/lib/org/eclipse/jetty/jetty-io/9.2.28.v20190418/jetty-io-9.2.28.v20190418.jar:/opt/defects4j/framework/projects/Jsoup/lib/org/eclipse/jetty/jetty-security/9.2.22.v20170606/jetty-security-9.2.22.v20170606.jar:/opt/defects4j/framework/projects/Jsoup/lib/org/eclipse/jetty/jetty-security/9.2.26.v20180806/jetty-security-9.2.26.v20180806.jar:/opt/defects4j/framework/projects/Jsoup/lib/org/eclipse/jetty/jetty-security/9.2.28.v20190418/jetty-security-9.2.28.v20190418.jar:/opt/defects4j/framework/projects/Jsoup/lib/org/eclipse/jetty/jetty-server/9.2.22.v20170606/jetty-server-9.2.22.v20170606.jar:/opt/defects4j/framework/projects/Jsoup/lib/org/eclipse/jetty/jetty-server/9.2.26.v20180806/jetty-server-9.2.26.v20180806.jar:/opt/defects4j/framework/projects/Jsoup/lib/org/eclipse/jetty/jetty-server/9.2.28.v20190418/jetty-server-9.2.28.v20190418.jar:/opt/defects4j/framework/projects/Jsoup/lib/org/eclipse/jetty/jetty-servlet/9.2.22.v20170606/jetty-servlet-9.2.22.v20170606.jar:/opt/defects4j/framework/projects/Jsoup/lib/org/eclipse/jetty/jetty-servlet/9.2.26.v20180806/jetty-servlet-9.2.26.v20180806.jar:/opt/defects4j/framework/projects/Jsoup/lib/org/eclipse/jetty/jetty-servlet/9.2.28.v20190418/jetty-servlet-9.2.28.v20190418.jar:/opt/defects4j/framework/projects/Jsoup/lib/org/eclipse/jetty/jetty-util/9.2.22.v20170606/jetty-util-9.2.22.v20170606.jar:/opt/defects4j/framework/projects/Jsoup/lib/org/eclipse/jetty/jetty-util/9.2.26.v20180806/jetty-util-9.2.26.v20180806.jar:/opt/defects4j/framework/projects/Jsoup/lib/org/eclipse/jetty/jetty-util/9.2.28.v20190418/jetty-util-9.2.28.v20190418.jar:/opt/evosuite/evosuite-standalone-runtime-1.2.0.jar:/opt/jacoco/lib/jacocoagent.jar org.junit.runner.JUnitCore org.jsoup.parser.HtmlTreeBuilder_ESTest
JUnit version 4.12
.................................................................................................................
Time: 1.318

OK (113 tests)

SLF4J: Failed to load class "org.slf4j.impl.StaticLoggerBinder".
SLF4J: Defaulting to no-operation (NOP) logger implementation
SLF4J: See http://www.slf4j.org/codes.html#StaticLoggerBinder for further details.
WARNING: An illegal reflective access operation has occurred
WARNING: Illegal reflective access by org.evosuite.runtime.GuiSupport (file:/opt/evosuite/evosuite-standalone-runtime-1.2.0.jar) to field java.awt.GraphicsEnvironment.headless
WARNING: Please consider reporting this to the maintainers of org.evosuite.runtime.GuiSupport
WARNING: Use --illegal-access=warn to enable warnings of further illegal reflective access operations
WARNING: All illegal access operations will be denied in a future release

[exit=0 timeout=False time=2.4s]

$ java -jar /opt/jacoco/lib/jacococli.jar report /workspace/EvoSuite/Result_Round1/Jsoup_33/budget60_seed1/jacoco.exec --classfiles /work/Jsoup_33f/target/classes --csv /workspace/EvoSuite/Result_Round1/Jsoup_33/budget60_seed1/jacoco.csv
[INFO] Loading execution data file /workspace/EvoSuite/Result_Round1/Jsoup_33/budget60_seed1/jacoco.exec.
[INFO] Analyzing 211 classes.

[exit=0 timeout=False time=0.4s]

$ java -cp /work/evo_out/Jsoup_33f/budget60_seed1/classes:/opt/defects4j/framework/projects/lib/junit-4.12-hamcrest-1.3.jar:/work/Jsoup_33b/target/classes:/work/Jsoup_33b/target/test-classes:/opt/defects4j/framework/projects/Jsoup/lib/com/google/code/gson/gson/2.7/gson-2.7.jar:/opt/defects4j/framework/projects/Jsoup/lib/commons-lang/commons-lang/2.4/commons-lang-2.4.jar:/opt/defects4j/framework/projects/Jsoup/lib/javax/servlet/javax.servlet-api/3.1.0/javax.servlet-api-3.1.0.jar:/opt/defects4j/framework/projects/Jsoup/lib/org/eclipse/jetty/jetty-http/9.2.22.v20170606/jetty-http-9.2.22.v20170606.jar:/opt/defects4j/framework/projects/Jsoup/lib/org/eclipse/jetty/jetty-http/9.2.26.v20180806/jetty-http-9.2.26.v20180806.jar:/opt/defects4j/framework/projects/Jsoup/lib/org/eclipse/jetty/jetty-http/9.2.28.v20190418/jetty-http-9.2.28.v20190418.jar:/opt/defects4j/framework/projects/Jsoup/lib/org/eclipse/jetty/jetty-io/9.2.22.v20170606/jetty-io-9.2.22.v20170606.jar:/opt/defects4j/framework/projects/Jsoup/lib/org/eclipse/jetty/jetty-io/9.2.26.v20180806/jetty-io-9.2.26.v20180806.jar:/opt/defects4j/framework/projects/Jsoup/lib/org/eclipse/jetty/jetty-io/9.2.28.v20190418/jetty-io-9.2.28.v20190418.jar:/opt/defects4j/framework/projects/Jsoup/lib/org/eclipse/jetty/jetty-security/9.2.22.v20170606/jetty-security-9.2.22.v20170606.jar:/opt/defects4j/framework/projects/Jsoup/lib/org/eclipse/jetty/jetty-security/9.2.26.v20180806/jetty-security-9.2.26.v20180806.jar:/opt/defects4j/framework/projects/Jsoup/lib/org/eclipse/jetty/jetty-security/9.2.28.v20190418/jetty-security-9.2.28.v20190418.jar:/opt/defects4j/framework/projects/Jsoup/lib/org/eclipse/jetty/jetty-server/9.2.22.v20170606/jetty-server-9.2.22.v20170606.jar:/opt/defects4j/framework/projects/Jsoup/lib/org/eclipse/jetty/jetty-server/9.2.26.v20180806/jetty-server-9.2.26.v20180806.jar:/opt/defects4j/framework/projects/Jsoup/lib/org/eclipse/jetty/jetty-server/9.2.28.v20190418/jetty-server-9.2.28.v20190418.jar:/opt/defects4j/framework/projects/Jsoup/lib/org/eclipse/jetty/jetty-servlet/9.2.22.v20170606/jetty-servlet-9.2.22.v20170606.jar:/opt/defects4j/framework/projects/Jsoup/lib/org/eclipse/jetty/jetty-servlet/9.2.26.v20180806/jetty-servlet-9.2.26.v20180806.jar:/opt/defects4j/framework/projects/Jsoup/lib/org/eclipse/jetty/jetty-servlet/9.2.28.v20190418/jetty-servlet-9.2.28.v20190418.jar:/opt/defects4j/framework/projects/Jsoup/lib/org/eclipse/jetty/jetty-util/9.2.22.v20170606/jetty-util-9.2.22.v20170606.jar:/opt/defects4j/framework/projects/Jsoup/lib/org/eclipse/jetty/jetty-util/9.2.26.v20180806/jetty-util-9.2.26.v20180806.jar:/opt/defects4j/framework/projects/Jsoup/lib/org/eclipse/jetty/jetty-util/9.2.28.v20190418/jetty-util-9.2.28.v20190418.jar:/opt/evosuite/evosuite-standalone-runtime-1.2.0.jar org.junit.runner.JUnitCore org.jsoup.parser.HtmlTreeBuilder_ESTest
JUnit version 4.12
.................................................................................................................
Time: 1.204

OK (113 tests)

SLF4J: Failed to load class "org.slf4j.impl.StaticLoggerBinder".
SLF4J: Defaulting to no-operation (NOP) logger implementation
SLF4J: See http://www.slf4j.org/codes.html#StaticLoggerBinder for further details.
WARNING: An illegal reflective access operation has occurred
WARNING: Illegal reflective access by org.evosuite.runtime.GuiSupport (file:/opt/evosuite/evosuite-standalone-runtime-1.2.0.jar) to field java.awt.GraphicsEnvironment.headless
WARNING: Please consider reporting this to the maintainers of org.evosuite.runtime.GuiSupport
WARNING: Use --illegal-access=warn to enable warnings of further illegal reflective access operations
WARNING: All illegal access operations will be denied in a future release

[exit=0 timeout=False time=1.6s]
