
$ javac -nowarn -encoding UTF-8 -cp /work/Math_52f/target/classes:/work/Math_52f/target/test-classes:/opt/defects4j/framework/projects/lib/junit-4.12-hamcrest-1.3.jar:/work/jqwik_harness:/workspace/lib/jqwik/jqwik-1.7.4.jar:/workspace/lib/jqwik/jqwik-api-1.7.4.jar:/workspace/lib/jqwik/jqwik-engine-1.7.4.jar -d /work/jqwik_out/Math_52/auto_round2_tries1000_seed3/classes_f /workspace/jqwik/Auto/Math_52/org/apache/commons/math/geometry/euclidean/threed/Rotation_AutoPbtTest.java

[exit=0 timeout=False time=0.9s]

$ javac -nowarn -encoding UTF-8 -cp /work/Math_52b/target/classes:/work/Math_52b/target/test-classes:/opt/defects4j/framework/projects/lib/junit-4.12-hamcrest-1.3.jar:/work/jqwik_harness:/workspace/lib/jqwik/jqwik-1.7.4.jar:/workspace/lib/jqwik/jqwik-api-1.7.4.jar:/workspace/lib/jqwik/jqwik-engine-1.7.4.jar -d /work/jqwik_out/Math_52/auto_round2_tries1000_seed3/classes_b /workspace/jqwik/Auto/Math_52/org/apache/commons/math/geometry/euclidean/threed/Rotation_AutoPbtTest.java

[exit=0 timeout=False time=0.8s]

$ java -Djava.awt.headless=true -Xss4m -Xmx1g -Dpbt.seed=3 -Dpbt.tries=1000 -Dpbt.snapshot.dir=/work/jqwik_out/Math_52/auto_round2_tries1000_seed3/snapshots -Dpbt.propertyBudgetMs=5000 -Dpbt.mask=/work/Math_52f:/work/Math_52b:/work/jqwik_out/Math_52/auto_round2_tries1000_seed3/classes_f:/work/jqwik_out/Math_52/auto_round2_tries1000_seed3/classes_b -Dpbt.mode=record -jar /workspace/lib/jqwik/junit-platform-console-standalone-1.9.3.jar --disable-banner --details tree --class-path /work/jqwik_out/Math_52/auto_round2_tries1000_seed3/classes_f:/work/Math_52f/target/classes:/work/Math_52f/target/test-classes:/opt/defects4j/framework/projects/lib/junit-4.12-hamcrest-1.3.jar:/work/jqwik_harness:/workspace/lib/jqwik/jqwik-1.7.4.jar:/workspace/lib/jqwik/jqwik-api-1.7.4.jar:/workspace/lib/jqwik/jqwik-engine-1.7.4.jar --scan-class-path /work/jqwik_out/Math_52/auto_round2_tries1000_seed3/classes_f --include-classname .* --include-engine jqwik --config jqwik.database=/workspace/jqwik/Result_auto_Round2/Math_52/tries1000_seed3/reports_record/jqwik-database --config jqwik.tries.default=1000 --reports-dir /workspace/jqwik/Result_auto_Round2/Math_52/tries1000_seed3/reports_record
s allowed
edge-cases#mode = NONE        | edge cases are not explicitly generated
seed = 3                      | random seed to reproduce generated values


timestamp = 2026-09-30T02:24:07.414546, Rotation AutoPbtTest:m002 applyTo = 
                              |-----------------------jqwik-----------------------
tries = 1000                  | # of calls to property
checks = 1000                 | # of not rejected calls
generation = RANDOMIZED       | parameters are randomly generated
after-failure = SAMPLE_FIRST  | try previously failed sample, then previous seed
when-fixed-seed = ALLOW       | fixing the random seed is allowed
edge-cases#mode = NONE        | edge cases are not explicitly generated
seed = 3                      | random seed to reproduce generated values


timestamp = 2026-09-30T02:24:08.055796, Rotation AutoPbtTest:m007 getAxis = 
                              |-----------------------jqwik-----------------------
tries = 1000                  | # of calls to property
checks = 1000                 | # of not rejected calls
generation = RANDOMIZED       | parameters are randomly generated
after-failure = SAMPLE_FIRST  | try previously failed sample, then previous seed
when-fixed-seed = ALLOW       | fixing the random seed is allowed
edge-cases#mode = NONE        | edge cases are not explicitly generated
seed = 3                      | random seed to reproduce generated values


timestamp = 2026-09-30T02:24:08.655229, Rotation AutoPbtTest:m006 getAngles = 
                              |-----------------------jqwik-----------------------
tries = 1000                  | # of calls to property
checks = 1000                 | # of not rejected calls
generation = RANDOMIZED       | parameters are randomly generated
after-failure = SAMPLE_FIRST  | try previously failed sample, then previous seed
when-fixed-seed = ALLOW       | fixing the random seed is allowed
edge-cases#mode = NONE        | edge cases are not explicitly generated
seed = 3                      | random seed to reproduce generated values


timestamp = 2026-09-30T02:24:09.562731, Rotation AutoPbtTest:m011 getQ2 = 
                              |-----------------------jqwik-----------------------
tries = 1000                  | # of calls to property
checks = 1000                 | # of not rejected calls
generation = RANDOMIZED       | parameters are randomly generated
after-failure = SAMPLE_FIRST  | try previously failed sample, then previous seed
when-fixed-seed = ALLOW       | fixing the random seed is allowed
edge-cases#mode = NONE        | edge cases are not explicitly generated
seed = 3                      | random seed to reproduce generated values


[36m╷[0m
[36m└─[0m [36mjqwik (JUnit Platform)[0m [32m✔[0m
[36m   └─[0m [36mRotation AutoPbtTest[0m [32m✔[0m
[36m      ├─[0m [34mm004 distance[0m [32m✔[0m
[36m      ├─[0m [34mm001 applyInverseTo[0m [32m✔[0m
[36m      ├─[0m [34mm012 getQ3[0m [32m✔[0m
[36m      ├─[0m [34mm013 revert[0m [32m✔[0m
[36m      ├─[0m [34mm008 getMatrix[0m [32m✔[0m
[36m      ├─[0m [34mm009 getQ0[0m [32m✔[0m
[36m      ├─[0m [34mm000 applyInverseTo[0m [32m✔[0m
[36m      ├─[0m [34mm003 applyTo[0m [32m✔[0m
[36m      ├─[0m [34mm005 getAngle[0m [32m✔[0m
[36m      ├─[0m [34mm010 getQ1[0m [32m✔[0m
[36m      ├─[0m [34mm002 applyTo[0m [32m✔[0m
[36m      ├─[0m [34mm007 getAxis[0m [32m✔[0m
[36m      ├─[0m [34mm006 getAngles[0m [32m✔[0m
[36m      └─[0m [34mm011 getQ2[0m [32m✔[0m

Test run finished after 15765 ms
[         2 containers found      ]
[         0 containers skipped    ]
[         2 containers started    ]
[         0 containers aborted    ]
[         2 containers successful ]
[         0 containers failed     ]
[        14 tests found           ]
[         0 tests skipped         ]
[        14 tests started         ]
[         0 tests aborted         ]
[        14 tests successful      ]
[         0 tests failed          ]


[exit=0 timeout=False time=16.8s]

$ java -Djava.awt.headless=true -Xss4m -Xmx1g -Dpbt.seed=3 -Dpbt.tries=1000 -Dpbt.snapshot.dir=/work/jqwik_out/Math_52/auto_round2_tries1000_seed3/snapshots -Dpbt.propertyBudgetMs=5000 -Dpbt.mask=/work/Math_52f:/work/Math_52b:/work/jqwik_out/Math_52/auto_round2_tries1000_seed3/classes_f:/work/jqwik_out/Math_52/auto_round2_tries1000_seed3/classes_b -Dpbt.mode=check -javaagent:/opt/jacoco/lib/jacocoagent.jar=destfile=/workspace/jqwik/Result_auto_Round2/Math_52/tries1000_seed3/jacoco.exec -jar /workspace/lib/jqwik/junit-platform-console-standalone-1.9.3.jar --disable-banner --details tree --class-path /work/jqwik_out/Math_52/auto_round2_tries1000_seed3/classes_f:/work/Math_52f/target/classes:/work/Math_52f/target/test-classes:/opt/defects4j/framework/projects/lib/junit-4.12-hamcrest-1.3.jar:/work/jqwik_harness:/workspace/lib/jqwik/jqwik-1.7.4.jar:/workspace/lib/jqwik/jqwik-api-1.7.4.jar:/workspace/lib/jqwik/jqwik-engine-1.7.4.jar --scan-class-path /work/jqwik_out/Math_52/auto_round2_tries1000_seed3/classes_f --include-classname .* --include-engine jqwik --config jqwik.database=/workspace/jqwik/Result_auto_Round2/Math_52/tries1000_seed3/reports_fixed/jqwik-database --config jqwik.tries.default=1000 --reports-dir /workspace/jqwik/Result_auto_Round2/Math_52/tries1000_seed3/reports_fixed
s allowed
edge-cases#mode = NONE        | edge cases are not explicitly generated
seed = 3                      | random seed to reproduce generated values


timestamp = 2026-09-30T02:24:31.839734, Rotation AutoPbtTest:m002 applyTo = 
                              |-----------------------jqwik-----------------------
tries = 1000                  | # of calls to property
checks = 1000                 | # of not rejected calls
generation = RANDOMIZED       | parameters are randomly generated
after-failure = SAMPLE_FIRST  | try previously failed sample, then previous seed
when-fixed-seed = ALLOW       | fixing the random seed is allowed
edge-cases#mode = NONE        | edge cases are not explicitly generated
seed = 3                      | random seed to reproduce generated values


timestamp = 2026-09-30T02:24:32.658158, Rotation AutoPbtTest:m007 getAxis = 
                              |-----------------------jqwik-----------------------
tries = 1000                  | # of calls to property
checks = 1000                 | # of not rejected calls
generation = RANDOMIZED       | parameters are randomly generated
after-failure = SAMPLE_FIRST  | try previously failed sample, then previous seed
when-fixed-seed = ALLOW       | fixing the random seed is allowed
edge-cases#mode = NONE        | edge cases are not explicitly generated
seed = 3                      | random seed to reproduce generated values


timestamp = 2026-09-30T02:24:33.383442, Rotation AutoPbtTest:m006 getAngles = 
                              |-----------------------jqwik-----------------------
tries = 1000                  | # of calls to property
checks = 1000                 | # of not rejected calls
generation = RANDOMIZED       | parameters are randomly generated
after-failure = SAMPLE_FIRST  | try previously failed sample, then previous seed
when-fixed-seed = ALLOW       | fixing the random seed is allowed
edge-cases#mode = NONE        | edge cases are not explicitly generated
seed = 3                      | random seed to reproduce generated values


timestamp = 2026-09-30T02:24:34.663029, Rotation AutoPbtTest:m011 getQ2 = 
                              |-----------------------jqwik-----------------------
tries = 1000                  | # of calls to property
checks = 1000                 | # of not rejected calls
generation = RANDOMIZED       | parameters are randomly generated
after-failure = SAMPLE_FIRST  | try previously failed sample, then previous seed
when-fixed-seed = ALLOW       | fixing the random seed is allowed
edge-cases#mode = NONE        | edge cases are not explicitly generated
seed = 3                      | random seed to reproduce generated values


[36m╷[0m
[36m└─[0m [36mjqwik (JUnit Platform)[0m [32m✔[0m
[36m   └─[0m [36mRotation AutoPbtTest[0m [32m✔[0m
[36m      ├─[0m [34mm004 distance[0m [32m✔[0m
[36m      ├─[0m [34mm001 applyInverseTo[0m [32m✔[0m
[36m      ├─[0m [34mm012 getQ3[0m [32m✔[0m
[36m      ├─[0m [34mm013 revert[0m [32m✔[0m
[36m      ├─[0m [34mm008 getMatrix[0m [32m✔[0m
[36m      ├─[0m [34mm009 getQ0[0m [32m✔[0m
[36m      ├─[0m [34mm000 applyInverseTo[0m [32m✔[0m
[36m      ├─[0m [34mm003 applyTo[0m [32m✔[0m
[36m      ├─[0m [34mm005 getAngle[0m [32m✔[0m
[36m      ├─[0m [34mm010 getQ1[0m [32m✔[0m
[36m      ├─[0m [34mm002 applyTo[0m [32m✔[0m
[36m      ├─[0m [34mm007 getAxis[0m [32m✔[0m
[36m      ├─[0m [34mm006 getAngles[0m [32m✔[0m
[36m      └─[0m [34mm011 getQ2[0m [32m✔[0m

Test run finished after 22336 ms
[         2 containers found      ]
[         0 containers skipped    ]
[         2 containers started    ]
[         0 containers aborted    ]
[         2 containers successful ]
[         0 containers failed     ]
[        14 tests found           ]
[         0 tests skipped         ]
[        14 tests started         ]
[         0 tests aborted         ]
[        14 tests successful      ]
[         0 tests failed          ]


[exit=0 timeout=False time=31.0s]

$ java -jar /opt/jacoco/lib/jacococli.jar report /workspace/jqwik/Result_auto_Round2/Math_52/tries1000_seed3/jacoco.exec --classfiles /work/Math_52f/target/classes --csv /workspace/jqwik/Result_auto_Round2/Math_52/tries1000_seed3/jacoco.csv
[INFO] Loading execution data file /workspace/jqwik/Result_auto_Round2/Math_52/tries1000_seed3/jacoco.exec.
[INFO] Analyzing 573 classes.

[exit=0 timeout=False time=1.8s]

$ java -Djava.awt.headless=true -Xss4m -Xmx1g -Dpbt.seed=3 -Dpbt.tries=1000 -Dpbt.snapshot.dir=/work/jqwik_out/Math_52/auto_round2_tries1000_seed3/snapshots -Dpbt.propertyBudgetMs=5000 -Dpbt.mask=/work/Math_52f:/work/Math_52b:/work/jqwik_out/Math_52/auto_round2_tries1000_seed3/classes_f:/work/jqwik_out/Math_52/auto_round2_tries1000_seed3/classes_b -Dpbt.mode=check -jar /workspace/lib/jqwik/junit-platform-console-standalone-1.9.3.jar --disable-banner --details tree --class-path /work/jqwik_out/Math_52/auto_round2_tries1000_seed3/classes_b:/work/Math_52b/target/classes:/work/Math_52b/target/test-classes:/opt/defects4j/framework/projects/lib/junit-4.12-hamcrest-1.3.jar:/work/jqwik_harness:/workspace/lib/jqwik/jqwik-1.7.4.jar:/workspace/lib/jqwik/jqwik-api-1.7.4.jar:/workspace/lib/jqwik/jqwik-engine-1.7.4.jar --scan-class-path /work/jqwik_out/Math_52/auto_round2_tries1000_seed3/classes_b --include-classname .* --include-engine jqwik --config jqwik.database=/workspace/jqwik/Result_auto_Round2/Math_52/tries1000_seed3/reports_buggy/jqwik-database --config jqwik.tries.default=1000 --reports-dir /workspace/jqwik/Result_auto_Round2/Math_52/tries1000_seed3/reports_buggy
s allowed
edge-cases#mode = NONE        | edge cases are not explicitly generated
seed = 3                      | random seed to reproduce generated values


timestamp = 2026-09-30T02:24:59.108296, Rotation AutoPbtTest:m002 applyTo = 
                              |-----------------------jqwik-----------------------
tries = 1000                  | # of calls to property
checks = 1000                 | # of not rejected calls
generation = RANDOMIZED       | parameters are randomly generated
after-failure = SAMPLE_FIRST  | try previously failed sample, then previous seed
when-fixed-seed = ALLOW       | fixing the random seed is allowed
edge-cases#mode = NONE        | edge cases are not explicitly generated
seed = 3                      | random seed to reproduce generated values


timestamp = 2026-09-30T02:24:59.764075, Rotation AutoPbtTest:m007 getAxis = 
                              |-----------------------jqwik-----------------------
tries = 1000                  | # of calls to property
checks = 1000                 | # of not rejected calls
generation = RANDOMIZED       | parameters are randomly generated
after-failure = SAMPLE_FIRST  | try previously failed sample, then previous seed
when-fixed-seed = ALLOW       | fixing the random seed is allowed
edge-cases#mode = NONE        | edge cases are not explicitly generated
seed = 3                      | random seed to reproduce generated values


timestamp = 2026-09-30T02:25:00.629440, Rotation AutoPbtTest:m006 getAngles = 
                              |-----------------------jqwik-----------------------
tries = 1000                  | # of calls to property
checks = 1000                 | # of not rejected calls
generation = RANDOMIZED       | parameters are randomly generated
after-failure = SAMPLE_FIRST  | try previously failed sample, then previous seed
when-fixed-seed = ALLOW       | fixing the random seed is allowed
edge-cases#mode = NONE        | edge cases are not explicitly generated
seed = 3                      | random seed to reproduce generated values


timestamp = 2026-09-30T02:25:01.433280, Rotation AutoPbtTest:m011 getQ2 = 
                              |-----------------------jqwik-----------------------
tries = 1000                  | # of calls to property
checks = 1000                 | # of not rejected calls
generation = RANDOMIZED       | parameters are randomly generated
after-failure = SAMPLE_FIRST  | try previously failed sample, then previous seed
when-fixed-seed = ALLOW       | fixing the random seed is allowed
edge-cases#mode = NONE        | edge cases are not explicitly generated
seed = 3                      | random seed to reproduce generated values


[36m╷[0m
[36m└─[0m [36mjqwik (JUnit Platform)[0m [32m✔[0m
[36m   └─[0m [36mRotation AutoPbtTest[0m [32m✔[0m
[36m      ├─[0m [34mm004 distance[0m [32m✔[0m
[36m      ├─[0m [34mm001 applyInverseTo[0m [32m✔[0m
[36m      ├─[0m [34mm012 getQ3[0m [32m✔[0m
[36m      ├─[0m [34mm013 revert[0m [32m✔[0m
[36m      ├─[0m [34mm008 getMatrix[0m [32m✔[0m
[36m      ├─[0m [34mm009 getQ0[0m [32m✔[0m
[36m      ├─[0m [34mm000 applyInverseTo[0m [32m✔[0m
[36m      ├─[0m [34mm003 applyTo[0m [32m✔[0m
[36m      ├─[0m [34mm005 getAngle[0m [32m✔[0m
[36m      ├─[0m [34mm010 getQ1[0m [32m✔[0m
[36m      ├─[0m [34mm002 applyTo[0m [32m✔[0m
[36m      ├─[0m [34mm007 getAxis[0m [32m✔[0m
[36m      ├─[0m [34mm006 getAngles[0m [32m✔[0m
[36m      └─[0m [34mm011 getQ2[0m [32m✔[0m

Test run finished after 13668 ms
[         2 containers found      ]
[         0 containers skipped    ]
[         2 containers started    ]
[         0 containers aborted    ]
[         2 containers successful ]
[         0 containers failed     ]
[        14 tests found           ]
[         0 tests skipped         ]
[        14 tests started         ]
[         0 tests aborted         ]
[        14 tests successful      ]
[         0 tests failed          ]


[exit=0 timeout=False time=15.6s]
