
$ defects4j compile
Running ant (compile)...................................................... OK
Running ant (compile.tests)................................................ OK

[exit=0 timeout=False time=0.9s]

$ defects4j test
Failing tests: 11
  - org.apache.commons.lang.LocaleUtilsTest::testAvailableLocaleSet
  - org.apache.commons.lang.LocaleUtilsTest::testIsAvailableLocale
  - org.apache.commons.lang.LocaleUtilsTest::testAvailableLocaleList
  - org.apache.commons.lang.LocaleUtilsTest::testCountriesByLanguage
  - org.apache.commons.lang.LocaleUtilsTest::testLocaleLookupList_LocaleLocale
  - org.apache.commons.lang.LocaleUtilsTest::testLanguagesByCountry
  - org.apache.commons.lang.LocaleUtilsTest::testToLocale_1Part
  - org.apache.commons.lang.LocaleUtilsTest::testToLocale_2Part
  - org.apache.commons.lang.LocaleUtilsTest::testToLocale_3Part
  - org.apache.commons.lang.LocaleUtilsTest::testLocaleLookupList_Locale
  - org.apache.commons.lang.LocaleUtilsTest::testConstructor
Running ant (compile.tests)................................................ OK
Running ant (run.dev.tests)................................................ OK

[exit=0 timeout=False time=9.6s]
