
$ defects4j compile -w /work/JxPath_5f
Running ant (compile)...................................................... OK
Running ant (compile.tests)................................................ OK

[exit=0 timeout=False time=1.6s]

$ defects4j compile -w /work/JxPath_5b
Running ant (compile)...................................................... OK
Running ant (compile.tests)................................................ OK

[exit=0 timeout=False time=1.7s]

$ java -Djava.awt.headless=true -cp /opt/defects4j/framework/projects/lib/junit-4.12-hamcrest-1.3.jar:/opt/evosuite/evosuite-1.2.0.jar:/work/JxPath_5f/target/classes:/work/JxPath_5f/src/java:/work/JxPath_5f/target/lib/commons-beanutils-1.4.jar:/work/JxPath_5f/target/lib/commons-collections-2.0.jar:/work/JxPath_5f/target/lib/commons-logging-1.0.4.jar:/work/JxPath_5f/target/lib/jdom-1.0.jar:/work/JxPath_5f/target/lib/mockrunner-0.4.1.jar:/work/JxPath_5f/target/lib/servletapi-2.2.jar:/work/JxPath_5f/target/lib/xerces-2.4.0.jar:/work/JxPath_5f/target/lib/xml-apis-2.0.2.jar:/work/JxPath_5f/src/test:/work/JxPath_5f/target/test-classes org.evosuite.EvoSuite -generateSuite -class org.apache.commons.jxpath.ri.model.NodePointer -projectCP /opt/defects4j/framework/projects/lib/junit-4.12-hamcrest-1.3.jar:/work/JxPath_5f/target/classes:/work/JxPath_5f/src/java:/work/JxPath_5f/target/lib/commons-beanutils-1.4.jar:/work/JxPath_5f/target/lib/commons-collections-2.0.jar:/work/JxPath_5f/target/lib/commons-logging-1.0.4.jar:/work/JxPath_5f/target/lib/jdom-1.0.jar:/work/JxPath_5f/target/lib/mockrunner-0.4.1.jar:/work/JxPath_5f/target/lib/servletapi-2.2.jar:/work/JxPath_5f/target/lib/xerces-2.4.0.jar:/work/JxPath_5f/target/lib/xml-apis-2.0.2.jar:/work/JxPath_5f/src/test:/work/JxPath_5f/target/test-classes -Dcriterion=LINE:BRANCH:EXCEPTION -Dsearch_budget=120 -seed 1 -Dtest_dir=/work/evo_out/JxPath_5f/budget120_seed1/tests -Dreport_dir=/work/evo_out/JxPath_5f/budget120_seed1/report
* EvoSuite 1.2.0
* Going to generate test cases for class: org.apache.commons.jxpath.ri.model.NodePointer
* Starting Client-0
* Connecting to master process on port 9922
* Analyzing classpath: 
  - /opt/defects4j/framework/projects/lib/junit-4.12-hamcrest-1.3.jar
  - /work/JxPath_5f/target/classes
  - /work/JxPath_5f/src/java
  - /work/JxPath_5f/target/lib/commons-beanutils-1.4.jar
  - /work/JxPath_5f/target/lib/commons-collections-2.0.jar
  - /work/JxPath_5f/target/lib/commons-logging-1.0.4.jar
  - /work/JxPath_5f/target/lib/jdom-1.0.jar
  - /work/JxPath_5f/target/lib/mockrunner-0.4.1.jar
  - /work/JxPath_5f/target/lib/servletapi-2.2.jar
  - /work/JxPath_5f/target/lib/xerces-2.4.0.jar
  - /work/JxPath_5f/target/lib/xml-apis-2.0.2.jar
  - /work/JxPath_5f/src/test
  - /work/JxPath_5f/target/test-classes
[MASTER] 02:25:10.330 [logback-1] WARN  InheritanceTree - Class not in inheritance graph: java.util.Locale$IsoCountryCode
* Finished analyzing classpath
* Generating tests for class org.apache.commons.jxpath.ri.model.NodePointer
* Test criteria:
  - Line Coverage
  - Branch Coverage
  - Exception
* Setting up search algorithm for whole suite generation
* Total number of test goals: 
  - Line 181

[Progress:>                             0%] [Cov:>                                  0%]  - Branch 158
  - Exception 0
* Using seed 1
* Starting evolution

[Progress:>                             0%] [Cov:==>                                6%]
[Progress:>                             0%] [Cov:===>                               9%]
[Progress:>                             0%] [Cov:==============>                    42%]
[Progress:>                             0%] [Cov:===============>                   44%]
[Progress:>                             0%] [Cov:=================>                 49%]
[Progress:>                             1%] [Cov:=>                                 4%]
[Progress:>                             1%] [Cov:==>                                7%]
[Progress:>                             1%] [Cov:==============>                    40%]
[Progress:>                             1%] [Cov:==============>                    41%]
[Progress:>                             1%] [Cov:==============>                    42%]
[Progress:>                             2%] [Cov:=>                                 3%]
[Progress:>                             2%] [Cov:=>                                 4%]
[Progress:>                             2%] [Cov:=============>                     38%]
[Progress:>                             2%] [Cov:================>                  46%]
[Progress:>                             2%] [Cov:=================>                 50%]
[Progress:>                             2%] [Cov:=================>                 50%]
[Progress:>                             2%] [Cov:=================>                 51%]
[Progress:>                             3%] [Cov:=============>                     38%]
[Progress:>                             3%] [Cov:=============>                     39%]
[Progress:>                             3%] [Cov:==============>                    40%]
[Progress:>                             3%] [Cov:=================>                 50%]
[Progress:>                             3%] [Cov:========================>          71%]
[Progress:>                             3%] [Cov:========================>          71%]
[Progress:>                             3%] [Cov:========================>          71%]
[Progress:=>                            4%] [Cov:========================>          71%]
[Progress:=>                            4%] [Cov:========================>          71%]
[Progress:=>                            4%] [Cov:========================>          71%]
[Progress:=>                            4%] [Cov:=========================>         72%]
[Progress:=>                            5%] [Cov:========================>          71%]
[Progress:=>                            5%] [Cov:=========================>         72%]
[Progress:=>                            5%] [Cov:=========================>         73%]
[Progress:=>                            5%] [Cov:=========================>         73%]
[Progress:=>                            5%] [Cov:=========================>         73%]
[Progress:=>                            5%] [Cov:==========================>        76%]
[Progress:=>                            5%] [Cov:===========================>       79%]
[Progress:=>                            5%] [Cov:===========================>       79%]
[Progress:=>                            5%] [Cov:===========================>       79%]
[Progress:=>                            5%] [Cov:===========================>       79%]
[Progress:=>                            5%] [Cov:===========================>       79%]
[Progress:=>                            6%] [Cov:===========================>       79%]
[Progress:=>                            6%] [Cov:===========================>       79%]
[Progress:=>                            6%] [Cov:============================>      80%]
[Progress:=>                            6%] [Cov:============================>      80%]
[Progress:==>                           7%] [Cov:============================>      80%]
[Progress:==>                           7%] [Cov:============================>      80%]
[Progress:==>                           7%] [Cov:============================>      80%]
[Progress:==>                           7%] [Cov:============================>      80%]
[Progress:==>                           7%] [Cov:============================>      80%]
[Progress:==>                           8%] [Cov:============================>      80%]
[Progress:==>                           8%] [Cov:============================>      80%]
[Progress:==>                           8%] [Cov:============================>      80%]
[Progress:==>                           8%] [Cov:============================>      81%]
[Progress:==>                           8%] [Cov:============================>      82%]
[Progress:==>                           8%] [Cov:============================>      82%]
[Progress:==>                           8%] [Cov:============================>      82%]
[Progress:==>                           9%] [Cov:============================>      82%]
[Progress:==>                           9%] [Cov:============================>      82%]
[Progress:==>                           9%] [Cov:============================>      82%]
[Progress:==>                           9%] [Cov:============================>      82%]
[Progress:==>                           9%] [Cov:============================>      82%]
[Progress:===>                          10%] [Cov:============================>      82%]
[Progress:===>                          10%] [Cov:============================>      82%]
[Progress:===>                          10%] [Cov:============================>      82%]
[Progress:===>                          10%] [Cov:============================>      82%]
[Progress:===>                          10%] [Cov:============================>      82%]
[Progress:===>                          10%] [Cov:============================>      82%]
[Progress:===>                          10%] [Cov:============================>      82%]
[Progress:===>                          10%] [Cov:============================>      82%]
[Progress:===>                          10%] [Cov:============================>      82%]
[Progress:===>                          11%] [Cov:============================>      82%]
[Progress:===>                          11%] [Cov:============================>      82%]
[Progress:===>                          11%] [Cov:============================>      82%]
[Progress:===>                          11%] [Cov:============================>      82%]
[Progress:===>                          12%] [Cov:============================>      82%]
[Progress:===>                          12%] [Cov:============================>      82%]
[Progress:===>                          12%] [Cov:============================>      82%]
[Progress:===>                          12%] [Cov:============================>      82%]
[Progress:===>                          12%] [Cov:============================>      82%]
[Progress:===>                          13%] [Cov:============================>      82%]
[Progress:===>                          13%] [Cov:============================>      82%]
[Progress:===>                          13%] [Cov:============================>      82%]
[Progress:===>                          13%] [Cov:============================>      82%]
[Progress:===>                          13%] [Cov:============================>      82%]
[Progress:====>                         14%] [Cov:============================>      82%]
[Progress:====>                         14%] [Cov:=============================>     83%]
[Progress:====>                         14%] [Cov:=============================>     83%]
[Progress:====>                         14%] [Cov:=============================>     83%]
[Progress:====>                         14%] [Cov:=============================>     83%]
[Progress:====>                         15%] [Cov:=============================>     83%]
[Progress:====>                         15%] [Cov:=============================>     83%]
[Progress:====>                         15%] [Cov:=============================>     83%]
[Progress:====>                         15%] [Cov:=============================>     83%]
[Progress:====>                         15%] [Cov:=============================>     83%]
[Progress:====>                         15%] [Cov:=============================>     83%]
[Progress:====>                         15%] [Cov:=============================>     83%]
[Progress:====>                         15%] [Cov:=============================>     83%]
[Progress:====>                         15%] [Cov:=============================>     83%]
[Progress:====>                         16%] [Cov:=============================>     83%]
[Progress:====>                         16%] [Cov:=============================>     83%]
[Progress:====>                         16%] [Cov:=============================>     83%]
[Progress:====>                         16%] [Cov:=============================>     83%]
[Progress:====>                         16%] [Cov:=============================>     83%]
[Progress:=====>                        17%] [Cov:=============================>     83%]
[Progress:=====>                        17%] [Cov:=============================>     83%]
[Progress:=====>                        17%] [Cov:=============================>     83%]
[Progress:=====>                        17%] [Cov:=============================>     83%]
[Progress:=====>                        17%] [Cov:=============================>     83%]
[Progress:=====>                        18%] [Cov:=============================>     83%]
[Progress:=====>                        18%] [Cov:=============================>     83%]
[Progress:=====>                        18%] [Cov:=============================>     83%]
[Progress:=====>                        18%] [Cov:=============================>     83%]
[Progress:=====>                        19%] [Cov:=============================>     83%]
[Progress:=====>                        19%] [Cov:=============================>     83%]
[Progress:=====>                        19%] [Cov:=============================>     83%]
[Progress:=====>                        19%] [Cov:=============================>     83%]
[Progress:======>                       20%] [Cov:=============================>     83%]
[Progress:======>                       20%] [Cov:=============================>     83%]
[Progress:======>                       20%] [Cov:=============================>     83%]
[Progress:======>                       20%] [Cov:=============================>     83%]
[Progress:======>                       20%] [Cov:=============================>     83%]
[Progress:======>                       20%] [Cov:=============================>     83%]
[Progress:======>                       20%] [Cov:=============================>     83%]
[Progress:======>                       20%] [Cov:=============================>     83%]
[Progress:======>                       20%] [Cov:=============================>     83%]
[Progress:======>                       21%] [Cov:=============================>     83%]
[Progress:======>                       21%] [Cov:=============================>     83%]
[Progress:======>                       21%] [Cov:=============================>     83%]
[Progress:======>                       21%] [Cov:=============================>     83%]
[Progress:======>                       22%] [Cov:=============================>     83%]
[Progress:======>                       22%] [Cov:=============================>     83%]
[Progress:======>                       22%] [Cov:=============================>     83%]
[Progress:======>                       22%] [Cov:=============================>     83%]
[Progress:======>                       22%] [Cov:=============================>     83%]
[Progress:======>                       23%] [Cov:=============================>     83%]
[Progress:======>                       23%] [Cov:=============================>     83%][MASTER] 02:25:38.738 [logback-1] WARN  TestCluster - Failed to check cache for java.util.List<E> : Type points to itself

[Progress:======>                       23%] [Cov:=============================>     83%]
[Progress:======>                       23%] [Cov:=============================>     83%]
[Progress:=======>                      24%] [Cov:=============================>     83%]
[Progress:=======>                      24%] [Cov:=============================>     83%]
[Progress:=======>                      24%] [Cov:=============================>     83%]
[Progress:=======>                      24%] [Cov:=============================>     83%]
[Progress:=======>                      25%] [Cov:=============================>     83%]
[Progress:=======>                      25%] [Cov:=============================>     83%]
[Progress:=======>                      25%] [Cov:=============================>     83%]
[Progress:=======>                      25%] [Cov:=============================>     83%]
[Progress:=======>                      25%] [Cov:=============================>     83%]
[Progress:=======>                      25%] [Cov:=============================>     83%]
[Progress:=======>                      25%] [Cov:=============================>     83%]
[Progress:=======>                      25%] [Cov:=============================>     83%]
[Progress:=======>                      26%] [Cov:=============================>     83%]
[Progress:=======>                      26%] [Cov:=============================>     83%]
[Progress:=======>                      26%] [Cov:=============================>     83%]
[Progress:=======>                      26%] [Cov:=============================>     84%]
[Progress:========>                     27%] [Cov:=============================>     84%]
[Progress:========>                     27%] [Cov:=============================>     84%]
[Progress:========>                     27%] [Cov:=============================>     84%]
[Progress:========>                     27%] [Cov:=============================>     84%]
[Progress:========>                     28%] [Cov:=============================>     84%]
[Progress:========>                     28%] [Cov:=============================>     84%]
[Progress:========>                     28%] [Cov:=============================>     84%]
[Progress:========>                     28%] [Cov:=============================>     84%]
[Progress:========>                     29%] [Cov:=============================>     84%]
[Progress:========>                     29%] [Cov:=============================>     84%]
[Progress:========>                     29%] [Cov:=============================>     84%]
[Progress:========>                     29%] [Cov:=============================>     84%]
[Progress:========>                     29%] [Cov:=============================>     84%]
[Progress:=========>                    30%] [Cov:=============================>     84%]
[Progress:=========>                    30%] [Cov:=============================>     84%]
[Progress:=========>                    30%] [Cov:=============================>     84%]
[Progress:=========>                    30%] [Cov:=============================>     84%]
[Progress:=========>                    30%] [Cov:=============================>     84%]
[Progress:=========>                    30%] [Cov:=============================>     84%]
[Progress:=========>                    30%] [Cov:=============================>     84%]
[Progress:=========>                    30%] [Cov:=============================>     84%]
[Progress:=========>                    31%] [Cov:=============================>     84%]
[Progress:=========>                    31%] [Cov:=============================>     84%]
[Progress:=========>                    31%] [Cov:=============================>     84%]
[Progress:=========>                    31%] [Cov:=============================>     84%]
[Progress:=========>                    32%] [Cov:=============================>     84%]
[Progress:=========>                    32%] [Cov:=============================>     84%]
[Progress:=========>                    32%] [Cov:=============================>     84%]
[Progress:=========>                    32%] [Cov:=============================>     84%]
[Progress:=========>                    32%] [Cov:=============================>     84%]
[Progress:=========>                    33%] [Cov:=============================>     84%]
[Progress:=========>                    33%] [Cov:=============================>     84%]
[Progress:=========>                    33%] [Cov:=============================>     84%]
[Progress:=========>                    33%] [Cov:=============================>     84%]
[Progress:=========>                    33%] [Cov:=============================>     84%]
[Progress:==========>                   34%] [Cov:=============================>     84%]
[Progress:==========>                   34%] [Cov:=============================>     84%]
[Progress:==========>                   34%] [Cov:=============================>     84%]
[Progress:==========>                   34%] [Cov:=============================>     84%]
[Progress:==========>                   35%] [Cov:=============================>     84%]
[Progress:==========>                   35%] [Cov:=============================>     84%]
[Progress:==========>                   35%] [Cov:=============================>     84%]
[Progress:==========>                   35%] [Cov:=============================>     84%]
[Progress:==========>                   35%] [Cov:=============================>     84%]
[Progress:==========>                   35%] [Cov:=============================>     84%]
[Progress:==========>                   35%] [Cov:=============================>     84%]
[Progress:==========>                   35%] [Cov:=============================>     84%]
[Progress:==========>                   36%] [Cov:=============================>     84%]
[Progress:==========>                   36%] [Cov:=============================>     84%]
[Progress:==========>                   36%] [Cov:=============================>     84%]
[Progress:==========>                   36%] [Cov:=============================>     84%]
[Progress:==========>                   36%] [Cov:=============================>     84%]
[Progress:===========>                  37%] [Cov:=============================>     84%]
[Progress:===========>                  37%] [Cov:=============================>     84%]
[Progress:===========>                  37%] [Cov:=============================>     84%]
[Progress:===========>                  37%] [Cov:=============================>     84%]
[Progress:===========>                  37%] [Cov:=============================>     84%]
[Progress:===========>                  38%] [Cov:=============================>     84%]
[Progress:===========>                  38%] [Cov:=============================>     84%]
[Progress:===========>                  38%] [Cov:=============================>     84%]
[Progress:===========>                  38%] [Cov:=============================>     84%]
[Progress:===========>                  39%] [Cov:=============================>     84%]
[Progress:===========>                  39%] [Cov:=============================>     84%]
[Progress:===========>                  39%] [Cov:=============================>     84%]
[Progress:===========>                  39%] [Cov:=============================>     84%]
[Progress:===========>                  39%] [Cov:=============================>     84%]
[Progress:============>                 40%] [Cov:=============================>     84%]
[Progress:============>                 40%] [Cov:=============================>     84%]
[Progress:============>                 40%] [Cov:=============================>     84%]
[Progress:============>                 40%] [Cov:=============================>     84%]
[Progress:============>                 40%] [Cov:=============================>     84%]
[Progress:============>                 40%] [Cov:=============================>     84%]
[Progress:============>                 40%] [Cov:=============================>     84%]
[Progress:============>                 40%] [Cov:=============================>     84%]
[Progress:============>                 41%] [Cov:=============================>     84%]
[Progress:============>                 41%] [Cov:=============================>     84%]
[Progress:============>                 41%] [Cov:=============================>     84%]
[Progress:============>                 41%] [Cov:=============================>     84%]
[Progress:============>                 42%] [Cov:=============================>     84%]
[Progress:============>                 42%] [Cov:=============================>     84%]
[Progress:============>                 42%] [Cov:=============================>     84%]
[Progress:============>                 42%] [Cov:=============================>     84%]
[Progress:============>                 43%] [Cov:=============================>     84%]
[Progress:============>                 43%] [Cov:=============================>     84%]
[Progress:============>                 43%] [Cov:=============================>     84%]
[Progress:============>                 43%] [Cov:=============================>     84%]
[Progress:============>                 43%] [Cov:=============================>     84%]
[Progress:=============>                44%] [Cov:=============================>     84%]
[Progress:=============>                44%] [Cov:=============================>     84%]
[Progress:=============>                44%] [Cov:=============================>     84%]
[Progress:=============>                44%] [Cov:=============================>     84%]
[Progress:=============>                44%] [Cov:=============================>     84%]
[Progress:=============>                45%] [Cov:=============================>     84%]
[Progress:=============>                45%] [Cov:=============================>     84%]
[Progress:=============>                45%] [Cov:=============================>     84%]
[Progress:=============>                45%] [Cov:=============================>     84%]
[Progress:=============>                45%] [Cov:=============================>     84%]
[Progress:=============>                45%] [Cov:=============================>     84%]
[Progress:=============>                45%] [Cov:=============================>     84%]
[Progress:=============>                45%] [Cov:=============================>     84%]
[Progress:=============>                46%] [Cov:=============================>     84%]
[Progress:=============>                46%] [Cov:=============================>     84%]
[Progress:=============>                46%] [Cov:=============================>     84%]
[Progress:=============>                46%] [Cov:=============================>     84%]
[Progress:=============>                46%] [Cov:=============================>     84%]
[Progress:=============>                46%] [Cov:=============================>     84%]
[Progress:==============>               47%] [Cov:=============================>     84%]
[Progress:==============>               47%] [Cov:=============================>     84%]
[Progress:==============>               47%] [Cov:=============================>     84%]
[Progress:==============>               47%] [Cov:=============================>     84%]
[Progress:==============>               47%] [Cov:=============================>     84%]
[Progress:==============>               48%] [Cov:=============================>     84%]
[Progress:==============>               48%] [Cov:=============================>     84%]
[Progress:==============>               48%] [Cov:=============================>     84%]
[Progress:==============>               48%] [Cov:=============================>     84%]
[Progress:==============>               48%] [Cov:=============================>     84%]
[Progress:==============>               49%] [Cov:=============================>     84%]
[Progress:==============>               49%] [Cov:=============================>     84%]
[Progress:==============>               49%] [Cov:=============================>     84%]
[Progress:==============>               49%] [Cov:=============================>     84%]
[Progress:==============>               49%] [Cov:=============================>     84%]
[Progress:===============>              50%] [Cov:=============================>     84%]
[Progress:===============>              50%] [Cov:=============================>     84%]
[Progress:===============>              50%] [Cov:=============================>     84%]
[Progress:===============>              50%] [Cov:=============================>     84%]
[Progress:===============>              50%] [Cov:=============================>     84%]
[Progress:===============>              50%] [Cov:=============================>     84%]
[Progress:===============>              50%] [Cov:=============================>     84%]
[Progress:===============>              50%] [Cov:=============================>     84%]
[Progress:===============>              50%] [Cov:=============================>     84%]
[Progress:===============>              50%] [Cov:=============================>     84%]
[Progress:===============>              51%] [Cov:=============================>     84%]
[Progress:===============>              51%] [Cov:=============================>     84%]
[Progress:===============>              51%] [Cov:=============================>     84%]
[Progress:===============>              51%] [Cov:=============================>     84%]
[Progress:===============>              51%] [Cov:=============================>     84%]
[Progress:===============>              52%] [Cov:=============================>     84%]
[Progress:===============>              52%] [Cov:=============================>     84%]
[Progress:===============>              52%] [Cov:=============================>     84%]
[Progress:===============>              52%] [Cov:=============================>     84%]
[Progress:===============>              53%] [Cov:=============================>     84%]
[Progress:===============>              53%] [Cov:=============================>     84%]
[Progress:===============>              53%] [Cov:=============================>     84%]
[Progress:===============>              53%] [Cov:=============================>     84%]
[Progress:===============>              53%] [Cov:=============================>     84%]
[Progress:================>             54%] [Cov:=============================>     84%]
[Progress:================>             54%] [Cov:=============================>     84%]
[Progress:================>             54%] [Cov:=============================>     84%]
[Progress:================>             54%] [Cov:=============================>     84%]
[Progress:================>             55%] [Cov:=============================>     84%]
[Progress:================>             55%] [Cov:=============================>     84%]
[Progress:================>             55%] [Cov:=============================>     84%]
[Progress:================>             55%] [Cov:=============================>     84%]
[Progress:================>             55%] [Cov:=============================>     84%]
[Progress:================>             55%] [Cov:=============================>     84%]
[Progress:================>             55%] [Cov:=============================>     84%]
[Progress:================>             55%] [Cov:=============================>     84%]
[Progress:================>             55%] [Cov:=============================>     84%]
[Progress:================>             55%] [Cov:=============================>     84%]
[Progress:================>             56%] [Cov:=============================>     84%]
[Progress:================>             56%] [Cov:=============================>     84%]
[Progress:================>             56%] [Cov:=============================>     84%]
[Progress:================>             56%] [Cov:=============================>     84%]
[Progress:================>             56%] [Cov:=============================>     84%]
[Progress:=================>            57%] [Cov:=============================>     84%]
[Progress:=================>            57%] [Cov:=============================>     84%]
[Progress:=================>            57%] [Cov:=============================>     84%]
[Progress:=================>            57%] [Cov:=============================>     84%]
[Progress:=================>            57%] [Cov:=============================>     84%]
[Progress:=================>            58%] [Cov:=============================>     84%]
[Progress:=================>            58%] [Cov:=============================>     84%]
[Progress:=================>            58%] [Cov:=============================>     84%]
[Progress:=================>            58%] [Cov:=============================>     84%]
[Progress:=================>            59%] [Cov:=============================>     84%]
[Progress:=================>            59%] [Cov:=============================>     84%]
[Progress:=================>            59%] [Cov:=============================>     84%]
[Progress:=================>            59%] [Cov:=============================>     84%]
[Progress:=================>            59%] [Cov:=============================>     84%]
[Progress:==================>           60%] [Cov:=============================>     84%]
[Progress:==================>           60%] [Cov:=============================>     84%]
[Progress:==================>           60%] [Cov:=============================>     84%]
[Progress:==================>           60%] [Cov:=============================>     84%]
[Progress:==================>           60%] [Cov:=============================>     84%]
[Progress:==================>           60%] [Cov:=============================>     84%]
[Progress:==================>           60%] [Cov:=============================>     84%]
[Progress:==================>           60%] [Cov:=============================>     84%]
[Progress:==================>           61%] [Cov:=============================>     84%]
[Progress:==================>           61%] [Cov:=============================>     84%]
[Progress:==================>           61%] [Cov:=============================>     84%]
[Progress:==================>           61%] [Cov:=============================>     84%]
[Progress:==================>           61%] [Cov:=============================>     84%]
[Progress:==================>           62%] [Cov:=============================>     84%]
[Progress:==================>           62%] [Cov:=============================>     84%]
[Progress:==================>           62%] [Cov:=============================>     84%]
[Progress:==================>           62%] [Cov:=============================>     84%]
[Progress:==================>           62%] [Cov:=============================>     84%]
[Progress:==================>           63%] [Cov:=============================>     84%]
[Progress:==================>           63%] [Cov:=============================>     84%]
[Progress:==================>           63%] [Cov:=============================>     84%]
[Progress:==================>           63%] [Cov:=============================>     84%]
[Progress:==================>           63%] [Cov:=============================>     84%]
[Progress:===================>          64%] [Cov:=============================>     84%]
[Progress:===================>          64%] [Cov:=============================>     84%]
[Progress:===================>          64%] [Cov:=============================>     84%]
[Progress:===================>          64%] [Cov:=============================>     84%]
[Progress:===================>          64%] [Cov:=============================>     85%]
[Progress:===================>          64%] [Cov:=============================>     85%]
[Progress:===================>          65%] [Cov:=============================>     85%]
[Progress:===================>          65%] [Cov:=============================>     85%]
[Progress:===================>          65%] [Cov:=============================>     85%]
[Progress:===================>          65%] [Cov:=============================>     85%]
[Progress:===================>          65%] [Cov:=============================>     85%]
[Progress:===================>          65%] [Cov:=============================>     85%]
[Progress:===================>          65%] [Cov:=============================>     85%]
[Progress:===================>          65%] [Cov:=============================>     85%]
[Progress:===================>          65%] [Cov:=============================>     85%]
[Progress:===================>          66%] [Cov:=============================>     85%]
[Progress:===================>          66%] [Cov:=============================>     85%]
[Progress:===================>          66%] [Cov:=============================>     85%]
[Progress:===================>          66%] [Cov:=============================>     85%]
[Progress:===================>          66%] [Cov:=============================>     85%]
[Progress:====================>         67%] [Cov:=============================>     85%]
[Progress:====================>         67%] [Cov:=============================>     85%]
[Progress:====================>         67%] [Cov:=============================>     85%]
[Progress:====================>         67%] [Cov:=============================>     85%]
[Progress:====================>         68%] [Cov:=============================>     85%]
[Progress:====================>         68%] [Cov:=============================>     85%]
[Progress:====================>         68%] [Cov:=============================>     85%]
[Progress:====================>         68%] [Cov:=============================>     85%]
[Progress:====================>         68%] [Cov:=============================>     85%]
[Progress:====================>         69%] [Cov:=============================>     85%]
[Progress:====================>         69%] [Cov:=============================>     85%]
[Progress:====================>         69%] [Cov:=============================>     85%]
[Progress:====================>         69%] [Cov:=============================>     85%]
[Progress:=====================>        70%] [Cov:=============================>     85%]
[Progress:=====================>        70%] [Cov:=============================>     85%]
[Progress:=====================>        70%] [Cov:=============================>     85%]
[Progress:=====================>        70%] [Cov:=============================>     85%]
[Progress:=====================>        70%] [Cov:=============================>     85%]
[Progress:=====================>        70%] [Cov:=============================>     85%]
[Progress:=====================>        70%] [Cov:=============================>     85%]
[Progress:=====================>        70%] [Cov:=============================>     85%]
[Progress:=====================>        70%] [Cov:=============================>     85%]
[Progress:=====================>        71%] [Cov:=============================>     85%]
[Progress:=====================>        71%] [Cov:=============================>     85%]
[Progress:=====================>        71%] [Cov:=============================>     85%]
[Progress:=====================>        71%] [Cov:=============================>     85%]
[Progress:=====================>        71%] [Cov:=============================>     85%]
[Progress:=====================>        72%] [Cov:=============================>     85%]
[Progress:=====================>        72%] [Cov:=============================>     85%]
[Progress:=====================>        72%] [Cov:=============================>     85%]
[Progress:=====================>        72%] [Cov:=============================>     85%]
[Progress:=====================>        72%] [Cov:=============================>     85%]
[Progress:=====================>        73%] [Cov:=============================>     85%]
[Progress:=====================>        73%] [Cov:=============================>     85%]
[Progress:=====================>        73%] [Cov:=============================>     85%]
[Progress:=====================>        73%] [Cov:=============================>     85%]
[Progress:=====================>        73%] [Cov:=============================>     85%]
[Progress:======================>       74%] [Cov:=============================>     85%]
[Progress:======================>       74%] [Cov:=============================>     85%]
[Progress:======================>       74%] [Cov:=============================>     85%]
[Progress:======================>       74%] [Cov:=============================>     85%]
[Progress:======================>       74%] [Cov:=============================>     85%]
[Progress:======================>       75%] [Cov:=============================>     85%]
[Progress:======================>       75%] [Cov:=============================>     85%]
[Progress:======================>       75%] [Cov:=============================>     85%]
[Progress:======================>       75%] [Cov:=============================>     85%]
[Progress:======================>       75%] [Cov:=============================>     85%]
[Progress:======================>       75%] [Cov:=============================>     85%]
[Progress:======================>       75%] [Cov:=============================>     85%]
[Progress:======================>       75%] [Cov:=============================>     85%]
[Progress:======================>       75%] [Cov:=============================>     85%]
[Progress:======================>       76%] [Cov:=============================>     85%]
[Progress:======================>       76%] [Cov:=============================>     85%]
[Progress:======================>       76%] [Cov:=============================>     85%]
[Progress:======================>       76%] [Cov:=============================>     85%]
[Progress:======================>       76%] [Cov:=============================>     85%]
[Progress:=======================>      77%] [Cov:=============================>     85%]
[Progress:=======================>      77%] [Cov:=============================>     85%]
[Progress:=======================>      77%] [Cov:=============================>     85%]
[Progress:=======================>      77%] [Cov:=============================>     85%]
[Progress:=======================>      78%] [Cov:=============================>     85%]
[Progress:=======================>      78%] [Cov:=============================>     85%]
[Progress:=======================>      78%] [Cov:=============================>     85%]
[Progress:=======================>      78%] [Cov:=============================>     85%]
[Progress:=======================>      78%] [Cov:=============================>     85%]
[Progress:=======================>      79%] [Cov:=============================>     85%]
[Progress:=======================>      79%] [Cov:=============================>     85%]
[Progress:=======================>      79%] [Cov:=============================>     85%]
[Progress:=======================>      79%] [Cov:=============================>     85%]
[Progress:=======================>      79%] [Cov:=============================>     85%]
[Progress:========================>     80%] [Cov:=============================>     85%]
[Progress:========================>     80%] [Cov:=============================>     85%]
[Progress:========================>     80%] [Cov:=============================>     85%]
[Progress:========================>     80%] [Cov:=============================>     85%]
[Progress:========================>     80%] [Cov:=============================>     85%]
[Progress:========================>     80%] [Cov:=============================>     85%]
[Progress:========================>     80%] [Cov:=============================>     85%]
[Progress:========================>     80%] [Cov:=============================>     85%]
[Progress:========================>     80%] [Cov:=============================>     85%]
[Progress:========================>     80%] [Cov:=============================>     85%]
[Progress:========================>     81%] [Cov:=============================>     85%]
[Progress:========================>     81%] [Cov:=============================>     85%]
[Progress:========================>     81%] [Cov:=============================>     85%]
[Progress:========================>     81%] [Cov:=============================>     85%]
[Progress:========================>     81%] [Cov:=============================>     85%]
[Progress:========================>     82%] [Cov:=============================>     85%]
[Progress:========================>     82%] [Cov:=============================>     85%]
[Progress:========================>     82%] [Cov:=============================>     85%]
[Progress:========================>     82%] [Cov:=============================>     85%]
[Progress:========================>     82%] [Cov:=============================>     85%]
[Progress:========================>     83%] [Cov:=============================>     85%]
[Progress:========================>     83%] [Cov:=============================>     85%]
[Progress:========================>     83%] [Cov:=============================>     85%]
[Progress:========================>     83%] [Cov:=============================>     85%]
[Progress:========================>     83%] [Cov:=============================>     85%]
[Progress:=========================>    84%] [Cov:=============================>     85%]
[Progress:=========================>    84%] [Cov:=============================>     85%]
[Progress:=========================>    84%] [Cov:=============================>     85%]
[Progress:=========================>    84%] [Cov:=============================>     85%]
[Progress:=========================>    84%] [Cov:=============================>     85%]
[Progress:=========================>    84%] [Cov:=============================>     85%]
[Progress:=========================>    85%] [Cov:=============================>     85%]
[Progress:=========================>    85%] [Cov:=============================>     85%]
[Progress:=========================>    85%] [Cov:=============================>     85%]
[Progress:=========================>    85%] [Cov:=============================>     85%]
[Progress:=========================>    85%] [Cov:=============================>     85%]
[Progress:=========================>    85%] [Cov:=============================>     85%]
[Progress:=========================>    85%] [Cov:=============================>     85%]
[Progress:=========================>    85%] [Cov:=============================>     85%]
[Progress:=========================>    85%] [Cov:=============================>     85%]
[Progress:=========================>    86%] [Cov:=============================>     85%]
[Progress:=========================>    86%] [Cov:=============================>     85%]
[Progress:=========================>    86%] [Cov:=============================>     85%]
[Progress:=========================>    86%] [Cov:=============================>     85%]
[Progress:==========================>   87%] [Cov:=============================>     85%]
[Progress:==========================>   87%] [Cov:=============================>     85%]
[Progress:==========================>   87%] [Cov:=============================>     85%]
[Progress:==========================>   87%] [Cov:=============================>     85%]
[Progress:==========================>   87%] [Cov:=============================>     85%]
[Progress:==========================>   88%] [Cov:=============================>     85%]
[Progress:==========================>   88%] [Cov:=============================>     85%]
[Progress:==========================>   88%] [Cov:=============================>     85%]
[Progress:==========================>   88%] [Cov:=============================>     85%]
[Progress:==========================>   88%] [Cov:=============================>     85%]
[Progress:==========================>   89%] [Cov:=============================>     85%]
[Progress:==========================>   89%] [Cov:=============================>     85%]
[Progress:==========================>   89%] [Cov:=============================>     85%]
[Progress:==========================>   89%] [Cov:=============================>     85%]
[Progress:==========================>   89%] [Cov:=============================>     85%]
[Progress:==========================>   89%] [Cov:=============================>     85%]
[Progress:===========================>  90%] [Cov:=============================>     85%]
[Progress:===========================>  90%] [Cov:=============================>     85%]
[Progress:===========================>  90%] [Cov:=============================>     85%]
[Progress:===========================>  90%] [Cov:=============================>     85%]
[Progress:===========================>  90%] [Cov:=============================>     85%]
[Progress:===========================>  90%] [Cov:=============================>     85%]
[Progress:===========================>  90%] [Cov:=============================>     85%]
[Progress:===========================>  90%] [Cov:=============================>     85%]
[Progress:===========================>  90%] [Cov:=============================>     85%]
[Progress:===========================>  90%] [Cov:=============================>     85%]
[Progress:===========================>  91%] [Cov:=============================>     85%]
[Progress:===========================>  91%] [Cov:=============================>     85%]
[Progress:===========================>  91%] [Cov:=============================>     85%]
[Progress:===========================>  91%] [Cov:=============================>     85%]
[Progress:===========================>  91%] [Cov:=============================>     85%]
[Progress:===========================>  92%] [Cov:=============================>     85%]
[Progress:===========================>  92%] [Cov:=============================>     85%]
[Progress:===========================>  92%] [Cov:=============================>     85%]
[Progress:===========================>  92%] [Cov:=============================>     85%]
[Progress:===========================>  92%] [Cov:=============================>     85%]
[Progress:===========================>  93%] [Cov:=============================>     85%]
[Progress:===========================>  93%] [Cov:=============================>     85%]
[Progress:===========================>  93%] [Cov:=============================>     85%]
[Progress:===========================>  93%] [Cov:=============================>     85%]
[Progress:===========================>  93%] [Cov:=============================>     85%]
[Progress:===========================>  93%] [Cov:=============================>     85%]
[Progress:============================> 94%] [Cov:=============================>     85%]
[Progress:============================> 94%] [Cov:=============================>     85%]
[Progress:============================> 94%] [Cov:=============================>     85%]
[Progress:============================> 94%] [Cov:=============================>     85%]
[Progress:============================> 94%] [Cov:=============================>     85%]
[Progress:============================> 95%] [Cov:=============================>     85%]
[Progress:============================> 95%] [Cov:=============================>     85%]
[Progress:============================> 95%] [Cov:=============================>     85%]
[Progress:============================> 95%] [Cov:=============================>     85%]
[Progress:============================> 95%] [Cov:=============================>     85%]
[Progress:============================> 95%] [Cov:=============================>     85%]
[Progress:============================> 95%] [Cov:=============================>     85%]
[Progress:============================> 95%] [Cov:=============================>     85%]
[Progress:============================> 95%] [Cov:=============================>     85%]
[Progress:============================> 95%] [Cov:=============================>     85%]
[Progress:============================> 95%] [Cov:=============================>     85%]
[Progress:============================> 96%] [Cov:=============================>     85%]
[Progress:============================> 96%] [Cov:=============================>     85%]
[Progress:============================> 96%] [Cov:=============================>     85%]
[Progress:============================> 96%] [Cov:=============================>     85%]
[Progress:============================> 96%] [Cov:=============================>     85%]
[Progress:============================> 96%] [Cov:=============================>     85%]
[Progress:=============================>97%] [Cov:=============================>     85%]
[Progress:=============================>97%] [Cov:=============================>     85%]
[Progress:=============================>97%] [Cov:=============================>     85%]
[Progress:=============================>97%] [Cov:=============================>     85%]
[Progress:=============================>97%] [Cov:=============================>     85%]
[Progress:=============================>97%] [Cov:=============================>     85%]
[Progress:=============================>98%] [Cov:=============================>     85%]
[Progress:=============================>98%] [Cov:=============================>     85%]
[Progress:=============================>98%] [Cov:=============================>     85%]
[Progress:=============================>98%] [Cov:=============================>     85%]
[Progress:=============================>98%] [Cov:=============================>     85%]
[Progress:=============================>99%] [Cov:=============================>     85%]
[Progress:=============================>99%] [Cov:=============================>     85%]
[Progress:=============================>99%] [Cov:=============================>     85%]
[Progress:=============================>99%] [Cov:=============================>     85%]
[Progress:=============================>99%] [Cov:=============================>     85%]
[Progress:=============================>99%] [Cov:=============================>     85%]
[Progress:==============================100%] [Cov:=============================>     85%]
[Progress:==============================100%] [Cov:=============================>     85%]
[Progress:==============================100%] [Cov:=============================>     85%]
[Progress:==============================100%] [Cov:=============================>     85%]
[Progress:==============================100%] [Cov:=============================>     85%]
[Progress:==============================100%] [Cov:=============================>     85%]
[Progress:==============================100%] [Cov:=============================>     85%]
* Search finished after 121s and 457 generations, 176919 statements, best individual has fitness: 72.14780890496175
* Minimizing test suite
* Going to analyze the coverage criteria
* Coverage analysis for criterion LINE
* Coverage of criterion LINE: 85%
* Total number of goals: 181
* Number of covered goals: 153
* Coverage analysis for criterion BRANCH
* Coverage of criterion BRANCH: 72%
* Total number of goals: 158
* Number of covered goals: 113
* Coverage analysis for criterion EXCEPTION
* Coverage of criterion EXCEPTION: 100%
* Total number of goals: 63
* Number of covered goals: 63
* Generated 93 tests with total length 396
* Resulting test suite's coverage: 85% (average coverage for all fitness functions)
* Generating assertions
* Resulting test suite's mutation score: 30%
* Compiling and checking tests
* Writing tests to file
* Writing JUnit test case 'NodePointer_ESTest' to /work/evo_out/JxPath_5f/budget120_seed1/tests
* Done!

* Computation finished

[exit=0 timeout=False time=167.1s]

$ javac -nowarn -cp /work/JxPath_5f/target/classes:/opt/defects4j/framework/projects/lib/junit-4.12-hamcrest-1.3.jar:/work/JxPath_5f/src/java:/work/JxPath_5f/target/lib/commons-beanutils-1.4.jar:/work/JxPath_5f/target/lib/commons-collections-2.0.jar:/work/JxPath_5f/target/lib/commons-logging-1.0.4.jar:/work/JxPath_5f/target/lib/jdom-1.0.jar:/work/JxPath_5f/target/lib/mockrunner-0.4.1.jar:/work/JxPath_5f/target/lib/servletapi-2.2.jar:/work/JxPath_5f/target/lib/xerces-2.4.0.jar:/work/JxPath_5f/target/lib/xml-apis-2.0.2.jar:/work/JxPath_5f/src/test:/work/JxPath_5f/target/classes:/work/JxPath_5f/target/test-classes:/opt/evosuite/evosuite-standalone-runtime-1.2.0.jar -d /work/evo_out/JxPath_5f/budget120_seed1/classes /work/evo_out/JxPath_5f/budget120_seed1/tests/org/apache/commons/jxpath/ri/model/NodePointer_ESTest.java /work/evo_out/JxPath_5f/budget120_seed1/tests/org/apache/commons/jxpath/ri/model/NodePointer_ESTest_scaffolding.java
Note: /work/evo_out/JxPath_5f/budget120_seed1/tests/org/apache/commons/jxpath/ri/model/NodePointer_ESTest.java uses or overrides a deprecated API.
Note: Recompile with -Xlint:deprecation for details.

[exit=0 timeout=False time=1.4s]

$ java -jar /opt/jacoco/lib/jacococli.jar instrument /work/JxPath_5f/target/classes --dest /work/evo_out/JxPath_5f/budget120_seed1/instrumented
[INFO] 172 classes instrumented to /work/evo_out/JxPath_5f/budget120_seed1/instrumented.

[exit=0 timeout=False time=0.6s]

$ java -Djacoco-agent.destfile=/workspace/EvoSuite/Result_Round2/JxPath_5/budget120_seed1/jacoco.exec -cp /work/evo_out/JxPath_5f/budget120_seed1/instrumented:/work/evo_out/JxPath_5f/budget120_seed1/classes:/opt/defects4j/framework/projects/lib/junit-4.12-hamcrest-1.3.jar:/work/JxPath_5f/src/java:/work/JxPath_5f/target/lib/commons-beanutils-1.4.jar:/work/JxPath_5f/target/lib/commons-collections-2.0.jar:/work/JxPath_5f/target/lib/commons-logging-1.0.4.jar:/work/JxPath_5f/target/lib/jdom-1.0.jar:/work/JxPath_5f/target/lib/mockrunner-0.4.1.jar:/work/JxPath_5f/target/lib/servletapi-2.2.jar:/work/JxPath_5f/target/lib/xerces-2.4.0.jar:/work/JxPath_5f/target/lib/xml-apis-2.0.2.jar:/work/JxPath_5f/src/test:/work/JxPath_5f/target/classes:/work/JxPath_5f/target/test-classes:/opt/evosuite/evosuite-standalone-runtime-1.2.0.jar:/opt/jacoco/lib/jacocoagent.jar org.junit.runner.JUnitCore org.apache.commons.jxpath.ri.model.NodePointer_ESTest
JUnit version 4.12
.............................................................................................
Time: 2.231

OK (93 tests)

SLF4J: Failed to load class "org.slf4j.impl.StaticLoggerBinder".
SLF4J: Defaulting to no-operation (NOP) logger implementation
SLF4J: See http://www.slf4j.org/codes.html#StaticLoggerBinder for further details.
WARNING: An illegal reflective access operation has occurred
WARNING: Illegal reflective access by org.evosuite.runtime.GuiSupport (file:/opt/evosuite/evosuite-standalone-runtime-1.2.0.jar) to field java.awt.GraphicsEnvironment.headless
WARNING: Please consider reporting this to the maintainers of org.evosuite.runtime.GuiSupport
WARNING: Use --illegal-access=warn to enable warnings of further illegal reflective access operations
WARNING: All illegal access operations will be denied in a future release
POINTER: $7H?<nW4a&"IM']K7:7H?<nW4a&"IM']K7(org.apache.commons.jxpath.ri.model.beans.BeanPointer)
   of $7H?<nW4a&"IM']K7:7H?<nW4a&"IM']K7(org.apache.commons.jxpath.ri.model.VariablePointer)

[exit=0 timeout=False time=3.5s]

$ java -jar /opt/jacoco/lib/jacococli.jar report /workspace/EvoSuite/Result_Round2/JxPath_5/budget120_seed1/jacoco.exec --classfiles /work/JxPath_5f/target/classes --csv /workspace/EvoSuite/Result_Round2/JxPath_5/budget120_seed1/jacoco.csv
[INFO] Loading execution data file /workspace/EvoSuite/Result_Round2/JxPath_5/budget120_seed1/jacoco.exec.
[INFO] Analyzing 155 classes.

[exit=0 timeout=False time=0.6s]

$ java -cp /work/evo_out/JxPath_5f/budget120_seed1/classes:/opt/defects4j/framework/projects/lib/junit-4.12-hamcrest-1.3.jar:/work/JxPath_5b/src/java:/work/JxPath_5b/target/lib/commons-beanutils-1.4.jar:/work/JxPath_5b/target/lib/commons-collections-2.0.jar:/work/JxPath_5b/target/lib/commons-logging-1.0.4.jar:/work/JxPath_5b/target/lib/jdom-1.0.jar:/work/JxPath_5b/target/lib/mockrunner-0.4.1.jar:/work/JxPath_5b/target/lib/servletapi-2.2.jar:/work/JxPath_5b/target/lib/xerces-2.4.0.jar:/work/JxPath_5b/target/lib/xml-apis-2.0.2.jar:/work/JxPath_5b/src/test:/work/JxPath_5b/target/classes:/work/JxPath_5b/target/test-classes:/opt/evosuite/evosuite-standalone-runtime-1.2.0.jar org.junit.runner.JUnitCore org.apache.commons.jxpath.ri.model.NodePointer_ESTest
JUnit version 4.12
.............................................................................................
Time: 2.215

OK (93 tests)

SLF4J: Failed to load class "org.slf4j.impl.StaticLoggerBinder".
SLF4J: Defaulting to no-operation (NOP) logger implementation
SLF4J: See http://www.slf4j.org/codes.html#StaticLoggerBinder for further details.
WARNING: An illegal reflective access operation has occurred
WARNING: Illegal reflective access by org.evosuite.runtime.GuiSupport (file:/opt/evosuite/evosuite-standalone-runtime-1.2.0.jar) to field java.awt.GraphicsEnvironment.headless
WARNING: Please consider reporting this to the maintainers of org.evosuite.runtime.GuiSupport
WARNING: Use --illegal-access=warn to enable warnings of further illegal reflective access operations
WARNING: All illegal access operations will be denied in a future release
POINTER: $7H?<nW4a&"IM']K7:7H?<nW4a&"IM']K7(org.apache.commons.jxpath.ri.model.beans.BeanPointer)
   of $7H?<nW4a&"IM']K7:7H?<nW4a&"IM']K7(org.apache.commons.jxpath.ri.model.VariablePointer)

[exit=0 timeout=False time=2.8s]
