
$ defects4j compile -w /work/Jsoup_33f
Running ant (compile)...................................................... OK
Running ant (compile.tests)................................................ OK

[exit=0 timeout=False time=1.0s]

$ defects4j compile -w /work/Jsoup_33b
Running ant (compile)...................................................... OK
Running ant (compile.tests)................................................ OK

[exit=0 timeout=False time=1.0s]

$ java -Djava.awt.headless=true -cp /opt/defects4j/framework/projects/lib/junit-4.12-hamcrest-1.3.jar:/opt/evosuite/evosuite-1.2.0.jar:/work/Jsoup_33f/target/classes:/work/Jsoup_33f/target/test-classes:/opt/defects4j/framework/projects/Jsoup/lib/com/google/code/gson/gson/2.7/gson-2.7.jar:/opt/defects4j/framework/projects/Jsoup/lib/commons-lang/commons-lang/2.4/commons-lang-2.4.jar:/opt/defects4j/framework/projects/Jsoup/lib/javax/servlet/javax.servlet-api/3.1.0/javax.servlet-api-3.1.0.jar:/opt/defects4j/framework/projects/Jsoup/lib/org/eclipse/jetty/jetty-http/9.2.22.v20170606/jetty-http-9.2.22.v20170606.jar:/opt/defects4j/framework/projects/Jsoup/lib/org/eclipse/jetty/jetty-http/9.2.26.v20180806/jetty-http-9.2.26.v20180806.jar:/opt/defects4j/framework/projects/Jsoup/lib/org/eclipse/jetty/jetty-http/9.2.28.v20190418/jetty-http-9.2.28.v20190418.jar:/opt/defects4j/framework/projects/Jsoup/lib/org/eclipse/jetty/jetty-io/9.2.22.v20170606/jetty-io-9.2.22.v20170606.jar:/opt/defects4j/framework/projects/Jsoup/lib/org/eclipse/jetty/jetty-io/9.2.26.v20180806/jetty-io-9.2.26.v20180806.jar:/opt/defects4j/framework/projects/Jsoup/lib/org/eclipse/jetty/jetty-io/9.2.28.v20190418/jetty-io-9.2.28.v20190418.jar:/opt/defects4j/framework/projects/Jsoup/lib/org/eclipse/jetty/jetty-security/9.2.22.v20170606/jetty-security-9.2.22.v20170606.jar:/opt/defects4j/framework/projects/Jsoup/lib/org/eclipse/jetty/jetty-security/9.2.26.v20180806/jetty-security-9.2.26.v20180806.jar:/opt/defects4j/framework/projects/Jsoup/lib/org/eclipse/jetty/jetty-security/9.2.28.v20190418/jetty-security-9.2.28.v20190418.jar:/opt/defects4j/framework/projects/Jsoup/lib/org/eclipse/jetty/jetty-server/9.2.22.v20170606/jetty-server-9.2.22.v20170606.jar:/opt/defects4j/framework/projects/Jsoup/lib/org/eclipse/jetty/jetty-server/9.2.26.v20180806/jetty-server-9.2.26.v20180806.jar:/opt/defects4j/framework/projects/Jsoup/lib/org/eclipse/jetty/jetty-server/9.2.28.v20190418/jetty-server-9.2.28.v20190418.jar:/opt/defects4j/framework/projects/Jsoup/lib/org/eclipse/jetty/jetty-servlet/9.2.22.v20170606/jetty-servlet-9.2.22.v20170606.jar:/opt/defects4j/framework/projects/Jsoup/lib/org/eclipse/jetty/jetty-servlet/9.2.26.v20180806/jetty-servlet-9.2.26.v20180806.jar:/opt/defects4j/framework/projects/Jsoup/lib/org/eclipse/jetty/jetty-servlet/9.2.28.v20190418/jetty-servlet-9.2.28.v20190418.jar:/opt/defects4j/framework/projects/Jsoup/lib/org/eclipse/jetty/jetty-util/9.2.22.v20170606/jetty-util-9.2.22.v20170606.jar:/opt/defects4j/framework/projects/Jsoup/lib/org/eclipse/jetty/jetty-util/9.2.26.v20180806/jetty-util-9.2.26.v20180806.jar:/opt/defects4j/framework/projects/Jsoup/lib/org/eclipse/jetty/jetty-util/9.2.28.v20190418/jetty-util-9.2.28.v20190418.jar org.evosuite.EvoSuite -generateSuite -class org.jsoup.parser.HtmlTreeBuilder -projectCP /opt/defects4j/framework/projects/lib/junit-4.12-hamcrest-1.3.jar:/work/Jsoup_33f/target/classes:/work/Jsoup_33f/target/test-classes:/opt/defects4j/framework/projects/Jsoup/lib/com/google/code/gson/gson/2.7/gson-2.7.jar:/opt/defects4j/framework/projects/Jsoup/lib/commons-lang/commons-lang/2.4/commons-lang-2.4.jar:/opt/defects4j/framework/projects/Jsoup/lib/javax/servlet/javax.servlet-api/3.1.0/javax.servlet-api-3.1.0.jar:/opt/defects4j/framework/projects/Jsoup/lib/org/eclipse/jetty/jetty-http/9.2.22.v20170606/jetty-http-9.2.22.v20170606.jar:/opt/defects4j/framework/projects/Jsoup/lib/org/eclipse/jetty/jetty-http/9.2.26.v20180806/jetty-http-9.2.26.v20180806.jar:/opt/defects4j/framework/projects/Jsoup/lib/org/eclipse/jetty/jetty-http/9.2.28.v20190418/jetty-http-9.2.28.v20190418.jar:/opt/defects4j/framework/projects/Jsoup/lib/org/eclipse/jetty/jetty-io/9.2.22.v20170606/jetty-io-9.2.22.v20170606.jar:/opt/defects4j/framework/projects/Jsoup/lib/org/eclipse/jetty/jetty-io/9.2.26.v20180806/jetty-io-9.2.26.v20180806.jar:/opt/defects4j/framework/projects/Jsoup/lib/org/eclipse/jetty/jetty-io/9.2.28.v20190418/jetty-io-9.2.28.v20190418.jar:/opt/defects4j/framework/projects/Jsoup/lib/org/eclipse/jetty/jetty-security/9.2.22.v20170606/jetty-security-9.2.22.v20170606.jar:/opt/defects4j/framework/projects/Jsoup/lib/org/eclipse/jetty/jetty-security/9.2.26.v20180806/jetty-security-9.2.26.v20180806.jar:/opt/defects4j/framework/projects/Jsoup/lib/org/eclipse/jetty/jetty-security/9.2.28.v20190418/jetty-security-9.2.28.v20190418.jar:/opt/defects4j/framework/projects/Jsoup/lib/org/eclipse/jetty/jetty-server/9.2.22.v20170606/jetty-server-9.2.22.v20170606.jar:/opt/defects4j/framework/projects/Jsoup/lib/org/eclipse/jetty/jetty-server/9.2.26.v20180806/jetty-server-9.2.26.v20180806.jar:/opt/defects4j/framework/projects/Jsoup/lib/org/eclipse/jetty/jetty-server/9.2.28.v20190418/jetty-server-9.2.28.v20190418.jar:/opt/defects4j/framework/projects/Jsoup/lib/org/eclipse/jetty/jetty-servlet/9.2.22.v20170606/jetty-servlet-9.2.22.v20170606.jar:/opt/defects4j/framework/projects/Jsoup/lib/org/eclipse/jetty/jetty-servlet/9.2.26.v20180806/jetty-servlet-9.2.26.v20180806.jar:/opt/defects4j/framework/projects/Jsoup/lib/org/eclipse/jetty/jetty-servlet/9.2.28.v20190418/jetty-servlet-9.2.28.v20190418.jar:/opt/defects4j/framework/projects/Jsoup/lib/org/eclipse/jetty/jetty-util/9.2.22.v20170606/jetty-util-9.2.22.v20170606.jar:/opt/defects4j/framework/projects/Jsoup/lib/org/eclipse/jetty/jetty-util/9.2.26.v20180806/jetty-util-9.2.26.v20180806.jar:/opt/defects4j/framework/projects/Jsoup/lib/org/eclipse/jetty/jetty-util/9.2.28.v20190418/jetty-util-9.2.28.v20190418.jar -Dcriterion=LINE:BRANCH:EXCEPTION -Dsearch_budget=120 -seed 1 -Dtest_dir=/work/evo_out/Jsoup_33f/budget120_seed1/tests -Dreport_dir=/work/evo_out/Jsoup_33f/budget120_seed1/report
* EvoSuite 1.2.0
* Going to generate test cases for class: org.jsoup.parser.HtmlTreeBuilder
* Starting Client-0
* Connecting to master process on port 9922
* Analyzing classpath: 
  - /opt/defects4j/framework/projects/lib/junit-4.12-hamcrest-1.3.jar
  - /work/Jsoup_33f/target/classes
  - /work/Jsoup_33f/target/test-classes
  - /opt/defects4j/framework/projects/Jsoup/lib/com/google/code/gson/gson/2.7/gson-2.7.jar
  - /opt/defects4j/framework/projects/Jsoup/lib/commons-lang/commons-lang/2.4/commons-lang-2.4.jar
  - /opt/defects4j/framework/projects/Jsoup/lib/javax/servlet/javax.servlet-api/3.1.0/javax.servlet-api-3.1.0.jar
  - /opt/defects4j/framework/projects/Jsoup/lib/org/eclipse/jetty/jetty-http/9.2.22.v20170606/jetty-http-9.2.22.v20170606.jar
  - /opt/defects4j/framework/projects/Jsoup/lib/org/eclipse/jetty/jetty-http/9.2.26.v20180806/jetty-http-9.2.26.v20180806.jar
  - /opt/defects4j/framework/projects/Jsoup/lib/org/eclipse/jetty/jetty-http/9.2.28.v20190418/jetty-http-9.2.28.v20190418.jar
  - /opt/defects4j/framework/projects/Jsoup/lib/org/eclipse/jetty/jetty-io/9.2.22.v20170606/jetty-io-9.2.22.v20170606.jar
  - /opt/defects4j/framework/projects/Jsoup/lib/org/eclipse/jetty/jetty-io/9.2.26.v20180806/jetty-io-9.2.26.v20180806.jar
  - /opt/defects4j/framework/projects/Jsoup/lib/org/eclipse/jetty/jetty-io/9.2.28.v20190418/jetty-io-9.2.28.v20190418.jar
  - /opt/defects4j/framework/projects/Jsoup/lib/org/eclipse/jetty/jetty-security/9.2.22.v20170606/jetty-security-9.2.22.v20170606.jar
  - /opt/defects4j/framework/projects/Jsoup/lib/org/eclipse/jetty/jetty-security/9.2.26.v20180806/jetty-security-9.2.26.v20180806.jar
  - /opt/defects4j/framework/projects/Jsoup/lib/org/eclipse/jetty/jetty-security/9.2.28.v20190418/jetty-security-9.2.28.v20190418.jar
  - /opt/defects4j/framework/projects/Jsoup/lib/org/eclipse/jetty/jetty-server/9.2.22.v20170606/jetty-server-9.2.22.v20170606.jar
  - /opt/defects4j/framework/projects/Jsoup/lib/org/eclipse/jetty/jetty-server/9.2.26.v20180806/jetty-server-9.2.26.v20180806.jar
  - /opt/defects4j/framework/projects/Jsoup/lib/org/eclipse/jetty/jetty-server/9.2.28.v20190418/jetty-server-9.2.28.v20190418.jar
  - /opt/defects4j/framework/projects/Jsoup/lib/org/eclipse/jetty/jetty-servlet/9.2.22.v20170606/jetty-servlet-9.2.22.v20170606.jar
  - /opt/defects4j/framework/projects/Jsoup/lib/org/eclipse/jetty/jetty-servlet/9.2.26.v20180806/jetty-servlet-9.2.26.v20180806.jar
  - /opt/defects4j/framework/projects/Jsoup/lib/org/eclipse/jetty/jetty-servlet/9.2.28.v20190418/jetty-servlet-9.2.28.v20190418.jar
  - /opt/defects4j/framework/projects/Jsoup/lib/org/eclipse/jetty/jetty-util/9.2.22.v20170606/jetty-util-9.2.22.v20170606.jar
  - /opt/defects4j/framework/projects/Jsoup/lib/org/eclipse/jetty/jetty-util/9.2.26.v20180806/jetty-util-9.2.26.v20180806.jar
  - /opt/defects4j/framework/projects/Jsoup/lib/org/eclipse/jetty/jetty-util/9.2.28.v20190418/jetty-util-9.2.28.v20190418.jar
[MASTER] 20:36:17.328 [logback-1] WARN  InheritanceTree - Class not in inheritance graph: java.util.Locale$IsoCountryCode
* Finished analyzing classpath
* Generating tests for class org.jsoup.parser.HtmlTreeBuilder
* Test criteria:
  - Line Coverage
  - Branch Coverage
  - Exception
* Setting up search algorithm for whole suite generation
* Total number of test goals: 
  - Line 393
  - Branch 247
  - Exception 0

[Progress:>                             0%] [Cov:>                                  0%]* Using seed 1
* Starting evolution

[Progress:>                             0%] [Cov:>                                  1%]
[Progress:>                             0%] [Cov:>                                  2%]
[Progress:>                             0%] [Cov:============>                      36%]
[Progress:>                             0%] [Cov:=================>                 51%]
[Progress:>                             1%] [Cov:>                                  1%]
[Progress:>                             1%] [Cov:>                                  2%]
[Progress:>                             1%] [Cov:============>                      35%]
[Progress:>                             1%] [Cov:============>                      37%]
[Progress:>                             1%] [Cov:==============>                    40%]
[Progress:>                             1%] [Cov:================>                  48%]
[Progress:>                             1%] [Cov:==================>                52%]
[Progress:>                             1%] [Cov:=================>                 51%]
[Progress:>                             1%] [Cov:==================>                52%]
[Progress:>                             1%] [Cov:==================>                53%]
[Progress:>                             2%] [Cov:============>                      35%]
[Progress:>                             2%] [Cov:================>                  48%]
[Progress:>                             2%] [Cov:=================>                 51%]
[Progress:>                             2%] [Cov:=======================>           66%]
[Progress:>                             2%] [Cov:=======================>           66%]
[Progress:>                             2%] [Cov:=======================>           66%]
[Progress:>                             2%] [Cov:=======================>           67%]
[Progress:>                             3%] [Cov:=======================>           66%]
[Progress:>                             3%] [Cov:=======================>           67%]
[Progress:>                             3%] [Cov:=======================>           68%]
[Progress:>                             3%] [Cov:=======================>           68%]
[Progress:=>                            4%] [Cov:=======================>           68%]
[Progress:=>                            4%] [Cov:=======================>           68%]
[Progress:=>                            4%] [Cov:========================>          69%]
[Progress:=>                            4%] [Cov:========================>          70%]
[Progress:=>                            5%] [Cov:========================>          70%]
[Progress:=>                            5%] [Cov:========================>          71%]
[Progress:=>                            5%] [Cov:========================>          71%]
[Progress:=>                            5%] [Cov:========================>          71%]
[Progress:=>                            5%] [Cov:========================>          71%]
[Progress:=>                            5%] [Cov:========================>          71%]
[Progress:=>                            6%] [Cov:========================>          71%]
[Progress:=>                            6%] [Cov:========================>          71%]
[Progress:=>                            6%] [Cov:=========================>         72%]
[Progress:=>                            6%] [Cov:=========================>         72%]
[Progress:=>                            6%] [Cov:=========================>         72%]
[Progress:==>                           7%] [Cov:=========================>         72%]
[Progress:==>                           7%] [Cov:=========================>         72%]
[Progress:==>                           7%] [Cov:=========================>         73%]
[Progress:==>                           8%] [Cov:=========================>         73%]
[Progress:==>                           8%] [Cov:=========================>         74%]
[Progress:==>                           8%] [Cov:=========================>         74%]
[Progress:==>                           9%] [Cov:=========================>         74%]
[Progress:==>                           9%] [Cov:==========================>        75%]
[Progress:==>                           9%] [Cov:==========================>        75%]
[Progress:==>                           9%] [Cov:==========================>        75%]
[Progress:===>                          10%] [Cov:==========================>        75%]
[Progress:===>                          10%] [Cov:==========================>        75%]
[Progress:===>                          10%] [Cov:==========================>        75%]
[Progress:===>                          10%] [Cov:==========================>        75%]
[Progress:===>                          10%] [Cov:==========================>        75%]
[Progress:===>                          11%] [Cov:==========================>        75%]
[Progress:===>                          11%] [Cov:==========================>        75%]
[Progress:===>                          11%] [Cov:==========================>        75%]
[Progress:===>                          11%] [Cov:==========================>        75%]
[Progress:===>                          12%] [Cov:==========================>        75%]
[Progress:===>                          12%] [Cov:==========================>        75%]
[Progress:===>                          12%] [Cov:==========================>        75%]
[Progress:===>                          13%] [Cov:==========================>        75%]
[Progress:===>                          13%] [Cov:==========================>        75%]
[Progress:===>                          13%] [Cov:==========================>        76%]
[Progress:====>                         14%] [Cov:==========================>        76%]
[Progress:====>                         14%] [Cov:==========================>        76%]
[Progress:====>                         14%] [Cov:==========================>        76%]
[Progress:====>                         15%] [Cov:==========================>        76%]
[Progress:====>                         15%] [Cov:==========================>        76%]
[Progress:====>                         15%] [Cov:==========================>        76%]
[Progress:====>                         15%] [Cov:==========================>        76%]
[Progress:====>                         15%] [Cov:==========================>        76%]
[Progress:====>                         15%] [Cov:==========================>        77%]
[Progress:====>                         16%] [Cov:==========================>        77%]
[Progress:====>                         16%] [Cov:==========================>        77%]
[Progress:====>                         16%] [Cov:==========================>        77%]
[Progress:=====>                        17%] [Cov:==========================>        77%]
[Progress:=====>                        17%] [Cov:==========================>        77%]
[Progress:=====>                        17%] [Cov:==========================>        77%]
[Progress:=====>                        18%] [Cov:==========================>        77%]
[Progress:=====>                        18%] [Cov:==========================>        77%]
[Progress:=====>                        18%] [Cov:===========================>       78%]
[Progress:=====>                        18%] [Cov:===========================>       78%]
[Progress:=====>                        19%] [Cov:===========================>       78%]
[Progress:=====>                        19%] [Cov:===========================>       78%]
[Progress:=====>                        19%] [Cov:===========================>       78%]
[Progress:======>                       20%] [Cov:===========================>       78%]
[Progress:======>                       20%] [Cov:===========================>       78%]
[Progress:======>                       20%] [Cov:===========================>       78%]
[Progress:======>                       20%] [Cov:===========================>       78%]
[Progress:======>                       20%] [Cov:===========================>       78%]
[Progress:======>                       21%] [Cov:===========================>       78%]
[Progress:======>                       21%] [Cov:===========================>       78%]
[Progress:======>                       21%] [Cov:===========================>       78%]
[Progress:======>                       22%] [Cov:===========================>       78%]
[Progress:======>                       22%] [Cov:===========================>       78%]
[Progress:======>                       22%] [Cov:===========================>       78%]
[Progress:======>                       23%] [Cov:===========================>       78%]
[Progress:======>                       23%] [Cov:===========================>       78%]
[Progress:=======>                      24%] [Cov:===========================>       78%]
[Progress:=======>                      24%] [Cov:===========================>       78%]
[Progress:=======>                      24%] [Cov:===========================>       78%]
[Progress:=======>                      25%] [Cov:===========================>       78%]
[Progress:=======>                      25%] [Cov:===========================>       78%]
[Progress:=======>                      25%] [Cov:===========================>       79%]
[Progress:=======>                      25%] [Cov:===========================>       79%]
[Progress:=======>                      25%] [Cov:===========================>       79%]
[Progress:=======>                      25%] [Cov:===========================>       79%]
[Progress:=======>                      26%] [Cov:===========================>       79%]
[Progress:=======>                      26%] [Cov:===========================>       79%]
[Progress:=======>                      26%] [Cov:===========================>       79%]
[Progress:========>                     27%] [Cov:===========================>       79%]
[Progress:========>                     27%] [Cov:===========================>       79%]
[Progress:========>                     28%] [Cov:===========================>       79%]
[Progress:========>                     28%] [Cov:===========================>       79%]
[Progress:========>                     28%] [Cov:============================>      80%]
[Progress:========>                     29%] [Cov:============================>      80%]
[Progress:========>                     29%] [Cov:============================>      80%]
[Progress:========>                     29%] [Cov:============================>      80%]
[Progress:=========>                    30%] [Cov:============================>      80%]
[Progress:=========>                    30%] [Cov:============================>      80%]
[Progress:=========>                    30%] [Cov:============================>      80%]
[Progress:=========>                    30%] [Cov:============================>      80%]
[Progress:=========>                    30%] [Cov:============================>      80%]
[Progress:=========>                    31%] [Cov:============================>      80%]
[Progress:=========>                    31%] [Cov:============================>      80%]
[Progress:=========>                    31%] [Cov:============================>      80%]
[Progress:=========>                    31%] [Cov:============================>      81%]
[Progress:=========>                    32%] [Cov:============================>      80%]
[Progress:=========>                    32%] [Cov:============================>      81%]
[Progress:=========>                    32%] [Cov:============================>      81%]
[Progress:=========>                    33%] [Cov:============================>      81%]
[Progress:=========>                    33%] [Cov:============================>      81%]
[Progress:=========>                    33%] [Cov:============================>      81%]
[Progress:==========>                   34%] [Cov:============================>      81%]
[Progress:==========>                   34%] [Cov:============================>      81%]
[Progress:==========>                   35%] [Cov:============================>      81%]
[Progress:==========>                   35%] [Cov:============================>      81%]
[Progress:==========>                   35%] [Cov:============================>      81%]
[Progress:==========>                   35%] [Cov:=============================>     83%]
[Progress:==========>                   35%] [Cov:=============================>     85%]
[Progress:==========>                   35%] [Cov:=============================>     85%]
[Progress:==========>                   36%] [Cov:=============================>     85%]
[Progress:==========>                   36%] [Cov:=============================>     85%]
[Progress:===========>                  37%] [Cov:=============================>     85%]
[Progress:===========>                  37%] [Cov:=============================>     85%]
[Progress:===========>                  37%] [Cov:==============================>    86%]
[Progress:===========>                  37%] [Cov:==============================>    86%]
[Progress:===========>                  37%] [Cov:==============================>    87%]
[Progress:===========>                  38%] [Cov:==============================>    86%]
[Progress:===========>                  38%] [Cov:==============================>    87%]
[Progress:===========>                  38%] [Cov:==============================>    87%]
[Progress:===========>                  39%] [Cov:==============================>    87%]
[Progress:===========>                  39%] [Cov:==============================>    87%]
[Progress:===========>                  39%] [Cov:==============================>    87%]
[Progress:============>                 40%] [Cov:==============================>    87%]
[Progress:============>                 40%] [Cov:==============================>    87%]
[Progress:============>                 40%] [Cov:==============================>    87%]
[Progress:============>                 40%] [Cov:==============================>    87%]
[Progress:============>                 40%] [Cov:==============================>    87%]
[Progress:============>                 40%] [Cov:==============================>    87%]
[Progress:============>                 40%] [Cov:==============================>    88%]
[Progress:============>                 41%] [Cov:==============================>    87%]
[Progress:============>                 41%] [Cov:==============================>    88%]
[Progress:============>                 41%] [Cov:==============================>    88%]
[Progress:============>                 42%] [Cov:==============================>    88%]
[Progress:============>                 42%] [Cov:==============================>    88%]
[Progress:============>                 42%] [Cov:===============================>   89%]
[Progress:============>                 42%] [Cov:===============================>   89%]
[Progress:============>                 43%] [Cov:===============================>   89%]
[Progress:============>                 43%] [Cov:===============================>   89%]
[Progress:============>                 43%] [Cov:===============================>   89%]
[Progress:=============>                44%] [Cov:===============================>   89%]
[Progress:=============>                44%] [Cov:===============================>   89%]
[Progress:=============>                44%] [Cov:===============================>   89%]
[Progress:=============>                45%] [Cov:===============================>   89%]
[Progress:=============>                45%] [Cov:===============================>   89%]
[Progress:=============>                45%] [Cov:===============================>   89%]
[Progress:=============>                45%] [Cov:===============================>   89%]
[Progress:=============>                45%] [Cov:===============================>   89%]
[Progress:=============>                45%] [Cov:===============================>   89%]
[Progress:=============>                46%] [Cov:===============================>   89%]
[Progress:=============>                46%] [Cov:===============================>   89%]
[Progress:=============>                46%] [Cov:===============================>   89%]
[Progress:==============>               47%] [Cov:===============================>   89%]
[Progress:==============>               47%] [Cov:===============================>   89%]
[Progress:==============>               47%] [Cov:===============================>   89%]
[Progress:==============>               48%] [Cov:===============================>   89%]
[Progress:==============>               48%] [Cov:===============================>   89%]
[Progress:==============>               48%] [Cov:===============================>   89%]
[Progress:==============>               48%] [Cov:===============================>   89%]
[Progress:==============>               49%] [Cov:===============================>   89%]
[Progress:==============>               49%] [Cov:===============================>   89%]
[Progress:==============>               49%] [Cov:===============================>   89%]
[Progress:===============>              50%] [Cov:===============================>   89%]
[Progress:===============>              50%] [Cov:===============================>   89%]
[Progress:===============>              50%] [Cov:===============================>   89%]
[Progress:===============>              50%] [Cov:===============================>   90%]
[Progress:===============>              50%] [Cov:===============================>   90%]
[Progress:===============>              50%] [Cov:===============================>   90%]
[Progress:===============>              51%] [Cov:===============================>   90%]
[Progress:===============>              51%] [Cov:===============================>   90%]
[Progress:===============>              51%] [Cov:===============================>   90%]
[Progress:===============>              52%] [Cov:===============================>   90%]
[Progress:===============>              52%] [Cov:===============================>   90%]
[Progress:===============>              52%] [Cov:===============================>   90%]
[Progress:===============>              52%] [Cov:===============================>   90%]
[Progress:===============>              53%] [Cov:===============================>   90%]
[Progress:===============>              53%] [Cov:===============================>   90%]
[Progress:===============>              53%] [Cov:===============================>   90%]
[Progress:================>             54%] [Cov:===============================>   90%]
[Progress:================>             54%] [Cov:===============================>   90%]
[Progress:================>             54%] [Cov:===============================>   90%]
[Progress:================>             55%] [Cov:===============================>   90%]
[Progress:================>             55%] [Cov:===============================>   90%]
[Progress:================>             55%] [Cov:===============================>   90%]
[Progress:================>             55%] [Cov:===============================>   90%]
[Progress:================>             55%] [Cov:===============================>   90%]
[Progress:================>             55%] [Cov:===============================>   90%]
[Progress:================>             56%] [Cov:===============================>   90%]
[Progress:================>             56%] [Cov:===============================>   90%]
[Progress:================>             56%] [Cov:===============================>   91%]
[Progress:=================>            57%] [Cov:===============================>   91%]
[Progress:=================>            57%] [Cov:===============================>   91%]
[Progress:=================>            58%] [Cov:===============================>   91%]
[Progress:=================>            58%] [Cov:===============================>   91%]
[Progress:=================>            58%] [Cov:===============================>   91%]
[Progress:=================>            58%] [Cov:===============================>   91%]
[Progress:=================>            59%] [Cov:===============================>   91%]
[Progress:=================>            59%] [Cov:===============================>   91%]
[Progress:=================>            59%] [Cov:===============================>   91%]
[Progress:==================>           60%] [Cov:===============================>   91%]
[Progress:==================>           60%] [Cov:===============================>   91%]
[Progress:==================>           60%] [Cov:===============================>   91%]
[Progress:==================>           60%] [Cov:===============================>   91%]
[Progress:==================>           60%] [Cov:===============================>   91%]
[Progress:==================>           60%] [Cov:===============================>   91%]
[Progress:==================>           61%] [Cov:===============================>   91%]
[Progress:==================>           61%] [Cov:===============================>   91%]
[Progress:==================>           61%] [Cov:===============================>   91%]
[Progress:==================>           62%] [Cov:===============================>   91%]
[Progress:==================>           62%] [Cov:===============================>   91%]
[Progress:==================>           62%] [Cov:===============================>   91%]
[Progress:==================>           63%] [Cov:===============================>   91%]
[Progress:==================>           63%] [Cov:===============================>   91%]
[Progress:==================>           63%] [Cov:===============================>   91%]
[Progress:===================>          64%] [Cov:===============================>   91%]
[Progress:===================>          64%] [Cov:===============================>   91%]
[Progress:===================>          64%] [Cov:===============================>   91%]
[Progress:===================>          64%] [Cov:===============================>   91%]
[Progress:===================>          65%] [Cov:===============================>   91%]
[Progress:===================>          65%] [Cov:===============================>   91%]
[Progress:===================>          65%] [Cov:===============================>   91%]
[Progress:===================>          65%] [Cov:===============================>   91%]
[Progress:===================>          65%] [Cov:===============================>   91%]
[Progress:===================>          65%] [Cov:===============================>   91%]
[Progress:===================>          66%] [Cov:===============================>   91%]
[Progress:===================>          66%] [Cov:===============================>   91%]
[Progress:====================>         67%] [Cov:===============================>   91%]
[Progress:====================>         67%] [Cov:===============================>   91%]
[Progress:====================>         67%] [Cov:===============================>   91%]
[Progress:====================>         67%] [Cov:===============================>   91%]
[Progress:====================>         68%] [Cov:===============================>   91%]
[Progress:====================>         68%] [Cov:===============================>   91%]
[Progress:====================>         68%] [Cov:===============================>   91%]
[Progress:====================>         69%] [Cov:===============================>   91%]
[Progress:====================>         69%] [Cov:===============================>   91%]
[Progress:====================>         69%] [Cov:===============================>   91%]
[Progress:=====================>        70%] [Cov:===============================>   91%]
[Progress:=====================>        70%] [Cov:===============================>   91%]
[Progress:=====================>        70%] [Cov:===============================>   91%]
[Progress:=====================>        70%] [Cov:===============================>   91%]
[Progress:=====================>        70%] [Cov:===============================>   91%]
[Progress:=====================>        71%] [Cov:===============================>   91%]
[Progress:=====================>        71%] [Cov:===============================>   91%]
[Progress:=====================>        71%] [Cov:===============================>   91%]
[Progress:=====================>        72%] [Cov:===============================>   91%]
[Progress:=====================>        72%] [Cov:===============================>   91%]
[Progress:=====================>        72%] [Cov:===============================>   91%]
[Progress:=====================>        73%] [Cov:===============================>   91%]
[Progress:=====================>        73%] [Cov:===============================>   91%]
[Progress:=====================>        73%] [Cov:===============================>   91%]
[Progress:======================>       74%] [Cov:===============================>   91%]
[Progress:======================>       74%] [Cov:===============================>   91%]
[Progress:======================>       74%] [Cov:===============================>   91%]
[Progress:======================>       75%] [Cov:===============================>   91%]
[Progress:======================>       75%] [Cov:===============================>   91%]
[Progress:======================>       75%] [Cov:===============================>   91%]
[Progress:======================>       75%] [Cov:===============================>   91%]
[Progress:======================>       75%] [Cov:===============================>   91%]
[Progress:======================>       76%] [Cov:===============================>   91%]
[Progress:======================>       76%] [Cov:===============================>   91%]
[Progress:======================>       76%] [Cov:===============================>   91%]
[Progress:=======================>      77%] [Cov:===============================>   91%]
[Progress:=======================>      77%] [Cov:===============================>   91%]
[Progress:=======================>      77%] [Cov:===============================>   91%]
[Progress:=======================>      78%] [Cov:===============================>   91%]
[Progress:=======================>      78%] [Cov:===============================>   91%]
[Progress:=======================>      78%] [Cov:===============================>   91%]
[Progress:=======================>      78%] [Cov:===============================>   91%]
[Progress:=======================>      79%] [Cov:===============================>   91%]
[Progress:=======================>      79%] [Cov:===============================>   91%]
[Progress:========================>     80%] [Cov:===============================>   91%]
[Progress:========================>     80%] [Cov:===============================>   91%]
[Progress:========================>     80%] [Cov:===============================>   91%]
[Progress:========================>     80%] [Cov:===============================>   91%]
[Progress:========================>     81%] [Cov:===============================>   91%]
[Progress:========================>     81%] [Cov:===============================>   91%]
[Progress:========================>     81%] [Cov:===============================>   91%]
[Progress:========================>     82%] [Cov:===============================>   91%]
[Progress:========================>     82%] [Cov:===============================>   91%]
[Progress:========================>     82%] [Cov:===============================>   91%]
[Progress:========================>     83%] [Cov:===============================>   91%]
[Progress:========================>     83%] [Cov:================================>  92%]
[Progress:========================>     83%] [Cov:================================>  92%]
[Progress:=========================>    84%] [Cov:================================>  92%]
[Progress:=========================>    84%] [Cov:================================>  92%]
[Progress:=========================>    84%] [Cov:================================>  92%]
[Progress:=========================>    85%] [Cov:================================>  92%]
[Progress:=========================>    85%] [Cov:================================>  92%]
[Progress:=========================>    85%] [Cov:================================>  92%]
[Progress:=========================>    85%] [Cov:================================>  92%]
[Progress:=========================>    86%] [Cov:================================>  92%]
[Progress:=========================>    86%] [Cov:================================>  92%]
[Progress:=========================>    86%] [Cov:================================>  92%]
[Progress:==========================>   87%] [Cov:================================>  92%]
[Progress:==========================>   87%] [Cov:================================>  92%]
[Progress:==========================>   87%] [Cov:================================>  92%]
[Progress:==========================>   88%] [Cov:================================>  92%]
[Progress:==========================>   88%] [Cov:================================>  92%]
[Progress:==========================>   88%] [Cov:================================>  92%]
[Progress:==========================>   89%] [Cov:================================>  92%]
[Progress:==========================>   89%] [Cov:================================>  92%]
[Progress:==========================>   89%] [Cov:================================>  92%]
[Progress:===========================>  90%] [Cov:================================>  92%]
[Progress:===========================>  90%] [Cov:================================>  92%]
[Progress:===========================>  90%] [Cov:================================>  92%]
[Progress:===========================>  90%] [Cov:================================>  92%]
[Progress:===========================>  91%] [Cov:================================>  92%]
[Progress:===========================>  91%] [Cov:================================>  92%]
[Progress:===========================>  91%] [Cov:================================>  92%]
[Progress:===========================>  92%] [Cov:================================>  92%]
[Progress:===========================>  92%] [Cov:================================>  92%]
[Progress:===========================>  92%] [Cov:================================>  92%]
[Progress:===========================>  93%] [Cov:================================>  92%]
[Progress:===========================>  93%] [Cov:================================>  92%]
[Progress:===========================>  93%] [Cov:================================>  92%]
[Progress:============================> 94%] [Cov:================================>  92%]
[Progress:============================> 94%] [Cov:================================>  92%]
[Progress:============================> 95%] [Cov:================================>  92%]
[Progress:============================> 95%] [Cov:================================>  92%]
[Progress:============================> 95%] [Cov:================================>  92%]
[Progress:============================> 95%] [Cov:================================>  92%]
[Progress:============================> 95%] [Cov:================================>  92%]
[Progress:============================> 96%] [Cov:================================>  92%]
[Progress:============================> 96%] [Cov:================================>  92%]
[Progress:=============================>97%] [Cov:================================>  92%]
[Progress:=============================>97%] [Cov:================================>  92%]
[Progress:=============================>98%] [Cov:================================>  92%]
[Progress:=============================>98%] [Cov:================================>  92%]
[Progress:=============================>98%] [Cov:================================>  92%]
[Progress:=============================>99%] [Cov:================================>  92%]
[Progress:=============================>99%] [Cov:================================>  92%]
[Progress:=============================>99%] [Cov:================================>  92%]
[Progress:==============================100%] [Cov:================================>  92%]
[Progress:==============================100%] [Cov:================================>  92%]
[Progress:==============================100%] [Cov:================================>  92%]
[Progress:==============================100%] [Cov:================================>  92%]
* Search finished after 121s and 248 generations, 128260 statements, best individual has fitness: 52.48906865246718
* Minimizing test suite
* Going to analyze the coverage criteria
* Coverage analysis for criterion LINE
* Coverage of criterion LINE: 91%
* Total number of goals: 393
* Number of covered goals: 356
* Coverage analysis for criterion BRANCH
* Coverage of criterion BRANCH: 86%
* Total number of goals: 247
* Number of covered goals: 212
* Coverage analysis for criterion EXCEPTION
* Coverage of criterion EXCEPTION: 100%
* Total number of goals: 64
* Number of covered goals: 64
* Generated 126 tests with total length 538
* Resulting test suite's coverage: 92% (average coverage for all fitness functions)
* Generating assertions
* Resulting test suite's mutation score: 43%
* Compiling and checking tests
[MASTER] 20:39:08.282 [logback-1] WARN  JUnitAnalyzer - Found unstable test named test0 -> class java.lang.StackOverflowError: null
[MASTER] 20:39:08.283 [logback-1] WARN  JUnitAnalyzer - Failing test:
 HtmlTreeBuilder htmlTreeBuilder0 = new HtmlTreeBuilder();
ParseErrorList parseErrorList0 = ParseErrorList.tracking(1247);
htmlTreeBuilder0.parse("plaintext", "h/", parseErrorList0);
Token.StartTag token_StartTag0 = new Token.StartTag();
token_StartTag0.tagName = "plaintext";
FormElement formElement0 = htmlTreeBuilder0.insertForm(token_StartTag0, true);
formElement0.prependChild(formElement0);
htmlTreeBuilder0.parseFragment("*Bb2m|MDTP/,j4iX", formElement0, "8*hP[#$iO/w{", parseErrorList0);

* Writing tests to file
* Writing JUnit test case 'HtmlTreeBuilder_ESTest' to /work/evo_out/Jsoup_33f/budget120_seed1/tests
* Done!

* Computation finished

[exit=0 timeout=False time=178.3s]

$ javac -nowarn -cp /work/Jsoup_33f/target/classes:/opt/defects4j/framework/projects/lib/junit-4.12-hamcrest-1.3.jar:/work/Jsoup_33f/target/classes:/work/Jsoup_33f/target/test-classes:/opt/defects4j/framework/projects/Jsoup/lib/com/google/code/gson/gson/2.7/gson-2.7.jar:/opt/defects4j/framework/projects/Jsoup/lib/commons-lang/commons-lang/2.4/commons-lang-2.4.jar:/opt/defects4j/framework/projects/Jsoup/lib/javax/servlet/javax.servlet-api/3.1.0/javax.servlet-api-3.1.0.jar:/opt/defects4j/framework/projects/Jsoup/lib/org/eclipse/jetty/jetty-http/9.2.22.v20170606/jetty-http-9.2.22.v20170606.jar:/opt/defects4j/framework/projects/Jsoup/lib/org/eclipse/jetty/jetty-http/9.2.26.v20180806/jetty-http-9.2.26.v20180806.jar:/opt/defects4j/framework/projects/Jsoup/lib/org/eclipse/jetty/jetty-http/9.2.28.v20190418/jetty-http-9.2.28.v20190418.jar:/opt/defects4j/framework/projects/Jsoup/lib/org/eclipse/jetty/jetty-io/9.2.22.v20170606/jetty-io-9.2.22.v20170606.jar:/opt/defects4j/framework/projects/Jsoup/lib/org/eclipse/jetty/jetty-io/9.2.26.v20180806/jetty-io-9.2.26.v20180806.jar:/opt/defects4j/framework/projects/Jsoup/lib/org/eclipse/jetty/jetty-io/9.2.28.v20190418/jetty-io-9.2.28.v20190418.jar:/opt/defects4j/framework/projects/Jsoup/lib/org/eclipse/jetty/jetty-security/9.2.22.v20170606/jetty-security-9.2.22.v20170606.jar:/opt/defects4j/framework/projects/Jsoup/lib/org/eclipse/jetty/jetty-security/9.2.26.v20180806/jetty-security-9.2.26.v20180806.jar:/opt/defects4j/framework/projects/Jsoup/lib/org/eclipse/jetty/jetty-security/9.2.28.v20190418/jetty-security-9.2.28.v20190418.jar:/opt/defects4j/framework/projects/Jsoup/lib/org/eclipse/jetty/jetty-server/9.2.22.v20170606/jetty-server-9.2.22.v20170606.jar:/opt/defects4j/framework/projects/Jsoup/lib/org/eclipse/jetty/jetty-server/9.2.26.v20180806/jetty-server-9.2.26.v20180806.jar:/opt/defects4j/framework/projects/Jsoup/lib/org/eclipse/jetty/jetty-server/9.2.28.v20190418/jetty-server-9.2.28.v20190418.jar:/opt/defects4j/framework/projects/Jsoup/lib/org/eclipse/jetty/jetty-servlet/9.2.22.v20170606/jetty-servlet-9.2.22.v20170606.jar:/opt/defects4j/framework/projects/Jsoup/lib/org/eclipse/jetty/jetty-servlet/9.2.26.v20180806/jetty-servlet-9.2.26.v20180806.jar:/opt/defects4j/framework/projects/Jsoup/lib/org/eclipse/jetty/jetty-servlet/9.2.28.v20190418/jetty-servlet-9.2.28.v20190418.jar:/opt/defects4j/framework/projects/Jsoup/lib/org/eclipse/jetty/jetty-util/9.2.22.v20170606/jetty-util-9.2.22.v20170606.jar:/opt/defects4j/framework/projects/Jsoup/lib/org/eclipse/jetty/jetty-util/9.2.26.v20180806/jetty-util-9.2.26.v20180806.jar:/opt/defects4j/framework/projects/Jsoup/lib/org/eclipse/jetty/jetty-util/9.2.28.v20190418/jetty-util-9.2.28.v20190418.jar:/opt/evosuite/evosuite-standalone-runtime-1.2.0.jar -d /work/evo_out/Jsoup_33f/budget120_seed1/classes /work/evo_out/Jsoup_33f/budget120_seed1/tests/org/jsoup/parser/HtmlTreeBuilder_ESTest.java /work/evo_out/Jsoup_33f/budget120_seed1/tests/org/jsoup/parser/HtmlTreeBuilder_ESTest_scaffolding.java

[exit=0 timeout=False time=1.0s]

$ java -jar /opt/jacoco/lib/jacococli.jar instrument /work/Jsoup_33f/target/classes --dest /work/evo_out/Jsoup_33f/budget120_seed1/instrumented
[INFO] 231 classes instrumented to /work/evo_out/Jsoup_33f/budget120_seed1/instrumented.

[exit=0 timeout=False time=0.4s]

$ java -Djacoco-agent.destfile=/workspace/EvoSuite/Result_Round2/Jsoup_33/budget120_seed1/jacoco.exec -cp /work/evo_out/Jsoup_33f/budget120_seed1/instrumented:/work/evo_out/Jsoup_33f/budget120_seed1/classes:/opt/defects4j/framework/projects/lib/junit-4.12-hamcrest-1.3.jar:/work/Jsoup_33f/target/classes:/work/Jsoup_33f/target/test-classes:/opt/defects4j/framework/projects/Jsoup/lib/com/google/code/gson/gson/2.7/gson-2.7.jar:/opt/defects4j/framework/projects/Jsoup/lib/commons-lang/commons-lang/2.4/commons-lang-2.4.jar:/opt/defects4j/framework/projects/Jsoup/lib/javax/servlet/javax.servlet-api/3.1.0/javax.servlet-api-3.1.0.jar:/opt/defects4j/framework/projects/Jsoup/lib/org/eclipse/jetty/jetty-http/9.2.22.v20170606/jetty-http-9.2.22.v20170606.jar:/opt/defects4j/framework/projects/Jsoup/lib/org/eclipse/jetty/jetty-http/9.2.26.v20180806/jetty-http-9.2.26.v20180806.jar:/opt/defects4j/framework/projects/Jsoup/lib/org/eclipse/jetty/jetty-http/9.2.28.v20190418/jetty-http-9.2.28.v20190418.jar:/opt/defects4j/framework/projects/Jsoup/lib/org/eclipse/jetty/jetty-io/9.2.22.v20170606/jetty-io-9.2.22.v20170606.jar:/opt/defects4j/framework/projects/Jsoup/lib/org/eclipse/jetty/jetty-io/9.2.26.v20180806/jetty-io-9.2.26.v20180806.jar:/opt/defects4j/framework/projects/Jsoup/lib/org/eclipse/jetty/jetty-io/9.2.28.v20190418/jetty-io-9.2.28.v20190418.jar:/opt/defects4j/framework/projects/Jsoup/lib/org/eclipse/jetty/jetty-security/9.2.22.v20170606/jetty-security-9.2.22.v20170606.jar:/opt/defects4j/framework/projects/Jsoup/lib/org/eclipse/jetty/jetty-security/9.2.26.v20180806/jetty-security-9.2.26.v20180806.jar:/opt/defects4j/framework/projects/Jsoup/lib/org/eclipse/jetty/jetty-security/9.2.28.v20190418/jetty-security-9.2.28.v20190418.jar:/opt/defects4j/framework/projects/Jsoup/lib/org/eclipse/jetty/jetty-server/9.2.22.v20170606/jetty-server-9.2.22.v20170606.jar:/opt/defects4j/framework/projects/Jsoup/lib/org/eclipse/jetty/jetty-server/9.2.26.v20180806/jetty-server-9.2.26.v20180806.jar:/opt/defects4j/framework/projects/Jsoup/lib/org/eclipse/jetty/jetty-server/9.2.28.v20190418/jetty-server-9.2.28.v20190418.jar:/opt/defects4j/framework/projects/Jsoup/lib/org/eclipse/jetty/jetty-servlet/9.2.22.v20170606/jetty-servlet-9.2.22.v20170606.jar:/opt/defects4j/framework/projects/Jsoup/lib/org/eclipse/jetty/jetty-servlet/9.2.26.v20180806/jetty-servlet-9.2.26.v20180806.jar:/opt/defects4j/framework/projects/Jsoup/lib/org/eclipse/jetty/jetty-servlet/9.2.28.v20190418/jetty-servlet-9.2.28.v20190418.jar:/opt/defects4j/framework/projects/Jsoup/lib/org/eclipse/jetty/jetty-util/9.2.22.v20170606/jetty-util-9.2.22.v20170606.jar:/opt/defects4j/framework/projects/Jsoup/lib/org/eclipse/jetty/jetty-util/9.2.26.v20180806/jetty-util-9.2.26.v20180806.jar:/opt/defects4j/framework/projects/Jsoup/lib/org/eclipse/jetty/jetty-util/9.2.28.v20190418/jetty-util-9.2.28.v20190418.jar:/opt/evosuite/evosuite-standalone-runtime-1.2.0.jar:/opt/jacoco/lib/jacocoagent.jar org.junit.runner.JUnitCore org.jsoup.parser.HtmlTreeBuilder_ESTest
JUnit version 4.12
.............................................................................................................................
Time: 1.442

OK (125 tests)

SLF4J: Failed to load class "org.slf4j.impl.StaticLoggerBinder".
SLF4J: Defaulting to no-operation (NOP) logger implementation
SLF4J: See http://www.slf4j.org/codes.html#StaticLoggerBinder for further details.
WARNING: An illegal reflective access operation has occurred
WARNING: Illegal reflective access by org.evosuite.runtime.GuiSupport (file:/opt/evosuite/evosuite-standalone-runtime-1.2.0.jar) to field java.awt.GraphicsEnvironment.headless
WARNING: Please consider reporting this to the maintainers of org.evosuite.runtime.GuiSupport
WARNING: Use --illegal-access=warn to enable warnings of further illegal reflective access operations
WARNING: All illegal access operations will be denied in a future release

[exit=0 timeout=False time=2.5s]

$ java -jar /opt/jacoco/lib/jacococli.jar report /workspace/EvoSuite/Result_Round2/Jsoup_33/budget120_seed1/jacoco.exec --classfiles /work/Jsoup_33f/target/classes --csv /workspace/EvoSuite/Result_Round2/Jsoup_33/budget120_seed1/jacoco.csv
[INFO] Loading execution data file /workspace/EvoSuite/Result_Round2/Jsoup_33/budget120_seed1/jacoco.exec.
[INFO] Analyzing 211 classes.

[exit=0 timeout=False time=0.4s]

$ java -cp /work/evo_out/Jsoup_33f/budget120_seed1/classes:/opt/defects4j/framework/projects/lib/junit-4.12-hamcrest-1.3.jar:/work/Jsoup_33b/target/classes:/work/Jsoup_33b/target/test-classes:/opt/defects4j/framework/projects/Jsoup/lib/com/google/code/gson/gson/2.7/gson-2.7.jar:/opt/defects4j/framework/projects/Jsoup/lib/commons-lang/commons-lang/2.4/commons-lang-2.4.jar:/opt/defects4j/framework/projects/Jsoup/lib/javax/servlet/javax.servlet-api/3.1.0/javax.servlet-api-3.1.0.jar:/opt/defects4j/framework/projects/Jsoup/lib/org/eclipse/jetty/jetty-http/9.2.22.v20170606/jetty-http-9.2.22.v20170606.jar:/opt/defects4j/framework/projects/Jsoup/lib/org/eclipse/jetty/jetty-http/9.2.26.v20180806/jetty-http-9.2.26.v20180806.jar:/opt/defects4j/framework/projects/Jsoup/lib/org/eclipse/jetty/jetty-http/9.2.28.v20190418/jetty-http-9.2.28.v20190418.jar:/opt/defects4j/framework/projects/Jsoup/lib/org/eclipse/jetty/jetty-io/9.2.22.v20170606/jetty-io-9.2.22.v20170606.jar:/opt/defects4j/framework/projects/Jsoup/lib/org/eclipse/jetty/jetty-io/9.2.26.v20180806/jetty-io-9.2.26.v20180806.jar:/opt/defects4j/framework/projects/Jsoup/lib/org/eclipse/jetty/jetty-io/9.2.28.v20190418/jetty-io-9.2.28.v20190418.jar:/opt/defects4j/framework/projects/Jsoup/lib/org/eclipse/jetty/jetty-security/9.2.22.v20170606/jetty-security-9.2.22.v20170606.jar:/opt/defects4j/framework/projects/Jsoup/lib/org/eclipse/jetty/jetty-security/9.2.26.v20180806/jetty-security-9.2.26.v20180806.jar:/opt/defects4j/framework/projects/Jsoup/lib/org/eclipse/jetty/jetty-security/9.2.28.v20190418/jetty-security-9.2.28.v20190418.jar:/opt/defects4j/framework/projects/Jsoup/lib/org/eclipse/jetty/jetty-server/9.2.22.v20170606/jetty-server-9.2.22.v20170606.jar:/opt/defects4j/framework/projects/Jsoup/lib/org/eclipse/jetty/jetty-server/9.2.26.v20180806/jetty-server-9.2.26.v20180806.jar:/opt/defects4j/framework/projects/Jsoup/lib/org/eclipse/jetty/jetty-server/9.2.28.v20190418/jetty-server-9.2.28.v20190418.jar:/opt/defects4j/framework/projects/Jsoup/lib/org/eclipse/jetty/jetty-servlet/9.2.22.v20170606/jetty-servlet-9.2.22.v20170606.jar:/opt/defects4j/framework/projects/Jsoup/lib/org/eclipse/jetty/jetty-servlet/9.2.26.v20180806/jetty-servlet-9.2.26.v20180806.jar:/opt/defects4j/framework/projects/Jsoup/lib/org/eclipse/jetty/jetty-servlet/9.2.28.v20190418/jetty-servlet-9.2.28.v20190418.jar:/opt/defects4j/framework/projects/Jsoup/lib/org/eclipse/jetty/jetty-util/9.2.22.v20170606/jetty-util-9.2.22.v20170606.jar:/opt/defects4j/framework/projects/Jsoup/lib/org/eclipse/jetty/jetty-util/9.2.26.v20180806/jetty-util-9.2.26.v20180806.jar:/opt/defects4j/framework/projects/Jsoup/lib/org/eclipse/jetty/jetty-util/9.2.28.v20190418/jetty-util-9.2.28.v20190418.jar:/opt/evosuite/evosuite-standalone-runtime-1.2.0.jar org.junit.runner.JUnitCore org.jsoup.parser.HtmlTreeBuilder_ESTest
JUnit version 4.12
.............................................................................................................................
Time: 1.32

OK (125 tests)

SLF4J: Failed to load class "org.slf4j.impl.StaticLoggerBinder".
SLF4J: Defaulting to no-operation (NOP) logger implementation
SLF4J: See http://www.slf4j.org/codes.html#StaticLoggerBinder for further details.
WARNING: An illegal reflective access operation has occurred
WARNING: Illegal reflective access by org.evosuite.runtime.GuiSupport (file:/opt/evosuite/evosuite-standalone-runtime-1.2.0.jar) to field java.awt.GraphicsEnvironment.headless
WARNING: Please consider reporting this to the maintainers of org.evosuite.runtime.GuiSupport
WARNING: Use --illegal-access=warn to enable warnings of further illegal reflective access operations
WARNING: All illegal access operations will be denied in a future release

[exit=0 timeout=False time=1.8s]
