
$ defects4j checkout -p Csv -v 5f -w /work/Csv_5f
Checking out 73cc5246 to /work/Csv_5f...................................... OK
Init local repository...................................................... OK
Tag post-fix revision...................................................... OK
Copy generated Ant build file.............................................. OK
Run post-checkout hook..................................................... OK
Excluding broken/flaky tests............................................... OK
Backing up build file: /work/Csv_5f/maven-build.xml........................ OK
Initialize fixed program version........................................... OK
Apply patch................................................................ OK
Initialize buggy program version........................................... OK
Diff 73cc5246:bf8f23c3..................................................... OK
Apply patch................................................................ OK
Tag pre-fix revision....................................................... OK
Check out program version: Csv-5f.......................................... OK

[exit=0 timeout=False time=3.0s]

$ defects4j compile -w /work/Csv_5f
Running ant (compile)...................................................... OK
Running ant (compile.tests)................................................ OK

[exit=0 timeout=False time=15.4s]

$ defects4j checkout -p Csv -v 5b -w /work/Csv_5b
Checking out 73cc5246 to /work/Csv_5b...................................... OK
Init local repository...................................................... OK
Tag post-fix revision...................................................... OK
Copy generated Ant build file.............................................. OK
Run post-checkout hook..................................................... OK
Excluding broken/flaky tests............................................... OK
Backing up build file: /work/Csv_5b/maven-build.xml........................ OK
Initialize fixed program version........................................... OK
Apply patch................................................................ OK
Initialize buggy program version........................................... OK
Diff 73cc5246:bf8f23c3..................................................... OK
Apply patch................................................................ OK
Tag pre-fix revision....................................................... OK
Check out program version: Csv-5b.......................................... OK

[exit=0 timeout=False time=2.5s]

$ defects4j compile -w /work/Csv_5b
Running ant (compile)...................................................... OK
Running ant (compile.tests)................................................ OK

[exit=0 timeout=False time=10.8s]

$ java -cp /work/jqwik_harness:/workspace/lib/jqwik/jqwik-1.7.4.jar:/workspace/lib/jqwik/jqwik-api-1.7.4.jar:/workspace/lib/jqwik/jqwik-engine-1.7.4.jar pbt.auto.Generate --targets org.apache.commons.csv.CSVPrinter --fixed-cp /work/Csv_5f/target/classes:/opt/defects4j/framework/projects/Csv/lib/junit/junit/4.11/junit-4.11.jar:/opt/defects4j/framework/projects/Csv/lib/org/hamcrest/hamcrest-core/1.3/hamcrest-core-1.3.jar:/opt/defects4j/framework/projects/Csv/lib/commons-io/commons-io/2.2/commons-io-2.2.jar:/opt/defects4j/framework/projects/Csv/lib/com/h2database/h2/1.3.168/h2-1.3.168.jar:/work/Csv_5f/target/test-classes:/opt/defects4j/framework/projects/lib/junit-4.12-hamcrest-1.3.jar:/opt/defects4j/framework/projects/Csv/lib/com/csvreader/1.0/javacsv.jar:/opt/defects4j/framework/projects/Csv/lib/com/generationjava/io/1.0/gj-csv-1.0.jar:/opt/defects4j/framework/projects/Csv/lib/com/h2database/h2/1.4.180/h2-1.4.180.jar:/opt/defects4j/framework/projects/Csv/lib/com/h2database/h2/1.4.181/h2-1.4.181.jar:/opt/defects4j/framework/projects/Csv/lib/com/h2database/h2/1.4.182/h2-1.4.182.jar:/opt/defects4j/framework/projects/Csv/lib/com/h2database/h2/1.4.196/h2-1.4.196.jar:/opt/defects4j/framework/projects/Csv/lib/com/h2database/h2/1.4.198/h2-1.4.198.jar:/opt/defects4j/framework/projects/Csv/lib/com/opencsv/4.0/opencsv-4.0.jar:/opt/defects4j/framework/projects/Csv/lib/commons-io/commons-io/2.4/commons-io-2.4.jar:/opt/defects4j/framework/projects/Csv/lib/commons-io/commons-io/2.5/commons-io-2.5.jar:/opt/defects4j/framework/projects/Csv/lib/commons-io/commons-io/2.6/commons-io-2.6.jar:/opt/defects4j/framework/projects/Csv/lib/junit/junit/3.8.1/junit-3.8.1.jar:/opt/defects4j/framework/projects/Csv/lib/junit/junit/4.10/junit-4.10.jar:/opt/defects4j/framework/projects/Csv/lib/junit/junit/4.12/junit-4.12.jar:/opt/defects4j/framework/projects/Csv/lib/org/apache/commons/commons-lang3/3.4/commons-lang3-3.4.jar:/opt/defects4j/framework/projects/Csv/lib/org/apache/commons/commons-lang3/3.6/commons-lang3-3.6.jar:/opt/defects4j/framework/projects/Csv/lib/org/apache/commons/commons-lang3/3.7/commons-lang3-3.7.jar:/opt/defects4j/framework/projects/Csv/lib/org/apache/commons/commons-lang3/3.8.1/commons-lang3-3.8.1.jar:/opt/defects4j/framework/projects/Csv/lib/org/hamcrest/hamcrest-core/1.1/hamcrest-core-1.1.jar:/opt/defects4j/framework/projects/Csv/lib/org/mockito/mockito-all/1.10.19/mockito-all-1.10.19.jar:/opt/defects4j/framework/projects/Csv/lib/org/mockito/mockito-all/1.9.5/mockito-all-1.9.5.jar:/opt/defects4j/framework/projects/Csv/lib/org/openjdk/jmh/1.21/jmh-core-1.21.jar:/opt/defects4j/framework/projects/Csv/lib/org/skife/csv/1.0/csv-1.0.jar:/opt/defects4j/framework/projects/Csv/lib/org/supercsv/2.4.0/super-csv-2.4.0.jar --buggy-cp /work/Csv_5b/target/classes:/opt/defects4j/framework/projects/Csv/lib/junit/junit/4.11/junit-4.11.jar:/opt/defects4j/framework/projects/Csv/lib/org/hamcrest/hamcrest-core/1.3/hamcrest-core-1.3.jar:/opt/defects4j/framework/projects/Csv/lib/commons-io/commons-io/2.2/commons-io-2.2.jar:/opt/defects4j/framework/projects/Csv/lib/com/h2database/h2/1.3.168/h2-1.3.168.jar:/work/Csv_5b/target/test-classes:/opt/defects4j/framework/projects/lib/junit-4.12-hamcrest-1.3.jar:/opt/defects4j/framework/projects/Csv/lib/com/csvreader/1.0/javacsv.jar:/opt/defects4j/framework/projects/Csv/lib/com/generationjava/io/1.0/gj-csv-1.0.jar:/opt/defects4j/framework/projects/Csv/lib/com/h2database/h2/1.4.180/h2-1.4.180.jar:/opt/defects4j/framework/projects/Csv/lib/com/h2database/h2/1.4.181/h2-1.4.181.jar:/opt/defects4j/framework/projects/Csv/lib/com/h2database/h2/1.4.182/h2-1.4.182.jar:/opt/defects4j/framework/projects/Csv/lib/com/h2database/h2/1.4.196/h2-1.4.196.jar:/opt/defects4j/framework/projects/Csv/lib/com/h2database/h2/1.4.198/h2-1.4.198.jar:/opt/defects4j/framework/projects/Csv/lib/com/opencsv/4.0/opencsv-4.0.jar:/opt/defects4j/framework/projects/Csv/lib/commons-io/commons-io/2.4/commons-io-2.4.jar:/opt/defects4j/framework/projects/Csv/lib/commons-io/commons-io/2.5/commons-io-2.5.jar:/opt/defects4j/framework/projects/Csv/lib/commons-io/commons-io/2.6/commons-io-2.6.jar:/opt/defects4j/framework/projects/Csv/lib/junit/junit/3.8.1/junit-3.8.1.jar:/opt/defects4j/framework/projects/Csv/lib/junit/junit/4.10/junit-4.10.jar:/opt/defects4j/framework/projects/Csv/lib/junit/junit/4.12/junit-4.12.jar:/opt/defects4j/framework/projects/Csv/lib/org/apache/commons/commons-lang3/3.4/commons-lang3-3.4.jar:/opt/defects4j/framework/projects/Csv/lib/org/apache/commons/commons-lang3/3.6/commons-lang3-3.6.jar:/opt/defects4j/framework/projects/Csv/lib/org/apache/commons/commons-lang3/3.7/commons-lang3-3.7.jar:/opt/defects4j/framework/projects/Csv/lib/org/apache/commons/commons-lang3/3.8.1/commons-lang3-3.8.1.jar:/opt/defects4j/framework/projects/Csv/lib/org/hamcrest/hamcrest-core/1.1/hamcrest-core-1.1.jar:/opt/defects4j/framework/projects/Csv/lib/org/mockito/mockito-all/1.10.19/mockito-all-1.10.19.jar:/opt/defects4j/framework/projects/Csv/lib/org/mockito/mockito-all/1.9.5/mockito-all-1.9.5.jar:/opt/defects4j/framework/projects/Csv/lib/org/openjdk/jmh/1.21/jmh-core-1.21.jar:/opt/defects4j/framework/projects/Csv/lib/org/skife/csv/1.0/csv-1.0.jar:/opt/defects4j/framework/projects/Csv/lib/org/supercsv/2.4.0/super-csv-2.4.0.jar --out /workspace/jqwik/Auto/Csv_5 --max-methods 150
generated test classes: 1 / 1

[exit=0 timeout=False time=0.5s]

$ javac -nowarn -encoding UTF-8 -cp /work/Csv_5f/target/classes:/opt/defects4j/framework/projects/Csv/lib/junit/junit/4.11/junit-4.11.jar:/opt/defects4j/framework/projects/Csv/lib/org/hamcrest/hamcrest-core/1.3/hamcrest-core-1.3.jar:/opt/defects4j/framework/projects/Csv/lib/commons-io/commons-io/2.2/commons-io-2.2.jar:/opt/defects4j/framework/projects/Csv/lib/com/h2database/h2/1.3.168/h2-1.3.168.jar:/work/Csv_5f/target/test-classes:/opt/defects4j/framework/projects/lib/junit-4.12-hamcrest-1.3.jar:/opt/defects4j/framework/projects/Csv/lib/com/csvreader/1.0/javacsv.jar:/opt/defects4j/framework/projects/Csv/lib/com/generationjava/io/1.0/gj-csv-1.0.jar:/opt/defects4j/framework/projects/Csv/lib/com/h2database/h2/1.4.180/h2-1.4.180.jar:/opt/defects4j/framework/projects/Csv/lib/com/h2database/h2/1.4.181/h2-1.4.181.jar:/opt/defects4j/framework/projects/Csv/lib/com/h2database/h2/1.4.182/h2-1.4.182.jar:/opt/defects4j/framework/projects/Csv/lib/com/h2database/h2/1.4.196/h2-1.4.196.jar:/opt/defects4j/framework/projects/Csv/lib/com/h2database/h2/1.4.198/h2-1.4.198.jar:/opt/defects4j/framework/projects/Csv/lib/com/opencsv/4.0/opencsv-4.0.jar:/opt/defects4j/framework/projects/Csv/lib/commons-io/commons-io/2.4/commons-io-2.4.jar:/opt/defects4j/framework/projects/Csv/lib/commons-io/commons-io/2.5/commons-io-2.5.jar:/opt/defects4j/framework/projects/Csv/lib/commons-io/commons-io/2.6/commons-io-2.6.jar:/opt/defects4j/framework/projects/Csv/lib/junit/junit/3.8.1/junit-3.8.1.jar:/opt/defects4j/framework/projects/Csv/lib/junit/junit/4.10/junit-4.10.jar:/opt/defects4j/framework/projects/Csv/lib/junit/junit/4.12/junit-4.12.jar:/opt/defects4j/framework/projects/Csv/lib/org/apache/commons/commons-lang3/3.4/commons-lang3-3.4.jar:/opt/defects4j/framework/projects/Csv/lib/org/apache/commons/commons-lang3/3.6/commons-lang3-3.6.jar:/opt/defects4j/framework/projects/Csv/lib/org/apache/commons/commons-lang3/3.7/commons-lang3-3.7.jar:/opt/defects4j/framework/projects/Csv/lib/org/apache/commons/commons-lang3/3.8.1/commons-lang3-3.8.1.jar:/opt/defects4j/framework/projects/Csv/lib/org/hamcrest/hamcrest-core/1.1/hamcrest-core-1.1.jar:/opt/defects4j/framework/projects/Csv/lib/org/mockito/mockito-all/1.10.19/mockito-all-1.10.19.jar:/opt/defects4j/framework/projects/Csv/lib/org/mockito/mockito-all/1.9.5/mockito-all-1.9.5.jar:/opt/defects4j/framework/projects/Csv/lib/org/openjdk/jmh/1.21/jmh-core-1.21.jar:/opt/defects4j/framework/projects/Csv/lib/org/skife/csv/1.0/csv-1.0.jar:/opt/defects4j/framework/projects/Csv/lib/org/supercsv/2.4.0/super-csv-2.4.0.jar:/work/jqwik_harness:/workspace/lib/jqwik/jqwik-1.7.4.jar:/workspace/lib/jqwik/jqwik-api-1.7.4.jar:/workspace/lib/jqwik/jqwik-engine-1.7.4.jar -d /work/jqwik_out/Csv_5/auto_round1_tries200_seed1/classes_f /workspace/jqwik/Auto/Csv_5/org/apache/commons/csv/CSVPrinter_AutoPbtTest.java

[exit=0 timeout=False time=2.4s]

$ javac -nowarn -encoding UTF-8 -cp /work/Csv_5b/target/classes:/opt/defects4j/framework/projects/Csv/lib/junit/junit/4.11/junit-4.11.jar:/opt/defects4j/framework/projects/Csv/lib/org/hamcrest/hamcrest-core/1.3/hamcrest-core-1.3.jar:/opt/defects4j/framework/projects/Csv/lib/commons-io/commons-io/2.2/commons-io-2.2.jar:/opt/defects4j/framework/projects/Csv/lib/com/h2database/h2/1.3.168/h2-1.3.168.jar:/work/Csv_5b/target/test-classes:/opt/defects4j/framework/projects/lib/junit-4.12-hamcrest-1.3.jar:/opt/defects4j/framework/projects/Csv/lib/com/csvreader/1.0/javacsv.jar:/opt/defects4j/framework/projects/Csv/lib/com/generationjava/io/1.0/gj-csv-1.0.jar:/opt/defects4j/framework/projects/Csv/lib/com/h2database/h2/1.4.180/h2-1.4.180.jar:/opt/defects4j/framework/projects/Csv/lib/com/h2database/h2/1.4.181/h2-1.4.181.jar:/opt/defects4j/framework/projects/Csv/lib/com/h2database/h2/1.4.182/h2-1.4.182.jar:/opt/defects4j/framework/projects/Csv/lib/com/h2database/h2/1.4.196/h2-1.4.196.jar:/opt/defects4j/framework/projects/Csv/lib/com/h2database/h2/1.4.198/h2-1.4.198.jar:/opt/defects4j/framework/projects/Csv/lib/com/opencsv/4.0/opencsv-4.0.jar:/opt/defects4j/framework/projects/Csv/lib/commons-io/commons-io/2.4/commons-io-2.4.jar:/opt/defects4j/framework/projects/Csv/lib/commons-io/commons-io/2.5/commons-io-2.5.jar:/opt/defects4j/framework/projects/Csv/lib/commons-io/commons-io/2.6/commons-io-2.6.jar:/opt/defects4j/framework/projects/Csv/lib/junit/junit/3.8.1/junit-3.8.1.jar:/opt/defects4j/framework/projects/Csv/lib/junit/junit/4.10/junit-4.10.jar:/opt/defects4j/framework/projects/Csv/lib/junit/junit/4.12/junit-4.12.jar:/opt/defects4j/framework/projects/Csv/lib/org/apache/commons/commons-lang3/3.4/commons-lang3-3.4.jar:/opt/defects4j/framework/projects/Csv/lib/org/apache/commons/commons-lang3/3.6/commons-lang3-3.6.jar:/opt/defects4j/framework/projects/Csv/lib/org/apache/commons/commons-lang3/3.7/commons-lang3-3.7.jar:/opt/defects4j/framework/projects/Csv/lib/org/apache/commons/commons-lang3/3.8.1/commons-lang3-3.8.1.jar:/opt/defects4j/framework/projects/Csv/lib/org/hamcrest/hamcrest-core/1.1/hamcrest-core-1.1.jar:/opt/defects4j/framework/projects/Csv/lib/org/mockito/mockito-all/1.10.19/mockito-all-1.10.19.jar:/opt/defects4j/framework/projects/Csv/lib/org/mockito/mockito-all/1.9.5/mockito-all-1.9.5.jar:/opt/defects4j/framework/projects/Csv/lib/org/openjdk/jmh/1.21/jmh-core-1.21.jar:/opt/defects4j/framework/projects/Csv/lib/org/skife/csv/1.0/csv-1.0.jar:/opt/defects4j/framework/projects/Csv/lib/org/supercsv/2.4.0/super-csv-2.4.0.jar:/work/jqwik_harness:/workspace/lib/jqwik/jqwik-1.7.4.jar:/workspace/lib/jqwik/jqwik-api-1.7.4.jar:/workspace/lib/jqwik/jqwik-engine-1.7.4.jar -d /work/jqwik_out/Csv_5/auto_round1_tries200_seed1/classes_b /workspace/jqwik/Auto/Csv_5/org/apache/commons/csv/CSVPrinter_AutoPbtTest.java

[exit=0 timeout=False time=2.9s]

$ java -Djava.awt.headless=true -Xss4m -Xmx1g -Dpbt.seed=1 -Dpbt.tries=200 -Dpbt.snapshot.dir=/work/jqwik_out/Csv_5/auto_round1_tries200_seed1/snapshots -Dpbt.propertyBudgetMs=5000 -Dpbt.mask=/work/Csv_5f:/work/Csv_5b:/work/jqwik_out/Csv_5/auto_round1_tries200_seed1/classes_f:/work/jqwik_out/Csv_5/auto_round1_tries200_seed1/classes_b -Dpbt.mode=record -jar /workspace/lib/jqwik/junit-platform-console-standalone-1.9.3.jar --disable-banner --details tree --class-path /work/jqwik_out/Csv_5/auto_round1_tries200_seed1/classes_f:/work/Csv_5f/target/classes:/opt/defects4j/framework/projects/Csv/lib/junit/junit/4.11/junit-4.11.jar:/opt/defects4j/framework/projects/Csv/lib/org/hamcrest/hamcrest-core/1.3/hamcrest-core-1.3.jar:/opt/defects4j/framework/projects/Csv/lib/commons-io/commons-io/2.2/commons-io-2.2.jar:/opt/defects4j/framework/projects/Csv/lib/com/h2database/h2/1.3.168/h2-1.3.168.jar:/work/Csv_5f/target/test-classes:/opt/defects4j/framework/projects/lib/junit-4.12-hamcrest-1.3.jar:/opt/defects4j/framework/projects/Csv/lib/com/csvreader/1.0/javacsv.jar:/opt/defects4j/framework/projects/Csv/lib/com/generationjava/io/1.0/gj-csv-1.0.jar:/opt/defects4j/framework/projects/Csv/lib/com/h2database/h2/1.4.180/h2-1.4.180.jar:/opt/defects4j/framework/projects/Csv/lib/com/h2database/h2/1.4.181/h2-1.4.181.jar:/opt/defects4j/framework/projects/Csv/lib/com/h2database/h2/1.4.182/h2-1.4.182.jar:/opt/defects4j/framework/projects/Csv/lib/com/h2database/h2/1.4.196/h2-1.4.196.jar:/opt/defects4j/framework/projects/Csv/lib/com/h2database/h2/1.4.198/h2-1.4.198.jar:/opt/defects4j/framework/projects/Csv/lib/com/opencsv/4.0/opencsv-4.0.jar:/opt/defects4j/framework/projects/Csv/lib/commons-io/commons-io/2.4/commons-io-2.4.jar:/opt/defects4j/framework/projects/Csv/lib/commons-io/commons-io/2.5/commons-io-2.5.jar:/opt/defects4j/framework/projects/Csv/lib/commons-io/commons-io/2.6/commons-io-2.6.jar:/opt/defects4j/framework/projects/Csv/lib/junit/junit/3.8.1/junit-3.8.1.jar:/opt/defects4j/framework/projects/Csv/lib/junit/junit/4.10/junit-4.10.jar:/opt/defects4j/framework/projects/Csv/lib/junit/junit/4.12/junit-4.12.jar:/opt/defects4j/framework/projects/Csv/lib/org/apache/commons/commons-lang3/3.4/commons-lang3-3.4.jar:/opt/defects4j/framework/projects/Csv/lib/org/apache/commons/commons-lang3/3.6/commons-lang3-3.6.jar:/opt/defects4j/framework/projects/Csv/lib/org/apache/commons/commons-lang3/3.7/commons-lang3-3.7.jar:/opt/defects4j/framework/projects/Csv/lib/org/apache/commons/commons-lang3/3.8.1/commons-lang3-3.8.1.jar:/opt/defects4j/framework/projects/Csv/lib/org/hamcrest/hamcrest-core/1.1/hamcrest-core-1.1.jar:/opt/defects4j/framework/projects/Csv/lib/org/mockito/mockito-all/1.10.19/mockito-all-1.10.19.jar:/opt/defects4j/framework/projects/Csv/lib/org/mockito/mockito-all/1.9.5/mockito-all-1.9.5.jar:/opt/defects4j/framework/projects/Csv/lib/org/openjdk/jmh/1.21/jmh-core-1.21.jar:/opt/defects4j/framework/projects/Csv/lib/org/skife/csv/1.0/csv-1.0.jar:/opt/defects4j/framework/projects/Csv/lib/org/supercsv/2.4.0/super-csv-2.4.0.jar:/work/jqwik_harness:/workspace/lib/jqwik/jqwik-1.7.4.jar:/workspace/lib/jqwik/jqwik-api-1.7.4.jar:/workspace/lib/jqwik/jqwik-engine-1.7.4.jar --scan-class-path /work/jqwik_out/Csv_5/auto_round1_tries200_seed1/classes_f --include-classname .* --include-engine jqwik --config jqwik.database=/workspace/jqwik/Result_auto_Round1/Csv_5/tries200_seed1/reports_record/jqwik-database --config jqwik.tries.default=200 --reports-dir /workspace/jqwik/Result_auto_Round1/Csv_5/tries200_seed1/reports_record
lure = SAMPLE_FIRST  | try previously failed sample, then previous seed
when-fixed-seed = ALLOW       | fixing the random seed is allowed
edge-cases#mode = NONE        | edge cases are not explicitly generated
seed = 1                      | random seed to reproduce generated values


timestamp = 2026-09-27T04:32:00.861508, CSVPrinter AutoPbtTest:m010 println = 
                              |-----------------------jqwik-----------------------
tries = 200                   | # of calls to property
checks = 200                  | # of not rejected calls
generation = RANDOMIZED       | parameters are randomly generated
after-failure = SAMPLE_FIRST  | try previously failed sample, then previous seed
when-fixed-seed = ALLOW       | fixing the random seed is allowed
edge-cases#mode = NONE        | edge cases are not explicitly generated
seed = 1                      | random seed to reproduce generated values


timestamp = 2026-09-27T04:32:01.267712, CSVPrinter AutoPbtTest:m006 printRecord = 
                              |-----------------------jqwik-----------------------
tries = 200                   | # of calls to property
checks = 200                  | # of not rejected calls
generation = RANDOMIZED       | parameters are randomly generated
after-failure = SAMPLE_FIRST  | try previously failed sample, then previous seed
when-fixed-seed = ALLOW       | fixing the random seed is allowed
edge-cases#mode = NONE        | edge cases are not explicitly generated
seed = 1                      | random seed to reproduce generated values


timestamp = 2026-09-27T04:32:01.585084, CSVPrinter AutoPbtTest:m005 printRecord = 
                              |-----------------------jqwik-----------------------
tries = 200                   | # of calls to property
checks = 200                  | # of not rejected calls
generation = RANDOMIZED       | parameters are randomly generated
after-failure = SAMPLE_FIRST  | try previously failed sample, then previous seed
when-fixed-seed = ALLOW       | fixing the random seed is allowed
edge-cases#mode = NONE        | edge cases are not explicitly generated
seed = 1                      | random seed to reproduce generated values


timestamp = 2026-09-27T04:32:01.882979, CSVPrinter AutoPbtTest:m003 print = 
                              |-----------------------jqwik-----------------------
tries = 200                   | # of calls to property
checks = 200                  | # of not rejected calls
generation = RANDOMIZED       | parameters are randomly generated
after-failure = SAMPLE_FIRST  | try previously failed sample, then previous seed
when-fixed-seed = ALLOW       | fixing the random seed is allowed
edge-cases#mode = NONE        | edge cases are not explicitly generated
seed = 1                      | random seed to reproduce generated values


[36m╷[0m
[36m└─[0m [36mjqwik (JUnit Platform)[0m [32m✔[0m
[36m   └─[0m [36mCSVPrinter AutoPbtTest[0m [32m✔[0m
[36m      ├─[0m [34mm009 printRecords[0m [32m✔[0m
[36m      ├─[0m [34mm002 getOut[0m [32m✔[0m
[36m      ├─[0m [34mm008 printRecords[0m [32m✔[0m
[36m      ├─[0m [34mm007 printRecords[0m [32m✔[0m
[36m      ├─[0m [34mm000 close[0m [32m✔[0m
[36m      ├─[0m [34mm001 flush[0m [32m✔[0m
[36m      ├─[0m [34mm004 printComment[0m [32m✔[0m
[36m      ├─[0m [34mm010 println[0m [32m✔[0m
[36m      ├─[0m [34mm006 printRecord[0m [32m✔[0m
[36m      ├─[0m [34mm005 printRecord[0m [32m✔[0m
[36m      └─[0m [34mm003 print[0m [32m✔[0m

Test run finished after 6998 ms
[         2 containers found      ]
[         0 containers skipped    ]
[         2 containers started    ]
[         0 containers aborted    ]
[         2 containers successful ]
[         0 containers failed     ]
[        11 tests found           ]
[         0 tests skipped         ]
[        11 tests started         ]
[         0 tests aborted         ]
[        11 tests successful      ]
[         0 tests failed          ]


[exit=0 timeout=False time=10.2s]

$ java -Djava.awt.headless=true -Xss4m -Xmx1g -Dpbt.seed=1 -Dpbt.tries=200 -Dpbt.snapshot.dir=/work/jqwik_out/Csv_5/auto_round1_tries200_seed1/snapshots -Dpbt.propertyBudgetMs=5000 -Dpbt.mask=/work/Csv_5f:/work/Csv_5b:/work/jqwik_out/Csv_5/auto_round1_tries200_seed1/classes_f:/work/jqwik_out/Csv_5/auto_round1_tries200_seed1/classes_b -Dpbt.mode=check -javaagent:/opt/jacoco/lib/jacocoagent.jar=destfile=/workspace/jqwik/Result_auto_Round1/Csv_5/tries200_seed1/jacoco.exec -jar /workspace/lib/jqwik/junit-platform-console-standalone-1.9.3.jar --disable-banner --details tree --class-path /work/jqwik_out/Csv_5/auto_round1_tries200_seed1/classes_f:/work/Csv_5f/target/classes:/opt/defects4j/framework/projects/Csv/lib/junit/junit/4.11/junit-4.11.jar:/opt/defects4j/framework/projects/Csv/lib/org/hamcrest/hamcrest-core/1.3/hamcrest-core-1.3.jar:/opt/defects4j/framework/projects/Csv/lib/commons-io/commons-io/2.2/commons-io-2.2.jar:/opt/defects4j/framework/projects/Csv/lib/com/h2database/h2/1.3.168/h2-1.3.168.jar:/work/Csv_5f/target/test-classes:/opt/defects4j/framework/projects/lib/junit-4.12-hamcrest-1.3.jar:/opt/defects4j/framework/projects/Csv/lib/com/csvreader/1.0/javacsv.jar:/opt/defects4j/framework/projects/Csv/lib/com/generationjava/io/1.0/gj-csv-1.0.jar:/opt/defects4j/framework/projects/Csv/lib/com/h2database/h2/1.4.180/h2-1.4.180.jar:/opt/defects4j/framework/projects/Csv/lib/com/h2database/h2/1.4.181/h2-1.4.181.jar:/opt/defects4j/framework/projects/Csv/lib/com/h2database/h2/1.4.182/h2-1.4.182.jar:/opt/defects4j/framework/projects/Csv/lib/com/h2database/h2/1.4.196/h2-1.4.196.jar:/opt/defects4j/framework/projects/Csv/lib/com/h2database/h2/1.4.198/h2-1.4.198.jar:/opt/defects4j/framework/projects/Csv/lib/com/opencsv/4.0/opencsv-4.0.jar:/opt/defects4j/framework/projects/Csv/lib/commons-io/commons-io/2.4/commons-io-2.4.jar:/opt/defects4j/framework/projects/Csv/lib/commons-io/commons-io/2.5/commons-io-2.5.jar:/opt/defects4j/framework/projects/Csv/lib/commons-io/commons-io/2.6/commons-io-2.6.jar:/opt/defects4j/framework/projects/Csv/lib/junit/junit/3.8.1/junit-3.8.1.jar:/opt/defects4j/framework/projects/Csv/lib/junit/junit/4.10/junit-4.10.jar:/opt/defects4j/framework/projects/Csv/lib/junit/junit/4.12/junit-4.12.jar:/opt/defects4j/framework/projects/Csv/lib/org/apache/commons/commons-lang3/3.4/commons-lang3-3.4.jar:/opt/defects4j/framework/projects/Csv/lib/org/apache/commons/commons-lang3/3.6/commons-lang3-3.6.jar:/opt/defects4j/framework/projects/Csv/lib/org/apache/commons/commons-lang3/3.7/commons-lang3-3.7.jar:/opt/defects4j/framework/projects/Csv/lib/org/apache/commons/commons-lang3/3.8.1/commons-lang3-3.8.1.jar:/opt/defects4j/framework/projects/Csv/lib/org/hamcrest/hamcrest-core/1.1/hamcrest-core-1.1.jar:/opt/defects4j/framework/projects/Csv/lib/org/mockito/mockito-all/1.10.19/mockito-all-1.10.19.jar:/opt/defects4j/framework/projects/Csv/lib/org/mockito/mockito-all/1.9.5/mockito-all-1.9.5.jar:/opt/defects4j/framework/projects/Csv/lib/org/openjdk/jmh/1.21/jmh-core-1.21.jar:/opt/defects4j/framework/projects/Csv/lib/org/skife/csv/1.0/csv-1.0.jar:/opt/defects4j/framework/projects/Csv/lib/org/supercsv/2.4.0/super-csv-2.4.0.jar:/work/jqwik_harness:/workspace/lib/jqwik/jqwik-1.7.4.jar:/workspace/lib/jqwik/jqwik-api-1.7.4.jar:/workspace/lib/jqwik/jqwik-engine-1.7.4.jar --scan-class-path /work/jqwik_out/Csv_5/auto_round1_tries200_seed1/classes_f --include-classname .* --include-engine jqwik --config jqwik.database=/workspace/jqwik/Result_auto_Round1/Csv_5/tries200_seed1/reports_fixed/jqwik-database --config jqwik.tries.default=200 --reports-dir /workspace/jqwik/Result_auto_Round1/Csv_5/tries200_seed1/reports_fixed
lure = SAMPLE_FIRST  | try previously failed sample, then previous seed
when-fixed-seed = ALLOW       | fixing the random seed is allowed
edge-cases#mode = NONE        | edge cases are not explicitly generated
seed = 1                      | random seed to reproduce generated values


timestamp = 2026-09-27T04:32:16.875956, CSVPrinter AutoPbtTest:m010 println = 
                              |-----------------------jqwik-----------------------
tries = 200                   | # of calls to property
checks = 200                  | # of not rejected calls
generation = RANDOMIZED       | parameters are randomly generated
after-failure = SAMPLE_FIRST  | try previously failed sample, then previous seed
when-fixed-seed = ALLOW       | fixing the random seed is allowed
edge-cases#mode = NONE        | edge cases are not explicitly generated
seed = 1                      | random seed to reproduce generated values


timestamp = 2026-09-27T04:32:17.043808, CSVPrinter AutoPbtTest:m006 printRecord = 
                              |-----------------------jqwik-----------------------
tries = 200                   | # of calls to property
checks = 200                  | # of not rejected calls
generation = RANDOMIZED       | parameters are randomly generated
after-failure = SAMPLE_FIRST  | try previously failed sample, then previous seed
when-fixed-seed = ALLOW       | fixing the random seed is allowed
edge-cases#mode = NONE        | edge cases are not explicitly generated
seed = 1                      | random seed to reproduce generated values


timestamp = 2026-09-27T04:32:17.197871, CSVPrinter AutoPbtTest:m005 printRecord = 
                              |-----------------------jqwik-----------------------
tries = 200                   | # of calls to property
checks = 200                  | # of not rejected calls
generation = RANDOMIZED       | parameters are randomly generated
after-failure = SAMPLE_FIRST  | try previously failed sample, then previous seed
when-fixed-seed = ALLOW       | fixing the random seed is allowed
edge-cases#mode = NONE        | edge cases are not explicitly generated
seed = 1                      | random seed to reproduce generated values


timestamp = 2026-09-27T04:32:17.310653, CSVPrinter AutoPbtTest:m003 print = 
                              |-----------------------jqwik-----------------------
tries = 200                   | # of calls to property
checks = 200                  | # of not rejected calls
generation = RANDOMIZED       | parameters are randomly generated
after-failure = SAMPLE_FIRST  | try previously failed sample, then previous seed
when-fixed-seed = ALLOW       | fixing the random seed is allowed
edge-cases#mode = NONE        | edge cases are not explicitly generated
seed = 1                      | random seed to reproduce generated values


[36m╷[0m
[36m└─[0m [36mjqwik (JUnit Platform)[0m [32m✔[0m
[36m   └─[0m [36mCSVPrinter AutoPbtTest[0m [32m✔[0m
[36m      ├─[0m [34mm009 printRecords[0m [32m✔[0m
[36m      ├─[0m [34mm002 getOut[0m [32m✔[0m
[36m      ├─[0m [34mm008 printRecords[0m [32m✔[0m
[36m      ├─[0m [34mm007 printRecords[0m [32m✔[0m
[36m      ├─[0m [34mm000 close[0m [32m✔[0m
[36m      ├─[0m [34mm001 flush[0m [32m✔[0m
[36m      ├─[0m [34mm004 printComment[0m [32m✔[0m
[36m      ├─[0m [34mm010 println[0m [32m✔[0m
[36m      ├─[0m [34mm006 printRecord[0m [32m✔[0m
[36m      ├─[0m [34mm005 printRecord[0m [32m✔[0m
[36m      └─[0m [34mm003 print[0m [32m✔[0m

Test run finished after 8877 ms
[         2 containers found      ]
[         0 containers skipped    ]
[         2 containers started    ]
[         0 containers aborted    ]
[         2 containers successful ]
[         0 containers failed     ]
[        11 tests found           ]
[         0 tests skipped         ]
[        11 tests started         ]
[         0 tests aborted         ]
[        11 tests successful      ]
[         0 tests failed          ]


[exit=0 timeout=False time=25.1s]

$ java -jar /opt/jacoco/lib/jacococli.jar report /workspace/jqwik/Result_auto_Round1/Csv_5/tries200_seed1/jacoco.exec --classfiles /work/Csv_5f/target/classes --csv /workspace/jqwik/Result_auto_Round1/Csv_5/tries200_seed1/jacoco.csv
[INFO] Loading execution data file /workspace/jqwik/Result_auto_Round1/Csv_5/tries200_seed1/jacoco.exec.
[INFO] Analyzing 12 classes.

[exit=0 timeout=False time=0.5s]

$ java -Djava.awt.headless=true -Xss4m -Xmx1g -Dpbt.seed=1 -Dpbt.tries=200 -Dpbt.snapshot.dir=/work/jqwik_out/Csv_5/auto_round1_tries200_seed1/snapshots -Dpbt.propertyBudgetMs=5000 -Dpbt.mask=/work/Csv_5f:/work/Csv_5b:/work/jqwik_out/Csv_5/auto_round1_tries200_seed1/classes_f:/work/jqwik_out/Csv_5/auto_round1_tries200_seed1/classes_b -Dpbt.mode=check -jar /workspace/lib/jqwik/junit-platform-console-standalone-1.9.3.jar --disable-banner --details tree --class-path /work/jqwik_out/Csv_5/auto_round1_tries200_seed1/classes_b:/work/Csv_5b/target/classes:/opt/defects4j/framework/projects/Csv/lib/junit/junit/4.11/junit-4.11.jar:/opt/defects4j/framework/projects/Csv/lib/org/hamcrest/hamcrest-core/1.3/hamcrest-core-1.3.jar:/opt/defects4j/framework/projects/Csv/lib/commons-io/commons-io/2.2/commons-io-2.2.jar:/opt/defects4j/framework/projects/Csv/lib/com/h2database/h2/1.3.168/h2-1.3.168.jar:/work/Csv_5b/target/test-classes:/opt/defects4j/framework/projects/lib/junit-4.12-hamcrest-1.3.jar:/opt/defects4j/framework/projects/Csv/lib/com/csvreader/1.0/javacsv.jar:/opt/defects4j/framework/projects/Csv/lib/com/generationjava/io/1.0/gj-csv-1.0.jar:/opt/defects4j/framework/projects/Csv/lib/com/h2database/h2/1.4.180/h2-1.4.180.jar:/opt/defects4j/framework/projects/Csv/lib/com/h2database/h2/1.4.181/h2-1.4.181.jar:/opt/defects4j/framework/projects/Csv/lib/com/h2database/h2/1.4.182/h2-1.4.182.jar:/opt/defects4j/framework/projects/Csv/lib/com/h2database/h2/1.4.196/h2-1.4.196.jar:/opt/defects4j/framework/projects/Csv/lib/com/h2database/h2/1.4.198/h2-1.4.198.jar:/opt/defects4j/framework/projects/Csv/lib/com/opencsv/4.0/opencsv-4.0.jar:/opt/defects4j/framework/projects/Csv/lib/commons-io/commons-io/2.4/commons-io-2.4.jar:/opt/defects4j/framework/projects/Csv/lib/commons-io/commons-io/2.5/commons-io-2.5.jar:/opt/defects4j/framework/projects/Csv/lib/commons-io/commons-io/2.6/commons-io-2.6.jar:/opt/defects4j/framework/projects/Csv/lib/junit/junit/3.8.1/junit-3.8.1.jar:/opt/defects4j/framework/projects/Csv/lib/junit/junit/4.10/junit-4.10.jar:/opt/defects4j/framework/projects/Csv/lib/junit/junit/4.12/junit-4.12.jar:/opt/defects4j/framework/projects/Csv/lib/org/apache/commons/commons-lang3/3.4/commons-lang3-3.4.jar:/opt/defects4j/framework/projects/Csv/lib/org/apache/commons/commons-lang3/3.6/commons-lang3-3.6.jar:/opt/defects4j/framework/projects/Csv/lib/org/apache/commons/commons-lang3/3.7/commons-lang3-3.7.jar:/opt/defects4j/framework/projects/Csv/lib/org/apache/commons/commons-lang3/3.8.1/commons-lang3-3.8.1.jar:/opt/defects4j/framework/projects/Csv/lib/org/hamcrest/hamcrest-core/1.1/hamcrest-core-1.1.jar:/opt/defects4j/framework/projects/Csv/lib/org/mockito/mockito-all/1.10.19/mockito-all-1.10.19.jar:/opt/defects4j/framework/projects/Csv/lib/org/mockito/mockito-all/1.9.5/mockito-all-1.9.5.jar:/opt/defects4j/framework/projects/Csv/lib/org/openjdk/jmh/1.21/jmh-core-1.21.jar:/opt/defects4j/framework/projects/Csv/lib/org/skife/csv/1.0/csv-1.0.jar:/opt/defects4j/framework/projects/Csv/lib/org/supercsv/2.4.0/super-csv-2.4.0.jar:/work/jqwik_harness:/workspace/lib/jqwik/jqwik-1.7.4.jar:/workspace/lib/jqwik/jqwik-api-1.7.4.jar:/workspace/lib/jqwik/jqwik-engine-1.7.4.jar --scan-class-path /work/jqwik_out/Csv_5/auto_round1_tries200_seed1/classes_b --include-classname .* --include-engine jqwik --config jqwik.database=/workspace/jqwik/Result_auto_Round1/Csv_5/tries200_seed1/reports_buggy/jqwik-database --config jqwik.tries.default=200 --reports-dir /workspace/jqwik/Result_auto_Round1/Csv_5/tries200_seed1/reports_buggy
lure = SAMPLE_FIRST  | try previously failed sample, then previous seed
when-fixed-seed = ALLOW       | fixing the random seed is allowed
edge-cases#mode = NONE        | edge cases are not explicitly generated
seed = 1                      | random seed to reproduce generated values


timestamp = 2026-09-27T04:32:35.631496, CSVPrinter AutoPbtTest:m010 println = 
                              |-----------------------jqwik-----------------------
tries = 200                   | # of calls to property
checks = 200                  | # of not rejected calls
generation = RANDOMIZED       | parameters are randomly generated
after-failure = SAMPLE_FIRST  | try previously failed sample, then previous seed
when-fixed-seed = ALLOW       | fixing the random seed is allowed
edge-cases#mode = NONE        | edge cases are not explicitly generated
seed = 1                      | random seed to reproduce generated values


timestamp = 2026-09-27T04:32:35.766862, CSVPrinter AutoPbtTest:m006 printRecord = 
                              |-----------------------jqwik-----------------------
tries = 200                   | # of calls to property
checks = 200                  | # of not rejected calls
generation = RANDOMIZED       | parameters are randomly generated
after-failure = SAMPLE_FIRST  | try previously failed sample, then previous seed
when-fixed-seed = ALLOW       | fixing the random seed is allowed
edge-cases#mode = NONE        | edge cases are not explicitly generated
seed = 1                      | random seed to reproduce generated values


timestamp = 2026-09-27T04:32:35.940201, CSVPrinter AutoPbtTest:m005 printRecord = 
                              |-----------------------jqwik-----------------------
tries = 200                   | # of calls to property
checks = 200                  | # of not rejected calls
generation = RANDOMIZED       | parameters are randomly generated
after-failure = SAMPLE_FIRST  | try previously failed sample, then previous seed
when-fixed-seed = ALLOW       | fixing the random seed is allowed
edge-cases#mode = NONE        | edge cases are not explicitly generated
seed = 1                      | random seed to reproduce generated values


timestamp = 2026-09-27T04:32:36.337007, CSVPrinter AutoPbtTest:m003 print = 
                              |-----------------------jqwik-----------------------
tries = 200                   | # of calls to property
checks = 200                  | # of not rejected calls
generation = RANDOMIZED       | parameters are randomly generated
after-failure = SAMPLE_FIRST  | try previously failed sample, then previous seed
when-fixed-seed = ALLOW       | fixing the random seed is allowed
edge-cases#mode = NONE        | edge cases are not explicitly generated
seed = 1                      | random seed to reproduce generated values


[36m╷[0m
[36m└─[0m [36mjqwik (JUnit Platform)[0m [32m✔[0m
[36m   └─[0m [36mCSVPrinter AutoPbtTest[0m [32m✔[0m
[36m      ├─[0m [34mm009 printRecords[0m [32m✔[0m
[36m      ├─[0m [34mm002 getOut[0m [32m✔[0m
[36m      ├─[0m [34mm008 printRecords[0m [32m✔[0m
[36m      ├─[0m [34mm007 printRecords[0m [32m✔[0m
[36m      ├─[0m [34mm000 close[0m [32m✔[0m
[36m      ├─[0m [34mm001 flush[0m [32m✔[0m
[36m      ├─[0m [34mm004 printComment[0m [32m✔[0m
[36m      ├─[0m [34mm010 println[0m [32m✔[0m
[36m      ├─[0m [34mm006 printRecord[0m [32m✔[0m
[36m      ├─[0m [34mm005 printRecord[0m [32m✔[0m
[36m      └─[0m [34mm003 print[0m [32m✔[0m

Test run finished after 5606 ms
[         2 containers found      ]
[         0 containers skipped    ]
[         2 containers started    ]
[         0 containers aborted    ]
[         2 containers successful ]
[         0 containers failed     ]
[        11 tests found           ]
[         0 tests skipped         ]
[        11 tests started         ]
[         0 tests aborted         ]
[        11 tests successful      ]
[         0 tests failed          ]


[exit=0 timeout=False time=7.7s]
