
$ javac -nowarn -encoding UTF-8 -cp /work/Time_22f/build/classes:/opt/defects4j/framework/projects/Time/lib/joda-convert-1.2.jar:/work/Time_22f/build/tests:/opt/defects4j/framework/projects/lib/junit-4.12-hamcrest-1.3.jar:/work/Time_22f/src/test/java:/work/jqwik_harness:/workspace/lib/jqwik/jqwik-1.7.4.jar:/workspace/lib/jqwik/jqwik-api-1.7.4.jar:/workspace/lib/jqwik/jqwik-engine-1.7.4.jar -d /work/jqwik_out/Time_22/auto_round2_tries1000_seed1/classes_f /workspace/jqwik/Auto/Time_22/org/joda/time/base/BasePeriod_AutoPbtTest.java

[exit=0 timeout=False time=0.8s]

$ javac -nowarn -encoding UTF-8 -cp /work/Time_22b/build/classes:/opt/defects4j/framework/projects/Time/lib/joda-convert-1.2.jar:/work/Time_22b/build/tests:/opt/defects4j/framework/projects/lib/junit-4.12-hamcrest-1.3.jar:/work/Time_22b/src/test/java:/work/jqwik_harness:/workspace/lib/jqwik/jqwik-1.7.4.jar:/workspace/lib/jqwik/jqwik-api-1.7.4.jar:/workspace/lib/jqwik/jqwik-engine-1.7.4.jar -d /work/jqwik_out/Time_22/auto_round2_tries1000_seed1/classes_b /workspace/jqwik/Auto/Time_22/org/joda/time/base/BasePeriod_AutoPbtTest.java

[exit=0 timeout=False time=0.8s]

$ java -Djava.awt.headless=true -Xss4m -Xmx1g -Dpbt.seed=1 -Dpbt.tries=1000 -Dpbt.snapshot.dir=/work/jqwik_out/Time_22/auto_round2_tries1000_seed1/snapshots -Dpbt.propertyBudgetMs=5000 -Dpbt.mask=/work/Time_22f:/work/Time_22b:/work/jqwik_out/Time_22/auto_round2_tries1000_seed1/classes_f:/work/jqwik_out/Time_22/auto_round2_tries1000_seed1/classes_b -Dpbt.mode=record -jar /workspace/lib/jqwik/junit-platform-console-standalone-1.9.3.jar --disable-banner --details tree --class-path /work/jqwik_out/Time_22/auto_round2_tries1000_seed1/classes_f:/work/Time_22f/build/classes:/opt/defects4j/framework/projects/Time/lib/joda-convert-1.2.jar:/work/Time_22f/build/tests:/opt/defects4j/framework/projects/lib/junit-4.12-hamcrest-1.3.jar:/work/Time_22f/src/test/java:/work/jqwik_harness:/workspace/lib/jqwik/jqwik-1.7.4.jar:/workspace/lib/jqwik/jqwik-api-1.7.4.jar:/workspace/lib/jqwik/jqwik-engine-1.7.4.jar --scan-class-path /work/jqwik_out/Time_22/auto_round2_tries1000_seed1/classes_f --include-classname .* --include-engine jqwik --config jqwik.database=/workspace/jqwik/Result_auto_Round2/Time_22/tries1000_seed1/reports_record/jqwik-database --config jqwik.tries.default=1000 --reports-dir /workspace/jqwik/Result_auto_Round2/Time_22/tries1000_seed1/reports_record
1000                  | # of calls to property
checks = 1000                 | # of not rejected calls
generation = RANDOMIZED       | parameters are randomly generated
after-failure = SAMPLE_FIRST  | try previously failed sample, then previous seed
when-fixed-seed = ALLOW       | fixing the random seed is allowed
edge-cases#mode = NONE        | edge cases are not explicitly generated
seed = 1                      | random seed to reproduce generated values


timestamp = 2026-09-27T08:10:16.104907, BasePeriod AutoPbtTest:m000 addField = 
                              |-----------------------jqwik-----------------------
tries = 1000                  | # of calls to property
checks = 1000                 | # of not rejected calls
generation = RANDOMIZED       | parameters are randomly generated
after-failure = SAMPLE_FIRST  | try previously failed sample, then previous seed
when-fixed-seed = ALLOW       | fixing the random seed is allowed
edge-cases#mode = NONE        | edge cases are not explicitly generated
seed = 1                      | random seed to reproduce generated values


timestamp = 2026-09-27T08:10:16.364641, BasePeriod AutoPbtTest:m014 setValue = 
                              |-----------------------jqwik-----------------------
tries = 1000                  | # of calls to property
checks = 1000                 | # of not rejected calls
generation = RANDOMIZED       | parameters are randomly generated
after-failure = SAMPLE_FIRST  | try previously failed sample, then previous seed
when-fixed-seed = ALLOW       | fixing the random seed is allowed
edge-cases#mode = NONE        | edge cases are not explicitly generated
seed = 1                      | random seed to reproduce generated values


timestamp = 2026-09-27T08:10:16.671587, BasePeriod AutoPbtTest:m001 addFieldInto = 
                              |-----------------------jqwik-----------------------
tries = 1000                  | # of calls to property
checks = 1000                 | # of not rejected calls
generation = RANDOMIZED       | parameters are randomly generated
after-failure = SAMPLE_FIRST  | try previously failed sample, then previous seed
when-fixed-seed = ALLOW       | fixing the random seed is allowed
edge-cases#mode = NONE        | edge cases are not explicitly generated
seed = 1                      | random seed to reproduce generated values


[36m╷[0m
[36m└─[0m [36mjqwik (JUnit Platform)[0m [32m✔[0m
[36m   └─[0m [36mBasePeriod AutoPbtTest[0m [32m✔[0m
[36m      ├─[0m [34mm004 checkPeriodType[0m [32m✔[0m
[36m      ├─[0m [34mm018 toDurationTo[0m [32m✔[0m
[36m      ├─[0m [34mm010 setField[0m [32m✔[0m
[36m      ├─[0m [34mm009 mergePeriodInto[0m [32m✔[0m
[36m      ├─[0m [34mm013 setPeriod[0m [32m✔[0m
[36m      ├─[0m [34mm007 getValue[0m [32m✔[0m
[36m      ├─[0m [34mm006 getPeriodType[0m [32m✔[0m
[36m      ├─[0m [34mm003 addPeriodInto[0m [32m✔[0m
[36m      ├─[0m [34mm015 setValues[0m [32m✔[0m
[36m      ├─[0m [34mm017 toDurationFrom[0m [32m✔[0m
[36m      ├─[0m [34mm002 addPeriod[0m [32m✔[0m
[36m      ├─[0m [34mm005 getFieldType[0m [32m✔[0m
[36m      ├─[0m [34mm016 size[0m [32m✔[0m
[36m      ├─[0m [34mm012 setPeriod[0m [32m✔[0m
[36m      ├─[0m [34mm011 setFieldInto[0m [32m✔[0m
[36m      ├─[0m [34mm008 mergePeriod[0m [32m✔[0m
[36m      ├─[0m [34mm000 addField[0m [32m✔[0m
[36m      ├─[0m [34mm014 setValue[0m [32m✔[0m
[36m      └─[0m [34mm001 addFieldInto[0m [32m✔[0m

Test run finished after 6534 ms
[         2 containers found      ]
[         0 containers skipped    ]
[         2 containers started    ]
[         0 containers aborted    ]
[         2 containers successful ]
[         0 containers failed     ]
[        19 tests found           ]
[         0 tests skipped         ]
[        19 tests started         ]
[         0 tests aborted         ]
[        19 tests successful      ]
[         0 tests failed          ]


[exit=0 timeout=False time=7.5s]

$ java -Djava.awt.headless=true -Xss4m -Xmx1g -Dpbt.seed=1 -Dpbt.tries=1000 -Dpbt.snapshot.dir=/work/jqwik_out/Time_22/auto_round2_tries1000_seed1/snapshots -Dpbt.propertyBudgetMs=5000 -Dpbt.mask=/work/Time_22f:/work/Time_22b:/work/jqwik_out/Time_22/auto_round2_tries1000_seed1/classes_f:/work/jqwik_out/Time_22/auto_round2_tries1000_seed1/classes_b -Dpbt.mode=check -javaagent:/opt/jacoco/lib/jacocoagent.jar=destfile=/workspace/jqwik/Result_auto_Round2/Time_22/tries1000_seed1/jacoco.exec -jar /workspace/lib/jqwik/junit-platform-console-standalone-1.9.3.jar --disable-banner --details tree --class-path /work/jqwik_out/Time_22/auto_round2_tries1000_seed1/classes_f:/work/Time_22f/build/classes:/opt/defects4j/framework/projects/Time/lib/joda-convert-1.2.jar:/work/Time_22f/build/tests:/opt/defects4j/framework/projects/lib/junit-4.12-hamcrest-1.3.jar:/work/Time_22f/src/test/java:/work/jqwik_harness:/workspace/lib/jqwik/jqwik-1.7.4.jar:/workspace/lib/jqwik/jqwik-api-1.7.4.jar:/workspace/lib/jqwik/jqwik-engine-1.7.4.jar --scan-class-path /work/jqwik_out/Time_22/auto_round2_tries1000_seed1/classes_f --include-classname .* --include-engine jqwik --config jqwik.database=/workspace/jqwik/Result_auto_Round2/Time_22/tries1000_seed1/reports_fixed/jqwik-database --config jqwik.tries.default=1000 --reports-dir /workspace/jqwik/Result_auto_Round2/Time_22/tries1000_seed1/reports_fixed
1000                  | # of calls to property
checks = 1000                 | # of not rejected calls
generation = RANDOMIZED       | parameters are randomly generated
after-failure = SAMPLE_FIRST  | try previously failed sample, then previous seed
when-fixed-seed = ALLOW       | fixing the random seed is allowed
edge-cases#mode = NONE        | edge cases are not explicitly generated
seed = 1                      | random seed to reproduce generated values


timestamp = 2026-09-27T08:10:25.550220, BasePeriod AutoPbtTest:m000 addField = 
                              |-----------------------jqwik-----------------------
tries = 1000                  | # of calls to property
checks = 1000                 | # of not rejected calls
generation = RANDOMIZED       | parameters are randomly generated
after-failure = SAMPLE_FIRST  | try previously failed sample, then previous seed
when-fixed-seed = ALLOW       | fixing the random seed is allowed
edge-cases#mode = NONE        | edge cases are not explicitly generated
seed = 1                      | random seed to reproduce generated values


timestamp = 2026-09-27T08:10:25.840245, BasePeriod AutoPbtTest:m014 setValue = 
                              |-----------------------jqwik-----------------------
tries = 1000                  | # of calls to property
checks = 1000                 | # of not rejected calls
generation = RANDOMIZED       | parameters are randomly generated
after-failure = SAMPLE_FIRST  | try previously failed sample, then previous seed
when-fixed-seed = ALLOW       | fixing the random seed is allowed
edge-cases#mode = NONE        | edge cases are not explicitly generated
seed = 1                      | random seed to reproduce generated values


timestamp = 2026-09-27T08:10:26.175167, BasePeriod AutoPbtTest:m001 addFieldInto = 
                              |-----------------------jqwik-----------------------
tries = 1000                  | # of calls to property
checks = 1000                 | # of not rejected calls
generation = RANDOMIZED       | parameters are randomly generated
after-failure = SAMPLE_FIRST  | try previously failed sample, then previous seed
when-fixed-seed = ALLOW       | fixing the random seed is allowed
edge-cases#mode = NONE        | edge cases are not explicitly generated
seed = 1                      | random seed to reproduce generated values


[36m╷[0m
[36m└─[0m [36mjqwik (JUnit Platform)[0m [32m✔[0m
[36m   └─[0m [36mBasePeriod AutoPbtTest[0m [32m✔[0m
[36m      ├─[0m [34mm004 checkPeriodType[0m [32m✔[0m
[36m      ├─[0m [34mm018 toDurationTo[0m [32m✔[0m
[36m      ├─[0m [34mm010 setField[0m [32m✔[0m
[36m      ├─[0m [34mm009 mergePeriodInto[0m [32m✔[0m
[36m      ├─[0m [34mm013 setPeriod[0m [32m✔[0m
[36m      ├─[0m [34mm007 getValue[0m [32m✔[0m
[36m      ├─[0m [34mm006 getPeriodType[0m [32m✔[0m
[36m      ├─[0m [34mm003 addPeriodInto[0m [32m✔[0m
[36m      ├─[0m [34mm015 setValues[0m [32m✔[0m
[36m      ├─[0m [34mm017 toDurationFrom[0m [32m✔[0m
[36m      ├─[0m [34mm002 addPeriod[0m [32m✔[0m
[36m      ├─[0m [34mm005 getFieldType[0m [32m✔[0m
[36m      ├─[0m [34mm016 size[0m [32m✔[0m
[36m      ├─[0m [34mm012 setPeriod[0m [32m✔[0m
[36m      ├─[0m [34mm011 setFieldInto[0m [32m✔[0m
[36m      ├─[0m [34mm008 mergePeriod[0m [32m✔[0m
[36m      ├─[0m [34mm000 addField[0m [32m✔[0m
[36m      ├─[0m [34mm014 setValue[0m [32m✔[0m
[36m      └─[0m [34mm001 addFieldInto[0m [32m✔[0m

Test run finished after 7826 ms
[         2 containers found      ]
[         0 containers skipped    ]
[         2 containers started    ]
[         0 containers aborted    ]
[         2 containers successful ]
[         0 containers failed     ]
[        19 tests found           ]
[         0 tests skipped         ]
[        19 tests started         ]
[         0 tests aborted         ]
[        19 tests successful      ]
[         0 tests failed          ]


[exit=0 timeout=False time=16.6s]

$ java -jar /opt/jacoco/lib/jacococli.jar report /workspace/jqwik/Result_auto_Round2/Time_22/tries1000_seed1/jacoco.exec --classfiles /work/Time_22f/build/classes --csv /workspace/jqwik/Result_auto_Round2/Time_22/tries1000_seed1/jacoco.csv
[INFO] Loading execution data file /workspace/jqwik/Result_auto_Round2/Time_22/tries1000_seed1/jacoco.exec.
[INFO] Analyzing 202 classes.

[exit=0 timeout=False time=1.2s]

$ java -Djava.awt.headless=true -Xss4m -Xmx1g -Dpbt.seed=1 -Dpbt.tries=1000 -Dpbt.snapshot.dir=/work/jqwik_out/Time_22/auto_round2_tries1000_seed1/snapshots -Dpbt.propertyBudgetMs=5000 -Dpbt.mask=/work/Time_22f:/work/Time_22b:/work/jqwik_out/Time_22/auto_round2_tries1000_seed1/classes_f:/work/jqwik_out/Time_22/auto_round2_tries1000_seed1/classes_b -Dpbt.mode=check -jar /workspace/lib/jqwik/junit-platform-console-standalone-1.9.3.jar --disable-banner --details tree --class-path /work/jqwik_out/Time_22/auto_round2_tries1000_seed1/classes_b:/work/Time_22b/build/classes:/opt/defects4j/framework/projects/Time/lib/joda-convert-1.2.jar:/work/Time_22b/build/tests:/opt/defects4j/framework/projects/lib/junit-4.12-hamcrest-1.3.jar:/work/Time_22b/src/test/java:/work/jqwik_harness:/workspace/lib/jqwik/jqwik-1.7.4.jar:/workspace/lib/jqwik/jqwik-api-1.7.4.jar:/workspace/lib/jqwik/jqwik-engine-1.7.4.jar --scan-class-path /work/jqwik_out/Time_22/auto_round2_tries1000_seed1/classes_b --include-classname .* --include-engine jqwik --config jqwik.database=/workspace/jqwik/Result_auto_Round2/Time_22/tries1000_seed1/reports_buggy/jqwik-database --config jqwik.tries.default=1000 --reports-dir /workspace/jqwik/Result_auto_Round2/Time_22/tries1000_seed1/reports_buggy
1000                  | # of calls to property
checks = 1000                 | # of not rejected calls
generation = RANDOMIZED       | parameters are randomly generated
after-failure = SAMPLE_FIRST  | try previously failed sample, then previous seed
when-fixed-seed = ALLOW       | fixing the random seed is allowed
edge-cases#mode = NONE        | edge cases are not explicitly generated
seed = 1                      | random seed to reproduce generated values


timestamp = 2026-09-27T08:10:44.781775, BasePeriod AutoPbtTest:m000 addField = 
                              |-----------------------jqwik-----------------------
tries = 1000                  | # of calls to property
checks = 1000                 | # of not rejected calls
generation = RANDOMIZED       | parameters are randomly generated
after-failure = SAMPLE_FIRST  | try previously failed sample, then previous seed
when-fixed-seed = ALLOW       | fixing the random seed is allowed
edge-cases#mode = NONE        | edge cases are not explicitly generated
seed = 1                      | random seed to reproduce generated values


timestamp = 2026-09-27T08:10:45.035173, BasePeriod AutoPbtTest:m014 setValue = 
                              |-----------------------jqwik-----------------------
tries = 1000                  | # of calls to property
checks = 1000                 | # of not rejected calls
generation = RANDOMIZED       | parameters are randomly generated
after-failure = SAMPLE_FIRST  | try previously failed sample, then previous seed
when-fixed-seed = ALLOW       | fixing the random seed is allowed
edge-cases#mode = NONE        | edge cases are not explicitly generated
seed = 1                      | random seed to reproduce generated values


timestamp = 2026-09-27T08:10:45.426845, BasePeriod AutoPbtTest:m001 addFieldInto = 
                              |-----------------------jqwik-----------------------
tries = 1000                  | # of calls to property
checks = 1000                 | # of not rejected calls
generation = RANDOMIZED       | parameters are randomly generated
after-failure = SAMPLE_FIRST  | try previously failed sample, then previous seed
when-fixed-seed = ALLOW       | fixing the random seed is allowed
edge-cases#mode = NONE        | edge cases are not explicitly generated
seed = 1                      | random seed to reproduce generated values


[36m╷[0m
[36m└─[0m [36mjqwik (JUnit Platform)[0m [32m✔[0m
[36m   └─[0m [36mBasePeriod AutoPbtTest[0m [32m✔[0m
[36m      ├─[0m [34mm004 checkPeriodType[0m [32m✔[0m
[36m      ├─[0m [34mm018 toDurationTo[0m [32m✔[0m
[36m      ├─[0m [34mm010 setField[0m [32m✔[0m
[36m      ├─[0m [34mm009 mergePeriodInto[0m [32m✔[0m
[36m      ├─[0m [34mm013 setPeriod[0m [32m✔[0m
[36m      ├─[0m [34mm007 getValue[0m [32m✔[0m
[36m      ├─[0m [34mm006 getPeriodType[0m [32m✔[0m
[36m      ├─[0m [34mm003 addPeriodInto[0m [32m✔[0m
[36m      ├─[0m [34mm015 setValues[0m [32m✔[0m
[36m      ├─[0m [34mm017 toDurationFrom[0m [32m✔[0m
[36m      ├─[0m [34mm002 addPeriod[0m [32m✔[0m
[36m      ├─[0m [34mm005 getFieldType[0m [32m✔[0m
[36m      ├─[0m [34mm016 size[0m [32m✔[0m
[36m      ├─[0m [34mm012 setPeriod[0m [32m✔[0m
[36m      ├─[0m [34mm011 setFieldInto[0m [32m✔[0m
[36m      ├─[0m [34mm008 mergePeriod[0m [32m✔[0m
[36m      ├─[0m [34mm000 addField[0m [32m✔[0m
[36m      ├─[0m [34mm014 setValue[0m [32m✔[0m
[36m      └─[0m [34mm001 addFieldInto[0m [32m✔[0m

Test run finished after 7376 ms
[         2 containers found      ]
[         0 containers skipped    ]
[         2 containers started    ]
[         0 containers aborted    ]
[         2 containers successful ]
[         0 containers failed     ]
[        19 tests found           ]
[         0 tests skipped         ]
[        19 tests started         ]
[         0 tests aborted         ]
[        19 tests successful      ]
[         0 tests failed          ]


[exit=0 timeout=False time=9.4s]
