
$ defects4j checkout -p Math -v 74f -w /work/Math_74f
Checking out 8dd22390 to /work/Math_74f.................................... OK
Init local repository...................................................... OK
Tag post-fix revision...................................................... OK
Run post-checkout hook..................................................... OK
Excluding broken/flaky tests............................................... OK
Excluding broken/flaky tests............................................... OK
Excluding broken/flaky tests............................................... OK
Initialize fixed program version........................................... OK
Apply patch................................................................ OK
Initialize buggy program version........................................... OK
Diff 8dd22390:e00564e3..................................................... OK
Apply patch................................................................ OK
Tag pre-fix revision....................................................... OK
Check out program version: Math-74f........................................ OK

[exit=0 timeout=False time=4.0s]

$ defects4j compile -w /work/Math_74f
Running ant (compile)...................................................... OK
Running ant (compile.tests)................................................ OK

[exit=0 timeout=False time=13.1s]

$ defects4j checkout -p Math -v 74b -w /work/Math_74b
Checking out 8dd22390 to /work/Math_74b.................................... OK
Init local repository...................................................... OK
Tag post-fix revision...................................................... OK
Run post-checkout hook..................................................... OK
Excluding broken/flaky tests............................................... OK
Excluding broken/flaky tests............................................... OK
Excluding broken/flaky tests............................................... OK
Initialize fixed program version........................................... OK
Apply patch................................................................ OK
Initialize buggy program version........................................... OK
Diff 8dd22390:e00564e3..................................................... OK
Apply patch................................................................ OK
Tag pre-fix revision....................................................... OK
Check out program version: Math-74b........................................ OK

[exit=0 timeout=False time=4.2s]

$ defects4j compile -w /work/Math_74b
Running ant (compile)...................................................... OK
Running ant (compile.tests)................................................ OK

[exit=0 timeout=False time=12.5s]

$ java -Djava.awt.headless=true -cp /opt/defects4j/framework/projects/lib/junit-4.12-hamcrest-1.3.jar:/opt/evosuite/evosuite-1.2.0.jar:/work/Math_74f/target/classes:/work/Math_74f/target/test-classes org.evosuite.EvoSuite -generateSuite -class org.apache.commons.math.ode.nonstiff.EmbeddedRungeKuttaIntegrator -projectCP /opt/defects4j/framework/projects/lib/junit-4.12-hamcrest-1.3.jar:/work/Math_74f/target/classes:/work/Math_74f/target/test-classes -Dcriterion=LINE:BRANCH:EXCEPTION -Dsearch_budget=60 -seed 1 -Dtest_dir=/work/evo_out/Math_74f/budget60_seed1/tests -Dreport_dir=/work/evo_out/Math_74f/budget60_seed1/report
* EvoSuite 1.2.0
* Going to generate test cases for class: org.apache.commons.math.ode.nonstiff.EmbeddedRungeKuttaIntegrator
* Starting Client-0
* Connecting to master process on port 9922
* Analyzing classpath: 
  - /opt/defects4j/framework/projects/lib/junit-4.12-hamcrest-1.3.jar
  - /work/Math_74f/target/classes
  - /work/Math_74f/target/test-classes
[MASTER] 10:33:46.837 [logback-1] WARN  InheritanceTree - Class not in inheritance graph: java.io.ObjectInputFilter
[MASTER] 10:33:47.172 [logback-1] WARN  InheritanceTree - Class not in inheritance graph: java.util.Locale$IsoCountryCode
* Finished analyzing classpath
* Generating tests for class org.apache.commons.math.ode.nonstiff.EmbeddedRungeKuttaIntegrator
* Test criteria:
  - Line Coverage
  - Branch Coverage
  - Exception
* Setting up search algorithm for whole suite generation
* Total number of test goals: 
  - Line 124
  - Branch 66
  - Exception 0

[Progress:>                             0%] [Cov:>                                  0%]* Using seed 1
* Starting evolution

[Progress:>                             0%] [Cov:==>                                8%]
[Progress:>                             0%] [Cov:===>                               11%]
[Progress:>                             0%] [Cov:===============>                   44%]
[Progress:>                             1%] [Cov:==>                                8%]
[Progress:>                             1%] [Cov:===>                               11%]
[Progress:>                             1%] [Cov:===============>                   44%]
[Progress:>                             1%] [Cov:===============>                   45%]
[Progress:>                             1%] [Cov:================>                  46%]
[Progress:>                             1%] [Cov:============================>      80%]
[Progress:>                             3%] [Cov:=========>                         27%]
[Progress:>                             3%] [Cov:================>                  48%]
[Progress:>                             3%] [Cov:============================>      81%]
[Progress:>                             3%] [Cov:===============================>   90%]
[Progress:>                             3%] [Cov:===============================>   90%]
[Progress:>                             3%] [Cov:=================================> 95%]
[Progress:=>                            5%] [Cov:=================================> 95%]
[Progress:=>                            5%] [Cov:=================================> 95%]
[Progress:=>                            5%] [Cov:=================================> 95%]
[Progress:=>                            5%] [Cov:=================================> 95%]
[Progress:=>                            5%] [Cov:=================================> 95%]
[Progress:=>                            6%] [Cov:=================================> 95%]
[Progress:=>                            6%] [Cov:=================================> 95%]
[Progress:=>                            6%] [Cov:=================================> 95%]
[Progress:=>                            6%] [Cov:=================================> 95%]
[Progress:==>                           8%] [Cov:=================================> 95%]
[Progress:==>                           8%] [Cov:=================================> 95%]
[Progress:==>                           8%] [Cov:=================================> 95%]
[Progress:===>                          10%] [Cov:=================================> 95%]
[Progress:===>                          10%] [Cov:=================================> 95%]
[Progress:===>                          10%] [Cov:=================================> 95%]
[Progress:===>                          10%] [Cov:=================================> 95%]
[Progress:===>                          10%] [Cov:=================================> 95%]
[Progress:===>                          10%] [Cov:=================================> 96%]
[Progress:===>                          11%] [Cov:=================================> 95%]
[Progress:===>                          11%] [Cov:=================================> 96%]
[Progress:===>                          11%] [Cov:=================================> 96%]
[Progress:===>                          13%] [Cov:=================================> 96%]
[Progress:===>                          13%] [Cov:=================================> 96%]
[Progress:===>                          13%] [Cov:=================================> 96%]
[Progress:===>                          13%] [Cov:=================================> 96%]
[Progress:====>                         15%] [Cov:=================================> 96%]
[Progress:====>                         15%] [Cov:=================================> 96%]
[Progress:====>                         15%] [Cov:=================================> 96%]
[Progress:====>                         15%] [Cov:=================================> 96%]
[Progress:====>                         16%] [Cov:=================================> 96%]
[Progress:====>                         16%] [Cov:=================================> 96%]
[Progress:====>                         16%] [Cov:=================================> 96%]
[Progress:====>                         16%] [Cov:=================================> 96%]
[Progress:=====>                        18%] [Cov:=================================> 96%]
[Progress:=====>                        18%] [Cov:=================================> 96%]
[Progress:=====>                        18%] [Cov:=================================> 96%]
[Progress:=====>                        18%] [Cov:=================================> 96%]
[Progress:=====>                        18%] [Cov:=================================> 96%]
[Progress:======>                       20%] [Cov:=================================> 96%]
[Progress:======>                       20%] [Cov:=================================> 96%]
[Progress:======>                       20%] [Cov:=================================> 96%]
[Progress:======>                       20%] [Cov:=================================> 96%]
[Progress:======>                       20%] [Cov:=================================> 96%]
[Progress:======>                       20%] [Cov:=================================> 96%]
[Progress:======>                       20%] [Cov:=================================> 96%]
[Progress:======>                       21%] [Cov:=================================> 96%]
[Progress:======>                       21%] [Cov:=================================> 96%]
[Progress:======>                       21%] [Cov:=================================> 96%]
[Progress:======>                       21%] [Cov:=================================> 96%]
[Progress:======>                       21%] [Cov:=================================> 96%]
[Progress:======>                       23%] [Cov:=================================> 96%]
[Progress:======>                       23%] [Cov:=================================> 96%]
[Progress:======>                       23%] [Cov:=================================> 96%]
[Progress:======>                       23%] [Cov:=================================> 96%]
[Progress:======>                       23%] [Cov:=================================> 96%]
[Progress:======>                       23%] [Cov:=================================> 96%]
[Progress:=======>                      25%] [Cov:=================================> 96%]
[Progress:=======>                      25%] [Cov:=================================> 96%]
[Progress:=======>                      25%] [Cov:=================================> 96%]
[Progress:=======>                      25%] [Cov:=================================> 96%]
[Progress:=======>                      25%] [Cov:=================================> 96%]
[Progress:=======>                      26%] [Cov:=================================> 96%]
[Progress:=======>                      26%] [Cov:=================================> 96%]
[Progress:=======>                      26%] [Cov:=================================> 96%]
[Progress:=======>                      26%] [Cov:=================================> 96%]
[Progress:========>                     28%] [Cov:=================================> 96%]
[Progress:========>                     28%] [Cov:=================================> 96%]
[Progress:========>                     28%] [Cov:=================================> 96%]
[Progress:========>                     28%] [Cov:=================================> 97%]
[Progress:========>                     28%] [Cov:==================================>98%]
[Progress:========>                     28%] [Cov:==================================>98%]
[Progress:========>                     28%] [Cov:==================================>98%]
[Progress:========>                     28%] [Cov:==================================>98%]
[Progress:========>                     28%] [Cov:==================================>98%]
[Progress:=========>                    30%] [Cov:==================================>98%]
[Progress:=========>                    30%] [Cov:==================================>98%]
[Progress:=========>                    30%] [Cov:==================================>98%]
[Progress:=========>                    30%] [Cov:==================================>98%]
[Progress:=========>                    30%] [Cov:==================================>98%]
[Progress:=========>                    30%] [Cov:==================================>98%]
[Progress:=========>                    31%] [Cov:==================================>98%]
[Progress:=========>                    31%] [Cov:==================================>98%]
[Progress:=========>                    31%] [Cov:==================================>98%]
[Progress:=========>                    31%] [Cov:==================================>98%]
[Progress:=========>                    31%] [Cov:==================================>98%]
[Progress:=========>                    31%] [Cov:==================================>98%]
[Progress:=========>                    31%] [Cov:==================================>98%]
[Progress:=========>                    31%] [Cov:==================================>98%]
[Progress:=========>                    33%] [Cov:==================================>98%]
[Progress:=========>                    33%] [Cov:==================================>98%]
[Progress:=========>                    33%] [Cov:==================================>98%]
[Progress:=========>                    33%] [Cov:==================================>98%]
[Progress:=========>                    33%] [Cov:==================================>98%]
[Progress:=========>                    33%] [Cov:==================================>98%]
[Progress:=========>                    33%] [Cov:==================================>98%]
[Progress:==========>                   35%] [Cov:==================================>98%]
[Progress:==========>                   35%] [Cov:==================================>98%]
[Progress:==========>                   35%] [Cov:==================================>98%]
[Progress:==========>                   35%] [Cov:==================================>98%]
[Progress:==========>                   35%] [Cov:==================================>98%]
[Progress:==========>                   35%] [Cov:==================================>98%]
[Progress:==========>                   35%] [Cov:==================================>98%]
[Progress:==========>                   36%] [Cov:==================================>98%]
[Progress:==========>                   36%] [Cov:==================================>98%]
[Progress:==========>                   36%] [Cov:==================================>98%]
[Progress:==========>                   36%] [Cov:==================================>98%]
[Progress:==========>                   36%] [Cov:==================================>98%]
[Progress:==========>                   36%] [Cov:==================================>98%]
[Progress:===========>                  38%] [Cov:==================================>98%]
[Progress:===========>                  38%] [Cov:==================================>98%]
[Progress:===========>                  38%] [Cov:==================================>99%]
[Progress:===========>                  38%] [Cov:==================================>99%]
[Progress:===========>                  38%] [Cov:==================================>99%]
[Progress:===========>                  38%] [Cov:==================================>99%]
[Progress:============>                 40%] [Cov:==================================>99%]
[Progress:============>                 40%] [Cov:==================================>99%]
[Progress:============>                 40%] [Cov:==================================>99%]
[Progress:============>                 40%] [Cov:==================================>99%]
[Progress:============>                 40%] [Cov:==================================>99%]
[Progress:============>                 41%] [Cov:==================================>99%]
[Progress:============>                 41%] [Cov:==================================>99%]
[Progress:============>                 41%] [Cov:==================================>99%]
[Progress:============>                 41%] [Cov:==================================>99%]
[Progress:============>                 43%] [Cov:==================================>99%]
[Progress:============>                 43%] [Cov:==================================>99%]
[Progress:============>                 43%] [Cov:==================================>99%]
[Progress:============>                 43%] [Cov:==================================>99%]
[Progress:============>                 43%] [Cov:==================================>99%]
[Progress:============>                 43%] [Cov:==================================>99%]
[Progress:=============>                45%] [Cov:==================================>99%]
[Progress:=============>                45%] [Cov:==================================>99%]
[Progress:=============>                45%] [Cov:==================================>99%]
[Progress:=============>                45%] [Cov:==================================>99%]
[Progress:=============>                45%] [Cov:==================================>99%]
[Progress:=============>                45%] [Cov:==================================>99%]
[Progress:=============>                46%] [Cov:==================================>99%]
[Progress:=============>                46%] [Cov:==================================>99%]
[Progress:=============>                46%] [Cov:==================================>99%]
[Progress:=============>                46%] [Cov:==================================>99%]
[Progress:=============>                46%] [Cov:==================================>99%]
[Progress:=============>                46%] [Cov:==================================>99%]
[Progress:=============>                46%] [Cov:==================================>99%]
[Progress:==============>               48%] [Cov:==================================>99%]
[Progress:==============>               48%] [Cov:==================================>99%]
[Progress:==============>               48%] [Cov:==================================>99%]
[Progress:==============>               48%] [Cov:==================================>99%]
[Progress:==============>               48%] [Cov:==================================>99%]
[Progress:==============>               48%] [Cov:==================================>99%]
[Progress:==============>               48%] [Cov:==================================>99%]
[Progress:==============>               48%] [Cov:==================================>99%]
[Progress:==============>               48%] [Cov:==================================>99%]
[Progress:===============>              50%] [Cov:==================================>99%]
[Progress:===============>              50%] [Cov:==================================>99%]
[Progress:===============>              50%] [Cov:==================================>99%]
[Progress:===============>              50%] [Cov:==================================>99%]
[Progress:===============>              50%] [Cov:==================================>99%]
[Progress:===============>              50%] [Cov:==================================>99%]
[Progress:===============>              50%] [Cov:==================================>99%]
[Progress:===============>              51%] [Cov:==================================>99%]
[Progress:===============>              51%] [Cov:==================================>99%]
[Progress:===============>              51%] [Cov:==================================>99%]
[Progress:===============>              51%] [Cov:==================================>99%]
[Progress:===============>              51%] [Cov:==================================>99%]
[Progress:===============>              51%] [Cov:==================================>99%]
[Progress:===============>              51%] [Cov:==================================>99%]
[Progress:===============>              51%] [Cov:==================================>99%]
[Progress:===============>              53%] [Cov:==================================>99%]
[Progress:===============>              53%] [Cov:==================================>99%]
[Progress:===============>              53%] [Cov:==================================>99%]
[Progress:===============>              53%] [Cov:==================================>99%]
[Progress:===============>              53%] [Cov:==================================>99%]
[Progress:===============>              53%] [Cov:==================================>99%]
[Progress:===============>              53%] [Cov:==================================>99%]
[Progress:================>             55%] [Cov:==================================>99%]
[Progress:================>             55%] [Cov:==================================>99%]
[Progress:================>             55%] [Cov:==================================>99%]
[Progress:================>             55%] [Cov:==================================>99%]
[Progress:================>             55%] [Cov:==================================>99%]
[Progress:================>             55%] [Cov:==================================>99%]
[Progress:================>             55%] [Cov:==================================>99%]
[Progress:================>             55%] [Cov:==================================>99%]
[Progress:================>             55%] [Cov:==================================>99%]
[Progress:================>             56%] [Cov:==================================>99%]
[Progress:================>             56%] [Cov:==================================>99%]
[Progress:================>             56%] [Cov:==================================>99%]
[Progress:================>             56%] [Cov:==================================>99%]
[Progress:================>             56%] [Cov:==================================>99%]
[Progress:================>             56%] [Cov:==================================>99%]
[Progress:================>             56%] [Cov:==================================>99%]
[Progress:=================>            58%] [Cov:==================================>99%]
[Progress:=================>            58%] [Cov:==================================>99%]
[Progress:=================>            58%] [Cov:==================================>99%]
[Progress:=================>            58%] [Cov:==================================>99%]
[Progress:=================>            58%] [Cov:===================================100%]
[Progress:=================>            58%] [Cov:===================================100%]
[Progress:=================>            58%] [Cov:===================================100%]
* Search finished after 36s and 159 generations, 133800 statements, best individual has fitness: 0.2
* Minimizing test suite
* Going to analyze the coverage criteria
* Coverage analysis for criterion LINE
* Coverage of criterion LINE: 99%
* Total number of goals: 124
* Number of covered goals: 123
* Coverage analysis for criterion BRANCH
* Coverage of criterion BRANCH: 98%
* Total number of goals: 66
* Number of covered goals: 65
* Coverage analysis for criterion EXCEPTION
* Coverage of criterion EXCEPTION: 75%
* Total number of goals: 4
* Number of covered goals: 3
* Generated 11 tests with total length 53
* Resulting test suite's coverage: 100% (average coverage for all fitness functions)
* Generating assertions
* Resulting test suite's mutation score: 59%
* Compiling and checking tests
* Writing tests to file
* Writing JUnit test case 'EmbeddedRungeKuttaIntegrator_ESTest' to /work/evo_out/Math_74f/budget60_seed1/tests
* Done!

* Computation finished

[exit=0 timeout=False time=52.5s]

$ javac -nowarn -cp /work/Math_74f/target/classes:/opt/defects4j/framework/projects/lib/junit-4.12-hamcrest-1.3.jar:/work/Math_74f/target/classes:/work/Math_74f/target/test-classes:/opt/evosuite/evosuite-standalone-runtime-1.2.0.jar -d /work/evo_out/Math_74f/budget60_seed1/classes /work/evo_out/Math_74f/budget60_seed1/tests/org/apache/commons/math/ode/nonstiff/EmbeddedRungeKuttaIntegrator_ESTest.java /work/evo_out/Math_74f/budget60_seed1/tests/org/apache/commons/math/ode/nonstiff/EmbeddedRungeKuttaIntegrator_ESTest_scaffolding.java

[exit=0 timeout=False time=0.8s]

$ java -jar /opt/jacoco/lib/jacococli.jar instrument /work/Math_74f/target/classes --dest /work/evo_out/Math_74f/budget60_seed1/instrumented
[INFO] 542 classes instrumented to /work/evo_out/Math_74f/budget60_seed1/instrumented.

[exit=0 timeout=False time=0.6s]

$ java -Djacoco-agent.destfile=/workspace/EvoSuite/Result_Round1/Math_74/budget60_seed1/jacoco.exec -cp /work/evo_out/Math_74f/budget60_seed1/instrumented:/work/evo_out/Math_74f/budget60_seed1/classes:/opt/defects4j/framework/projects/lib/junit-4.12-hamcrest-1.3.jar:/work/Math_74f/target/classes:/work/Math_74f/target/test-classes:/opt/evosuite/evosuite-standalone-runtime-1.2.0.jar:/opt/jacoco/lib/jacocoagent.jar org.junit.runner.JUnitCore org.apache.commons.math.ode.nonstiff.EmbeddedRungeKuttaIntegrator_ESTest
JUnit version 4.12
...........
Time: 1.175

OK (11 tests)

SLF4J: Failed to load class "org.slf4j.impl.StaticLoggerBinder".
SLF4J: Defaulting to no-operation (NOP) logger implementation
SLF4J: See http://www.slf4j.org/codes.html#StaticLoggerBinder for further details.
WARNING: An illegal reflective access operation has occurred
WARNING: Illegal reflective access by org.evosuite.runtime.GuiSupport (file:/opt/evosuite/evosuite-standalone-runtime-1.2.0.jar) to field java.awt.GraphicsEnvironment.headless
WARNING: Please consider reporting this to the maintainers of org.evosuite.runtime.GuiSupport
WARNING: Use --illegal-access=warn to enable warnings of further illegal reflective access operations
WARNING: All illegal access operations will be denied in a future release

[exit=0 timeout=False time=1.6s]

$ java -jar /opt/jacoco/lib/jacococli.jar report /workspace/EvoSuite/Result_Round1/Math_74/budget60_seed1/jacoco.exec --classfiles /work/Math_74f/target/classes --csv /workspace/EvoSuite/Result_Round1/Math_74/budget60_seed1/jacoco.csv
[INFO] Loading execution data file /workspace/EvoSuite/Result_Round1/Math_74/budget60_seed1/jacoco.exec.
[INFO] Analyzing 415 classes.

[exit=0 timeout=False time=0.6s]

$ java -cp /work/evo_out/Math_74f/budget60_seed1/classes:/opt/defects4j/framework/projects/lib/junit-4.12-hamcrest-1.3.jar:/work/Math_74b/target/classes:/work/Math_74b/target/test-classes:/opt/evosuite/evosuite-standalone-runtime-1.2.0.jar org.junit.runner.JUnitCore org.apache.commons.math.ode.nonstiff.EmbeddedRungeKuttaIntegrator_ESTest
JUnit version 4.12
...........
Time: 1.22

OK (11 tests)

SLF4J: Failed to load class "org.slf4j.impl.StaticLoggerBinder".
SLF4J: Defaulting to no-operation (NOP) logger implementation
SLF4J: See http://www.slf4j.org/codes.html#StaticLoggerBinder for further details.
WARNING: An illegal reflective access operation has occurred
WARNING: Illegal reflective access by org.evosuite.runtime.GuiSupport (file:/opt/evosuite/evosuite-standalone-runtime-1.2.0.jar) to field java.awt.GraphicsEnvironment.headless
WARNING: Please consider reporting this to the maintainers of org.evosuite.runtime.GuiSupport
WARNING: Use --illegal-access=warn to enable warnings of further illegal reflective access operations
WARNING: All illegal access operations will be denied in a future release

[exit=0 timeout=False time=1.5s]
