
$ defects4j checkout -p Cli -v 32f -w /work/Cli_32f
Checking out 777cb810 to /work/Cli_32f..................................... OK
Init local repository...................................................... OK
Tag post-fix revision...................................................... OK
Copy generated Ant build file.............................................. OK
Run post-checkout hook..................................................... OK
Excluding broken/flaky tests............................................... OK
Backing up build file: /work/Cli_32f/maven-build.xml....................... OK
Initialize fixed program version........................................... OK
Apply patch................................................................ OK
Initialize buggy program version........................................... OK
Diff 777cb810:23df3834..................................................... OK
Apply patch................................................................ OK
Tag pre-fix revision....................................................... OK
Check out program version: Cli-32f......................................... OK

[exit=0 timeout=False time=1.3s]

$ defects4j compile -w /work/Cli_32f
Running ant (compile)...................................................... OK
Running ant (compile.tests)................................................ OK

[exit=0 timeout=False time=2.8s]

$ defects4j checkout -p Cli -v 32b -w /work/Cli_32b
Checking out 777cb810 to /work/Cli_32b..................................... OK
Init local repository...................................................... OK
Tag post-fix revision...................................................... OK
Copy generated Ant build file.............................................. OK
Run post-checkout hook..................................................... OK
Excluding broken/flaky tests............................................... OK
Backing up build file: /work/Cli_32b/maven-build.xml....................... OK
Initialize fixed program version........................................... OK
Apply patch................................................................ OK
Initialize buggy program version........................................... OK
Diff 777cb810:23df3834..................................................... OK
Apply patch................................................................ OK
Tag pre-fix revision....................................................... OK
Check out program version: Cli-32b......................................... OK

[exit=0 timeout=False time=1.3s]

$ defects4j compile -w /work/Cli_32b
Running ant (compile)...................................................... OK
Running ant (compile.tests)................................................ OK

[exit=0 timeout=False time=2.9s]

$ java -Djava.awt.headless=true -cp /opt/defects4j/framework/projects/lib/junit-4.12-hamcrest-1.3.jar:/opt/evosuite/evosuite-1.2.0.jar:/work/Cli_32f/target/classes:/work/Cli_32f/target/test-classes org.evosuite.EvoSuite -generateSuite -class org.apache.commons.cli.HelpFormatter -projectCP /opt/defects4j/framework/projects/lib/junit-4.12-hamcrest-1.3.jar:/work/Cli_32f/target/classes:/work/Cli_32f/target/test-classes -Dcriterion=LINE:BRANCH:EXCEPTION -Dsearch_budget=60 -seed 1 -Dtest_dir=/work/evo_out/Cli_32f/budget60_seed1/tests -Dreport_dir=/work/evo_out/Cli_32f/budget60_seed1/report
* EvoSuite 1.2.0
* Going to generate test cases for class: org.apache.commons.cli.HelpFormatter
* Starting Client-0
* Connecting to master process on port 9922
* Analyzing classpath: 
  - /opt/defects4j/framework/projects/lib/junit-4.12-hamcrest-1.3.jar
  - /work/Cli_32f/target/classes
  - /work/Cli_32f/target/test-classes
[MASTER] 10:40:19.866 [logback-1] WARN  InheritanceTree - Class not in inheritance graph: java.util.Locale$IsoCountryCode
* Finished analyzing classpath
* Generating tests for class org.apache.commons.cli.HelpFormatter
* Test criteria:
  - Line Coverage
  - Branch Coverage
  - Exception
* Setting up search algorithm for whole suite generation
* Total number of test goals: 
  - Line 201
  - Branch 149
  - Exception 0

[Progress:>                             0%] [Cov:>                                  0%]* Using seed 1
* Starting evolution
[MASTER] 10:40:20.571 [logback-1] WARN  TestCluster - Failed to check cache for java.util.Comparator<T> : Type points to itself

[Progress:>                             0%] [Cov:=>                                 3%]
[Progress:>                             0%] [Cov:=>                                 5%]
[Progress:>                             0%] [Cov:=============>                     39%]
[Progress:>                             1%] [Cov:===>                               11%]
[Progress:>                             1%] [Cov:=======>                           21%]
[Progress:>                             1%] [Cov:==================>                54%]
[Progress:>                             1%] [Cov:====================>              59%]
[Progress:>                             3%] [Cov:==>                                7%]
[Progress:>                             3%] [Cov:====>                              13%]
[Progress:>                             3%] [Cov:================>                  46%]
[Progress:>                             3%] [Cov:==================>                54%]
[Progress:>                             3%] [Cov:========================>          70%]
[Progress:=>                            5%] [Cov:====>                              12%]
[Progress:=>                            5%] [Cov:=======>                           22%]
[Progress:=>                            5%] [Cov:===================>               55%]
[Progress:=>                            5%] [Cov:======================>            64%]
[Progress:=>                            5%] [Cov:========================>          70%]
[Progress:=>                            6%] [Cov:===================>               56%]
[Progress:=>                            6%] [Cov:====================>              59%]
[Progress:=>                            6%] [Cov:=====================>             61%]
[Progress:=>                            6%] [Cov:======================>            63%]
[Progress:=>                            6%] [Cov:==============================>    88%]
[Progress:==>                           8%] [Cov:==============================>    88%]
[Progress:==>                           8%] [Cov:==============================>    88%]
[Progress:==>                           8%] [Cov:==============================>    88%]
[Progress:==>                           8%] [Cov:==============================>    88%]
[Progress:==>                           8%] [Cov:===============================>   89%]
[Progress:===>                          10%] [Cov:==============================>    88%]
[Progress:===>                          10%] [Cov:===============================>   89%]
[Progress:===>                          10%] [Cov:===============================>   89%]
[Progress:===>                          11%] [Cov:===============================>   89%]
[Progress:===>                          11%] [Cov:===============================>   89%]
[Progress:===>                          11%] [Cov:===============================>   89%]
[Progress:===>                          13%] [Cov:===============================>   89%]
[Progress:===>                          13%] [Cov:===============================>   91%]
[Progress:===>                          13%] [Cov:================================>  94%]
[Progress:===>                          13%] [Cov:================================>  94%]
[Progress:===>                          13%] [Cov:================================>  94%]
[Progress:====>                         15%] [Cov:================================>  94%]
[Progress:====>                         15%] [Cov:================================>  94%]
[Progress:====>                         15%] [Cov:================================>  94%]
[Progress:====>                         15%] [Cov:================================>  94%]
[Progress:====>                         15%] [Cov:================================>  94%]
[Progress:====>                         16%] [Cov:================================>  94%]
[Progress:====>                         16%] [Cov:================================>  94%]
[Progress:====>                         16%] [Cov:================================>  94%]
[Progress:====>                         16%] [Cov:================================>  94%]
[Progress:=====>                        18%] [Cov:================================>  94%]
[Progress:=====>                        18%] [Cov:================================>  94%]
[Progress:=====>                        18%] [Cov:================================>  94%]
[Progress:=====>                        18%] [Cov:================================>  94%]
[Progress:=====>                        18%] [Cov:================================>  94%]
[Progress:======>                       20%] [Cov:================================>  94%]
[Progress:======>                       20%] [Cov:================================>  94%]
[Progress:======>                       20%] [Cov:================================>  94%]
[Progress:======>                       21%] [Cov:================================>  94%]
[Progress:======>                       21%] [Cov:================================>  94%]
[Progress:======>                       21%] [Cov:================================>  94%]
[Progress:======>                       21%] [Cov:================================>  94%]
[Progress:======>                       23%] [Cov:================================>  94%]
[Progress:======>                       23%] [Cov:================================>  94%]
[Progress:======>                       23%] [Cov:================================>  94%]
[Progress:======>                       23%] [Cov:================================>  94%]
[Progress:=======>                      25%] [Cov:================================>  94%]
[Progress:=======>                      25%] [Cov:================================>  94%]
[Progress:=======>                      25%] [Cov:================================>  94%]
[Progress:=======>                      25%] [Cov:================================>  94%]
[Progress:=======>                      26%] [Cov:================================>  94%]
[Progress:=======>                      26%] [Cov:================================>  94%]
[Progress:=======>                      26%] [Cov:================================>  94%]
[Progress:========>                     28%] [Cov:================================>  94%]
[Progress:========>                     28%] [Cov:================================>  94%]
[Progress:========>                     28%] [Cov:================================>  94%]
[Progress:========>                     28%] [Cov:================================>  94%]
[Progress:=========>                    30%] [Cov:================================>  94%]
[Progress:=========>                    30%] [Cov:================================>  94%]
[Progress:=========>                    30%] [Cov:================================>  94%]
[Progress:=========>                    31%] [Cov:================================>  94%]
[Progress:=========>                    31%] [Cov:================================>  94%]
[Progress:=========>                    31%] [Cov:================================>  94%]
[Progress:=========>                    31%] [Cov:================================>  94%]
[Progress:=========>                    33%] [Cov:================================>  94%]
[Progress:=========>                    33%] [Cov:================================>  94%]
[Progress:=========>                    33%] [Cov:================================>  94%]
[Progress:=========>                    33%] [Cov:================================>  94%]
[Progress:==========>                   35%] [Cov:================================>  94%]
[Progress:==========>                   35%] [Cov:================================>  94%]
[Progress:==========>                   35%] [Cov:================================>  94%]
[Progress:==========>                   36%] [Cov:================================>  94%]
[Progress:==========>                   36%] [Cov:================================>  94%]
[Progress:==========>                   36%] [Cov:================================>  94%]
[Progress:==========>                   36%] [Cov:================================>  94%]
[Progress:===========>                  38%] [Cov:================================>  94%]
[Progress:===========>                  38%] [Cov:================================>  94%]
[Progress:===========>                  38%] [Cov:================================>  94%]
[Progress:===========>                  38%] [Cov:================================>  94%]
[Progress:============>                 40%] [Cov:================================>  94%]
[Progress:============>                 40%] [Cov:================================>  94%]
[Progress:============>                 40%] [Cov:================================>  94%]
[Progress:============>                 40%] [Cov:================================>  94%]
[Progress:============>                 41%] [Cov:================================>  94%]
[Progress:============>                 41%] [Cov:================================>  94%]
[Progress:============>                 41%] [Cov:=================================> 95%]
[Progress:============>                 41%] [Cov:=================================> 95%]
[Progress:============>                 43%] [Cov:=================================> 95%]
[Progress:============>                 43%] [Cov:=================================> 95%]
[Progress:============>                 43%] [Cov:=================================> 95%]
[Progress:============>                 43%] [Cov:=================================> 95%]
[Progress:=============>                45%] [Cov:=================================> 95%]
[Progress:=============>                45%] [Cov:=================================> 95%]
[Progress:=============>                45%] [Cov:=================================> 95%]
[Progress:=============>                45%] [Cov:=================================> 95%]
[Progress:=============>                46%] [Cov:=================================> 95%]
[Progress:=============>                46%] [Cov:=================================> 95%]
[Progress:=============>                46%] [Cov:=================================> 95%]
[Progress:==============>               48%] [Cov:=================================> 95%]
[Progress:==============>               48%] [Cov:=================================> 95%]
[Progress:==============>               48%] [Cov:=================================> 95%]
[Progress:==============>               48%] [Cov:=================================> 95%]
[Progress:===============>              50%] [Cov:=================================> 95%]
[Progress:===============>              50%] [Cov:=================================> 95%]
[Progress:===============>              50%] [Cov:=================================> 95%]
[Progress:===============>              50%] [Cov:=================================> 95%]
[Progress:===============>              51%] [Cov:=================================> 95%]
[Progress:===============>              51%] [Cov:=================================> 95%]
[Progress:===============>              51%] [Cov:=================================> 95%]
[Progress:===============>              51%] [Cov:=================================> 95%]
[Progress:===============>              53%] [Cov:=================================> 95%]
[Progress:===============>              53%] [Cov:=================================> 95%]
[Progress:===============>              53%] [Cov:=================================> 95%]
[Progress:===============>              53%] [Cov:=================================> 95%]
[Progress:================>             55%] [Cov:=================================> 95%]
[Progress:================>             55%] [Cov:=================================> 95%]
[Progress:================>             55%] [Cov:=================================> 95%]
[Progress:================>             55%] [Cov:=================================> 95%]
[Progress:================>             55%] [Cov:=================================> 95%]
[Progress:================>             55%] [Cov:=================================> 95%]
[Progress:================>             56%] [Cov:=================================> 95%]
[Progress:================>             56%] [Cov:=================================> 95%]
[Progress:================>             56%] [Cov:=================================> 95%]
[Progress:================>             56%] [Cov:=================================> 95%]
[Progress:================>             56%] [Cov:=================================> 95%]
[Progress:================>             56%] [Cov:=================================> 95%]
[Progress:================>             56%] [Cov:=================================> 95%]
[Progress:=================>            58%] [Cov:=================================> 95%]
[Progress:=================>            58%] [Cov:=================================> 95%]
[Progress:=================>            58%] [Cov:=================================> 95%]
[Progress:=================>            58%] [Cov:=================================> 95%]
[Progress:=================>            58%] [Cov:=================================> 95%]
[Progress:==================>           60%] [Cov:=================================> 95%]
[Progress:==================>           60%] [Cov:=================================> 95%]
[Progress:==================>           60%] [Cov:=================================> 95%]
[Progress:==================>           60%] [Cov:=================================> 95%]
[Progress:==================>           60%] [Cov:=================================> 96%]
[Progress:==================>           60%] [Cov:=================================> 96%]
[Progress:==================>           60%] [Cov:=================================> 96%]
[Progress:==================>           61%] [Cov:=================================> 96%]
[Progress:==================>           61%] [Cov:=================================> 96%]
[Progress:==================>           61%] [Cov:=================================> 96%]
[Progress:==================>           61%] [Cov:=================================> 96%]
[Progress:==================>           61%] [Cov:=================================> 96%]
[Progress:==================>           61%] [Cov:=================================> 96%]
[Progress:==================>           63%] [Cov:=================================> 96%]
[Progress:==================>           63%] [Cov:=================================> 96%]
[Progress:==================>           63%] [Cov:=================================> 96%]
[Progress:==================>           63%] [Cov:=================================> 96%]
[Progress:===================>          65%] [Cov:=================================> 96%]
[Progress:===================>          65%] [Cov:=================================> 96%]
[Progress:===================>          65%] [Cov:=================================> 96%]
[Progress:===================>          65%] [Cov:=================================> 96%]
[Progress:===================>          65%] [Cov:=================================> 96%]
[Progress:===================>          66%] [Cov:=================================> 96%]
[Progress:===================>          66%] [Cov:=================================> 96%]
[Progress:===================>          66%] [Cov:=================================> 96%]
[Progress:===================>          66%] [Cov:=================================> 96%]
[Progress:====================>         68%] [Cov:=================================> 96%]
[Progress:====================>         68%] [Cov:=================================> 96%]
[Progress:====================>         68%] [Cov:=================================> 96%]
[Progress:====================>         68%] [Cov:=================================> 96%]
[Progress:====================>         68%] [Cov:=================================> 96%]
[Progress:=====================>        70%] [Cov:=================================> 96%]
[Progress:=====================>        70%] [Cov:=================================> 96%]
[Progress:=====================>        70%] [Cov:=================================> 96%]
[Progress:=====================>        70%] [Cov:=================================> 96%]
[Progress:=====================>        70%] [Cov:=================================> 96%]
[Progress:=====================>        70%] [Cov:=================================> 96%]
[Progress:=====================>        71%] [Cov:=================================> 96%]
[Progress:=====================>        71%] [Cov:=================================> 96%]
[Progress:=====================>        71%] [Cov:=================================> 96%]
[Progress:=====================>        71%] [Cov:=================================> 96%]
[Progress:=====================>        71%] [Cov:=================================> 96%]
[Progress:=====================>        71%] [Cov:=================================> 96%]
[Progress:=====================>        73%] [Cov:=================================> 96%]
[Progress:=====================>        73%] [Cov:=================================> 96%]
[Progress:=====================>        73%] [Cov:=================================> 96%]
[Progress:=====================>        73%] [Cov:=================================> 96%]
[Progress:=====================>        73%] [Cov:=================================> 96%]
[Progress:=====================>        73%] [Cov:=================================> 96%]
[Progress:======================>       75%] [Cov:=================================> 96%]
[Progress:======================>       75%] [Cov:=================================> 96%]
[Progress:======================>       75%] [Cov:=================================> 96%]
[Progress:======================>       75%] [Cov:=================================> 96%]
[Progress:======================>       75%] [Cov:=================================> 96%]
[Progress:======================>       75%] [Cov:=================================> 96%]
[Progress:======================>       76%] [Cov:=================================> 96%]
[Progress:======================>       76%] [Cov:=================================> 96%]
[Progress:======================>       76%] [Cov:=================================> 96%]
[Progress:======================>       76%] [Cov:=================================> 96%]
[Progress:======================>       76%] [Cov:=================================> 96%]
[Progress:======================>       76%] [Cov:=================================> 96%]
[Progress:======================>       76%] [Cov:=================================> 96%]
[Progress:=======================>      78%] [Cov:=================================> 96%]
[Progress:=======================>      78%] [Cov:=================================> 96%]
[Progress:=======================>      78%] [Cov:=================================> 96%]
[Progress:=======================>      78%] [Cov:=================================> 96%]
[Progress:=======================>      78%] [Cov:=================================> 96%]
[Progress:========================>     80%] [Cov:=================================> 96%]
[Progress:========================>     80%] [Cov:=================================> 96%]
[Progress:========================>     80%] [Cov:=================================> 96%]
[Progress:========================>     80%] [Cov:=================================> 96%]
[Progress:========================>     80%] [Cov:=================================> 96%]
[Progress:========================>     81%] [Cov:=================================> 96%]
[Progress:========================>     81%] [Cov:=================================> 96%]
[Progress:========================>     81%] [Cov:=================================> 96%]
[Progress:========================>     81%] [Cov:=================================> 96%]
[Progress:========================>     81%] [Cov:=================================> 96%]
[Progress:========================>     83%] [Cov:=================================> 96%]
[Progress:========================>     83%] [Cov:=================================> 96%]
[Progress:========================>     83%] [Cov:=================================> 96%]
[Progress:========================>     83%] [Cov:=================================> 96%]
[Progress:========================>     83%] [Cov:=================================> 96%]
[Progress:========================>     83%] [Cov:=================================> 96%]
[Progress:========================>     83%] [Cov:=================================> 96%]
[Progress:========================>     83%] [Cov:=================================> 96%]
[Progress:========================>     83%] [Cov:=================================> 96%]
[Progress:========================>     83%] [Cov:=================================> 96%]
[Progress:========================>     83%] [Cov:=================================> 96%]
[Progress:=========================>    85%] [Cov:=================================> 96%]
[Progress:=========================>    85%] [Cov:=================================> 96%]
[Progress:=========================>    85%] [Cov:=================================> 96%]
[Progress:=========================>    85%] [Cov:=================================> 96%]
[Progress:=========================>    85%] [Cov:=================================> 96%]
[Progress:=========================>    85%] [Cov:=================================> 96%]
[Progress:=========================>    85%] [Cov:=================================> 96%]
[Progress:=========================>    85%] [Cov:=================================> 96%]
[Progress:=========================>    86%] [Cov:=================================> 96%]
[Progress:=========================>    86%] [Cov:=================================> 96%]
[Progress:=========================>    86%] [Cov:=================================> 96%]
[Progress:=========================>    86%] [Cov:=================================> 96%]
[Progress:=========================>    86%] [Cov:=================================> 96%]
[Progress:=========================>    86%] [Cov:=================================> 96%]
[Progress:==========================>   88%] [Cov:=================================> 96%]
[Progress:==========================>   88%] [Cov:=================================> 96%]
[Progress:==========================>   88%] [Cov:=================================> 96%]
[Progress:==========================>   88%] [Cov:=================================> 96%]
[Progress:==========================>   88%] [Cov:=================================> 96%]
[Progress:==========================>   88%] [Cov:=================================> 96%]
[Progress:===========================>  90%] [Cov:=================================> 96%]
[Progress:===========================>  90%] [Cov:=================================> 96%]
[Progress:===========================>  90%] [Cov:=================================> 96%]
[Progress:===========================>  90%] [Cov:=================================> 96%]
[Progress:===========================>  90%] [Cov:=================================> 96%]
[Progress:===========================>  91%] [Cov:=================================> 96%]
[Progress:===========================>  91%] [Cov:=================================> 96%]
[Progress:===========================>  91%] [Cov:=================================> 96%]
[Progress:===========================>  91%] [Cov:=================================> 96%]
[Progress:===========================>  91%] [Cov:=================================> 96%]
[Progress:===========================>  91%] [Cov:=================================> 96%]
[Progress:===========================>  93%] [Cov:=================================> 96%]
[Progress:===========================>  93%] [Cov:=================================> 96%]
[Progress:===========================>  93%] [Cov:=================================> 96%]
[Progress:===========================>  93%] [Cov:=================================> 96%]
[Progress:===========================>  93%] [Cov:=================================> 96%]
[Progress:============================> 95%] [Cov:=================================> 96%]
[Progress:============================> 95%] [Cov:=================================> 96%]
[Progress:============================> 95%] [Cov:=================================> 96%]
[Progress:============================> 95%] [Cov:=================================> 96%]
[Progress:============================> 95%] [Cov:=================================> 96%]
[Progress:============================> 95%] [Cov:=================================> 96%]
[Progress:============================> 96%] [Cov:=================================> 96%]
[Progress:============================> 96%] [Cov:=================================> 96%]
[Progress:============================> 96%] [Cov:=================================> 96%]
[Progress:============================> 96%] [Cov:=================================> 96%]
[Progress:============================> 96%] [Cov:=================================> 96%]
[Progress:============================> 96%] [Cov:=================================> 96%]
[Progress:============================> 96%] [Cov:=================================> 96%]
[Progress:=============================>98%] [Cov:=================================> 96%]
[Progress:=============================>98%] [Cov:=================================> 96%]
[Progress:=============================>98%] [Cov:=================================> 96%]
[Progress:=============================>98%] [Cov:=================================> 96%]
[Progress:=============================>98%] [Cov:=================================> 96%]
[Progress:=============================>98%] [Cov:=================================> 96%]
[Progress:==============================100%] [Cov:=================================> 96%]
[Progress:==============================100%] [Cov:=================================> 96%]
[Progress:==============================100%] [Cov:=================================> 96%]
[Progress:==============================100%] [Cov:=================================> 96%]
[Progress:==============================100%] [Cov:=================================> 96%]
[Progress:==============================100%] [Cov:=================================> 96%]
[Progress:==============================100%] [Cov:=================================> 96%]
[Progress:==============================100%] [Cov:=================================> 96%]
[Progress:==============================100%] [Cov:=================================> 96%]
* Search finished after 62s and 219 generations, 115809 statements, best individual has fitness: 13.594330104923326
* Minimizing test suite
* Going to analyze the coverage criteria
* Coverage analysis for criterion LINE
* Coverage of criterion LINE: 99%
* Total number of goals: 201
* Number of covered goals: 199
* Coverage analysis for criterion BRANCH
* Coverage of criterion BRANCH: 92%
* Total number of goals: 149
* Number of covered goals: 137
* Coverage analysis for criterion EXCEPTION
* Coverage of criterion EXCEPTION: 100%
* Total number of goals: 58
* Number of covered goals: 58
* Generated 87 tests with total length 287
* Resulting test suite's coverage: 97% (average coverage for all fitness functions)
* Generating assertions
[MASTER] 10:42:41.655 [logback-1] WARN  SimpleMutationAssertionGenerator - Assertion minimization is taking too long (0.9946% of time used, but only 8/87 tests minimized), falling back to using all assertions
[MASTER] 10:42:42.201 [logback-1] WARN  SimpleMutationAssertionGenerator - Reached maximum time to generate assertions, aborting assertion generation
* Resulting test suite's mutation score: 4%
* Compiling and checking tests
* Permissions denied during test execution: 
  - java.lang.RuntimePermission: 
         writeFileDescriptor: 9
* Writing tests to file
* Writing JUnit test case 'HelpFormatter_ESTest' to /work/evo_out/Cli_32f/budget60_seed1/tests
* Done!

* Computation finished

[exit=0 timeout=False time=191.3s]

$ javac -nowarn -cp /work/Cli_32f/target/classes:/opt/defects4j/framework/projects/lib/junit-4.12-hamcrest-1.3.jar:/work/Cli_32f/target/classes:/work/Cli_32f/target/test-classes:/opt/evosuite/evosuite-standalone-runtime-1.2.0.jar -d /work/evo_out/Cli_32f/budget60_seed1/classes /work/evo_out/Cli_32f/budget60_seed1/tests/org/apache/commons/cli/HelpFormatter_ESTest.java /work/evo_out/Cli_32f/budget60_seed1/tests/org/apache/commons/cli/HelpFormatter_ESTest_scaffolding.java
Note: /work/evo_out/Cli_32f/budget60_seed1/tests/org/apache/commons/cli/HelpFormatter_ESTest.java uses or overrides a deprecated API.
Note: Recompile with -Xlint:deprecation for details.
Note: /work/evo_out/Cli_32f/budget60_seed1/tests/org/apache/commons/cli/HelpFormatter_ESTest.java uses unchecked or unsafe operations.
Note: Recompile with -Xlint:unchecked for details.

[exit=0 timeout=False time=1.0s]

$ java -jar /opt/jacoco/lib/jacococli.jar instrument /work/Cli_32f/target/classes --dest /work/evo_out/Cli_32f/budget60_seed1/instrumented
[INFO] 24 classes instrumented to /work/evo_out/Cli_32f/budget60_seed1/instrumented.

[exit=0 timeout=False time=0.2s]

$ java -Djacoco-agent.destfile=/workspace/EvoSuite/Result_Round1/Cli_32/budget60_seed1/jacoco.exec -cp /work/evo_out/Cli_32f/budget60_seed1/instrumented:/work/evo_out/Cli_32f/budget60_seed1/classes:/opt/defects4j/framework/projects/lib/junit-4.12-hamcrest-1.3.jar:/work/Cli_32f/target/classes:/work/Cli_32f/target/test-classes:/opt/evosuite/evosuite-standalone-runtime-1.2.0.jar:/opt/jacoco/lib/jacocoagent.jar org.junit.runner.JUnitCore org.apache.commons.cli.HelpFormatter_ESTest
JUnit version 4.12
........usage: iy&L&aSx}=C+5+4_ [-o5W <arg>]
iy&L&aSx}=C+5+4_
java.lang.StringBuffer@0000000005
iy&L&aSx}=C+5+4_
.usa
 ge
 :
 [-
 0b
 M
 <a
 rg
 >]
 [-
 ar
 g
 <a
 rg
 >]
0bM
jav
 a.
 la
 ng
 .S
 tr
 in
 gB
 uf
 fe
 r@
 00
 00
 00
 00
 06
jav
 a.
 la
 ng
 .S
 tr
 in
 gB
 uf
 fe
 r@
 00
 00
 00
 00
 07
 0b
 M
0bM
..usa
 ge
 :
 [-
 ar
 g
 <
 >]
0bM
jav
 a.
 la
 ng
 .S
 tr
 in
 gB
 uf
 fe
 r@
 00
 00
 00
 00
 05
 0b
 M
0bM
....usage: iy&L&aSx}=C+5+4_ -o5W
iy&L&aSx}=C+5+4_
java.lang.StringBuffer@0000000006   --
iy&L&aSx}=C+5+4_
.....usage: iy&L&aSx}=C+5+4_ [-o5W]
iy&L&aSx}=C+5+4_
java.lang.StringBuffer@0000000006   --
iy&L&aSx}=C+5+4_
..................usage: [

..........usage: q:5Ms9
q:5Ms9

' contains an illegal character : '
.....usage:
       
java.lang.StringBuffer@0000000005   --
.........usage:

--
.......usage:
       

..................
Time: 0.982

OK (87 tests)

SLF4J: Failed to load class "org.slf4j.impl.StaticLoggerBinder".
SLF4J: Defaulting to no-operation (NOP) logger implementation
SLF4J: See http://www.slf4j.org/codes.html#StaticLoggerBinder for further details.
WARNING: An illegal reflective access operation has occurred
WARNING: Illegal reflective access by org.evosuite.runtime.GuiSupport (file:/opt/evosuite/evosuite-standalone-runtime-1.2.0.jar) to field java.awt.GraphicsEnvironment.headless
WARNING: Please consider reporting this to the maintainers of org.evosuite.runtime.GuiSupport
WARNING: Use --illegal-access=warn to enable warnings of further illegal reflective access operations
WARNING: All illegal access operations will be denied in a future release

[exit=0 timeout=False time=1.2s]

$ java -jar /opt/jacoco/lib/jacococli.jar report /workspace/EvoSuite/Result_Round1/Cli_32/budget60_seed1/jacoco.exec --classfiles /work/Cli_32f/target/classes --csv /workspace/EvoSuite/Result_Round1/Cli_32/budget60_seed1/jacoco.csv
[INFO] Loading execution data file /workspace/EvoSuite/Result_Round1/Cli_32/budget60_seed1/jacoco.exec.
[INFO] Analyzing 22 classes.

[exit=0 timeout=False time=0.2s]

$ java -cp /work/evo_out/Cli_32f/budget60_seed1/classes:/opt/defects4j/framework/projects/lib/junit-4.12-hamcrest-1.3.jar:/work/Cli_32b/target/classes:/work/Cli_32b/target/test-classes:/opt/evosuite/evosuite-standalone-runtime-1.2.0.jar org.junit.runner.JUnitCore org.apache.commons.cli.HelpFormatter_ESTest
JUnit version 4.12
.E.....E..usage: iy&L&aSx}=C+5+4_ [-o5W <arg>]
iy&L&aSx}=C+5+4_
java.lang.StringBuffer@0000000005
iy&L&aSx}=C+5+4_
.E..E..E.E.usage: iy&L&aSx}=C+5+4_ -o5W
iy&L&aSx}=C+5+4_
java.lang.StringBuffer@0000000006   --
iy&L&aSx}=C+5+4_
.....usage: iy&L&aSx}=C+5+4_ [-o5W]
iy&L&aSx}=C+5+4_
java.lang.StringBuffer@0000000006   --
iy&L&aSx}=C+5+4_
............E......usage: [

..E..E....E..usage: q:5Ms9
q:5Ms9

' contains an illegal character : '
.....usage:
       
java.lang.StringBuffer@0000000005   --
..E.......usage:

--
.E......usage:
       

.........E.........
Time: 0.814
There were 13 failures:
1) test50(org.apache.commons.cli.HelpFormatter_ESTest)
java.lang.StringIndexOutOfBoundsException: String index out of range: 17
	at java.base/java.lang.StringLatin1.charAt(StringLatin1.java:47)
	at java.base/java.lang.String.charAt(String.java:693)
	at org.apache.commons.cli.HelpFormatter.findWrapPos(HelpFormatter.java:937)
	at org.apache.commons.cli.HelpFormatter.renderWrappedText(HelpFormatter.java:870)
	at org.apache.commons.cli.HelpFormatter.printWrapped(HelpFormatter.java:727)
	at org.apache.commons.cli.HelpFormatter.printUsage(HelpFormatter.java:592)
	at org.apache.commons.cli.HelpFormatter.printHelp(HelpFormatter.java:510)
	at org.apache.commons.cli.HelpFormatter.printHelp(HelpFormatter.java:451)
	at org.apache.commons.cli.HelpFormatter.printHelp(HelpFormatter.java:414)
	at org.apache.commons.cli.HelpFormatter_ESTest.test50(HelpFormatter_ESTest.java:778)
	at java.base/jdk.internal.reflect.NativeMethodAccessorImpl.invoke0(Native Method)
	at java.base/jdk.internal.reflect.NativeMethodAccessorImpl.invoke(NativeMethodAccessorImpl.java:62)
	at java.base/jdk.internal.reflect.DelegatingMethodAccessorImpl.invoke(DelegatingMethodAccessorImpl.java:43)
	at java.base/java.lang.reflect.Method.invoke(Method.java:566)
	at org.junit.runners.model.FrameworkMethod$1.runReflectiveCall(FrameworkMethod.java:50)
	at org.junit.internal.runners.model.ReflectiveCallable.run(ReflectiveCallable.java:12)
	at org.junit.runners.model.FrameworkMethod.invokeExplosively(FrameworkMethod.java:47)
	at org.junit.internal.runners.statements.InvokeMethod.evaluate(InvokeMethod.java:17)
	at org.junit.internal.runners.statements.FailOnTimeout$CallableStatement.call(FailOnTimeout.java:298)
	at org.junit.internal.runners.statements.FailOnTimeout$CallableStatement.call(FailOnTimeout.java:292)
	at java.base/java.util.concurrent.FutureTask.run(FutureTask.java:264)
	at java.base/java.lang.Thread.run(Thread.java:829)
2) test19(org.apache.commons.cli.HelpFormatter_ESTest)
java.lang.StringIndexOutOfBoundsException: String index out of range: 11
	at java.base/java.lang.StringLatin1.charAt(StringLatin1.java:47)
	at java.base/java.lang.String.charAt(String.java:693)
	at org.apache.commons.cli.HelpFormatter.findWrapPos(HelpFormatter.java:937)
	at org.apache.commons.cli.HelpFormatter.renderWrappedText(HelpFormatter.java:870)
	at org.apache.commons.cli.HelpFormatter.renderOptions(HelpFormatter.java:823)
	at org.apache.commons.cli.HelpFormatter.printOptions(HelpFormatter.java:699)
	at org.apache.commons.cli.HelpFormatter_ESTest.test19(HelpFormatter_ESTest.java:277)
	at java.base/jdk.internal.reflect.NativeMethodAccessorImpl.invoke0(Native Method)
	at java.base/jdk.internal.reflect.NativeMethodAccessorImpl.invoke(NativeMethodAccessorImpl.java:62)
	at java.base/jdk.internal.reflect.DelegatingMethodAccessorImpl.invoke(DelegatingMethodAccessorImpl.java:43)
	at java.base/java.lang.reflect.Method.invoke(Method.java:566)
	at org.junit.runners.model.FrameworkMethod$1.runReflectiveCall(FrameworkMethod.java:50)
	at org.junit.internal.runners.model.ReflectiveCallable.run(ReflectiveCallable.java:12)
	at org.junit.runners.model.FrameworkMethod.invokeExplosively(FrameworkMethod.java:47)
	at org.junit.internal.runners.statements.InvokeMethod.evaluate(InvokeMethod.java:17)
	at org.junit.internal.runners.statements.FailOnTimeout$CallableStatement.call(FailOnTimeout.java:298)
	at org.junit.internal.runners.statements.FailOnTimeout$CallableStatement.call(FailOnTimeout.java:292)
	at java.base/java.util.concurrent.FutureTask.run(FutureTask.java:264)
	at java.base/java.lang.Thread.run(Thread.java:829)
3) test53(org.apache.commons.cli.HelpFormatter_ESTest)
java.lang.StringIndexOutOfBoundsException: String index out of range: 7
	at java.base/java.lang.StringLatin1.charAt(StringLatin1.java:47)
	at java.base/java.lang.String.charAt(String.java:693)
	at org.apache.commons.cli.HelpFormatter.findWrapPos(HelpFormatter.java:937)
	at org.apache.commons.cli.HelpFormatter.renderWrappedText(HelpFormatter.java:870)
	at org.apache.commons.cli.HelpFormatter.printWrapped(HelpFormatter.java:727)
	at org.apache.commons.cli.HelpFormatter.printUsage(HelpFormatter.java:592)
	at org.apache.commons.cli.HelpFormatter.printHelp(HelpFormatter.java:510)
	at org.apache.commons.cli.HelpFormatter.printHelp(HelpFormatter.java:451)
	at org.apache.commons.cli.HelpFormatter_ESTest.test53(HelpFormatter_ESTest.java:945)
	at java.base/jdk.internal.reflect.NativeMethodAccessorImpl.invoke0(Native Method)
	at java.base/jdk.internal.reflect.NativeMethodAccessorImpl.invoke(NativeMethodAccessorImpl.java:62)
	at java.base/jdk.internal.reflect.DelegatingMethodAccessorImpl.invoke(DelegatingMethodAccessorImpl.java:43)
	at java.base/java.lang.reflect.Method.invoke(Method.java:566)
	at org.junit.runners.model.FrameworkMethod$1.runReflectiveCall(FrameworkMethod.java:50)
	at org.junit.internal.runners.model.ReflectiveCallable.run(ReflectiveCallable.java:12)
	at org.junit.runners.model.FrameworkMethod.invokeExplosively(FrameworkMethod.java:47)
	at org.junit.internal.runners.statements.InvokeMethod.evaluate(InvokeMethod.java:17)
	at org.junit.internal.runners.statements.FailOnTimeout$CallableStatement.call(FailOnTimeout.java:298)
	at org.junit.internal.runners.statements.FailOnTimeout$CallableStatement.call(FailOnTimeout.java:292)
	at java.base/java.util.concurrent.FutureTask.run(FutureTask.java:264)
	at java.base/java.lang.Thread.run(Thread.java:829)
4) test56(org.apache.commons.cli.HelpFormatter_ESTest)
java.lang.StringIndexOutOfBoundsException: String index out of range: 4
	at java.base/java.lang.StringLatin1.charAt(StringLatin1.java:47)
	at java.base/java.lang.String.charAt(String.java:693)
	at org.apache.commons.cli.HelpFormatter.findWrapPos(HelpFormatter.java:937)
	at org.apache.commons.cli.HelpFormatter.renderWrappedText(HelpFormatter.java:870)
	at org.apache.commons.cli.HelpFormatter.renderOptions(HelpFormatter.java:823)
	at org.apache.commons.cli.HelpFormatter.printOptions(HelpFormatter.java:699)
	at org.apache.commons.cli.HelpFormatter.printHelp(HelpFormatter.java:522)
	at org.apache.commons.cli.HelpFormatter.printHelp(HelpFormatter.java:451)
	at org.apache.commons.cli.HelpFormatter_ESTest.test56(HelpFormatter_ESTest.java:1159)
	at java.base/jdk.internal.reflect.NativeMethodAccessorImpl.invoke0(Native Method)
	at java.base/jdk.internal.reflect.NativeMethodAccessorImpl.invoke(NativeMethodAccessorImpl.java:62)
	at java.base/jdk.internal.reflect.DelegatingMethodAccessorImpl.invoke(DelegatingMethodAccessorImpl.java:43)
	at java.base/java.lang.reflect.Method.invoke(Method.java:566)
	at org.junit.runners.model.FrameworkMethod$1.runReflectiveCall(FrameworkMethod.java:50)
	at org.junit.internal.runners.model.ReflectiveCallable.run(ReflectiveCallable.java:12)
	at org.junit.runners.model.FrameworkMethod.invokeExplosively(FrameworkMethod.java:47)
	at org.junit.internal.runners.statements.InvokeMethod.evaluate(InvokeMethod.java:17)
	at org.junit.internal.runners.statements.FailOnTimeout$CallableStatement.call(FailOnTimeout.java:298)
	at org.junit.internal.runners.statements.FailOnTimeout$CallableStatement.call(FailOnTimeout.java:292)
	at java.base/java.util.concurrent.FutureTask.run(FutureTask.java:264)
	at java.base/java.lang.Thread.run(Thread.java:829)
5) test55(org.apache.commons.cli.HelpFormatter_ESTest)
java.lang.StringIndexOutOfBoundsException: String index out of range: -1
	at java.base/java.lang.StringLatin1.charAt(StringLatin1.java:47)
	at java.base/java.lang.String.charAt(String.java:693)
	at org.apache.commons.cli.HelpFormatter.findWrapPos(HelpFormatter.java:937)
	at org.apache.commons.cli.HelpFormatter.renderWrappedText(HelpFormatter.java:848)
	at org.apache.commons.cli.HelpFormatter.renderOptions(HelpFormatter.java:823)
	at org.apache.commons.cli.HelpFormatter_ESTest.test55(HelpFormatter_ESTest.java:1064)
	at java.base/jdk.internal.reflect.NativeMethodAccessorImpl.invoke0(Native Method)
	at java.base/jdk.internal.reflect.NativeMethodAccessorImpl.invoke(NativeMethodAccessorImpl.java:62)
	at java.base/jdk.internal.reflect.DelegatingMethodAccessorImpl.invoke(DelegatingMethodAccessorImpl.java:43)
	at java.base/java.lang.reflect.Method.invoke(Method.java:566)
	at org.junit.runners.model.FrameworkMethod$1.runReflectiveCall(FrameworkMethod.java:50)
	at org.junit.internal.runners.model.ReflectiveCallable.run(ReflectiveCallable.java:12)
	at org.junit.runners.model.FrameworkMethod.invokeExplosively(FrameworkMethod.java:47)
	at org.junit.internal.runners.statements.InvokeMethod.evaluate(InvokeMethod.java:17)
	at org.junit.internal.runners.statements.FailOnTimeout$CallableStatement.call(FailOnTimeout.java:298)
	at org.junit.internal.runners.statements.FailOnTimeout$CallableStatement.call(FailOnTimeout.java:292)
	at java.base/java.util.concurrent.FutureTask.run(FutureTask.java:264)
	at java.base/java.lang.Thread.run(Thread.java:829)
6) test14(org.apache.commons.cli.HelpFormatter_ESTest)
java.lang.StringIndexOutOfBoundsException: String index out of range: 7
	at java.base/java.lang.StringLatin1.charAt(StringLatin1.java:47)
	at java.base/java.lang.String.charAt(String.java:693)
	at org.apache.commons.cli.HelpFormatter.findWrapPos(HelpFormatter.java:937)
	at org.apache.commons.cli.HelpFormatter.renderWrappedText(HelpFormatter.java:870)
	at org.apache.commons.cli.HelpFormatter.printWrapped(HelpFormatter.java:727)
	at org.apache.commons.cli.HelpFormatter.printUsage(HelpFormatter.java:592)
	at org.apache.commons.cli.HelpFormatter_ESTest.test14(HelpFormatter_ESTest.java:212)
	at java.base/jdk.internal.reflect.NativeMethodAccessorImpl.invoke0(Native Method)
	at java.base/jdk.internal.reflect.NativeMethodAccessorImpl.invoke(NativeMethodAccessorImpl.java:62)
	at java.base/jdk.internal.reflect.DelegatingMethodAccessorImpl.invoke(DelegatingMethodAccessorImpl.java:43)
	at java.base/java.lang.reflect.Method.invoke(Method.java:566)
	at org.junit.runners.model.FrameworkMethod$1.runReflectiveCall(FrameworkMethod.java:50)
	at org.junit.internal.runners.model.ReflectiveCallable.run(ReflectiveCallable.java:12)
	at org.junit.runners.model.FrameworkMethod.invokeExplosively(FrameworkMethod.java:47)
	at org.junit.internal.runners.statements.InvokeMethod.evaluate(InvokeMethod.java:17)
	at org.junit.internal.runners.statements.FailOnTimeout$CallableStatement.call(FailOnTimeout.java:298)
	at org.junit.internal.runners.statements.FailOnTimeout$CallableStatement.call(FailOnTimeout.java:292)
	at java.base/java.util.concurrent.FutureTask.run(FutureTask.java:264)
	at java.base/java.lang.Thread.run(Thread.java:829)
7) test08(org.apache.commons.cli.HelpFormatter_ESTest)
java.lang.StringIndexOutOfBoundsException: String index out of range: 1
	at java.base/java.lang.StringLatin1.charAt(StringLatin1.java:47)
	at java.base/java.lang.String.charAt(String.java:693)
	at org.apache.commons.cli.HelpFormatter.findWrapPos(HelpFormatter.java:937)
	at org.apache.commons.cli.HelpFormatter.renderWrappedText(HelpFormatter.java:848)
	at org.apache.commons.cli.HelpFormatter.printWrapped(HelpFormatter.java:727)
	at org.apache.commons.cli.HelpFormatter.printWrapped(HelpFormatter.java:712)
	at org.apache.commons.cli.HelpFormatter_ESTest.test08(HelpFormatter_ESTest.java:138)
	at java.base/jdk.internal.reflect.NativeMethodAccessorImpl.invoke0(Native Method)
	at java.base/jdk.internal.reflect.NativeMethodAccessorImpl.invoke(NativeMethodAccessorImpl.java:62)
	at java.base/jdk.internal.reflect.DelegatingMethodAccessorImpl.invoke(DelegatingMethodAccessorImpl.java:43)
	at java.base/java.lang.reflect.Method.invoke(Method.java:566)
	at org.junit.runners.model.FrameworkMethod$1.runReflectiveCall(FrameworkMethod.java:50)
	at org.junit.internal.runners.model.ReflectiveCallable.run(ReflectiveCallable.java:12)
	at org.junit.runners.model.FrameworkMethod.invokeExplosively(FrameworkMethod.java:47)
	at org.junit.internal.runners.statements.InvokeMethod.evaluate(InvokeMethod.java:17)
	at org.junit.internal.runners.statements.FailOnTimeout$CallableStatement.call(FailOnTimeout.java:298)
	at org.junit.internal.runners.statements.FailOnTimeout$CallableStatement.call(FailOnTimeout.java:292)
	at java.base/java.util.concurrent.FutureTask.run(FutureTask.java:264)
	at java.base/java.lang.Thread.run(Thread.java:829)
8) test03(org.apache.commons.cli.HelpFormatter_ESTest)
java.lang.StringIndexOutOfBoundsException: String index out of range: -1
	at java.base/java.lang.StringLatin1.charAt(StringLatin1.java:47)
	at java.base/java.lang.String.charAt(String.java:693)
	at org.apache.commons.cli.HelpFormatter.findWrapPos(HelpFormatter.java:937)
	at org.apache.commons.cli.HelpFormatter.renderWrappedText(HelpFormatter.java:848)
	at org.apache.commons.cli.HelpFormatter_ESTest.test03(HelpFormatter_ESTest.java:60)
	at java.base/jdk.internal.reflect.NativeMethodAccessorImpl.invoke0(Native Method)
	at java.base/jdk.internal.reflect.NativeMethodAccessorImpl.invoke(NativeMethodAccessorImpl.java:62)
	at java.base/jdk.internal.reflect.DelegatingMethodAccessorImpl.invoke(DelegatingMethodAccessorImpl.java:43)
	at java.base/java.lang.reflect.Method.invoke(Method.java:566)
	at org.junit.runners.model.FrameworkMethod$1.runReflectiveCall(FrameworkMethod.java:50)
	at org.junit.internal.runners.model.ReflectiveCallable.run(ReflectiveCallable.java:12)
	at org.junit.runners.model.FrameworkMethod.invokeExplosively(FrameworkMethod.java:47)
	at org.junit.internal.runners.statements.InvokeMethod.evaluate(InvokeMethod.java:17)
	at org.junit.internal.runners.statements.FailOnTimeout$CallableStatement.call(FailOnTimeout.java:298)
	at org.junit.internal.runners.statements.FailOnTimeout$CallableStatement.call(FailOnTimeout.java:292)
	at java.base/java.util.concurrent.FutureTask.run(FutureTask.java:264)
	at java.base/java.lang.Thread.run(Thread.java:829)
9) test02(org.apache.commons.cli.HelpFormatter_ESTest)
java.lang.StringIndexOutOfBoundsException: String index out of range: 13
	at java.base/java.lang.StringLatin1.charAt(StringLatin1.java:47)
	at java.base/java.lang.String.charAt(String.java:693)
	at org.apache.commons.cli.HelpFormatter.findWrapPos(HelpFormatter.java:937)
	at org.apache.commons.cli.HelpFormatter.renderWrappedText(HelpFormatter.java:848)
	at org.apache.commons.cli.HelpFormatter_ESTest.test02(HelpFormatter_ESTest.java:52)
	at java.base/jdk.internal.reflect.NativeMethodAccessorImpl.invoke0(Native Method)
	at java.base/jdk.internal.reflect.NativeMethodAccessorImpl.invoke(NativeMethodAccessorImpl.java:62)
	at java.base/jdk.internal.reflect.DelegatingMethodAccessorImpl.invoke(DelegatingMethodAccessorImpl.java:43)
	at java.base/java.lang.reflect.Method.invoke(Method.java:566)
	at org.junit.runners.model.FrameworkMethod$1.runReflectiveCall(FrameworkMethod.java:50)
	at org.junit.internal.runners.model.ReflectiveCallable.run(ReflectiveCallable.java:12)
	at org.junit.runners.model.FrameworkMethod.invokeExplosively(FrameworkMethod.java:47)
	at org.junit.internal.runners.statements.InvokeMethod.evaluate(InvokeMethod.java:17)
	at org.junit.internal.runners.statements.FailOnTimeout$CallableStatement.call(FailOnTimeout.java:298)
	at org.junit.internal.runners.statements.FailOnTimeout$CallableStatement.call(FailOnTimeout.java:292)
	at java.base/java.util.concurrent.FutureTask.run(FutureTask.java:264)
	at java.base/java.lang.Thread.run(Thread.java:829)
10) test04(org.apache.commons.cli.HelpFormatter_ESTest)
java.lang.StringIndexOutOfBoundsException: String index out of range: 16
	at java.base/java.lang.StringLatin1.charAt(StringLatin1.java:47)
	at java.base/java.lang.String.charAt(String.java:693)
	at org.apache.commons.cli.HelpFormatter.findWrapPos(HelpFormatter.java:937)
	at org.apache.commons.cli.HelpFormatter.renderWrappedText(HelpFormatter.java:848)
	at org.apache.commons.cli.HelpFormatter_ESTest.test04(HelpFormatter_ESTest.java:77)
	at java.base/jdk.internal.reflect.NativeMethodAccessorImpl.invoke0(Native Method)
	at java.base/jdk.internal.reflect.NativeMethodAccessorImpl.invoke(NativeMethodAccessorImpl.java:62)
	at java.base/jdk.internal.reflect.DelegatingMethodAccessorImpl.invoke(DelegatingMethodAccessorImpl.java:43)
	at java.base/java.lang.reflect.Method.invoke(Method.java:566)
	at org.junit.runners.model.FrameworkMethod$1.runReflectiveCall(FrameworkMethod.java:50)
	at org.junit.internal.runners.model.ReflectiveCallable.run(ReflectiveCallable.java:12)
	at org.junit.runners.model.FrameworkMethod.invokeExplosively(FrameworkMethod.java:47)
	at org.junit.internal.runners.statements.InvokeMethod.evaluate(InvokeMethod.java:17)
	at org.junit.internal.runners.statements.FailOnTimeout$CallableStatement.call(FailOnTimeout.java:298)
	at org.junit.internal.runners.statements.FailOnTimeout$CallableStatement.call(FailOnTimeout.java:292)
	at java.base/java.util.concurrent.FutureTask.run(FutureTask.java:264)
	at java.base/java.lang.Thread.run(Thread.java:829)
11) test32(org.apache.commons.cli.HelpFormatter_ESTest)
java.lang.StringIndexOutOfBoundsException: String index out of range: 7
	at java.base/java.lang.StringLatin1.charAt(StringLatin1.java:47)
	at java.base/java.lang.String.charAt(String.java:693)
	at org.apache.commons.cli.HelpFormatter.findWrapPos(HelpFormatter.java:937)
	at org.apache.commons.cli.HelpFormatter.renderWrappedText(HelpFormatter.java:870)
	at org.apache.commons.cli.HelpFormatter.printWrapped(HelpFormatter.java:727)
	at org.apache.commons.cli.HelpFormatter.printUsage(HelpFormatter.java:679)
	at org.apache.commons.cli.HelpFormatter.printHelp(HelpFormatter.java:514)
	at org.apache.commons.cli.HelpFormatter.printHelp(HelpFormatter.java:451)
	at org.apache.commons.cli.HelpFormatter.printHelp(HelpFormatter.java:414)
	at org.apache.commons.cli.HelpFormatter.printHelp(HelpFormatter.java:397)
	at org.apache.commons.cli.HelpFormatter_ESTest.test32(HelpFormatter_ESTest.java:478)
	at java.base/jdk.internal.reflect.NativeMethodAccessorImpl.invoke0(Native Method)
	at java.base/jdk.internal.reflect.NativeMethodAccessorImpl.invoke(NativeMethodAccessorImpl.java:62)
	at java.base/jdk.internal.reflect.DelegatingMethodAccessorImpl.invoke(DelegatingMethodAccessorImpl.java:43)
	at java.base/java.lang.reflect.Method.invoke(Method.java:566)
	at org.junit.runners.model.FrameworkMethod$1.runReflectiveCall(FrameworkMethod.java:50)
	at org.junit.internal.runners.model.ReflectiveCallable.run(ReflectiveCallable.java:12)
	at org.junit.runners.model.FrameworkMethod.invokeExplosively(FrameworkMethod.java:47)
	at org.junit.internal.runners.statements.InvokeMethod.evaluate(InvokeMethod.java:17)
	at org.junit.internal.runners.statements.FailOnTimeout$CallableStatement.call(FailOnTimeout.java:298)
	at org.junit.internal.runners.statements.FailOnTimeout$CallableStatement.call(FailOnTimeout.java:292)
	at java.base/java.util.concurrent.FutureTask.run(FutureTask.java:264)
	at java.base/java.lang.Thread.run(Thread.java:829)
12) test36(org.apache.commons.cli.HelpFormatter_ESTest)
java.lang.StringIndexOutOfBoundsException: String index out of range: 2
	at java.base/java.lang.StringLatin1.charAt(StringLatin1.java:47)
	at java.base/java.lang.String.charAt(String.java:693)
	at org.apache.commons.cli.HelpFormatter.findWrapPos(HelpFormatter.java:937)
	at org.apache.commons.cli.HelpFormatter.renderWrappedText(HelpFormatter.java:870)
	at org.apache.commons.cli.HelpFormatter.printWrapped(HelpFormatter.java:727)
	at org.apache.commons.cli.HelpFormatter.printUsage(HelpFormatter.java:679)
	at org.apache.commons.cli.HelpFormatter.printHelp(HelpFormatter.java:514)
	at org.apache.commons.cli.HelpFormatter.printHelp(HelpFormatter.java:476)
	at org.apache.commons.cli.HelpFormatter_ESTest.test36(HelpFormatter_ESTest.java:537)
	at java.base/jdk.internal.reflect.NativeMethodAccessorImpl.invoke0(Native Method)
	at java.base/jdk.internal.reflect.NativeMethodAccessorImpl.invoke(NativeMethodAccessorImpl.java:62)
	at java.base/jdk.internal.reflect.DelegatingMethodAccessorImpl.invoke(DelegatingMethodAccessorImpl.java:43)
	at java.base/java.lang.reflect.Method.invoke(Method.java:566)
	at org.junit.runners.model.FrameworkMethod$1.runReflectiveCall(FrameworkMethod.java:50)
	at org.junit.internal.runners.model.ReflectiveCallable.run(ReflectiveCallable.java:12)
	at org.junit.runners.model.FrameworkMethod.invokeExplosively(FrameworkMethod.java:47)
	at org.junit.internal.runners.statements.InvokeMethod.evaluate(InvokeMethod.java:17)
	at org.junit.internal.runners.statements.FailOnTimeout$CallableStatement.call(FailOnTimeout.java:298)
	at org.junit.internal.runners.statements.FailOnTimeout$CallableStatement.call(FailOnTimeout.java:292)
	at java.base/java.util.concurrent.FutureTask.run(FutureTask.java:264)
	at java.base/java.lang.Thread.run(Thread.java:829)
13) test23(org.apache.commons.cli.HelpFormatter_ESTest)
java.lang.StringIndexOutOfBoundsException: String index out of range: 9
	at java.base/java.lang.StringLatin1.charAt(StringLatin1.java:47)
	at java.base/java.lang.String.charAt(String.java:693)
	at org.apache.commons.cli.HelpFormatter.findWrapPos(HelpFormatter.java:937)
	at org.apache.commons.cli.HelpFormatter.renderWrappedText(HelpFormatter.java:870)
	at org.apache.commons.cli.HelpFormatter.printWrapped(HelpFormatter.java:727)
	at org.apache.commons.cli.HelpFormatter.printUsage(HelpFormatter.java:679)
	at org.apache.commons.cli.HelpFormatter.printHelp(HelpFormatter.java:514)
	at org.apache.commons.cli.HelpFormatter.printHelp(HelpFormatter.java:451)
	at org.apache.commons.cli.HelpFormatter.printHelp(HelpFormatter.java:367)
	at org.apache.commons.cli.HelpFormatter_ESTest.test23(HelpFormatter_ESTest.java:339)
	at java.base/jdk.internal.reflect.NativeMethodAccessorImpl.invoke0(Native Method)
	at java.base/jdk.internal.reflect.NativeMethodAccessorImpl.invoke(NativeMethodAccessorImpl.java:62)
	at java.base/jdk.internal.reflect.DelegatingMethodAccessorImpl.invoke(DelegatingMethodAccessorImpl.java:43)
	at java.base/java.lang.reflect.Method.invoke(Method.java:566)
	at org.junit.runners.model.FrameworkMethod$1.runReflectiveCall(FrameworkMethod.java:50)
	at org.junit.internal.runners.model.ReflectiveCallable.run(ReflectiveCallable.java:12)
	at org.junit.runners.model.FrameworkMethod.invokeExplosively(FrameworkMethod.java:47)
	at org.junit.internal.runners.statements.InvokeMethod.evaluate(InvokeMethod.java:17)
	at org.junit.internal.runners.statements.FailOnTimeout$CallableStatement.call(FailOnTimeout.java:298)
	at org.junit.internal.runners.statements.FailOnTimeout$CallableStatement.call(FailOnTimeout.java:292)
	at java.base/java.util.concurrent.FutureTask.run(FutureTask.java:264)
	at java.base/java.lang.Thread.run(Thread.java:829)

FAILURES!!!
Tests run: 87,  Failures: 13

SLF4J: Failed to load class "org.slf4j.impl.StaticLoggerBinder".
SLF4J: Defaulting to no-operation (NOP) logger implementation
SLF4J: See http://www.slf4j.org/codes.html#StaticLoggerBinder for further details.
WARNING: An illegal reflective access operation has occurred
WARNING: Illegal reflective access by org.evosuite.runtime.GuiSupport (file:/opt/evosuite/evosuite-standalone-runtime-1.2.0.jar) to field java.awt.GraphicsEnvironment.headless
WARNING: Please consider reporting this to the maintainers of org.evosuite.runtime.GuiSupport
WARNING: Use --illegal-access=warn to enable warnings of further illegal reflective access operations
WARNING: All illegal access operations will be denied in a future release

[exit=1 timeout=False time=1.0s]
