
$ javac -nowarn -encoding UTF-8 -cp /work/Codec_14f/target/classes:/work/Codec_14f/src/main/resources:/work/Codec_14f/target/tests:/opt/defects4j/framework/projects/lib/junit-4.12-hamcrest-1.3.jar:/work/Codec_14f/src/main/resources/commons-lang3-3.8.1.jar:/opt/defects4j/framework/projects/Codec/lib/junit/junit/4.12/junit-4.12.jar:/opt/defects4j/framework/projects/Codec/lib/org/apache/commons/commons-lang3/3.4/commons-lang3-3.4.jar:/opt/defects4j/framework/projects/Codec/lib/org/apache/commons/commons-lang3/3.8.1/commons-lang3-3.8.1.jar:/opt/defects4j/framework/projects/Codec/lib/org/hamcrest/hamcrest-core/1.3/hamcrest-core-1.3.jar:/work/jqwik_harness:/workspace/lib/jqwik/jqwik-1.7.4.jar:/workspace/lib/jqwik/jqwik-api-1.7.4.jar:/workspace/lib/jqwik/jqwik-engine-1.7.4.jar -d /work/jqwik_out/Codec_14/auto_round1_tries200_seed3/classes_f /workspace/jqwik/Auto/Codec_14/org/apache/commons/codec/language/bm/Lang_AutoPbtTest.java /workspace/jqwik/Auto/Codec_14/org/apache/commons/codec/language/bm/PhoneticEngine_AutoPbtTest.java /workspace/jqwik/Auto/Codec_14/org/apache/commons/codec/language/bm/Rule_AutoPbtTest.java

[exit=0 timeout=False time=5.3s]

$ javac -nowarn -encoding UTF-8 -cp /work/Codec_14b/target/classes:/work/Codec_14b/src/main/resources:/work/Codec_14b/target/tests:/opt/defects4j/framework/projects/lib/junit-4.12-hamcrest-1.3.jar:/work/Codec_14b/src/main/resources/commons-lang3-3.8.1.jar:/opt/defects4j/framework/projects/Codec/lib/junit/junit/4.12/junit-4.12.jar:/opt/defects4j/framework/projects/Codec/lib/org/apache/commons/commons-lang3/3.4/commons-lang3-3.4.jar:/opt/defects4j/framework/projects/Codec/lib/org/apache/commons/commons-lang3/3.8.1/commons-lang3-3.8.1.jar:/opt/defects4j/framework/projects/Codec/lib/org/hamcrest/hamcrest-core/1.3/hamcrest-core-1.3.jar:/work/jqwik_harness:/workspace/lib/jqwik/jqwik-1.7.4.jar:/workspace/lib/jqwik/jqwik-api-1.7.4.jar:/workspace/lib/jqwik/jqwik-engine-1.7.4.jar -d /work/jqwik_out/Codec_14/auto_round1_tries200_seed3/classes_b /workspace/jqwik/Auto/Codec_14/org/apache/commons/codec/language/bm/Lang_AutoPbtTest.java /workspace/jqwik/Auto/Codec_14/org/apache/commons/codec/language/bm/PhoneticEngine_AutoPbtTest.java /workspace/jqwik/Auto/Codec_14/org/apache/commons/codec/language/bm/Rule_AutoPbtTest.java

[exit=0 timeout=False time=4.9s]

$ java -Djava.awt.headless=true -Xss4m -Xmx1g -Dpbt.seed=3 -Dpbt.tries=200 -Dpbt.snapshot.dir=/work/jqwik_out/Codec_14/auto_round1_tries200_seed3/snapshots -Dpbt.propertyBudgetMs=5000 -Dpbt.mask=/work/Codec_14f:/work/Codec_14b:/work/jqwik_out/Codec_14/auto_round1_tries200_seed3/classes_f:/work/jqwik_out/Codec_14/auto_round1_tries200_seed3/classes_b -Dpbt.mode=record -jar /workspace/lib/jqwik/junit-platform-console-standalone-1.9.3.jar --disable-banner --details tree --class-path /work/jqwik_out/Codec_14/auto_round1_tries200_seed3/classes_f:/work/Codec_14f/target/classes:/work/Codec_14f/src/main/resources:/work/Codec_14f/target/tests:/opt/defects4j/framework/projects/lib/junit-4.12-hamcrest-1.3.jar:/work/Codec_14f/src/main/resources/commons-lang3-3.8.1.jar:/opt/defects4j/framework/projects/Codec/lib/junit/junit/4.12/junit-4.12.jar:/opt/defects4j/framework/projects/Codec/lib/org/apache/commons/commons-lang3/3.4/commons-lang3-3.4.jar:/opt/defects4j/framework/projects/Codec/lib/org/apache/commons/commons-lang3/3.8.1/commons-lang3-3.8.1.jar:/opt/defects4j/framework/projects/Codec/lib/org/hamcrest/hamcrest-core/1.3/hamcrest-core-1.3.jar:/work/jqwik_harness:/workspace/lib/jqwik/jqwik-1.7.4.jar:/workspace/lib/jqwik/jqwik-api-1.7.4.jar:/workspace/lib/jqwik/jqwik-engine-1.7.4.jar --scan-class-path /work/jqwik_out/Codec_14/auto_round1_tries200_seed3/classes_f --include-classname .* --include-engine jqwik --config jqwik.database=/workspace/jqwik/Result_auto_Round1/Codec_14/tries200_seed3/reports_record/jqwik-database --config jqwik.tries.default=200 --reports-dir /workspace/jqwik/Result_auto_Round1/Codec_14/tries200_seed3/reports_record
failure = SAMPLE_FIRST  | try previously failed sample, then previous seed
when-fixed-seed = ALLOW       | fixing the random seed is allowed
edge-cases#mode = NONE        | edge cases are not explicitly generated
seed = 3                      | random seed to reproduce generated values


timestamp = 2026-09-27T04:55:30.026279, Lang AutoPbtTest:m002 instance = 
                              |-----------------------jqwik-----------------------
tries = 4                     | # of calls to property
checks = 4                    | # of not rejected calls
generation = EXHAUSTIVE       | parameters are exhaustively generated
after-failure = SAMPLE_FIRST  | try previously failed sample, then previous seed
when-fixed-seed = ALLOW       | fixing the random seed is allowed
edge-cases#mode = NONE        | edge cases are not explicitly generated
seed = 3                      | random seed to reproduce generated values


timestamp = 2026-09-27T04:55:30.323741, Lang AutoPbtTest:m000 guessLanguage = 
                              |-----------------------jqwik-----------------------
tries = 200                   | # of calls to property
checks = 200                  | # of not rejected calls
generation = RANDOMIZED       | parameters are randomly generated
after-failure = SAMPLE_FIRST  | try previously failed sample, then previous seed
when-fixed-seed = ALLOW       | fixing the random seed is allowed
edge-cases#mode = NONE        | edge cases are not explicitly generated
seed = 3                      | random seed to reproduce generated values


timestamp = 2026-09-27T04:55:30.532167, Lang AutoPbtTest:m001 guessLanguages = 
                              |-----------------------jqwik-----------------------
tries = 200                   | # of calls to property
checks = 200                  | # of not rejected calls
generation = RANDOMIZED       | parameters are randomly generated
after-failure = SAMPLE_FIRST  | try previously failed sample, then previous seed
when-fixed-seed = ALLOW       | fixing the random seed is allowed
edge-cases#mode = NONE        | edge cases are not explicitly generated
seed = 3                      | random seed to reproduce generated values


[36m╷[0m
[36m└─[0m [36mjqwik (JUnit Platform)[0m [32m✔[0m
[36m   ├─[0m [36mPhoneticEngine AutoPbtTest[0m [32m✔[0m
[36m   │  ├─[0m [34mm000 encode[0m [32m✔[0m
[36m   │  ├─[0m [34mm003 getMaxPhonemes[0m [32m✔[0m
[36m   │  ├─[0m [34mm005 getRuleType[0m [32m✔[0m
[36m   │  ├─[0m [34mm001 encode[0m [32m✔[0m
[36m   │  ├─[0m [34mm006 isConcat[0m [32m✔[0m
[36m   │  ├─[0m [34mm004 getNameType[0m [32m✔[0m
[36m   │  └─[0m [34mm002 getLang[0m [32m✔[0m
[36m   ├─[0m [36mRule AutoPbtTest[0m [32m✔[0m
[36m   │  ├─[0m [34mm007 getRContext[0m [32m✔[0m
[36m   │  ├─[0m [34mm008 patternAndContextMatches[0m [32m✔[0m
[36m   │  ├─[0m [34mm003 getInstanceMap[0m [32m✔[0m
[36m   │  ├─[0m [34mm005 getPattern[0m [32m✔[0m
[36m   │  ├─[0m [34mm006 getPhoneme[0m [32m✔[0m
[36m   │  ├─[0m [34mm002 getInstanceMap[0m [32m✔[0m
[36m   │  ├─[0m [34mm001 getInstance[0m [32m✔[0m
[36m   │  ├─[0m [34mm000 getInstance[0m [32m✔[0m
[36m   │  └─[0m [34mm004 getLContext[0m [32m✔[0m
[36m   └─[0m [36mLang AutoPbtTest[0m [32m✔[0m
[36m      ├─[0m [34mm003 loadFromResource[0m [32m✔[0m
[36m      ├─[0m [34mm002 instance[0m [32m✔[0m
[36m      ├─[0m [34mm000 guessLanguage[0m [32m✔[0m
[36m      └─[0m [34mm001 guessLanguages[0m [32m✔[0m

Test run finished after 12274 ms
[         4 containers found      ]
[         0 containers skipped    ]
[         4 containers started    ]
[         0 containers aborted    ]
[         4 containers successful ]
[         0 containers failed     ]
[        20 tests found           ]
[         0 tests skipped         ]
[        20 tests started         ]
[         0 tests aborted         ]
[        20 tests successful      ]
[         0 tests failed          ]


[exit=0 timeout=False time=17.9s]

$ java -Djava.awt.headless=true -Xss4m -Xmx1g -Dpbt.seed=3 -Dpbt.tries=200 -Dpbt.snapshot.dir=/work/jqwik_out/Codec_14/auto_round1_tries200_seed3/snapshots -Dpbt.propertyBudgetMs=5000 -Dpbt.mask=/work/Codec_14f:/work/Codec_14b:/work/jqwik_out/Codec_14/auto_round1_tries200_seed3/classes_f:/work/jqwik_out/Codec_14/auto_round1_tries200_seed3/classes_b -Dpbt.mode=check -javaagent:/opt/jacoco/lib/jacocoagent.jar=destfile=/workspace/jqwik/Result_auto_Round1/Codec_14/tries200_seed3/jacoco.exec -jar /workspace/lib/jqwik/junit-platform-console-standalone-1.9.3.jar --disable-banner --details tree --class-path /work/jqwik_out/Codec_14/auto_round1_tries200_seed3/classes_f:/work/Codec_14f/target/classes:/work/Codec_14f/src/main/resources:/work/Codec_14f/target/tests:/opt/defects4j/framework/projects/lib/junit-4.12-hamcrest-1.3.jar:/work/Codec_14f/src/main/resources/commons-lang3-3.8.1.jar:/opt/defects4j/framework/projects/Codec/lib/junit/junit/4.12/junit-4.12.jar:/opt/defects4j/framework/projects/Codec/lib/org/apache/commons/commons-lang3/3.4/commons-lang3-3.4.jar:/opt/defects4j/framework/projects/Codec/lib/org/apache/commons/commons-lang3/3.8.1/commons-lang3-3.8.1.jar:/opt/defects4j/framework/projects/Codec/lib/org/hamcrest/hamcrest-core/1.3/hamcrest-core-1.3.jar:/work/jqwik_harness:/workspace/lib/jqwik/jqwik-1.7.4.jar:/workspace/lib/jqwik/jqwik-api-1.7.4.jar:/workspace/lib/jqwik/jqwik-engine-1.7.4.jar --scan-class-path /work/jqwik_out/Codec_14/auto_round1_tries200_seed3/classes_f --include-classname .* --include-engine jqwik --config jqwik.database=/workspace/jqwik/Result_auto_Round1/Codec_14/tries200_seed3/reports_fixed/jqwik-database --config jqwik.tries.default=200 --reports-dir /workspace/jqwik/Result_auto_Round1/Codec_14/tries200_seed3/reports_fixed
-failure = SAMPLE_FIRST  | try previously failed sample, then previous seed
when-fixed-seed = ALLOW       | fixing the random seed is allowed
edge-cases#mode = NONE        | edge cases are not explicitly generated
seed = 3                      | random seed to reproduce generated values


timestamp = 2026-09-27T04:55:41.385540, Lang AutoPbtTest:m002 instance = 
                              |-----------------------jqwik-----------------------
tries = 4                     | # of calls to property
checks = 4                    | # of not rejected calls
generation = EXHAUSTIVE       | parameters are exhaustively generated
after-failure = SAMPLE_FIRST  | try previously failed sample, then previous seed
when-fixed-seed = ALLOW       | fixing the random seed is allowed
edge-cases#mode = NONE        | edge cases are not explicitly generated
seed = 3                      | random seed to reproduce generated values


timestamp = 2026-09-27T04:55:41.653656, Lang AutoPbtTest:m000 guessLanguage = 
                              |-----------------------jqwik-----------------------
tries = 200                   | # of calls to property
checks = 200                  | # of not rejected calls
generation = RANDOMIZED       | parameters are randomly generated
after-failure = SAMPLE_FIRST  | try previously failed sample, then previous seed
when-fixed-seed = ALLOW       | fixing the random seed is allowed
edge-cases#mode = NONE        | edge cases are not explicitly generated
seed = 3                      | random seed to reproduce generated values


timestamp = 2026-09-27T04:55:41.869955, Lang AutoPbtTest:m001 guessLanguages = 
                              |-----------------------jqwik-----------------------
tries = 200                   | # of calls to property
checks = 200                  | # of not rejected calls
generation = RANDOMIZED       | parameters are randomly generated
after-failure = SAMPLE_FIRST  | try previously failed sample, then previous seed
when-fixed-seed = ALLOW       | fixing the random seed is allowed
edge-cases#mode = NONE        | edge cases are not explicitly generated
seed = 3                      | random seed to reproduce generated values


[36m╷[0m
[36m└─[0m [36mjqwik (JUnit Platform)[0m [32m✔[0m
[36m   ├─[0m [36mPhoneticEngine AutoPbtTest[0m [32m✔[0m
[36m   │  ├─[0m [34mm000 encode[0m [32m✔[0m
[36m   │  ├─[0m [34mm003 getMaxPhonemes[0m [32m✔[0m
[36m   │  ├─[0m [34mm005 getRuleType[0m [32m✔[0m
[36m   │  ├─[0m [34mm001 encode[0m [32m✔[0m
[36m   │  ├─[0m [34mm006 isConcat[0m [32m✔[0m
[36m   │  ├─[0m [34mm004 getNameType[0m [32m✔[0m
[36m   │  └─[0m [34mm002 getLang[0m [32m✔[0m
[36m   ├─[0m [36mRule AutoPbtTest[0m [32m✔[0m
[36m   │  ├─[0m [34mm007 getRContext[0m [32m✔[0m
[36m   │  ├─[0m [34mm008 patternAndContextMatches[0m [32m✔[0m
[36m   │  ├─[0m [34mm003 getInstanceMap[0m [32m✔[0m
[36m   │  ├─[0m [34mm005 getPattern[0m [32m✔[0m
[36m   │  ├─[0m [34mm006 getPhoneme[0m [32m✔[0m
[36m   │  ├─[0m [34mm002 getInstanceMap[0m [32m✔[0m
[36m   │  ├─[0m [34mm001 getInstance[0m [32m✔[0m
[36m   │  ├─[0m [34mm000 getInstance[0m [32m✔[0m
[36m   │  └─[0m [34mm004 getLContext[0m [32m✔[0m
[36m   └─[0m [36mLang AutoPbtTest[0m [32m✔[0m
[36m      ├─[0m [34mm003 loadFromResource[0m [32m✔[0m
[36m      ├─[0m [34mm002 instance[0m [32m✔[0m
[36m      ├─[0m [34mm000 guessLanguage[0m [32m✔[0m
[36m      └─[0m [34mm001 guessLanguages[0m [32m✔[0m

Test run finished after 7190 ms
[         4 containers found      ]
[         0 containers skipped    ]
[         4 containers started    ]
[         0 containers aborted    ]
[         4 containers successful ]
[         0 containers failed     ]
[        20 tests found           ]
[         0 tests skipped         ]
[        20 tests started         ]
[         0 tests aborted         ]
[        20 tests successful      ]
[         0 tests failed          ]


[exit=0 timeout=False time=18.8s]

$ java -jar /opt/jacoco/lib/jacococli.jar report /workspace/jqwik/Result_auto_Round1/Codec_14/tries200_seed3/jacoco.exec --classfiles /work/Codec_14f/target/classes --csv /workspace/jqwik/Result_auto_Round1/Codec_14/tries200_seed3/jacoco.csv
[INFO] Loading execution data file /workspace/jqwik/Result_auto_Round1/Codec_14/tries200_seed3/jacoco.exec.
[INFO] Analyzing 75 classes.

[exit=0 timeout=False time=0.4s]

$ java -Djava.awt.headless=true -Xss4m -Xmx1g -Dpbt.seed=3 -Dpbt.tries=200 -Dpbt.snapshot.dir=/work/jqwik_out/Codec_14/auto_round1_tries200_seed3/snapshots -Dpbt.propertyBudgetMs=5000 -Dpbt.mask=/work/Codec_14f:/work/Codec_14b:/work/jqwik_out/Codec_14/auto_round1_tries200_seed3/classes_f:/work/jqwik_out/Codec_14/auto_round1_tries200_seed3/classes_b -Dpbt.mode=check -jar /workspace/lib/jqwik/junit-platform-console-standalone-1.9.3.jar --disable-banner --details tree --class-path /work/jqwik_out/Codec_14/auto_round1_tries200_seed3/classes_b:/work/Codec_14b/target/classes:/work/Codec_14b/src/main/resources:/work/Codec_14b/target/tests:/opt/defects4j/framework/projects/lib/junit-4.12-hamcrest-1.3.jar:/work/Codec_14b/src/main/resources/commons-lang3-3.8.1.jar:/opt/defects4j/framework/projects/Codec/lib/junit/junit/4.12/junit-4.12.jar:/opt/defects4j/framework/projects/Codec/lib/org/apache/commons/commons-lang3/3.4/commons-lang3-3.4.jar:/opt/defects4j/framework/projects/Codec/lib/org/apache/commons/commons-lang3/3.8.1/commons-lang3-3.8.1.jar:/opt/defects4j/framework/projects/Codec/lib/org/hamcrest/hamcrest-core/1.3/hamcrest-core-1.3.jar:/work/jqwik_harness:/workspace/lib/jqwik/jqwik-1.7.4.jar:/workspace/lib/jqwik/jqwik-api-1.7.4.jar:/workspace/lib/jqwik/jqwik-engine-1.7.4.jar --scan-class-path /work/jqwik_out/Codec_14/auto_round1_tries200_seed3/classes_b --include-classname .* --include-engine jqwik --config jqwik.database=/workspace/jqwik/Result_auto_Round1/Codec_14/tries200_seed3/reports_buggy/jqwik-database --config jqwik.tries.default=200 --reports-dir /workspace/jqwik/Result_auto_Round1/Codec_14/tries200_seed3/reports_buggy
n$2(CheckedPropertyFactory.java:91)
       [...]
  jqwik (JUnit Platform):PhoneticEngine AutoPbtTest:m001 encode
    MethodSource [className = 'org.apache.commons.codec.language.bm.PhoneticEngine_AutoPbtTest', methodName = 'm001_encode', methodParameterTypes = 'pbt.auto.AutoTarget$Call']
    => java.lang.AssertionError: [regression] org.apache.commons.codec.language.bm.PhoneticEngine.encode(java.lang.String,org.apache.commons.codec.language.bm.Languages$LanguageSet)
  input:    new PhoneticEngine.<init>[NameType.ASHKENAZI, RuleType.APPROX, Boolean:false].encode["g X4YBp#Hv", new Languages$LanguageSet.from[set["a.b.c", "E-75x2eEe", "a.b.c", "\u14c1\u6d91\u86a8i\ud3c7\ubd2a"]]]
  expected: ret="k-ksipf" | this=obj org.apache.commons.codec.language.bm.PhoneticEngine
  actual:   ret="k-ksipf|ksipxf" | this=obj org.apache.commons.codec.language.bm.PhoneticEngine
       pbt.auto.AutoTarget.check(AutoTarget.java:127)
       org.apache.commons.codec.language.bm.PhoneticEngine_AutoPbtTest.m001_encode(PhoneticEngine_AutoPbtTest.java:26)
       java.base/jdk.internal.reflect.NativeMethodAccessorImpl.invoke0(Native Method)
       java.base/jdk.internal.reflect.NativeMethodAccessorImpl.invoke(NativeMethodAccessorImpl.java:62)
       java.base/jdk.internal.reflect.DelegatingMethodAccessorImpl.invoke(DelegatingMethodAccessorImpl.java:43)
       java.base/java.lang.reflect.Method.invoke(Method.java:566)
       org.junit.platform.commons.util.ReflectionUtils.invokeMethod(ReflectionUtils.java:727)
       org.junit.platform.commons.support.ReflectionSupport.invokeMethod(ReflectionSupport.java:198)
       net.jqwik.engine.execution.CheckedPropertyFactory.lambda$createRawFunction$1(CheckedPropertyFactory.java:84)
       net.jqwik.engine.execution.CheckedPropertyFactory.lambda$createRawFunction$2(CheckedPropertyFactory.java:91)
       [...]
  jqwik (JUnit Platform):Lang AutoPbtTest:m001 guessLanguages
    MethodSource [className = 'org.apache.commons.codec.language.bm.Lang_AutoPbtTest', methodName = 'm001_guessLanguages', methodParameterTypes = 'pbt.auto.AutoTarget$Call']
    => java.lang.AssertionError: [regression] org.apache.commons.codec.language.bm.Lang.guessLanguages(java.lang.String)
  input:    new Lang.instance[NameType.SEPHARDIC].guessLanguages["true"]
  expected: ret=SomeLanguages:Languages([spanish, italian, portuguese, any, french]) | this=obj org.apache.commons.codec.language.bm.Lang
  actual:   ret=SomeLanguages:Languages([spanish, hebrew, italian, portuguese, any, french]) | this=obj org.apache.commons.codec.language.bm.Lang
       pbt.auto.AutoTarget.check(AutoTarget.java:127)
       org.apache.commons.codec.language.bm.Lang_AutoPbtTest.m001_guessLanguages(Lang_AutoPbtTest.java:26)
       java.base/jdk.internal.reflect.NativeMethodAccessorImpl.invoke0(Native Method)
       java.base/jdk.internal.reflect.NativeMethodAccessorImpl.invoke(NativeMethodAccessorImpl.java:62)
       java.base/jdk.internal.reflect.DelegatingMethodAccessorImpl.invoke(DelegatingMethodAccessorImpl.java:43)
       java.base/java.lang.reflect.Method.invoke(Method.java:566)
       org.junit.platform.commons.util.ReflectionUtils.invokeMethod(ReflectionUtils.java:727)
       org.junit.platform.commons.support.ReflectionSupport.invokeMethod(ReflectionSupport.java:198)
       net.jqwik.engine.execution.CheckedPropertyFactory.lambda$createRawFunction$1(CheckedPropertyFactory.java:84)
       net.jqwik.engine.execution.CheckedPropertyFactory.lambda$createRawFunction$2(CheckedPropertyFactory.java:91)
       [...]

Test run finished after 1946 ms
[         4 containers found      ]
[         0 containers skipped    ]
[         4 containers started    ]
[         0 containers aborted    ]
[         4 containers successful ]
[         0 containers failed     ]
[        20 tests found           ]
[         0 tests skipped         ]
[        20 tests started         ]
[         0 tests aborted         ]
[        17 tests successful      ]
[         3 tests failed          ]


[exit=1 timeout=False time=3.0s]
