
$ javac -nowarn -encoding UTF-8 -cp /work/JacksonCore_6f/target/classes:/opt/defects4j/framework/projects/JacksonCore/lib/junit/junit/4.8.2/junit-4.8.2.jar:/work/JacksonCore_6f/target/test-classes:/opt/defects4j/framework/projects/lib/junit-4.12-hamcrest-1.3.jar:/opt/defects4j/framework/projects/JacksonCore/lib/junit/junit/4.11/junit-4.11.jar:/opt/defects4j/framework/projects/JacksonCore/lib/junit/junit/4.12/junit-4.12.jar:/opt/defects4j/framework/projects/JacksonCore/lib/org/hamcrest/hamcrest-core/1.3/hamcrest-core-1.3.jar:/work/jqwik_harness:/workspace/lib/jqwik/jqwik-1.7.4.jar:/workspace/lib/jqwik/jqwik-api-1.7.4.jar:/workspace/lib/jqwik/jqwik-engine-1.7.4.jar -d /work/jqwik_out/JacksonCore_6/auto_round1_tries200_seed3/classes_f /workspace/jqwik/Auto/JacksonCore_6/com/fasterxml/jackson/core/JsonPointer_AutoPbtTest.java

[exit=0 timeout=False time=4.4s]

$ javac -nowarn -encoding UTF-8 -cp /work/JacksonCore_6b/target/classes:/opt/defects4j/framework/projects/JacksonCore/lib/junit/junit/4.8.2/junit-4.8.2.jar:/work/JacksonCore_6b/target/test-classes:/opt/defects4j/framework/projects/lib/junit-4.12-hamcrest-1.3.jar:/opt/defects4j/framework/projects/JacksonCore/lib/junit/junit/4.11/junit-4.11.jar:/opt/defects4j/framework/projects/JacksonCore/lib/junit/junit/4.12/junit-4.12.jar:/opt/defects4j/framework/projects/JacksonCore/lib/org/hamcrest/hamcrest-core/1.3/hamcrest-core-1.3.jar:/work/jqwik_harness:/workspace/lib/jqwik/jqwik-1.7.4.jar:/workspace/lib/jqwik/jqwik-api-1.7.4.jar:/workspace/lib/jqwik/jqwik-engine-1.7.4.jar -d /work/jqwik_out/JacksonCore_6/auto_round1_tries200_seed3/classes_b /workspace/jqwik/Auto/JacksonCore_6/com/fasterxml/jackson/core/JsonPointer_AutoPbtTest.java

[exit=0 timeout=False time=4.0s]

$ java -Djava.awt.headless=true -Xss4m -Xmx1g -Dpbt.seed=3 -Dpbt.tries=200 -Dpbt.snapshot.dir=/work/jqwik_out/JacksonCore_6/auto_round1_tries200_seed3/snapshots -Dpbt.propertyBudgetMs=5000 -Dpbt.mask=/work/JacksonCore_6f:/work/JacksonCore_6b:/work/jqwik_out/JacksonCore_6/auto_round1_tries200_seed3/classes_f:/work/jqwik_out/JacksonCore_6/auto_round1_tries200_seed3/classes_b -Dpbt.mode=record -jar /workspace/lib/jqwik/junit-platform-console-standalone-1.9.3.jar --disable-banner --details tree --class-path /work/jqwik_out/JacksonCore_6/auto_round1_tries200_seed3/classes_f:/work/JacksonCore_6f/target/classes:/opt/defects4j/framework/projects/JacksonCore/lib/junit/junit/4.8.2/junit-4.8.2.jar:/work/JacksonCore_6f/target/test-classes:/opt/defects4j/framework/projects/lib/junit-4.12-hamcrest-1.3.jar:/opt/defects4j/framework/projects/JacksonCore/lib/junit/junit/4.11/junit-4.11.jar:/opt/defects4j/framework/projects/JacksonCore/lib/junit/junit/4.12/junit-4.12.jar:/opt/defects4j/framework/projects/JacksonCore/lib/org/hamcrest/hamcrest-core/1.3/hamcrest-core-1.3.jar:/work/jqwik_harness:/workspace/lib/jqwik/jqwik-1.7.4.jar:/workspace/lib/jqwik/jqwik-api-1.7.4.jar:/workspace/lib/jqwik/jqwik-engine-1.7.4.jar --scan-class-path /work/jqwik_out/JacksonCore_6/auto_round1_tries200_seed3/classes_f --include-classname .* --include-engine jqwik --config jqwik.database=/workspace/jqwik/Result_auto_Round1/JacksonCore_6/tries200_seed3/reports_record/jqwik-database --config jqwik.tries.default=200 --reports-dir /workspace/jqwik/Result_auto_Round1/JacksonCore_6/tries200_seed3/reports_record
4, JsonPointer AutoPbtTest:contract equalsHashCode = 
                              |-----------------------jqwik-----------------------
tries = 200                   | # of calls to property
checks = 200                  | # of not rejected calls
generation = RANDOMIZED       | parameters are randomly generated
after-failure = SAMPLE_FIRST  | try previously failed sample, then previous seed
when-fixed-seed = ALLOW       | fixing the random seed is allowed
edge-cases#mode = NONE        | edge cases are not explicitly generated
seed = 3                      | random seed to reproduce generated values


timestamp = 2026-09-27T06:30:09.688720, JsonPointer AutoPbtTest:m001  parseTail = 
                              |-----------------------jqwik-----------------------
tries = 200                   | # of calls to property
checks = 200                  | # of not rejected calls
generation = RANDOMIZED       | parameters are randomly generated
after-failure = SAMPLE_FIRST  | try previously failed sample, then previous seed
when-fixed-seed = ALLOW       | fixing the random seed is allowed
edge-cases#mode = NONE        | edge cases are not explicitly generated
seed = 3                      | random seed to reproduce generated values


timestamp = 2026-09-27T06:30:09.949977, JsonPointer AutoPbtTest:m007 matchElement = 
                              |-----------------------jqwik-----------------------
tries = 200                   | # of calls to property
checks = 200                  | # of not rejected calls
generation = RANDOMIZED       | parameters are randomly generated
after-failure = SAMPLE_FIRST  | try previously failed sample, then previous seed
when-fixed-seed = ALLOW       | fixing the random seed is allowed
edge-cases#mode = NONE        | edge cases are not explicitly generated
seed = 3                      | random seed to reproduce generated values


timestamp = 2026-09-27T06:30:10.162234, JsonPointer AutoPbtTest:m006 hashCode = 
                              |-----------------------jqwik-----------------------
tries = 200                   | # of calls to property
checks = 200                  | # of not rejected calls
generation = RANDOMIZED       | parameters are randomly generated
after-failure = SAMPLE_FIRST  | try previously failed sample, then previous seed
when-fixed-seed = ALLOW       | fixing the random seed is allowed
edge-cases#mode = NONE        | edge cases are not explicitly generated
seed = 3                      | random seed to reproduce generated values


[36m╷[0m
[36m└─[0m [36mjqwik (JUnit Platform)[0m [32m✔[0m
[36m   └─[0m [36mJsonPointer AutoPbtTest[0m [32m✔[0m
[36m      ├─[0m [34mm004 getMatchingIndex[0m [32m✔[0m
[36m      ├─[0m [34mm014 valueOf[0m [32m✔[0m
[36m      ├─[0m [34mm002 compile[0m [32m✔[0m
[36m      ├─[0m [34mm009 matches[0m [32m✔[0m
[36m      ├─[0m [34mm013 toString[0m [32m✔[0m
[36m      ├─[0m [34mm000  parseQuotedTail[0m [32m✔[0m
[36m      ├─[0m [34mm005 getMatchingProperty[0m [32m✔[0m
[36m      ├─[0m [34mm008 matchProperty[0m [32m✔[0m
[36m      ├─[0m [34mm003 equals[0m [32m✔[0m
[36m      ├─[0m [34mm012 tail[0m [32m✔[0m
[36m      ├─[0m [34mm011 mayMatchProperty[0m [32m✔[0m
[36m      ├─[0m [34mm010 mayMatchElement[0m [32m✔[0m
[36m      ├─[0m [34mcontract equalsHashCode[0m [32m✔[0m
[36m      ├─[0m [34mm001  parseTail[0m [32m✔[0m
[36m      ├─[0m [34mm007 matchElement[0m [32m✔[0m
[36m      └─[0m [34mm006 hashCode[0m [32m✔[0m

Test run finished after 9084 ms
[         2 containers found      ]
[         0 containers skipped    ]
[         2 containers started    ]
[         0 containers aborted    ]
[         2 containers successful ]
[         0 containers failed     ]
[        16 tests found           ]
[         0 tests skipped         ]
[        16 tests started         ]
[         0 tests aborted         ]
[        16 tests successful      ]
[         0 tests failed          ]


[exit=0 timeout=False time=13.8s]

$ java -Djava.awt.headless=true -Xss4m -Xmx1g -Dpbt.seed=3 -Dpbt.tries=200 -Dpbt.snapshot.dir=/work/jqwik_out/JacksonCore_6/auto_round1_tries200_seed3/snapshots -Dpbt.propertyBudgetMs=5000 -Dpbt.mask=/work/JacksonCore_6f:/work/JacksonCore_6b:/work/jqwik_out/JacksonCore_6/auto_round1_tries200_seed3/classes_f:/work/jqwik_out/JacksonCore_6/auto_round1_tries200_seed3/classes_b -Dpbt.mode=check -javaagent:/opt/jacoco/lib/jacocoagent.jar=destfile=/workspace/jqwik/Result_auto_Round1/JacksonCore_6/tries200_seed3/jacoco.exec -jar /workspace/lib/jqwik/junit-platform-console-standalone-1.9.3.jar --disable-banner --details tree --class-path /work/jqwik_out/JacksonCore_6/auto_round1_tries200_seed3/classes_f:/work/JacksonCore_6f/target/classes:/opt/defects4j/framework/projects/JacksonCore/lib/junit/junit/4.8.2/junit-4.8.2.jar:/work/JacksonCore_6f/target/test-classes:/opt/defects4j/framework/projects/lib/junit-4.12-hamcrest-1.3.jar:/opt/defects4j/framework/projects/JacksonCore/lib/junit/junit/4.11/junit-4.11.jar:/opt/defects4j/framework/projects/JacksonCore/lib/junit/junit/4.12/junit-4.12.jar:/opt/defects4j/framework/projects/JacksonCore/lib/org/hamcrest/hamcrest-core/1.3/hamcrest-core-1.3.jar:/work/jqwik_harness:/workspace/lib/jqwik/jqwik-1.7.4.jar:/workspace/lib/jqwik/jqwik-api-1.7.4.jar:/workspace/lib/jqwik/jqwik-engine-1.7.4.jar --scan-class-path /work/jqwik_out/JacksonCore_6/auto_round1_tries200_seed3/classes_f --include-classname .* --include-engine jqwik --config jqwik.database=/workspace/jqwik/Result_auto_Round1/JacksonCore_6/tries200_seed3/reports_fixed/jqwik-database --config jqwik.tries.default=200 --reports-dir /workspace/jqwik/Result_auto_Round1/JacksonCore_6/tries200_seed3/reports_fixed
, JsonPointer AutoPbtTest:contract equalsHashCode = 
                              |-----------------------jqwik-----------------------
tries = 200                   | # of calls to property
checks = 200                  | # of not rejected calls
generation = RANDOMIZED       | parameters are randomly generated
after-failure = SAMPLE_FIRST  | try previously failed sample, then previous seed
when-fixed-seed = ALLOW       | fixing the random seed is allowed
edge-cases#mode = NONE        | edge cases are not explicitly generated
seed = 3                      | random seed to reproduce generated values


timestamp = 2026-09-27T06:30:32.636556, JsonPointer AutoPbtTest:m001  parseTail = 
                              |-----------------------jqwik-----------------------
tries = 200                   | # of calls to property
checks = 200                  | # of not rejected calls
generation = RANDOMIZED       | parameters are randomly generated
after-failure = SAMPLE_FIRST  | try previously failed sample, then previous seed
when-fixed-seed = ALLOW       | fixing the random seed is allowed
edge-cases#mode = NONE        | edge cases are not explicitly generated
seed = 3                      | random seed to reproduce generated values


timestamp = 2026-09-27T06:30:33.476857, JsonPointer AutoPbtTest:m007 matchElement = 
                              |-----------------------jqwik-----------------------
tries = 200                   | # of calls to property
checks = 200                  | # of not rejected calls
generation = RANDOMIZED       | parameters are randomly generated
after-failure = SAMPLE_FIRST  | try previously failed sample, then previous seed
when-fixed-seed = ALLOW       | fixing the random seed is allowed
edge-cases#mode = NONE        | edge cases are not explicitly generated
seed = 3                      | random seed to reproduce generated values


timestamp = 2026-09-27T06:30:33.898202, JsonPointer AutoPbtTest:m006 hashCode = 
                              |-----------------------jqwik-----------------------
tries = 200                   | # of calls to property
checks = 200                  | # of not rejected calls
generation = RANDOMIZED       | parameters are randomly generated
after-failure = SAMPLE_FIRST  | try previously failed sample, then previous seed
when-fixed-seed = ALLOW       | fixing the random seed is allowed
edge-cases#mode = NONE        | edge cases are not explicitly generated
seed = 3                      | random seed to reproduce generated values


[36m╷[0m
[36m└─[0m [36mjqwik (JUnit Platform)[0m [32m✔[0m
[36m   └─[0m [36mJsonPointer AutoPbtTest[0m [32m✔[0m
[36m      ├─[0m [34mm004 getMatchingIndex[0m [32m✔[0m
[36m      ├─[0m [34mm014 valueOf[0m [32m✔[0m
[36m      ├─[0m [34mm002 compile[0m [32m✔[0m
[36m      ├─[0m [34mm009 matches[0m [32m✔[0m
[36m      ├─[0m [34mm013 toString[0m [32m✔[0m
[36m      ├─[0m [34mm000  parseQuotedTail[0m [32m✔[0m
[36m      ├─[0m [34mm005 getMatchingProperty[0m [32m✔[0m
[36m      ├─[0m [34mm008 matchProperty[0m [32m✔[0m
[36m      ├─[0m [34mm003 equals[0m [32m✔[0m
[36m      ├─[0m [34mm012 tail[0m [32m✔[0m
[36m      ├─[0m [34mm011 mayMatchProperty[0m [32m✔[0m
[36m      ├─[0m [34mm010 mayMatchElement[0m [32m✔[0m
[36m      ├─[0m [34mcontract equalsHashCode[0m [32m✔[0m
[36m      ├─[0m [34mm001  parseTail[0m [32m✔[0m
[36m      ├─[0m [34mm007 matchElement[0m [32m✔[0m
[36m      └─[0m [34mm006 hashCode[0m [32m✔[0m

Test run finished after 15215 ms
[         2 containers found      ]
[         0 containers skipped    ]
[         2 containers started    ]
[         0 containers aborted    ]
[         2 containers successful ]
[         0 containers failed     ]
[        16 tests found           ]
[         0 tests skipped         ]
[        16 tests started         ]
[         0 tests aborted         ]
[        16 tests successful      ]
[         0 tests failed          ]


[exit=0 timeout=False time=32.6s]

$ java -jar /opt/jacoco/lib/jacococli.jar report /workspace/jqwik/Result_auto_Round1/JacksonCore_6/tries200_seed3/jacoco.exec --classfiles /work/JacksonCore_6f/target/classes --csv /workspace/jqwik/Result_auto_Round1/JacksonCore_6/tries200_seed3/jacoco.csv
[INFO] Loading execution data file /workspace/jqwik/Result_auto_Round1/JacksonCore_6/tries200_seed3/jacoco.exec.
[INFO] Analyzing 75 classes.

[exit=0 timeout=False time=5.0s]

$ java -Djava.awt.headless=true -Xss4m -Xmx1g -Dpbt.seed=3 -Dpbt.tries=200 -Dpbt.snapshot.dir=/work/jqwik_out/JacksonCore_6/auto_round1_tries200_seed3/snapshots -Dpbt.propertyBudgetMs=5000 -Dpbt.mask=/work/JacksonCore_6f:/work/JacksonCore_6b:/work/jqwik_out/JacksonCore_6/auto_round1_tries200_seed3/classes_f:/work/jqwik_out/JacksonCore_6/auto_round1_tries200_seed3/classes_b -Dpbt.mode=check -jar /workspace/lib/jqwik/junit-platform-console-standalone-1.9.3.jar --disable-banner --details tree --class-path /work/jqwik_out/JacksonCore_6/auto_round1_tries200_seed3/classes_b:/work/JacksonCore_6b/target/classes:/opt/defects4j/framework/projects/JacksonCore/lib/junit/junit/4.8.2/junit-4.8.2.jar:/work/JacksonCore_6b/target/test-classes:/opt/defects4j/framework/projects/lib/junit-4.12-hamcrest-1.3.jar:/opt/defects4j/framework/projects/JacksonCore/lib/junit/junit/4.11/junit-4.11.jar:/opt/defects4j/framework/projects/JacksonCore/lib/junit/junit/4.12/junit-4.12.jar:/opt/defects4j/framework/projects/JacksonCore/lib/org/hamcrest/hamcrest-core/1.3/hamcrest-core-1.3.jar:/work/jqwik_harness:/workspace/lib/jqwik/jqwik-1.7.4.jar:/workspace/lib/jqwik/jqwik-api-1.7.4.jar:/workspace/lib/jqwik/jqwik-engine-1.7.4.jar --scan-class-path /work/jqwik_out/JacksonCore_6/auto_round1_tries200_seed3/classes_b --include-classname .* --include-engine jqwik --config jqwik.database=/workspace/jqwik/Result_auto_Round1/JacksonCore_6/tries200_seed3/reports_buggy/jqwik-database --config jqwik.tries.default=200 --reports-dir /workspace/jqwik/Result_auto_Round1/JacksonCore_6/tries200_seed3/reports_buggy
, JsonPointer AutoPbtTest:contract equalsHashCode = 
                              |-----------------------jqwik-----------------------
tries = 200                   | # of calls to property
checks = 200                  | # of not rejected calls
generation = RANDOMIZED       | parameters are randomly generated
after-failure = SAMPLE_FIRST  | try previously failed sample, then previous seed
when-fixed-seed = ALLOW       | fixing the random seed is allowed
edge-cases#mode = NONE        | edge cases are not explicitly generated
seed = 3                      | random seed to reproduce generated values


timestamp = 2026-09-27T06:31:10.649016, JsonPointer AutoPbtTest:m001  parseTail = 
                              |-----------------------jqwik-----------------------
tries = 200                   | # of calls to property
checks = 200                  | # of not rejected calls
generation = RANDOMIZED       | parameters are randomly generated
after-failure = SAMPLE_FIRST  | try previously failed sample, then previous seed
when-fixed-seed = ALLOW       | fixing the random seed is allowed
edge-cases#mode = NONE        | edge cases are not explicitly generated
seed = 3                      | random seed to reproduce generated values


timestamp = 2026-09-27T06:31:11.113561, JsonPointer AutoPbtTest:m007 matchElement = 
                              |-----------------------jqwik-----------------------
tries = 200                   | # of calls to property
checks = 200                  | # of not rejected calls
generation = RANDOMIZED       | parameters are randomly generated
after-failure = SAMPLE_FIRST  | try previously failed sample, then previous seed
when-fixed-seed = ALLOW       | fixing the random seed is allowed
edge-cases#mode = NONE        | edge cases are not explicitly generated
seed = 3                      | random seed to reproduce generated values


timestamp = 2026-09-27T06:31:11.339552, JsonPointer AutoPbtTest:m006 hashCode = 
                              |-----------------------jqwik-----------------------
tries = 200                   | # of calls to property
checks = 200                  | # of not rejected calls
generation = RANDOMIZED       | parameters are randomly generated
after-failure = SAMPLE_FIRST  | try previously failed sample, then previous seed
when-fixed-seed = ALLOW       | fixing the random seed is allowed
edge-cases#mode = NONE        | edge cases are not explicitly generated
seed = 3                      | random seed to reproduce generated values


[36m╷[0m
[36m└─[0m [36mjqwik (JUnit Platform)[0m [32m✔[0m
[36m   └─[0m [36mJsonPointer AutoPbtTest[0m [32m✔[0m
[36m      ├─[0m [34mm004 getMatchingIndex[0m [32m✔[0m
[36m      ├─[0m [34mm014 valueOf[0m [32m✔[0m
[36m      ├─[0m [34mm002 compile[0m [32m✔[0m
[36m      ├─[0m [34mm009 matches[0m [32m✔[0m
[36m      ├─[0m [34mm013 toString[0m [32m✔[0m
[36m      ├─[0m [34mm000  parseQuotedTail[0m [32m✔[0m
[36m      ├─[0m [34mm005 getMatchingProperty[0m [32m✔[0m
[36m      ├─[0m [34mm008 matchProperty[0m [32m✔[0m
[36m      ├─[0m [34mm003 equals[0m [32m✔[0m
[36m      ├─[0m [34mm012 tail[0m [32m✔[0m
[36m      ├─[0m [34mm011 mayMatchProperty[0m [32m✔[0m
[36m      ├─[0m [34mm010 mayMatchElement[0m [32m✔[0m
[36m      ├─[0m [34mcontract equalsHashCode[0m [32m✔[0m
[36m      ├─[0m [34mm001  parseTail[0m [32m✔[0m
[36m      ├─[0m [34mm007 matchElement[0m [32m✔[0m
[36m      └─[0m [34mm006 hashCode[0m [32m✔[0m

Test run finished after 10624 ms
[         2 containers found      ]
[         0 containers skipped    ]
[         2 containers started    ]
[         0 containers aborted    ]
[         2 containers successful ]
[         0 containers failed     ]
[        16 tests found           ]
[         0 tests skipped         ]
[        16 tests started         ]
[         0 tests aborted         ]
[        16 tests successful      ]
[         0 tests failed          ]


[exit=0 timeout=False time=17.2s]
