
$ defects4j checkout -p Compress -v 33f -w /work/Compress_33f
Checking out b72b5c71 to /work/Compress_33f................................ OK
Init local repository...................................................... OK
Tag post-fix revision...................................................... OK
Copy generated Ant build file.............................................. OK
Run post-checkout hook..................................................... OK
Excluding broken/flaky tests............................................... OK
Excluding broken/flaky tests............................................... OK
Backing up build file: /work/Compress_33f/maven-build.xml.................. OK
Initialize fixed program version........................................... OK
Apply patch................................................................ OK
Initialize buggy program version........................................... OK
Diff b72b5c71:9b3e389f..................................................... OK
Apply patch................................................................ OK
Tag pre-fix revision....................................................... OK
Check out program version: Compress-33f.................................... OK

[exit=0 timeout=False time=3.1s]

$ defects4j compile -w /work/Compress_33f
Running ant (compile)...................................................... OK
Running ant (compile.tests)................................................ OK

[exit=0 timeout=False time=4.4s]

$ defects4j checkout -p Compress -v 33b -w /work/Compress_33b
Checking out b72b5c71 to /work/Compress_33b................................ OK
Init local repository...................................................... OK
Tag post-fix revision...................................................... OK
Copy generated Ant build file.............................................. OK
Run post-checkout hook..................................................... OK
Excluding broken/flaky tests............................................... OK
Excluding broken/flaky tests............................................... OK
Backing up build file: /work/Compress_33b/maven-build.xml.................. OK
Initialize fixed program version........................................... OK
Apply patch................................................................ OK
Initialize buggy program version........................................... OK
Diff b72b5c71:9b3e389f..................................................... OK
Apply patch................................................................ OK
Tag pre-fix revision....................................................... OK
Check out program version: Compress-33b.................................... OK

[exit=0 timeout=False time=2.8s]

$ defects4j compile -w /work/Compress_33b
Running ant (compile)...................................................... OK
Running ant (compile.tests)................................................ OK

[exit=0 timeout=False time=4.5s]

$ java -Djava.awt.headless=true -cp /opt/defects4j/framework/projects/lib/junit-4.12-hamcrest-1.3.jar:/opt/evosuite/evosuite-1.2.0.jar:/work/Compress_33f/target/classes:/opt/defects4j/framework/projects/Compress/lib/org/tukaani/xz/1.5/xz-1.5.jar:/work/Compress_33f/target/test-classes org.evosuite.EvoSuite -generateSuite -class org.apache.commons.compress.compressors.CompressorStreamFactory -projectCP /opt/defects4j/framework/projects/lib/junit-4.12-hamcrest-1.3.jar:/work/Compress_33f/target/classes:/opt/defects4j/framework/projects/Compress/lib/org/tukaani/xz/1.5/xz-1.5.jar:/work/Compress_33f/target/test-classes -Dcriterion=LINE:BRANCH:EXCEPTION -Dsearch_budget=60 -seed 1 -Dtest_dir=/work/evo_out/Compress_33f/budget60_seed1/tests -Dreport_dir=/work/evo_out/Compress_33f/budget60_seed1/report
* EvoSuite 1.2.0
* Going to generate test cases for class: org.apache.commons.compress.compressors.CompressorStreamFactory
* Starting Client-0
* Connecting to master process on port 9922
* Analyzing classpath: 
  - /opt/defects4j/framework/projects/lib/junit-4.12-hamcrest-1.3.jar
  - /work/Compress_33f/target/classes
  - /opt/defects4j/framework/projects/Compress/lib/org/tukaani/xz/1.5/xz-1.5.jar
  - /work/Compress_33f/target/test-classes
[MASTER] 21:22:12.064 [logback-1] WARN  InheritanceTree - Class not in inheritance graph: java.io.ObjectInputFilter
[MASTER] 21:22:12.112 [logback-1] WARN  InheritanceTree - Class not in inheritance graph: java.util.Locale$IsoCountryCode
* Finished analyzing classpath
* Generating tests for class org.apache.commons.compress.compressors.CompressorStreamFactory
* Test criteria:
  - Line Coverage
  - Branch Coverage
  - Exception
* Setting up search algorithm for whole suite generation
* Total number of test goals: 
  - Line 84
  - Branch 65
  - Exception 0

[Progress:>                             0%] [Cov:>                                  0%]* Using seed 1
* Starting evolution

[Progress:>                             0%] [Cov:====>                              13%]
[Progress:>                             0%] [Cov:=======>                           22%]
[Progress:>                             0%] [Cov:===================>               56%]
[Progress:>                             0%] [Cov:====================>              59%]
[Progress:>                             1%] [Cov:====>                              13%]
[Progress:>                             1%] [Cov:========>                          24%]
[Progress:>                             1%] [Cov:===================>               57%]
[Progress:>                             1%] [Cov:=====================>             60%]
[Progress:>                             3%] [Cov:==>                                8%]
[Progress:>                             3%] [Cov:====>                              14%]
[Progress:>                             3%] [Cov:================>                  48%]
[Progress:>                             3%] [Cov:==================>                52%]
[Progress:>                             3%] [Cov:=====================>             60%]
[Progress:>                             3%] [Cov:========================>          70%]
[Progress:>                             3%] [Cov:========================>          70%]
[Progress:=>                            5%] [Cov:=====================>             60%]
[Progress:=>                            5%] [Cov:======================>            63%]
[Progress:=>                            5%] [Cov:=======================>           67%]
[Progress:=>                            5%] [Cov:==========================>        77%]
[Progress:=>                            5%] [Cov:==========================>        77%]
[Progress:=>                            5%] [Cov:==========================>        77%]
[Progress:=>                            5%] [Cov:==========================>        77%]
[Progress:=>                            5%] [Cov:==========================>        77%]
[Progress:=>                            5%] [Cov:==========================>        77%]
[Progress:=>                            6%] [Cov:==========================>        77%]
[Progress:=>                            6%] [Cov:==========================>        77%]
[Progress:=>                            6%] [Cov:==========================>        77%]
[Progress:=>                            6%] [Cov:==========================>        77%]
[Progress:====>                         15%] [Cov:==========================>        77%]
[Progress:====>                         15%] [Cov:==========================>        77%]
[Progress:====>                         15%] [Cov:==========================>        77%]
[Progress:======>                       23%] [Cov:==========================>        77%]
[Progress:======>                       23%] [Cov:==========================>        77%]
[Progress:=========>                    31%] [Cov:==========================>        77%]
[Progress:=========>                    31%] [Cov:==========================>        77%]
[Progress:=========>                    31%] [Cov:===========================>       78%]
[Progress:=========>                    31%] [Cov:===========================>       78%]
[Progress:=========>                    33%] [Cov:===========================>       78%]
[Progress:=========>                    33%] [Cov:===========================>       78%]
[Progress:=========>                    33%] [Cov:===========================>       78%]
[Progress:=========>                    33%] [Cov:===========================>       78%]
[Progress:=========>                    33%] [Cov:===========================>       78%]
[Progress:============>                 41%] [Cov:===========================>       78%]
[Progress:============>                 41%] [Cov:===========================>       78%]
[Progress:============>                 41%] [Cov:===========================>       78%]
[Progress:============>                 41%] [Cov:===========================>       78%]
[Progress:============>                 41%] [Cov:===========================>       78%]
[Progress:============>                 41%] [Cov:===========================>       78%]
[Progress:============>                 43%] [Cov:===========================>       78%]
[Progress:============>                 43%] [Cov:===========================>       78%]
[Progress:============>                 43%] [Cov:===========================>       78%]
[Progress:============>                 43%] [Cov:===========================>       78%]
[Progress:============>                 43%] [Cov:===========================>       78%]
[Progress:============>                 43%] [Cov:===========================>       78%]
[Progress:===============>              51%] [Cov:===========================>       78%]
[Progress:===============>              51%] [Cov:===========================>       79%]
[Progress:===============>              51%] [Cov:===========================>       79%]
[Progress:==================>           60%] [Cov:===========================>       79%]
[Progress:==================>           60%] [Cov:===========================>       79%]
[Progress:==================>           60%] [Cov:===========================>       79%]
[Progress:==================>           60%] [Cov:===========================>       79%]
[Progress:==================>           60%] [Cov:============================>      80%]
[Progress:==================>           60%] [Cov:============================>      80%]
[Progress:==================>           60%] [Cov:============================>      81%]
[Progress:==================>           61%] [Cov:============================>      82%]
[Progress:==================>           61%] [Cov:============================>      82%]
[Progress:==================>           61%] [Cov:============================>      82%]
[Progress:==================>           61%] [Cov:============================>      82%]
[Progress:==================>           61%] [Cov:============================>      82%]
[Progress:==================>           61%] [Cov:============================>      82%]
[Progress:==================>           61%] [Cov:============================>      82%]
[Progress:==================>           61%] [Cov:============================>      82%]
[Progress:==================>           61%] [Cov:============================>      82%]
[Progress:=====================>        70%] [Cov:============================>      82%]
[Progress:=======================>      78%] [Cov:============================>      82%]
[Progress:=======================>      78%] [Cov:============================>      82%]
[Progress:========================>     80%] [Cov:============================>      82%]
[Progress:========================>     80%] [Cov:============================>      82%]
[Progress:========================>     80%] [Cov:============================>      82%]
[Progress:========================>     80%] [Cov:=============================>     83%]
[Progress:========================>     80%] [Cov:=============================>     83%]
[Progress:========================>     80%] [Cov:=============================>     83%]
[Progress:========================>     80%] [Cov:=============================>     83%]
[Progress:========================>     80%] [Cov:=============================>     83%]
[Progress:==========================>   88%] [Cov:=============================>     83%]
[Progress:==========================>   88%] [Cov:=============================>     83%]
[Progress:============================> 96%] [Cov:=============================>     83%]
[Progress:============================> 96%] [Cov:=============================>     83%]
[Progress:============================> 96%] [Cov:=============================>     83%]
[Progress:============================> 96%] [Cov:=============================>     83%]
[Progress:============================> 96%] [Cov:=============================>     83%]
[Progress:=============================>98%] [Cov:=============================>     83%]
[Progress:=============================>98%] [Cov:=============================>     83%]
[Progress:=============================>98%] [Cov:=============================>     83%]
[Progress:=============================>98%] [Cov:=============================>     83%]
[Progress:=============================>98%] [Cov:=============================>     83%]
[Progress:=============================>98%] [Cov:=============================>     84%]
[Progress:=============================>98%] [Cov:=============================>     84%]
[Progress:=============================>98%] [Cov:=============================>     84%]
[Progress:=============================>98%] [Cov:=============================>     84%]
[Progress:=============================>98%] [Cov:=============================>     85%]
[Progress:=============================>98%] [Cov:=============================>     85%]
[Progress:=============================>98%] [Cov:=============================>     85%]
[Progress:=============================>98%] [Cov:=============================>     85%]
[Progress:==============================100%] [Cov:=============================>     85%]
[Progress:==============================100%] [Cov:=============================>     85%]
[Progress:==============================100%] [Cov:=============================>     85%]
[Progress:==============================100%] [Cov:=============================>     85%]
[Progress:==============================100%] [Cov:=============================>     85%]
[Progress:==============================100%] [Cov:=============================>     85%]
[Progress:==============================100%] [Cov:=============================>     85%]
[Progress:==============================100%] [Cov:=============================>     85%]
[Progress:==============================100%] [Cov:=============================>     85%]
[Progress:==============================100%] [Cov:=============================>     85%]
[Progress:==============================100%] [Cov:=============================>     85%]
[Progress:==============================100%] [Cov:=============================>     85%]
* Search finished after 66s and 74 generations, 26245 statements, best individual has fitness: 25.018099536809718
* Minimizing test suite
* Going to analyze the coverage criteria
* Coverage analysis for criterion LINE
* Coverage of criterion LINE: 81%
* Total number of goals: 84
* Number of covered goals: 68
* Coverage analysis for criterion BRANCH
* Coverage of criterion BRANCH: 75%
* Total number of goals: 65
* Number of covered goals: 49
* Coverage analysis for criterion EXCEPTION
* Coverage of criterion EXCEPTION: 92%
* Total number of goals: 12
* Number of covered goals: 11
* Generated 25 tests with total length 78
* Resulting test suite's coverage: 85% (average coverage for all fitness functions)
* Generating assertions
* Resulting test suite's mutation score: 8%
* Compiling and checking tests
* Permissions denied during test execution: 
  - java.lang.RuntimePermission: 
         writeFileDescriptor: 8
         loadLibrary.zip: 1
* Writing tests to file
* Writing JUnit test case 'CompressorStreamFactory_ESTest' to /work/evo_out/Compress_33f/budget60_seed1/tests
* Done!

* Computation finished

[exit=0 timeout=False time=75.9s]

$ java -Djava.awt.headless=true -cp /opt/defects4j/framework/projects/lib/junit-4.12-hamcrest-1.3.jar:/opt/evosuite/evosuite-1.2.0.jar:/work/Compress_33f/target/classes:/opt/defects4j/framework/projects/Compress/lib/org/tukaani/xz/1.5/xz-1.5.jar:/work/Compress_33f/target/test-classes org.evosuite.EvoSuite -generateSuite -class org.apache.commons.compress.compressors.deflate.DeflateCompressorInputStream -projectCP /opt/defects4j/framework/projects/lib/junit-4.12-hamcrest-1.3.jar:/work/Compress_33f/target/classes:/opt/defects4j/framework/projects/Compress/lib/org/tukaani/xz/1.5/xz-1.5.jar:/work/Compress_33f/target/test-classes -Dcriterion=LINE:BRANCH:EXCEPTION -Dsearch_budget=60 -seed 1 -Dtest_dir=/work/evo_out/Compress_33f/budget60_seed1/tests -Dreport_dir=/work/evo_out/Compress_33f/budget60_seed1/report
* EvoSuite 1.2.0
* Going to generate test cases for class: org.apache.commons.compress.compressors.deflate.DeflateCompressorInputStream
* Starting Client-0
* Connecting to master process on port 9922
* Analyzing classpath: 
  - /opt/defects4j/framework/projects/lib/junit-4.12-hamcrest-1.3.jar
  - /work/Compress_33f/target/classes
  - /opt/defects4j/framework/projects/Compress/lib/org/tukaani/xz/1.5/xz-1.5.jar
  - /work/Compress_33f/target/test-classes
[MASTER] 21:23:27.731 [logback-1] WARN  InheritanceTree - Class not in inheritance graph: java.io.ObjectInputFilter
[MASTER] 21:23:27.774 [logback-1] WARN  InheritanceTree - Class not in inheritance graph: java.util.Locale$IsoCountryCode
* Finished analyzing classpath
* Generating tests for class org.apache.commons.compress.compressors.deflate.DeflateCompressorInputStream
* Test criteria:
  - Line Coverage
  - Branch Coverage
  - Exception
* Setting up search algorithm for whole suite generation
* Total number of test goals: 
  - Line 16
  - Branch 21
  - Exception 0

[Progress:>                             0%] [Cov:>                                  0%]* Using seed 1
* Starting evolution

[Progress:>                             0%] [Cov:======>                            18%]
[Progress:>                             0%] [Cov:=========>                         28%]
[Progress:>                             0%] [Cov:=====================>             61%]
[Progress:>                             0%] [Cov:======================>            63%]
[Progress:==>                           8%] [Cov:====>                              12%]
[Progress:==>                           8%] [Cov:======>                            18%]
[Progress:==>                           8%] [Cov:==================>                52%]
[Progress:====>                         16%] [Cov:======>                            18%]
[Progress:====>                         16%] [Cov:========>                          25%]
[Progress:====>                         16%] [Cov:====================>              58%]
[Progress:====>                         16%] [Cov:====================>              59%]
[Progress:====>                         16%] [Cov:=====================>             62%]
[Progress:=======>                      25%] [Cov:====>                              14%]
[Progress:=======>                      25%] [Cov:=======>                           20%]
[Progress:=======>                      25%] [Cov:==================>                54%]
[Progress:=======>                      25%] [Cov:====================>              59%]
[Progress:=======>                      25%] [Cov:=====================>             60%]
[Progress:=======>                      26%] [Cov:===>                               10%]
[Progress:=======>                      26%] [Cov:=====>                             15%]
[Progress:=======>                      26%] [Cov:================>                  48%]
[Progress:=======>                      26%] [Cov:=================>                 50%]
[Progress:=======>                      26%] [Cov:===================>               56%]
[Progress:=======>                      26%] [Cov:====================>              59%]
[Progress:=======>                      26%] [Cov:=====================>             60%]
[Progress:=======>                      26%] [Cov:=====================>             62%]
[Progress:=======>                      26%] [Cov:======================>            64%]
[Progress:=======>                      26%] [Cov:=======================>           67%]
[Progress:=======>                      26%] [Cov:=======================>           68%]
[Progress:==========>                   35%] [Cov:==================>                53%]
[Progress:==========>                   35%] [Cov:=====================>             60%]
[Progress:==========>                   35%] [Cov:=======================>           67%]
[Progress:==========>                   35%] [Cov:=========================>         72%]
[Progress:==========>                   35%] [Cov:===========================>       78%]
[Progress:============>                 43%] [Cov:===========================>       78%]
[Progress:============>                 43%] [Cov:===========================>       78%]
[Progress:===============>              51%] [Cov:===========================>       78%]
[Progress:==================>           60%] [Cov:===========================>       78%]
[Progress:==================>           60%] [Cov:===========================>       78%]
[Progress:====================>         68%] [Cov:===========================>       78%]
[Progress:======================>       76%] [Cov:===========================>       78%]
[Progress:======================>       76%] [Cov:===========================>       78%]
[Progress:=========================>    85%] [Cov:===========================>       78%]
[Progress:=========================>    85%] [Cov:============================>      82%]
[Progress:=========================>    85%] [Cov:=============================>     84%]
[Progress:=========================>    85%] [Cov:=============================>     84%]
[Progress:=========================>    85%] [Cov:=============================>     84%]
[Progress:=========================>    85%] [Cov:=============================>     84%]
[Progress:===========================>  93%] [Cov:=============================>     84%]
[Progress:===========================>  93%] [Cov:=============================>     84%]
[Progress:===========================>  93%] [Cov:=============================>     84%]
[Progress:===========================>  93%] [Cov:=============================>     84%]
[Progress:==============================100%] [Cov:=============================>     84%]
[Progress:==============================100%] [Cov:=============================>     84%]
* Search finished after 62s and 11 generations, 5859 statements, best individual has fitness: 19.785064935064938
* Minimizing test suite
* Going to analyze the coverage criteria
* Coverage analysis for criterion LINE
* Coverage of criterion LINE: 94%
* Total number of goals: 16
* Number of covered goals: 15
* Coverage analysis for criterion BRANCH
* Coverage of criterion BRANCH: 52%
* Total number of goals: 21
* Number of covered goals: 11
* Coverage analysis for criterion EXCEPTION
* Coverage of criterion EXCEPTION: 100%
* Total number of goals: 13
* Number of covered goals: 13
* Generated 17 tests with total length 68
* Resulting test suite's coverage: 84% (average coverage for all fitness functions)
* Generating assertions
* Resulting test suite's mutation score: 19%
* Compiling and checking tests
* Permissions denied during test execution: 
  - java.lang.RuntimePermission: 
         writeFileDescriptor: 3
* Writing tests to file
* Writing JUnit test case 'DeflateCompressorInputStream_ESTest' to /work/evo_out/Compress_33f/budget60_seed1/tests
* Done!

* Computation finished

[exit=0 timeout=False time=102.4s]

$ javac -nowarn -cp /work/Compress_33f/target/classes:/opt/defects4j/framework/projects/lib/junit-4.12-hamcrest-1.3.jar:/opt/defects4j/framework/projects/Compress/lib/org/tukaani/xz/1.5/xz-1.5.jar:/work/Compress_33f/target/classes:/work/Compress_33f/target/test-classes:/opt/evosuite/evosuite-standalone-runtime-1.2.0.jar -d /work/evo_out/Compress_33f/budget60_seed1/classes /work/evo_out/Compress_33f/budget60_seed1/tests/org/apache/commons/compress/compressors/CompressorStreamFactory_ESTest.java /work/evo_out/Compress_33f/budget60_seed1/tests/org/apache/commons/compress/compressors/CompressorStreamFactory_ESTest_scaffolding.java /work/evo_out/Compress_33f/budget60_seed1/tests/org/apache/commons/compress/compressors/deflate/DeflateCompressorInputStream_ESTest.java /work/evo_out/Compress_33f/budget60_seed1/tests/org/apache/commons/compress/compressors/deflate/DeflateCompressorInputStream_ESTest_scaffolding.java
Note: /work/evo_out/Compress_33f/budget60_seed1/tests/org/apache/commons/compress/compressors/CompressorStreamFactory_ESTest.java uses or overrides a deprecated API.
Note: Recompile with -Xlint:deprecation for details.
Note: /work/evo_out/Compress_33f/budget60_seed1/tests/org/apache/commons/compress/compressors/CompressorStreamFactory_ESTest.java uses unchecked or unsafe operations.
Note: Recompile with -Xlint:unchecked for details.

[exit=0 timeout=False time=0.6s]

$ java -jar /opt/jacoco/lib/jacococli.jar instrument /work/Compress_33f/target/classes --dest /work/evo_out/Compress_33f/budget60_seed1/instrumented
[INFO] 221 classes instrumented to /work/evo_out/Compress_33f/budget60_seed1/instrumented.

[exit=0 timeout=False time=0.3s]

$ java -Djacoco-agent.destfile=/workspace/EvoSuite/Result_Round1/Compress_33/budget60_seed1/jacoco.exec -cp /work/evo_out/Compress_33f/budget60_seed1/instrumented:/work/evo_out/Compress_33f/budget60_seed1/classes:/opt/defects4j/framework/projects/lib/junit-4.12-hamcrest-1.3.jar:/opt/defects4j/framework/projects/Compress/lib/org/tukaani/xz/1.5/xz-1.5.jar:/work/Compress_33f/target/classes:/work/Compress_33f/target/test-classes:/opt/evosuite/evosuite-standalone-runtime-1.2.0.jar:/opt/jacoco/lib/jacocoagent.jar org.junit.runner.JUnitCore org.apache.commons.compress.compressors.CompressorStreamFactory_ESTest org.apache.commons.compress.compressors.deflate.DeflateCompressorInputStream_ESTest
JUnit version 4.12
............E..............................
Time: 0.893
There was 1 failure:
1) test05(org.apache.commons.compress.compressors.CompressorStreamFactory_ESTest)
java.lang.ExceptionInInitializerError
	at org.apache.commons.compress.compressors.deflate.DeflateCompressorOutputStream.<init>(DeflateCompressorOutputStream.java:47)
	at org.apache.commons.compress.compressors.deflate.DeflateCompressorOutputStream.<init>(DeflateCompressorOutputStream.java:39)
	at org.apache.commons.compress.compressors.CompressorStreamFactory.createCompressorOutputStream(CompressorStreamFactory.java:363)
	at org.apache.commons.compress.compressors.CompressorStreamFactory_ESTest.test05(CompressorStreamFactory_ESTest.java:126)
	at java.base/jdk.internal.reflect.NativeMethodAccessorImpl.invoke0(Native Method)
	at java.base/jdk.internal.reflect.NativeMethodAccessorImpl.invoke(NativeMethodAccessorImpl.java:62)
	at java.base/jdk.internal.reflect.DelegatingMethodAccessorImpl.invoke(DelegatingMethodAccessorImpl.java:43)
	at java.base/java.lang.reflect.Method.invoke(Method.java:566)
	at org.junit.runners.model.FrameworkMethod$1.runReflectiveCall(FrameworkMethod.java:50)
	at org.junit.internal.runners.model.ReflectiveCallable.run(ReflectiveCallable.java:12)
	at org.junit.runners.model.FrameworkMethod.invokeExplosively(FrameworkMethod.java:47)
	at org.junit.internal.runners.statements.InvokeMethod.evaluate(InvokeMethod.java:17)
	at org.junit.internal.runners.statements.FailOnTimeout$CallableStatement.call(FailOnTimeout.java:298)
	at org.junit.internal.runners.statements.FailOnTimeout$CallableStatement.call(FailOnTimeout.java:292)
	at java.base/java.util.concurrent.FutureTask.run(FutureTask.java:264)
	at java.base/java.lang.Thread.run(Thread.java:829)
Caused by: java.lang.SecurityException: Security manager blocks ("java.lang.RuntimePermission" "loadLibrary.zip")
java.base/java.lang.Thread.getStackTrace(Thread.java:1602)
org.evosuite.runtime.sandbox.MSecurityManager.checkPermission(MSecurityManager.java:424)
java.base/java.lang.SecurityManager.checkLink(SecurityManager.java:608)
java.base/java.lang.Runtime.loadLibrary0(Runtime.java:824)
java.base/java.lang.System.loadLibrary(System.java:1890)
java.base/java.util.zip.ZipUtils.lambda$loadLibrary$0(ZipUtils.java:300)
java.base/java.security.AccessController.doPrivileged(Native Method)
java.base/java.util.zip.ZipUtils.loadLibrary(ZipUtils.java:301)
java.base/java.util.zip.Deflater.<clinit>(Deflater.java:193)
org.apache.commons.compress.compressors.deflate.DeflateCompressorOutputStream.<init>(DeflateCompressorOutputStream.java:47)
org.apache.commons.compress.compressors.deflate.DeflateCompressorOutputStream.<init>(DeflateCompressorOutputStream.java:39)
org.apache.commons.compress.compressors.CompressorStreamFactory.createCompressorOutputStream(CompressorStreamFactory.java:363)
org.apache.commons.compress.compressors.CompressorStreamFactory_ESTest.test05(CompressorStreamFactory_ESTest.java:126)
java.base/jdk.internal.reflect.NativeMethodAccessorImpl.invoke0(Native Method)
java.base/jdk.internal.reflect.NativeMethodAccessorImpl.invoke(NativeMethodAccessorImpl.java:62)
java.base/jdk.internal.reflect.DelegatingMethodAccessorImpl.invoke(DelegatingMethodAccessorImpl.java:43)
java.base/java.lang.reflect.Method.invoke(Method.java:566)
org.junit.runners.model.FrameworkMethod$1.runReflectiveCall(FrameworkMethod.java:50)
org.junit.internal.runners.model.ReflectiveCallable.run(ReflectiveCallable.java:12)
org.junit.runners.model.FrameworkMethod.invokeExplosively(FrameworkMethod.java:47)
org.junit.internal.runners.statements.InvokeMethod.evaluate(InvokeMethod.java:17)
org.junit.internal.runners.statements.FailOnTimeout$CallableStatement.call(FailOnTimeout.java:298)
org.junit.internal.runners.statements.FailOnTimeout$CallableStatement.call(FailOnTimeout.java:292)
java.base/java.util.concurrent.FutureTask.run(FutureTask.java:264)
java.base/java.lang.Thread.run(Thread.java:829)

	at org.evosuite.runtime.sandbox.MSecurityManager.checkPermission(MSecurityManager.java:436)
	at java.base/java.lang.SecurityManager.checkLink(SecurityManager.java:608)
	at java.base/java.lang.Runtime.loadLibrary0(Runtime.java:824)
	at java.base/java.lang.System.loadLibrary(System.java:1890)
	at java.base/java.util.zip.ZipUtils.lambda$loadLibrary$0(ZipUtils.java:300)
	at java.base/java.security.AccessController.doPrivileged(Native Method)
	at java.base/java.util.zip.ZipUtils.loadLibrary(ZipUtils.java:301)
	at java.base/java.util.zip.Deflater.<clinit>(Deflater.java:193)
	... 16 more

FAILURES!!!
Tests run: 42,  Failures: 1

SLF4J: Failed to load class "org.slf4j.impl.StaticLoggerBinder".
SLF4J: Defaulting to no-operation (NOP) logger implementation
SLF4J: See http://www.slf4j.org/codes.html#StaticLoggerBinder for further details.
WARNING: An illegal reflective access operation has occurred
WARNING: Illegal reflective access by org.evosuite.runtime.GuiSupport (file:/opt/evosuite/evosuite-standalone-runtime-1.2.0.jar) to field java.awt.GraphicsEnvironment.headless
WARNING: Please consider reporting this to the maintainers of org.evosuite.runtime.GuiSupport
WARNING: Use --illegal-access=warn to enable warnings of further illegal reflective access operations
WARNING: All illegal access operations will be denied in a future release

[exit=1 timeout=False time=1.2s]

$ java -jar /opt/jacoco/lib/jacococli.jar report /workspace/EvoSuite/Result_Round1/Compress_33/budget60_seed1/jacoco.exec --classfiles /work/Compress_33f/target/classes --csv /workspace/EvoSuite/Result_Round1/Compress_33/budget60_seed1/jacoco.csv
[INFO] Loading execution data file /workspace/EvoSuite/Result_Round1/Compress_33/budget60_seed1/jacoco.exec.
[INFO] Analyzing 202 classes.

[exit=0 timeout=False time=0.3s]

$ java -cp /work/evo_out/Compress_33f/budget60_seed1/classes:/opt/defects4j/framework/projects/lib/junit-4.12-hamcrest-1.3.jar:/opt/defects4j/framework/projects/Compress/lib/org/tukaani/xz/1.5/xz-1.5.jar:/work/Compress_33b/target/classes:/work/Compress_33b/target/test-classes:/opt/evosuite/evosuite-standalone-runtime-1.2.0.jar org.junit.runner.JUnitCore org.apache.commons.compress.compressors.CompressorStreamFactory_ESTest org.apache.commons.compress.compressors.deflate.DeflateCompressorInputStream_ESTest
JUnit version 4.12
............E................E.E....E.E........
Time: 0.855
There were 5 failures:
1) test05(org.apache.commons.compress.compressors.CompressorStreamFactory_ESTest)
java.lang.ExceptionInInitializerError
	at org.apache.commons.compress.compressors.deflate.DeflateCompressorOutputStream.<init>(DeflateCompressorOutputStream.java:47)
	at org.apache.commons.compress.compressors.deflate.DeflateCompressorOutputStream.<init>(DeflateCompressorOutputStream.java:39)
	at org.apache.commons.compress.compressors.CompressorStreamFactory.createCompressorOutputStream(CompressorStreamFactory.java:360)
	at org.apache.commons.compress.compressors.CompressorStreamFactory_ESTest.test05(CompressorStreamFactory_ESTest.java:126)
	at java.base/jdk.internal.reflect.NativeMethodAccessorImpl.invoke0(Native Method)
	at java.base/jdk.internal.reflect.NativeMethodAccessorImpl.invoke(NativeMethodAccessorImpl.java:62)
	at java.base/jdk.internal.reflect.DelegatingMethodAccessorImpl.invoke(DelegatingMethodAccessorImpl.java:43)
	at java.base/java.lang.reflect.Method.invoke(Method.java:566)
	at org.junit.runners.model.FrameworkMethod$1.runReflectiveCall(FrameworkMethod.java:50)
	at org.junit.internal.runners.model.ReflectiveCallable.run(ReflectiveCallable.java:12)
	at org.junit.runners.model.FrameworkMethod.invokeExplosively(FrameworkMethod.java:47)
	at org.junit.internal.runners.statements.InvokeMethod.evaluate(InvokeMethod.java:17)
	at org.junit.internal.runners.statements.FailOnTimeout$CallableStatement.call(FailOnTimeout.java:298)
	at org.junit.internal.runners.statements.FailOnTimeout$CallableStatement.call(FailOnTimeout.java:292)
	at java.base/java.util.concurrent.FutureTask.run(FutureTask.java:264)
	at java.base/java.lang.Thread.run(Thread.java:829)
Caused by: java.lang.SecurityException: Security manager blocks ("java.lang.RuntimePermission" "loadLibrary.zip")
java.base/java.lang.Thread.getStackTrace(Thread.java:1602)
org.evosuite.runtime.sandbox.MSecurityManager.checkPermission(MSecurityManager.java:424)
java.base/java.lang.SecurityManager.checkLink(SecurityManager.java:608)
java.base/java.lang.Runtime.loadLibrary0(Runtime.java:824)
java.base/java.lang.System.loadLibrary(System.java:1890)
java.base/java.util.zip.ZipUtils.lambda$loadLibrary$0(ZipUtils.java:300)
java.base/java.security.AccessController.doPrivileged(Native Method)
java.base/java.util.zip.ZipUtils.loadLibrary(ZipUtils.java:301)
java.base/java.util.zip.Deflater.<clinit>(Deflater.java:193)
org.apache.commons.compress.compressors.deflate.DeflateCompressorOutputStream.<init>(DeflateCompressorOutputStream.java:47)
org.apache.commons.compress.compressors.deflate.DeflateCompressorOutputStream.<init>(DeflateCompressorOutputStream.java:39)
org.apache.commons.compress.compressors.CompressorStreamFactory.createCompressorOutputStream(CompressorStreamFactory.java:360)
org.apache.commons.compress.compressors.CompressorStreamFactory_ESTest.test05(CompressorStreamFactory_ESTest.java:126)
java.base/jdk.internal.reflect.NativeMethodAccessorImpl.invoke0(Native Method)
java.base/jdk.internal.reflect.NativeMethodAccessorImpl.invoke(NativeMethodAccessorImpl.java:62)
java.base/jdk.internal.reflect.DelegatingMethodAccessorImpl.invoke(DelegatingMethodAccessorImpl.java:43)
java.base/java.lang.reflect.Method.invoke(Method.java:566)
org.junit.runners.model.FrameworkMethod$1.runReflectiveCall(FrameworkMethod.java:50)
org.junit.internal.runners.model.ReflectiveCallable.run(ReflectiveCallable.java:12)
org.junit.runners.model.FrameworkMethod.invokeExplosively(FrameworkMethod.java:47)
org.junit.internal.runners.statements.InvokeMethod.evaluate(InvokeMethod.java:17)
org.junit.internal.runners.statements.FailOnTimeout$CallableStatement.call(FailOnTimeout.java:298)
org.junit.internal.runners.statements.FailOnTimeout$CallableStatement.call(FailOnTimeout.java:292)
java.base/java.util.concurrent.FutureTask.run(FutureTask.java:264)
java.base/java.lang.Thread.run(Thread.java:829)

	at org.evosuite.runtime.sandbox.MSecurityManager.checkPermission(MSecurityManager.java:436)
	at java.base/java.lang.SecurityManager.checkLink(SecurityManager.java:608)
	at java.base/java.lang.Runtime.loadLibrary0(Runtime.java:824)
	at java.base/java.lang.System.loadLibrary(System.java:1890)
	at java.base/java.util.zip.ZipUtils.lambda$loadLibrary$0(ZipUtils.java:300)
	at java.base/java.security.AccessController.doPrivileged(Native Method)
	at java.base/java.util.zip.ZipUtils.loadLibrary(ZipUtils.java:301)
	at java.base/java.util.zip.Deflater.<clinit>(Deflater.java:193)
	... 16 more
2) test07(org.apache.commons.compress.compressors.deflate.DeflateCompressorInputStream_ESTest)
java.lang.NoSuchMethodError: 'boolean org.apache.commons.compress.compressors.deflate.DeflateCompressorInputStream.matches(byte[], int)'
	at org.apache.commons.compress.compressors.deflate.DeflateCompressorInputStream_ESTest.test07(DeflateCompressorInputStream_ESTest.java:151)
	at java.base/jdk.internal.reflect.NativeMethodAccessorImpl.invoke0(Native Method)
	at java.base/jdk.internal.reflect.NativeMethodAccessorImpl.invoke(NativeMethodAccessorImpl.java:62)
	at java.base/jdk.internal.reflect.DelegatingMethodAccessorImpl.invoke(DelegatingMethodAccessorImpl.java:43)
	at java.base/java.lang.reflect.Method.invoke(Method.java:566)
	at org.junit.runners.model.FrameworkMethod$1.runReflectiveCall(FrameworkMethod.java:50)
	at org.junit.internal.runners.model.ReflectiveCallable.run(ReflectiveCallable.java:12)
	at org.junit.runners.model.FrameworkMethod.invokeExplosively(FrameworkMethod.java:47)
	at org.junit.internal.runners.statements.InvokeMethod.evaluate(InvokeMethod.java:17)
	at org.junit.internal.runners.statements.FailOnTimeout$CallableStatement.call(FailOnTimeout.java:298)
	at org.junit.internal.runners.statements.FailOnTimeout$CallableStatement.call(FailOnTimeout.java:292)
	at java.base/java.util.concurrent.FutureTask.run(FutureTask.java:264)
	at java.base/java.lang.Thread.run(Thread.java:829)
3) test06(org.apache.commons.compress.compressors.deflate.DeflateCompressorInputStream_ESTest)
java.lang.NoSuchMethodError: 'boolean org.apache.commons.compress.compressors.deflate.DeflateCompressorInputStream.matches(byte[], int)'
	at org.apache.commons.compress.compressors.deflate.DeflateCompressorInputStream_ESTest.test06(DeflateCompressorInputStream_ESTest.java:135)
	at java.base/jdk.internal.reflect.NativeMethodAccessorImpl.invoke0(Native Method)
	at java.base/jdk.internal.reflect.NativeMethodAccessorImpl.invoke(NativeMethodAccessorImpl.java:62)
	at java.base/jdk.internal.reflect.DelegatingMethodAccessorImpl.invoke(DelegatingMethodAccessorImpl.java:43)
	at java.base/java.lang.reflect.Method.invoke(Method.java:566)
	at org.junit.runners.model.FrameworkMethod$1.runReflectiveCall(FrameworkMethod.java:50)
	at org.junit.internal.runners.model.ReflectiveCallable.run(ReflectiveCallable.java:12)
	at org.junit.runners.model.FrameworkMethod.invokeExplosively(FrameworkMethod.java:47)
	at org.junit.internal.runners.statements.InvokeMethod.evaluate(InvokeMethod.java:17)
	at org.junit.internal.runners.statements.FailOnTimeout$CallableStatement.call(FailOnTimeout.java:298)
	at org.junit.internal.runners.statements.FailOnTimeout$CallableStatement.call(FailOnTimeout.java:292)
	at java.base/java.util.concurrent.FutureTask.run(FutureTask.java:264)
	at java.base/java.lang.Thread.run(Thread.java:829)
4) test11(org.apache.commons.compress.compressors.deflate.DeflateCompressorInputStream_ESTest)
java.lang.NoSuchMethodError: 'boolean org.apache.commons.compress.compressors.deflate.DeflateCompressorInputStream.matches(byte[], int)'
	at org.apache.commons.compress.compressors.deflate.DeflateCompressorInputStream_ESTest.test11(DeflateCompressorInputStream_ESTest.java:206)
	at java.base/jdk.internal.reflect.NativeMethodAccessorImpl.invoke0(Native Method)
	at java.base/jdk.internal.reflect.NativeMethodAccessorImpl.invoke(NativeMethodAccessorImpl.java:62)
	at java.base/jdk.internal.reflect.DelegatingMethodAccessorImpl.invoke(DelegatingMethodAccessorImpl.java:43)
	at java.base/java.lang.reflect.Method.invoke(Method.java:566)
	at org.junit.runners.model.FrameworkMethod$1.runReflectiveCall(FrameworkMethod.java:50)
	at org.junit.internal.runners.model.ReflectiveCallable.run(ReflectiveCallable.java:12)
	at org.junit.runners.model.FrameworkMethod.invokeExplosively(FrameworkMethod.java:47)
	at org.junit.internal.runners.statements.InvokeMethod.evaluate(InvokeMethod.java:17)
	at org.junit.internal.runners.statements.FailOnTimeout$CallableStatement.call(FailOnTimeout.java:298)
	at org.junit.internal.runners.statements.FailOnTimeout$CallableStatement.call(FailOnTimeout.java:292)
	at java.base/java.util.concurrent.FutureTask.run(FutureTask.java:264)
	at java.base/java.lang.Thread.run(Thread.java:829)
5) test10(org.apache.commons.compress.compressors.deflate.DeflateCompressorInputStream_ESTest)
java.lang.NoSuchMethodError: 'boolean org.apache.commons.compress.compressors.deflate.DeflateCompressorInputStream.matches(byte[], int)'
	at org.apache.commons.compress.compressors.deflate.DeflateCompressorInputStream_ESTest.test10(DeflateCompressorInputStream_ESTest.java:199)
	at java.base/jdk.internal.reflect.NativeMethodAccessorImpl.invoke0(Native Method)
	at java.base/jdk.internal.reflect.NativeMethodAccessorImpl.invoke(NativeMethodAccessorImpl.java:62)
	at java.base/jdk.internal.reflect.DelegatingMethodAccessorImpl.invoke(DelegatingMethodAccessorImpl.java:43)
	at java.base/java.lang.reflect.Method.invoke(Method.java:566)
	at org.junit.runners.model.FrameworkMethod$1.runReflectiveCall(FrameworkMethod.java:50)
	at org.junit.internal.runners.model.ReflectiveCallable.run(ReflectiveCallable.java:12)
	at org.junit.runners.model.FrameworkMethod.invokeExplosively(FrameworkMethod.java:47)
	at org.junit.internal.runners.statements.InvokeMethod.evaluate(InvokeMethod.java:17)
	at org.junit.internal.runners.statements.FailOnTimeout$CallableStatement.call(FailOnTimeout.java:298)
	at org.junit.internal.runners.statements.FailOnTimeout$CallableStatement.call(FailOnTimeout.java:292)
	at java.base/java.util.concurrent.FutureTask.run(FutureTask.java:264)
	at java.base/java.lang.Thread.run(Thread.java:829)

FAILURES!!!
Tests run: 42,  Failures: 5

SLF4J: Failed to load class "org.slf4j.impl.StaticLoggerBinder".
SLF4J: Defaulting to no-operation (NOP) logger implementation
SLF4J: See http://www.slf4j.org/codes.html#StaticLoggerBinder for further details.
WARNING: An illegal reflective access operation has occurred
WARNING: Illegal reflective access by org.evosuite.runtime.GuiSupport (file:/opt/evosuite/evosuite-standalone-runtime-1.2.0.jar) to field java.awt.GraphicsEnvironment.headless
WARNING: Please consider reporting this to the maintainers of org.evosuite.runtime.GuiSupport
WARNING: Use --illegal-access=warn to enable warnings of further illegal reflective access operations
WARNING: All illegal access operations will be denied in a future release

[exit=1 timeout=False time=1.0s]
