
$ defects4j checkout -p Time -v 18f -w /work/Time_18f
Checking out b609d7d6 to /work/Time_18f.................................... OK
Init local repository...................................................... OK
Tag post-fix revision...................................................... OK
Apply patch................................................................ OK
Run post-checkout hook..................................................... OK
Excluding broken/flaky tests............................................... OK
Excluding broken/flaky tests............................................... OK
Excluding broken/flaky tests............................................... OK
Backing up build file: /work/Time_18f/build.xml............................ OK
Initialize fixed program version........................................... OK
Apply patch................................................................ OK
Initialize buggy program version........................................... OK
Diff b609d7d6:e16eb72a..................................................... OK
Apply patch................................................................ OK
Tag pre-fix revision....................................................... OK
Check out program version: Time-18f........................................ OK

[exit=0 timeout=False time=3.6s]

$ defects4j compile -w /work/Time_18f
Running ant (compile)...................................................... OK
Running ant (compile.tests)................................................ OK

[exit=0 timeout=False time=11.5s]

$ defects4j checkout -p Time -v 18b -w /work/Time_18b
Checking out b609d7d6 to /work/Time_18b.................................... OK
Init local repository...................................................... OK
Tag post-fix revision...................................................... OK
Apply patch................................................................ OK
Run post-checkout hook..................................................... OK
Excluding broken/flaky tests............................................... OK
Excluding broken/flaky tests............................................... OK
Excluding broken/flaky tests............................................... OK
Backing up build file: /work/Time_18b/build.xml............................ OK
Initialize fixed program version........................................... OK
Apply patch................................................................ OK
Initialize buggy program version........................................... OK
Diff b609d7d6:e16eb72a..................................................... OK
Apply patch................................................................ OK
Tag pre-fix revision....................................................... OK
Check out program version: Time-18b........................................ OK

[exit=0 timeout=False time=3.5s]

$ defects4j compile -w /work/Time_18b
Running ant (compile)...................................................... OK
Running ant (compile.tests)................................................ OK

[exit=0 timeout=False time=10.8s]

$ java -Djava.awt.headless=true -cp /opt/defects4j/framework/projects/lib/junit-4.12-hamcrest-1.3.jar:/opt/evosuite/evosuite-1.2.0.jar:/work/Time_18f/build/classes:/opt/defects4j/framework/projects/Time/lib/joda-convert-1.2.jar:/work/Time_18f/build/tests:/work/Time_18f/src/test/java org.evosuite.EvoSuite -generateSuite -class org.joda.time.chrono.GJChronology -projectCP /opt/defects4j/framework/projects/lib/junit-4.12-hamcrest-1.3.jar:/work/Time_18f/build/classes:/opt/defects4j/framework/projects/Time/lib/joda-convert-1.2.jar:/work/Time_18f/build/tests:/work/Time_18f/src/test/java -Dcriterion=LINE:BRANCH:EXCEPTION -Dsearch_budget=60 -seed 1 -Dtest_dir=/work/evo_out/Time_18f/budget60_seed1/tests -Dreport_dir=/work/evo_out/Time_18f/budget60_seed1/report
* EvoSuite 1.2.0
* Going to generate test cases for class: org.joda.time.chrono.GJChronology
* Starting Client-0
* Connecting to master process on port 9922
* Analyzing classpath: 
  - /opt/defects4j/framework/projects/lib/junit-4.12-hamcrest-1.3.jar
  - /work/Time_18f/build/classes
  - /opt/defects4j/framework/projects/Time/lib/joda-convert-1.2.jar
  - /work/Time_18f/build/tests
  - /work/Time_18f/src/test/java
[MASTER] 02:45:44.839 [logback-1] WARN  InheritanceTree - Class not in inheritance graph: java.util.Locale$IsoCountryCode
* Finished analyzing classpath
* Generating tests for class org.joda.time.chrono.GJChronology
* Test criteria:
  - Line Coverage
  - Branch Coverage
  - Exception
* Setting up search algorithm for whole suite generation
* Total number of test goals: 
  - Line 349
  - Branch 199
  - Exception 0

[Progress:>                             0%] [Cov:>                                  0%]* Using seed 1
* Starting evolution

[Progress:>                             0%] [Cov:====>                              14%]
[Progress:>                             0%] [Cov:=======>                           22%]
[Progress:>                             0%] [Cov:===================>               56%]
[Progress:>                             1%] [Cov:>                                  1%]
[Progress:>                             1%] [Cov:>                                  2%]
[Progress:>                             1%] [Cov:============>                      36%]
[Progress:>                             1%] [Cov:==============>                    42%]
[Progress:>                             1%] [Cov:===================>               55%]
[Progress:>                             1%] [Cov:===================>               56%]
[Progress:>                             3%] [Cov:>                                  0%]
[Progress:>                             3%] [Cov:===========>                       33%]
[Progress:>                             3%] [Cov:=================>                 51%]
[Progress:>                             3%] [Cov:==================>                54%]
[Progress:>                             3%] [Cov:===================>               57%]
[Progress:>                             3%] [Cov:===================>               57%]
[Progress:=>                            5%] [Cov:=================>                 50%]
[Progress:=>                            5%] [Cov:===================>               56%]
[Progress:=>                            5%] [Cov:===================>               57%]
[Progress:=>                            5%] [Cov:====================>              58%]
[Progress:=>                            5%] [Cov:=======================>           66%]
[Progress:=>                            5%] [Cov:=======================>           66%]
[Progress:=>                            6%] [Cov:=======================>           66%]
[Progress:=>                            6%] [Cov:=======================>           66%]
[Progress:=>                            6%] [Cov:=======================>           66%]
[Progress:==>                           8%] [Cov:=======================>           66%]
[Progress:==>                           8%] [Cov:=======================>           66%]
[Progress:==>                           8%] [Cov:=======================>           66%]
[Progress:==>                           8%] [Cov:=======================>           67%]
[Progress:==>                           8%] [Cov:=======================>           68%]
[Progress:==>                           8%] [Cov:========================>          69%]
[Progress:==>                           8%] [Cov:========================>          69%]
[Progress:===>                          10%] [Cov:========================>          69%]
[Progress:===>                          10%] [Cov:========================>          70%]
[Progress:===>                          10%] [Cov:========================>          70%]
[Progress:===>                          10%] [Cov:========================>          70%]
[Progress:===>                          11%] [Cov:========================>          70%]
[Progress:===>                          11%] [Cov:========================>          70%]
[Progress:===>                          11%] [Cov:========================>          70%]
[Progress:===>                          13%] [Cov:========================>          70%]
[Progress:===>                          13%] [Cov:========================>          70%]
[Progress:===>                          13%] [Cov:========================>          70%]
[Progress:====>                         15%] [Cov:========================>          70%]
[Progress:====>                         15%] [Cov:========================>          70%]
[Progress:====>                         15%] [Cov:========================>          70%]
[Progress:====>                         15%] [Cov:========================>          70%]
[Progress:====>                         16%] [Cov:========================>          70%]
[Progress:====>                         16%] [Cov:========================>          70%]
[Progress:====>                         16%] [Cov:========================>          70%]
[Progress:====>                         16%] [Cov:========================>          70%]
[Progress:=====>                        18%] [Cov:========================>          70%]
[Progress:=====>                        18%] [Cov:========================>          70%]
[Progress:=====>                        18%] [Cov:========================>          71%]
[Progress:=====>                        18%] [Cov:=========================>         72%]
[Progress:=====>                        18%] [Cov:=========================>         72%]
[Progress:======>                       20%] [Cov:=========================>         72%]
[Progress:======>                       20%] [Cov:=========================>         72%]
[Progress:======>                       20%] [Cov:=========================>         72%]
[Progress:======>                       20%] [Cov:=========================>         72%]
[Progress:======>                       21%] [Cov:=========================>         72%]
[Progress:======>                       21%] [Cov:=========================>         72%]
[Progress:======>                       21%] [Cov:=========================>         72%]
[Progress:======>                       21%] [Cov:=========================>         72%]
[Progress:======>                       23%] [Cov:=========================>         72%]
[Progress:======>                       23%] [Cov:=========================>         72%]
[Progress:======>                       23%] [Cov:=========================>         72%]
[Progress:======>                       23%] [Cov:=========================>         72%]
[Progress:=======>                      25%] [Cov:=========================>         72%]
[Progress:=======>                      25%] [Cov:=========================>         72%]
[Progress:=======>                      25%] [Cov:=========================>         72%]
[Progress:=======>                      25%] [Cov:=========================>         72%]
[Progress:=======>                      26%] [Cov:=========================>         72%]
[Progress:=======>                      26%] [Cov:=========================>         72%]
[Progress:=======>                      26%] [Cov:=========================>         72%]
[Progress:========>                     28%] [Cov:=========================>         72%]
[Progress:========>                     28%] [Cov:=========================>         72%]
[Progress:========>                     28%] [Cov:=========================>         72%]
[Progress:========>                     28%] [Cov:=========================>         72%]
[Progress:=========>                    30%] [Cov:=========================>         72%]
[Progress:=========>                    30%] [Cov:=========================>         72%]
[Progress:=========>                    30%] [Cov:=========================>         72%]
[Progress:=========>                    31%] [Cov:=========================>         72%]
[Progress:=========>                    31%] [Cov:=========================>         72%]
[Progress:=========>                    31%] [Cov:=========================>         73%]
[Progress:=========>                    31%] [Cov:=========================>         73%]
[Progress:=========>                    31%] [Cov:=========================>         73%]
[Progress:=========>                    33%] [Cov:=========================>         73%]
[Progress:=========>                    33%] [Cov:=========================>         73%]
[Progress:=========>                    33%] [Cov:=========================>         73%]
[Progress:==========>                   35%] [Cov:=========================>         73%]
[Progress:==========>                   35%] [Cov:=========================>         73%]
[Progress:==========>                   35%] [Cov:=========================>         73%]
[Progress:==========>                   35%] [Cov:=========================>         73%]
[Progress:==========>                   36%] [Cov:=========================>         73%]
[Progress:==========>                   36%] [Cov:=========================>         73%]
[Progress:==========>                   36%] [Cov:=========================>         73%]
[Progress:==========>                   36%] [Cov:=========================>         73%]
[Progress:===========>                  38%] [Cov:=========================>         73%]
[Progress:===========>                  38%] [Cov:=========================>         73%]
[Progress:===========>                  38%] [Cov:=========================>         73%]
[Progress:============>                 40%] [Cov:=========================>         73%]
[Progress:============>                 40%] [Cov:=========================>         73%]
[Progress:============>                 40%] [Cov:=========================>         73%]
[Progress:============>                 40%] [Cov:=========================>         73%]
[Progress:============>                 41%] [Cov:=========================>         73%]
[Progress:============>                 41%] [Cov:=========================>         73%]
[Progress:============>                 41%] [Cov:=========================>         73%]
[Progress:============>                 43%] [Cov:=========================>         73%]
[Progress:============>                 43%] [Cov:=========================>         73%]
[Progress:============>                 43%] [Cov:=========================>         73%]
[Progress:============>                 43%] [Cov:=========================>         74%]
[Progress:============>                 43%] [Cov:==========================>        75%]
[Progress:=============>                45%] [Cov:==========================>        75%]
[Progress:=============>                45%] [Cov:==========================>        75%]
[Progress:=============>                45%] [Cov:==========================>        75%]
[Progress:=============>                46%] [Cov:==========================>        75%]
[Progress:=============>                46%] [Cov:==========================>        75%]
[Progress:==============>               48%] [Cov:==========================>        75%]
[Progress:==============>               48%] [Cov:==========================>        75%]
[Progress:==============>               48%] [Cov:==========================>        75%]
[Progress:==============>               48%] [Cov:==========================>        75%]
[Progress:===============>              50%] [Cov:==========================>        75%]
[Progress:===============>              50%] [Cov:==========================>        75%]
[Progress:===============>              50%] [Cov:==========================>        75%]
[Progress:===============>              50%] [Cov:==========================>        75%]
[Progress:===============>              51%] [Cov:==========================>        75%]
[Progress:===============>              51%] [Cov:==========================>        76%]
[Progress:===============>              51%] [Cov:==========================>        76%]
[Progress:===============>              51%] [Cov:==========================>        76%]
[Progress:===============>              53%] [Cov:==========================>        76%]
[Progress:===============>              53%] [Cov:==========================>        76%]
[Progress:===============>              53%] [Cov:==========================>        76%]
[Progress:================>             55%] [Cov:==========================>        76%]
[Progress:================>             55%] [Cov:==========================>        76%]
[Progress:================>             55%] [Cov:==========================>        76%]
[Progress:================>             55%] [Cov:==========================>        76%]
[Progress:================>             56%] [Cov:==========================>        76%]
[Progress:================>             56%] [Cov:==========================>        76%]
[Progress:================>             56%] [Cov:==========================>        76%]
[Progress:=================>            58%] [Cov:==========================>        76%]
[Progress:=================>            58%] [Cov:==========================>        76%]
[Progress:=================>            58%] [Cov:==========================>        76%]
[Progress:=================>            58%] [Cov:==========================>        76%]
[Progress:==================>           60%] [Cov:==========================>        76%]
[Progress:==================>           60%] [Cov:==========================>        76%]
[Progress:==================>           60%] [Cov:==========================>        76%]
[Progress:==================>           61%] [Cov:==========================>        76%]
[Progress:==================>           61%] [Cov:==========================>        76%]
[Progress:==================>           61%] [Cov:==========================>        76%]
[Progress:==================>           63%] [Cov:==========================>        76%]
[Progress:==================>           63%] [Cov:==========================>        76%]
[Progress:==================>           63%] [Cov:==========================>        76%]
[Progress:==================>           63%] [Cov:==========================>        76%]
[Progress:===================>          65%] [Cov:==========================>        76%]
[Progress:===================>          65%] [Cov:==========================>        76%]
[Progress:===================>          65%] [Cov:==========================>        76%]
[Progress:===================>          66%] [Cov:==========================>        76%]
[Progress:===================>          66%] [Cov:==========================>        76%]
[Progress:===================>          66%] [Cov:==========================>        76%]
[Progress:====================>         68%] [Cov:==========================>        76%]
[Progress:====================>         68%] [Cov:==========================>        76%]
[Progress:=====================>        70%] [Cov:==========================>        76%]
[Progress:=====================>        70%] [Cov:==========================>        76%]
[Progress:=====================>        70%] [Cov:==========================>        76%]
[Progress:=====================>        70%] [Cov:==========================>        76%]
[Progress:=====================>        71%] [Cov:==========================>        76%]
[Progress:=====================>        71%] [Cov:==========================>        76%]
[Progress:=====================>        71%] [Cov:==========================>        76%]
[Progress:=====================>        73%] [Cov:==========================>        76%]
[Progress:=====================>        73%] [Cov:==========================>        76%]
[Progress:=====================>        73%] [Cov:==========================>        76%]
[Progress:======================>       75%] [Cov:==========================>        76%]
[Progress:======================>       75%] [Cov:==========================>        76%]
[Progress:======================>       75%] [Cov:==========================>        76%]
[Progress:======================>       75%] [Cov:==========================>        76%]
[Progress:======================>       76%] [Cov:==========================>        76%]
[Progress:======================>       76%] [Cov:==========================>        76%]
[Progress:======================>       76%] [Cov:==========================>        76%]
[Progress:=======================>      78%] [Cov:==========================>        76%]
[Progress:=======================>      78%] [Cov:==========================>        76%]
[Progress:=======================>      78%] [Cov:==========================>        76%]
[Progress:========================>     80%] [Cov:==========================>        76%]
[Progress:========================>     80%] [Cov:==========================>        76%]
[Progress:========================>     80%] [Cov:==========================>        76%]
[Progress:========================>     81%] [Cov:==========================>        76%]
[Progress:========================>     81%] [Cov:==========================>        76%]
[Progress:========================>     81%] [Cov:==========================>        76%]
[Progress:========================>     83%] [Cov:==========================>        76%]
[Progress:========================>     83%] [Cov:==========================>        76%]
[Progress:========================>     83%] [Cov:==========================>        76%]
[Progress:========================>     83%] [Cov:==========================>        76%]
[Progress:=========================>    85%] [Cov:==========================>        76%]
[Progress:=========================>    85%] [Cov:==========================>        76%]
[Progress:=========================>    85%] [Cov:==========================>        76%]
[Progress:=========================>    86%] [Cov:==========================>        76%]
[Progress:=========================>    86%] [Cov:==========================>        76%]
[Progress:=========================>    86%] [Cov:==========================>        76%]
[Progress:==========================>   88%] [Cov:==========================>        76%]
[Progress:==========================>   88%] [Cov:==========================>        76%]
[Progress:==========================>   88%] [Cov:==========================>        76%]
[Progress:==========================>   88%] [Cov:==========================>        76%]
[Progress:===========================>  90%] [Cov:==========================>        76%]
[Progress:===========================>  90%] [Cov:==========================>        76%]
[Progress:===========================>  90%] [Cov:==========================>        76%]
[Progress:===========================>  91%] [Cov:==========================>        76%]
[Progress:===========================>  91%] [Cov:==========================>        76%]
[Progress:===========================>  91%] [Cov:==========================>        76%]
[Progress:===========================>  93%] [Cov:==========================>        76%]
[Progress:===========================>  93%] [Cov:==========================>        76%]
[Progress:===========================>  93%] [Cov:==========================>        76%]
[Progress:===========================>  93%] [Cov:==========================>        76%]
[Progress:============================> 95%] [Cov:==========================>        76%]
[Progress:============================> 95%] [Cov:==========================>        76%]
[Progress:============================> 95%] [Cov:==========================>        76%]
[Progress:============================> 96%] [Cov:==========================>        76%]
[Progress:============================> 96%] [Cov:==========================>        76%]
[Progress:============================> 96%] [Cov:==========================>        76%]
[Progress:=============================>98%] [Cov:==========================>        76%]
[Progress:=============================>98%] [Cov:==========================>        76%]
[Progress:=============================>98%] [Cov:==========================>        76%]
[Progress:=============================>98%] [Cov:==========================>        76%]
[Progress:==============================100%] [Cov:==========================>        76%]
[Progress:==============================100%] [Cov:==========================>        76%]
[Progress:==============================100%] [Cov:==========================>        76%]
[Progress:==============================100%] [Cov:==========================>        76%]
[Progress:==============================100%] [Cov:==========================>        76%]
* Search finished after 61s and 140 generations, 72005 statements, best individual has fitness: 139.06132755364416
* Minimizing test suite
* Going to analyze the coverage criteria
* Coverage analysis for criterion LINE
* Coverage of criterion LINE: 70%
* Total number of goals: 349
* Number of covered goals: 245
* Coverage analysis for criterion BRANCH
* Coverage of criterion BRANCH: 56%
* Total number of goals: 199
* Number of covered goals: 111
* Coverage analysis for criterion EXCEPTION
* Coverage of criterion EXCEPTION: 100%
* Total number of goals: 6
* Number of covered goals: 6
* Generated 24 tests with total length 109
* Resulting test suite's coverage: 77% (average coverage for all fitness functions)
* Generating assertions
* Resulting test suite's mutation score: 20%
* Compiling and checking tests
* Writing tests to file
* Writing JUnit test case 'GJChronology_ESTest' to /work/evo_out/Time_18f/budget60_seed1/tests
* Done!

* Computation finished

[exit=0 timeout=False time=81.2s]

$ javac -nowarn -cp /work/Time_18f/build/classes:/opt/defects4j/framework/projects/lib/junit-4.12-hamcrest-1.3.jar:/work/Time_18f/build/classes:/opt/defects4j/framework/projects/Time/lib/joda-convert-1.2.jar:/work/Time_18f/build/tests:/work/Time_18f/src/test/java:/opt/evosuite/evosuite-standalone-runtime-1.2.0.jar -d /work/evo_out/Time_18f/budget60_seed1/classes /work/evo_out/Time_18f/budget60_seed1/tests/org/joda/time/chrono/GJChronology_ESTest.java /work/evo_out/Time_18f/budget60_seed1/tests/org/joda/time/chrono/GJChronology_ESTest_scaffolding.java

[exit=0 timeout=False time=0.8s]

$ java -jar /opt/jacoco/lib/jacococli.jar instrument /work/Time_18f/build/classes --dest /work/evo_out/Time_18f/budget60_seed1/instrumented
[INFO] 228 classes instrumented to /work/evo_out/Time_18f/budget60_seed1/instrumented.

[exit=0 timeout=False time=0.5s]

$ java -Djacoco-agent.destfile=/workspace/EvoSuite/Result_Round1/Time_18/budget60_seed1/jacoco.exec -cp /work/evo_out/Time_18f/budget60_seed1/instrumented:/work/evo_out/Time_18f/budget60_seed1/classes:/opt/defects4j/framework/projects/lib/junit-4.12-hamcrest-1.3.jar:/work/Time_18f/build/classes:/opt/defects4j/framework/projects/Time/lib/joda-convert-1.2.jar:/work/Time_18f/build/tests:/work/Time_18f/src/test/java:/opt/evosuite/evosuite-standalone-runtime-1.2.0.jar:/opt/jacoco/lib/jacocoagent.jar org.junit.runner.JUnitCore org.joda.time.chrono.GJChronology_ESTest
JUnit version 4.12
........................
Time: 1.426

OK (24 tests)

SLF4J: Failed to load class "org.slf4j.impl.StaticLoggerBinder".
SLF4J: Defaulting to no-operation (NOP) logger implementation
SLF4J: See http://www.slf4j.org/codes.html#StaticLoggerBinder for further details.
WARNING: An illegal reflective access operation has occurred
WARNING: Illegal reflective access by org.evosuite.runtime.GuiSupport (file:/opt/evosuite/evosuite-standalone-runtime-1.2.0.jar) to field java.awt.GraphicsEnvironment.headless
WARNING: Please consider reporting this to the maintainers of org.evosuite.runtime.GuiSupport
WARNING: Use --illegal-access=warn to enable warnings of further illegal reflective access operations
WARNING: All illegal access operations will be denied in a future release

[exit=0 timeout=False time=2.8s]

$ java -jar /opt/jacoco/lib/jacococli.jar report /workspace/EvoSuite/Result_Round1/Time_18/budget60_seed1/jacoco.exec --classfiles /work/Time_18f/build/classes --csv /workspace/EvoSuite/Result_Round1/Time_18/budget60_seed1/jacoco.csv
[INFO] Loading execution data file /workspace/EvoSuite/Result_Round1/Time_18/budget60_seed1/jacoco.exec.
[INFO] Analyzing 204 classes.

[exit=0 timeout=False time=0.5s]

$ java -cp /work/evo_out/Time_18f/budget60_seed1/classes:/opt/defects4j/framework/projects/lib/junit-4.12-hamcrest-1.3.jar:/work/Time_18b/build/classes:/opt/defects4j/framework/projects/Time/lib/joda-convert-1.2.jar:/work/Time_18b/build/tests:/work/Time_18b/src/test/java:/opt/evosuite/evosuite-standalone-runtime-1.2.0.jar org.junit.runner.JUnitCore org.joda.time.chrono.GJChronology_ESTest
JUnit version 4.12
........................
Time: 1.29

OK (24 tests)

SLF4J: Failed to load class "org.slf4j.impl.StaticLoggerBinder".
SLF4J: Defaulting to no-operation (NOP) logger implementation
SLF4J: See http://www.slf4j.org/codes.html#StaticLoggerBinder for further details.
WARNING: An illegal reflective access operation has occurred
WARNING: Illegal reflective access by org.evosuite.runtime.GuiSupport (file:/opt/evosuite/evosuite-standalone-runtime-1.2.0.jar) to field java.awt.GraphicsEnvironment.headless
WARNING: Please consider reporting this to the maintainers of org.evosuite.runtime.GuiSupport
WARNING: Use --illegal-access=warn to enable warnings of further illegal reflective access operations
WARNING: All illegal access operations will be denied in a future release

[exit=0 timeout=False time=1.7s]
