
$ javac -nowarn -encoding UTF-8 -cp /work/Compress_6f/target/classes:/opt/defects4j/framework/projects/Compress/lib/junit/junit/3.8.2/junit-3.8.2.jar:/work/Compress_6f/target/test-classes:/work/jqwik_harness:/workspace/lib/jqwik/jqwik-1.7.4.jar:/workspace/lib/jqwik/jqwik-api-1.7.4.jar:/workspace/lib/jqwik/jqwik-engine-1.7.4.jar -d /work/jqwik_out/Compress_6/auto_round2_tries1000_seed1/classes_f /workspace/jqwik/Auto/Compress_6/org/apache/commons/compress/archivers/zip/ZipArchiveEntry_AutoPbtTest.java

[exit=0 timeout=False time=1.0s]

$ javac -nowarn -encoding UTF-8 -cp /work/Compress_6b/target/classes:/opt/defects4j/framework/projects/Compress/lib/junit/junit/3.8.2/junit-3.8.2.jar:/work/Compress_6b/target/test-classes:/work/jqwik_harness:/workspace/lib/jqwik/jqwik-1.7.4.jar:/workspace/lib/jqwik/jqwik-api-1.7.4.jar:/workspace/lib/jqwik/jqwik-engine-1.7.4.jar -d /work/jqwik_out/Compress_6/auto_round2_tries1000_seed1/classes_b /workspace/jqwik/Auto/Compress_6/org/apache/commons/compress/archivers/zip/ZipArchiveEntry_AutoPbtTest.java

[exit=0 timeout=False time=1.2s]

$ java -Djava.awt.headless=true -Xss4m -Xmx1g -Dpbt.seed=1 -Dpbt.tries=1000 -Dpbt.snapshot.dir=/work/jqwik_out/Compress_6/auto_round2_tries1000_seed1/snapshots -Dpbt.propertyBudgetMs=5000 -Dpbt.mask=/work/Compress_6f:/work/Compress_6b:/work/jqwik_out/Compress_6/auto_round2_tries1000_seed1/classes_f:/work/jqwik_out/Compress_6/auto_round2_tries1000_seed1/classes_b -Dpbt.mode=record -jar /workspace/lib/jqwik/junit-platform-console-standalone-1.9.3.jar --disable-banner --details tree --class-path /work/jqwik_out/Compress_6/auto_round2_tries1000_seed1/classes_f:/work/Compress_6f/target/classes:/opt/defects4j/framework/projects/Compress/lib/junit/junit/3.8.2/junit-3.8.2.jar:/work/Compress_6f/target/test-classes:/work/jqwik_harness:/workspace/lib/jqwik/jqwik-1.7.4.jar:/workspace/lib/jqwik/jqwik-api-1.7.4.jar:/workspace/lib/jqwik/jqwik-engine-1.7.4.jar --scan-class-path /work/jqwik_out/Compress_6/auto_round2_tries1000_seed1/classes_f --include-classname .* --include-engine jqwik --config jqwik.database=/workspace/jqwik/Result_auto_Round2/Compress_6/tries1000_seed1/reports_record/jqwik-database --config jqwik.tries.default=1000 --reports-dir /workspace/jqwik/Result_auto_Round2/Compress_6/tries1000_seed1/reports_record

checks = 1000                 | # of not rejected calls
generation = RANDOMIZED       | parameters are randomly generated
after-failure = SAMPLE_FIRST  | try previously failed sample, then previous seed
when-fixed-seed = ALLOW       | fixing the random seed is allowed
edge-cases#mode = NONE        | edge cases are not explicitly generated
seed = 1                      | random seed to reproduce generated values


timestamp = 2026-09-28T22:40:00.175709, ZipArchiveEntry AutoPbtTest:m012 getPlatform = 
                              |-----------------------jqwik-----------------------
tries = 1000                  | # of calls to property
checks = 1000                 | # of not rejected calls
generation = RANDOMIZED       | parameters are randomly generated
after-failure = SAMPLE_FIRST  | try previously failed sample, then previous seed
when-fixed-seed = ALLOW       | fixing the random seed is allowed
edge-cases#mode = NONE        | edge cases are not explicitly generated
seed = 1                      | random seed to reproduce generated values


timestamp = 2026-09-28T22:40:00.415517, ZipArchiveEntry AutoPbtTest:m027 setUnixMode = 
                              |-----------------------jqwik-----------------------
tries = 1000                  | # of calls to property
checks = 1000                 | # of not rejected calls
generation = RANDOMIZED       | parameters are randomly generated
after-failure = SAMPLE_FIRST  | try previously failed sample, then previous seed
when-fixed-seed = ALLOW       | fixing the random seed is allowed
edge-cases#mode = NONE        | edge cases are not explicitly generated
seed = 1                      | random seed to reproduce generated values


[36m╷[0m
[36m└─[0m [36mjqwik (JUnit Platform)[0m [32m✔[0m
[36m   └─[0m [36mZipArchiveEntry AutoPbtTest[0m [32m✔[0m
[36m      ├─[0m [34mm006 getExtraFields[0m [32m✔[0m
[36m      ├─[0m [34mm025 setName[0m [32m✔[0m
[36m      ├─[0m [34mm002 equals[0m [32m✔[0m
[36m      ├─[0m [34mm005 getExtraField[0m [32m✔[0m
[36m      ├─[0m [34mm016 isSupportedCompressionMethod[0m [32m✔[0m
[36m      ├─[0m [34mm017 removeExtraField[0m [32m✔[0m
[36m      ├─[0m [34mm009 getLocalFileDataExtra[0m [32m✔[0m
[36m      ├─[0m [34mm011 getName[0m [32m✔[0m
[36m      ├─[0m [34mm013 getUnixMode[0m [32m✔[0m
[36m      ├─[0m [34mm003 getCentralDirectoryExtra[0m [32m✔[0m
[36m      ├─[0m [34mm000 addAsFirstExtraField[0m [32m✔[0m
[36m      ├─[0m [34mm007 getInternalAttributes[0m [32m✔[0m
[36m      ├─[0m [34mm026 setPlatform[0m [32m✔[0m
[36m      ├─[0m [34mm010 getMethod[0m [32m✔[0m
[36m      ├─[0m [34mm018 setCentralDirectoryExtra[0m [32m✔[0m
[36m      ├─[0m [34mm014 hashCode[0m [32m✔[0m
[36m      ├─[0m [34mm021 setExtra[0m [32m✔[0m
[36m      ├─[0m [34mm020 setExtra[0m [32m✔[0m
[36m      ├─[0m [34mcontract equalsHashCode[0m [32m✔[0m
[36m      ├─[0m [34mm022 setExtraFields[0m [32m✔[0m
[36m      ├─[0m [34mm004 getExternalAttributes[0m [32m✔[0m
[36m      ├─[0m [34mm019 setExternalAttributes[0m [32m✔[0m
[36m      ├─[0m [34mm001 addExtraField[0m [32m✔[0m
[36m      ├─[0m [34mm024 setMethod[0m [32m✔[0m
[36m      ├─[0m [34mm015 isDirectory[0m [32m✔[0m
[36m      ├─[0m [34mm008 getLastModifiedDate[0m [32m✔[0m
[36m      ├─[0m [34mm023 setInternalAttributes[0m [32m✔[0m
[36m      ├─[0m [34mm012 getPlatform[0m [32m✔[0m
[36m      └─[0m [34mm027 setUnixMode[0m [32m✔[0m

Test run finished after 9379 ms
[         2 containers found      ]
[         0 containers skipped    ]
[         2 containers started    ]
[         0 containers aborted    ]
[         2 containers successful ]
[         0 containers failed     ]
[        29 tests found           ]
[         0 tests skipped         ]
[        29 tests started         ]
[         0 tests aborted         ]
[        29 tests successful      ]
[         0 tests failed          ]


[exit=0 timeout=False time=10.7s]

$ java -Djava.awt.headless=true -Xss4m -Xmx1g -Dpbt.seed=1 -Dpbt.tries=1000 -Dpbt.snapshot.dir=/work/jqwik_out/Compress_6/auto_round2_tries1000_seed1/snapshots -Dpbt.propertyBudgetMs=5000 -Dpbt.mask=/work/Compress_6f:/work/Compress_6b:/work/jqwik_out/Compress_6/auto_round2_tries1000_seed1/classes_f:/work/jqwik_out/Compress_6/auto_round2_tries1000_seed1/classes_b -Dpbt.mode=check -javaagent:/opt/jacoco/lib/jacocoagent.jar=destfile=/workspace/jqwik/Result_auto_Round2/Compress_6/tries1000_seed1/jacoco.exec -jar /workspace/lib/jqwik/junit-platform-console-standalone-1.9.3.jar --disable-banner --details tree --class-path /work/jqwik_out/Compress_6/auto_round2_tries1000_seed1/classes_f:/work/Compress_6f/target/classes:/opt/defects4j/framework/projects/Compress/lib/junit/junit/3.8.2/junit-3.8.2.jar:/work/Compress_6f/target/test-classes:/work/jqwik_harness:/workspace/lib/jqwik/jqwik-1.7.4.jar:/workspace/lib/jqwik/jqwik-api-1.7.4.jar:/workspace/lib/jqwik/jqwik-engine-1.7.4.jar --scan-class-path /work/jqwik_out/Compress_6/auto_round2_tries1000_seed1/classes_f --include-classname .* --include-engine jqwik --config jqwik.database=/workspace/jqwik/Result_auto_Round2/Compress_6/tries1000_seed1/reports_fixed/jqwik-database --config jqwik.tries.default=1000 --reports-dir /workspace/jqwik/Result_auto_Round2/Compress_6/tries1000_seed1/reports_fixed

checks = 1000                 | # of not rejected calls
generation = RANDOMIZED       | parameters are randomly generated
after-failure = SAMPLE_FIRST  | try previously failed sample, then previous seed
when-fixed-seed = ALLOW       | fixing the random seed is allowed
edge-cases#mode = NONE        | edge cases are not explicitly generated
seed = 1                      | random seed to reproduce generated values


timestamp = 2026-09-28T22:40:07.846997, ZipArchiveEntry AutoPbtTest:m012 getPlatform = 
                              |-----------------------jqwik-----------------------
tries = 1000                  | # of calls to property
checks = 1000                 | # of not rejected calls
generation = RANDOMIZED       | parameters are randomly generated
after-failure = SAMPLE_FIRST  | try previously failed sample, then previous seed
when-fixed-seed = ALLOW       | fixing the random seed is allowed
edge-cases#mode = NONE        | edge cases are not explicitly generated
seed = 1                      | random seed to reproduce generated values


timestamp = 2026-09-28T22:40:08.005314, ZipArchiveEntry AutoPbtTest:m027 setUnixMode = 
                              |-----------------------jqwik-----------------------
tries = 1000                  | # of calls to property
checks = 1000                 | # of not rejected calls
generation = RANDOMIZED       | parameters are randomly generated
after-failure = SAMPLE_FIRST  | try previously failed sample, then previous seed
when-fixed-seed = ALLOW       | fixing the random seed is allowed
edge-cases#mode = NONE        | edge cases are not explicitly generated
seed = 1                      | random seed to reproduce generated values


[36m╷[0m
[36m└─[0m [36mjqwik (JUnit Platform)[0m [32m✔[0m
[36m   └─[0m [36mZipArchiveEntry AutoPbtTest[0m [32m✔[0m
[36m      ├─[0m [34mm006 getExtraFields[0m [32m✔[0m
[36m      ├─[0m [34mm025 setName[0m [32m✔[0m
[36m      ├─[0m [34mm002 equals[0m [32m✔[0m
[36m      ├─[0m [34mm005 getExtraField[0m [32m✔[0m
[36m      ├─[0m [34mm016 isSupportedCompressionMethod[0m [32m✔[0m
[36m      ├─[0m [34mm017 removeExtraField[0m [32m✔[0m
[36m      ├─[0m [34mm009 getLocalFileDataExtra[0m [32m✔[0m
[36m      ├─[0m [34mm011 getName[0m [32m✔[0m
[36m      ├─[0m [34mm013 getUnixMode[0m [32m✔[0m
[36m      ├─[0m [34mm003 getCentralDirectoryExtra[0m [32m✔[0m
[36m      ├─[0m [34mm000 addAsFirstExtraField[0m [32m✔[0m
[36m      ├─[0m [34mm007 getInternalAttributes[0m [32m✔[0m
[36m      ├─[0m [34mm026 setPlatform[0m [32m✔[0m
[36m      ├─[0m [34mm010 getMethod[0m [32m✔[0m
[36m      ├─[0m [34mm018 setCentralDirectoryExtra[0m [32m✔[0m
[36m      ├─[0m [34mm014 hashCode[0m [32m✔[0m
[36m      ├─[0m [34mm021 setExtra[0m [32m✔[0m
[36m      ├─[0m [34mm020 setExtra[0m [32m✔[0m
[36m      ├─[0m [34mcontract equalsHashCode[0m [32m✔[0m
[36m      ├─[0m [34mm022 setExtraFields[0m [32m✔[0m
[36m      ├─[0m [34mm004 getExternalAttributes[0m [32m✔[0m
[36m      ├─[0m [34mm019 setExternalAttributes[0m [32m✔[0m
[36m      ├─[0m [34mm001 addExtraField[0m [32m✔[0m
[36m      ├─[0m [34mm024 setMethod[0m [32m✔[0m
[36m      ├─[0m [34mm015 isDirectory[0m [32m✔[0m
[36m      ├─[0m [34mm008 getLastModifiedDate[0m [32m✔[0m
[36m      ├─[0m [34mm023 setInternalAttributes[0m [32m✔[0m
[36m      ├─[0m [34mm012 getPlatform[0m [32m✔[0m
[36m      └─[0m [34mm027 setUnixMode[0m [32m✔[0m

Test run finished after 6189 ms
[         2 containers found      ]
[         0 containers skipped    ]
[         2 containers started    ]
[         0 containers aborted    ]
[         2 containers successful ]
[         0 containers failed     ]
[        29 tests found           ]
[         0 tests skipped         ]
[        29 tests started         ]
[         0 tests aborted         ]
[        29 tests successful      ]
[         0 tests failed          ]


[exit=0 timeout=False time=13.0s]

$ java -jar /opt/jacoco/lib/jacococli.jar report /workspace/jqwik/Result_auto_Round2/Compress_6/tries1000_seed1/jacoco.exec --classfiles /work/Compress_6f/target/classes --csv /workspace/jqwik/Result_auto_Round2/Compress_6/tries1000_seed1/jacoco.csv
[INFO] Loading execution data file /workspace/jqwik/Result_auto_Round2/Compress_6/tries1000_seed1/jacoco.exec.
[INFO] Analyzing 63 classes.

[exit=0 timeout=False time=0.4s]

$ java -Djava.awt.headless=true -Xss4m -Xmx1g -Dpbt.seed=1 -Dpbt.tries=1000 -Dpbt.snapshot.dir=/work/jqwik_out/Compress_6/auto_round2_tries1000_seed1/snapshots -Dpbt.propertyBudgetMs=5000 -Dpbt.mask=/work/Compress_6f:/work/Compress_6b:/work/jqwik_out/Compress_6/auto_round2_tries1000_seed1/classes_f:/work/jqwik_out/Compress_6/auto_round2_tries1000_seed1/classes_b -Dpbt.mode=check -jar /workspace/lib/jqwik/junit-platform-console-standalone-1.9.3.jar --disable-banner --details tree --class-path /work/jqwik_out/Compress_6/auto_round2_tries1000_seed1/classes_b:/work/Compress_6b/target/classes:/opt/defects4j/framework/projects/Compress/lib/junit/junit/3.8.2/junit-3.8.2.jar:/work/Compress_6b/target/test-classes:/work/jqwik_harness:/workspace/lib/jqwik/jqwik-1.7.4.jar:/workspace/lib/jqwik/jqwik-api-1.7.4.jar:/workspace/lib/jqwik/jqwik-engine-1.7.4.jar --scan-class-path /work/jqwik_out/Compress_6/auto_round2_tries1000_seed1/classes_b --include-classname .* --include-engine jqwik --config jqwik.database=/workspace/jqwik/Result_auto_Round2/Compress_6/tries1000_seed1/reports_buggy/jqwik-database --config jqwik.tries.default=1000 --reports-dir /workspace/jqwik/Result_auto_Round2/Compress_6/tries1000_seed1/reports_buggy

checks = 1000                 | # of not rejected calls
generation = RANDOMIZED       | parameters are randomly generated
after-failure = SAMPLE_FIRST  | try previously failed sample, then previous seed
when-fixed-seed = ALLOW       | fixing the random seed is allowed
edge-cases#mode = NONE        | edge cases are not explicitly generated
seed = 1                      | random seed to reproduce generated values


timestamp = 2026-09-28T22:40:24.232617, ZipArchiveEntry AutoPbtTest:m012 getPlatform = 
                              |-----------------------jqwik-----------------------
tries = 1000                  | # of calls to property
checks = 1000                 | # of not rejected calls
generation = RANDOMIZED       | parameters are randomly generated
after-failure = SAMPLE_FIRST  | try previously failed sample, then previous seed
when-fixed-seed = ALLOW       | fixing the random seed is allowed
edge-cases#mode = NONE        | edge cases are not explicitly generated
seed = 1                      | random seed to reproduce generated values


timestamp = 2026-09-28T22:40:24.457185, ZipArchiveEntry AutoPbtTest:m027 setUnixMode = 
                              |-----------------------jqwik-----------------------
tries = 1000                  | # of calls to property
checks = 1000                 | # of not rejected calls
generation = RANDOMIZED       | parameters are randomly generated
after-failure = SAMPLE_FIRST  | try previously failed sample, then previous seed
when-fixed-seed = ALLOW       | fixing the random seed is allowed
edge-cases#mode = NONE        | edge cases are not explicitly generated
seed = 1                      | random seed to reproduce generated values


[36m╷[0m
[36m└─[0m [36mjqwik (JUnit Platform)[0m [32m✔[0m
[36m   └─[0m [36mZipArchiveEntry AutoPbtTest[0m [32m✔[0m
[36m      ├─[0m [34mm006 getExtraFields[0m [32m✔[0m
[36m      ├─[0m [34mm025 setName[0m [32m✔[0m
[36m      ├─[0m [34mm002 equals[0m [32m✔[0m
[36m      ├─[0m [34mm005 getExtraField[0m [32m✔[0m
[36m      ├─[0m [34mm016 isSupportedCompressionMethod[0m [32m✔[0m
[36m      ├─[0m [34mm017 removeExtraField[0m [32m✔[0m
[36m      ├─[0m [34mm009 getLocalFileDataExtra[0m [32m✔[0m
[36m      ├─[0m [34mm011 getName[0m [32m✔[0m
[36m      ├─[0m [34mm013 getUnixMode[0m [32m✔[0m
[36m      ├─[0m [34mm003 getCentralDirectoryExtra[0m [32m✔[0m
[36m      ├─[0m [34mm000 addAsFirstExtraField[0m [32m✔[0m
[36m      ├─[0m [34mm007 getInternalAttributes[0m [32m✔[0m
[36m      ├─[0m [34mm026 setPlatform[0m [32m✔[0m
[36m      ├─[0m [34mm010 getMethod[0m [32m✔[0m
[36m      ├─[0m [34mm018 setCentralDirectoryExtra[0m [32m✔[0m
[36m      ├─[0m [34mm014 hashCode[0m [32m✔[0m
[36m      ├─[0m [34mm021 setExtra[0m [32m✔[0m
[36m      ├─[0m [34mm020 setExtra[0m [32m✔[0m
[36m      ├─[0m [34mcontract equalsHashCode[0m [32m✔[0m
[36m      ├─[0m [34mm022 setExtraFields[0m [32m✔[0m
[36m      ├─[0m [34mm004 getExternalAttributes[0m [32m✔[0m
[36m      ├─[0m [34mm019 setExternalAttributes[0m [32m✔[0m
[36m      ├─[0m [34mm001 addExtraField[0m [32m✔[0m
[36m      ├─[0m [34mm024 setMethod[0m [32m✔[0m
[36m      ├─[0m [34mm015 isDirectory[0m [32m✔[0m
[36m      ├─[0m [34mm008 getLastModifiedDate[0m [32m✔[0m
[36m      ├─[0m [34mm023 setInternalAttributes[0m [32m✔[0m
[36m      ├─[0m [34mm012 getPlatform[0m [32m✔[0m
[36m      └─[0m [34mm027 setUnixMode[0m [32m✔[0m

Test run finished after 8576 ms
[         2 containers found      ]
[         0 containers skipped    ]
[         2 containers started    ]
[         0 containers aborted    ]
[         2 containers successful ]
[         0 containers failed     ]
[        29 tests found           ]
[         0 tests skipped         ]
[        29 tests started         ]
[         0 tests aborted         ]
[        29 tests successful      ]
[         0 tests failed          ]


[exit=0 timeout=False time=9.7s]
