
$ javac -nowarn -encoding UTF-8 -cp /work/Math_106f/target/classes:/work/Math_106f/target/test-classes:/opt/defects4j/framework/projects/lib/junit-4.12-hamcrest-1.3.jar:/work/jqwik_harness:/workspace/lib/jqwik/jqwik-1.7.4.jar:/workspace/lib/jqwik/jqwik-api-1.7.4.jar:/workspace/lib/jqwik/jqwik-engine-1.7.4.jar -d /work/jqwik_out/Math_106/auto_round1_tries200_seed2/classes_f /workspace/jqwik/Auto/Math_106/org/apache/commons/math/fraction/ProperFractionFormat_AutoPbtTest.java

[exit=0 timeout=False time=0.8s]

$ javac -nowarn -encoding UTF-8 -cp /work/Math_106b/target/classes:/work/Math_106b/target/test-classes:/opt/defects4j/framework/projects/lib/junit-4.12-hamcrest-1.3.jar:/work/jqwik_harness:/workspace/lib/jqwik/jqwik-1.7.4.jar:/workspace/lib/jqwik/jqwik-api-1.7.4.jar:/workspace/lib/jqwik/jqwik-engine-1.7.4.jar -d /work/jqwik_out/Math_106/auto_round1_tries200_seed2/classes_b /workspace/jqwik/Auto/Math_106/org/apache/commons/math/fraction/ProperFractionFormat_AutoPbtTest.java

[exit=0 timeout=False time=0.8s]

$ java -Djava.awt.headless=true -Xss4m -Xmx1g -Dpbt.seed=2 -Dpbt.tries=200 -Dpbt.snapshot.dir=/work/jqwik_out/Math_106/auto_round1_tries200_seed2/snapshots -Dpbt.propertyBudgetMs=5000 -Dpbt.mask=/work/Math_106f:/work/Math_106b:/work/jqwik_out/Math_106/auto_round1_tries200_seed2/classes_f:/work/jqwik_out/Math_106/auto_round1_tries200_seed2/classes_b -Dpbt.mode=record -jar /workspace/lib/jqwik/junit-platform-console-standalone-1.9.3.jar --disable-banner --details tree --class-path /work/jqwik_out/Math_106/auto_round1_tries200_seed2/classes_f:/work/Math_106f/target/classes:/work/Math_106f/target/test-classes:/opt/defects4j/framework/projects/lib/junit-4.12-hamcrest-1.3.jar:/work/jqwik_harness:/workspace/lib/jqwik/jqwik-1.7.4.jar:/workspace/lib/jqwik/jqwik-api-1.7.4.jar:/workspace/lib/jqwik/jqwik-engine-1.7.4.jar --scan-class-path /work/jqwik_out/Math_106/auto_round1_tries200_seed2/classes_f --include-classname .* --include-engine jqwik --config jqwik.database=/workspace/jqwik/Result_auto_Round1/Math_106/tries200_seed2/reports_record/jqwik-database --config jqwik.tries.default=200 --reports-dir /workspace/jqwik/Result_auto_Round1/Math_106/tries200_seed2/reports_record
timestamp = 2026-09-30T00:30:52.889963, ProperFractionFormat AutoPbtTest:m000 format = 
                              |-----------------------jqwik-----------------------
tries = 200                   | # of calls to property
checks = 200                  | # of not rejected calls
generation = RANDOMIZED       | parameters are randomly generated
after-failure = SAMPLE_FIRST  | try previously failed sample, then previous seed
when-fixed-seed = ALLOW       | fixing the random seed is allowed
edge-cases#mode = NONE        | edge cases are not explicitly generated
seed = 2                      | random seed to reproduce generated values


timestamp = 2026-09-30T00:30:52.914100, ProperFractionFormat AutoPbtTest:m001 getWholeFormat = 
                              |-----------------------jqwik-----------------------
tries = 11                    | # of calls to property
checks = 11                   | # of not rejected calls
generation = EXHAUSTIVE       | parameters are exhaustively generated
after-failure = SAMPLE_FIRST  | try previously failed sample, then previous seed
when-fixed-seed = ALLOW       | fixing the random seed is allowed
edge-cases#mode = NONE        | edge cases are not explicitly generated
seed = 2                      | random seed to reproduce generated values


timestamp = 2026-09-30T00:30:52.930333, ProperFractionFormat AutoPbtTest:m003 setWholeFormat = 
                              |-----------------------jqwik-----------------------
tries = 22                    | # of calls to property
checks = 22                   | # of not rejected calls
generation = EXHAUSTIVE       | parameters are exhaustively generated
after-failure = SAMPLE_FIRST  | try previously failed sample, then previous seed
when-fixed-seed = ALLOW       | fixing the random seed is allowed
edge-cases#mode = NONE        | edge cases are not explicitly generated
seed = 2                      | random seed to reproduce generated values


timestamp = 2026-09-30T00:30:53.057500, ProperFractionFormat AutoPbtTest:m002 parse = 
                              |-----------------------jqwik-----------------------
tries = 200                   | # of calls to property
checks = 200                  | # of not rejected calls
generation = RANDOMIZED       | parameters are randomly generated
after-failure = SAMPLE_FIRST  | try previously failed sample, then previous seed
when-fixed-seed = ALLOW       | fixing the random seed is allowed
edge-cases#mode = NONE        | edge cases are not explicitly generated
seed = 2                      | random seed to reproduce generated values


[36m╷[0m
[36m└─[0m [36mjqwik (JUnit Platform)[0m [32m✔[0m
[36m   └─[0m [36mProperFractionFormat AutoPbtTest[0m [32m✔[0m
[36m      ├─[0m [34mm000 format[0m [32m✔[0m
[36m      ├─[0m [34mm001 getWholeFormat[0m [32m✔[0m
[36m      ├─[0m [34mm003 setWholeFormat[0m [32m✔[0m
[36m      └─[0m [34mm002 parse[0m [32m✔[0m

Test run finished after 1141 ms
[         2 containers found      ]
[         0 containers skipped    ]
[         2 containers started    ]
[         0 containers aborted    ]
[         2 containers successful ]
[         0 containers failed     ]
[         4 tests found           ]
[         0 tests skipped         ]
[         4 tests started         ]
[         0 tests aborted         ]
[         4 tests successful      ]
[         0 tests failed          ]


[exit=0 timeout=False time=2.1s]

$ java -Djava.awt.headless=true -Xss4m -Xmx1g -Dpbt.seed=2 -Dpbt.tries=200 -Dpbt.snapshot.dir=/work/jqwik_out/Math_106/auto_round1_tries200_seed2/snapshots -Dpbt.propertyBudgetMs=5000 -Dpbt.mask=/work/Math_106f:/work/Math_106b:/work/jqwik_out/Math_106/auto_round1_tries200_seed2/classes_f:/work/jqwik_out/Math_106/auto_round1_tries200_seed2/classes_b -Dpbt.mode=check -javaagent:/opt/jacoco/lib/jacocoagent.jar=destfile=/workspace/jqwik/Result_auto_Round1/Math_106/tries200_seed2/jacoco.exec -jar /workspace/lib/jqwik/junit-platform-console-standalone-1.9.3.jar --disable-banner --details tree --class-path /work/jqwik_out/Math_106/auto_round1_tries200_seed2/classes_f:/work/Math_106f/target/classes:/work/Math_106f/target/test-classes:/opt/defects4j/framework/projects/lib/junit-4.12-hamcrest-1.3.jar:/work/jqwik_harness:/workspace/lib/jqwik/jqwik-1.7.4.jar:/workspace/lib/jqwik/jqwik-api-1.7.4.jar:/workspace/lib/jqwik/jqwik-engine-1.7.4.jar --scan-class-path /work/jqwik_out/Math_106/auto_round1_tries200_seed2/classes_f --include-classname .* --include-engine jqwik --config jqwik.database=/workspace/jqwik/Result_auto_Round1/Math_106/tries200_seed2/reports_fixed/jqwik-database --config jqwik.tries.default=200 --reports-dir /workspace/jqwik/Result_auto_Round1/Math_106/tries200_seed2/reports_fixed
timestamp = 2026-09-30T00:30:56.070153, ProperFractionFormat AutoPbtTest:m000 format = 
                              |-----------------------jqwik-----------------------
tries = 200                   | # of calls to property
checks = 200                  | # of not rejected calls
generation = RANDOMIZED       | parameters are randomly generated
after-failure = SAMPLE_FIRST  | try previously failed sample, then previous seed
when-fixed-seed = ALLOW       | fixing the random seed is allowed
edge-cases#mode = NONE        | edge cases are not explicitly generated
seed = 2                      | random seed to reproduce generated values


timestamp = 2026-09-30T00:30:56.106600, ProperFractionFormat AutoPbtTest:m001 getWholeFormat = 
                              |-----------------------jqwik-----------------------
tries = 11                    | # of calls to property
checks = 11                   | # of not rejected calls
generation = EXHAUSTIVE       | parameters are exhaustively generated
after-failure = SAMPLE_FIRST  | try previously failed sample, then previous seed
when-fixed-seed = ALLOW       | fixing the random seed is allowed
edge-cases#mode = NONE        | edge cases are not explicitly generated
seed = 2                      | random seed to reproduce generated values


timestamp = 2026-09-30T00:30:56.131511, ProperFractionFormat AutoPbtTest:m003 setWholeFormat = 
                              |-----------------------jqwik-----------------------
tries = 22                    | # of calls to property
checks = 22                   | # of not rejected calls
generation = EXHAUSTIVE       | parameters are exhaustively generated
after-failure = SAMPLE_FIRST  | try previously failed sample, then previous seed
when-fixed-seed = ALLOW       | fixing the random seed is allowed
edge-cases#mode = NONE        | edge cases are not explicitly generated
seed = 2                      | random seed to reproduce generated values


timestamp = 2026-09-30T00:30:56.295816, ProperFractionFormat AutoPbtTest:m002 parse = 
                              |-----------------------jqwik-----------------------
tries = 200                   | # of calls to property
checks = 200                  | # of not rejected calls
generation = RANDOMIZED       | parameters are randomly generated
after-failure = SAMPLE_FIRST  | try previously failed sample, then previous seed
when-fixed-seed = ALLOW       | fixing the random seed is allowed
edge-cases#mode = NONE        | edge cases are not explicitly generated
seed = 2                      | random seed to reproduce generated values


[36m╷[0m
[36m└─[0m [36mjqwik (JUnit Platform)[0m [32m✔[0m
[36m   └─[0m [36mProperFractionFormat AutoPbtTest[0m [32m✔[0m
[36m      ├─[0m [34mm000 format[0m [32m✔[0m
[36m      ├─[0m [34mm001 getWholeFormat[0m [32m✔[0m
[36m      ├─[0m [34mm003 setWholeFormat[0m [32m✔[0m
[36m      └─[0m [34mm002 parse[0m [32m✔[0m

Test run finished after 1628 ms
[         2 containers found      ]
[         0 containers skipped    ]
[         2 containers started    ]
[         0 containers aborted    ]
[         2 containers successful ]
[         0 containers failed     ]
[         4 tests found           ]
[         0 tests skipped         ]
[         4 tests started         ]
[         0 tests aborted         ]
[         4 tests successful      ]
[         0 tests failed          ]


[exit=0 timeout=False time=6.9s]

$ java -jar /opt/jacoco/lib/jacococli.jar report /workspace/jqwik/Result_auto_Round1/Math_106/tries200_seed2/jacoco.exec --classfiles /work/Math_106f/target/classes --csv /workspace/jqwik/Result_auto_Round1/Math_106/tries200_seed2/jacoco.csv
[INFO] Loading execution data file /workspace/jqwik/Result_auto_Round1/Math_106/tries200_seed2/jacoco.exec.
[INFO] Analyzing 110 classes.

[exit=0 timeout=False time=0.3s]

$ java -Djava.awt.headless=true -Xss4m -Xmx1g -Dpbt.seed=2 -Dpbt.tries=200 -Dpbt.snapshot.dir=/work/jqwik_out/Math_106/auto_round1_tries200_seed2/snapshots -Dpbt.propertyBudgetMs=5000 -Dpbt.mask=/work/Math_106f:/work/Math_106b:/work/jqwik_out/Math_106/auto_round1_tries200_seed2/classes_f:/work/jqwik_out/Math_106/auto_round1_tries200_seed2/classes_b -Dpbt.mode=check -jar /workspace/lib/jqwik/junit-platform-console-standalone-1.9.3.jar --disable-banner --details tree --class-path /work/jqwik_out/Math_106/auto_round1_tries200_seed2/classes_b:/work/Math_106b/target/classes:/work/Math_106b/target/test-classes:/opt/defects4j/framework/projects/lib/junit-4.12-hamcrest-1.3.jar:/work/jqwik_harness:/workspace/lib/jqwik/jqwik-1.7.4.jar:/workspace/lib/jqwik/jqwik-api-1.7.4.jar:/workspace/lib/jqwik/jqwik-engine-1.7.4.jar --scan-class-path /work/jqwik_out/Math_106/auto_round1_tries200_seed2/classes_b --include-classname .* --include-engine jqwik --config jqwik.database=/workspace/jqwik/Result_auto_Round1/Math_106/tries200_seed2/reports_buggy/jqwik-database --config jqwik.tries.default=200 --reports-dir /workspace/jqwik/Result_auto_Round1/Math_106/tries200_seed2/reports_buggy
timestamp = 2026-09-30T00:31:03.283911, ProperFractionFormat AutoPbtTest:m000 format = 
                              |-----------------------jqwik-----------------------
tries = 200                   | # of calls to property
checks = 200                  | # of not rejected calls
generation = RANDOMIZED       | parameters are randomly generated
after-failure = SAMPLE_FIRST  | try previously failed sample, then previous seed
when-fixed-seed = ALLOW       | fixing the random seed is allowed
edge-cases#mode = NONE        | edge cases are not explicitly generated
seed = 2                      | random seed to reproduce generated values


timestamp = 2026-09-30T00:31:03.303640, ProperFractionFormat AutoPbtTest:m001 getWholeFormat = 
                              |-----------------------jqwik-----------------------
tries = 11                    | # of calls to property
checks = 11                   | # of not rejected calls
generation = EXHAUSTIVE       | parameters are exhaustively generated
after-failure = SAMPLE_FIRST  | try previously failed sample, then previous seed
when-fixed-seed = ALLOW       | fixing the random seed is allowed
edge-cases#mode = NONE        | edge cases are not explicitly generated
seed = 2                      | random seed to reproduce generated values


timestamp = 2026-09-30T00:31:03.317940, ProperFractionFormat AutoPbtTest:m003 setWholeFormat = 
                              |-----------------------jqwik-----------------------
tries = 22                    | # of calls to property
checks = 22                   | # of not rejected calls
generation = EXHAUSTIVE       | parameters are exhaustively generated
after-failure = SAMPLE_FIRST  | try previously failed sample, then previous seed
when-fixed-seed = ALLOW       | fixing the random seed is allowed
edge-cases#mode = NONE        | edge cases are not explicitly generated
seed = 2                      | random seed to reproduce generated values


timestamp = 2026-09-30T00:31:03.426871, ProperFractionFormat AutoPbtTest:m002 parse = 
                              |-----------------------jqwik-----------------------
tries = 200                   | # of calls to property
checks = 200                  | # of not rejected calls
generation = RANDOMIZED       | parameters are randomly generated
after-failure = SAMPLE_FIRST  | try previously failed sample, then previous seed
when-fixed-seed = ALLOW       | fixing the random seed is allowed
edge-cases#mode = NONE        | edge cases are not explicitly generated
seed = 2                      | random seed to reproduce generated values


[36m╷[0m
[36m└─[0m [36mjqwik (JUnit Platform)[0m [32m✔[0m
[36m   └─[0m [36mProperFractionFormat AutoPbtTest[0m [32m✔[0m
[36m      ├─[0m [34mm000 format[0m [32m✔[0m
[36m      ├─[0m [34mm001 getWholeFormat[0m [32m✔[0m
[36m      ├─[0m [34mm003 setWholeFormat[0m [32m✔[0m
[36m      └─[0m [34mm002 parse[0m [32m✔[0m

Test run finished after 1132 ms
[         2 containers found      ]
[         0 containers skipped    ]
[         2 containers started    ]
[         0 containers aborted    ]
[         2 containers successful ]
[         0 containers failed     ]
[         4 tests found           ]
[         0 tests skipped         ]
[         4 tests started         ]
[         0 tests aborted         ]
[         4 tests successful      ]
[         0 tests failed          ]


[exit=0 timeout=False time=1.9s]
