
$ defects4j compile -w /work/Cli_35f
Running ant (compile)...................................................... OK
Running ant (compile.tests)................................................ OK

[exit=0 timeout=False time=0.8s]

$ defects4j compile -w /work/Cli_35b
Running ant (compile)...................................................... OK
Running ant (compile.tests)................................................ OK

[exit=0 timeout=False time=0.8s]

$ java -Djava.awt.headless=true -cp /opt/defects4j/framework/projects/lib/junit-4.12-hamcrest-1.3.jar:/opt/evosuite/evosuite-1.2.0.jar:/work/Cli_35f/target/classes:/work/Cli_35f/target/test-classes org.evosuite.EvoSuite -generateSuite -class org.apache.commons.cli.Options -projectCP /opt/defects4j/framework/projects/lib/junit-4.12-hamcrest-1.3.jar:/work/Cli_35f/target/classes:/work/Cli_35f/target/test-classes -Dcriterion=LINE:BRANCH:EXCEPTION -Dsearch_budget=120 -seed 1 -Dtest_dir=/work/evo_out/Cli_35f/budget120_seed1/tests -Dreport_dir=/work/evo_out/Cli_35f/budget120_seed1/report
* EvoSuite 1.2.0
* Going to generate test cases for class: org.apache.commons.cli.Options
* Starting Client-0
* Connecting to master process on port 9922
* Analyzing classpath: 
  - /opt/defects4j/framework/projects/lib/junit-4.12-hamcrest-1.3.jar
  - /work/Cli_35f/target/classes
  - /work/Cli_35f/target/test-classes
* Finished analyzing classpath
* Generating tests for class org.apache.commons.cli.Options
* Test criteria:
  - Line Coverage
  - Branch Coverage
  - Exception
* Setting up search algorithm for whole suite generation
* Total number of test goals: 
  - Line 59
  - Branch 46

[Progress:>                             0%] [Cov:>                                  0%]  - Exception 0
* Using seed 1
* Starting evolution

[Progress:>                             0%] [Cov:=====>                             15%]
[Progress:>                             0%] [Cov:=========>                         27%]
[Progress:>                             0%] [Cov:=====================>             60%]
[Progress:>                             0%] [Cov:=========================>         73%]
[Progress:>                             0%] [Cov:============================>      80%]
[Progress:>                             0%] [Cov:============================>      80%]
[Progress:>                             0%] [Cov:===============================>   91%]
[Progress:>                             0%] [Cov:================================>  93%]
[Progress:>                             0%] [Cov:=================================> 95%]
[Progress:>                             0%] [Cov:=================================> 95%]
[Progress:>                             0%] [Cov:=================================> 95%]
[Progress:>                             0%] [Cov:=================================> 95%]
[Progress:>                             0%] [Cov:=================================> 95%]
[Progress:>                             0%] [Cov:=================================> 95%]
[Progress:>                             1%] [Cov:=================================> 95%]
[Progress:>                             1%] [Cov:=================================> 95%]
[Progress:>                             1%] [Cov:=================================> 95%]
[Progress:>                             1%] [Cov:=================================> 95%]
[Progress:>                             1%] [Cov:=================================> 95%]
[Progress:>                             1%] [Cov:=================================> 95%]
[Progress:>                             1%] [Cov:=================================> 95%]
[Progress:>                             1%] [Cov:=================================> 95%]
[Progress:>                             1%] [Cov:=================================> 96%]
[Progress:>                             1%] [Cov:=================================> 97%]
[Progress:>                             1%] [Cov:=================================> 97%]
[Progress:>                             2%] [Cov:=================================> 97%]
[Progress:>                             2%] [Cov:=================================> 97%]
[Progress:>                             2%] [Cov:=================================> 97%]
[Progress:>                             2%] [Cov:==================================>98%]
[Progress:>                             2%] [Cov:===================================100%]
[Progress:>                             2%] [Cov:===================================100%]
[Progress:>                             2%] [Cov:===================================100%]
[Progress:>                             2%] [Cov:===================================100%]
[Progress:>                             2%] [Cov:===================================100%]
[Progress:>                             2%] [Cov:===================================100%]
[Progress:>                             2%] [Cov:===================================100%]
[Progress:>                             2%] [Cov:===================================100%]
[Progress:>                             2%] [Cov:===================================100%]
[Progress:>                             2%] [Cov:===================================100%]
[Progress:>                             2%] [Cov:===================================100%]
[Progress:>                             2%] [Cov:===================================100%]
[Progress:>                             3%] [Cov:===================================100%]
[Progress:>                             3%] [Cov:===================================100%]
[Progress:>                             3%] [Cov:===================================100%]
[Progress:>                             3%] [Cov:===================================100%]
[Progress:>                             3%] [Cov:===================================100%]
[Progress:>                             3%] [Cov:===================================100%]
[Progress:>                             3%] [Cov:===================================100%]
[Progress:>                             3%] [Cov:===================================100%]
[Progress:>                             3%] [Cov:===================================100%]
* Search finished after 5s and 36 generations, 17082 statements, best individual has fitness: 0.14285714285714285
* Minimizing test suite
* Going to analyze the coverage criteria
* Coverage analysis for criterion LINE
* Coverage of criterion LINE: 100%
* Total number of goals: 59
* Number of covered goals: 59
* Coverage analysis for criterion BRANCH
* Coverage of criterion BRANCH: 100%
* Total number of goals: 46
* Number of covered goals: 46
* Coverage analysis for criterion EXCEPTION
* Coverage of criterion EXCEPTION: 100%
* Total number of goals: 6
* Number of covered goals: 6
* Generated 27 tests with total length 78
* Resulting test suite's coverage: 100% (average coverage for all fitness functions)
* Generating assertions
* Resulting test suite's mutation score: 59%
* Compiling and checking tests
* Writing tests to file
* Writing JUnit test case 'Options_ESTest' to /work/evo_out/Cli_35f/budget120_seed1/tests
* Done!

* Computation finished

[exit=0 timeout=False time=12.3s]

$ javac -nowarn -cp /work/Cli_35f/target/classes:/opt/defects4j/framework/projects/lib/junit-4.12-hamcrest-1.3.jar:/work/Cli_35f/target/classes:/work/Cli_35f/target/test-classes:/opt/evosuite/evosuite-standalone-runtime-1.2.0.jar -d /work/evo_out/Cli_35f/budget120_seed1/classes /work/evo_out/Cli_35f/budget120_seed1/tests/org/apache/commons/cli/Options_ESTest.java /work/evo_out/Cli_35f/budget120_seed1/tests/org/apache/commons/cli/Options_ESTest_scaffolding.java

[exit=0 timeout=False time=0.6s]

$ java -jar /opt/jacoco/lib/jacococli.jar instrument /work/Cli_35f/target/classes --dest /work/evo_out/Cli_35f/budget120_seed1/instrumented
[INFO] 27 classes instrumented to /work/evo_out/Cli_35f/budget120_seed1/instrumented.

[exit=0 timeout=False time=0.2s]

$ java -Djacoco-agent.destfile=/workspace/EvoSuite/Result_Round2/Cli_35/budget120_seed1/jacoco.exec -cp /work/evo_out/Cli_35f/budget120_seed1/instrumented:/work/evo_out/Cli_35f/budget120_seed1/classes:/opt/defects4j/framework/projects/lib/junit-4.12-hamcrest-1.3.jar:/work/Cli_35f/target/classes:/work/Cli_35f/target/test-classes:/opt/evosuite/evosuite-standalone-runtime-1.2.0.jar:/opt/jacoco/lib/jacocoagent.jar org.junit.runner.JUnitCore org.apache.commons.cli.Options_ESTest
JUnit version 4.12
...........................
Time: 0.425

OK (27 tests)

SLF4J: Failed to load class "org.slf4j.impl.StaticLoggerBinder".
SLF4J: Defaulting to no-operation (NOP) logger implementation
SLF4J: See http://www.slf4j.org/codes.html#StaticLoggerBinder for further details.
WARNING: An illegal reflective access operation has occurred
WARNING: Illegal reflective access by org.evosuite.runtime.GuiSupport (file:/opt/evosuite/evosuite-standalone-runtime-1.2.0.jar) to field java.awt.GraphicsEnvironment.headless
WARNING: Please consider reporting this to the maintainers of org.evosuite.runtime.GuiSupport
WARNING: Use --illegal-access=warn to enable warnings of further illegal reflective access operations
WARNING: All illegal access operations will be denied in a future release

[exit=0 timeout=False time=0.7s]

$ java -jar /opt/jacoco/lib/jacococli.jar report /workspace/EvoSuite/Result_Round2/Cli_35/budget120_seed1/jacoco.exec --classfiles /work/Cli_35f/target/classes --csv /workspace/EvoSuite/Result_Round2/Cli_35/budget120_seed1/jacoco.csv
[INFO] Loading execution data file /workspace/EvoSuite/Result_Round2/Cli_35/budget120_seed1/jacoco.exec.
[INFO] Analyzing 23 classes.

[exit=0 timeout=False time=0.2s]

$ java -cp /work/evo_out/Cli_35f/budget120_seed1/classes:/opt/defects4j/framework/projects/lib/junit-4.12-hamcrest-1.3.jar:/work/Cli_35b/target/classes:/work/Cli_35b/target/test-classes:/opt/evosuite/evosuite-standalone-runtime-1.2.0.jar org.junit.runner.JUnitCore org.apache.commons.cli.Options_ESTest
JUnit version 4.12
...........................
Time: 0.483

OK (27 tests)

SLF4J: Failed to load class "org.slf4j.impl.StaticLoggerBinder".
SLF4J: Defaulting to no-operation (NOP) logger implementation
SLF4J: See http://www.slf4j.org/codes.html#StaticLoggerBinder for further details.
WARNING: An illegal reflective access operation has occurred
WARNING: Illegal reflective access by org.evosuite.runtime.GuiSupport (file:/opt/evosuite/evosuite-standalone-runtime-1.2.0.jar) to field java.awt.GraphicsEnvironment.headless
WARNING: Please consider reporting this to the maintainers of org.evosuite.runtime.GuiSupport
WARNING: Use --illegal-access=warn to enable warnings of further illegal reflective access operations
WARNING: All illegal access operations will be denied in a future release

[exit=0 timeout=False time=0.7s]
