
$ defects4j checkout -p Closure -v 13f -w /work/Closure_13f
Checking out d6d733f4 to /work/Closure_13f................................. OK
Init local repository...................................................... OK
Tag post-fix revision...................................................... OK
sed: can't read /work/Closure_13f/lib/rhino/src/mozilla/js/rhino/build.properties: No such file or directory
sed: can't read /work/Closure_13f/lib/rhino/src/mozilla/js/rhino/build.properties: No such file or directory
Run post-checkout hook..................................................... OK
Excluding broken/flaky tests............................................... OK
Excluding broken/flaky tests............................................... OK
Initialize fixed program version........................................... OK
Apply patch................................................................ OK
Initialize buggy program version........................................... OK
Diff d6d733f4:8b8c01a3..................................................... OK
Apply patch................................................................ OK
Tag pre-fix revision....................................................... OK
Check out program version: Closure-13f..................................... OK

[exit=0 timeout=False time=4.1s]

$ defects4j compile -w /work/Closure_13f
Running ant (compile)...................................................... OK
Running ant (compile.tests)................................................ OK

[exit=0 timeout=False time=27.3s]

$ defects4j checkout -p Closure -v 13b -w /work/Closure_13b
Checking out d6d733f4 to /work/Closure_13b................................. OK
Init local repository...................................................... OK
Tag post-fix revision...................................................... OK
sed: can't read /work/Closure_13b/lib/rhino/src/mozilla/js/rhino/build.properties: No such file or directory
sed: can't read /work/Closure_13b/lib/rhino/src/mozilla/js/rhino/build.properties: No such file or directory
Run post-checkout hook..................................................... OK
Excluding broken/flaky tests............................................... OK
Excluding broken/flaky tests............................................... OK
Initialize fixed program version........................................... OK
Apply patch................................................................ OK
Initialize buggy program version........................................... OK
Diff d6d733f4:8b8c01a3..................................................... OK
Apply patch................................................................ OK
Tag pre-fix revision....................................................... OK
Check out program version: Closure-13b..................................... OK

[exit=0 timeout=False time=3.7s]

$ defects4j compile -w /work/Closure_13b
Running ant (compile)...................................................... OK
Running ant (compile.tests)................................................ OK

[exit=0 timeout=False time=26.0s]

$ java -Djava.awt.headless=true -cp /opt/defects4j/framework/projects/lib/junit-4.12-hamcrest-1.3.jar:/opt/evosuite/evosuite-1.2.0.jar:/work/Closure_13f/build/classes:/work/Closure_13f/lib/args4j.jar:/work/Closure_13f/lib/guava.jar:/work/Closure_13f/lib/json.jar:/work/Closure_13f/lib/jsr305.jar:/work/Closure_13f/lib/protobuf-java.jar:/work/Closure_13f/build/lib/rhino.jar:/work/Closure_13f/lib/ant.jar:/work/Closure_13f/lib/ant-launcher.jar:/work/Closure_13f/lib/caja-r4314.jar:/work/Closure_13f/lib/jarjar.jar:/work/Closure_13f/build/test org.evosuite.EvoSuite -generateSuite -class com.google.javascript.jscomp.PeepholeOptimizationsPass -projectCP /opt/defects4j/framework/projects/lib/junit-4.12-hamcrest-1.3.jar:/work/Closure_13f/build/classes:/work/Closure_13f/lib/args4j.jar:/work/Closure_13f/lib/guava.jar:/work/Closure_13f/lib/json.jar:/work/Closure_13f/lib/jsr305.jar:/work/Closure_13f/lib/protobuf-java.jar:/work/Closure_13f/build/lib/rhino.jar:/work/Closure_13f/lib/ant.jar:/work/Closure_13f/lib/ant-launcher.jar:/work/Closure_13f/lib/caja-r4314.jar:/work/Closure_13f/lib/jarjar.jar:/work/Closure_13f/build/test -Dcriterion=LINE:BRANCH:EXCEPTION -Dsearch_budget=60 -seed 1 -Dtest_dir=/work/evo_out/Closure_13f/budget60_seed1/tests -Dreport_dir=/work/evo_out/Closure_13f/budget60_seed1/report
* EvoSuite 1.2.0
* Going to generate test cases for class: com.google.javascript.jscomp.PeepholeOptimizationsPass
* Starting Client-0
* Connecting to master process on port 9922
* Analyzing classpath: 
  - /opt/defects4j/framework/projects/lib/junit-4.12-hamcrest-1.3.jar
  - /work/Closure_13f/build/classes
  - /work/Closure_13f/lib/args4j.jar
  - /work/Closure_13f/lib/guava.jar
  - /work/Closure_13f/lib/json.jar
  - /work/Closure_13f/lib/jsr305.jar
  - /work/Closure_13f/lib/protobuf-java.jar
  - /work/Closure_13f/build/lib/rhino.jar
  - /work/Closure_13f/lib/ant.jar
  - /work/Closure_13f/lib/ant-launcher.jar
  - /work/Closure_13f/lib/caja-r4314.jar
  - /work/Closure_13f/lib/jarjar.jar
  - /work/Closure_13f/build/test
[MASTER] 12:24:15.811 [logback-1] WARN  InheritanceTree - Class not in inheritance graph: java.util.Locale$IsoCountryCode
[MASTER] 12:24:15.836 [logback-1] WARN  InheritanceTree - Class not in inheritance graph: java.io.ObjectInputFilter
[MASTER] 12:24:16.392 [logback-1] WARN  InheritanceTree - Class not in inheritance graph: java.lang.module.ModuleFinder
* Finished analyzing classpath
* Generating tests for class com.google.javascript.jscomp.PeepholeOptimizationsPass
* Test criteria:
  - Line Coverage
  - Branch Coverage
  - Exception
* Setting up search algorithm for whole suite generation
* Total number of test goals: 
  - Line 85
  - Branch 49
  - Exception 0
* Using seed 1
* Starting evolution

[Progress:>                             0%] [Cov:>                                  0%]
[Progress:>                             3%] [Cov:==>                                6%]
[Progress:>                             3%] [Cov:===>                               10%]
[Progress:>                             3%] [Cov:===============>                   43%]
[Progress:===>                          11%] [Cov:=======>                           22%]
[Progress:===>                          11%] [Cov:=============>                     39%]
[Progress:===>                          11%] [Cov:=========================>         72%][MASTER] 12:24:25.156 [logback-1] WARN  MSecurityManager - SUT asked for a runtime permission that EvoSuite does not recognize: getStackWalkerWithClassReference

[Progress:===>                          13%] [Cov:==>                                6%]
[Progress:===>                          13%] [Cov:==>                                8%]
[Progress:===>                          13%] [Cov:==============>                    42%]
[Progress:===>                          13%] [Cov:===============>                   43%]
[Progress:===>                          13%] [Cov:=================>                 49%]
[Progress:===>                          13%] [Cov:==========================>        76%]
[Progress:====>                         15%] [Cov:===>                               9%]
[Progress:====>                         15%] [Cov:====>                              13%]
[Progress:====>                         15%] [Cov:================>                  47%]
[Progress:====>                         15%] [Cov:=========================>         73%]
[Progress:====>                         15%] [Cov:==========================>        76%]
[Progress:====>                         15%] [Cov:==========================>        76%]
[Progress:====>                         16%] [Cov:==========================>        76%]
[Progress:====>                         16%] [Cov:==========================>        76%]
[Progress:====>                         16%] [Cov:==========================>        76%]
[Progress:=====>                        18%] [Cov:==========================>        76%]
[Progress:=====>                        18%] [Cov:==========================>        76%]
[Progress:=====>                        18%] [Cov:==========================>        76%]
[Progress:=====>                        18%] [Cov:==========================>        76%]
[Progress:=====>                        18%] [Cov:==========================>        76%]
[Progress:======>                       20%] [Cov:==========================>        76%]
[Progress:======>                       20%] [Cov:==========================>        76%]
[Progress:======>                       20%] [Cov:==========================>        76%]
[Progress:======>                       20%] [Cov:==========================>        76%]
[Progress:======>                       20%] [Cov:==========================>        76%]
[Progress:======>                       20%] [Cov:==========================>        76%]
[Progress:======>                       21%] [Cov:==========================>        76%]
[Progress:======>                       21%] [Cov:==========================>        76%]
[Progress:======>                       21%] [Cov:==========================>        76%]
[Progress:======>                       21%] [Cov:==========================>        76%]
[Progress:======>                       21%] [Cov:==========================>        76%]
[Progress:=========>                    30%] [Cov:==========================>        76%]
[Progress:=========>                    30%] [Cov:==========================>        76%]
[Progress:=========>                    30%] [Cov:==========================>        76%]
[Progress:=========>                    31%] [Cov:==========================>        76%]
[Progress:=========>                    31%] [Cov:==========================>        76%]
[Progress:=========>                    31%] [Cov:==========================>        76%]
[Progress:=========>                    31%] [Cov:==========================>        76%]
[Progress:=========>                    31%] [Cov:==========================>        76%]
[Progress:=========>                    31%] [Cov:==========================>        76%]
[Progress:=========>                    33%] [Cov:==========================>        76%]
[Progress:=========>                    33%] [Cov:==========================>        76%]
[Progress:=========>                    33%] [Cov:==========================>        76%]
[Progress:=========>                    33%] [Cov:==========================>        76%]
[Progress:=========>                    33%] [Cov:==========================>        76%]
[Progress:=========>                    33%] [Cov:==========================>        76%]
[Progress:=========>                    33%] [Cov:==========================>        76%]
[Progress:==========>                   35%] [Cov:==========================>        76%]
[Progress:==========>                   35%] [Cov:==========================>        76%]
[Progress:==========>                   35%] [Cov:==========================>        76%]
[Progress:==========>                   35%] [Cov:==========================>        76%]
[Progress:==========>                   35%] [Cov:==========================>        76%]
[Progress:==========>                   35%] [Cov:==========================>        76%]
[Progress:==========>                   35%] [Cov:==========================>        76%]
[Progress:==========>                   35%] [Cov:==========================>        76%]
[Progress:==========>                   35%] [Cov:==========================>        76%]
[Progress:==========>                   35%] [Cov:==========================>        76%]
[Progress:==========>                   36%] [Cov:==========================>        76%]
[Progress:==========>                   36%] [Cov:==========================>        76%]
[Progress:==========>                   36%] [Cov:==========================>        76%]
[Progress:==========>                   36%] [Cov:==========================>        76%]
[Progress:==========>                   36%] [Cov:==========================>        76%]
[Progress:==========>                   36%] [Cov:==========================>        76%]
[Progress:==========>                   36%] [Cov:==========================>        76%]
[Progress:=============>                45%] [Cov:==========================>        76%]
[Progress:=============>                45%] [Cov:==========================>        76%]
[Progress:=============>                45%] [Cov:==========================>        76%]
[Progress:=============>                46%] [Cov:==========================>        76%]
[Progress:=============>                46%] [Cov:============================>      81%]
[Progress:=============>                46%] [Cov:==============================>    86%]
[Progress:=============>                46%] [Cov:==============================>    86%]
[Progress:=============>                46%] [Cov:==============================>    86%]
[Progress:=============>                46%] [Cov:==============================>    86%]
[Progress:=============>                46%] [Cov:==============================>    86%]
[Progress:=============>                46%] [Cov:==============================>    86%]
[Progress:=============>                46%] [Cov:==============================>    86%]
[Progress:=============>                46%] [Cov:==============================>    87%]
[Progress:=============>                46%] [Cov:==============================>    87%]
[Progress:=============>                46%] [Cov:==============================>    87%]
[Progress:==============>               48%] [Cov:==============================>    87%]
[Progress:==============>               48%] [Cov:==============================>    87%]
[Progress:================>             56%] [Cov:==============================>    87%]
[Progress:================>             56%] [Cov:==============================>    87%]
[Progress:================>             56%] [Cov:==============================>    87%]
[Progress:================>             56%] [Cov:==============================>    87%]
[Progress:================>             56%] [Cov:==============================>    87%]
[Progress:================>             56%] [Cov:==============================>    87%]
[Progress:================>             56%] [Cov:==============================>    87%]
[Progress:=================>            58%] [Cov:==============================>    87%]
[Progress:=================>            58%] [Cov:==============================>    87%]
[Progress:=================>            58%] [Cov:==============================>    87%]
[Progress:===================>          66%] [Cov:==============================>    87%]
[Progress:===================>          66%] [Cov:==============================>    87%]
[Progress:===================>          66%] [Cov:==============================>    87%]
[Progress:===================>          66%] [Cov:==============================>    87%]
[Progress:====================>         68%] [Cov:==============================>    87%]
[Progress:====================>         68%] [Cov:==============================>    87%]
[Progress:====================>         68%] [Cov:==============================>    87%]
[Progress:====================>         68%] [Cov:==============================>    87%]
[Progress:====================>         68%] [Cov:==============================>    87%]
[Progress:====================>         68%] [Cov:==============================>    87%]
[Progress:====================>         68%] [Cov:==============================>    87%]
[Progress:====================>         68%] [Cov:==============================>    87%]
[Progress:=====================>        70%] [Cov:==============================>    87%]
[Progress:=====================>        70%] [Cov:==============================>    87%]
[Progress:=====================>        70%] [Cov:==============================>    87%]
[Progress:=====================>        70%] [Cov:==============================>    87%]
[Progress:=====================>        70%] [Cov:==============================>    87%]
[Progress:=====================>        70%] [Cov:==============================>    87%]
[Progress:=====================>        70%] [Cov:==============================>    87%]
[Progress:=====================>        70%] [Cov:==============================>    87%]
[Progress:=====================>        71%] [Cov:==============================>    87%]
[Progress:=====================>        71%] [Cov:==============================>    87%]
[Progress:=====================>        71%] [Cov:==============================>    87%]
[Progress:=====================>        71%] [Cov:==============================>    87%]
[Progress:=====================>        71%] [Cov:==============================>    87%]
[Progress:=====================>        71%] [Cov:==============================>    87%]
[Progress:=====================>        71%] [Cov:==============================>    87%]
[Progress:=====================>        71%] [Cov:==============================>    87%]
[Progress:=====================>        73%] [Cov:==============================>    87%]
[Progress:=====================>        73%] [Cov:==============================>    87%]
[Progress:=====================>        73%] [Cov:==============================>    87%]
[Progress:=====================>        73%] [Cov:==============================>    87%]
[Progress:=====================>        73%] [Cov:==============================>    87%]
[Progress:=====================>        73%] [Cov:==============================>    87%]
[Progress:========================>     81%] [Cov:==============================>    87%]
[Progress:========================>     81%] [Cov:==============================>    87%]
[Progress:========================>     81%] [Cov:==============================>    87%]
[Progress:========================>     81%] [Cov:==============================>    87%]
[Progress:========================>     83%] [Cov:==============================>    87%]
[Progress:========================>     83%] [Cov:==============================>    87%]
[Progress:========================>     83%] [Cov:==============================>    87%]
[Progress:========================>     83%] [Cov:==============================>    87%]
[Progress:========================>     83%] [Cov:==============================>    87%]
[Progress:========================>     83%] [Cov:==============================>    87%]
[Progress:========================>     83%] [Cov:==============================>    87%]
[Progress:========================>     83%] [Cov:==============================>    87%]
[Progress:========================>     83%] [Cov:==============================>    87%]
[Progress:=========================>    85%] [Cov:==============================>    87%]
[Progress:=========================>    85%] [Cov:==============================>    87%]
[Progress:=========================>    85%] [Cov:==============================>    87%]
[Progress:=========================>    85%] [Cov:==============================>    87%]
[Progress:=========================>    85%] [Cov:==============================>    87%]
[Progress:=========================>    85%] [Cov:==============================>    87%]
[Progress:=========================>    85%] [Cov:==============================>    87%]
[Progress:=========================>    86%] [Cov:==============================>    87%]
[Progress:=========================>    86%] [Cov:==============================>    87%]
[Progress:=========================>    86%] [Cov:==============================>    87%]
[Progress:=========================>    86%] [Cov:==============================>    87%]
[Progress:=========================>    86%] [Cov:==============================>    87%]
[Progress:=========================>    86%] [Cov:==============================>    87%]
[Progress:============================> 95%] [Cov:==============================>    87%]
[Progress:============================> 95%] [Cov:==============================>    87%]
[Progress:============================> 96%] [Cov:==============================>    87%]
[Progress:============================> 96%] [Cov:==============================>    87%]
[Progress:============================> 96%] [Cov:==============================>    87%]
[Progress:============================> 96%] [Cov:==============================>    87%]
[Progress:============================> 96%] [Cov:==============================>    87%]
[Progress:============================> 96%] [Cov:==============================>    87%]
[Progress:============================> 96%] [Cov:==============================>    87%]
[Progress:============================> 96%] [Cov:==============================>    87%]
[Progress:============================> 96%] [Cov:==============================>    87%]
[Progress:=============================>98%] [Cov:==============================>    87%]
[Progress:=============================>98%] [Cov:==============================>    87%]
[Progress:=============================>98%] [Cov:==============================>    87%]
[Progress:=============================>98%] [Cov:==============================>    87%]
[Progress:=============================>98%] [Cov:==============================>    87%]
[Progress:==============================100%] [Cov:==============================>    87%]
[Progress:==============================100%] [Cov:==============================>    87%]
* Search finished after 64s and 128 generations, 80922 statements, best individual has fitness: 14.10889092908891
* Minimizing test suite
* Going to analyze the coverage criteria
* Coverage analysis for criterion LINE
* Coverage of criterion LINE: 88%
* Total number of goals: 85
* Number of covered goals: 75
* Coverage analysis for criterion BRANCH
* Coverage of criterion BRANCH: 76%
* Total number of goals: 49
* Number of covered goals: 37
* Coverage analysis for criterion EXCEPTION
* Coverage of criterion EXCEPTION: 75%
* Total number of goals: 4
* Number of covered goals: 3
* Generated 5 tests with total length 41
* Resulting test suite's coverage: 88% (average coverage for all fitness functions)
* Generating assertions
* Resulting test suite's mutation score: 42%
* Compiling and checking tests
[MASTER] 12:25:36.518 [logback-1] WARN  JUnitAnalyzer - Found unstable test named test0 -> class java.lang.StackOverflowError: null
[MASTER] 12:25:36.520 [logback-1] WARN  JUnitAnalyzer - Failing test:
 Compiler compiler0 = new Compiler();
AbstractPeepholeOptimization[] abstractPeepholeOptimizationArray0 = new AbstractPeepholeOptimization[2];
PeepholeFoldWithTypes peepholeFoldWithTypes0 = new PeepholeFoldWithTypes();
abstractPeepholeOptimizationArray0[0] = (AbstractPeepholeOptimization) peepholeFoldWithTypes0;
PeepholeSimplifyRegExp peepholeSimplifyRegExp0 = new PeepholeSimplifyRegExp();
abstractPeepholeOptimizationArray0[1] = (AbstractPeepholeOptimization) peepholeSimplifyRegExp0;
PeepholeOptimizationsPass peepholeOptimizationsPass0 = new PeepholeOptimizationsPass(compiler0, abstractPeepholeOptimizationArray0);
Node node0 = Node.newNumber((-1.0), (-114), (-114));
Node node1 = new Node((-114), node0, 43, 1628);
node1.addChildrenAfter(node1, node0);
peepholeOptimizationsPass0.process(node0, node1);

* Permissions denied during test execution: 
  - java.lang.RuntimePermission: 
         getStackWalkerWithClassReference: 1
* Writing tests to file
* Writing JUnit test case 'PeepholeOptimizationsPass_ESTest' to /work/evo_out/Closure_13f/budget60_seed1/tests
* Done!

* Computation finished

[exit=0 timeout=False time=90.7s]

$ javac -nowarn -cp /work/Closure_13f/build/classes:/opt/defects4j/framework/projects/lib/junit-4.12-hamcrest-1.3.jar:/work/Closure_13f/build/classes:/work/Closure_13f/lib/args4j.jar:/work/Closure_13f/lib/guava.jar:/work/Closure_13f/lib/json.jar:/work/Closure_13f/lib/jsr305.jar:/work/Closure_13f/lib/protobuf-java.jar:/work/Closure_13f/build/lib/rhino.jar:/work/Closure_13f/lib/ant.jar:/work/Closure_13f/lib/ant-launcher.jar:/work/Closure_13f/lib/caja-r4314.jar:/work/Closure_13f/lib/jarjar.jar:/work/Closure_13f/build/test:/opt/evosuite/evosuite-standalone-runtime-1.2.0.jar -d /work/evo_out/Closure_13f/budget60_seed1/classes /work/evo_out/Closure_13f/budget60_seed1/tests/com/google/javascript/jscomp/PeepholeOptimizationsPass_ESTest.java /work/evo_out/Closure_13f/budget60_seed1/tests/com/google/javascript/jscomp/PeepholeOptimizationsPass_ESTest_scaffolding.java

[exit=0 timeout=False time=1.2s]

$ java -jar /opt/jacoco/lib/jacococli.jar instrument /work/Closure_13f/build/classes --dest /work/evo_out/Closure_13f/budget60_seed1/instrumented
[INFO] 1361 classes instrumented to /work/evo_out/Closure_13f/budget60_seed1/instrumented.

[exit=0 timeout=False time=1.5s]

$ java -Djacoco-agent.destfile=/workspace/EvoSuite/Result_Round1/Closure_13/budget60_seed1/jacoco.exec -cp /work/evo_out/Closure_13f/budget60_seed1/instrumented:/work/evo_out/Closure_13f/budget60_seed1/classes:/opt/defects4j/framework/projects/lib/junit-4.12-hamcrest-1.3.jar:/work/Closure_13f/build/classes:/work/Closure_13f/lib/args4j.jar:/work/Closure_13f/lib/guava.jar:/work/Closure_13f/lib/json.jar:/work/Closure_13f/lib/jsr305.jar:/work/Closure_13f/lib/protobuf-java.jar:/work/Closure_13f/build/lib/rhino.jar:/work/Closure_13f/lib/ant.jar:/work/Closure_13f/lib/ant-launcher.jar:/work/Closure_13f/lib/caja-r4314.jar:/work/Closure_13f/lib/jarjar.jar:/work/Closure_13f/build/test:/opt/evosuite/evosuite-standalone-runtime-1.2.0.jar:/opt/jacoco/lib/jacocoagent.jar org.junit.runner.JUnitCore com.google.javascript.jscomp.PeepholeOptimizationsPass_ESTest
JUnit version 4.12
....
Time: 2.87

OK (4 tests)

SLF4J: Failed to load class "org.slf4j.impl.StaticLoggerBinder".
SLF4J: Defaulting to no-operation (NOP) logger implementation
SLF4J: See http://www.slf4j.org/codes.html#StaticLoggerBinder for further details.
WARNING: An illegal reflective access operation has occurred
WARNING: Illegal reflective access by org.evosuite.runtime.GuiSupport (file:/opt/evosuite/evosuite-standalone-runtime-1.2.0.jar) to field java.awt.GraphicsEnvironment.headless
WARNING: Please consider reporting this to the maintainers of org.evosuite.runtime.GuiSupport
WARNING: Use --illegal-access=warn to enable warnings of further illegal reflective access operations
WARNING: All illegal access operations will be denied in a future release

[exit=0 timeout=False time=5.3s]

$ java -jar /opt/jacoco/lib/jacococli.jar report /workspace/EvoSuite/Result_Round1/Closure_13/budget60_seed1/jacoco.exec --classfiles /work/Closure_13f/build/classes --csv /workspace/EvoSuite/Result_Round1/Closure_13/budget60_seed1/jacoco.csv
[INFO] Loading execution data file /workspace/EvoSuite/Result_Round1/Closure_13/budget60_seed1/jacoco.exec.
[INFO] Analyzing 1163 classes.

[exit=0 timeout=False time=1.2s]

$ java -cp /work/evo_out/Closure_13f/budget60_seed1/classes:/opt/defects4j/framework/projects/lib/junit-4.12-hamcrest-1.3.jar:/work/Closure_13b/build/classes:/work/Closure_13b/lib/args4j.jar:/work/Closure_13b/lib/guava.jar:/work/Closure_13b/lib/json.jar:/work/Closure_13b/lib/jsr305.jar:/work/Closure_13b/lib/protobuf-java.jar:/work/Closure_13b/build/lib/rhino.jar:/work/Closure_13b/lib/ant.jar:/work/Closure_13b/lib/ant-launcher.jar:/work/Closure_13b/lib/caja-r4314.jar:/work/Closure_13b/lib/jarjar.jar:/work/Closure_13b/build/test:/opt/evosuite/evosuite-standalone-runtime-1.2.0.jar org.junit.runner.JUnitCore com.google.javascript.jscomp.PeepholeOptimizationsPass_ESTest
JUnit version 4.12
....
Time: 2.724

OK (4 tests)

SLF4J: Failed to load class "org.slf4j.impl.StaticLoggerBinder".
SLF4J: Defaulting to no-operation (NOP) logger implementation
SLF4J: See http://www.slf4j.org/codes.html#StaticLoggerBinder for further details.
WARNING: An illegal reflective access operation has occurred
WARNING: Illegal reflective access by org.evosuite.runtime.GuiSupport (file:/opt/evosuite/evosuite-standalone-runtime-1.2.0.jar) to field java.awt.GraphicsEnvironment.headless
WARNING: Please consider reporting this to the maintainers of org.evosuite.runtime.GuiSupport
WARNING: Use --illegal-access=warn to enable warnings of further illegal reflective access operations
WARNING: All illegal access operations will be denied in a future release

[exit=0 timeout=False time=3.3s]
