
$ defects4j compile -w /work/Closure_14f
Running ant (compile)...................................................... OK
Running ant (compile.tests)................................................ OK

[exit=0 timeout=False time=5.1s]

$ defects4j compile -w /work/Closure_14b
Running ant (compile)...................................................... OK
Running ant (compile.tests)................................................ OK

[exit=0 timeout=False time=4.9s]

$ java -Djava.awt.headless=true -cp /opt/defects4j/framework/projects/lib/junit-4.12-hamcrest-1.3.jar:/opt/evosuite/evosuite-1.2.0.jar:/work/Closure_14f/build/classes:/work/Closure_14f/lib/args4j.jar:/work/Closure_14f/lib/guava.jar:/work/Closure_14f/lib/json.jar:/work/Closure_14f/lib/jsr305.jar:/work/Closure_14f/lib/protobuf-java.jar:/work/Closure_14f/build/lib/rhino.jar:/work/Closure_14f/lib/ant.jar:/work/Closure_14f/lib/ant-launcher.jar:/work/Closure_14f/lib/caja-r4314.jar:/work/Closure_14f/lib/jarjar.jar:/work/Closure_14f/build/test org.evosuite.EvoSuite -generateSuite -class com.google.javascript.jscomp.ControlFlowAnalysis -projectCP /opt/defects4j/framework/projects/lib/junit-4.12-hamcrest-1.3.jar:/work/Closure_14f/build/classes:/work/Closure_14f/lib/args4j.jar:/work/Closure_14f/lib/guava.jar:/work/Closure_14f/lib/json.jar:/work/Closure_14f/lib/jsr305.jar:/work/Closure_14f/lib/protobuf-java.jar:/work/Closure_14f/build/lib/rhino.jar:/work/Closure_14f/lib/ant.jar:/work/Closure_14f/lib/ant-launcher.jar:/work/Closure_14f/lib/caja-r4314.jar:/work/Closure_14f/lib/jarjar.jar:/work/Closure_14f/build/test -Dcriterion=LINE:BRANCH:EXCEPTION -Dsearch_budget=120 -seed 1 -Dtest_dir=/work/evo_out/Closure_14f/budget120_seed1/tests -Dreport_dir=/work/evo_out/Closure_14f/budget120_seed1/report
* EvoSuite 1.2.0
* Going to generate test cases for class: com.google.javascript.jscomp.ControlFlowAnalysis
* Starting Client-0
* Connecting to master process on port 9922
* Analyzing classpath: 
  - /opt/defects4j/framework/projects/lib/junit-4.12-hamcrest-1.3.jar
  - /work/Closure_14f/build/classes
  - /work/Closure_14f/lib/args4j.jar
  - /work/Closure_14f/lib/guava.jar
  - /work/Closure_14f/lib/json.jar
  - /work/Closure_14f/lib/jsr305.jar
  - /work/Closure_14f/lib/protobuf-java.jar
  - /work/Closure_14f/build/lib/rhino.jar
  - /work/Closure_14f/lib/ant.jar
  - /work/Closure_14f/lib/ant-launcher.jar
  - /work/Closure_14f/lib/caja-r4314.jar
  - /work/Closure_14f/lib/jarjar.jar
  - /work/Closure_14f/build/test
[MASTER] 12:32:53.919 [logback-1] WARN  InheritanceTree - Class not in inheritance graph: java.util.Locale$IsoCountryCode
[MASTER] 12:32:53.966 [logback-1] WARN  InheritanceTree - Class not in inheritance graph: java.io.ObjectInputFilter
[MASTER] 12:32:54.594 [logback-1] WARN  InheritanceTree - Class not in inheritance graph: java.lang.module.ModuleFinder
* Finished analyzing classpath
* Generating tests for class com.google.javascript.jscomp.ControlFlowAnalysis
* Test criteria:
  - Line Coverage
  - Branch Coverage
  - Exception
* Setting up search algorithm for whole suite generation
* Total number of test goals: 
  - Line 402
  - Branch 413
  - Exception 0

[Progress:>                             0%] [Cov:>                                  0%]* Using seed 1
* Starting evolution
[MASTER] 12:32:57.159 [logback-1] WARN  TestCluster - Failed to check cache for com.google.javascript.jscomp.ControlFlowGraph<N> : Type points to itself

[Progress:>                             1%] [Cov:>                                  0%]
[Progress:>                             1%] [Cov:>                                  1%]
[Progress:>                             1%] [Cov:===========>                       34%][MASTER] 12:32:58.425 [logback-1] WARN  MSecurityManager - SUT asked for a runtime permission that EvoSuite does not recognize: getStackWalkerWithClassReference

[Progress:>                             2%] [Cov:>                                  1%]
[Progress:>                             2%] [Cov:=>                                 4%]
[Progress:>                             2%] [Cov:============>                      37%]
[Progress:>                             3%] [Cov:>                                  1%]
[Progress:>                             3%] [Cov:>                                  2%]
[Progress:>                             3%] [Cov:============>                      35%]
[Progress:>                             3%] [Cov:================>                  48%]
[Progress:=>                            4%] [Cov:>                                  1%]
[Progress:=>                            4%] [Cov:============>                      35%]
[Progress:=>                            4%] [Cov:===============>                   43%]
[Progress:=>                            4%] [Cov:===============>                   44%]
[Progress:=>                            4%] [Cov:================>                  48%]
[Progress:=>                            5%] [Cov:==================>                54%]
[Progress:=>                            5%] [Cov:==================>                54%]
[Progress:=>                            5%] [Cov:==================>                54%]
[Progress:=>                            5%] [Cov:==================>                54%]
[Progress:=>                            5%] [Cov:===================>               55%]
[Progress:=>                            5%] [Cov:===================>               56%]
[Progress:=>                            5%] [Cov:===================>               56%]
[Progress:=>                            6%] [Cov:===================>               56%]
[Progress:=>                            6%] [Cov:===================>               56%]
[Progress:=>                            6%] [Cov:===================>               56%]
[Progress:=>                            6%] [Cov:===================>               56%]
[Progress:==>                           7%] [Cov:===================>               56%]
[Progress:==>                           7%] [Cov:===================>               56%]
[Progress:==>                           7%] [Cov:===================>               56%]
[Progress:==>                           7%] [Cov:===================>               56%]
[Progress:==>                           8%] [Cov:===================>               56%]
[Progress:==>                           8%] [Cov:===================>               56%]
[Progress:==>                           8%] [Cov:===================>               56%]
[Progress:==>                           9%] [Cov:===================>               56%]
[Progress:==>                           9%] [Cov:====================>              58%]
[Progress:==>                           9%] [Cov:====================>              58%]
[Progress:===>                          10%] [Cov:====================>              58%]
[Progress:===>                          10%] [Cov:====================>              58%]
[Progress:===>                          10%] [Cov:====================>              59%]
[Progress:===>                          10%] [Cov:====================>              59%]
[Progress:===>                          10%] [Cov:====================>              59%]
[Progress:===>                          11%] [Cov:====================>              59%]
[Progress:===>                          11%] [Cov:====================>              59%]
[Progress:===>                          11%] [Cov:====================>              59%]
[Progress:===>                          12%] [Cov:====================>              59%]
[Progress:===>                          12%] [Cov:====================>              59%]
[Progress:===>                          12%] [Cov:====================>              59%]
[Progress:===>                          13%] [Cov:====================>              59%]
[Progress:===>                          13%] [Cov:====================>              59%]
[Progress:===>                          13%] [Cov:====================>              59%]
[Progress:====>                         14%] [Cov:====================>              59%]
[Progress:====>                         14%] [Cov:====================>              59%]
[Progress:====>                         14%] [Cov:====================>              59%]
[Progress:====>                         15%] [Cov:====================>              59%]
[Progress:====>                         15%] [Cov:====================>              59%]
[Progress:====>                         15%] [Cov:====================>              59%]
[Progress:====>                         15%] [Cov:====================>              59%]
[Progress:====>                         15%] [Cov:====================>              59%]
[Progress:====>                         16%] [Cov:====================>              59%]
[Progress:====>                         16%] [Cov:====================>              59%]
[Progress:====>                         16%] [Cov:====================>              59%]
[Progress:=====>                        17%] [Cov:====================>              59%]
[Progress:=====>                        17%] [Cov:====================>              59%]
[Progress:=====>                        17%] [Cov:=====================>             60%]
[Progress:=====>                        17%] [Cov:=====================>             60%]
[Progress:=====>                        18%] [Cov:=====================>             60%]
[Progress:=====>                        18%] [Cov:=====================>             60%]
[Progress:=====>                        19%] [Cov:=====================>             60%]
[Progress:=====>                        19%] [Cov:=====================>             60%]
[Progress:=====>                        19%] [Cov:=====================>             60%]
[Progress:======>                       20%] [Cov:=====================>             60%]
[Progress:======>                       20%] [Cov:=====================>             60%]
[Progress:======>                       20%] [Cov:=====================>             60%]
[Progress:======>                       20%] [Cov:=====================>             60%]
[Progress:======>                       20%] [Cov:=====================>             60%]
[Progress:======>                       20%] [Cov:=====================>             60%]
[Progress:======>                       21%] [Cov:=====================>             60%]
[Progress:======>                       21%] [Cov:=====================>             60%]
[Progress:======>                       21%] [Cov:=====================>             60%]
[Progress:======>                       22%] [Cov:=====================>             60%]
[Progress:======>                       22%] [Cov:=====================>             60%]
[Progress:======>                       22%] [Cov:=====================>             60%]
[Progress:======>                       23%] [Cov:=====================>             60%]
[Progress:======>                       23%] [Cov:=====================>             60%]
[Progress:======>                       23%] [Cov:=====================>             60%]
[Progress:=======>                      24%] [Cov:=====================>             60%]
[Progress:=======>                      24%] [Cov:=====================>             60%]
[Progress:=======>                      24%] [Cov:=====================>             60%]
[Progress:=======>                      25%] [Cov:=====================>             60%]
[Progress:=======>                      25%] [Cov:=====================>             60%]
[Progress:=======>                      25%] [Cov:=====================>             60%]
[Progress:=======>                      25%] [Cov:=====================>             60%]
[Progress:=======>                      26%] [Cov:=====================>             60%]
[Progress:=======>                      26%] [Cov:=====================>             60%]
[Progress:=======>                      26%] [Cov:=====================>             60%]
[Progress:=======>                      26%] [Cov:=====================>             61%]
[Progress:=======>                      26%] [Cov:=====================>             62%]
[Progress:========>                     27%] [Cov:=====================>             60%]
[Progress:========>                     27%] [Cov:=====================>             62%]
[Progress:========>                     28%] [Cov:=====================>             62%]
[Progress:========>                     28%] [Cov:=====================>             62%]
[Progress:========>                     28%] [Cov:=====================>             62%]
[Progress:========>                     29%] [Cov:=====================>             62%]
[Progress:========>                     29%] [Cov:=====================>             62%]
[Progress:========>                     29%] [Cov:=====================>             62%]
[Progress:=========>                    30%] [Cov:=====================>             62%]
[Progress:=========>                    30%] [Cov:=====================>             62%]
[Progress:=========>                    30%] [Cov:=====================>             62%]
[Progress:=========>                    30%] [Cov:=====================>             62%]
[Progress:=========>                    30%] [Cov:=====================>             62%]
[Progress:=========>                    31%] [Cov:=====================>             62%]
[Progress:=========>                    31%] [Cov:=====================>             62%]
[Progress:=========>                    31%] [Cov:=====================>             62%]
[Progress:=========>                    32%] [Cov:=====================>             62%]
[Progress:=========>                    32%] [Cov:=====================>             62%]
[Progress:=========>                    33%] [Cov:=====================>             62%]
[Progress:==========>                   34%] [Cov:=====================>             62%]
[Progress:==========>                   35%] [Cov:=====================>             62%]
[Progress:==========>                   35%] [Cov:=====================>             62%]
[Progress:==========>                   36%] [Cov:=====================>             62%]
[Progress:===========>                  37%] [Cov:=====================>             62%]
[Progress:===========>                  38%] [Cov:=====================>             62%]
[Progress:===========>                  38%] [Cov:=====================>             62%]
[Progress:===========>                  39%] [Cov:=====================>             62%]
[Progress:===========>                  39%] [Cov:=====================>             62%]
[Progress:============>                 40%] [Cov:=====================>             62%]
[Progress:============>                 40%] [Cov:=====================>             62%]
[Progress:============>                 41%] [Cov:=====================>             62%]
[Progress:============>                 42%] [Cov:=====================>             62%]
[Progress:============>                 42%] [Cov:=====================>             62%]
[Progress:============>                 43%] [Cov:=====================>             62%]
[Progress:=============>                44%] [Cov:=====================>             62%]
[Progress:=============>                44%] [Cov:=====================>             62%]
[Progress:=============>                45%] [Cov:=====================>             62%]
[Progress:=============>                45%] [Cov:=====================>             62%]
[Progress:=============>                46%] [Cov:=====================>             62%]
[Progress:==============>               47%] [Cov:=====================>             62%]
[Progress:==============>               47%] [Cov:=====================>             62%]
[Progress:==============>               48%] [Cov:=====================>             62%]
[Progress:==============>               49%] [Cov:=====================>             62%]
[Progress:===============>              50%] [Cov:=====================>             62%]
[Progress:===============>              51%] [Cov:=====================>             62%]
[Progress:===============>              52%] [Cov:=====================>             62%]
[Progress:===============>              53%] [Cov:=====================>             62%]
[Progress:===============>              53%] [Cov:=====================>             62%]
[Progress:================>             54%] [Cov:=====================>             62%]
[Progress:================>             55%] [Cov:=====================>             62%]
[Progress:================>             55%] [Cov:=====================>             62%]
[Progress:================>             56%] [Cov:=====================>             62%]
[Progress:=================>            57%] [Cov:=====================>             62%]
[Progress:=================>            58%] [Cov:=====================>             62%]
[Progress:=================>            59%] [Cov:=====================>             62%]
[Progress:=================>            59%] [Cov:=====================>             62%]
[Progress:==================>           60%] [Cov:=====================>             62%]
[Progress:==================>           61%] [Cov:=====================>             62%]
[Progress:==================>           62%] [Cov:=====================>             62%]
[Progress:==================>           63%] [Cov:=====================>             62%]
[Progress:==================>           63%] [Cov:=====================>             62%]
[Progress:===================>          64%] [Cov:=====================>             62%]
[Progress:===================>          65%] [Cov:=====================>             62%]
[Progress:===================>          65%] [Cov:=====================>             62%]
[Progress:===================>          66%] [Cov:=====================>             62%]
[Progress:====================>         67%] [Cov:=====================>             62%]
[Progress:====================>         67%] [Cov:=====================>             62%]
[Progress:====================>         68%] [Cov:=====================>             62%]
[Progress:====================>         69%] [Cov:=====================>             62%]
[Progress:====================>         69%] [Cov:=====================>             62%]
[Progress:=====================>        70%] [Cov:=====================>             62%]
[Progress:=====================>        71%] [Cov:=====================>             62%]
[Progress:=====================>        71%] [Cov:=====================>             62%]
[Progress:=====================>        72%] [Cov:=====================>             62%]
[Progress:=====================>        73%] [Cov:=====================>             62%]
[Progress:======================>       75%] [Cov:=====================>             62%]
[Progress:======================>       76%] [Cov:=====================>             62%]
[Progress:======================>       76%] [Cov:=====================>             62%]
[Progress:=======================>      77%] [Cov:=====================>             62%]
[Progress:=======================>      78%] [Cov:=====================>             62%]
[Progress:=======================>      79%] [Cov:=====================>             62%]
[Progress:=======================>      79%] [Cov:=====================>             62%]
[Progress:========================>     80%] [Cov:=====================>             62%]
[Progress:========================>     80%] [Cov:=====================>             62%]
[Progress:========================>     81%] [Cov:=====================>             62%]
[Progress:========================>     82%] [Cov:=====================>             62%]
[Progress:=========================>    84%] [Cov:=====================>             62%]
[Progress:=========================>    85%] [Cov:=====================>             62%]
[Progress:=========================>    86%] [Cov:=====================>             62%]
[Progress:=========================>    86%] [Cov:=====================>             62%]
[Progress:==========================>   87%] [Cov:=====================>             62%]
[Progress:==========================>   88%] [Cov:=====================>             62%]
[Progress:==========================>   88%] [Cov:=====================>             62%]
[Progress:==========================>   89%] [Cov:=====================>             62%]
[Progress:===========================>  90%] [Cov:=====================>             62%]
[Progress:===========================>  90%] [Cov:=====================>             62%]
[Progress:===========================>  91%] [Cov:=====================>             62%]
[Progress:===========================>  92%] [Cov:=====================>             62%]
[Progress:===========================>  92%] [Cov:=====================>             62%]
[Progress:===========================>  93%] [Cov:=====================>             62%]
[Progress:============================> 94%] [Cov:=====================>             62%]
[Progress:============================> 94%] [Cov:=====================>             62%]
[Progress:============================> 95%] [Cov:=====================>             62%]
[Progress:============================> 96%] [Cov:=====================>             62%]
[Progress:============================> 96%] [Cov:=====================>             62%]
[Progress:=============================>97%] [Cov:=====================>             62%]
[Progress:=============================>98%] [Cov:=====================>             62%]
[Progress:=============================>98%] [Cov:=====================>             62%]
[Progress:=============================>99%] [Cov:=====================>             62%]
[Progress:==============================100%] [Cov:=====================>             62%]
[Progress:==============================100%] [Cov:=====================>             62%]
[Progress:==============================100%] [Cov:=====================>             62%]
* Search finished after 121s and 105 generations, 79147 statements, best individual has fitness: 348.2053108167408
* Minimizing test suite
* Going to analyze the coverage criteria
* Coverage analysis for criterion LINE
* Coverage of criterion LINE: 40%
* Total number of goals: 402
* Number of covered goals: 162
* Coverage analysis for criterion BRANCH
* Coverage of criterion BRANCH: 48%
* Total number of goals: 413
* Number of covered goals: 200
* Coverage analysis for criterion EXCEPTION
* Coverage of criterion EXCEPTION: 94%
* Total number of goals: 16
* Number of covered goals: 15
* Generated 35 tests with total length 136
* Resulting test suite's coverage: 63% (average coverage for all fitness functions)
* Generating assertions
[MASTER] 12:35:48.061 [logback-1] WARN  SimpleMutationAssertionGenerator - Assertion minimization is taking too long (0.6696833333333333% of time used, but only 10/35 tests minimized), falling back to using all assertions
* Resulting test suite's mutation score: 6%
* Compiling and checking tests
[MASTER] 12:35:54.422 [logback-1] WARN  JUnitAnalyzer - Found unstable test named test0 -> class org.evosuite.runtime.mock.java.lang.MockIllegalArgumentException: duplicate key: externs
[MASTER] 12:35:54.423 [logback-1] WARN  JUnitAnalyzer - Failing test:
 PrintStreamErrorManager printStreamErrorManager0 = new PrintStreamErrorManager((PrintStream) null);
Compiler compiler0 = new Compiler(printStreamErrorManager0);
ControlFlowAnalysis controlFlowAnalysis0 = new ControlFlowAnalysis(compiler0, true, false);
Node node0 = compiler0.parseTestCode("NY");
Node node1 = new Node(49);
node0.addChildToFront(node1);
controlFlowAnalysis0.process(node0, node0);
assertEquals(0, node0.getCharno());


[MASTER] 12:36:00.676 [logback-1] WARN  JUnitAnalyzer - Found unstable test named test0 -> class org.evosuite.runtime.mock.java.lang.MockIllegalArgumentException: duplicate key: externs
[MASTER] 12:36:00.676 [logback-1] WARN  JUnitAnalyzer - Failing test:
 PrintStreamErrorManager printStreamErrorManager0 = new PrintStreamErrorManager((PrintStream) null);
Compiler compiler0 = new Compiler(printStreamErrorManager0);
ControlFlowAnalysis controlFlowAnalysis0 = new ControlFlowAnalysis(compiler0, true, false);
Node node0 = compiler0.parseTestCode("NY");
node0.addChildrenToBack(node0);
controlFlowAnalysis0.process(node0, node0);

[MASTER] 12:36:02.285 [logback-1] WARN  JUnitAnalyzer - Found unstable test named test0 -> class org.evosuite.runtime.mock.java.lang.MockIllegalArgumentException: duplicate key: externs
[MASTER] 12:36:02.287 [logback-1] WARN  JUnitAnalyzer - Failing test:
 PrintStreamErrorManager printStreamErrorManager0 = new PrintStreamErrorManager((PrintStream) null);
assertNotNull(printStreamErrorManager0);
assertEquals(0, printStreamErrorManager0.getErrorCount());
assertEquals(0.0, printStreamErrorManager0.getTypedPercent(), 0.01);
assertEquals(0, printStreamErrorManager0.getWarningCount());

Compiler compiler0 = new Compiler(printStreamErrorManager0);
assertNotNull(compiler0);
assertEquals(0, printStreamErrorManager0.getErrorCount());
assertEquals(0.0, printStreamErrorManager0.getTypedPercent(), 0.01);
assertEquals(0, printStreamErrorManager0.getWarningCount());
assertEquals(0, compiler0.getWarningCount());
assertEquals(0.0, compiler0.getProgress(), 0.01);
assertEquals(0, compiler0.getErrorCount());

ControlFlowAnalysis controlFlowAnalysis0 = new ControlFlowAnalysis(compiler0, true, true);
assertNotNull(controlFlowAnalysis0);
assertEquals(0, printStreamErrorManager0.getErrorCount());
assertEquals(0.0, printStreamErrorManager0.getTypedPercent(), 0.01);
assertEquals(0, printStreamErrorManager0.getWarningCount());
assertEquals(0, compiler0.getWarningCount());
assertEquals(0.0, compiler0.getProgress(), 0.01);
assertEquals(0, compiler0.getErrorCount());

Node node0 = compiler0.parseTestCode("com.google.javascript.jscomp.SideEffectsAnalysis");
assertNotNull(node0);
assertEquals(0, printStreamErrorManager0.getErrorCount());
assertEquals(0.0, printStreamErrorManager0.getTypedPercent(), 0.01);
assertEquals(0, printStreamErrorManager0.getWarningCount());
assertEquals(CompilerOptions.LanguageMode.ECMASCRIPT3, compiler0.languageMode());
assertFalse(compiler0.hasErrors());
assertFalse(compiler0.acceptConstKeyword());
assertEquals(0, compiler0.getWarningCount());
assertFalse(compiler0.isTypeCheckingEnabled());
assertEquals(0.0, compiler0.getProgress(), 0.01);
assertEquals(0, compiler0.getErrorCount());
assertFalse(compiler0.isIdeMode());
assertFalse(node0.isLabel());
assertFalse(node0.isOnlyModifiesThisCall());
assertFalse(node0.isTypeOf());
assertFalse(node0.isOr());
assertFalse(node0.isDec());
assertFalse(node0.isFromExterns());
assertFalse(node0.isReturn());
assertFalse(node0.isAssignAdd());
assertFalse(node0.isContinue());
assertFalse(node0.hasMoreThanOneChild());
assertFalse(node0.isGetElem());
assertFalse(node0.isLabelName());
assertFalse(node0.wasEmptyNode());
assertFalse(node0.isAssign());
assertEquals(0, node0.getSideEffectFlags());
assertFalse(node0.isExprResult());
assertEquals(0, node0.getCharno());
assertFalse(node0.isNew());
assertFalse(node0.isVar());
assertFalse(node0.isDo());
assertEquals(4096, node0.getSourcePosition());
assertFalse(node0.isAdd());
assertFalse(node0.isParamList());
assertFalse(node0.isThis());
assertFalse(node0.isStringKey());
assertFalse(node0.isWith());
assertFalse(node0.isVarArgs());
assertFalse(node0.isInstanceOf());
assertFalse(node0.isCatch());
assertFalse(node0.isSwitch());
assertFalse(node0.isTry());
assertFalse(node0.isRegExp());
assertFalse(node0.isHook());
assertFalse(node0.isBlock());
assertFalse(node0.isCase());
assertFalse(node0.isGetterDef());
assertFalse(node0.isNumber());
assertTrue(node0.isSyntheticBlock());
assertEquals(1, node0.getLineno());
assertFalse(node0.isIf());
assertFalse(node0.isDelProp());
assertEquals(1, node0.getChildCount());
assertTrue(node0.hasOneChild());
assertFalse(node0.isFor());
assertFalse(node0.isNE());
assertFalse(node0.isOptionalArg());
assertFalse(node0.isArrayLit());
assertTrue(node0.hasChildren());
assertFalse(node0.isVoid());
assertFalse(node0.isTrue());
assertFalse(node0.isFunction());
assertFalse(node0.isInc());
assertFalse(node0.isLocalResultCall());
assertEquals(0, node0.getLength());
assertFalse(node0.isDefaultCase());
assertEquals(0, node0.getSourceOffset());
assertFalse(node0.isIn());
assertFalse(node0.isEmpty());
assertFalse(node0.isSetterDef());
assertFalse(node0.isGetProp());
assertFalse(node0.isComma());
assertFalse(node0.isNull());
assertFalse(node0.isThrow());
assertFalse(node0.isCall());
assertFalse(node0.isAnd());
assertFalse(node0.isFalse());
assertFalse(node0.isName());
assertFalse(node0.isNoSideEffectsCall());
assertFalse(node0.isBreak());
assertFalse(node0.isDebugger());
assertEquals(132, node0.getType());
assertTrue(node0.isScript());
assertFalse(node0.isWhile());
assertFalse(node0.isQuotedString());
assertFalse(node0.isObjectLit());
assertFalse(node0.isNot());
assertFalse(node0.isString());
assertEquals("[testcode]", node0.getSourceFileName());
assertEquals(0, Node.SIDE_EFFECTS_ALL);
assertEquals(53, Node.INPUT_ID);
assertEquals(2, Node.FLAG_THIS_UNMODIFIED);
assertEquals(44, Node.IS_OPTIONAL_PARAM);
assertEquals(47, Node.IS_DISPATCHER);
assertEquals(4, Node.FLAG_ARGUMENTS_UNMODIFIED);
assertEquals(29, Node.JSDOC_INFO_PROP);
assertEquals(45, Node.IS_VAR_ARGS_PARAM);
assertEquals(54, Node.LAST_PROP);
assertEquals(35, Node.PARENTHESIZED_PROP);
assertEquals(12, Node.COLUMN_BITS);
assertEquals(1, Node.FLAG_GLOBAL_STATE_UNMODIFIED);
assertEquals(4095, Node.COLUMN_MASK);
assertEquals(8, Node.FLAG_NO_THROWS);
assertEquals(31, Node.SIDE_EFFECTS_FLAGS_MASK);
assertEquals(36, Node.QUOTED_PROP);
assertEquals(16, Node.FLAG_LOCAL_RESULTS);
assertEquals(48, Node.DIRECTIVES);
assertEquals(37, Node.OPT_ARG_NAME);
assertEquals(49, Node.DIRECT_EVAL);
assertEquals(41, Node.BRACELESS_TYPE);
assertEquals(40, Node.ORIGINALNAME_PROP);
assertEquals(38, Node.SYNTHETIC_BLOCK_PROP);
assertEquals(4095, Node.MAX_COLUMN_NUMBER);
assertEquals(52, Node.LENGTH);
assertEquals(50, Node.FREE_CALL);
assertEquals(15, Node.NO_SIDE_EFFECTS);
assertEquals(39, Node.EMPTY_BLOCK);
assertEquals(1, Node.DECR_FLAG);
assertEquals(42, Node.SIDE_EFFECT_FLAGS);
assertEquals(32, Node.INCRDECR_PROP);
assertEquals(46, Node.IS_NAMESPACE);
assertEquals(51, Node.STATIC_SOURCE_FILE);
assertEquals(2, Node.POST_FLAG);
assertEquals(30, Node.VAR_ARGS_NAME);
assertEquals(43, Node.IS_CONSTANT_NAME);
assertEquals(16, Node.SOURCENAME_PROP);
assertEquals(54, Node.SLASH_V);

controlFlowAnalysis0.process(node0, node0);
assertEquals(0, printStreamErrorManager0.getErrorCount());
assertEquals(0.0, printStreamErrorManager0.getTypedPercent(), 0.01);
assertEquals(0, printStreamErrorManager0.getWarningCount());
assertEquals(CompilerOptions.LanguageMode.ECMASCRIPT3, compiler0.languageMode());
assertFalse(compiler0.hasErrors());
assertFalse(compiler0.acceptConstKeyword());
assertEquals(0, compiler0.getWarningCount());
assertFalse(compiler0.isTypeCheckingEnabled());
assertEquals(0.0, compiler0.getProgress(), 0.01);
assertEquals(0, compiler0.getErrorCount());
assertFalse(compiler0.isIdeMode());
assertFalse(node0.isLabel());
assertFalse(node0.isOnlyModifiesThisCall());
assertFalse(node0.isTypeOf());
assertFalse(node0.isOr());
assertFalse(node0.isDec());
assertFalse(node0.isFromExterns());
assertFalse(node0.isReturn());
assertFalse(node0.isAssignAdd());
assertFalse(node0.isContinue());
assertFalse(node0.hasMoreThanOneChild());
assertFalse(node0.isGetElem());
assertFalse(node0.isLabelName());
assertFalse(node0.wasEmptyNode());
assertFalse(node0.isAssign());
assertEquals(0, node0.getSideEffectFlags());
assertFalse(node0.isExprResult());
assertEquals(0, node0.getCharno());
assertFalse(node0.isNew());
assertFalse(node0.isVar());
assertFalse(node0.isDo());
assertEquals(4096, node0.getSourcePosition());
assertFalse(node0.isAdd());
assertFalse(node0.isParamList());
assertFalse(node0.isThis());
assertFalse(node0.isStringKey());
assertFalse(node0.isWith());
assertFalse(node0.isVarArgs());
assertFalse(node0.isInstanceOf());
assertFalse(node0.isCatch());
assertFalse(node0.isSwitch());
assertFalse(node0.isTry());
assertFalse(node0.isRegExp());
assertFalse(node0.isHook());
assertFalse(node0.isBlock());
assertFalse(node0.isCase());
assertFalse(node0.isGetterDef());
assertFalse(node0.isNumber());
assertTrue(node0.isSyntheticBlock());
assertEquals(1, node0.getLineno());
assertFalse(node0.isIf());
assertFalse(node0.isDelProp());
assertEquals(1, node0.getChildCount());
assertTrue(node0.hasOneChild());
assertFalse(node0.isFor());
assertFalse(node0.isNE());
assertFalse(node0.isOptionalArg());
assertFalse(node0.isArrayLit());
assertTrue(node0.hasChildren());
assertFalse(node0.isVoid());
assertFalse(node0.isTrue());
assertFalse(node0.isFunction());
assertFalse(node0.isInc());
assertFalse(node0.isLocalResultCall());
assertEquals(0, node0.getLength());
assertFalse(node0.isDefaultCase());
assertEquals(0, node0.getSourceOffset());
assertFalse(node0.isIn());
assertFalse(node0.isEmpty());
assertFalse(node0.isSetterDef());
assertFalse(node0.isGetProp());
assertFalse(node0.isComma());
assertFalse(node0.isNull());
assertFalse(node0.isThrow());
assertFalse(node0.isCall());
assertFalse(node0.isAnd());
assertFalse(node0.isFalse());
assertFalse(node0.isName());
assertFalse(node0.isNoSideEffectsCall());
assertFalse(node0.isBreak());
assertFalse(node0.isDebugger());
assertEquals(132, node0.getType());
assertTrue(node0.isScript());
assertFalse(node0.isWhile());
assertFalse(node0.isQuotedString());
assertFalse(node0.isObjectLit());
assertFalse(node0.isNot());
assertFalse(node0.isString());
assertEquals("[testcode]", node0.getSourceFileName());
assertEquals(0, Node.SIDE_EFFECTS_ALL);
assertEquals(53, Node.INPUT_ID);
assertEquals(2, Node.FLAG_THIS_UNMODIFIED);
assertEquals(44, Node.IS_OPTIONAL_PARAM);
assertEquals(47, Node.IS_DISPATCHER);
assertEquals(4, Node.FLAG_ARGUMENTS_UNMODIFIED);
assertEquals(29, Node.JSDOC_INFO_PROP);
assertEquals(45, Node.IS_VAR_ARGS_PARAM);
assertEquals(54, Node.LAST_PROP);
assertEquals(35, Node.PARENTHESIZED_PROP);
assertEquals(12, Node.COLUMN_BITS);
assertEquals(1, Node.FLAG_GLOBAL_STATE_UNMODIFIED);
assertEquals(4095, Node.COLUMN_MASK);
assertEquals(8, Node.FLAG_NO_THROWS);
assertEquals(31, Node.SIDE_EFFECTS_FLAGS_MASK);
assertEquals(36, Node.QUOTED_PROP);
assertEquals(16, Node.FLAG_LOCAL_RESULTS);
assertEquals(48, Node.DIRECTIVES);
assertEquals(37, Node.OPT_ARG_NAME);
assertEquals(49, Node.DIRECT_EVAL);
assertEquals(41, Node.BRACELESS_TYPE);
assertEquals(40, Node.ORIGINALNAME_PROP);
assertEquals(38, Node.SYNTHETIC_BLOCK_PROP);
assertEquals(4095, Node.MAX_COLUMN_NUMBER);
assertEquals(52, Node.LENGTH);
assertEquals(50, Node.FREE_CALL);
assertEquals(15, Node.NO_SIDE_EFFECTS);
assertEquals(39, Node.EMPTY_BLOCK);
assertEquals(1, Node.DECR_FLAG);
assertEquals(42, Node.SIDE_EFFECT_FLAGS);
assertEquals(32, Node.INCRDECR_PROP);
assertEquals(46, Node.IS_NAMESPACE);
assertEquals(51, Node.STATIC_SOURCE_FILE);
assertEquals(2, Node.POST_FLAG);
assertEquals(30, Node.VAR_ARGS_NAME);
assertEquals(43, Node.IS_CONSTANT_NAME);
assertEquals(16, Node.SOURCENAME_PROP);
assertEquals(54, Node.SLASH_V);


* Permissions denied during test execution: 
  - java.lang.RuntimePermission: 
         getStackWalkerWithClassReference: 1
         writeFileDescriptor: 1
* Writing tests to file
* Writing JUnit test case 'ControlFlowAnalysis_ESTest' to /work/evo_out/Closure_14f/budget120_seed1/tests
* Done!

* Computation finished

[exit=0 timeout=False time=210.1s]

$ javac -nowarn -cp /work/Closure_14f/build/classes:/opt/defects4j/framework/projects/lib/junit-4.12-hamcrest-1.3.jar:/work/Closure_14f/build/classes:/work/Closure_14f/lib/args4j.jar:/work/Closure_14f/lib/guava.jar:/work/Closure_14f/lib/json.jar:/work/Closure_14f/lib/jsr305.jar:/work/Closure_14f/lib/protobuf-java.jar:/work/Closure_14f/build/lib/rhino.jar:/work/Closure_14f/lib/ant.jar:/work/Closure_14f/lib/ant-launcher.jar:/work/Closure_14f/lib/caja-r4314.jar:/work/Closure_14f/lib/jarjar.jar:/work/Closure_14f/build/test:/opt/evosuite/evosuite-standalone-runtime-1.2.0.jar -d /work/evo_out/Closure_14f/budget120_seed1/classes /work/evo_out/Closure_14f/budget120_seed1/tests/com/google/javascript/jscomp/ControlFlowAnalysis_ESTest.java /work/evo_out/Closure_14f/budget120_seed1/tests/com/google/javascript/jscomp/ControlFlowAnalysis_ESTest_scaffolding.java

[exit=0 timeout=False time=1.5s]

$ java -jar /opt/jacoco/lib/jacococli.jar instrument /work/Closure_14f/build/classes --dest /work/evo_out/Closure_14f/budget120_seed1/instrumented
[INFO] 1360 classes instrumented to /work/evo_out/Closure_14f/budget120_seed1/instrumented.

[exit=0 timeout=False time=0.9s]

$ java -Djacoco-agent.destfile=/workspace/EvoSuite/Result_Round2/Closure_14/budget120_seed1/jacoco.exec -cp /work/evo_out/Closure_14f/budget120_seed1/instrumented:/work/evo_out/Closure_14f/budget120_seed1/classes:/opt/defects4j/framework/projects/lib/junit-4.12-hamcrest-1.3.jar:/work/Closure_14f/build/classes:/work/Closure_14f/lib/args4j.jar:/work/Closure_14f/lib/guava.jar:/work/Closure_14f/lib/json.jar:/work/Closure_14f/lib/jsr305.jar:/work/Closure_14f/lib/protobuf-java.jar:/work/Closure_14f/build/lib/rhino.jar:/work/Closure_14f/lib/ant.jar:/work/Closure_14f/lib/ant-launcher.jar:/work/Closure_14f/lib/caja-r4314.jar:/work/Closure_14f/lib/jarjar.jar:/work/Closure_14f/build/test:/opt/evosuite/evosuite-standalone-runtime-1.2.0.jar:/opt/jacoco/lib/jacocoagent.jar org.junit.runner.JUnitCore com.google.javascript.jscomp.ControlFlowAnalysis_ESTest
JUnit version 4.12
................................
Time: 1.85

OK (32 tests)

SLF4J: Failed to load class "org.slf4j.impl.StaticLoggerBinder".
SLF4J: Defaulting to no-operation (NOP) logger implementation
SLF4J: See http://www.slf4j.org/codes.html#StaticLoggerBinder for further details.
WARNING: An illegal reflective access operation has occurred
WARNING: Illegal reflective access by org.evosuite.runtime.GuiSupport (file:/opt/evosuite/evosuite-standalone-runtime-1.2.0.jar) to field java.awt.GraphicsEnvironment.headless
WARNING: Please consider reporting this to the maintainers of org.evosuite.runtime.GuiSupport
WARNING: Use --illegal-access=warn to enable warnings of further illegal reflective access operations
WARNING: All illegal access operations will be denied in a future release

[exit=0 timeout=False time=3.5s]

$ java -jar /opt/jacoco/lib/jacococli.jar report /workspace/EvoSuite/Result_Round2/Closure_14/budget120_seed1/jacoco.exec --classfiles /work/Closure_14f/build/classes --csv /workspace/EvoSuite/Result_Round2/Closure_14/budget120_seed1/jacoco.csv
[INFO] Loading execution data file /workspace/EvoSuite/Result_Round2/Closure_14/budget120_seed1/jacoco.exec.
[INFO] Analyzing 1162 classes.

[exit=0 timeout=False time=0.7s]

$ java -cp /work/evo_out/Closure_14f/budget120_seed1/classes:/opt/defects4j/framework/projects/lib/junit-4.12-hamcrest-1.3.jar:/work/Closure_14b/build/classes:/work/Closure_14b/lib/args4j.jar:/work/Closure_14b/lib/guava.jar:/work/Closure_14b/lib/json.jar:/work/Closure_14b/lib/jsr305.jar:/work/Closure_14b/lib/protobuf-java.jar:/work/Closure_14b/build/lib/rhino.jar:/work/Closure_14b/lib/ant.jar:/work/Closure_14b/lib/ant-launcher.jar:/work/Closure_14b/lib/caja-r4314.jar:/work/Closure_14b/lib/jarjar.jar:/work/Closure_14b/build/test:/opt/evosuite/evosuite-standalone-runtime-1.2.0.jar org.junit.runner.JUnitCore com.google.javascript.jscomp.ControlFlowAnalysis_ESTest
JUnit version 4.12
................................
Time: 1.588

OK (32 tests)

SLF4J: Failed to load class "org.slf4j.impl.StaticLoggerBinder".
SLF4J: Defaulting to no-operation (NOP) logger implementation
SLF4J: See http://www.slf4j.org/codes.html#StaticLoggerBinder for further details.
WARNING: An illegal reflective access operation has occurred
WARNING: Illegal reflective access by org.evosuite.runtime.GuiSupport (file:/opt/evosuite/evosuite-standalone-runtime-1.2.0.jar) to field java.awt.GraphicsEnvironment.headless
WARNING: Please consider reporting this to the maintainers of org.evosuite.runtime.GuiSupport
WARNING: Use --illegal-access=warn to enable warnings of further illegal reflective access operations
WARNING: All illegal access operations will be denied in a future release

[exit=0 timeout=False time=2.0s]
