
$ defects4j checkout -p Lang -v 52f -w /work/Lang_52f
Checking out c22d9d59 to /work/Lang_52f.................................... OK
Init local repository...................................................... OK
Tag post-fix revision...................................................... OK
Apply patch................................................................ OK
Apply patch................................................................ OK
Apply patch................................................................ OK
Apply patch................................................................ OK
Rename enum package in src................................................. OK
Move enum package in src................................................... OK
Rename enum package in test................................................ OK
Move enum package in test.................................................. OK
Run post-checkout hook..................................................... OK
Excluding broken/flaky tests............................................... OK
Excluding broken/flaky tests............................................... OK
Excluding broken/flaky tests............................................... OK
Backing up build file: /work/Lang_52f/project.properties................... OK
Backing up build file: /work/Lang_52f/default.properties................... OK
Initialize fixed program version........................................... OK
Apply patch................................................................ OK
Initialize buggy program version........................................... OK
Diff c22d9d59:ed7e9b43..................................................... OK
Apply patch................................................................ OK
Tag pre-fix revision....................................................... OK
Check out program version: Lang-52f........................................ OK

[exit=0 timeout=False time=3.7s]

$ defects4j compile -w /work/Lang_52f
Running ant (compile)...................................................... OK
Running ant (compile.tests)................................................ OK

[exit=0 timeout=False time=7.1s]

$ defects4j checkout -p Lang -v 52b -w /work/Lang_52b
Checking out c22d9d59 to /work/Lang_52b.................................... OK
Init local repository...................................................... OK
Tag post-fix revision...................................................... OK
Apply patch................................................................ OK
Apply patch................................................................ OK
Apply patch................................................................ OK
Apply patch................................................................ OK
Rename enum package in src................................................. OK
Move enum package in src................................................... OK
Rename enum package in test................................................ OK
Move enum package in test.................................................. OK
Run post-checkout hook..................................................... OK
Excluding broken/flaky tests............................................... OK
Excluding broken/flaky tests............................................... OK
Excluding broken/flaky tests............................................... OK
Backing up build file: /work/Lang_52b/project.properties................... OK
Backing up build file: /work/Lang_52b/default.properties................... OK
Initialize fixed program version........................................... OK
Apply patch................................................................ OK
Initialize buggy program version........................................... OK
Diff c22d9d59:ed7e9b43..................................................... OK
Apply patch................................................................ OK
Tag pre-fix revision....................................................... OK
Check out program version: Lang-52b........................................ OK

[exit=0 timeout=False time=3.7s]

$ defects4j compile -w /work/Lang_52b
Running ant (compile)...................................................... OK
Running ant (compile.tests)................................................ OK

[exit=0 timeout=False time=5.7s]

$ java -jar /opt/evosuite/evosuite-1.2.0.jar -generateSuite -class org.apache.commons.lang.StringEscapeUtils -projectCP /work/Lang_52f/target/classes:/work/Lang_52f/target/classes -Dcriterion=LINE:BRANCH:EXCEPTION -Dsearch_budget=60 -seed 1 -Dtest_dir=/work/evo_out/Lang_52f/budget60_seed1/tests -Dreport_dir=/work/evo_out/Lang_52f/budget60_seed1/report
* EvoSuite 1.2.0
* Going to generate test cases for class: org.apache.commons.lang.StringEscapeUtils
* Starting Client-0
* Connecting to master process on port 9922
* Analyzing classpath: 
  - /work/Lang_52f/target/classes
  - /work/Lang_52f/target/classes
* Finished analyzing classpath
* Generating tests for class org.apache.commons.lang.StringEscapeUtils
* Test criteria:
  - Line Coverage
  - Branch Coverage
  - Exception
* Setting up search algorithm for whole suite generation
* Total number of test goals: 
  - Line 178
  - Branch 116
  - Exception 0

[Progress:>                             0%] [Cov:>                                  0%]* Using seed 1
* Starting evolution

[Progress:>                             0%] [Cov:====>                              14%]
[Progress:>                             0%] [Cov:=========>                         27%]
[Progress:>                             0%] [Cov:=====================>             60%]
[Progress:>                             0%] [Cov:=====================>             62%]
[Progress:>                             0%] [Cov:======================>            64%]
[Progress:>                             0%] [Cov:=======================>           68%]
[Progress:>                             0%] [Cov:========================>          69%]
[Progress:>                             1%] [Cov:=>                                 4%]
[Progress:>                             1%] [Cov:==>                                8%]
[Progress:>                             1%] [Cov:==============>                    42%]
[Progress:>                             1%] [Cov:================>                  48%]
[Progress:>                             1%] [Cov:=====================>             62%]
[Progress:>                             1%] [Cov:======================>            65%]
[Progress:>                             1%] [Cov:=======================>           66%]
[Progress:>                             1%] [Cov:========================>          70%]
[Progress:>                             1%] [Cov:========================>          70%]
[Progress:>                             1%] [Cov:============================>      82%]
[Progress:>                             1%] [Cov:============================>      82%]
[Progress:>                             1%] [Cov:============================>      82%]
[Progress:>                             3%] [Cov:============================>      82%]
[Progress:>                             3%] [Cov:============================>      82%]
[Progress:>                             3%] [Cov:============================>      82%]
[Progress:>                             3%] [Cov:============================>      82%]
[Progress:>                             3%] [Cov:============================>      82%]
[Progress:>                             3%] [Cov:============================>      82%]
[Progress:>                             3%] [Cov:============================>      82%]
[Progress:=>                            5%] [Cov:============================>      82%]
[Progress:=>                            5%] [Cov:============================>      82%]
[Progress:=>                            5%] [Cov:============================>      82%]
[Progress:=>                            5%] [Cov:============================>      82%]
[Progress:=>                            5%] [Cov:============================>      82%]
[Progress:=>                            5%] [Cov:============================>      82%]
[Progress:=>                            6%] [Cov:============================>      82%]
[Progress:=>                            6%] [Cov:============================>      82%]
[Progress:=>                            6%] [Cov:============================>      82%]
[Progress:=>                            6%] [Cov:============================>      82%]
[Progress:=>                            6%] [Cov:============================>      82%]
[Progress:=>                            6%] [Cov:============================>      82%]
[Progress:=>                            6%] [Cov:============================>      82%]
[Progress:==>                           8%] [Cov:============================>      82%]
[Progress:==>                           8%] [Cov:============================>      82%]
[Progress:==>                           8%] [Cov:============================>      82%]
[Progress:==>                           8%] [Cov:============================>      82%]
[Progress:==>                           8%] [Cov:============================>      82%]
[Progress:==>                           8%] [Cov:============================>      82%]
[Progress:===>                          10%] [Cov:============================>      82%]
[Progress:===>                          10%] [Cov:============================>      82%]
[Progress:===>                          10%] [Cov:============================>      82%]
[Progress:===>                          10%] [Cov:============================>      82%]
[Progress:===>                          10%] [Cov:============================>      82%]
[Progress:===>                          10%] [Cov:============================>      82%]
[Progress:===>                          10%] [Cov:============================>      82%]
[Progress:===>                          11%] [Cov:============================>      82%]
[Progress:===>                          11%] [Cov:============================>      82%]
[Progress:===>                          11%] [Cov:============================>      82%]
[Progress:===>                          11%] [Cov:============================>      82%]
[Progress:===>                          11%] [Cov:============================>      82%]
[Progress:===>                          11%] [Cov:============================>      82%]
[Progress:===>                          13%] [Cov:============================>      82%]
[Progress:===>                          13%] [Cov:============================>      82%]
[Progress:===>                          13%] [Cov:============================>      82%]
[Progress:===>                          13%] [Cov:============================>      82%]
[Progress:===>                          13%] [Cov:============================>      82%]
[Progress:===>                          13%] [Cov:=============================>     83%]
[Progress:===>                          13%] [Cov:=============================>     84%]
[Progress:===>                          13%] [Cov:=============================>     84%]
[Progress:===>                          13%] [Cov:=============================>     84%]
[Progress:====>                         15%] [Cov:=============================>     84%]
[Progress:====>                         15%] [Cov:=============================>     84%]
[Progress:====>                         15%] [Cov:=============================>     84%]
[Progress:====>                         15%] [Cov:=============================>     84%]
[Progress:====>                         15%] [Cov:=============================>     84%]
[Progress:====>                         15%] [Cov:=============================>     84%]
[Progress:====>                         15%] [Cov:=============================>     84%]
[Progress:====>                         16%] [Cov:=============================>     84%]
[Progress:====>                         16%] [Cov:=============================>     84%]
[Progress:====>                         16%] [Cov:=============================>     84%]
[Progress:====>                         16%] [Cov:=============================>     84%]
[Progress:====>                         16%] [Cov:=============================>     84%]
[Progress:====>                         16%] [Cov:=============================>     84%]
[Progress:=====>                        18%] [Cov:=============================>     84%]
[Progress:=====>                        18%] [Cov:=============================>     84%]
[Progress:=====>                        18%] [Cov:=============================>     84%]
[Progress:=====>                        18%] [Cov:=============================>     84%]
[Progress:=====>                        18%] [Cov:=============================>     84%]
[Progress:=====>                        18%] [Cov:=============================>     84%]
[Progress:=====>                        18%] [Cov:=============================>     84%]
[Progress:======>                       20%] [Cov:=============================>     84%]
[Progress:======>                       20%] [Cov:=============================>     84%]
[Progress:======>                       20%] [Cov:=============================>     84%]
[Progress:======>                       20%] [Cov:=============================>     84%]
[Progress:======>                       20%] [Cov:=============================>     84%]
[Progress:======>                       20%] [Cov:=============================>     84%]
[Progress:======>                       21%] [Cov:=============================>     84%]
[Progress:======>                       21%] [Cov:=============================>     84%]
[Progress:======>                       21%] [Cov:=============================>     84%]
[Progress:======>                       21%] [Cov:=============================>     84%]
[Progress:======>                       21%] [Cov:=============================>     84%]
[Progress:======>                       21%] [Cov:=============================>     84%]
[Progress:======>                       21%] [Cov:=============================>     84%]
[Progress:======>                       23%] [Cov:=============================>     84%]
[Progress:======>                       23%] [Cov:=============================>     84%]
[Progress:======>                       23%] [Cov:=============================>     84%]
[Progress:======>                       23%] [Cov:=============================>     84%]
[Progress:======>                       23%] [Cov:=============================>     84%]
[Progress:======>                       23%] [Cov:=============================>     84%]
[Progress:=======>                      25%] [Cov:=============================>     84%]
[Progress:=======>                      25%] [Cov:=============================>     84%]
[Progress:=======>                      25%] [Cov:=============================>     84%]
[Progress:=======>                      25%] [Cov:=============================>     84%]
[Progress:=======>                      25%] [Cov:=============================>     84%]
[Progress:=======>                      25%] [Cov:=============================>     84%]
[Progress:=======>                      26%] [Cov:=============================>     84%]
[Progress:=======>                      26%] [Cov:=============================>     84%]
[Progress:=======>                      26%] [Cov:=============================>     84%]
[Progress:=======>                      26%] [Cov:=============================>     84%]
[Progress:=======>                      26%] [Cov:=============================>     85%]
[Progress:=======>                      26%] [Cov:=============================>     85%]
[Progress:========>                     28%] [Cov:=============================>     85%]
[Progress:========>                     28%] [Cov:=============================>     85%]
[Progress:========>                     28%] [Cov:=============================>     85%]
[Progress:========>                     28%] [Cov:=============================>     85%]
[Progress:========>                     28%] [Cov:=============================>     85%]
[Progress:========>                     28%] [Cov:=============================>     85%]
[Progress:=========>                    30%] [Cov:=============================>     85%]
[Progress:=========>                    30%] [Cov:=============================>     85%]
[Progress:=========>                    30%] [Cov:=============================>     85%]
[Progress:=========>                    30%] [Cov:=============================>     85%]
[Progress:=========>                    30%] [Cov:=============================>     85%]
[Progress:=========>                    31%] [Cov:=============================>     85%]
[Progress:=========>                    31%] [Cov:=============================>     85%]
[Progress:=========>                    31%] [Cov:=============================>     85%]
[Progress:=========>                    31%] [Cov:=============================>     85%]
[Progress:=========>                    31%] [Cov:=============================>     85%]
[Progress:=========>                    31%] [Cov:=============================>     85%]
[Progress:=========>                    33%] [Cov:=============================>     85%]
[Progress:=========>                    33%] [Cov:=============================>     85%]
[Progress:=========>                    33%] [Cov:=============================>     85%]
[Progress:=========>                    33%] [Cov:=============================>     85%]
[Progress:=========>                    33%] [Cov:=============================>     85%]
[Progress:==========>                   35%] [Cov:=============================>     85%]
[Progress:==========>                   35%] [Cov:=============================>     85%]
[Progress:==========>                   35%] [Cov:=============================>     85%]
[Progress:==========>                   35%] [Cov:=============================>     85%]
[Progress:==========>                   35%] [Cov:=============================>     85%]
[Progress:==========>                   36%] [Cov:=============================>     85%]
[Progress:==========>                   36%] [Cov:=============================>     85%]
[Progress:==========>                   36%] [Cov:=============================>     85%]
[Progress:==========>                   36%] [Cov:=============================>     85%]
[Progress:==========>                   36%] [Cov:=============================>     85%]
[Progress:===========>                  38%] [Cov:=============================>     85%]
[Progress:===========>                  38%] [Cov:=============================>     85%]
[Progress:===========>                  38%] [Cov:=============================>     85%]
[Progress:===========>                  38%] [Cov:=============================>     85%]
[Progress:===========>                  38%] [Cov:=============================>     85%]
[Progress:===========>                  38%] [Cov:=============================>     85%]
[Progress:============>                 40%] [Cov:=============================>     85%]
[Progress:============>                 40%] [Cov:=============================>     85%]
[Progress:============>                 40%] [Cov:=============================>     85%]
[Progress:============>                 40%] [Cov:=============================>     85%]
[Progress:============>                 40%] [Cov:=============================>     85%]
[Progress:============>                 41%] [Cov:=============================>     85%]
[Progress:============>                 41%] [Cov:=============================>     85%]
[Progress:============>                 41%] [Cov:=============================>     85%]
[Progress:============>                 41%] [Cov:=============================>     85%]
[Progress:============>                 41%] [Cov:=============================>     85%]
[Progress:============>                 41%] [Cov:=============================>     85%]
[Progress:============>                 43%] [Cov:=============================>     85%]
[Progress:============>                 43%] [Cov:=============================>     85%]
[Progress:============>                 43%] [Cov:=============================>     85%]
[Progress:============>                 43%] [Cov:=============================>     85%]
[Progress:============>                 43%] [Cov:=============================>     85%]
[Progress:============>                 43%] [Cov:=============================>     85%]
[Progress:=============>                45%] [Cov:=============================>     85%]
[Progress:=============>                45%] [Cov:=============================>     85%]
[Progress:=============>                45%] [Cov:=============================>     85%]
[Progress:=============>                45%] [Cov:=============================>     85%]
[Progress:=============>                45%] [Cov:=============================>     85%]
[Progress:=============>                45%] [Cov:=============================>     85%]
[Progress:=============>                46%] [Cov:=============================>     85%]
[Progress:=============>                46%] [Cov:=============================>     85%]
[Progress:=============>                46%] [Cov:=============================>     85%]
[Progress:=============>                46%] [Cov:=============================>     85%]
[Progress:=============>                46%] [Cov:=============================>     85%]
[Progress:=============>                46%] [Cov:=============================>     85%]
[Progress:==============>               48%] [Cov:=============================>     85%]
[Progress:==============>               48%] [Cov:=============================>     85%]
[Progress:==============>               48%] [Cov:=============================>     85%]
[Progress:==============>               48%] [Cov:=============================>     85%]
[Progress:==============>               48%] [Cov:=============================>     85%]
[Progress:==============>               48%] [Cov:=============================>     85%]
[Progress:===============>              50%] [Cov:=============================>     85%]
[Progress:===============>              50%] [Cov:=============================>     85%]
[Progress:===============>              50%] [Cov:=============================>     85%]
[Progress:===============>              50%] [Cov:=============================>     85%]
[Progress:===============>              50%] [Cov:=============================>     85%]
[Progress:===============>              50%] [Cov:=============================>     85%]
[Progress:===============>              51%] [Cov:=============================>     85%]
[Progress:===============>              51%] [Cov:=============================>     85%]
[Progress:===============>              51%] [Cov:=============================>     85%]
[Progress:===============>              51%] [Cov:=============================>     85%]
[Progress:===============>              51%] [Cov:=============================>     85%]
[Progress:===============>              51%] [Cov:=============================>     85%]
[Progress:===============>              53%] [Cov:=============================>     85%]
[Progress:===============>              53%] [Cov:=============================>     85%]
[Progress:===============>              53%] [Cov:=============================>     85%]
[Progress:===============>              53%] [Cov:=============================>     85%]
[Progress:===============>              53%] [Cov:=============================>     85%]
[Progress:===============>              53%] [Cov:=============================>     85%]
[Progress:===============>              53%] [Cov:=============================>     85%]
[Progress:================>             55%] [Cov:=============================>     85%]
[Progress:================>             55%] [Cov:=============================>     85%]
[Progress:================>             55%] [Cov:=============================>     85%]
[Progress:================>             55%] [Cov:=============================>     85%]
[Progress:================>             55%] [Cov:=============================>     85%]
[Progress:================>             55%] [Cov:=============================>     85%]
[Progress:================>             56%] [Cov:=============================>     85%]
[Progress:================>             56%] [Cov:=============================>     85%]
[Progress:================>             56%] [Cov:=============================>     85%]
[Progress:================>             56%] [Cov:=============================>     85%]
[Progress:================>             56%] [Cov:=============================>     85%]
[Progress:================>             56%] [Cov:=============================>     85%]
[Progress:================>             56%] [Cov:=============================>     85%]
[Progress:=================>            58%] [Cov:=============================>     85%]
[Progress:=================>            58%] [Cov:=============================>     85%]
[Progress:=================>            58%] [Cov:=============================>     85%]
[Progress:=================>            58%] [Cov:=============================>     85%]
[Progress:=================>            58%] [Cov:=============================>     85%]
[Progress:=================>            58%] [Cov:=============================>     85%]
[Progress:=================>            58%] [Cov:=============================>     85%]
[Progress:==================>           60%] [Cov:=============================>     85%]
[Progress:==================>           60%] [Cov:=============================>     85%]
[Progress:==================>           60%] [Cov:=============================>     85%]
[Progress:==================>           60%] [Cov:=============================>     85%]
[Progress:==================>           60%] [Cov:=============================>     85%]
[Progress:==================>           60%] [Cov:=============================>     85%]
[Progress:==================>           61%] [Cov:=============================>     85%]
[Progress:==================>           61%] [Cov:=============================>     85%]
[Progress:==================>           61%] [Cov:=============================>     85%]
[Progress:==================>           61%] [Cov:=============================>     85%]
[Progress:==================>           61%] [Cov:=============================>     85%]
[Progress:==================>           61%] [Cov:=============================>     85%]
[Progress:==================>           61%] [Cov:=============================>     85%]
[Progress:==================>           63%] [Cov:=============================>     85%]
[Progress:==================>           63%] [Cov:=============================>     85%]
[Progress:==================>           63%] [Cov:=============================>     85%]
[Progress:==================>           63%] [Cov:=============================>     85%]
[Progress:==================>           63%] [Cov:=============================>     85%]
[Progress:==================>           63%] [Cov:=============================>     85%]
[Progress:===================>          65%] [Cov:=============================>     85%]
[Progress:===================>          65%] [Cov:=============================>     85%]
[Progress:===================>          65%] [Cov:=============================>     85%]
[Progress:===================>          65%] [Cov:=============================>     85%]
[Progress:===================>          65%] [Cov:=============================>     85%]
[Progress:===================>          65%] [Cov:=============================>     85%]
[Progress:===================>          65%] [Cov:=============================>     85%]
[Progress:===================>          66%] [Cov:=============================>     85%]
[Progress:===================>          66%] [Cov:=============================>     85%]
[Progress:===================>          66%] [Cov:=============================>     85%]
[Progress:===================>          66%] [Cov:=============================>     85%]
[Progress:===================>          66%] [Cov:=============================>     85%]
[Progress:===================>          66%] [Cov:=============================>     85%]
[Progress:====================>         68%] [Cov:=============================>     85%]
[Progress:====================>         68%] [Cov:=============================>     85%]
[Progress:====================>         68%] [Cov:=============================>     85%]
[Progress:====================>         68%] [Cov:=============================>     85%]
[Progress:====================>         68%] [Cov:=============================>     85%]
[Progress:====================>         68%] [Cov:=============================>     85%]
[Progress:=====================>        70%] [Cov:=============================>     85%]
[Progress:=====================>        70%] [Cov:=============================>     85%]
[Progress:=====================>        70%] [Cov:=============================>     85%]
[Progress:=====================>        70%] [Cov:=============================>     85%]
[Progress:=====================>        70%] [Cov:=============================>     85%]
[Progress:=====================>        70%] [Cov:=============================>     85%]
[Progress:=====================>        70%] [Cov:=============================>     85%]
[Progress:=====================>        71%] [Cov:=============================>     85%]
[Progress:=====================>        71%] [Cov:=============================>     85%]
[Progress:=====================>        71%] [Cov:=============================>     85%]
[Progress:=====================>        71%] [Cov:=============================>     85%]
[Progress:=====================>        71%] [Cov:=============================>     85%]
[Progress:=====================>        71%] [Cov:=============================>     85%]
[Progress:=====================>        71%] [Cov:=============================>     85%]
[Progress:=====================>        73%] [Cov:=============================>     85%]
[Progress:=====================>        73%] [Cov:=============================>     85%]
[Progress:=====================>        73%] [Cov:=============================>     85%]
[Progress:=====================>        73%] [Cov:=============================>     85%]
[Progress:=====================>        73%] [Cov:=============================>     85%]
[Progress:=====================>        73%] [Cov:=============================>     85%]
[Progress:=====================>        73%] [Cov:=============================>     85%]
[Progress:======================>       75%] [Cov:=============================>     85%]
[Progress:======================>       75%] [Cov:=============================>     85%]
[Progress:======================>       75%] [Cov:=============================>     85%]
[Progress:======================>       75%] [Cov:=============================>     85%]
[Progress:======================>       75%] [Cov:=============================>     85%]
[Progress:======================>       75%] [Cov:=============================>     85%]
[Progress:======================>       75%] [Cov:=============================>     85%]
[Progress:======================>       76%] [Cov:=============================>     85%]
[Progress:======================>       76%] [Cov:=============================>     85%]
[Progress:======================>       76%] [Cov:=============================>     85%]
[Progress:======================>       76%] [Cov:=============================>     85%]
[Progress:======================>       76%] [Cov:=============================>     85%]
[Progress:======================>       76%] [Cov:=============================>     85%]
[Progress:======================>       76%] [Cov:=============================>     85%]
[Progress:=======================>      78%] [Cov:=============================>     85%]
[Progress:=======================>      78%] [Cov:=============================>     85%]
[Progress:=======================>      78%] [Cov:=============================>     85%]
[Progress:=======================>      78%] [Cov:=============================>     85%]
[Progress:=======================>      78%] [Cov:=============================>     85%]
[Progress:=======================>      78%] [Cov:=============================>     85%]
[Progress:=======================>      78%] [Cov:=============================>     85%]
[Progress:=======================>      78%] [Cov:=============================>     85%]
[Progress:========================>     80%] [Cov:=============================>     85%]
[Progress:========================>     80%] [Cov:=============================>     85%]
[Progress:========================>     80%] [Cov:=============================>     85%]
[Progress:========================>     80%] [Cov:=============================>     85%]
[Progress:========================>     80%] [Cov:=============================>     85%]
[Progress:========================>     80%] [Cov:=============================>     85%]
[Progress:========================>     80%] [Cov:=============================>     85%]
[Progress:========================>     81%] [Cov:=============================>     85%]
[Progress:========================>     81%] [Cov:=============================>     85%]
[Progress:========================>     81%] [Cov:=============================>     85%]
[Progress:========================>     81%] [Cov:=============================>     85%]
[Progress:========================>     81%] [Cov:=============================>     85%]
[Progress:========================>     81%] [Cov:=============================>     85%]
[Progress:========================>     81%] [Cov:=============================>     85%]
[Progress:========================>     81%] [Cov:=============================>     85%]
[Progress:========================>     83%] [Cov:=============================>     85%]
[Progress:========================>     83%] [Cov:=============================>     85%]
[Progress:========================>     83%] [Cov:=============================>     85%]
[Progress:========================>     83%] [Cov:=============================>     85%]
[Progress:========================>     83%] [Cov:=============================>     85%]
[Progress:========================>     83%] [Cov:=============================>     85%]
[Progress:========================>     83%] [Cov:=============================>     85%]
[Progress:=========================>    85%] [Cov:=============================>     85%]
[Progress:=========================>    85%] [Cov:=============================>     85%]
[Progress:=========================>    85%] [Cov:=============================>     85%]
[Progress:=========================>    85%] [Cov:=============================>     85%]
[Progress:=========================>    85%] [Cov:=============================>     85%]
[Progress:=========================>    85%] [Cov:=============================>     85%]
[Progress:=========================>    85%] [Cov:=============================>     85%]
[Progress:=========================>    86%] [Cov:=============================>     85%]
[Progress:=========================>    86%] [Cov:=============================>     85%]
[Progress:=========================>    86%] [Cov:=============================>     85%]
[Progress:=========================>    86%] [Cov:=============================>     85%]
[Progress:=========================>    86%] [Cov:=============================>     85%]
[Progress:=========================>    86%] [Cov:=============================>     85%]
[Progress:=========================>    86%] [Cov:=============================>     85%]
[Progress:==========================>   88%] [Cov:=============================>     85%]
[Progress:==========================>   88%] [Cov:=============================>     85%]
[Progress:==========================>   88%] [Cov:=============================>     85%]
[Progress:==========================>   88%] [Cov:=============================>     85%]
[Progress:==========================>   88%] [Cov:=============================>     85%]
[Progress:==========================>   88%] [Cov:=============================>     85%]
[Progress:==========================>   88%] [Cov:=============================>     85%]
[Progress:==========================>   88%] [Cov:=============================>     85%]
[Progress:==========================>   88%] [Cov:=============================>     85%]
[Progress:===========================>  90%] [Cov:=============================>     85%]
[Progress:===========================>  90%] [Cov:=============================>     85%]
[Progress:===========================>  90%] [Cov:=============================>     85%]
[Progress:===========================>  90%] [Cov:=============================>     85%]
[Progress:===========================>  90%] [Cov:=============================>     85%]
[Progress:===========================>  90%] [Cov:=============================>     85%]
[Progress:===========================>  90%] [Cov:=============================>     85%]
[Progress:===========================>  90%] [Cov:=============================>     85%]
[Progress:===========================>  91%] [Cov:=============================>     85%]
[Progress:===========================>  91%] [Cov:=============================>     85%]
[Progress:===========================>  91%] [Cov:=============================>     85%]
[Progress:===========================>  91%] [Cov:=============================>     85%]
[Progress:===========================>  91%] [Cov:=============================>     85%]
[Progress:===========================>  91%] [Cov:=============================>     85%]
[Progress:===========================>  91%] [Cov:=============================>     85%]
[Progress:===========================>  91%] [Cov:=============================>     85%]
[Progress:===========================>  93%] [Cov:=============================>     85%]
[Progress:===========================>  93%] [Cov:=============================>     85%]
[Progress:===========================>  93%] [Cov:=============================>     85%]
[Progress:===========================>  93%] [Cov:=============================>     85%]
[Progress:===========================>  93%] [Cov:=============================>     85%]
[Progress:===========================>  93%] [Cov:=============================>     85%]
[Progress:===========================>  93%] [Cov:=============================>     85%]
[Progress:===========================>  93%] [Cov:=============================>     85%]
[Progress:============================> 95%] [Cov:=============================>     85%]
[Progress:============================> 95%] [Cov:=============================>     85%]
[Progress:============================> 95%] [Cov:=============================>     85%]
[Progress:============================> 95%] [Cov:=============================>     85%]
[Progress:============================> 95%] [Cov:=============================>     85%]
[Progress:============================> 95%] [Cov:=============================>     85%]
[Progress:============================> 95%] [Cov:=============================>     85%]
[Progress:============================> 95%] [Cov:=============================>     85%]
[Progress:============================> 95%] [Cov:=============================>     85%]
[Progress:============================> 96%] [Cov:=============================>     85%]
[Progress:============================> 96%] [Cov:=============================>     85%]
[Progress:============================> 96%] [Cov:=============================>     85%]
[Progress:============================> 96%] [Cov:=============================>     85%]
[Progress:============================> 96%] [Cov:=============================>     85%]
[Progress:============================> 96%] [Cov:==============================>    86%]
[Progress:============================> 96%] [Cov:==============================>    86%]
[Progress:============================> 96%] [Cov:==============================>    86%]
[Progress:=============================>98%] [Cov:==============================>    86%]
[Progress:=============================>98%] [Cov:==============================>    86%]
[Progress:=============================>98%] [Cov:==============================>    86%]
[Progress:=============================>98%] [Cov:==============================>    86%]
[Progress:=============================>98%] [Cov:==============================>    86%]
[Progress:=============================>98%] [Cov:==============================>    86%]
[Progress:=============================>98%] [Cov:==============================>    86%]
[Progress:=============================>98%] [Cov:==============================>    86%]
[Progress:=============================>98%] [Cov:==============================>    86%]
[Progress:==============================100%] [Cov:==============================>    86%]
[Progress:==============================100%] [Cov:==============================>    86%]
[Progress:==============================100%] [Cov:==============================>    86%]
[Progress:==============================100%] [Cov:==============================>    86%]
[Progress:==============================100%] [Cov:==============================>    86%]
[Progress:==============================100%] [Cov:==============================>    86%]
[Progress:==============================100%] [Cov:==============================>    86%]
[Progress:==============================100%] [Cov:==============================>    86%]
[Progress:==============================100%] [Cov:==============================>    86%]
[Progress:==============================100%] [Cov:==============================>    86%]
[Progress:==============================100%] [Cov:==============================>    86%]
* Search finished after 61s and 342 generations, 187721 statements, best individual has fitness: 33.03539365755991
* Minimizing test suite
* Going to analyze the coverage criteria
* Coverage analysis for criterion LINE
* Coverage of criterion LINE: 66%
* Total number of goals: 178
* Number of covered goals: 118
* Coverage analysis for criterion BRANCH
* Coverage of criterion BRANCH: 72%
* Total number of goals: 116
* Number of covered goals: 84
* Coverage analysis for criterion EXCEPTION
* Coverage of criterion EXCEPTION: 100%
* Total number of goals: 12
* Number of covered goals: 12
* Generated 40 tests with total length 61
* Resulting test suite's coverage: 87% (average coverage for all fitness functions)
* Generating assertions
* Resulting test suite's mutation score: 46%
* Compiling and checking tests
* Writing tests to file
* Writing JUnit test case 'StringEscapeUtils_ESTest' to /work/evo_out/Lang_52f/budget60_seed1/tests
* Done!

* Computation finished

[exit=0 timeout=False time=71.5s]

$ javac -nowarn -cp /work/Lang_52f/target/classes:/work/Lang_52f/target/classes:/work/Lang_52f/target/tests:/opt/defects4j/framework/projects/lib/junit-4.12-hamcrest-1.3.jar:/opt/defects4j/framework/projects/Lang/lib/cglib.jar:/opt/defects4j/framework/projects/Lang/lib/asm.jar:/opt/defects4j/framework/projects/Lang/lib/easymock.jar:/opt/defects4j/framework/projects/Lang/lib/commons-io.jar:/opt/evosuite/evosuite-standalone-runtime-1.2.0.jar -d /work/evo_out/Lang_52f/budget60_seed1/classes /work/evo_out/Lang_52f/budget60_seed1/tests/org/apache/commons/lang/StringEscapeUtils_ESTest.java /work/evo_out/Lang_52f/budget60_seed1/tests/org/apache/commons/lang/StringEscapeUtils_ESTest_scaffolding.java

[exit=0 timeout=False time=0.6s]

$ java -jar /opt/jacoco/lib/jacococli.jar instrument /work/Lang_52f/target/classes --dest /work/evo_out/Lang_52f/budget60_seed1/instrumented
[INFO] 124 classes instrumented to /work/evo_out/Lang_52f/budget60_seed1/instrumented.

[exit=0 timeout=False time=0.3s]

$ java -Djacoco-agent.destfile=/workspace/EvoSuite/Result_Round1/Lang_52/budget60_seed1/jacoco.exec -cp /work/evo_out/Lang_52f/budget60_seed1/instrumented:/work/evo_out/Lang_52f/budget60_seed1/classes:/work/Lang_52f/target/classes:/work/Lang_52f/target/tests:/opt/defects4j/framework/projects/lib/junit-4.12-hamcrest-1.3.jar:/opt/defects4j/framework/projects/Lang/lib/cglib.jar:/opt/defects4j/framework/projects/Lang/lib/asm.jar:/opt/defects4j/framework/projects/Lang/lib/easymock.jar:/opt/defects4j/framework/projects/Lang/lib/commons-io.jar:/opt/evosuite/evosuite-standalone-runtime-1.2.0.jar:/opt/jacoco/lib/jacocoagent.jar org.junit.runner.JUnitCore org.apache.commons.lang.StringEscapeUtils_ESTest
JUnit version 4.12
........................................
Time: 0.515

OK (40 tests)

SLF4J: Failed to load class "org.slf4j.impl.StaticLoggerBinder".
SLF4J: Defaulting to no-operation (NOP) logger implementation
SLF4J: See http://www.slf4j.org/codes.html#StaticLoggerBinder for further details.
WARNING: An illegal reflective access operation has occurred
WARNING: Illegal reflective access by org.evosuite.runtime.GuiSupport (file:/opt/evosuite/evosuite-standalone-runtime-1.2.0.jar) to field java.awt.GraphicsEnvironment.headless
WARNING: Please consider reporting this to the maintainers of org.evosuite.runtime.GuiSupport
WARNING: Use --illegal-access=warn to enable warnings of further illegal reflective access operations
WARNING: All illegal access operations will be denied in a future release

[exit=0 timeout=False time=0.9s]

$ java -jar /opt/jacoco/lib/jacococli.jar report /workspace/EvoSuite/Result_Round1/Lang_52/budget60_seed1/jacoco.exec --classfiles /work/Lang_52f/target/classes --csv /workspace/EvoSuite/Result_Round1/Lang_52/budget60_seed1/jacoco.csv
[INFO] Loading execution data file /workspace/EvoSuite/Result_Round1/Lang_52/budget60_seed1/jacoco.exec.
[INFO] Analyzing 119 classes.

[exit=0 timeout=False time=0.5s]

$ java -cp /work/evo_out/Lang_52f/budget60_seed1/classes:/work/Lang_52b/target/classes:/work/Lang_52b/target/tests:/opt/defects4j/framework/projects/lib/junit-4.12-hamcrest-1.3.jar:/opt/defects4j/framework/projects/Lang/lib/cglib.jar:/opt/defects4j/framework/projects/Lang/lib/asm.jar:/opt/defects4j/framework/projects/Lang/lib/easymock.jar:/opt/defects4j/framework/projects/Lang/lib/commons-io.jar:/opt/evosuite/evosuite-standalone-runtime-1.2.0.jar org.junit.runner.JUnitCore org.apache.commons.lang.StringEscapeUtils_ESTest
JUnit version 4.12
.............................E...........
Time: 0.6
There was 1 failure:
1) test31(org.apache.commons.lang.StringEscapeUtils_ESTest)
org.junit.ComparisonFailure: expected:<dKMr$-\'kwd2TL[\]/> but was:<dKMr$-\'kwd2TL[]/>
	at org.junit.Assert.assertEquals(Assert.java:115)
	at org.junit.Assert.assertEquals(Assert.java:144)
	at org.apache.commons.lang.StringEscapeUtils_ESTest.test31(StringEscapeUtils_ESTest.java:310)
	at java.base/jdk.internal.reflect.NativeMethodAccessorImpl.invoke0(Native Method)
	at java.base/jdk.internal.reflect.NativeMethodAccessorImpl.invoke(NativeMethodAccessorImpl.java:62)
	at java.base/jdk.internal.reflect.DelegatingMethodAccessorImpl.invoke(DelegatingMethodAccessorImpl.java:43)
	at java.base/java.lang.reflect.Method.invoke(Method.java:566)
	at org.junit.runners.model.FrameworkMethod$1.runReflectiveCall(FrameworkMethod.java:50)
	at org.junit.internal.runners.model.ReflectiveCallable.run(ReflectiveCallable.java:12)
	at org.junit.runners.model.FrameworkMethod.invokeExplosively(FrameworkMethod.java:47)
	at org.junit.internal.runners.statements.InvokeMethod.evaluate(InvokeMethod.java:17)
	at org.junit.internal.runners.statements.FailOnTimeout$CallableStatement.call(FailOnTimeout.java:298)
	at org.junit.internal.runners.statements.FailOnTimeout$CallableStatement.call(FailOnTimeout.java:292)
	at java.base/java.util.concurrent.FutureTask.run(FutureTask.java:264)
	at java.base/java.lang.Thread.run(Thread.java:829)

FAILURES!!!
Tests run: 40,  Failures: 1

SLF4J: Failed to load class "org.slf4j.impl.StaticLoggerBinder".
SLF4J: Defaulting to no-operation (NOP) logger implementation
SLF4J: See http://www.slf4j.org/codes.html#StaticLoggerBinder for further details.
WARNING: An illegal reflective access operation has occurred
WARNING: Illegal reflective access by org.evosuite.runtime.GuiSupport (file:/opt/evosuite/evosuite-standalone-runtime-1.2.0.jar) to field java.awt.GraphicsEnvironment.headless
WARNING: Please consider reporting this to the maintainers of org.evosuite.runtime.GuiSupport
WARNING: Use --illegal-access=warn to enable warnings of further illegal reflective access operations
WARNING: All illegal access operations will be denied in a future release

[exit=1 timeout=False time=0.8s]
