
$ defects4j checkout -p Math -v 76f -w /work/Math_76f
Checking out b2f3f6db to /work/Math_76f.................................... OK
Init local repository...................................................... OK
Tag post-fix revision...................................................... OK
Run post-checkout hook..................................................... OK
Excluding broken/flaky tests............................................... OK
Excluding broken/flaky tests............................................... OK
Excluding broken/flaky tests............................................... OK
Initialize fixed program version........................................... OK
Apply patch................................................................ OK
Initialize buggy program version........................................... OK
Diff b2f3f6db:81ae49ba..................................................... OK
Apply patch................................................................ OK
Tag pre-fix revision....................................................... OK
Check out program version: Math-76f........................................ OK

[exit=0 timeout=False time=4.1s]

$ defects4j compile -w /work/Math_76f
Running ant (compile)...................................................... OK
Running ant (compile.tests)................................................ OK

[exit=0 timeout=False time=11.9s]

$ defects4j checkout -p Math -v 76b -w /work/Math_76b
Checking out b2f3f6db to /work/Math_76b.................................... OK
Init local repository...................................................... OK
Tag post-fix revision...................................................... OK
Run post-checkout hook..................................................... OK
Excluding broken/flaky tests............................................... OK
Excluding broken/flaky tests............................................... OK
Excluding broken/flaky tests............................................... OK
Initialize fixed program version........................................... OK
Apply patch................................................................ OK
Initialize buggy program version........................................... OK
Diff b2f3f6db:81ae49ba..................................................... OK
Apply patch................................................................ OK
Tag pre-fix revision....................................................... OK
Check out program version: Math-76b........................................ OK

[exit=0 timeout=False time=4.1s]

$ defects4j compile -w /work/Math_76b
Running ant (compile)...................................................... OK
Running ant (compile.tests)................................................ OK

[exit=0 timeout=False time=11.4s]

$ java -Djava.awt.headless=true -cp /opt/defects4j/framework/projects/lib/junit-4.12-hamcrest-1.3.jar:/opt/evosuite/evosuite-1.2.0.jar:/work/Math_76f/target/classes:/work/Math_76f/target/test-classes org.evosuite.EvoSuite -generateSuite -class org.apache.commons.math.linear.SingularValueDecompositionImpl -projectCP /opt/defects4j/framework/projects/lib/junit-4.12-hamcrest-1.3.jar:/work/Math_76f/target/classes:/work/Math_76f/target/test-classes -Dcriterion=LINE:BRANCH:EXCEPTION -Dsearch_budget=60 -seed 1 -Dtest_dir=/work/evo_out/Math_76f/budget60_seed1/tests -Dreport_dir=/work/evo_out/Math_76f/budget60_seed1/report
* EvoSuite 1.2.0
* Going to generate test cases for class: org.apache.commons.math.linear.SingularValueDecompositionImpl
* Starting Client-0
* Connecting to master process on port 9922
* Analyzing classpath: 
  - /opt/defects4j/framework/projects/lib/junit-4.12-hamcrest-1.3.jar
  - /work/Math_76f/target/classes
  - /work/Math_76f/target/test-classes
* Finished analyzing classpath
* Generating tests for class org.apache.commons.math.linear.SingularValueDecompositionImpl
* Test criteria:
  - Line Coverage
  - Branch Coverage
  - Exception
* Setting up search algorithm for whole suite generation
* Total number of test goals: 
  - Line 135
  - Branch 69
  - Exception 0

[Progress:>                             0%] [Cov:>                                  0%]* Using seed 1
* Starting evolution

[Progress:>                             0%] [Cov:>                                  1%]
[Progress:>                             0%] [Cov:>                                  2%]
[Progress:>                             0%] [Cov:============>                      35%]
[Progress:>                             0%] [Cov:=============>                     39%]
[Progress:>                             0%] [Cov:===============>                   43%]
[Progress:>                             1%] [Cov:>                                  0%]
[Progress:>                             1%] [Cov:===========>                       33%]
[Progress:>                             1%] [Cov:===============>                   43%]
[Progress:>                             1%] [Cov:========================>          70%]
[Progress:>                             1%] [Cov:========================>          70%]
[Progress:>                             3%] [Cov:===========>                       33%]
[Progress:>                             3%] [Cov:========================>          70%]
[Progress:>                             3%] [Cov:===========================>       79%]
[Progress:>                             3%] [Cov:===========================>       79%]
[Progress:>                             3%] [Cov:===========================>       79%]
[Progress:>                             3%] [Cov:===========================>       79%]
[Progress:=>                            5%] [Cov:===========================>       79%]
[Progress:=>                            5%] [Cov:===========================>       79%]
[Progress:=>                            5%] [Cov:===========================>       79%]
[Progress:=>                            5%] [Cov:===========================>       79%]
[Progress:=>                            6%] [Cov:===========================>       79%]
[Progress:=>                            6%] [Cov:===========================>       79%]
[Progress:=>                            6%] [Cov:============================>      80%]
[Progress:=>                            6%] [Cov:============================>      82%]
[Progress:=>                            6%] [Cov:============================>      82%]
[Progress:==>                           8%] [Cov:============================>      82%]
[Progress:==>                           8%] [Cov:============================>      82%]
[Progress:==>                           8%] [Cov:============================>      82%]
[Progress:==>                           8%] [Cov:============================>      82%]
[Progress:===>                          10%] [Cov:============================>      82%]
[Progress:====>                         15%] [Cov:============================>      82%]
[Progress:====>                         15%] [Cov:============================>      82%]
[Progress:====>                         16%] [Cov:============================>      82%]
[Progress:====>                         16%] [Cov:============================>      82%]
[Progress:====>                         16%] [Cov:============================>      82%]
[Progress:=====>                        18%] [Cov:============================>      82%]
[Progress:=====>                        18%] [Cov:============================>      82%]
[Progress:=====>                        18%] [Cov:============================>      82%]
[Progress:=====>                        18%] [Cov:============================>      82%]
[Progress:=====>                        18%] [Cov:=============================>     83%]
[Progress:======>                       20%] [Cov:============================>      82%]
[Progress:======>                       20%] [Cov:=============================>     83%]
[Progress:======>                       20%] [Cov:=============================>     83%]
[Progress:======>                       20%] [Cov:=============================>     83%]
[Progress:======>                       21%] [Cov:=============================>     83%]
[Progress:======>                       21%] [Cov:=============================>     83%]
[Progress:======>                       21%] [Cov:=============================>     83%]
[Progress:======>                       21%] [Cov:=============================>     83%]
[Progress:======>                       21%] [Cov:=============================>     83%]
[Progress:======>                       23%] [Cov:=============================>     83%]
[Progress:======>                       23%] [Cov:=============================>     83%]
[Progress:======>                       23%] [Cov:==============================>    87%]
[Progress:======>                       23%] [Cov:===============================>   91%]
[Progress:======>                       23%] [Cov:===============================>   91%]
[Progress:======>                       23%] [Cov:===============================>   91%]
[Progress:=======>                      25%] [Cov:===============================>   91%]
[Progress:=======>                      25%] [Cov:===============================>   91%]
[Progress:=======>                      25%] [Cov:===============================>   91%]
[Progress:=======>                      25%] [Cov:===============================>   91%]
[Progress:=======>                      25%] [Cov:===============================>   91%]
[Progress:=======>                      26%] [Cov:===============================>   91%]
[Progress:=======>                      26%] [Cov:================================>  92%]
[Progress:=======>                      26%] [Cov:================================>  92%]
[Progress:=======>                      26%] [Cov:================================>  92%]
[Progress:=======>                      26%] [Cov:================================>  92%]
[Progress:=======>                      26%] [Cov:================================>  92%]
[Progress:=======>                      26%] [Cov:================================>  92%]
[Progress:========>                     28%] [Cov:================================>  92%]
[Progress:========>                     28%] [Cov:================================>  92%]
[Progress:========>                     28%] [Cov:================================>  92%]
[Progress:========>                     28%] [Cov:================================>  92%]
[Progress:========>                     28%] [Cov:================================>  92%]
[Progress:========>                     28%] [Cov:================================>  92%]
[Progress:==========>                   35%] [Cov:================================>  92%]
[Progress:==========>                   35%] [Cov:================================>  92%]
[Progress:==========>                   36%] [Cov:================================>  92%]
[Progress:==========>                   36%] [Cov:================================>  92%]
[Progress:==========>                   36%] [Cov:================================>  92%]
[Progress:==========>                   36%] [Cov:================================>  92%]
[Progress:============>                 41%] [Cov:================================>  92%]
[Progress:==============>               48%] [Cov:================================>  92%]
[Progress:==============>               48%] [Cov:================================>  92%]
[Progress:===============>              50%] [Cov:================================>  92%]
[Progress:===============>              50%] [Cov:================================>  92%]
[Progress:===============>              51%] [Cov:================================>  92%]
[Progress:===============>              51%] [Cov:================================>  92%]
[Progress:===============>              51%] [Cov:================================>  92%]
[Progress:===============>              51%] [Cov:================================>  92%]
[Progress:===============>              53%] [Cov:================================>  92%]
[Progress:===============>              53%] [Cov:================================>  93%]
[Progress:===============>              53%] [Cov:=================================> 95%]
[Progress:===============>              53%] [Cov:=================================> 95%]
[Progress:===============>              53%] [Cov:=================================> 95%]
[Progress:===============>              53%] [Cov:=================================> 95%]
[Progress:===============>              53%] [Cov:=================================> 95%]
[Progress:===============>              53%] [Cov:=================================> 95%]
[Progress:==================>           60%] [Cov:=================================> 95%]
[Progress:==================>           60%] [Cov:=================================> 95%]
[Progress:==================>           61%] [Cov:=================================> 95%]
[Progress:==================>           61%] [Cov:=================================> 95%]
[Progress:==================>           61%] [Cov:=================================> 95%]
[Progress:==================>           63%] [Cov:=================================> 95%]
[Progress:==================>           63%] [Cov:=================================> 95%]
[Progress:==================>           63%] [Cov:=================================> 95%]
[Progress:==================>           63%] [Cov:=================================> 95%]
[Progress:==================>           63%] [Cov:=================================> 95%]
[Progress:===================>          65%] [Cov:=================================> 95%]
[Progress:===================>          65%] [Cov:=================================> 95%]
[Progress:===================>          65%] [Cov:=================================> 95%]
[Progress:===================>          65%] [Cov:=================================> 95%]
[Progress:=====================>        70%] [Cov:=================================> 95%]
[Progress:=====================>        71%] [Cov:=================================> 95%]
[Progress:=====================>        71%] [Cov:=================================> 95%]
[Progress:=====================>        71%] [Cov:=================================> 95%]
[Progress:=====================>        71%] [Cov:=================================> 95%]
[Progress:=====================>        71%] [Cov:=================================> 95%]
[Progress:=====================>        71%] [Cov:=================================> 95%]
[Progress:=====================>        73%] [Cov:=================================> 95%]
[Progress:=====================>        73%] [Cov:=================================> 95%]
[Progress:=====================>        73%] [Cov:=================================> 95%]
[Progress:=====================>        73%] [Cov:=================================> 95%]
[Progress:=====================>        73%] [Cov:=================================> 95%]
[Progress:=====================>        73%] [Cov:=================================> 95%]
[Progress:=====================>        73%] [Cov:=================================> 95%]
[Progress:=====================>        73%] [Cov:=================================> 95%]
[Progress:=====================>        73%] [Cov:=================================> 95%]
[Progress:======================>       75%] [Cov:=================================> 95%]
[Progress:======================>       75%] [Cov:=================================> 95%]
[Progress:======================>       75%] [Cov:=================================> 95%]
[Progress:======================>       75%] [Cov:=================================> 95%]
[Progress:======================>       75%] [Cov:=================================> 95%]
[Progress:======================>       75%] [Cov:=================================> 95%]
[Progress:======================>       76%] [Cov:=================================> 95%]
[Progress:======================>       76%] [Cov:=================================> 95%]
[Progress:======================>       76%] [Cov:=================================> 95%]
[Progress:======================>       76%] [Cov:=================================> 95%]
[Progress:======================>       76%] [Cov:=================================> 95%]
[Progress:=======================>      78%] [Cov:=================================> 95%]
[Progress:=======================>      78%] [Cov:=================================> 95%]
[Progress:=======================>      78%] [Cov:=================================> 95%]
[Progress:=======================>      78%] [Cov:=================================> 95%]
[Progress:=========================>    85%] [Cov:=================================> 95%]
[Progress:=========================>    85%] [Cov:=================================> 95%]
[Progress:=========================>    85%] [Cov:=================================> 95%]
[Progress:=========================>    85%] [Cov:=================================> 95%]
[Progress:=========================>    86%] [Cov:=================================> 95%]
[Progress:=========================>    86%] [Cov:=================================> 95%]
[Progress:=========================>    86%] [Cov:=================================> 95%]
[Progress:=========================>    86%] [Cov:=================================> 95%]
[Progress:=========================>    86%] [Cov:=================================> 95%]
[Progress:=========================>    86%] [Cov:=================================> 95%]
[Progress:==========================>   88%] [Cov:=================================> 95%]
[Progress:==========================>   88%] [Cov:=================================> 95%]
[Progress:==========================>   88%] [Cov:=================================> 95%]
[Progress:==========================>   88%] [Cov:=================================> 95%]
[Progress:==========================>   88%] [Cov:=================================> 95%]
[Progress:==========================>   88%] [Cov:=================================> 95%]
[Progress:==========================>   88%] [Cov:=================================> 95%]
[Progress:==========================>   88%] [Cov:=================================> 95%]
[Progress:===========================>  90%] [Cov:=================================> 95%]
[Progress:===========================>  90%] [Cov:=================================> 95%]
[Progress:===========================>  90%] [Cov:=================================> 95%]
[Progress:===========================>  90%] [Cov:=================================> 95%]
[Progress:===========================>  90%] [Cov:=================================> 95%]
[Progress:===========================>  90%] [Cov:=================================> 95%]
[Progress:===========================>  90%] [Cov:=================================> 95%]
[Progress:===========================>  91%] [Cov:=================================> 95%]
[Progress:===========================>  91%] [Cov:=================================> 95%]
[Progress:===========================>  91%] [Cov:=================================> 95%]
[Progress:===========================>  91%] [Cov:=================================> 95%]
[Progress:===========================>  91%] [Cov:=================================> 95%]
[Progress:===========================>  91%] [Cov:=================================> 95%]
[Progress:===========================>  91%] [Cov:=================================> 95%]
[Progress:===========================>  93%] [Cov:=================================> 95%]
[Progress:===========================>  93%] [Cov:=================================> 95%]
[Progress:===========================>  93%] [Cov:=================================> 95%]
[Progress:===========================>  93%] [Cov:=================================> 95%]
[Progress:===========================>  93%] [Cov:=================================> 95%]
[Progress:===========================>  93%] [Cov:=================================> 95%]
[Progress:===========================>  93%] [Cov:=================================> 95%]
[Progress:===========================>  93%] [Cov:=================================> 95%]
[Progress:===========================>  93%] [Cov:=================================> 95%]
[Progress:==============================100%] [Cov:=================================> 95%]
[Progress:==============================100%] [Cov:=================================> 95%]
[Progress:==============================100%] [Cov:=================================> 95%]
* Search finished after 61s and 127 generations, 62801 statements, best individual has fitness: 6.898809523809525
* Minimizing test suite
* Going to analyze the coverage criteria
* Coverage analysis for criterion LINE
* Coverage of criterion LINE: 96%
* Total number of goals: 135
* Number of covered goals: 129
* Coverage analysis for criterion BRANCH
* Coverage of criterion BRANCH: 91%
* Total number of goals: 69
* Number of covered goals: 63
* Coverage analysis for criterion EXCEPTION
* Coverage of criterion EXCEPTION: 100%
* Total number of goals: 23
* Number of covered goals: 23
* Generated 32 tests with total length 150
* Resulting test suite's coverage: 96% (average coverage for all fitness functions)
* Generating assertions
* Resulting test suite's mutation score: 46%
* Compiling and checking tests
[MASTER] 10:42:30.055 [logback-1] WARN  JUnitAnalyzer - Found unstable test named test0 -> class java.lang.OutOfMemoryError: Java heap space
[MASTER] 10:42:30.055 [logback-1] WARN  JUnitAnalyzer - Failing test:
 OpenMapRealMatrix openMapRealMatrix0 = new OpenMapRealMatrix(2146660169, 2146660169);
SingularValueDecompositionImpl singularValueDecompositionImpl0 = new SingularValueDecompositionImpl(openMapRealMatrix0);

[MASTER] 10:42:31.630 [logback-1] WARN  JUnitAnalyzer - Found unstable test named test0 -> class java.lang.OutOfMemoryError: Java heap space
[MASTER] 10:42:31.630 [logback-1] WARN  JUnitAnalyzer - Failing test:
 OpenMapRealMatrix openMapRealMatrix0 = new OpenMapRealMatrix(2146668657, 7);
SingularValueDecompositionImpl singularValueDecompositionImpl0 = new SingularValueDecompositionImpl(openMapRealMatrix0, 2146668657);

* Writing tests to file
* Writing JUnit test case 'SingularValueDecompositionImpl_ESTest' to /work/evo_out/Math_76f/budget60_seed1/tests
* Done!

* Computation finished

[exit=0 timeout=False time=95.5s]

$ javac -nowarn -cp /work/Math_76f/target/classes:/opt/defects4j/framework/projects/lib/junit-4.12-hamcrest-1.3.jar:/work/Math_76f/target/classes:/work/Math_76f/target/test-classes:/opt/evosuite/evosuite-standalone-runtime-1.2.0.jar -d /work/evo_out/Math_76f/budget60_seed1/classes /work/evo_out/Math_76f/budget60_seed1/tests/org/apache/commons/math/linear/SingularValueDecompositionImpl_ESTest.java /work/evo_out/Math_76f/budget60_seed1/tests/org/apache/commons/math/linear/SingularValueDecompositionImpl_ESTest_scaffolding.java
Note: /work/evo_out/Math_76f/budget60_seed1/tests/org/apache/commons/math/linear/SingularValueDecompositionImpl_ESTest.java uses or overrides a deprecated API.
Note: Recompile with -Xlint:deprecation for details.

[exit=0 timeout=False time=0.9s]

$ java -jar /opt/jacoco/lib/jacococli.jar instrument /work/Math_76f/target/classes --dest /work/evo_out/Math_76f/budget60_seed1/instrumented
[INFO] 542 classes instrumented to /work/evo_out/Math_76f/budget60_seed1/instrumented.

[exit=0 timeout=False time=0.7s]

$ java -Djacoco-agent.destfile=/workspace/EvoSuite/Result_Round1/Math_76/budget60_seed1/jacoco.exec -cp /work/evo_out/Math_76f/budget60_seed1/instrumented:/work/evo_out/Math_76f/budget60_seed1/classes:/opt/defects4j/framework/projects/lib/junit-4.12-hamcrest-1.3.jar:/work/Math_76f/target/classes:/work/Math_76f/target/test-classes:/opt/evosuite/evosuite-standalone-runtime-1.2.0.jar:/opt/jacoco/lib/jacocoagent.jar org.junit.runner.JUnitCore org.apache.commons.math.linear.SingularValueDecompositionImpl_ESTest
JUnit version 4.12
..............................
Time: 1.031

OK (30 tests)

SLF4J: Failed to load class "org.slf4j.impl.StaticLoggerBinder".
SLF4J: Defaulting to no-operation (NOP) logger implementation
SLF4J: See http://www.slf4j.org/codes.html#StaticLoggerBinder for further details.
WARNING: An illegal reflective access operation has occurred
WARNING: Illegal reflective access by org.evosuite.runtime.GuiSupport (file:/opt/evosuite/evosuite-standalone-runtime-1.2.0.jar) to field java.awt.GraphicsEnvironment.headless
WARNING: Please consider reporting this to the maintainers of org.evosuite.runtime.GuiSupport
WARNING: Use --illegal-access=warn to enable warnings of further illegal reflective access operations
WARNING: All illegal access operations will be denied in a future release

[exit=0 timeout=False time=1.7s]

$ java -jar /opt/jacoco/lib/jacococli.jar report /workspace/EvoSuite/Result_Round1/Math_76/budget60_seed1/jacoco.exec --classfiles /work/Math_76f/target/classes --csv /workspace/EvoSuite/Result_Round1/Math_76/budget60_seed1/jacoco.csv
[INFO] Loading execution data file /workspace/EvoSuite/Result_Round1/Math_76/budget60_seed1/jacoco.exec.
[INFO] Analyzing 415 classes.

[exit=0 timeout=False time=0.6s]

$ java -cp /work/evo_out/Math_76f/budget60_seed1/classes:/opt/defects4j/framework/projects/lib/junit-4.12-hamcrest-1.3.jar:/work/Math_76b/target/classes:/work/Math_76b/target/test-classes:/opt/evosuite/evosuite-standalone-runtime-1.2.0.jar org.junit.runner.JUnitCore org.apache.commons.math.linear.SingularValueDecompositionImpl_ESTest
JUnit version 4.12
..............................
Time: 0.962

OK (30 tests)

SLF4J: Failed to load class "org.slf4j.impl.StaticLoggerBinder".
SLF4J: Defaulting to no-operation (NOP) logger implementation
SLF4J: See http://www.slf4j.org/codes.html#StaticLoggerBinder for further details.
WARNING: An illegal reflective access operation has occurred
WARNING: Illegal reflective access by org.evosuite.runtime.GuiSupport (file:/opt/evosuite/evosuite-standalone-runtime-1.2.0.jar) to field java.awt.GraphicsEnvironment.headless
WARNING: Please consider reporting this to the maintainers of org.evosuite.runtime.GuiSupport
WARNING: Use --illegal-access=warn to enable warnings of further illegal reflective access operations
WARNING: All illegal access operations will be denied in a future release

[exit=0 timeout=False time=1.3s]
