
$ defects4j checkout -p Chart -v 24f -w /work/Chart_24f
Checking out 190 to /work/Chart_24f........................................ OK
Init local repository...................................................... OK
Tag post-fix revision...................................................... OK
Apply patch................................................................ OK
Run post-checkout hook..................................................... OK
Excluding broken/flaky tests............................................... OK
Excluding broken/flaky tests............................................... OK
Initialize fixed program version........................................... OK
Apply patch................................................................ OK
Initialize buggy program version........................................... OK
Diff 190:188............................................................... OK
Apply patch................................................................ OK
Tag pre-fix revision....................................................... OK
Check out program version: Chart-24f....................................... OK

[exit=0 timeout=False time=15.1s]

$ defects4j compile -w /work/Chart_24f
Running ant (compile)...................................................... OK
Running ant (compile.tests)................................................ OK

[exit=0 timeout=False time=83.6s]

$ defects4j checkout -p Chart -v 24b -w /work/Chart_24b
Checking out 190 to /work/Chart_24b........................................ OK
Init local repository...................................................... OK
Tag post-fix revision...................................................... OK
Apply patch................................................................ OK
Run post-checkout hook..................................................... OK
Excluding broken/flaky tests............................................... OK
Excluding broken/flaky tests............................................... OK
Initialize fixed program version........................................... OK
Apply patch................................................................ OK
Initialize buggy program version........................................... OK
Diff 190:188............................................................... OK
Apply patch................................................................ OK
Tag pre-fix revision....................................................... OK
Check out program version: Chart-24b....................................... OK

[exit=0 timeout=False time=15.0s]

$ defects4j compile -w /work/Chart_24b
Running ant (compile)...................................................... OK
Running ant (compile.tests)................................................ OK

[exit=0 timeout=False time=60.5s]

$ java -cp /work/jqwik_harness:/workspace/lib/jqwik/jqwik-1.7.4.jar:/workspace/lib/jqwik/jqwik-api-1.7.4.jar:/workspace/lib/jqwik/jqwik-engine-1.7.4.jar pbt.auto.Generate --targets org.jfree.chart.renderer.GrayPaintScale --fixed-cp /work/Chart_24f/build:/work/Chart_24f/lib/servlet.jar:/opt/defects4j/framework/projects/lib/junit-4.12-hamcrest-1.3.jar:/work/Chart_24f/build-tests --buggy-cp /work/Chart_24b/build:/work/Chart_24b/lib/servlet.jar:/opt/defects4j/framework/projects/lib/junit-4.12-hamcrest-1.3.jar:/work/Chart_24b/build-tests --out /workspace/jqwik/Auto/Chart_24 --max-methods 150
generated test classes: 1 / 1

[exit=0 timeout=False time=0.8s]

$ javac -nowarn -encoding UTF-8 -cp /work/Chart_24f/build:/work/Chart_24f/lib/servlet.jar:/opt/defects4j/framework/projects/lib/junit-4.12-hamcrest-1.3.jar:/work/Chart_24f/build-tests:/work/jqwik_harness:/workspace/lib/jqwik/jqwik-1.7.4.jar:/workspace/lib/jqwik/jqwik-api-1.7.4.jar:/workspace/lib/jqwik/jqwik-engine-1.7.4.jar -d /work/jqwik_out/Chart_24/auto_round1_tries200_seed1/classes_f /workspace/jqwik/Auto/Chart_24/org/jfree/chart/renderer/GrayPaintScale_AutoPbtTest.java

[exit=0 timeout=False time=3.0s]

$ javac -nowarn -encoding UTF-8 -cp /work/Chart_24b/build:/work/Chart_24b/lib/servlet.jar:/opt/defects4j/framework/projects/lib/junit-4.12-hamcrest-1.3.jar:/work/Chart_24b/build-tests:/work/jqwik_harness:/workspace/lib/jqwik/jqwik-1.7.4.jar:/workspace/lib/jqwik/jqwik-api-1.7.4.jar:/workspace/lib/jqwik/jqwik-engine-1.7.4.jar -d /work/jqwik_out/Chart_24/auto_round1_tries200_seed1/classes_b /workspace/jqwik/Auto/Chart_24/org/jfree/chart/renderer/GrayPaintScale_AutoPbtTest.java

[exit=0 timeout=False time=3.4s]

$ java -Djava.awt.headless=true -Xss4m -Xmx1g -Dpbt.seed=1 -Dpbt.tries=200 -Dpbt.snapshot.dir=/work/jqwik_out/Chart_24/auto_round1_tries200_seed1/snapshots -Dpbt.propertyBudgetMs=5000 -Dpbt.mask=/work/Chart_24f:/work/Chart_24b:/work/jqwik_out/Chart_24/auto_round1_tries200_seed1/classes_f:/work/jqwik_out/Chart_24/auto_round1_tries200_seed1/classes_b -Dpbt.mode=record -jar /workspace/lib/jqwik/junit-platform-console-standalone-1.9.3.jar --disable-banner --details tree --class-path /work/jqwik_out/Chart_24/auto_round1_tries200_seed1/classes_f:/work/Chart_24f/build:/work/Chart_24f/lib/servlet.jar:/opt/defects4j/framework/projects/lib/junit-4.12-hamcrest-1.3.jar:/work/Chart_24f/build-tests:/work/jqwik_harness:/workspace/lib/jqwik/jqwik-1.7.4.jar:/workspace/lib/jqwik/jqwik-api-1.7.4.jar:/workspace/lib/jqwik/jqwik-engine-1.7.4.jar --scan-class-path /work/jqwik_out/Chart_24/auto_round1_tries200_seed1/classes_f --include-classname .* --include-engine jqwik --config jqwik.database=/workspace/jqwik/Result_auto_Round1/Chart_24/tries200_seed1/reports_record/jqwik-database --config jqwik.tries.default=200 --reports-dir /workspace/jqwik/Result_auto_Round1/Chart_24/tries200_seed1/reports_record
       | parameters are randomly generated
after-failure = SAMPLE_FIRST  | try previously failed sample, then previous seed
when-fixed-seed = ALLOW       | fixing the random seed is allowed
edge-cases#mode = NONE        | edge cases are not explicitly generated
seed = 1                      | random seed to reproduce generated values

Sample
------
  arg0: new GrayPaintScale.<init>[]


timestamp = 2026-09-27T05:59:58.715918, GrayPaintScale AutoPbtTest:m001 getLowerBound = 
                              |-----------------------jqwik-----------------------
tries = 200                   | # of calls to property
checks = 200                  | # of not rejected calls
generation = RANDOMIZED       | parameters are randomly generated
after-failure = SAMPLE_FIRST  | try previously failed sample, then previous seed
when-fixed-seed = ALLOW       | fixing the random seed is allowed
edge-cases#mode = NONE        | edge cases are not explicitly generated
seed = 1                      | random seed to reproduce generated values


timestamp = 2026-09-27T05:59:58.914147, GrayPaintScale AutoPbtTest:m003 getUpperBound = 
                              |-----------------------jqwik-----------------------
tries = 200                   | # of calls to property
checks = 200                  | # of not rejected calls
generation = RANDOMIZED       | parameters are randomly generated
after-failure = SAMPLE_FIRST  | try previously failed sample, then previous seed
when-fixed-seed = ALLOW       | fixing the random seed is allowed
edge-cases#mode = NONE        | edge cases are not explicitly generated
seed = 1                      | random seed to reproduce generated values


[36m╷[0m
[36m└─[0m [36mjqwik (JUnit Platform)[0m [32m✔[0m
[36m   └─[0m [36mGrayPaintScale AutoPbtTest[0m [32m✔[0m
[36m      ├─[0m [34mm000 equals[0m [32m✔[0m
[36m      ├─[0m [34mm002 getPaint[0m [32m✔[0m
[36m      ├─[0m [31mcontract equalsHashCode[0m [31m✘[0m [31m[contract] equal objects with different hashCode: new GrayPaintScale.<init>[][0m
[36m      ├─[0m [34mm001 getLowerBound[0m [32m✔[0m
[36m      └─[0m [34mm003 getUpperBound[0m [32m✔[0m

Failures (1):
  jqwik (JUnit Platform):GrayPaintScale AutoPbtTest:contract equalsHashCode
    MethodSource [className = 'org.jfree.chart.renderer.GrayPaintScale_AutoPbtTest', methodName = 'contract_equalsHashCode', methodParameterTypes = 'pbt.auto.Recipe']
    => java.lang.AssertionError: [contract] equal objects with different hashCode: new GrayPaintScale.<init>[]
       pbt.auto.AutoTarget.checkEqualsContract(AutoTarget.java:157)
       org.jfree.chart.renderer.GrayPaintScale_AutoPbtTest.contract_equalsHashCode(GrayPaintScale_AutoPbtTest.java:61)
       java.base/jdk.internal.reflect.NativeMethodAccessorImpl.invoke0(Native Method)
       java.base/jdk.internal.reflect.NativeMethodAccessorImpl.invoke(NativeMethodAccessorImpl.java:62)
       java.base/jdk.internal.reflect.DelegatingMethodAccessorImpl.invoke(DelegatingMethodAccessorImpl.java:43)
       java.base/java.lang.reflect.Method.invoke(Method.java:566)
       org.junit.platform.commons.util.ReflectionUtils.invokeMethod(ReflectionUtils.java:727)
       org.junit.platform.commons.support.ReflectionSupport.invokeMethod(ReflectionSupport.java:198)
       net.jqwik.engine.execution.CheckedPropertyFactory.lambda$createRawFunction$1(CheckedPropertyFactory.java:84)
       net.jqwik.engine.execution.CheckedPropertyFactory.lambda$createRawFunction$2(CheckedPropertyFactory.java:91)
       [...]

Test run finished after 3531 ms
[         2 containers found      ]
[         0 containers skipped    ]
[         2 containers started    ]
[         0 containers aborted    ]
[         2 containers successful ]
[         0 containers failed     ]
[         5 tests found           ]
[         0 tests skipped         ]
[         5 tests started         ]
[         0 tests aborted         ]
[         4 tests successful      ]
[         1 tests failed          ]


[exit=1 timeout=False time=7.2s]

$ java -Djava.awt.headless=true -Xss4m -Xmx1g -Dpbt.seed=1 -Dpbt.tries=200 -Dpbt.snapshot.dir=/work/jqwik_out/Chart_24/auto_round1_tries200_seed1/snapshots -Dpbt.propertyBudgetMs=5000 -Dpbt.mask=/work/Chart_24f:/work/Chart_24b:/work/jqwik_out/Chart_24/auto_round1_tries200_seed1/classes_f:/work/jqwik_out/Chart_24/auto_round1_tries200_seed1/classes_b -Dpbt.mode=check -javaagent:/opt/jacoco/lib/jacocoagent.jar=destfile=/workspace/jqwik/Result_auto_Round1/Chart_24/tries200_seed1/jacoco.exec -jar /workspace/lib/jqwik/junit-platform-console-standalone-1.9.3.jar --disable-banner --details tree --class-path /work/jqwik_out/Chart_24/auto_round1_tries200_seed1/classes_f:/work/Chart_24f/build:/work/Chart_24f/lib/servlet.jar:/opt/defects4j/framework/projects/lib/junit-4.12-hamcrest-1.3.jar:/work/Chart_24f/build-tests:/work/jqwik_harness:/workspace/lib/jqwik/jqwik-1.7.4.jar:/workspace/lib/jqwik/jqwik-api-1.7.4.jar:/workspace/lib/jqwik/jqwik-engine-1.7.4.jar --scan-class-path /work/jqwik_out/Chart_24/auto_round1_tries200_seed1/classes_f --include-classname .* --include-engine jqwik --config jqwik.database=/workspace/jqwik/Result_auto_Round1/Chart_24/tries200_seed1/reports_fixed/jqwik-database --config jqwik.tries.default=200 --reports-dir /workspace/jqwik/Result_auto_Round1/Chart_24/tries200_seed1/reports_fixed
       | parameters are randomly generated
after-failure = SAMPLE_FIRST  | try previously failed sample, then previous seed
when-fixed-seed = ALLOW       | fixing the random seed is allowed
edge-cases#mode = NONE        | edge cases are not explicitly generated
seed = 1                      | random seed to reproduce generated values

Sample
------
  arg0: new GrayPaintScale.<init>[]


timestamp = 2026-09-27T06:00:05.400628, GrayPaintScale AutoPbtTest:m001 getLowerBound = 
                              |-----------------------jqwik-----------------------
tries = 200                   | # of calls to property
checks = 200                  | # of not rejected calls
generation = RANDOMIZED       | parameters are randomly generated
after-failure = SAMPLE_FIRST  | try previously failed sample, then previous seed
when-fixed-seed = ALLOW       | fixing the random seed is allowed
edge-cases#mode = NONE        | edge cases are not explicitly generated
seed = 1                      | random seed to reproduce generated values


timestamp = 2026-09-27T06:00:05.577866, GrayPaintScale AutoPbtTest:m003 getUpperBound = 
                              |-----------------------jqwik-----------------------
tries = 200                   | # of calls to property
checks = 200                  | # of not rejected calls
generation = RANDOMIZED       | parameters are randomly generated
after-failure = SAMPLE_FIRST  | try previously failed sample, then previous seed
when-fixed-seed = ALLOW       | fixing the random seed is allowed
edge-cases#mode = NONE        | edge cases are not explicitly generated
seed = 1                      | random seed to reproduce generated values


[36m╷[0m
[36m└─[0m [36mjqwik (JUnit Platform)[0m [32m✔[0m
[36m   └─[0m [36mGrayPaintScale AutoPbtTest[0m [32m✔[0m
[36m      ├─[0m [34mm000 equals[0m [32m✔[0m
[36m      ├─[0m [34mm002 getPaint[0m [32m✔[0m
[36m      ├─[0m [31mcontract equalsHashCode[0m [31m✘[0m [31m[contract] equal objects with different hashCode: new GrayPaintScale.<init>[][0m
[36m      ├─[0m [34mm001 getLowerBound[0m [32m✔[0m
[36m      └─[0m [34mm003 getUpperBound[0m [32m✔[0m

Failures (1):
  jqwik (JUnit Platform):GrayPaintScale AutoPbtTest:contract equalsHashCode
    MethodSource [className = 'org.jfree.chart.renderer.GrayPaintScale_AutoPbtTest', methodName = 'contract_equalsHashCode', methodParameterTypes = 'pbt.auto.Recipe']
    => java.lang.AssertionError: [contract] equal objects with different hashCode: new GrayPaintScale.<init>[]
       pbt.auto.AutoTarget.checkEqualsContract(AutoTarget.java:157)
       org.jfree.chart.renderer.GrayPaintScale_AutoPbtTest.contract_equalsHashCode(GrayPaintScale_AutoPbtTest.java:61)
       java.base/jdk.internal.reflect.NativeMethodAccessorImpl.invoke0(Native Method)
       java.base/jdk.internal.reflect.NativeMethodAccessorImpl.invoke(NativeMethodAccessorImpl.java:62)
       java.base/jdk.internal.reflect.DelegatingMethodAccessorImpl.invoke(DelegatingMethodAccessorImpl.java:43)
       java.base/java.lang.reflect.Method.invoke(Method.java:566)
       org.junit.platform.commons.util.ReflectionUtils.invokeMethod(ReflectionUtils.java:727)
       org.junit.platform.commons.support.ReflectionSupport.invokeMethod(ReflectionSupport.java:198)
       net.jqwik.engine.execution.CheckedPropertyFactory.lambda$createRawFunction$1(CheckedPropertyFactory.java:84)
       net.jqwik.engine.execution.CheckedPropertyFactory.lambda$createRawFunction$2(CheckedPropertyFactory.java:91)
       [...]

Test run finished after 3881 ms
[         2 containers found      ]
[         0 containers skipped    ]
[         2 containers started    ]
[         0 containers aborted    ]
[         2 containers successful ]
[         0 containers failed     ]
[         5 tests found           ]
[         0 tests skipped         ]
[         5 tests started         ]
[         0 tests aborted         ]
[         4 tests successful      ]
[         1 tests failed          ]


[exit=1 timeout=False time=17.3s]

$ java -jar /opt/jacoco/lib/jacococli.jar report /workspace/jqwik/Result_auto_Round1/Chart_24/tries200_seed1/jacoco.exec --classfiles /work/Chart_24f/build --csv /workspace/jqwik/Result_auto_Round1/Chart_24/tries200_seed1/jacoco.csv
[INFO] Loading execution data file /workspace/jqwik/Result_auto_Round1/Chart_24/tries200_seed1/jacoco.exec.
[INFO] Analyzing 517 classes.

[exit=0 timeout=False time=2.4s]

$ java -Djava.awt.headless=true -Xss4m -Xmx1g -Dpbt.seed=1 -Dpbt.tries=200 -Dpbt.snapshot.dir=/work/jqwik_out/Chart_24/auto_round1_tries200_seed1/snapshots -Dpbt.propertyBudgetMs=5000 -Dpbt.mask=/work/Chart_24f:/work/Chart_24b:/work/jqwik_out/Chart_24/auto_round1_tries200_seed1/classes_f:/work/jqwik_out/Chart_24/auto_round1_tries200_seed1/classes_b -Dpbt.mode=check -jar /workspace/lib/jqwik/junit-platform-console-standalone-1.9.3.jar --disable-banner --details tree --class-path /work/jqwik_out/Chart_24/auto_round1_tries200_seed1/classes_b:/work/Chart_24b/build:/work/Chart_24b/lib/servlet.jar:/opt/defects4j/framework/projects/lib/junit-4.12-hamcrest-1.3.jar:/work/Chart_24b/build-tests:/work/jqwik_harness:/workspace/lib/jqwik/jqwik-1.7.4.jar:/workspace/lib/jqwik/jqwik-api-1.7.4.jar:/workspace/lib/jqwik/jqwik-engine-1.7.4.jar --scan-class-path /work/jqwik_out/Chart_24/auto_round1_tries200_seed1/classes_b --include-classname .* --include-engine jqwik --config jqwik.database=/workspace/jqwik/Result_auto_Round1/Chart_24/tries200_seed1/reports_buggy/jqwik-database --config jqwik.tries.default=200 --reports-dir /workspace/jqwik/Result_auto_Round1/Chart_24/tries200_seed1/reports_buggy
ut:    new GrayPaintScale.<init>[].getPaint[Double:-0.2][0m
[36m      │     [0m[31m     expected: ret=Color:java.awt.Color[r=0,g=0,b=0] | this=obj org.jfree.chart.renderer.GrayPaintScale[0m
[36m      │     [0m[31m     actual:   throws java.lang.IllegalArgumentException | this=obj org.jfree.chart.renderer.GrayPaintScale[0m
[36m      ├─[0m [31mcontract equalsHashCode[0m [31m✘[0m [31m[contract] equal objects with different hashCode: new GrayPaintScale.<init>[][0m
[36m      ├─[0m [34mm001 getLowerBound[0m [32m✔[0m
[36m      └─[0m [34mm003 getUpperBound[0m [32m✔[0m

Failures (2):
  jqwik (JUnit Platform):GrayPaintScale AutoPbtTest:m002 getPaint
    MethodSource [className = 'org.jfree.chart.renderer.GrayPaintScale_AutoPbtTest', methodName = 'm002_getPaint', methodParameterTypes = 'pbt.auto.AutoTarget$Call']
    => java.lang.AssertionError: [regression] org.jfree.chart.renderer.GrayPaintScale.getPaint(double)
  input:    new GrayPaintScale.<init>[].getPaint[Double:-0.2]
  expected: ret=Color:java.awt.Color[r=0,g=0,b=0] | this=obj org.jfree.chart.renderer.GrayPaintScale
  actual:   throws java.lang.IllegalArgumentException | this=obj org.jfree.chart.renderer.GrayPaintScale
       pbt.auto.AutoTarget.check(AutoTarget.java:127)
       org.jfree.chart.renderer.GrayPaintScale_AutoPbtTest.m002_getPaint(GrayPaintScale_AutoPbtTest.java:36)
       java.base/jdk.internal.reflect.NativeMethodAccessorImpl.invoke0(Native Method)
       java.base/jdk.internal.reflect.NativeMethodAccessorImpl.invoke(NativeMethodAccessorImpl.java:62)
       java.base/jdk.internal.reflect.DelegatingMethodAccessorImpl.invoke(DelegatingMethodAccessorImpl.java:43)
       java.base/java.lang.reflect.Method.invoke(Method.java:566)
       org.junit.platform.commons.util.ReflectionUtils.invokeMethod(ReflectionUtils.java:727)
       org.junit.platform.commons.support.ReflectionSupport.invokeMethod(ReflectionSupport.java:198)
       net.jqwik.engine.execution.CheckedPropertyFactory.lambda$createRawFunction$1(CheckedPropertyFactory.java:84)
       net.jqwik.engine.execution.CheckedPropertyFactory.lambda$createRawFunction$2(CheckedPropertyFactory.java:91)
       [...]
  jqwik (JUnit Platform):GrayPaintScale AutoPbtTest:contract equalsHashCode
    MethodSource [className = 'org.jfree.chart.renderer.GrayPaintScale_AutoPbtTest', methodName = 'contract_equalsHashCode', methodParameterTypes = 'pbt.auto.Recipe']
    => java.lang.AssertionError: [contract] equal objects with different hashCode: new GrayPaintScale.<init>[]
       pbt.auto.AutoTarget.checkEqualsContract(AutoTarget.java:157)
       org.jfree.chart.renderer.GrayPaintScale_AutoPbtTest.contract_equalsHashCode(GrayPaintScale_AutoPbtTest.java:61)
       java.base/jdk.internal.reflect.NativeMethodAccessorImpl.invoke0(Native Method)
       java.base/jdk.internal.reflect.NativeMethodAccessorImpl.invoke(NativeMethodAccessorImpl.java:62)
       java.base/jdk.internal.reflect.DelegatingMethodAccessorImpl.invoke(DelegatingMethodAccessorImpl.java:43)
       java.base/java.lang.reflect.Method.invoke(Method.java:566)
       org.junit.platform.commons.util.ReflectionUtils.invokeMethod(ReflectionUtils.java:727)
       org.junit.platform.commons.support.ReflectionSupport.invokeMethod(ReflectionSupport.java:198)
       net.jqwik.engine.execution.CheckedPropertyFactory.lambda$createRawFunction$1(CheckedPropertyFactory.java:84)
       net.jqwik.engine.execution.CheckedPropertyFactory.lambda$createRawFunction$2(CheckedPropertyFactory.java:91)
       [...]

Test run finished after 3045 ms
[         2 containers found      ]
[         0 containers skipped    ]
[         2 containers started    ]
[         0 containers aborted    ]
[         2 containers successful ]
[         0 containers failed     ]
[         5 tests found           ]
[         0 tests skipped         ]
[         5 tests started         ]
[         0 tests aborted         ]
[         3 tests successful      ]
[         2 tests failed          ]


[exit=1 timeout=False time=5.7s]
