
$ defects4j checkout -p Closure -v 127f -w /work/Closure_127f
Checking out 211dc016 to /work/Closure_127f................................ OK
Init local repository...................................................... OK
Tag post-fix revision...................................................... OK
sed: can't read /work/Closure_127f/lib/rhino/src/mozilla/js/rhino/build.properties: No such file or directory
sed: can't read /work/Closure_127f/lib/rhino/src/mozilla/js/rhino/build.properties: No such file or directory
Run post-checkout hook..................................................... OK
Excluding broken/flaky tests............................................... OK
Excluding broken/flaky tests............................................... OK
Initialize fixed program version........................................... OK
Apply patch................................................................ OK
Initialize buggy program version........................................... OK
Diff 211dc016:437a9e47..................................................... OK
Apply patch................................................................ OK
Tag pre-fix revision....................................................... OK
Check out program version: Closure-127f.................................... OK

[exit=0 timeout=False time=3.4s]

$ defects4j compile -w /work/Closure_127f
Running ant (compile)...................................................... OK
Running ant (compile.tests)................................................ OK

[exit=0 timeout=False time=14.7s]

$ defects4j checkout -p Closure -v 127b -w /work/Closure_127b
Checking out 211dc016 to /work/Closure_127b................................ OK
Init local repository...................................................... OK
Tag post-fix revision...................................................... OK
sed: can't read /work/Closure_127b/lib/rhino/src/mozilla/js/rhino/build.properties: No such file or directory
sed: can't read /work/Closure_127b/lib/rhino/src/mozilla/js/rhino/build.properties: No such file or directory
Run post-checkout hook..................................................... OK
Excluding broken/flaky tests............................................... OK
Excluding broken/flaky tests............................................... OK
Initialize fixed program version........................................... OK
Apply patch................................................................ OK
Initialize buggy program version........................................... OK
Diff 211dc016:437a9e47..................................................... OK
Apply patch................................................................ OK
Tag pre-fix revision....................................................... OK
Check out program version: Closure-127b.................................... OK

[exit=0 timeout=False time=3.3s]

$ defects4j compile -w /work/Closure_127b
Running ant (compile)...................................................... OK
Running ant (compile.tests)................................................ OK

[exit=0 timeout=False time=14.3s]

$ java -Djava.awt.headless=true -cp /opt/defects4j/framework/projects/lib/junit-4.12-hamcrest-1.3.jar:/opt/evosuite/evosuite-1.2.0.jar:/work/Closure_127f/build/classes:/work/Closure_127f/lib/args4j.jar:/work/Closure_127f/lib/guava.jar:/work/Closure_127f/lib/json.jar:/work/Closure_127f/lib/jsr305.jar:/work/Closure_127f/lib/protobuf-java.jar:/work/Closure_127f/build/lib/rhino.jar:/work/Closure_127f/lib/ant.jar:/work/Closure_127f/lib/ant-launcher.jar:/work/Closure_127f/lib/caja-r4314.jar:/work/Closure_127f/lib/jarjar.jar:/work/Closure_127f/build/test org.evosuite.EvoSuite -generateSuite -class com.google.javascript.jscomp.UnreachableCodeElimination -projectCP /opt/defects4j/framework/projects/lib/junit-4.12-hamcrest-1.3.jar:/work/Closure_127f/build/classes:/work/Closure_127f/lib/args4j.jar:/work/Closure_127f/lib/guava.jar:/work/Closure_127f/lib/json.jar:/work/Closure_127f/lib/jsr305.jar:/work/Closure_127f/lib/protobuf-java.jar:/work/Closure_127f/build/lib/rhino.jar:/work/Closure_127f/lib/ant.jar:/work/Closure_127f/lib/ant-launcher.jar:/work/Closure_127f/lib/caja-r4314.jar:/work/Closure_127f/lib/jarjar.jar:/work/Closure_127f/build/test -Dcriterion=LINE:BRANCH:EXCEPTION -Dsearch_budget=60 -seed 1 -Dtest_dir=/work/evo_out/Closure_127f/budget60_seed1/tests -Dreport_dir=/work/evo_out/Closure_127f/budget60_seed1/report
* EvoSuite 1.2.0
* Going to generate test cases for class: com.google.javascript.jscomp.UnreachableCodeElimination
* Starting Client-0
* Connecting to master process on port 9922
* Analyzing classpath: 
  - /opt/defects4j/framework/projects/lib/junit-4.12-hamcrest-1.3.jar
  - /work/Closure_127f/build/classes
  - /work/Closure_127f/lib/args4j.jar
  - /work/Closure_127f/lib/guava.jar
  - /work/Closure_127f/lib/json.jar
  - /work/Closure_127f/lib/jsr305.jar
  - /work/Closure_127f/lib/protobuf-java.jar
  - /work/Closure_127f/build/lib/rhino.jar
  - /work/Closure_127f/lib/ant.jar
  - /work/Closure_127f/lib/ant-launcher.jar
  - /work/Closure_127f/lib/caja-r4314.jar
  - /work/Closure_127f/lib/jarjar.jar
  - /work/Closure_127f/build/test
[MASTER] 09:28:13.243 [logback-1] WARN  InheritanceTree - Class not in inheritance graph: java.util.Locale$IsoCountryCode
[MASTER] 09:28:13.256 [logback-1] WARN  InheritanceTree - Class not in inheritance graph: java.io.ObjectInputFilter
[MASTER] 09:28:13.812 [logback-1] WARN  InheritanceTree - Class not in inheritance graph: java.lang.module.ModuleFinder
* Finished analyzing classpath
* Generating tests for class com.google.javascript.jscomp.UnreachableCodeElimination
* Test criteria:
  - Line Coverage
  - Branch Coverage
  - Exception
* Setting up search algorithm for whole suite generation
* Total number of test goals: 
  - Line 82
  - Branch 85
  - Exception 0

[Progress:>                             0%] [Cov:>                                  0%]* Using seed 1
* Starting evolution

[Progress:===>                          10%] [Cov:>                                  1%]
[Progress:===>                          10%] [Cov:>                                  2%]
[Progress:===>                          10%] [Cov:============>                      35%]
[Progress:===>                          10%] [Cov:============>                      36%]
[Progress:===>                          10%] [Cov:============>                      37%][MASTER] 09:28:21.363 [logback-1] WARN  MSecurityManager - SUT asked for a runtime permission that EvoSuite does not recognize: getStackWalkerWithClassReference

[Progress:===>                          11%] [Cov:>                                  2%]
[Progress:===>                          11%] [Cov:=>                                 3%]
[Progress:===>                          11%] [Cov:============>                      36%]
[Progress:===>                          11%] [Cov:============>                      37%]
[Progress:======>                       20%] [Cov:>                                  2%]
[Progress:======>                       20%] [Cov:=>                                 4%]
[Progress:======>                       20%] [Cov:============>                      37%]
[Progress:========>                     28%] [Cov:>                                  2%]
[Progress:========>                     28%] [Cov:=>                                 4%]
[Progress:========>                     28%] [Cov:============>                      37%]
[Progress:==========>                   36%] [Cov:>                                  1%]
[Progress:==========>                   36%] [Cov:>                                  2%]
[Progress:==========>                   36%] [Cov:============>                      35%]
[Progress:==========>                   36%] [Cov:============>                      37%]
[Progress:==========>                   36%] [Cov:============>                      37%]
[Progress:===========>                  38%] [Cov:===========>                       34%]
[Progress:===========>                  38%] [Cov:============>                      35%]
[Progress:=============>                46%] [Cov:============>                      37%]
[Progress:=============>                46%] [Cov:============>                      37%]
[Progress:=============>                46%] [Cov:============>                      37%]
[Progress:=============>                46%] [Cov:============>                      37%]
[Progress:=============>                46%] [Cov:============>                      37%]
[Progress:=============>                46%] [Cov:============>                      37%]
[Progress:=============>                46%] [Cov:============>                      37%]
[Progress:=============>                46%] [Cov:============>                      37%]
[Progress:=============>                46%] [Cov:============>                      37%]
[Progress:=============>                46%] [Cov:============>                      37%]
[Progress:==============>               48%] [Cov:============>                      37%]
[Progress:==============>               48%] [Cov:============>                      37%]
[Progress:==============>               48%] [Cov:============>                      37%]
[Progress:================>             56%] [Cov:============>                      37%]
[Progress:================>             56%] [Cov:============>                      37%]
[Progress:================>             56%] [Cov:============>                      37%]
[Progress:================>             56%] [Cov:============>                      37%]
[Progress:================>             56%] [Cov:============>                      37%]
[Progress:================>             56%] [Cov:============>                      37%]
[Progress:================>             56%] [Cov:============>                      37%]
[Progress:================>             56%] [Cov:============>                      37%]
[Progress:================>             56%] [Cov:============>                      37%]
[Progress:===================>          65%] [Cov:============>                      37%]
[Progress:===================>          65%] [Cov:============>                      37%]
[Progress:===================>          65%] [Cov:============>                      37%]
[Progress:===================>          65%] [Cov:============>                      37%]
[Progress:===================>          65%] [Cov:============>                      37%]
[Progress:===================>          65%] [Cov:============>                      37%]
[Progress:===================>          65%] [Cov:============>                      37%]
[Progress:===================>          65%] [Cov:============>                      37%]
[Progress:===================>          66%] [Cov:============>                      37%]
[Progress:===================>          66%] [Cov:============>                      37%]
[Progress:===================>          66%] [Cov:============>                      37%]
[Progress:===================>          66%] [Cov:============>                      37%]
[Progress:===================>          66%] [Cov:============>                      37%]
[Progress:===================>          66%] [Cov:============>                      37%]
[Progress:======================>       75%] [Cov:============>                      37%]
[Progress:======================>       75%] [Cov:============>                      37%]
[Progress:======================>       75%] [Cov:============>                      37%]
[Progress:======================>       75%] [Cov:============>                      37%]
[Progress:======================>       75%] [Cov:============>                      37%]
[Progress:======================>       75%] [Cov:============>                      37%]
[Progress:========================>     83%] [Cov:============>                      37%]
[Progress:========================>     83%] [Cov:============>                      37%]
[Progress:========================>     83%] [Cov:============>                      37%]
[Progress:===========================>  91%] [Cov:============>                      37%]
[Progress:===========================>  91%] [Cov:============>                      37%]
[Progress:===========================>  91%] [Cov:============>                      37%]
[Progress:===========================>  91%] [Cov:============>                      37%]
[Progress:===========================>  91%] [Cov:============>                      37%]
[Progress:===========================>  91%] [Cov:============>                      37%]
[Progress:===========================>  91%] [Cov:============>                      37%]
[Progress:===========================>  91%] [Cov:============>                      37%]
[Progress:===========================>  93%] [Cov:============>                      37%]
[Progress:===========================>  93%] [Cov:============>                      37%]
[Progress:===========================>  93%] [Cov:============>                      37%]
[Progress:===========================>  93%] [Cov:============>                      37%]
[Progress:===========================>  93%] [Cov:============>                      37%]
[Progress:===========================>  93%] [Cov:============>                      37%]
[Progress:===========================>  93%] [Cov:============>                      37%]
[Progress:===========================>  93%] [Cov:============>                      37%]
[Progress:===========================>  93%] [Cov:============>                      37%]
[Progress:===========================>  93%] [Cov:============>                      37%]
[Progress:==============================100%] [Cov:============>                      37%]
[Progress:==============================100%] [Cov:============>                      37%]
* Search finished after 61s and 55 generations, 13209 statements, best individual has fitness: 152.48684210526315
* Minimizing test suite
* Going to analyze the coverage criteria
* Coverage analysis for criterion LINE
* Coverage of criterion LINE: 9%
* Total number of goals: 82
* Number of covered goals: 7
* Coverage analysis for criterion BRANCH
* Coverage of criterion BRANCH: 4%
* Total number of goals: 85
* Number of covered goals: 3
* Coverage analysis for criterion EXCEPTION
* Coverage of criterion EXCEPTION: 100%
* Total number of goals: 1
* Number of covered goals: 1
* Generated 1 tests with total length 3
* Resulting test suite's coverage: 37% (average coverage for all fitness functions)
* Generating assertions
* Resulting test suite's mutation score: 0%
* Compiling and checking tests
* Permissions denied during test execution: 
  - java.lang.RuntimePermission: 
         getStackWalkerWithClassReference: 1
         writeFileDescriptor: 3
* Writing tests to file
* Writing JUnit test case 'UnreachableCodeElimination_ESTest' to /work/evo_out/Closure_127f/budget60_seed1/tests
* Done!

* Computation finished

[exit=0 timeout=False time=69.0s]

$ javac -nowarn -cp /work/Closure_127f/build/classes:/opt/defects4j/framework/projects/lib/junit-4.12-hamcrest-1.3.jar:/work/Closure_127f/build/classes:/work/Closure_127f/lib/args4j.jar:/work/Closure_127f/lib/guava.jar:/work/Closure_127f/lib/json.jar:/work/Closure_127f/lib/jsr305.jar:/work/Closure_127f/lib/protobuf-java.jar:/work/Closure_127f/build/lib/rhino.jar:/work/Closure_127f/lib/ant.jar:/work/Closure_127f/lib/ant-launcher.jar:/work/Closure_127f/lib/caja-r4314.jar:/work/Closure_127f/lib/jarjar.jar:/work/Closure_127f/build/test:/opt/evosuite/evosuite-standalone-runtime-1.2.0.jar -d /work/evo_out/Closure_127f/budget60_seed1/classes /work/evo_out/Closure_127f/budget60_seed1/tests/com/google/javascript/jscomp/UnreachableCodeElimination_ESTest.java /work/evo_out/Closure_127f/budget60_seed1/tests/com/google/javascript/jscomp/UnreachableCodeElimination_ESTest_scaffolding.java

[exit=0 timeout=False time=0.7s]

$ java -jar /opt/jacoco/lib/jacococli.jar instrument /work/Closure_127f/build/classes --dest /work/evo_out/Closure_127f/budget60_seed1/instrumented
[INFO] 1387 classes instrumented to /work/evo_out/Closure_127f/budget60_seed1/instrumented.

[exit=0 timeout=False time=0.9s]

$ java -Djacoco-agent.destfile=/workspace/EvoSuite/Result_Round1/Closure_127/budget60_seed1/jacoco.exec -cp /work/evo_out/Closure_127f/budget60_seed1/instrumented:/work/evo_out/Closure_127f/budget60_seed1/classes:/opt/defects4j/framework/projects/lib/junit-4.12-hamcrest-1.3.jar:/work/Closure_127f/build/classes:/work/Closure_127f/lib/args4j.jar:/work/Closure_127f/lib/guava.jar:/work/Closure_127f/lib/json.jar:/work/Closure_127f/lib/jsr305.jar:/work/Closure_127f/lib/protobuf-java.jar:/work/Closure_127f/build/lib/rhino.jar:/work/Closure_127f/lib/ant.jar:/work/Closure_127f/lib/ant-launcher.jar:/work/Closure_127f/lib/caja-r4314.jar:/work/Closure_127f/lib/jarjar.jar:/work/Closure_127f/build/test:/opt/evosuite/evosuite-standalone-runtime-1.2.0.jar:/opt/jacoco/lib/jacocoagent.jar org.junit.runner.JUnitCore com.google.javascript.jscomp.UnreachableCodeElimination_ESTest
JUnit version 4.12
.
Time: 1.404

OK (1 test)

SLF4J: Failed to load class "org.slf4j.impl.StaticLoggerBinder".
SLF4J: Defaulting to no-operation (NOP) logger implementation
SLF4J: See http://www.slf4j.org/codes.html#StaticLoggerBinder for further details.
WARNING: An illegal reflective access operation has occurred
WARNING: Illegal reflective access by org.evosuite.runtime.GuiSupport (file:/opt/evosuite/evosuite-standalone-runtime-1.2.0.jar) to field java.awt.GraphicsEnvironment.headless
WARNING: Please consider reporting this to the maintainers of org.evosuite.runtime.GuiSupport
WARNING: Use --illegal-access=warn to enable warnings of further illegal reflective access operations
WARNING: All illegal access operations will be denied in a future release

[exit=0 timeout=False time=2.7s]

$ java -jar /opt/jacoco/lib/jacococli.jar report /workspace/EvoSuite/Result_Round1/Closure_127/budget60_seed1/jacoco.exec --classfiles /work/Closure_127f/build/classes --csv /workspace/EvoSuite/Result_Round1/Closure_127/budget60_seed1/jacoco.csv
[INFO] Loading execution data file /workspace/EvoSuite/Result_Round1/Closure_127/budget60_seed1/jacoco.exec.
[INFO] Analyzing 1190 classes.

[exit=0 timeout=False time=0.7s]

$ java -cp /work/evo_out/Closure_127f/budget60_seed1/classes:/opt/defects4j/framework/projects/lib/junit-4.12-hamcrest-1.3.jar:/work/Closure_127b/build/classes:/work/Closure_127b/lib/args4j.jar:/work/Closure_127b/lib/guava.jar:/work/Closure_127b/lib/json.jar:/work/Closure_127b/lib/jsr305.jar:/work/Closure_127b/lib/protobuf-java.jar:/work/Closure_127b/build/lib/rhino.jar:/work/Closure_127b/lib/ant.jar:/work/Closure_127b/lib/ant-launcher.jar:/work/Closure_127b/lib/caja-r4314.jar:/work/Closure_127b/lib/jarjar.jar:/work/Closure_127b/build/test:/opt/evosuite/evosuite-standalone-runtime-1.2.0.jar org.junit.runner.JUnitCore com.google.javascript.jscomp.UnreachableCodeElimination_ESTest
JUnit version 4.12
.
Time: 1.404

OK (1 test)

SLF4J: Failed to load class "org.slf4j.impl.StaticLoggerBinder".
SLF4J: Defaulting to no-operation (NOP) logger implementation
SLF4J: See http://www.slf4j.org/codes.html#StaticLoggerBinder for further details.
WARNING: An illegal reflective access operation has occurred
WARNING: Illegal reflective access by org.evosuite.runtime.GuiSupport (file:/opt/evosuite/evosuite-standalone-runtime-1.2.0.jar) to field java.awt.GraphicsEnvironment.headless
WARNING: Please consider reporting this to the maintainers of org.evosuite.runtime.GuiSupport
WARNING: Use --illegal-access=warn to enable warnings of further illegal reflective access operations
WARNING: All illegal access operations will be denied in a future release

[exit=0 timeout=False time=1.7s]
