
$ defects4j checkout -p Closure -v 21f -w /work/Closure_21f
Checking out 1787d7b2 to /work/Closure_21f................................. OK
Init local repository...................................................... OK
Tag post-fix revision...................................................... OK
sed: can't read /work/Closure_21f/lib/rhino/src/mozilla/js/rhino/build.properties: No such file or directory
sed: can't read /work/Closure_21f/lib/rhino/src/mozilla/js/rhino/build.properties: No such file or directory
Run post-checkout hook..................................................... OK
Excluding broken/flaky tests............................................... OK
Excluding broken/flaky tests............................................... OK
Initialize fixed program version........................................... OK
Apply patch................................................................ OK
Initialize buggy program version........................................... OK
Diff 1787d7b2:a9250a5a..................................................... OK
Apply patch................................................................ OK
Tag pre-fix revision....................................................... OK
Check out program version: Closure-21f..................................... OK

[exit=0 timeout=False time=3.8s]

$ defects4j compile -w /work/Closure_21f
Running ant (compile)...................................................... OK
Running ant (compile.tests)................................................ OK

[exit=0 timeout=False time=21.9s]

$ defects4j checkout -p Closure -v 21b -w /work/Closure_21b
Checking out 1787d7b2 to /work/Closure_21b................................. OK
Init local repository...................................................... OK
Tag post-fix revision...................................................... OK
sed: can't read /work/Closure_21b/lib/rhino/src/mozilla/js/rhino/build.properties: No such file or directory
sed: can't read /work/Closure_21b/lib/rhino/src/mozilla/js/rhino/build.properties: No such file or directory
Run post-checkout hook..................................................... OK
Excluding broken/flaky tests............................................... OK
Excluding broken/flaky tests............................................... OK
Initialize fixed program version........................................... OK
Apply patch................................................................ OK
Initialize buggy program version........................................... OK
Diff 1787d7b2:a9250a5a..................................................... OK
Apply patch................................................................ OK
Tag pre-fix revision....................................................... OK
Check out program version: Closure-21b..................................... OK

[exit=0 timeout=False time=4.0s]

$ defects4j compile -w /work/Closure_21b
Running ant (compile)...................................................... OK
Running ant (compile.tests)................................................ OK

[exit=0 timeout=False time=26.0s]

$ java -cp /work/jqwik_harness:/workspace/lib/jqwik/jqwik-1.7.4.jar:/workspace/lib/jqwik/jqwik-api-1.7.4.jar:/workspace/lib/jqwik/jqwik-engine-1.7.4.jar pbt.auto.Generate --targets com.google.javascript.jscomp.CheckSideEffects --fixed-cp /work/Closure_21f/build/classes:/work/Closure_21f/lib/args4j.jar:/work/Closure_21f/lib/guava.jar:/work/Closure_21f/lib/json.jar:/work/Closure_21f/lib/jsr305.jar:/work/Closure_21f/lib/protobuf-java.jar:/work/Closure_21f/build/lib/rhino.jar:/work/Closure_21f/lib/ant.jar:/work/Closure_21f/lib/ant-launcher.jar:/work/Closure_21f/lib/caja-r4314.jar:/work/Closure_21f/lib/jarjar.jar:/work/Closure_21f/lib/junit.jar:/work/Closure_21f/build/test --buggy-cp /work/Closure_21b/build/classes:/work/Closure_21b/lib/args4j.jar:/work/Closure_21b/lib/guava.jar:/work/Closure_21b/lib/json.jar:/work/Closure_21b/lib/jsr305.jar:/work/Closure_21b/lib/protobuf-java.jar:/work/Closure_21b/build/lib/rhino.jar:/work/Closure_21b/lib/ant.jar:/work/Closure_21b/lib/ant-launcher.jar:/work/Closure_21b/lib/caja-r4314.jar:/work/Closure_21b/lib/jarjar.jar:/work/Closure_21b/lib/junit.jar:/work/Closure_21b/build/test --out /workspace/jqwik/Auto/Closure_21 --max-methods 150
generated test classes: 1 / 1

[exit=0 timeout=False time=0.2s]

$ javac -nowarn -encoding UTF-8 -cp /work/Closure_21f/build/classes:/work/Closure_21f/lib/args4j.jar:/work/Closure_21f/lib/guava.jar:/work/Closure_21f/lib/json.jar:/work/Closure_21f/lib/jsr305.jar:/work/Closure_21f/lib/protobuf-java.jar:/work/Closure_21f/build/lib/rhino.jar:/work/Closure_21f/lib/ant.jar:/work/Closure_21f/lib/ant-launcher.jar:/work/Closure_21f/lib/caja-r4314.jar:/work/Closure_21f/lib/jarjar.jar:/work/Closure_21f/lib/junit.jar:/work/Closure_21f/build/test:/work/jqwik_harness:/workspace/lib/jqwik/jqwik-1.7.4.jar:/workspace/lib/jqwik/jqwik-api-1.7.4.jar:/workspace/lib/jqwik/jqwik-engine-1.7.4.jar -d /work/jqwik_out/Closure_21/auto_round1_tries200_seed1/classes_f /workspace/jqwik/Auto/Closure_21/com/google/javascript/jscomp/CheckSideEffects_AutoPbtTest.java

[exit=0 timeout=False time=1.0s]

$ javac -nowarn -encoding UTF-8 -cp /work/Closure_21b/build/classes:/work/Closure_21b/lib/args4j.jar:/work/Closure_21b/lib/guava.jar:/work/Closure_21b/lib/json.jar:/work/Closure_21b/lib/jsr305.jar:/work/Closure_21b/lib/protobuf-java.jar:/work/Closure_21b/build/lib/rhino.jar:/work/Closure_21b/lib/ant.jar:/work/Closure_21b/lib/ant-launcher.jar:/work/Closure_21b/lib/caja-r4314.jar:/work/Closure_21b/lib/jarjar.jar:/work/Closure_21b/lib/junit.jar:/work/Closure_21b/build/test:/work/jqwik_harness:/workspace/lib/jqwik/jqwik-1.7.4.jar:/workspace/lib/jqwik/jqwik-api-1.7.4.jar:/workspace/lib/jqwik/jqwik-engine-1.7.4.jar -d /work/jqwik_out/Closure_21/auto_round1_tries200_seed1/classes_b /workspace/jqwik/Auto/Closure_21/com/google/javascript/jscomp/CheckSideEffects_AutoPbtTest.java

[exit=0 timeout=False time=1.2s]

$ java -Djava.awt.headless=true -Xss4m -Xmx1g -Dpbt.seed=1 -Dpbt.tries=200 -Dpbt.snapshot.dir=/work/jqwik_out/Closure_21/auto_round1_tries200_seed1/snapshots -Dpbt.propertyBudgetMs=5000 -Dpbt.mask=/work/Closure_21f:/work/Closure_21b:/work/jqwik_out/Closure_21/auto_round1_tries200_seed1/classes_f:/work/jqwik_out/Closure_21/auto_round1_tries200_seed1/classes_b -Dpbt.mode=record -jar /workspace/lib/jqwik/junit-platform-console-standalone-1.9.3.jar --disable-banner --details tree --class-path /work/jqwik_out/Closure_21/auto_round1_tries200_seed1/classes_f:/work/Closure_21f/build/classes:/work/Closure_21f/lib/args4j.jar:/work/Closure_21f/lib/guava.jar:/work/Closure_21f/lib/json.jar:/work/Closure_21f/lib/jsr305.jar:/work/Closure_21f/lib/protobuf-java.jar:/work/Closure_21f/build/lib/rhino.jar:/work/Closure_21f/lib/ant.jar:/work/Closure_21f/lib/ant-launcher.jar:/work/Closure_21f/lib/caja-r4314.jar:/work/Closure_21f/lib/jarjar.jar:/work/Closure_21f/lib/junit.jar:/work/Closure_21f/build/test:/work/jqwik_harness:/workspace/lib/jqwik/jqwik-1.7.4.jar:/workspace/lib/jqwik/jqwik-api-1.7.4.jar:/workspace/lib/jqwik/jqwik-engine-1.7.4.jar --scan-class-path /work/jqwik_out/Closure_21/auto_round1_tries200_seed1/classes_f --include-classname .* --include-engine jqwik --config jqwik.database=/workspace/jqwik/Result_auto_Round1/Closure_21/tries200_seed1/reports_record/jqwik-database --config jqwik.tries.default=200 --reports-dir /workspace/jqwik/Result_auto_Round1/Closure_21/tries200_seed1/reports_record
timestamp = 2026-09-30T21:03:58.666623, CheckSideEffects AutoPbtTest:m000 hotSwapScript = 
                              |-----------------------jqwik-----------------------
tries = 200                   | # of calls to property
checks = 200                  | # of not rejected calls
generation = RANDOMIZED       | parameters are randomly generated
after-failure = SAMPLE_FIRST  | try previously failed sample, then previous seed
when-fixed-seed = ALLOW       | fixing the random seed is allowed
edge-cases#mode = NONE        | edge cases are not explicitly generated
seed = 1                      | random seed to reproduce generated values


timestamp = 2026-09-30T21:03:58.817217, CheckSideEffects AutoPbtTest:m001 process = 
                              |-----------------------jqwik-----------------------
tries = 200                   | # of calls to property
checks = 200                  | # of not rejected calls
generation = RANDOMIZED       | parameters are randomly generated
after-failure = SAMPLE_FIRST  | try previously failed sample, then previous seed
when-fixed-seed = ALLOW       | fixing the random seed is allowed
edge-cases#mode = NONE        | edge cases are not explicitly generated
seed = 1                      | random seed to reproduce generated values


timestamp = 2026-09-30T21:03:58.952321, CheckSideEffects AutoPbtTest:m002 visit = 
                              |-----------------------jqwik-----------------------
tries = 200                   | # of calls to property
checks = 200                  | # of not rejected calls
generation = RANDOMIZED       | parameters are randomly generated
after-failure = SAMPLE_FIRST  | try previously failed sample, then previous seed
when-fixed-seed = ALLOW       | fixing the random seed is allowed
edge-cases#mode = NONE        | edge cases are not explicitly generated
seed = 1                      | random seed to reproduce generated values


[36m╷[0m
[36m└─[0m [36mjqwik (JUnit Platform)[0m [32m✔[0m
[36m   └─[0m [36mCheckSideEffects AutoPbtTest[0m [32m✔[0m
[36m      ├─[0m [34mm000 hotSwapScript[0m [32m✔[0m
[36m      ├─[0m [34mm001 process[0m [32m✔[0m
[36m      └─[0m [34mm002 visit[0m [32m✔[0m

Test run finished after 1914 ms
[         2 containers found      ]
[         0 containers skipped    ]
[         2 containers started    ]
[         0 containers aborted    ]
[         2 containers successful ]
[         0 containers failed     ]
[         3 tests found           ]
[         0 tests skipped         ]
[         3 tests started         ]
[         0 tests aborted         ]
[         3 tests successful      ]
[         0 tests failed          ]


[exit=0 timeout=False time=3.9s]

$ java -Djava.awt.headless=true -Xss4m -Xmx1g -Dpbt.seed=1 -Dpbt.tries=200 -Dpbt.snapshot.dir=/work/jqwik_out/Closure_21/auto_round1_tries200_seed1/snapshots -Dpbt.propertyBudgetMs=5000 -Dpbt.mask=/work/Closure_21f:/work/Closure_21b:/work/jqwik_out/Closure_21/auto_round1_tries200_seed1/classes_f:/work/jqwik_out/Closure_21/auto_round1_tries200_seed1/classes_b -Dpbt.mode=check -javaagent:/opt/jacoco/lib/jacocoagent.jar=destfile=/workspace/jqwik/Result_auto_Round1/Closure_21/tries200_seed1/jacoco.exec -jar /workspace/lib/jqwik/junit-platform-console-standalone-1.9.3.jar --disable-banner --details tree --class-path /work/jqwik_out/Closure_21/auto_round1_tries200_seed1/classes_f:/work/Closure_21f/build/classes:/work/Closure_21f/lib/args4j.jar:/work/Closure_21f/lib/guava.jar:/work/Closure_21f/lib/json.jar:/work/Closure_21f/lib/jsr305.jar:/work/Closure_21f/lib/protobuf-java.jar:/work/Closure_21f/build/lib/rhino.jar:/work/Closure_21f/lib/ant.jar:/work/Closure_21f/lib/ant-launcher.jar:/work/Closure_21f/lib/caja-r4314.jar:/work/Closure_21f/lib/jarjar.jar:/work/Closure_21f/lib/junit.jar:/work/Closure_21f/build/test:/work/jqwik_harness:/workspace/lib/jqwik/jqwik-1.7.4.jar:/workspace/lib/jqwik/jqwik-api-1.7.4.jar:/workspace/lib/jqwik/jqwik-engine-1.7.4.jar --scan-class-path /work/jqwik_out/Closure_21/auto_round1_tries200_seed1/classes_f --include-classname .* --include-engine jqwik --config jqwik.database=/workspace/jqwik/Result_auto_Round1/Closure_21/tries200_seed1/reports_fixed/jqwik-database --config jqwik.tries.default=200 --reports-dir /workspace/jqwik/Result_auto_Round1/Closure_21/tries200_seed1/reports_fixed
timestamp = 2026-09-30T21:04:01.486975, CheckSideEffects AutoPbtTest:m000 hotSwapScript = 
                              |-----------------------jqwik-----------------------
tries = 200                   | # of calls to property
checks = 200                  | # of not rejected calls
generation = RANDOMIZED       | parameters are randomly generated
after-failure = SAMPLE_FIRST  | try previously failed sample, then previous seed
when-fixed-seed = ALLOW       | fixing the random seed is allowed
edge-cases#mode = NONE        | edge cases are not explicitly generated
seed = 1                      | random seed to reproduce generated values


timestamp = 2026-09-30T21:04:01.697518, CheckSideEffects AutoPbtTest:m001 process = 
                              |-----------------------jqwik-----------------------
tries = 200                   | # of calls to property
checks = 200                  | # of not rejected calls
generation = RANDOMIZED       | parameters are randomly generated
after-failure = SAMPLE_FIRST  | try previously failed sample, then previous seed
when-fixed-seed = ALLOW       | fixing the random seed is allowed
edge-cases#mode = NONE        | edge cases are not explicitly generated
seed = 1                      | random seed to reproduce generated values


timestamp = 2026-09-30T21:04:01.885932, CheckSideEffects AutoPbtTest:m002 visit = 
                              |-----------------------jqwik-----------------------
tries = 200                   | # of calls to property
checks = 200                  | # of not rejected calls
generation = RANDOMIZED       | parameters are randomly generated
after-failure = SAMPLE_FIRST  | try previously failed sample, then previous seed
when-fixed-seed = ALLOW       | fixing the random seed is allowed
edge-cases#mode = NONE        | edge cases are not explicitly generated
seed = 1                      | random seed to reproduce generated values


[36m╷[0m
[36m└─[0m [36mjqwik (JUnit Platform)[0m [32m✔[0m
[36m   └─[0m [36mCheckSideEffects AutoPbtTest[0m [32m✔[0m
[36m      ├─[0m [34mm000 hotSwapScript[0m [32m✔[0m
[36m      ├─[0m [34mm001 process[0m [32m✔[0m
[36m      └─[0m [34mm002 visit[0m [32m✔[0m

Test run finished after 1605 ms
[         2 containers found      ]
[         0 containers skipped    ]
[         2 containers started    ]
[         0 containers aborted    ]
[         2 containers successful ]
[         0 containers failed     ]
[         3 tests found           ]
[         0 tests skipped         ]
[         3 tests started         ]
[         0 tests aborted         ]
[         3 tests successful      ]
[         0 tests failed          ]


[exit=0 timeout=False time=9.0s]

$ java -jar /opt/jacoco/lib/jacococli.jar report /workspace/jqwik/Result_auto_Round1/Closure_21/tries200_seed1/jacoco.exec --classfiles /work/Closure_21f/build/classes --csv /workspace/jqwik/Result_auto_Round1/Closure_21/tries200_seed1/jacoco.csv
[INFO] Loading execution data file /workspace/jqwik/Result_auto_Round1/Closure_21/tries200_seed1/jacoco.exec.
[INFO] Analyzing 1161 classes.

[exit=0 timeout=False time=0.7s]

$ java -Djava.awt.headless=true -Xss4m -Xmx1g -Dpbt.seed=1 -Dpbt.tries=200 -Dpbt.snapshot.dir=/work/jqwik_out/Closure_21/auto_round1_tries200_seed1/snapshots -Dpbt.propertyBudgetMs=5000 -Dpbt.mask=/work/Closure_21f:/work/Closure_21b:/work/jqwik_out/Closure_21/auto_round1_tries200_seed1/classes_f:/work/jqwik_out/Closure_21/auto_round1_tries200_seed1/classes_b -Dpbt.mode=check -jar /workspace/lib/jqwik/junit-platform-console-standalone-1.9.3.jar --disable-banner --details tree --class-path /work/jqwik_out/Closure_21/auto_round1_tries200_seed1/classes_b:/work/Closure_21b/build/classes:/work/Closure_21b/lib/args4j.jar:/work/Closure_21b/lib/guava.jar:/work/Closure_21b/lib/json.jar:/work/Closure_21b/lib/jsr305.jar:/work/Closure_21b/lib/protobuf-java.jar:/work/Closure_21b/build/lib/rhino.jar:/work/Closure_21b/lib/ant.jar:/work/Closure_21b/lib/ant-launcher.jar:/work/Closure_21b/lib/caja-r4314.jar:/work/Closure_21b/lib/jarjar.jar:/work/Closure_21b/lib/junit.jar:/work/Closure_21b/build/test:/work/jqwik_harness:/workspace/lib/jqwik/jqwik-1.7.4.jar:/workspace/lib/jqwik/jqwik-api-1.7.4.jar:/workspace/lib/jqwik/jqwik-engine-1.7.4.jar --scan-class-path /work/jqwik_out/Closure_21/auto_round1_tries200_seed1/classes_b --include-classname .* --include-engine jqwik --config jqwik.database=/workspace/jqwik/Result_auto_Round1/Closure_21/tries200_seed1/reports_buggy/jqwik-database --config jqwik.tries.default=200 --reports-dir /workspace/jqwik/Result_auto_Round1/Closure_21/tries200_seed1/reports_buggy
timestamp = 2026-09-30T21:04:12.097949, CheckSideEffects AutoPbtTest:m000 hotSwapScript = 
                              |-----------------------jqwik-----------------------
tries = 200                   | # of calls to property
checks = 200                  | # of not rejected calls
generation = RANDOMIZED       | parameters are randomly generated
after-failure = SAMPLE_FIRST  | try previously failed sample, then previous seed
when-fixed-seed = ALLOW       | fixing the random seed is allowed
edge-cases#mode = NONE        | edge cases are not explicitly generated
seed = 1                      | random seed to reproduce generated values


timestamp = 2026-09-30T21:04:12.355238, CheckSideEffects AutoPbtTest:m001 process = 
                              |-----------------------jqwik-----------------------
tries = 200                   | # of calls to property
checks = 200                  | # of not rejected calls
generation = RANDOMIZED       | parameters are randomly generated
after-failure = SAMPLE_FIRST  | try previously failed sample, then previous seed
when-fixed-seed = ALLOW       | fixing the random seed is allowed
edge-cases#mode = NONE        | edge cases are not explicitly generated
seed = 1                      | random seed to reproduce generated values


timestamp = 2026-09-30T21:04:12.582825, CheckSideEffects AutoPbtTest:m002 visit = 
                              |-----------------------jqwik-----------------------
tries = 200                   | # of calls to property
checks = 200                  | # of not rejected calls
generation = RANDOMIZED       | parameters are randomly generated
after-failure = SAMPLE_FIRST  | try previously failed sample, then previous seed
when-fixed-seed = ALLOW       | fixing the random seed is allowed
edge-cases#mode = NONE        | edge cases are not explicitly generated
seed = 1                      | random seed to reproduce generated values


[36m╷[0m
[36m└─[0m [36mjqwik (JUnit Platform)[0m [32m✔[0m
[36m   └─[0m [36mCheckSideEffects AutoPbtTest[0m [32m✔[0m
[36m      ├─[0m [34mm000 hotSwapScript[0m [32m✔[0m
[36m      ├─[0m [34mm001 process[0m [32m✔[0m
[36m      └─[0m [34mm002 visit[0m [32m✔[0m

Test run finished after 1790 ms
[         2 containers found      ]
[         0 containers skipped    ]
[         2 containers started    ]
[         0 containers aborted    ]
[         2 containers successful ]
[         0 containers failed     ]
[         3 tests found           ]
[         0 tests skipped         ]
[         3 tests started         ]
[         0 tests aborted         ]
[         3 tests successful      ]
[         0 tests failed          ]


[exit=0 timeout=False time=2.9s]
