
$ defects4j checkout -p Closure -v 84f -w /work/Closure_84f
Checking out 4839e1ea to /work/Closure_84f................................. OK
Init local repository...................................................... OK
Tag post-fix revision...................................................... OK
Apply patch................................................................ OK
sed: can't read /work/Closure_84f/lib/rhino/build.properties: No such file or directory
sed: can't read /work/Closure_84f/lib/rhino/build.properties: No such file or directory
sed: can't read /work/Closure_84f/lib/rhino/src/mozilla/js/rhino/build.properties: No such file or directory
sed: can't read /work/Closure_84f/lib/rhino/src/mozilla/js/rhino/build.properties: No such file or directory
Run post-checkout hook..................................................... OK
Excluding broken/flaky tests............................................... OK
Excluding broken/flaky tests............................................... OK
Initialize fixed program version........................................... OK
Apply patch................................................................ OK
Initialize buggy program version........................................... OK
Diff 4839e1ea:9f8345af..................................................... OK
Apply patch................................................................ OK
Tag pre-fix revision....................................................... OK
Check out program version: Closure-84f..................................... OK

[exit=0 timeout=False time=3.4s]

$ defects4j compile -w /work/Closure_84f
Running ant (compile)...................................................... OK
Running ant (compile.tests)................................................ OK

[exit=0 timeout=False time=8.6s]

$ defects4j checkout -p Closure -v 84b -w /work/Closure_84b
Checking out 4839e1ea to /work/Closure_84b................................. OK
Init local repository...................................................... OK
Tag post-fix revision...................................................... OK
Apply patch................................................................ OK
sed: can't read /work/Closure_84b/lib/rhino/build.properties: No such file or directory
sed: can't read /work/Closure_84b/lib/rhino/build.properties: No such file or directory
sed: can't read /work/Closure_84b/lib/rhino/src/mozilla/js/rhino/build.properties: No such file or directory
sed: can't read /work/Closure_84b/lib/rhino/src/mozilla/js/rhino/build.properties: No such file or directory
Run post-checkout hook..................................................... OK
Excluding broken/flaky tests............................................... OK
Excluding broken/flaky tests............................................... OK
Initialize fixed program version........................................... OK
Apply patch................................................................ OK
Initialize buggy program version........................................... OK
Diff 4839e1ea:9f8345af..................................................... OK
Apply patch................................................................ OK
Tag pre-fix revision....................................................... OK
Check out program version: Closure-84b..................................... OK

[exit=0 timeout=False time=3.4s]

$ defects4j compile -w /work/Closure_84b
Running ant (compile)...................................................... OK
Running ant (compile.tests)................................................ OK

[exit=0 timeout=False time=8.1s]

$ java -Djava.awt.headless=true -cp /opt/defects4j/framework/projects/lib/junit-4.12-hamcrest-1.3.jar:/opt/evosuite/evosuite-1.2.0.jar:/work/Closure_84f/build/classes:/work/Closure_84f/lib/ant-launcher.jar:/work/Closure_84f/lib/ant.jar:/work/Closure_84f/lib/args4j.jar:/work/Closure_84f/lib/caja-r4314.jar:/work/Closure_84f/lib/guava.jar:/work/Closure_84f/lib/json.jar:/work/Closure_84f/lib/jsr305.jar:/work/Closure_84f/lib/libtrunk_rhino_parser_jarjared.jar:/work/Closure_84f/lib/protobuf-java.jar:/work/Closure_84f/build/test org.evosuite.EvoSuite -generateSuite -class com.google.javascript.jscomp.parsing.IRFactory -projectCP /opt/defects4j/framework/projects/lib/junit-4.12-hamcrest-1.3.jar:/work/Closure_84f/build/classes:/work/Closure_84f/lib/ant-launcher.jar:/work/Closure_84f/lib/ant.jar:/work/Closure_84f/lib/args4j.jar:/work/Closure_84f/lib/caja-r4314.jar:/work/Closure_84f/lib/guava.jar:/work/Closure_84f/lib/json.jar:/work/Closure_84f/lib/jsr305.jar:/work/Closure_84f/lib/libtrunk_rhino_parser_jarjared.jar:/work/Closure_84f/lib/protobuf-java.jar:/work/Closure_84f/build/test -Dcriterion=LINE:BRANCH:EXCEPTION -Dsearch_budget=60 -seed 1 -Dtest_dir=/work/evo_out/Closure_84f/budget60_seed1/tests -Dreport_dir=/work/evo_out/Closure_84f/budget60_seed1/report
* EvoSuite 1.2.0
* Going to generate test cases for class: com.google.javascript.jscomp.parsing.IRFactory
* Starting Client-0
* Connecting to master process on port 9922
* Analyzing classpath: 
  - /opt/defects4j/framework/projects/lib/junit-4.12-hamcrest-1.3.jar
  - /work/Closure_84f/build/classes
  - /work/Closure_84f/lib/ant-launcher.jar
  - /work/Closure_84f/lib/ant.jar
  - /work/Closure_84f/lib/args4j.jar
  - /work/Closure_84f/lib/caja-r4314.jar
  - /work/Closure_84f/lib/guava.jar
  - /work/Closure_84f/lib/json.jar
  - /work/Closure_84f/lib/jsr305.jar
  - /work/Closure_84f/lib/libtrunk_rhino_parser_jarjared.jar
  - /work/Closure_84f/lib/protobuf-java.jar
  - /work/Closure_84f/build/test
[MASTER] 18:53:01.033 [logback-1] WARN  InheritanceTree - Class not in inheritance graph: java.util.Locale$IsoCountryCode
[MASTER] 18:53:01.263 [logback-1] WARN  InheritanceTree - Class not in inheritance graph: java.io.ObjectInputFilter
* Finished analyzing classpath
* Generating tests for class com.google.javascript.jscomp.parsing.IRFactory
* Test criteria:
  - Line Coverage
  - Branch Coverage
  - Exception
* Setting up search algorithm for whole suite generation
* Total number of test goals: 
  - Line 567
  - Branch 523
  - Exception 0

[Progress:>                             0%] [Cov:>                                  0%]* Using seed 1
* Starting evolution

[Progress:>                             1%] [Cov:=>                                 3%]
[Progress:>                             1%] [Cov:============>                      37%]
[Progress:>                             3%] [Cov:============>                      37%][MASTER] 18:53:03.600 [logback-1] WARN  TestUsageChecker - class com.google.javascript.jscomp.mozilla.rhino.ContextFactory$1GlobalSetterImpl looks like an anonymous class, ignoring it (although reflection says false) GlobalSetterImpl

[Progress:>                             3%] [Cov:=============>                     38%][MASTER] 18:53:04.196 [logback-1] WARN  TestCluster - Failed to check cache for java.util.Comparator<T> : Type points to itself

[Progress:>                             3%] [Cov:============>                      37%]
[Progress:=>                            5%] [Cov:============>                      37%]
[Progress:=>                            5%] [Cov:=============>                     38%]
[Progress:=>                            5%] [Cov:=============>                     38%]
[Progress:=>                            5%] [Cov:=============>                     38%]
[Progress:=>                            5%] [Cov:=============>                     38%]
[Progress:=>                            5%] [Cov:=============>                     38%]
[Progress:=>                            6%] [Cov:=============>                     38%]
[Progress:=>                            6%] [Cov:=============>                     38%]
[Progress:=>                            6%] [Cov:=============>                     38%]
[Progress:=>                            6%] [Cov:=============>                     39%]
[Progress:=>                            6%] [Cov:=============>                     39%]
[Progress:=>                            6%] [Cov:=============>                     39%]
[Progress:=>                            6%] [Cov:=============>                     39%]
[Progress:==>                           8%] [Cov:=============>                     39%]
[Progress:==>                           8%] [Cov:=============>                     39%]
[Progress:==>                           8%] [Cov:=============>                     39%]
[Progress:==>                           8%] [Cov:=============>                     39%]
[Progress:==>                           8%] [Cov:=============>                     39%]
[Progress:==>                           8%] [Cov:=============>                     39%]
[Progress:===>                          10%] [Cov:=============>                     39%]
[Progress:===>                          10%] [Cov:=============>                     39%]
[Progress:===>                          10%] [Cov:=============>                     39%]
[Progress:===>                          10%] [Cov:=============>                     39%]
[Progress:===>                          10%] [Cov:=============>                     39%]
[Progress:===>                          11%] [Cov:=============>                     39%]
[Progress:===>                          11%] [Cov:=============>                     39%]
[Progress:===>                          11%] [Cov:=============>                     39%]
[Progress:===>                          11%] [Cov:=============>                     39%]
[Progress:===>                          11%] [Cov:=============>                     39%]
[Progress:===>                          13%] [Cov:=============>                     39%]
[Progress:===>                          13%] [Cov:=============>                     39%]
[Progress:===>                          13%] [Cov:=============>                     39%]
[Progress:====>                         15%] [Cov:=============>                     39%]
[Progress:====>                         15%] [Cov:=============>                     39%]
[Progress:====>                         15%] [Cov:=============>                     39%]
[Progress:====>                         15%] [Cov:=============>                     39%]
[Progress:====>                         16%] [Cov:=============>                     39%]
[Progress:====>                         16%] [Cov:=============>                     39%]
[Progress:====>                         16%] [Cov:=============>                     39%]
[Progress:====>                         16%] [Cov:=============>                     39%]
[Progress:=====>                        18%] [Cov:=============>                     39%]
[Progress:=====>                        18%] [Cov:=============>                     39%]
[Progress:=====>                        18%] [Cov:=============>                     39%]
[Progress:=====>                        18%] [Cov:=============>                     39%]
[Progress:======>                       20%] [Cov:=============>                     39%]
[Progress:======>                       20%] [Cov:=============>                     39%]
[Progress:======>                       20%] [Cov:=============>                     39%]
[Progress:======>                       20%] [Cov:=============>                     39%]
[Progress:======>                       21%] [Cov:=============>                     39%]
[Progress:======>                       21%] [Cov:=============>                     39%]
[Progress:======>                       21%] [Cov:=============>                     39%]
[Progress:======>                       21%] [Cov:=============>                     39%]
[Progress:======>                       23%] [Cov:=============>                     39%]
[Progress:======>                       23%] [Cov:=============>                     39%]
[Progress:======>                       23%] [Cov:=============>                     39%]
[Progress:======>                       23%] [Cov:=============>                     39%]
[Progress:======>                       23%] [Cov:=============>                     39%]
[Progress:=======>                      25%] [Cov:=============>                     39%]
[Progress:=======>                      25%] [Cov:=============>                     39%]
[Progress:=======>                      25%] [Cov:=============>                     39%]
[Progress:=======>                      25%] [Cov:=============>                     39%]
[Progress:=======>                      26%] [Cov:=============>                     39%]
[Progress:=======>                      26%] [Cov:=============>                     39%]
[Progress:=======>                      26%] [Cov:=============>                     39%]
[Progress:=======>                      26%] [Cov:=============>                     39%]
[Progress:=======>                      26%] [Cov:=============>                     39%]
[Progress:========>                     28%] [Cov:=============>                     39%]
[Progress:========>                     28%] [Cov:=============>                     39%]
[Progress:========>                     28%] [Cov:=============>                     39%]
[Progress:========>                     28%] [Cov:=============>                     39%]
[Progress:========>                     28%] [Cov:=============>                     39%]
[Progress:=========>                    30%] [Cov:=============>                     39%]
[Progress:=========>                    30%] [Cov:=============>                     39%]
[Progress:=========>                    31%] [Cov:=============>                     39%]
[Progress:=========>                    31%] [Cov:=============>                     39%]
[Progress:=========>                    31%] [Cov:=============>                     39%]
[Progress:=========>                    31%] [Cov:=============>                     39%]
[Progress:=========>                    33%] [Cov:=============>                     39%]
[Progress:=========>                    33%] [Cov:=============>                     39%]
[Progress:=========>                    33%] [Cov:=============>                     39%]
[Progress:=========>                    33%] [Cov:=============>                     39%]
[Progress:==========>                   35%] [Cov:=============>                     39%]
[Progress:==========>                   35%] [Cov:=============>                     39%]
[Progress:==========>                   35%] [Cov:=============>                     39%]
[Progress:==========>                   35%] [Cov:==============>                    40%]
[Progress:==========>                   35%] [Cov:==============>                    40%]
[Progress:==========>                   35%] [Cov:==============>                    40%]
[Progress:==========>                   36%] [Cov:==============>                    40%]
[Progress:==========>                   36%] [Cov:==============>                    40%]
[Progress:==========>                   36%] [Cov:==============>                    40%]
[Progress:==========>                   36%] [Cov:==============>                    40%]
[Progress:===========>                  38%] [Cov:==============>                    40%]
[Progress:===========>                  38%] [Cov:==============>                    40%]
[Progress:===========>                  38%] [Cov:==============>                    40%]
[Progress:===========>                  38%] [Cov:==============>                    40%]
[Progress:============>                 40%] [Cov:==============>                    40%]
[Progress:============>                 40%] [Cov:==============>                    40%]
[Progress:============>                 40%] [Cov:==============>                    40%]
[Progress:============>                 40%] [Cov:==============>                    40%]
[Progress:============>                 41%] [Cov:==============>                    40%]
[Progress:============>                 41%] [Cov:==============>                    40%]
[Progress:============>                 41%] [Cov:=================>                 51%]
[Progress:============>                 41%] [Cov:=================>                 51%]
[Progress:============>                 43%] [Cov:=================>                 51%]
[Progress:============>                 43%] [Cov:=================>                 51%]
[Progress:============>                 43%] [Cov:=================>                 51%]
[Progress:============>                 43%] [Cov:=================>                 51%]
[Progress:============>                 43%] [Cov:=================>                 51%]
[Progress:=============>                45%] [Cov:=================>                 51%]
[Progress:=============>                45%] [Cov:=================>                 51%]
[Progress:=============>                46%] [Cov:=================>                 51%]
[Progress:=============>                46%] [Cov:=================>                 51%]
[Progress:==============>               48%] [Cov:=================>                 51%]
[Progress:==============>               48%] [Cov:=================>                 51%]
[Progress:===============>              50%] [Cov:=================>                 51%]
[Progress:===============>              51%] [Cov:=================>                 51%]
[Progress:===============>              53%] [Cov:=================>                 51%]
[Progress:================>             55%] [Cov:=================>                 51%]
[Progress:================>             56%] [Cov:=================>                 51%]
[Progress:=================>            58%] [Cov:=================>                 51%]
[Progress:==================>           60%] [Cov:=================>                 51%]
[Progress:==================>           61%] [Cov:=================>                 51%]
[Progress:==================>           63%] [Cov:=================>                 51%]
[Progress:===================>          65%] [Cov:=================>                 51%]
[Progress:===================>          66%] [Cov:=================>                 51%]
[Progress:====================>         68%] [Cov:=================>                 51%]
[Progress:=====================>        70%] [Cov:=================>                 51%]
[Progress:=====================>        71%] [Cov:=================>                 51%]
[Progress:=====================>        71%] [Cov:=================>                 51%]
[Progress:=====================>        73%] [Cov:=================>                 51%]
[Progress:======================>       75%] [Cov:=================>                 51%]
[Progress:======================>       76%] [Cov:=================>                 51%]
[Progress:=======================>      78%] [Cov:=================>                 51%]
[Progress:========================>     80%] [Cov:=================>                 51%]
[Progress:========================>     81%] [Cov:=================>                 51%]
[Progress:========================>     83%] [Cov:=================>                 51%]
[Progress:=========================>    85%] [Cov:=================>                 51%]
[Progress:=========================>    85%] [Cov:=================>                 51%]
[Progress:=========================>    86%] [Cov:=================>                 51%]
[Progress:==========================>   88%] [Cov:=================>                 51%]
[Progress:===========================>  90%] [Cov:=================>                 51%]
[Progress:===========================>  91%] [Cov:=================>                 51%]
[Progress:===========================>  93%] [Cov:=================>                 51%]
[Progress:===========================>  93%] [Cov:=================>                 51%]
[Progress:============================> 95%] [Cov:=================>                 51%]
[Progress:============================> 96%] [Cov:=================>                 51%]
[Progress:=============================>98%] [Cov:=================>                 51%]
[Progress:==============================100%] [Cov:=================>                 51%]
[Progress:==============================100%] [Cov:=================>                 51%]
[Progress:==============================100%] [Cov:=================>                 51%]
[Progress:==============================100%] [Cov:=================>                 51%]
* Search finished after 62s and 96 generations, 47832 statements, best individual has fitness: 562.5421010166873
* Minimizing test suite
* Going to analyze the coverage criteria
* Coverage analysis for criterion LINE
* Coverage of criterion LINE: 17%
* Total number of goals: 567
* Number of covered goals: 98
* Coverage analysis for criterion BRANCH
* Coverage of criterion BRANCH: 37%
* Total number of goals: 523
* Number of covered goals: 196
* Coverage analysis for criterion EXCEPTION
* Coverage of criterion EXCEPTION: 100%
* Total number of goals: 7
* Number of covered goals: 7
* Generated 15 tests with total length 91
* Resulting test suite's coverage: 52% (average coverage for all fitness functions)
* Generating assertions
* Resulting test suite's mutation score: 2%
* Compiling and checking tests
* Permissions denied during test execution: 
  - java.lang.RuntimePermission: 
         writeFileDescriptor: 1
* Writing tests to file
* Writing JUnit test case 'IRFactory_ESTest' to /work/evo_out/Closure_84f/budget60_seed1/tests
* Done!

* Computation finished

[exit=0 timeout=False time=108.5s]

$ javac -nowarn -cp /work/Closure_84f/build/classes:/opt/defects4j/framework/projects/lib/junit-4.12-hamcrest-1.3.jar:/work/Closure_84f/build/classes:/work/Closure_84f/lib/ant-launcher.jar:/work/Closure_84f/lib/ant.jar:/work/Closure_84f/lib/args4j.jar:/work/Closure_84f/lib/caja-r4314.jar:/work/Closure_84f/lib/guava.jar:/work/Closure_84f/lib/json.jar:/work/Closure_84f/lib/jsr305.jar:/work/Closure_84f/lib/libtrunk_rhino_parser_jarjared.jar:/work/Closure_84f/lib/protobuf-java.jar:/work/Closure_84f/build/test:/opt/evosuite/evosuite-standalone-runtime-1.2.0.jar -d /work/evo_out/Closure_84f/budget60_seed1/classes /work/evo_out/Closure_84f/budget60_seed1/tests/com/google/javascript/jscomp/parsing/IRFactory_ESTest.java /work/evo_out/Closure_84f/budget60_seed1/tests/com/google/javascript/jscomp/parsing/IRFactory_ESTest_scaffolding.java
Note: /work/evo_out/Closure_84f/budget60_seed1/tests/com/google/javascript/jscomp/parsing/IRFactory_ESTest.java uses or overrides a deprecated API.
Note: Recompile with -Xlint:deprecation for details.

[exit=0 timeout=False time=0.7s]

$ java -jar /opt/jacoco/lib/jacococli.jar instrument /work/Closure_84f/build/classes --dest /work/evo_out/Closure_84f/budget60_seed1/instrumented
[INFO] 1167 classes instrumented to /work/evo_out/Closure_84f/budget60_seed1/instrumented.

[exit=0 timeout=False time=0.7s]

$ java -Djacoco-agent.destfile=/workspace/EvoSuite/Result_Round1/Closure_84/budget60_seed1/jacoco.exec -cp /work/evo_out/Closure_84f/budget60_seed1/instrumented:/work/evo_out/Closure_84f/budget60_seed1/classes:/opt/defects4j/framework/projects/lib/junit-4.12-hamcrest-1.3.jar:/work/Closure_84f/build/classes:/work/Closure_84f/lib/ant-launcher.jar:/work/Closure_84f/lib/ant.jar:/work/Closure_84f/lib/args4j.jar:/work/Closure_84f/lib/caja-r4314.jar:/work/Closure_84f/lib/guava.jar:/work/Closure_84f/lib/json.jar:/work/Closure_84f/lib/jsr305.jar:/work/Closure_84f/lib/libtrunk_rhino_parser_jarjared.jar:/work/Closure_84f/lib/protobuf-java.jar:/work/Closure_84f/build/test:/opt/evosuite/evosuite-standalone-runtime-1.2.0.jar:/opt/jacoco/lib/jacocoagent.jar org.junit.runner.JUnitCore com.google.javascript.jscomp.parsing.IRFactory_ESTest
JUnit version 4.12
...............
Time: 1.149

OK (15 tests)

SLF4J: Failed to load class "org.slf4j.impl.StaticLoggerBinder".
SLF4J: Defaulting to no-operation (NOP) logger implementation
SLF4J: See http://www.slf4j.org/codes.html#StaticLoggerBinder for further details.
WARNING: An illegal reflective access operation has occurred
WARNING: Illegal reflective access by org.evosuite.runtime.GuiSupport (file:/opt/evosuite/evosuite-standalone-runtime-1.2.0.jar) to field java.awt.GraphicsEnvironment.headless
WARNING: Please consider reporting this to the maintainers of org.evosuite.runtime.GuiSupport
WARNING: Use --illegal-access=warn to enable warnings of further illegal reflective access operations
WARNING: All illegal access operations will be denied in a future release

[exit=0 timeout=False time=1.7s]

$ java -jar /opt/jacoco/lib/jacococli.jar report /workspace/EvoSuite/Result_Round1/Closure_84/budget60_seed1/jacoco.exec --classfiles /work/Closure_84f/build/classes --csv /workspace/EvoSuite/Result_Round1/Closure_84/budget60_seed1/jacoco.csv
[INFO] Loading execution data file /workspace/EvoSuite/Result_Round1/Closure_84/budget60_seed1/jacoco.exec.
[INFO] Analyzing 1000 classes.

[exit=0 timeout=False time=0.6s]

$ java -cp /work/evo_out/Closure_84f/budget60_seed1/classes:/opt/defects4j/framework/projects/lib/junit-4.12-hamcrest-1.3.jar:/work/Closure_84b/build/classes:/work/Closure_84b/lib/ant-launcher.jar:/work/Closure_84b/lib/ant.jar:/work/Closure_84b/lib/args4j.jar:/work/Closure_84b/lib/caja-r4314.jar:/work/Closure_84b/lib/guava.jar:/work/Closure_84b/lib/json.jar:/work/Closure_84b/lib/jsr305.jar:/work/Closure_84b/lib/libtrunk_rhino_parser_jarjared.jar:/work/Closure_84b/lib/protobuf-java.jar:/work/Closure_84b/build/test:/opt/evosuite/evosuite-standalone-runtime-1.2.0.jar org.junit.runner.JUnitCore com.google.javascript.jscomp.parsing.IRFactory_ESTest
JUnit version 4.12
...............
Time: 1.107

OK (15 tests)

SLF4J: Failed to load class "org.slf4j.impl.StaticLoggerBinder".
SLF4J: Defaulting to no-operation (NOP) logger implementation
SLF4J: See http://www.slf4j.org/codes.html#StaticLoggerBinder for further details.
WARNING: An illegal reflective access operation has occurred
WARNING: Illegal reflective access by org.evosuite.runtime.GuiSupport (file:/opt/evosuite/evosuite-standalone-runtime-1.2.0.jar) to field java.awt.GraphicsEnvironment.headless
WARNING: Please consider reporting this to the maintainers of org.evosuite.runtime.GuiSupport
WARNING: Use --illegal-access=warn to enable warnings of further illegal reflective access operations
WARNING: All illegal access operations will be denied in a future release

[exit=0 timeout=False time=1.4s]
