
$ defects4j compile -w /work/Closure_33f
Running ant (compile)...................................................... OK
Running ant (compile.tests)................................................ OK

[exit=0 timeout=False time=3.4s]

$ defects4j compile -w /work/Closure_33b
Running ant (compile)...................................................... OK
Running ant (compile.tests)................................................ OK

[exit=0 timeout=False time=3.2s]

$ java -Djava.awt.headless=true -cp /opt/defects4j/framework/projects/lib/junit-4.12-hamcrest-1.3.jar:/opt/evosuite/evosuite-1.2.0.jar:/work/Closure_33f/build/classes:/work/Closure_33f/lib/args4j.jar:/work/Closure_33f/lib/guava.jar:/work/Closure_33f/lib/json.jar:/work/Closure_33f/lib/jsr305.jar:/work/Closure_33f/lib/protobuf-java.jar:/work/Closure_33f/build/lib/rhino.jar:/work/Closure_33f/lib/ant.jar:/work/Closure_33f/lib/ant-launcher.jar:/work/Closure_33f/lib/caja-r4314.jar:/work/Closure_33f/lib/jarjar.jar:/work/Closure_33f/build/test org.evosuite.EvoSuite -generateSuite -class com.google.javascript.rhino.jstype.PrototypeObjectType -projectCP /opt/defects4j/framework/projects/lib/junit-4.12-hamcrest-1.3.jar:/work/Closure_33f/build/classes:/work/Closure_33f/lib/args4j.jar:/work/Closure_33f/lib/guava.jar:/work/Closure_33f/lib/json.jar:/work/Closure_33f/lib/jsr305.jar:/work/Closure_33f/lib/protobuf-java.jar:/work/Closure_33f/build/lib/rhino.jar:/work/Closure_33f/lib/ant.jar:/work/Closure_33f/lib/ant-launcher.jar:/work/Closure_33f/lib/caja-r4314.jar:/work/Closure_33f/lib/jarjar.jar:/work/Closure_33f/build/test -Dcriterion=LINE:BRANCH:EXCEPTION -Dsearch_budget=120 -seed 1 -Dtest_dir=/work/evo_out/Closure_33f/budget120_seed1/tests -Dreport_dir=/work/evo_out/Closure_33f/budget120_seed1/report
* EvoSuite 1.2.0
* Going to generate test cases for class: com.google.javascript.rhino.jstype.PrototypeObjectType
* Starting Client-0
* Connecting to master process on port 9922
* Analyzing classpath: 
  - /opt/defects4j/framework/projects/lib/junit-4.12-hamcrest-1.3.jar
  - /work/Closure_33f/build/classes
  - /work/Closure_33f/lib/args4j.jar
  - /work/Closure_33f/lib/guava.jar
  - /work/Closure_33f/lib/json.jar
  - /work/Closure_33f/lib/jsr305.jar
  - /work/Closure_33f/lib/protobuf-java.jar
  - /work/Closure_33f/build/lib/rhino.jar
  - /work/Closure_33f/lib/ant.jar
  - /work/Closure_33f/lib/ant-launcher.jar
  - /work/Closure_33f/lib/caja-r4314.jar
  - /work/Closure_33f/lib/jarjar.jar
  - /work/Closure_33f/build/test
[MASTER] 14:22:47.831 [logback-1] WARN  InheritanceTree - Class not in inheritance graph: java.util.Locale$IsoCountryCode
* Finished analyzing classpath
* Generating tests for class com.google.javascript.rhino.jstype.PrototypeObjectType
* Test criteria:
  - Line Coverage
  - Branch Coverage
  - Exception
* Setting up search algorithm for whole suite generation
* Total number of test goals: 
  - Line 217
  - Branch 197
  - Exception 0

[Progress:>                             0%] [Cov:>                                  0%]* Using seed 1
* Starting evolution

[Progress:>                             0%] [Cov:==>                                7%]
[Progress:>                             0%] [Cov:====>                              12%]
[Progress:>                             0%] [Cov:===============>                   45%]
[Progress:>                             0%] [Cov:==================>                54%]
[Progress:>                             0%] [Cov:===================>               57%]
[Progress:>                             1%] [Cov:==>                                6%]
[Progress:>                             1%] [Cov:===>                               11%]
[Progress:>                             1%] [Cov:===============>                   44%]
[Progress:>                             1%] [Cov:================>                  46%]
[Progress:>                             1%] [Cov:====================>              59%]
[Progress:>                             1%] [Cov:====================>              59%]
[Progress:>                             1%] [Cov:=====================>             60%]
[Progress:>                             2%] [Cov:================>                  48%]
[Progress:>                             2%] [Cov:===================>               56%]
[Progress:>                             2%] [Cov:===================>               57%]
[Progress:>                             2%] [Cov:=========================>         72%]
[Progress:>                             2%] [Cov:=========================>         72%]
[Progress:>                             2%] [Cov:=========================>         72%]
[Progress:>                             3%] [Cov:=========================>         72%]
[Progress:>                             3%] [Cov:=========================>         72%]
[Progress:>                             3%] [Cov:=========================>         72%]
[Progress:=>                            4%] [Cov:=========================>         72%]
[Progress:=>                            4%] [Cov:=========================>         72%]
[Progress:=>                            4%] [Cov:=========================>         72%]
[Progress:=>                            5%] [Cov:=========================>         72%]
[Progress:=>                            5%] [Cov:=========================>         72%]
[Progress:=>                            5%] [Cov:=========================>         72%]
[Progress:=>                            5%] [Cov:==========================>        75%]
[Progress:=>                            5%] [Cov:==========================>        76%]
[Progress:=>                            5%] [Cov:==========================>        76%]
[Progress:=>                            5%] [Cov:==========================>        76%]
[Progress:=>                            5%] [Cov:==========================>        76%]
[Progress:=>                            6%] [Cov:==========================>        76%]
[Progress:=>                            6%] [Cov:==========================>        76%]
[Progress:=>                            6%] [Cov:==========================>        76%]
[Progress:=>                            6%] [Cov:==========================>        77%]
[Progress:==>                           7%] [Cov:==========================>        76%]
[Progress:==>                           7%] [Cov:==========================>        77%]
[Progress:==>                           7%] [Cov:==========================>        77%]
[Progress:==>                           7%] [Cov:==========================>        77%]
[Progress:==>                           8%] [Cov:==========================>        77%]
[Progress:==>                           8%] [Cov:==========================>        77%]
[Progress:==>                           8%] [Cov:==========================>        77%]
[Progress:==>                           8%] [Cov:===========================>       78%]
[Progress:==>                           9%] [Cov:==========================>        77%]
[Progress:==>                           9%] [Cov:===========================>       78%]
[Progress:==>                           9%] [Cov:===========================>       79%]
[Progress:==>                           9%] [Cov:===========================>       79%]
[Progress:===>                          10%] [Cov:===========================>       79%]
[Progress:===>                          10%] [Cov:===========================>       79%]
[Progress:===>                          10%] [Cov:===========================>       79%]
[Progress:===>                          10%] [Cov:===========================>       79%]
[Progress:===>                          10%] [Cov:===========================>       79%]
[Progress:===>                          10%] [Cov:===========================>       79%]
[Progress:===>                          11%] [Cov:===========================>       79%]
[Progress:===>                          11%] [Cov:===========================>       79%]
[Progress:===>                          11%] [Cov:===========================>       79%]
[Progress:===>                          12%] [Cov:===========================>       79%]
[Progress:===>                          12%] [Cov:===========================>       79%]
[Progress:===>                          12%] [Cov:===========================>       79%]
[Progress:===>                          13%] [Cov:===========================>       79%]
[Progress:===>                          13%] [Cov:===========================>       79%]
[Progress:===>                          13%] [Cov:===========================>       79%]
[Progress:===>                          13%] [Cov:============================>      80%]
[Progress:====>                         14%] [Cov:============================>      80%]
[Progress:====>                         14%] [Cov:============================>      80%]
[Progress:====>                         15%] [Cov:============================>      80%]
[Progress:====>                         15%] [Cov:============================>      80%]
[Progress:====>                         15%] [Cov:============================>      80%]
[Progress:====>                         15%] [Cov:============================>      80%]
[Progress:====>                         15%] [Cov:============================>      80%]
[Progress:====>                         16%] [Cov:============================>      80%]
[Progress:====>                         16%] [Cov:============================>      80%]
[Progress:====>                         16%] [Cov:============================>      80%]
[Progress:====>                         16%] [Cov:============================>      80%]
[Progress:=====>                        17%] [Cov:============================>      80%]
[Progress:=====>                        17%] [Cov:============================>      80%]
[Progress:=====>                        17%] [Cov:============================>      80%]
[Progress:=====>                        18%] [Cov:============================>      80%]
[Progress:=====>                        18%] [Cov:============================>      80%]
[Progress:=====>                        18%] [Cov:============================>      81%]
[Progress:=====>                        18%] [Cov:============================>      81%]
[Progress:=====>                        19%] [Cov:============================>      81%]
[Progress:=====>                        19%] [Cov:============================>      81%]
[Progress:=====>                        19%] [Cov:============================>      81%]
[Progress:======>                       20%] [Cov:============================>      81%]
[Progress:======>                       20%] [Cov:============================>      81%]
[Progress:======>                       20%] [Cov:============================>      81%]
[Progress:======>                       20%] [Cov:============================>      81%]
[Progress:======>                       20%] [Cov:============================>      81%]
[Progress:======>                       21%] [Cov:============================>      81%]
[Progress:======>                       21%] [Cov:============================>      81%]
[Progress:======>                       21%] [Cov:============================>      81%]
[Progress:======>                       22%] [Cov:============================>      81%]
[Progress:======>                       22%] [Cov:============================>      81%]
[Progress:======>                       22%] [Cov:============================>      81%]
[Progress:======>                       23%] [Cov:============================>      81%]
[Progress:======>                       23%] [Cov:============================>      81%]
[Progress:======>                       23%] [Cov:============================>      81%]
[Progress:=======>                      24%] [Cov:============================>      81%]
[Progress:=======>                      24%] [Cov:============================>      82%]
[Progress:=======>                      24%] [Cov:============================>      82%]
[Progress:=======>                      24%] [Cov:============================>      82%]
[Progress:=======>                      25%] [Cov:============================>      82%]
[Progress:=======>                      25%] [Cov:============================>      82%]
[Progress:=======>                      25%] [Cov:============================>      82%]
[Progress:=======>                      25%] [Cov:============================>      82%]
[Progress:=======>                      25%] [Cov:============================>      82%]
[Progress:=======>                      26%] [Cov:============================>      82%]
[Progress:=======>                      26%] [Cov:============================>      82%]
[Progress:=======>                      26%] [Cov:============================>      82%]
[Progress:========>                     27%] [Cov:============================>      82%]
[Progress:========>                     27%] [Cov:============================>      82%]
[Progress:========>                     27%] [Cov:============================>      82%]
[Progress:========>                     27%] [Cov:=============================>     83%]
[Progress:========>                     28%] [Cov:============================>      82%]
[Progress:========>                     28%] [Cov:=============================>     83%]
[Progress:========>                     29%] [Cov:=============================>     83%]
[Progress:========>                     29%] [Cov:=============================>     83%]
[Progress:========>                     29%] [Cov:=============================>     83%]
[Progress:=========>                    30%] [Cov:=============================>     83%]
[Progress:=========>                    30%] [Cov:=============================>     83%]
[Progress:=========>                    30%] [Cov:=============================>     83%]
[Progress:=========>                    30%] [Cov:=============================>     83%]
[Progress:=========>                    30%] [Cov:=============================>     83%]
[Progress:=========>                    31%] [Cov:=============================>     83%]
[Progress:=========>                    31%] [Cov:=============================>     83%]
[Progress:=========>                    31%] [Cov:=============================>     83%]
[Progress:=========>                    32%] [Cov:=============================>     83%]
[Progress:=========>                    32%] [Cov:=============================>     83%]
[Progress:=========>                    32%] [Cov:=============================>     83%]
[Progress:=========>                    33%] [Cov:=============================>     83%]
[Progress:=========>                    33%] [Cov:=============================>     83%]
[Progress:=========>                    33%] [Cov:=============================>     83%]
[Progress:==========>                   34%] [Cov:=============================>     83%]
[Progress:==========>                   34%] [Cov:=============================>     83%]
[Progress:==========>                   34%] [Cov:=============================>     84%]
[Progress:==========>                   34%] [Cov:=============================>     84%]
[Progress:==========>                   35%] [Cov:=============================>     84%]
[Progress:==========>                   35%] [Cov:=============================>     84%]
[Progress:==========>                   35%] [Cov:=============================>     84%]
[Progress:==========>                   35%] [Cov:=============================>     84%]
[Progress:==========>                   35%] [Cov:=============================>     84%]
[Progress:==========>                   36%] [Cov:=============================>     84%]
[Progress:==========>                   36%] [Cov:=============================>     84%]
[Progress:==========>                   36%] [Cov:=============================>     84%]
[Progress:===========>                  37%] [Cov:=============================>     84%]
[Progress:===========>                  37%] [Cov:=============================>     84%]
[Progress:===========>                  37%] [Cov:=============================>     84%]
[Progress:===========>                  38%] [Cov:=============================>     84%]
[Progress:===========>                  38%] [Cov:=============================>     84%]
[Progress:===========>                  38%] [Cov:=============================>     84%]
[Progress:===========>                  39%] [Cov:=============================>     84%]
[Progress:===========>                  39%] [Cov:=============================>     84%]
[Progress:===========>                  39%] [Cov:=============================>     84%]
[Progress:============>                 40%] [Cov:=============================>     84%]
[Progress:============>                 40%] [Cov:=============================>     84%]
[Progress:============>                 40%] [Cov:=============================>     84%]
[Progress:============>                 40%] [Cov:=============================>     84%]
[Progress:============>                 40%] [Cov:=============================>     84%]
[Progress:============>                 40%] [Cov:=============================>     84%]
[Progress:============>                 41%] [Cov:=============================>     84%]
[Progress:============>                 41%] [Cov:=============================>     84%]
[Progress:============>                 41%] [Cov:=============================>     84%]
[Progress:============>                 42%] [Cov:=============================>     84%]
[Progress:============>                 42%] [Cov:=============================>     84%]
[Progress:============>                 42%] [Cov:=============================>     84%]
[Progress:============>                 43%] [Cov:=============================>     84%]
[Progress:============>                 43%] [Cov:=============================>     84%]
[Progress:============>                 43%] [Cov:=============================>     84%]
[Progress:=============>                44%] [Cov:=============================>     84%]
[Progress:=============>                44%] [Cov:=============================>     84%]
[Progress:=============>                44%] [Cov:=============================>     84%]
[Progress:=============>                45%] [Cov:=============================>     84%]
[Progress:=============>                45%] [Cov:=============================>     84%]
[Progress:=============>                45%] [Cov:=============================>     84%]
[Progress:=============>                45%] [Cov:=============================>     84%]
[Progress:=============>                45%] [Cov:=============================>     84%]
[Progress:=============>                46%] [Cov:=============================>     84%]
[Progress:=============>                46%] [Cov:=============================>     85%]
[Progress:=============>                46%] [Cov:=============================>     85%]
[Progress:==============>               47%] [Cov:=============================>     85%]
[Progress:==============>               47%] [Cov:=============================>     85%]
[Progress:==============>               48%] [Cov:=============================>     85%]
[Progress:==============>               48%] [Cov:=============================>     85%]
[Progress:==============>               49%] [Cov:=============================>     85%]
[Progress:==============>               49%] [Cov:=============================>     85%]
[Progress:==============>               49%] [Cov:=============================>     85%]
[Progress:===============>              50%] [Cov:=============================>     85%]
[Progress:===============>              50%] [Cov:=============================>     85%]
[Progress:===============>              50%] [Cov:=============================>     85%]
[Progress:===============>              50%] [Cov:=============================>     85%]
[Progress:===============>              50%] [Cov:=============================>     85%]
[Progress:===============>              51%] [Cov:=============================>     85%]
[Progress:===============>              51%] [Cov:=============================>     85%]
[Progress:===============>              51%] [Cov:=============================>     85%]
[Progress:===============>              52%] [Cov:=============================>     85%]
[Progress:===============>              52%] [Cov:=============================>     85%]
[Progress:===============>              52%] [Cov:=============================>     85%]
[Progress:===============>              53%] [Cov:=============================>     85%]
[Progress:===============>              53%] [Cov:=============================>     85%]
[Progress:================>             54%] [Cov:=============================>     85%]
[Progress:================>             54%] [Cov:=============================>     85%]
[Progress:================>             55%] [Cov:=============================>     85%]
[Progress:================>             55%] [Cov:=============================>     85%]
[Progress:================>             55%] [Cov:=============================>     85%]
[Progress:================>             55%] [Cov:=============================>     85%]
[Progress:================>             55%] [Cov:=============================>     85%]
[Progress:================>             56%] [Cov:=============================>     85%]
[Progress:================>             56%] [Cov:=============================>     85%]
[Progress:================>             56%] [Cov:=============================>     85%]
[Progress:=================>            57%] [Cov:=============================>     85%]
[Progress:=================>            57%] [Cov:=============================>     85%]
[Progress:=================>            57%] [Cov:=============================>     85%]
[Progress:=================>            58%] [Cov:=============================>     85%]
[Progress:=================>            58%] [Cov:=============================>     85%]
[Progress:=================>            58%] [Cov:=============================>     85%]
[Progress:=================>            59%] [Cov:=============================>     85%]
[Progress:=================>            59%] [Cov:=============================>     85%]
[Progress:=================>            59%] [Cov:=============================>     85%]
[Progress:==================>           60%] [Cov:=============================>     85%]
[Progress:==================>           60%] [Cov:=============================>     85%]
[Progress:==================>           60%] [Cov:=============================>     85%]
[Progress:==================>           60%] [Cov:=============================>     85%]
[Progress:==================>           60%] [Cov:=============================>     85%]
[Progress:==================>           60%] [Cov:=============================>     85%]
[Progress:==================>           61%] [Cov:=============================>     85%]
[Progress:==================>           61%] [Cov:=============================>     85%]
[Progress:==================>           61%] [Cov:=============================>     85%]
[Progress:==================>           62%] [Cov:=============================>     85%]
[Progress:==================>           62%] [Cov:=============================>     85%]
[Progress:==================>           62%] [Cov:=============================>     85%]
[Progress:==================>           63%] [Cov:=============================>     85%]
[Progress:==================>           63%] [Cov:=============================>     85%]
[Progress:==================>           63%] [Cov:=============================>     85%]
[Progress:===================>          64%] [Cov:=============================>     85%]
[Progress:===================>          64%] [Cov:=============================>     85%]
[Progress:===================>          64%] [Cov:=============================>     85%]
[Progress:===================>          65%] [Cov:=============================>     85%]
[Progress:===================>          65%] [Cov:=============================>     85%]
[Progress:===================>          65%] [Cov:==============================>    86%]
[Progress:===================>          65%] [Cov:==============================>    86%]
[Progress:===================>          65%] [Cov:==============================>    86%]
[Progress:===================>          66%] [Cov:==============================>    86%]
[Progress:===================>          66%] [Cov:==============================>    86%]
[Progress:===================>          66%] [Cov:==============================>    86%]
[Progress:====================>         67%] [Cov:==============================>    86%]
[Progress:====================>         67%] [Cov:==============================>    86%]
[Progress:====================>         67%] [Cov:==============================>    86%]
[Progress:====================>         68%] [Cov:==============================>    86%]
[Progress:====================>         68%] [Cov:==============================>    86%]
[Progress:====================>         68%] [Cov:==============================>    86%]
[Progress:====================>         69%] [Cov:==============================>    86%]
[Progress:====================>         69%] [Cov:==============================>    86%]
[Progress:====================>         69%] [Cov:==============================>    86%]
[Progress:=====================>        70%] [Cov:==============================>    86%]
[Progress:=====================>        70%] [Cov:==============================>    86%]
[Progress:=====================>        70%] [Cov:==============================>    86%]
[Progress:=====================>        70%] [Cov:==============================>    86%]
[Progress:=====================>        71%] [Cov:==============================>    86%]
[Progress:=====================>        71%] [Cov:==============================>    86%]
[Progress:=====================>        71%] [Cov:==============================>    86%]
[Progress:=====================>        72%] [Cov:==============================>    86%]
[Progress:=====================>        72%] [Cov:==============================>    86%]
[Progress:=====================>        72%] [Cov:==============================>    86%]
[Progress:=====================>        73%] [Cov:==============================>    86%]
[Progress:=====================>        73%] [Cov:==============================>    86%]
[Progress:=====================>        73%] [Cov:==============================>    87%]
[Progress:======================>       74%] [Cov:==============================>    87%]
[Progress:======================>       74%] [Cov:==============================>    87%]
[Progress:======================>       75%] [Cov:==============================>    87%]
[Progress:======================>       75%] [Cov:==============================>    87%]
[Progress:======================>       75%] [Cov:==============================>    87%]
[Progress:======================>       75%] [Cov:==============================>    87%]
[Progress:======================>       75%] [Cov:==============================>    87%]
[Progress:======================>       76%] [Cov:==============================>    87%]
[Progress:======================>       76%] [Cov:==============================>    87%]
[Progress:=======================>      77%] [Cov:==============================>    87%]
[Progress:=======================>      77%] [Cov:==============================>    87%]
[Progress:=======================>      77%] [Cov:==============================>    87%]
[Progress:=======================>      78%] [Cov:==============================>    87%]
[Progress:=======================>      78%] [Cov:==============================>    87%]
[Progress:=======================>      78%] [Cov:==============================>    87%]
[Progress:=======================>      79%] [Cov:==============================>    87%]
[Progress:=======================>      79%] [Cov:==============================>    87%]
[Progress:=======================>      79%] [Cov:==============================>    87%]
[Progress:========================>     80%] [Cov:==============================>    87%]
[Progress:========================>     80%] [Cov:==============================>    87%]
[Progress:========================>     80%] [Cov:==============================>    87%]
[Progress:========================>     80%] [Cov:==============================>    87%]
[Progress:========================>     80%] [Cov:==============================>    87%]
[Progress:========================>     81%] [Cov:==============================>    87%]
[Progress:========================>     81%] [Cov:==============================>    87%]
[Progress:========================>     81%] [Cov:==============================>    87%]
[Progress:========================>     82%] [Cov:==============================>    87%]
[Progress:========================>     82%] [Cov:==============================>    87%]
[Progress:========================>     82%] [Cov:==============================>    87%]
[Progress:========================>     83%] [Cov:==============================>    87%]
[Progress:========================>     83%] [Cov:==============================>    87%]
[Progress:=========================>    84%] [Cov:==============================>    87%]
[Progress:=========================>    84%] [Cov:==============================>    87%]
[Progress:=========================>    84%] [Cov:==============================>    87%]
[Progress:=========================>    85%] [Cov:==============================>    87%]
[Progress:=========================>    85%] [Cov:==============================>    87%]
[Progress:=========================>    85%] [Cov:==============================>    87%]
[Progress:=========================>    85%] [Cov:==============================>    87%]
[Progress:=========================>    85%] [Cov:==============================>    87%]
[Progress:=========================>    85%] [Cov:==============================>    87%]
[Progress:=========================>    86%] [Cov:==============================>    87%]
[Progress:=========================>    86%] [Cov:==============================>    87%]
[Progress:=========================>    86%] [Cov:==============================>    87%]
[Progress:==========================>   87%] [Cov:==============================>    87%]
[Progress:==========================>   87%] [Cov:==============================>    87%]
[Progress:==========================>   87%] [Cov:==============================>    87%]
[Progress:==========================>   88%] [Cov:==============================>    87%]
[Progress:==========================>   88%] [Cov:==============================>    87%]
[Progress:==========================>   88%] [Cov:==============================>    87%]
[Progress:==========================>   89%] [Cov:==============================>    87%]
[Progress:==========================>   89%] [Cov:==============================>    87%]
[Progress:==========================>   89%] [Cov:==============================>    87%]
[Progress:===========================>  90%] [Cov:==============================>    87%]
[Progress:===========================>  90%] [Cov:==============================>    87%]
[Progress:===========================>  90%] [Cov:==============================>    87%]
[Progress:===========================>  90%] [Cov:==============================>    87%]
[Progress:===========================>  90%] [Cov:==============================>    87%]
[Progress:===========================>  91%] [Cov:==============================>    87%]
[Progress:===========================>  91%] [Cov:==============================>    87%]
[Progress:===========================>  91%] [Cov:==============================>    87%]
[Progress:===========================>  91%] [Cov:==============================>    87%]
[Progress:===========================>  92%] [Cov:==============================>    87%]
[Progress:===========================>  92%] [Cov:==============================>    87%]
[Progress:===========================>  92%] [Cov:==============================>    87%]
[Progress:===========================>  93%] [Cov:==============================>    87%]
[Progress:===========================>  93%] [Cov:==============================>    87%]
[Progress:===========================>  93%] [Cov:==============================>    87%]
[Progress:============================> 94%] [Cov:==============================>    87%]
[Progress:============================> 94%] [Cov:==============================>    87%]
[Progress:============================> 94%] [Cov:==============================>    87%]
[Progress:============================> 95%] [Cov:==============================>    87%]
[Progress:============================> 95%] [Cov:==============================>    87%]
[Progress:============================> 95%] [Cov:==============================>    87%]
[Progress:============================> 95%] [Cov:==============================>    87%]
[Progress:============================> 95%] [Cov:==============================>    87%]
[Progress:============================> 96%] [Cov:==============================>    87%]
[Progress:============================> 96%] [Cov:==============================>    87%]
[Progress:============================> 96%] [Cov:==============================>    87%]
[Progress:=============================>97%] [Cov:==============================>    87%]
[Progress:=============================>97%] [Cov:==============================>    87%]
[Progress:=============================>97%] [Cov:==============================>    87%]
[Progress:=============================>98%] [Cov:==============================>    87%]
[Progress:=============================>98%] [Cov:==============================>    87%]
[Progress:=============================>98%] [Cov:==============================>    87%]
[Progress:=============================>99%] [Cov:==============================>    87%]
[Progress:=============================>99%] [Cov:==============================>    87%]
[Progress:=============================>99%] [Cov:==============================>    87%]
[Progress:==============================100%] [Cov:==============================>    87%]
[Progress:==============================100%] [Cov:==============================>    87%]
[Progress:==============================100%] [Cov:==============================>    87%]
[Progress:==============================100%] [Cov:==============================>    87%]
* Search finished after 122s and 244 generations, 200423 statements, best individual has fitness: 59.85763888888889
* Minimizing test suite
* Going to analyze the coverage criteria
* Coverage analysis for criterion LINE
* Coverage of criterion LINE: 86%
* Total number of goals: 217
* Number of covered goals: 186
* Coverage analysis for criterion BRANCH
* Coverage of criterion BRANCH: 78%
* Total number of goals: 197
* Number of covered goals: 154
* Coverage analysis for criterion EXCEPTION
* Coverage of criterion EXCEPTION: 100%
* Total number of goals: 17
* Number of covered goals: 17
* Generated 61 tests with total length 327
* Resulting test suite's coverage: 88% (average coverage for all fitness functions)
* Generating assertions
* Resulting test suite's mutation score: 50%
* Compiling and checking tests
[MASTER] 14:25:07.498 [logback-1] WARN  JUnitAnalyzer - Found unstable test named test0 -> class java.lang.AssertionError: Expecting exception: IllegalArgumentException
[MASTER] 14:25:07.498 [logback-1] WARN  JUnitAnalyzer - Failing test:
 SimpleErrorReporter simpleErrorReporter0 = new SimpleErrorReporter();
JSTypeRegistry jSTypeRegistry0 = new JSTypeRegistry(simpleErrorReporter0, false);
NoResolvedType noResolvedType0 = new NoResolvedType(jSTypeRegistry0);
InstanceObjectType instanceObjectType0 = new InstanceObjectType(jSTypeRegistry0, noResolvedType0, false);
JSType jSType0 = instanceObjectType0.findPropertyType("Unknown class name");
jSType0.matchesStringContext();

[MASTER] 14:25:07.665 [logback-1] WARN  JUnitAnalyzer - Found unstable test named test0 -> class java.lang.NullPointerException: null
[MASTER] 14:25:07.673 [logback-1] WARN  JUnitAnalyzer - Failing test:
 SimpleErrorReporter simpleErrorReporter0 = new SimpleErrorReporter();
JSTypeRegistry jSTypeRegistry0 = new JSTypeRegistry(simpleErrorReporter0);
NoType noType0 = new NoType(jSTypeRegistry0);
boolean boolean0 = noType0.isPropertyTypeDeclared((String) null);
assertFalse(boolean0);


[MASTER] 14:25:14.148 [logback-1] WARN  JUnitAnalyzer - Found unstable test named test0 -> class java.lang.AssertionError: Expecting exception: IllegalArgumentException
[MASTER] 14:25:14.148 [logback-1] WARN  JUnitAnalyzer - Failing test:
 SimpleErrorReporter simpleErrorReporter0 = new SimpleErrorReporter();
JSTypeRegistry jSTypeRegistry0 = new JSTypeRegistry(simpleErrorReporter0);
NoResolvedType noResolvedType0 = new NoResolvedType(jSTypeRegistry0);
UnknownType unknownType0 = (UnknownType)noResolvedType0.getPropertyType((String) null);
unknownType0.isPropertyTypeDeclared((String) null);

* Writing tests to file
* Writing JUnit test case 'PrototypeObjectType_ESTest' to /work/evo_out/Closure_33f/budget120_seed1/tests
* Done!

* Computation finished

[exit=0 timeout=False time=151.3s]

$ javac -nowarn -cp /work/Closure_33f/build/classes:/opt/defects4j/framework/projects/lib/junit-4.12-hamcrest-1.3.jar:/work/Closure_33f/build/classes:/work/Closure_33f/lib/args4j.jar:/work/Closure_33f/lib/guava.jar:/work/Closure_33f/lib/json.jar:/work/Closure_33f/lib/jsr305.jar:/work/Closure_33f/lib/protobuf-java.jar:/work/Closure_33f/build/lib/rhino.jar:/work/Closure_33f/lib/ant.jar:/work/Closure_33f/lib/ant-launcher.jar:/work/Closure_33f/lib/caja-r4314.jar:/work/Closure_33f/lib/jarjar.jar:/work/Closure_33f/build/test:/opt/evosuite/evosuite-standalone-runtime-1.2.0.jar -d /work/evo_out/Closure_33f/budget120_seed1/classes /work/evo_out/Closure_33f/budget120_seed1/tests/com/google/javascript/rhino/jstype/PrototypeObjectType_ESTest.java /work/evo_out/Closure_33f/budget120_seed1/tests/com/google/javascript/rhino/jstype/PrototypeObjectType_ESTest_scaffolding.java

[exit=0 timeout=False time=0.8s]

$ java -jar /opt/jacoco/lib/jacococli.jar instrument /work/Closure_33f/build/classes --dest /work/evo_out/Closure_33f/budget120_seed1/instrumented
[INFO] 1341 classes instrumented to /work/evo_out/Closure_33f/budget120_seed1/instrumented.

[exit=0 timeout=False time=0.9s]

$ java -Djacoco-agent.destfile=/workspace/EvoSuite/Result_Round2/Closure_33/budget120_seed1/jacoco.exec -cp /work/evo_out/Closure_33f/budget120_seed1/instrumented:/work/evo_out/Closure_33f/budget120_seed1/classes:/opt/defects4j/framework/projects/lib/junit-4.12-hamcrest-1.3.jar:/work/Closure_33f/build/classes:/work/Closure_33f/lib/args4j.jar:/work/Closure_33f/lib/guava.jar:/work/Closure_33f/lib/json.jar:/work/Closure_33f/lib/jsr305.jar:/work/Closure_33f/lib/protobuf-java.jar:/work/Closure_33f/build/lib/rhino.jar:/work/Closure_33f/lib/ant.jar:/work/Closure_33f/lib/ant-launcher.jar:/work/Closure_33f/lib/caja-r4314.jar:/work/Closure_33f/lib/jarjar.jar:/work/Closure_33f/build/test:/opt/evosuite/evosuite-standalone-runtime-1.2.0.jar:/opt/jacoco/lib/jacocoagent.jar org.junit.runner.JUnitCore com.google.javascript.rhino.jstype.PrototypeObjectType_ESTest
JUnit version 4.12
............................................................
Time: 0.825

OK (60 tests)

SLF4J: Failed to load class "org.slf4j.impl.StaticLoggerBinder".
SLF4J: Defaulting to no-operation (NOP) logger implementation
SLF4J: See http://www.slf4j.org/codes.html#StaticLoggerBinder for further details.
WARNING: An illegal reflective access operation has occurred
WARNING: Illegal reflective access by org.evosuite.runtime.GuiSupport (file:/opt/evosuite/evosuite-standalone-runtime-1.2.0.jar) to field java.awt.GraphicsEnvironment.headless
WARNING: Please consider reporting this to the maintainers of org.evosuite.runtime.GuiSupport
WARNING: Use --illegal-access=warn to enable warnings of further illegal reflective access operations
WARNING: All illegal access operations will be denied in a future release

[exit=0 timeout=False time=1.5s]

$ java -jar /opt/jacoco/lib/jacococli.jar report /workspace/EvoSuite/Result_Round2/Closure_33/budget120_seed1/jacoco.exec --classfiles /work/Closure_33f/build/classes --csv /workspace/EvoSuite/Result_Round2/Closure_33/budget120_seed1/jacoco.csv
[INFO] Loading execution data file /workspace/EvoSuite/Result_Round2/Closure_33/budget120_seed1/jacoco.exec.
[INFO] Analyzing 1144 classes.

[exit=0 timeout=False time=0.7s]

$ java -cp /work/evo_out/Closure_33f/budget120_seed1/classes:/opt/defects4j/framework/projects/lib/junit-4.12-hamcrest-1.3.jar:/work/Closure_33b/build/classes:/work/Closure_33b/lib/args4j.jar:/work/Closure_33b/lib/guava.jar:/work/Closure_33b/lib/json.jar:/work/Closure_33b/lib/jsr305.jar:/work/Closure_33b/lib/protobuf-java.jar:/work/Closure_33b/build/lib/rhino.jar:/work/Closure_33b/lib/ant.jar:/work/Closure_33b/lib/ant-launcher.jar:/work/Closure_33b/lib/caja-r4314.jar:/work/Closure_33b/lib/jarjar.jar:/work/Closure_33b/build/test:/opt/evosuite/evosuite-standalone-runtime-1.2.0.jar org.junit.runner.JUnitCore com.google.javascript.rhino.jstype.PrototypeObjectType_ESTest
JUnit version 4.12
............................................................
Time: 0.782

OK (60 tests)

SLF4J: Failed to load class "org.slf4j.impl.StaticLoggerBinder".
SLF4J: Defaulting to no-operation (NOP) logger implementation
SLF4J: See http://www.slf4j.org/codes.html#StaticLoggerBinder for further details.
WARNING: An illegal reflective access operation has occurred
WARNING: Illegal reflective access by org.evosuite.runtime.GuiSupport (file:/opt/evosuite/evosuite-standalone-runtime-1.2.0.jar) to field java.awt.GraphicsEnvironment.headless
WARNING: Please consider reporting this to the maintainers of org.evosuite.runtime.GuiSupport
WARNING: Use --illegal-access=warn to enable warnings of further illegal reflective access operations
WARNING: All illegal access operations will be denied in a future release

[exit=0 timeout=False time=1.1s]
