
$ javac -nowarn -encoding UTF-8 -cp /work/Math_28f/target/classes:/work/Math_28f/target/test-classes:/opt/defects4j/framework/projects/lib/junit-4.12-hamcrest-1.3.jar:/work/jqwik_harness:/workspace/lib/jqwik/jqwik-1.7.4.jar:/workspace/lib/jqwik/jqwik-api-1.7.4.jar:/workspace/lib/jqwik/jqwik-engine-1.7.4.jar -d /work/jqwik_out/Math_28/auto_round2_tries1000_seed2/classes_f /workspace/jqwik/Auto/Math_28/org/apache/commons/math3/optimization/linear/SimplexSolver_AutoPbtTest.java

[exit=0 timeout=False time=0.7s]

$ javac -nowarn -encoding UTF-8 -cp /work/Math_28b/target/classes:/work/Math_28b/target/test-classes:/opt/defects4j/framework/projects/lib/junit-4.12-hamcrest-1.3.jar:/work/jqwik_harness:/workspace/lib/jqwik/jqwik-1.7.4.jar:/workspace/lib/jqwik/jqwik-api-1.7.4.jar:/workspace/lib/jqwik/jqwik-engine-1.7.4.jar -d /work/jqwik_out/Math_28/auto_round2_tries1000_seed2/classes_b /workspace/jqwik/Auto/Math_28/org/apache/commons/math3/optimization/linear/SimplexSolver_AutoPbtTest.java

[exit=0 timeout=False time=0.8s]

$ java -Djava.awt.headless=true -Xss4m -Xmx1g -Dpbt.seed=2 -Dpbt.tries=1000 -Dpbt.snapshot.dir=/work/jqwik_out/Math_28/auto_round2_tries1000_seed2/snapshots -Dpbt.propertyBudgetMs=5000 -Dpbt.mask=/work/Math_28f:/work/Math_28b:/work/jqwik_out/Math_28/auto_round2_tries1000_seed2/classes_f:/work/jqwik_out/Math_28/auto_round2_tries1000_seed2/classes_b -Dpbt.mode=record -jar /workspace/lib/jqwik/junit-platform-console-standalone-1.9.3.jar --disable-banner --details tree --class-path /work/jqwik_out/Math_28/auto_round2_tries1000_seed2/classes_f:/work/Math_28f/target/classes:/work/Math_28f/target/test-classes:/opt/defects4j/framework/projects/lib/junit-4.12-hamcrest-1.3.jar:/work/jqwik_harness:/workspace/lib/jqwik/jqwik-1.7.4.jar:/workspace/lib/jqwik/jqwik-api-1.7.4.jar:/workspace/lib/jqwik/jqwik-engine-1.7.4.jar --scan-class-path /work/jqwik_out/Math_28/auto_round2_tries1000_seed2/classes_f --include-classname .* --include-engine jqwik --config jqwik.database=/workspace/jqwik/Result_auto_Round2/Math_28/tries1000_seed2/reports_record/jqwik-database --config jqwik.tries.default=1000 --reports-dir /workspace/jqwik/Result_auto_Round2/Math_28/tries1000_seed2/reports_record
timestamp = 2026-09-30T01:37:10.769740, SimplexSolver AutoPbtTest:m001 doOptimize = 
                              |-----------------------jqwik-----------------------
tries = 1000                  | # of calls to property
checks = 1000                 | # of not rejected calls
generation = RANDOMIZED       | parameters are randomly generated
after-failure = SAMPLE_FIRST  | try previously failed sample, then previous seed
when-fixed-seed = ALLOW       | fixing the random seed is allowed
edge-cases#mode = NONE        | edge cases are not explicitly generated
seed = 2                      | random seed to reproduce generated values


timestamp = 2026-09-30T01:37:11.582144, SimplexSolver AutoPbtTest:m000 doIteration = 
                              |-----------------------jqwik-----------------------
tries = 1000                  | # of calls to property
checks = 1000                 | # of not rejected calls
generation = RANDOMIZED       | parameters are randomly generated
after-failure = SAMPLE_FIRST  | try previously failed sample, then previous seed
when-fixed-seed = ALLOW       | fixing the random seed is allowed
edge-cases#mode = NONE        | edge cases are not explicitly generated
seed = 2                      | random seed to reproduce generated values


timestamp = 2026-09-30T01:37:12.009516, SimplexSolver AutoPbtTest:m002 solvePhase1 = 
                              |-----------------------jqwik-----------------------
tries = 1000                  | # of calls to property
checks = 1000                 | # of not rejected calls
generation = RANDOMIZED       | parameters are randomly generated
after-failure = SAMPLE_FIRST  | try previously failed sample, then previous seed
when-fixed-seed = ALLOW       | fixing the random seed is allowed
edge-cases#mode = NONE        | edge cases are not explicitly generated
seed = 2                      | random seed to reproduce generated values


[36m╷[0m
[36m└─[0m [36mjqwik (JUnit Platform)[0m [32m✔[0m
[36m   └─[0m [36mSimplexSolver AutoPbtTest[0m [32m✔[0m
[36m      ├─[0m [34mm001 doOptimize[0m [32m✔[0m
[36m      ├─[0m [34mm000 doIteration[0m [32m✔[0m
[36m      └─[0m [34mm002 solvePhase1[0m [32m✔[0m

Test run finished after 2086 ms
[         2 containers found      ]
[         0 containers skipped    ]
[         2 containers started    ]
[         0 containers aborted    ]
[         2 containers successful ]
[         0 containers failed     ]
[         3 tests found           ]
[         0 tests skipped         ]
[         3 tests started         ]
[         0 tests aborted         ]
[         3 tests successful      ]
[         0 tests failed          ]


[exit=0 timeout=False time=3.0s]

$ java -Djava.awt.headless=true -Xss4m -Xmx1g -Dpbt.seed=2 -Dpbt.tries=1000 -Dpbt.snapshot.dir=/work/jqwik_out/Math_28/auto_round2_tries1000_seed2/snapshots -Dpbt.propertyBudgetMs=5000 -Dpbt.mask=/work/Math_28f:/work/Math_28b:/work/jqwik_out/Math_28/auto_round2_tries1000_seed2/classes_f:/work/jqwik_out/Math_28/auto_round2_tries1000_seed2/classes_b -Dpbt.mode=check -javaagent:/opt/jacoco/lib/jacocoagent.jar=destfile=/workspace/jqwik/Result_auto_Round2/Math_28/tries1000_seed2/jacoco.exec -jar /workspace/lib/jqwik/junit-platform-console-standalone-1.9.3.jar --disable-banner --details tree --class-path /work/jqwik_out/Math_28/auto_round2_tries1000_seed2/classes_f:/work/Math_28f/target/classes:/work/Math_28f/target/test-classes:/opt/defects4j/framework/projects/lib/junit-4.12-hamcrest-1.3.jar:/work/jqwik_harness:/workspace/lib/jqwik/jqwik-1.7.4.jar:/workspace/lib/jqwik/jqwik-api-1.7.4.jar:/workspace/lib/jqwik/jqwik-engine-1.7.4.jar --scan-class-path /work/jqwik_out/Math_28/auto_round2_tries1000_seed2/classes_f --include-classname .* --include-engine jqwik --config jqwik.database=/workspace/jqwik/Result_auto_Round2/Math_28/tries1000_seed2/reports_fixed/jqwik-database --config jqwik.tries.default=1000 --reports-dir /workspace/jqwik/Result_auto_Round2/Math_28/tries1000_seed2/reports_fixed
timestamp = 2026-09-30T01:37:14.949010, SimplexSolver AutoPbtTest:m001 doOptimize = 
                              |-----------------------jqwik-----------------------
tries = 1000                  | # of calls to property
checks = 1000                 | # of not rejected calls
generation = RANDOMIZED       | parameters are randomly generated
after-failure = SAMPLE_FIRST  | try previously failed sample, then previous seed
when-fixed-seed = ALLOW       | fixing the random seed is allowed
edge-cases#mode = NONE        | edge cases are not explicitly generated
seed = 2                      | random seed to reproduce generated values


timestamp = 2026-09-30T01:37:15.933229, SimplexSolver AutoPbtTest:m000 doIteration = 
                              |-----------------------jqwik-----------------------
tries = 1000                  | # of calls to property
checks = 1000                 | # of not rejected calls
generation = RANDOMIZED       | parameters are randomly generated
after-failure = SAMPLE_FIRST  | try previously failed sample, then previous seed
when-fixed-seed = ALLOW       | fixing the random seed is allowed
edge-cases#mode = NONE        | edge cases are not explicitly generated
seed = 2                      | random seed to reproduce generated values


timestamp = 2026-09-30T01:37:16.364042, SimplexSolver AutoPbtTest:m002 solvePhase1 = 
                              |-----------------------jqwik-----------------------
tries = 1000                  | # of calls to property
checks = 1000                 | # of not rejected calls
generation = RANDOMIZED       | parameters are randomly generated
after-failure = SAMPLE_FIRST  | try previously failed sample, then previous seed
when-fixed-seed = ALLOW       | fixing the random seed is allowed
edge-cases#mode = NONE        | edge cases are not explicitly generated
seed = 2                      | random seed to reproduce generated values


[36m╷[0m
[36m└─[0m [36mjqwik (JUnit Platform)[0m [32m✔[0m
[36m   └─[0m [36mSimplexSolver AutoPbtTest[0m [32m✔[0m
[36m      ├─[0m [34mm001 doOptimize[0m [32m✔[0m
[36m      ├─[0m [34mm000 doIteration[0m [32m✔[0m
[36m      └─[0m [34mm002 solvePhase1[0m [32m✔[0m

Test run finished after 2807 ms
[         2 containers found      ]
[         0 containers skipped    ]
[         2 containers started    ]
[         0 containers aborted    ]
[         2 containers successful ]
[         0 containers failed     ]
[         3 tests found           ]
[         0 tests skipped         ]
[         3 tests started         ]
[         0 tests aborted         ]
[         3 tests successful      ]
[         0 tests failed          ]


[exit=0 timeout=False time=7.7s]

$ java -jar /opt/jacoco/lib/jacococli.jar report /workspace/jqwik/Result_auto_Round2/Math_28/tries1000_seed2/jacoco.exec --classfiles /work/Math_28f/target/classes --csv /workspace/jqwik/Result_auto_Round2/Math_28/tries1000_seed2/jacoco.csv
[INFO] Loading execution data file /workspace/jqwik/Result_auto_Round2/Math_28/tries1000_seed2/jacoco.exec.
[INFO] Analyzing 661 classes.

[exit=0 timeout=False time=0.6s]

$ java -Djava.awt.headless=true -Xss4m -Xmx1g -Dpbt.seed=2 -Dpbt.tries=1000 -Dpbt.snapshot.dir=/work/jqwik_out/Math_28/auto_round2_tries1000_seed2/snapshots -Dpbt.propertyBudgetMs=5000 -Dpbt.mask=/work/Math_28f:/work/Math_28b:/work/jqwik_out/Math_28/auto_round2_tries1000_seed2/classes_f:/work/jqwik_out/Math_28/auto_round2_tries1000_seed2/classes_b -Dpbt.mode=check -jar /workspace/lib/jqwik/junit-platform-console-standalone-1.9.3.jar --disable-banner --details tree --class-path /work/jqwik_out/Math_28/auto_round2_tries1000_seed2/classes_b:/work/Math_28b/target/classes:/work/Math_28b/target/test-classes:/opt/defects4j/framework/projects/lib/junit-4.12-hamcrest-1.3.jar:/work/jqwik_harness:/workspace/lib/jqwik/jqwik-1.7.4.jar:/workspace/lib/jqwik/jqwik-api-1.7.4.jar:/workspace/lib/jqwik/jqwik-engine-1.7.4.jar --scan-class-path /work/jqwik_out/Math_28/auto_round2_tries1000_seed2/classes_b --include-classname .* --include-engine jqwik --config jqwik.database=/workspace/jqwik/Result_auto_Round2/Math_28/tries1000_seed2/reports_buggy/jqwik-database --config jqwik.tries.default=1000 --reports-dir /workspace/jqwik/Result_auto_Round2/Math_28/tries1000_seed2/reports_buggy
timestamp = 2026-09-30T01:37:23.150242, SimplexSolver AutoPbtTest:m001 doOptimize = 
                              |-----------------------jqwik-----------------------
tries = 1000                  | # of calls to property
checks = 1000                 | # of not rejected calls
generation = RANDOMIZED       | parameters are randomly generated
after-failure = SAMPLE_FIRST  | try previously failed sample, then previous seed
when-fixed-seed = ALLOW       | fixing the random seed is allowed
edge-cases#mode = NONE        | edge cases are not explicitly generated
seed = 2                      | random seed to reproduce generated values


timestamp = 2026-09-30T01:37:23.952910, SimplexSolver AutoPbtTest:m000 doIteration = 
                              |-----------------------jqwik-----------------------
tries = 1000                  | # of calls to property
checks = 1000                 | # of not rejected calls
generation = RANDOMIZED       | parameters are randomly generated
after-failure = SAMPLE_FIRST  | try previously failed sample, then previous seed
when-fixed-seed = ALLOW       | fixing the random seed is allowed
edge-cases#mode = NONE        | edge cases are not explicitly generated
seed = 2                      | random seed to reproduce generated values


timestamp = 2026-09-30T01:37:24.337765, SimplexSolver AutoPbtTest:m002 solvePhase1 = 
                              |-----------------------jqwik-----------------------
tries = 1000                  | # of calls to property
checks = 1000                 | # of not rejected calls
generation = RANDOMIZED       | parameters are randomly generated
after-failure = SAMPLE_FIRST  | try previously failed sample, then previous seed
when-fixed-seed = ALLOW       | fixing the random seed is allowed
edge-cases#mode = NONE        | edge cases are not explicitly generated
seed = 2                      | random seed to reproduce generated values


[36m╷[0m
[36m└─[0m [36mjqwik (JUnit Platform)[0m [32m✔[0m
[36m   └─[0m [36mSimplexSolver AutoPbtTest[0m [32m✔[0m
[36m      ├─[0m [34mm001 doOptimize[0m [32m✔[0m
[36m      ├─[0m [34mm000 doIteration[0m [32m✔[0m
[36m      └─[0m [34mm002 solvePhase1[0m [32m✔[0m

Test run finished after 1974 ms
[         2 containers found      ]
[         0 containers skipped    ]
[         2 containers started    ]
[         0 containers aborted    ]
[         2 containers successful ]
[         0 containers failed     ]
[         3 tests found           ]
[         0 tests skipped         ]
[         3 tests started         ]
[         0 tests aborted         ]
[         3 tests successful      ]
[         0 tests failed          ]


[exit=0 timeout=False time=2.8s]
