
$ defects4j checkout -p Compress -v 27f -w /work/Compress_27f
Checking out 1ea7e01e to /work/Compress_27f................................ OK
Init local repository...................................................... OK
Tag post-fix revision...................................................... OK
Copy generated Ant build file.............................................. OK
Run post-checkout hook..................................................... OK
Excluding broken/flaky tests............................................... OK
Excluding broken/flaky tests............................................... OK
Backing up build file: /work/Compress_27f/maven-build.xml.................. OK
Initialize fixed program version........................................... OK
Apply patch................................................................ OK
Initialize buggy program version........................................... OK
Diff 1ea7e01e:383d9039..................................................... OK
Apply patch................................................................ OK
Tag pre-fix revision....................................................... OK
Check out program version: Compress-27f.................................... OK

[exit=0 timeout=False time=3.1s]

$ defects4j compile -w /work/Compress_27f
Running ant (compile)...................................................... OK
Running ant (compile.tests)................................................ OK

[exit=0 timeout=False time=4.4s]

$ defects4j checkout -p Compress -v 27b -w /work/Compress_27b
Checking out 1ea7e01e to /work/Compress_27b................................ OK
Init local repository...................................................... OK
Tag post-fix revision...................................................... OK
Copy generated Ant build file.............................................. OK
Run post-checkout hook..................................................... OK
Excluding broken/flaky tests............................................... OK
Excluding broken/flaky tests............................................... OK
Backing up build file: /work/Compress_27b/maven-build.xml.................. OK
Initialize fixed program version........................................... OK
Apply patch................................................................ OK
Initialize buggy program version........................................... OK
Diff 1ea7e01e:383d9039..................................................... OK
Apply patch................................................................ OK
Tag pre-fix revision....................................................... OK
Check out program version: Compress-27b.................................... OK

[exit=0 timeout=False time=2.8s]

$ defects4j compile -w /work/Compress_27b
Running ant (compile)...................................................... OK
Running ant (compile.tests)................................................ OK

[exit=0 timeout=False time=4.4s]

$ java -Djava.awt.headless=true -cp /opt/defects4j/framework/projects/lib/junit-4.12-hamcrest-1.3.jar:/opt/evosuite/evosuite-1.2.0.jar:/work/Compress_27f/target/classes:/opt/defects4j/framework/projects/Compress/lib/org/tukaani/xz/1.5/xz-1.5.jar:/work/Compress_27f/target/test-classes org.evosuite.EvoSuite -generateSuite -class org.apache.commons.compress.archivers.tar.TarUtils -projectCP /opt/defects4j/framework/projects/lib/junit-4.12-hamcrest-1.3.jar:/work/Compress_27f/target/classes:/opt/defects4j/framework/projects/Compress/lib/org/tukaani/xz/1.5/xz-1.5.jar:/work/Compress_27f/target/test-classes -Dcriterion=LINE:BRANCH:EXCEPTION -Dsearch_budget=60 -seed 1 -Dtest_dir=/work/evo_out/Compress_27f/budget60_seed1/tests -Dreport_dir=/work/evo_out/Compress_27f/budget60_seed1/report
* EvoSuite 1.2.0
* Going to generate test cases for class: org.apache.commons.compress.archivers.tar.TarUtils
* Starting Client-0
* Connecting to master process on port 9922
* Analyzing classpath: 
  - /opt/defects4j/framework/projects/lib/junit-4.12-hamcrest-1.3.jar
  - /work/Compress_27f/target/classes
  - /opt/defects4j/framework/projects/Compress/lib/org/tukaani/xz/1.5/xz-1.5.jar
  - /work/Compress_27f/target/test-classes
* Finished analyzing classpath
* Generating tests for class org.apache.commons.compress.archivers.tar.TarUtils
* Test criteria:
  - Line Coverage
  - Branch Coverage
  - Exception
* Setting up search algorithm for whole suite generation
* Total number of test goals: 
  - Line 171
  - Branch 122
  - Exception 0

[Progress:>                             0%] [Cov:>                                  0%]* Using seed 1
* Starting evolution

[Progress:>                             0%] [Cov:===>                               11%]
[Progress:>                             0%] [Cov:======>                            19%]
[Progress:>                             0%] [Cov:==================>                52%]
[Progress:>                             0%] [Cov:==================>                54%]
[Progress:>                             1%] [Cov:==>                                6%]
[Progress:>                             1%] [Cov:===>                               9%]
[Progress:>                             1%] [Cov:==============>                    42%]
[Progress:>                             1%] [Cov:=================>                 51%]
[Progress:>                             1%] [Cov:==================>                54%]
[Progress:>                             1%] [Cov:=======================>           67%]
[Progress:>                             1%] [Cov:=======================>           67%]
[Progress:>                             1%] [Cov:=======================>           67%]
[Progress:>                             1%] [Cov:=======================>           67%]
[Progress:>                             1%] [Cov:=======================>           67%]
[Progress:>                             1%] [Cov:=======================>           67%]
[Progress:>                             3%] [Cov:=======================>           67%]
[Progress:>                             3%] [Cov:=======================>           67%]
[Progress:>                             3%] [Cov:=======================>           67%]
[Progress:>                             3%] [Cov:=======================>           67%]
[Progress:>                             3%] [Cov:=======================>           68%]
[Progress:>                             3%] [Cov:=======================>           68%]
[Progress:>                             3%] [Cov:=======================>           68%]
[Progress:>                             3%] [Cov:=======================>           68%]
[Progress:>                             3%] [Cov:=======================>           68%]
[Progress:=>                            5%] [Cov:=======================>           68%]
[Progress:=>                            5%] [Cov:=======================>           68%]
[Progress:=>                            5%] [Cov:=======================>           68%]
[Progress:=>                            5%] [Cov:=======================>           68%]
[Progress:=>                            5%] [Cov:=======================>           68%]
[Progress:=>                            5%] [Cov:=======================>           68%]
[Progress:=>                            5%] [Cov:=======================>           68%]
[Progress:=>                            5%] [Cov:=======================>           68%]
[Progress:=>                            5%] [Cov:=======================>           68%]
[Progress:=>                            6%] [Cov:=======================>           68%]
[Progress:=>                            6%] [Cov:========================>          70%]
[Progress:=>                            6%] [Cov:=========================>         72%]
[Progress:=>                            6%] [Cov:=========================>         72%]
[Progress:=>                            6%] [Cov:=========================>         72%]
[Progress:=>                            6%] [Cov:=========================>         72%]
[Progress:=>                            6%] [Cov:=========================>         72%]
[Progress:=>                            6%] [Cov:=========================>         72%]
[Progress:=>                            6%] [Cov:=========================>         72%]
[Progress:=>                            6%] [Cov:=========================>         72%]
[Progress:=>                            6%] [Cov:=========================>         72%]
[Progress:=>                            6%] [Cov:=========================>         72%]
[Progress:=>                            6%] [Cov:=========================>         73%]
[Progress:==>                           8%] [Cov:=========================>         72%]
[Progress:==>                           8%] [Cov:=========================>         74%]
[Progress:==>                           8%] [Cov:=========================>         74%]
[Progress:==>                           8%] [Cov:=========================>         74%]
[Progress:==>                           8%] [Cov:=========================>         74%]
[Progress:==>                           8%] [Cov:=========================>         74%]
[Progress:==>                           8%] [Cov:=========================>         74%]
[Progress:==>                           8%] [Cov:=========================>         74%]
[Progress:===>                          10%] [Cov:=========================>         74%]
[Progress:===>                          10%] [Cov:=========================>         74%]
[Progress:===>                          10%] [Cov:=========================>         74%]
[Progress:===>                          10%] [Cov:=========================>         74%]
[Progress:===>                          10%] [Cov:=========================>         74%]
[Progress:===>                          10%] [Cov:=========================>         74%]
[Progress:===>                          10%] [Cov:=========================>         74%]
[Progress:===>                          10%] [Cov:==========================>        75%]
[Progress:===>                          10%] [Cov:==========================>        76%]
[Progress:===>                          10%] [Cov:==========================>        76%]
[Progress:===>                          11%] [Cov:==========================>        76%]
[Progress:===>                          11%] [Cov:==========================>        76%]
[Progress:===>                          11%] [Cov:==========================>        77%]
[Progress:===>                          11%] [Cov:==========================>        77%]
[Progress:===>                          11%] [Cov:==========================>        77%]
[Progress:===>                          11%] [Cov:===========================>       78%]
[Progress:===>                          11%] [Cov:===========================>       78%]
[Progress:===>                          11%] [Cov:===========================>       78%]
[Progress:===>                          11%] [Cov:===========================>       78%]
[Progress:===>                          11%] [Cov:===========================>       79%]
[Progress:===>                          11%] [Cov:===========================>       79%]
[Progress:===>                          11%] [Cov:===========================>       79%]
[Progress:===>                          13%] [Cov:===========================>       79%]
[Progress:===>                          13%] [Cov:===========================>       79%]
[Progress:===>                          13%] [Cov:============================>      80%]
[Progress:===>                          13%] [Cov:============================>      80%]
[Progress:===>                          13%] [Cov:============================>      81%]
[Progress:===>                          13%] [Cov:============================>      82%]
[Progress:===>                          13%] [Cov:============================>      82%]
[Progress:===>                          13%] [Cov:============================>      82%]
[Progress:===>                          13%] [Cov:============================>      82%]
[Progress:===>                          13%] [Cov:============================>      82%]
[Progress:===>                          13%] [Cov:============================>      82%]
[Progress:===>                          13%] [Cov:============================>      82%]
[Progress:===>                          13%] [Cov:============================>      82%]
[Progress:====>                         15%] [Cov:============================>      82%]
[Progress:====>                         15%] [Cov:============================>      82%]
[Progress:====>                         15%] [Cov:=============================>     83%]
[Progress:====>                         15%] [Cov:=============================>     85%]
[Progress:====>                         15%] [Cov:=============================>     85%]
[Progress:====>                         15%] [Cov:=============================>     85%]
[Progress:====>                         15%] [Cov:=============================>     85%]
[Progress:====>                         15%] [Cov:=============================>     85%]
[Progress:====>                         15%] [Cov:=============================>     85%]
[Progress:====>                         15%] [Cov:=============================>     85%]
[Progress:====>                         15%] [Cov:=============================>     85%]
[Progress:====>                         15%] [Cov:==============================>    86%]
[Progress:====>                         15%] [Cov:==============================>    86%]
[Progress:====>                         16%] [Cov:==============================>    86%]
[Progress:====>                         16%] [Cov:==============================>    86%]
[Progress:====>                         16%] [Cov:==============================>    86%]
[Progress:====>                         16%] [Cov:==============================>    86%]
[Progress:====>                         16%] [Cov:==============================>    86%]
[Progress:====>                         16%] [Cov:==============================>    86%]
[Progress:====>                         16%] [Cov:==============================>    86%]
[Progress:====>                         16%] [Cov:==============================>    86%]
[Progress:====>                         16%] [Cov:==============================>    86%]
[Progress:====>                         16%] [Cov:==============================>    86%]
[Progress:====>                         16%] [Cov:==============================>    86%]
[Progress:====>                         16%] [Cov:==============================>    86%]
[Progress:=====>                        18%] [Cov:==============================>    86%]
[Progress:=====>                        18%] [Cov:==============================>    86%]
[Progress:=====>                        18%] [Cov:==============================>    86%]
[Progress:=====>                        18%] [Cov:==============================>    86%]
[Progress:=====>                        18%] [Cov:==============================>    86%]
[Progress:=====>                        18%] [Cov:==============================>    86%]
[Progress:=====>                        18%] [Cov:==============================>    86%]
[Progress:=====>                        18%] [Cov:==============================>    86%]
[Progress:=====>                        18%] [Cov:==============================>    86%]
[Progress:=====>                        18%] [Cov:==============================>    86%]
[Progress:======>                       20%] [Cov:==============================>    86%]
[Progress:======>                       20%] [Cov:==============================>    87%]
[Progress:======>                       20%] [Cov:==============================>    87%]
[Progress:======>                       20%] [Cov:==============================>    87%]
[Progress:======>                       20%] [Cov:==============================>    87%]
[Progress:======>                       20%] [Cov:==============================>    87%]
[Progress:======>                       20%] [Cov:==============================>    87%]
[Progress:======>                       20%] [Cov:==============================>    87%]
[Progress:======>                       20%] [Cov:==============================>    87%]
[Progress:======>                       20%] [Cov:==============================>    87%]
[Progress:======>                       20%] [Cov:==============================>    87%]
[Progress:======>                       21%] [Cov:==============================>    87%]
[Progress:======>                       21%] [Cov:==============================>    87%]
[Progress:======>                       21%] [Cov:==============================>    87%]
[Progress:======>                       21%] [Cov:==============================>    87%]
[Progress:======>                       21%] [Cov:==============================>    87%]
[Progress:======>                       21%] [Cov:==============================>    87%]
[Progress:======>                       21%] [Cov:==============================>    87%]
[Progress:======>                       21%] [Cov:==============================>    87%]
[Progress:======>                       21%] [Cov:==============================>    87%]
[Progress:======>                       21%] [Cov:==============================>    87%]
[Progress:======>                       21%] [Cov:==============================>    87%]
[Progress:======>                       23%] [Cov:==============================>    87%]
[Progress:======>                       23%] [Cov:==============================>    87%]
[Progress:======>                       23%] [Cov:==============================>    87%]
[Progress:======>                       23%] [Cov:==============================>    87%]
[Progress:======>                       23%] [Cov:==============================>    87%]
[Progress:======>                       23%] [Cov:==============================>    87%]
[Progress:======>                       23%] [Cov:==============================>    87%]
[Progress:======>                       23%] [Cov:==============================>    87%]
[Progress:======>                       23%] [Cov:==============================>    87%]
[Progress:======>                       23%] [Cov:==============================>    87%]
[Progress:======>                       23%] [Cov:==============================>    87%]
[Progress:=======>                      25%] [Cov:==============================>    87%]
[Progress:=======>                      25%] [Cov:==============================>    87%]
[Progress:=======>                      25%] [Cov:==============================>    87%]
[Progress:=======>                      25%] [Cov:==============================>    87%]
[Progress:=======>                      25%] [Cov:==============================>    87%]
[Progress:=======>                      25%] [Cov:==============================>    87%]
[Progress:=======>                      25%] [Cov:==============================>    87%]
[Progress:=======>                      25%] [Cov:==============================>    87%]
[Progress:=======>                      25%] [Cov:==============================>    87%]
[Progress:=======>                      25%] [Cov:==============================>    88%]
[Progress:=======>                      26%] [Cov:==============================>    87%]
[Progress:=======>                      26%] [Cov:==============================>    88%]
[Progress:=======>                      26%] [Cov:==============================>    88%]
[Progress:=======>                      26%] [Cov:==============================>    88%]
[Progress:=======>                      26%] [Cov:==============================>    88%]
[Progress:=======>                      26%] [Cov:==============================>    88%]
[Progress:=======>                      26%] [Cov:==============================>    88%]
[Progress:=======>                      26%] [Cov:==============================>    88%]
[Progress:=======>                      26%] [Cov:==============================>    88%]
[Progress:=======>                      26%] [Cov:==============================>    88%]
[Progress:=======>                      26%] [Cov:==============================>    88%]
[Progress:========>                     28%] [Cov:==============================>    88%]
[Progress:========>                     28%] [Cov:==============================>    88%]
[Progress:========>                     28%] [Cov:==============================>    88%]
[Progress:========>                     28%] [Cov:==============================>    88%]
[Progress:========>                     28%] [Cov:==============================>    88%]
[Progress:========>                     28%] [Cov:==============================>    88%]
[Progress:========>                     28%] [Cov:==============================>    88%]
[Progress:========>                     28%] [Cov:==============================>    88%]
[Progress:========>                     28%] [Cov:==============================>    88%]
[Progress:========>                     28%] [Cov:==============================>    88%]
[Progress:========>                     28%] [Cov:==============================>    88%]
[Progress:=========>                    30%] [Cov:==============================>    88%]
[Progress:=========>                    30%] [Cov:==============================>    88%]
[Progress:=========>                    30%] [Cov:==============================>    88%]
[Progress:=========>                    30%] [Cov:==============================>    88%]
[Progress:=========>                    30%] [Cov:==============================>    88%]
[Progress:=========>                    30%] [Cov:==============================>    88%]
[Progress:=========>                    30%] [Cov:==============================>    88%]
[Progress:=========>                    30%] [Cov:==============================>    88%]
[Progress:=========>                    30%] [Cov:==============================>    88%]
[Progress:=========>                    30%] [Cov:==============================>    88%]
[Progress:=========>                    30%] [Cov:==============================>    88%]
[Progress:=========>                    31%] [Cov:==============================>    88%]
[Progress:=========>                    31%] [Cov:==============================>    88%]
[Progress:=========>                    31%] [Cov:==============================>    88%]
[Progress:=========>                    31%] [Cov:==============================>    88%]
[Progress:=========>                    31%] [Cov:==============================>    88%]
[Progress:=========>                    31%] [Cov:==============================>    88%]
[Progress:=========>                    31%] [Cov:==============================>    88%]
[Progress:=========>                    31%] [Cov:==============================>    88%]
[Progress:=========>                    31%] [Cov:==============================>    88%]
[Progress:=========>                    31%] [Cov:==============================>    88%]
[Progress:=========>                    31%] [Cov:==============================>    88%]
[Progress:=========>                    33%] [Cov:==============================>    88%]
[Progress:=========>                    33%] [Cov:==============================>    88%]
[Progress:=========>                    33%] [Cov:==============================>    88%]
[Progress:=========>                    33%] [Cov:==============================>    88%]
[Progress:=========>                    33%] [Cov:==============================>    88%]
[Progress:=========>                    33%] [Cov:==============================>    88%]
[Progress:=========>                    33%] [Cov:==============================>    88%]
[Progress:=========>                    33%] [Cov:==============================>    88%]
[Progress:=========>                    33%] [Cov:==============================>    88%]
[Progress:=========>                    33%] [Cov:==============================>    88%]
[Progress:=========>                    33%] [Cov:==============================>    88%]
[Progress:==========>                   35%] [Cov:==============================>    88%]
[Progress:==========>                   35%] [Cov:==============================>    88%]
[Progress:==========>                   35%] [Cov:==============================>    88%]
[Progress:==========>                   35%] [Cov:==============================>    88%]
[Progress:==========>                   35%] [Cov:==============================>    88%]
[Progress:==========>                   35%] [Cov:==============================>    88%]
[Progress:==========>                   35%] [Cov:==============================>    88%]
[Progress:==========>                   35%] [Cov:==============================>    88%]
[Progress:==========>                   35%] [Cov:==============================>    88%]
[Progress:==========>                   35%] [Cov:==============================>    88%]
[Progress:==========>                   35%] [Cov:==============================>    88%]
[Progress:==========>                   35%] [Cov:==============================>    88%]
[Progress:==========>                   36%] [Cov:==============================>    88%]
[Progress:==========>                   36%] [Cov:==============================>    88%]
[Progress:==========>                   36%] [Cov:==============================>    88%]
[Progress:==========>                   36%] [Cov:==============================>    88%]
[Progress:==========>                   36%] [Cov:==============================>    88%]
[Progress:==========>                   36%] [Cov:==============================>    88%]
[Progress:==========>                   36%] [Cov:==============================>    88%]
[Progress:==========>                   36%] [Cov:==============================>    88%]
[Progress:==========>                   36%] [Cov:==============================>    88%]
[Progress:==========>                   36%] [Cov:==============================>    88%]
[Progress:==========>                   36%] [Cov:==============================>    88%]
[Progress:==========>                   36%] [Cov:==============================>    88%]
[Progress:===========>                  38%] [Cov:==============================>    88%]
[Progress:===========>                  38%] [Cov:==============================>    88%]
[Progress:===========>                  38%] [Cov:==============================>    88%]
[Progress:===========>                  38%] [Cov:==============================>    88%]
[Progress:===========>                  38%] [Cov:==============================>    88%]
[Progress:===========>                  38%] [Cov:==============================>    88%]
[Progress:===========>                  38%] [Cov:==============================>    88%]
[Progress:===========>                  38%] [Cov:==============================>    88%]
[Progress:===========>                  38%] [Cov:==============================>    88%]
[Progress:===========>                  38%] [Cov:==============================>    88%]
[Progress:===========>                  38%] [Cov:==============================>    88%]
[Progress:============>                 40%] [Cov:==============================>    88%]
[Progress:============>                 40%] [Cov:==============================>    88%]
[Progress:============>                 40%] [Cov:==============================>    88%]
[Progress:============>                 40%] [Cov:==============================>    88%]
[Progress:============>                 40%] [Cov:==============================>    88%]
[Progress:============>                 40%] [Cov:==============================>    88%]
[Progress:============>                 40%] [Cov:==============================>    88%]
[Progress:============>                 40%] [Cov:==============================>    88%]
[Progress:============>                 40%] [Cov:==============================>    88%]
[Progress:============>                 40%] [Cov:==============================>    88%]
[Progress:============>                 40%] [Cov:==============================>    88%]
[Progress:============>                 40%] [Cov:==============================>    88%]
[Progress:============>                 41%] [Cov:==============================>    88%]
[Progress:============>                 41%] [Cov:==============================>    88%]
[Progress:============>                 41%] [Cov:==============================>    88%]
[Progress:============>                 41%] [Cov:==============================>    88%]
[Progress:============>                 41%] [Cov:==============================>    88%]
[Progress:============>                 41%] [Cov:==============================>    88%]
[Progress:============>                 41%] [Cov:==============================>    88%]
[Progress:============>                 41%] [Cov:==============================>    88%]
[Progress:============>                 41%] [Cov:==============================>    88%]
[Progress:============>                 41%] [Cov:==============================>    88%]
[Progress:============>                 41%] [Cov:==============================>    88%]
[Progress:============>                 43%] [Cov:==============================>    88%]
[Progress:============>                 43%] [Cov:==============================>    88%]
[Progress:============>                 43%] [Cov:==============================>    88%]
[Progress:============>                 43%] [Cov:==============================>    88%]
[Progress:============>                 43%] [Cov:==============================>    88%]
[Progress:============>                 43%] [Cov:==============================>    88%]
[Progress:============>                 43%] [Cov:==============================>    88%]
[Progress:============>                 43%] [Cov:==============================>    88%]
[Progress:============>                 43%] [Cov:==============================>    88%]
[Progress:============>                 43%] [Cov:==============================>    88%]
[Progress:============>                 43%] [Cov:==============================>    88%]
[Progress:============>                 43%] [Cov:==============================>    88%]
[Progress:=============>                45%] [Cov:==============================>    88%]
[Progress:=============>                45%] [Cov:==============================>    88%]
[Progress:=============>                45%] [Cov:==============================>    88%]
[Progress:=============>                45%] [Cov:==============================>    88%]
[Progress:=============>                45%] [Cov:==============================>    88%]
[Progress:=============>                45%] [Cov:==============================>    88%]
[Progress:=============>                45%] [Cov:==============================>    88%]
[Progress:=============>                45%] [Cov:==============================>    88%]
[Progress:=============>                45%] [Cov:==============================>    88%]
[Progress:=============>                45%] [Cov:==============================>    88%]
[Progress:=============>                45%] [Cov:==============================>    88%]
[Progress:=============>                45%] [Cov:==============================>    88%]
[Progress:=============>                45%] [Cov:==============================>    88%]
[Progress:=============>                46%] [Cov:==============================>    88%]
[Progress:=============>                46%] [Cov:==============================>    88%]
[Progress:=============>                46%] [Cov:==============================>    88%]
[Progress:=============>                46%] [Cov:==============================>    88%]
[Progress:=============>                46%] [Cov:==============================>    88%]
[Progress:=============>                46%] [Cov:==============================>    88%]
[Progress:=============>                46%] [Cov:==============================>    88%]
[Progress:=============>                46%] [Cov:==============================>    88%]
[Progress:=============>                46%] [Cov:==============================>    88%]
[Progress:=============>                46%] [Cov:==============================>    88%]
[Progress:=============>                46%] [Cov:==============================>    88%]
[Progress:=============>                46%] [Cov:==============================>    88%]
[Progress:==============>               48%] [Cov:==============================>    88%]
[Progress:==============>               48%] [Cov:==============================>    88%]
[Progress:==============>               48%] [Cov:==============================>    88%]
[Progress:==============>               48%] [Cov:==============================>    88%]
[Progress:==============>               48%] [Cov:==============================>    88%]
[Progress:==============>               48%] [Cov:==============================>    88%]
[Progress:==============>               48%] [Cov:==============================>    88%]
[Progress:==============>               48%] [Cov:==============================>    88%]
[Progress:==============>               48%] [Cov:==============================>    88%]
[Progress:==============>               48%] [Cov:==============================>    88%]
[Progress:==============>               48%] [Cov:==============================>    88%]
[Progress:==============>               48%] [Cov:==============================>    88%]
[Progress:===============>              50%] [Cov:==============================>    88%]
[Progress:===============>              50%] [Cov:==============================>    88%]
[Progress:===============>              50%] [Cov:==============================>    88%]
[Progress:===============>              50%] [Cov:==============================>    88%]
[Progress:===============>              50%] [Cov:==============================>    88%]
[Progress:===============>              50%] [Cov:==============================>    88%]
[Progress:===============>              50%] [Cov:==============================>    88%]
[Progress:===============>              50%] [Cov:==============================>    88%]
[Progress:===============>              50%] [Cov:==============================>    88%]
[Progress:===============>              50%] [Cov:==============================>    88%]
[Progress:===============>              50%] [Cov:==============================>    88%]
[Progress:===============>              50%] [Cov:==============================>    88%]
[Progress:===============>              51%] [Cov:==============================>    88%]
[Progress:===============>              51%] [Cov:==============================>    88%]
[Progress:===============>              51%] [Cov:==============================>    88%]
[Progress:===============>              51%] [Cov:==============================>    88%]
[Progress:===============>              51%] [Cov:==============================>    88%]
[Progress:===============>              51%] [Cov:==============================>    88%]
[Progress:===============>              51%] [Cov:==============================>    88%]
[Progress:===============>              51%] [Cov:==============================>    88%]
[Progress:===============>              51%] [Cov:==============================>    88%]
[Progress:===============>              51%] [Cov:==============================>    88%]
[Progress:===============>              51%] [Cov:==============================>    88%]
[Progress:===============>              51%] [Cov:==============================>    88%]
[Progress:===============>              51%] [Cov:==============================>    88%]
[Progress:===============>              53%] [Cov:==============================>    88%]
[Progress:===============>              53%] [Cov:==============================>    88%]
[Progress:===============>              53%] [Cov:==============================>    88%]
[Progress:===============>              53%] [Cov:==============================>    88%]
[Progress:===============>              53%] [Cov:==============================>    88%]
[Progress:===============>              53%] [Cov:==============================>    88%]
[Progress:===============>              53%] [Cov:==============================>    88%]
[Progress:===============>              53%] [Cov:==============================>    88%]
[Progress:===============>              53%] [Cov:==============================>    88%]
[Progress:===============>              53%] [Cov:==============================>    88%]
[Progress:===============>              53%] [Cov:==============================>    88%]
[Progress:===============>              53%] [Cov:==============================>    88%]
[Progress:================>             55%] [Cov:==============================>    88%]
[Progress:================>             55%] [Cov:==============================>    88%]
[Progress:================>             55%] [Cov:==============================>    88%]
[Progress:================>             55%] [Cov:==============================>    88%]
[Progress:================>             55%] [Cov:==============================>    88%]
[Progress:================>             55%] [Cov:==============================>    88%]
[Progress:================>             55%] [Cov:==============================>    88%]
[Progress:================>             55%] [Cov:==============================>    88%]
[Progress:================>             55%] [Cov:==============================>    88%]
[Progress:================>             55%] [Cov:==============================>    88%]
[Progress:================>             55%] [Cov:==============================>    88%]
[Progress:================>             55%] [Cov:==============================>    88%]
[Progress:================>             55%] [Cov:==============================>    88%]
[Progress:================>             56%] [Cov:==============================>    88%]
[Progress:================>             56%] [Cov:==============================>    88%]
[Progress:================>             56%] [Cov:==============================>    88%]
[Progress:================>             56%] [Cov:==============================>    88%]
[Progress:================>             56%] [Cov:==============================>    88%]
[Progress:================>             56%] [Cov:==============================>    88%]
[Progress:================>             56%] [Cov:==============================>    88%]
[Progress:================>             56%] [Cov:==============================>    88%]
[Progress:================>             56%] [Cov:==============================>    88%]
[Progress:================>             56%] [Cov:==============================>    88%]
[Progress:================>             56%] [Cov:==============================>    88%]
[Progress:================>             56%] [Cov:==============================>    88%]
[Progress:=================>            58%] [Cov:==============================>    88%]
[Progress:=================>            58%] [Cov:==============================>    88%]
[Progress:=================>            58%] [Cov:==============================>    88%]
[Progress:=================>            58%] [Cov:==============================>    88%]
[Progress:=================>            58%] [Cov:==============================>    88%]
[Progress:=================>            58%] [Cov:==============================>    88%]
[Progress:=================>            58%] [Cov:==============================>    88%]
[Progress:=================>            58%] [Cov:==============================>    88%]
[Progress:=================>            58%] [Cov:==============================>    88%]
[Progress:=================>            58%] [Cov:==============================>    88%]
[Progress:=================>            58%] [Cov:==============================>    88%]
[Progress:=================>            58%] [Cov:==============================>    88%]
[Progress:=================>            58%] [Cov:==============================>    88%]
[Progress:==================>           60%] [Cov:==============================>    88%]
[Progress:==================>           60%] [Cov:==============================>    88%]
[Progress:==================>           60%] [Cov:==============================>    88%]
[Progress:==================>           60%] [Cov:==============================>    88%]
[Progress:==================>           60%] [Cov:==============================>    88%]
[Progress:==================>           60%] [Cov:==============================>    88%]
[Progress:==================>           60%] [Cov:==============================>    88%]
[Progress:==================>           60%] [Cov:==============================>    88%]
[Progress:==================>           60%] [Cov:==============================>    88%]
[Progress:==================>           60%] [Cov:==============================>    88%]
[Progress:==================>           60%] [Cov:==============================>    88%]
[Progress:==================>           60%] [Cov:==============================>    88%]
[Progress:==================>           60%] [Cov:==============================>    88%]
[Progress:==================>           61%] [Cov:==============================>    88%]
[Progress:==================>           61%] [Cov:==============================>    88%]
[Progress:==================>           61%] [Cov:==============================>    88%]
[Progress:==================>           61%] [Cov:==============================>    88%]
[Progress:==================>           61%] [Cov:==============================>    88%]
[Progress:==================>           61%] [Cov:==============================>    88%]
[Progress:==================>           61%] [Cov:==============================>    88%]
[Progress:==================>           61%] [Cov:==============================>    88%]
[Progress:==================>           61%] [Cov:==============================>    88%]
[Progress:==================>           61%] [Cov:==============================>    88%]
[Progress:==================>           61%] [Cov:==============================>    88%]
[Progress:==================>           61%] [Cov:==============================>    88%]
[Progress:==================>           61%] [Cov:==============================>    88%]
[Progress:==================>           61%] [Cov:==============================>    88%]
[Progress:==================>           63%] [Cov:==============================>    88%]
[Progress:==================>           63%] [Cov:==============================>    88%]
[Progress:==================>           63%] [Cov:==============================>    88%]
[Progress:==================>           63%] [Cov:==============================>    88%]
[Progress:==================>           63%] [Cov:==============================>    88%]
[Progress:==================>           63%] [Cov:==============================>    88%]
[Progress:==================>           63%] [Cov:==============================>    88%]
[Progress:==================>           63%] [Cov:==============================>    88%]
[Progress:==================>           63%] [Cov:==============================>    88%]
[Progress:==================>           63%] [Cov:==============================>    88%]
[Progress:==================>           63%] [Cov:==============================>    88%]
[Progress:==================>           63%] [Cov:==============================>    88%]
[Progress:==================>           63%] [Cov:==============================>    88%]
[Progress:===================>          65%] [Cov:==============================>    88%]
[Progress:===================>          65%] [Cov:==============================>    88%]
[Progress:===================>          65%] [Cov:==============================>    88%]
[Progress:===================>          65%] [Cov:==============================>    88%]
[Progress:===================>          65%] [Cov:==============================>    88%]
[Progress:===================>          65%] [Cov:==============================>    88%]
[Progress:===================>          65%] [Cov:==============================>    88%]
[Progress:===================>          65%] [Cov:==============================>    88%]
[Progress:===================>          65%] [Cov:==============================>    88%]
[Progress:===================>          65%] [Cov:==============================>    88%]
[Progress:===================>          65%] [Cov:==============================>    88%]
[Progress:===================>          65%] [Cov:==============================>    88%]
[Progress:===================>          65%] [Cov:==============================>    88%]
[Progress:===================>          65%] [Cov:==============================>    88%]
[Progress:===================>          66%] [Cov:==============================>    88%]
[Progress:===================>          66%] [Cov:==============================>    88%]
[Progress:===================>          66%] [Cov:==============================>    88%]
[Progress:===================>          66%] [Cov:==============================>    88%]
[Progress:===================>          66%] [Cov:==============================>    88%]
[Progress:===================>          66%] [Cov:==============================>    88%]
[Progress:===================>          66%] [Cov:==============================>    88%]
[Progress:===================>          66%] [Cov:==============================>    88%]
[Progress:===================>          66%] [Cov:==============================>    88%]
[Progress:===================>          66%] [Cov:==============================>    88%]
[Progress:===================>          66%] [Cov:==============================>    88%]
[Progress:===================>          66%] [Cov:==============================>    88%]
[Progress:===================>          66%] [Cov:==============================>    88%]
[Progress:===================>          66%] [Cov:==============================>    88%]
[Progress:====================>         68%] [Cov:==============================>    88%]
[Progress:====================>         68%] [Cov:==============================>    88%]
[Progress:====================>         68%] [Cov:==============================>    88%]
[Progress:====================>         68%] [Cov:==============================>    88%]
[Progress:====================>         68%] [Cov:==============================>    88%]
[Progress:====================>         68%] [Cov:==============================>    88%]
[Progress:====================>         68%] [Cov:==============================>    88%]
[Progress:====================>         68%] [Cov:==============================>    88%]
[Progress:====================>         68%] [Cov:==============================>    88%]
[Progress:====================>         68%] [Cov:==============================>    88%]
[Progress:====================>         68%] [Cov:==============================>    88%]
[Progress:====================>         68%] [Cov:==============================>    88%]
[Progress:====================>         68%] [Cov:==============================>    88%]
[Progress:====================>         68%] [Cov:==============================>    88%]
[Progress:=====================>        70%] [Cov:==============================>    88%]
[Progress:=====================>        70%] [Cov:==============================>    88%]
[Progress:=====================>        70%] [Cov:==============================>    88%]
[Progress:=====================>        70%] [Cov:==============================>    88%]
[Progress:=====================>        70%] [Cov:==============================>    88%]
[Progress:=====================>        70%] [Cov:==============================>    88%]
[Progress:=====================>        70%] [Cov:==============================>    88%]
[Progress:=====================>        70%] [Cov:==============================>    88%]
[Progress:=====================>        70%] [Cov:==============================>    88%]
[Progress:=====================>        70%] [Cov:==============================>    88%]
[Progress:=====================>        70%] [Cov:==============================>    88%]
[Progress:=====================>        70%] [Cov:==============================>    88%]
[Progress:=====================>        70%] [Cov:==============================>    88%]
[Progress:=====================>        70%] [Cov:==============================>    88%]
[Progress:=====================>        70%] [Cov:==============================>    88%]
[Progress:=====================>        71%] [Cov:==============================>    88%]
[Progress:=====================>        71%] [Cov:==============================>    88%]
[Progress:=====================>        71%] [Cov:==============================>    88%]
[Progress:=====================>        71%] [Cov:==============================>    88%]
[Progress:=====================>        71%] [Cov:==============================>    88%]
[Progress:=====================>        71%] [Cov:==============================>    88%]
[Progress:=====================>        71%] [Cov:==============================>    88%]
[Progress:=====================>        71%] [Cov:==============================>    88%]
[Progress:=====================>        71%] [Cov:==============================>    88%]
[Progress:=====================>        71%] [Cov:==============================>    88%]
[Progress:=====================>        71%] [Cov:==============================>    88%]
[Progress:=====================>        71%] [Cov:==============================>    88%]
[Progress:=====================>        71%] [Cov:==============================>    88%]
[Progress:=====================>        71%] [Cov:==============================>    88%]
[Progress:=====================>        73%] [Cov:==============================>    88%]
[Progress:=====================>        73%] [Cov:==============================>    88%]
[Progress:=====================>        73%] [Cov:==============================>    88%]
[Progress:=====================>        73%] [Cov:==============================>    88%]
[Progress:=====================>        73%] [Cov:==============================>    88%]
[Progress:=====================>        73%] [Cov:==============================>    88%]
[Progress:=====================>        73%] [Cov:==============================>    88%]
[Progress:=====================>        73%] [Cov:==============================>    88%]
[Progress:=====================>        73%] [Cov:==============================>    88%]
[Progress:=====================>        73%] [Cov:==============================>    88%]
[Progress:=====================>        73%] [Cov:==============================>    88%]
[Progress:=====================>        73%] [Cov:==============================>    88%]
[Progress:=====================>        73%] [Cov:==============================>    88%]
[Progress:=====================>        73%] [Cov:==============================>    88%]
[Progress:======================>       75%] [Cov:==============================>    88%]
[Progress:======================>       75%] [Cov:==============================>    88%]
[Progress:======================>       75%] [Cov:==============================>    88%]
[Progress:======================>       75%] [Cov:==============================>    88%]
[Progress:======================>       75%] [Cov:==============================>    88%]
[Progress:======================>       75%] [Cov:===============================>   89%]
[Progress:======================>       75%] [Cov:===============================>   89%]
[Progress:======================>       75%] [Cov:===============================>   89%]
[Progress:======================>       75%] [Cov:===============================>   89%]
[Progress:======================>       75%] [Cov:===============================>   89%]
[Progress:======================>       75%] [Cov:===============================>   89%]
[Progress:======================>       75%] [Cov:===============================>   89%]
[Progress:======================>       75%] [Cov:===============================>   89%]
[Progress:======================>       75%] [Cov:===============================>   89%]
[Progress:======================>       75%] [Cov:===============================>   89%]
[Progress:======================>       76%] [Cov:===============================>   89%]
[Progress:======================>       76%] [Cov:===============================>   89%]
[Progress:======================>       76%] [Cov:===============================>   89%]
[Progress:======================>       76%] [Cov:===============================>   89%]
[Progress:======================>       76%] [Cov:===============================>   89%]
[Progress:======================>       76%] [Cov:===============================>   89%]
[Progress:======================>       76%] [Cov:===============================>   89%]
[Progress:======================>       76%] [Cov:===============================>   89%]
[Progress:======================>       76%] [Cov:===============================>   89%]
[Progress:======================>       76%] [Cov:===============================>   89%]
[Progress:======================>       76%] [Cov:===============================>   89%]
[Progress:======================>       76%] [Cov:===============================>   89%]
[Progress:======================>       76%] [Cov:===============================>   89%]
[Progress:======================>       76%] [Cov:===============================>   89%]
[Progress:=======================>      78%] [Cov:===============================>   89%]
[Progress:=======================>      78%] [Cov:===============================>   89%]
[Progress:=======================>      78%] [Cov:===============================>   89%]
[Progress:=======================>      78%] [Cov:===============================>   89%]
[Progress:=======================>      78%] [Cov:===============================>   89%]
[Progress:=======================>      78%] [Cov:===============================>   89%]
[Progress:=======================>      78%] [Cov:===============================>   89%]
[Progress:=======================>      78%] [Cov:===============================>   89%]
[Progress:=======================>      78%] [Cov:===============================>   89%]
[Progress:=======================>      78%] [Cov:===============================>   89%]
[Progress:=======================>      78%] [Cov:===============================>   89%]
[Progress:=======================>      78%] [Cov:===============================>   89%]
[Progress:=======================>      78%] [Cov:===============================>   89%]
[Progress:=======================>      78%] [Cov:===============================>   89%]
[Progress:=======================>      78%] [Cov:===============================>   89%]
[Progress:========================>     80%] [Cov:===============================>   89%]
[Progress:========================>     80%] [Cov:===============================>   89%]
[Progress:========================>     80%] [Cov:===============================>   89%]
[Progress:========================>     80%] [Cov:===============================>   89%]
[Progress:========================>     80%] [Cov:===============================>   89%]
[Progress:========================>     80%] [Cov:===============================>   89%]
[Progress:========================>     80%] [Cov:===============================>   89%]
[Progress:========================>     80%] [Cov:===============================>   89%]
[Progress:========================>     80%] [Cov:===============================>   89%]
[Progress:========================>     80%] [Cov:===============================>   89%]
[Progress:========================>     80%] [Cov:===============================>   89%]
[Progress:========================>     80%] [Cov:===============================>   89%]
[Progress:========================>     80%] [Cov:===============================>   89%]
[Progress:========================>     80%] [Cov:===============================>   89%]
[Progress:========================>     81%] [Cov:===============================>   89%]
[Progress:========================>     81%] [Cov:===============================>   89%]
[Progress:========================>     81%] [Cov:===============================>   89%]
[Progress:========================>     81%] [Cov:===============================>   89%]
[Progress:========================>     81%] [Cov:===============================>   89%]
[Progress:========================>     81%] [Cov:===============================>   89%]
[Progress:========================>     81%] [Cov:===============================>   89%]
[Progress:========================>     81%] [Cov:===============================>   89%]
[Progress:========================>     81%] [Cov:===============================>   89%]
[Progress:========================>     81%] [Cov:===============================>   89%]
[Progress:========================>     81%] [Cov:===============================>   89%]
[Progress:========================>     81%] [Cov:===============================>   89%]
[Progress:========================>     81%] [Cov:===============================>   89%]
[Progress:========================>     81%] [Cov:===============================>   89%]
[Progress:========================>     81%] [Cov:===============================>   89%]
[Progress:========================>     83%] [Cov:===============================>   89%]
[Progress:========================>     83%] [Cov:===============================>   89%]
[Progress:========================>     83%] [Cov:===============================>   89%]
[Progress:========================>     83%] [Cov:===============================>   89%]
[Progress:========================>     83%] [Cov:===============================>   89%]
[Progress:========================>     83%] [Cov:===============================>   89%]
[Progress:========================>     83%] [Cov:===============================>   89%]
[Progress:========================>     83%] [Cov:===============================>   89%]
[Progress:========================>     83%] [Cov:===============================>   89%]
[Progress:========================>     83%] [Cov:===============================>   89%]
[Progress:========================>     83%] [Cov:===============================>   89%]
[Progress:========================>     83%] [Cov:===============================>   89%]
[Progress:========================>     83%] [Cov:===============================>   89%]
[Progress:========================>     83%] [Cov:===============================>   89%]
[Progress:========================>     83%] [Cov:===============================>   89%]
[Progress:=========================>    85%] [Cov:===============================>   89%]
[Progress:=========================>    85%] [Cov:===============================>   89%]
[Progress:=========================>    85%] [Cov:===============================>   89%]
[Progress:=========================>    85%] [Cov:===============================>   89%]
[Progress:=========================>    85%] [Cov:===============================>   89%]
[Progress:=========================>    85%] [Cov:===============================>   89%]
[Progress:=========================>    85%] [Cov:===============================>   89%]
[Progress:=========================>    85%] [Cov:===============================>   89%]
[Progress:=========================>    85%] [Cov:===============================>   89%]
[Progress:=========================>    85%] [Cov:===============================>   89%]
[Progress:=========================>    85%] [Cov:===============================>   89%]
[Progress:=========================>    85%] [Cov:===============================>   89%]
[Progress:=========================>    85%] [Cov:===============================>   89%]
[Progress:=========================>    85%] [Cov:===============================>   89%]
[Progress:=========================>    85%] [Cov:===============================>   89%]
[Progress:=========================>    86%] [Cov:===============================>   89%]
[Progress:=========================>    86%] [Cov:===============================>   89%]
[Progress:=========================>    86%] [Cov:===============================>   89%]
[Progress:=========================>    86%] [Cov:===============================>   89%]
[Progress:=========================>    86%] [Cov:===============================>   89%]
[Progress:=========================>    86%] [Cov:===============================>   89%]
[Progress:=========================>    86%] [Cov:===============================>   89%]
[Progress:=========================>    86%] [Cov:===============================>   89%]
[Progress:=========================>    86%] [Cov:===============================>   89%]
[Progress:=========================>    86%] [Cov:===============================>   89%]
[Progress:=========================>    86%] [Cov:===============================>   89%]
[Progress:=========================>    86%] [Cov:===============================>   89%]
[Progress:=========================>    86%] [Cov:===============================>   89%]
[Progress:=========================>    86%] [Cov:===============================>   89%]
[Progress:=========================>    86%] [Cov:===============================>   89%]
[Progress:==========================>   88%] [Cov:===============================>   89%]
[Progress:==========================>   88%] [Cov:===============================>   89%]
[Progress:==========================>   88%] [Cov:===============================>   89%]
[Progress:==========================>   88%] [Cov:===============================>   89%]
[Progress:==========================>   88%] [Cov:===============================>   89%]
[Progress:==========================>   88%] [Cov:===============================>   89%]
[Progress:==========================>   88%] [Cov:===============================>   89%]
[Progress:==========================>   88%] [Cov:===============================>   89%]
[Progress:==========================>   88%] [Cov:===============================>   89%]
[Progress:==========================>   88%] [Cov:===============================>   89%]
[Progress:==========================>   88%] [Cov:===============================>   89%]
[Progress:==========================>   88%] [Cov:===============================>   89%]
[Progress:==========================>   88%] [Cov:===============================>   89%]
[Progress:==========================>   88%] [Cov:===============================>   89%]
[Progress:==========================>   88%] [Cov:===============================>   89%]
[Progress:===========================>  90%] [Cov:===============================>   89%]
[Progress:===========================>  90%] [Cov:===============================>   89%]
[Progress:===========================>  90%] [Cov:===============================>   89%]
[Progress:===========================>  90%] [Cov:===============================>   89%]
[Progress:===========================>  90%] [Cov:===============================>   89%]
[Progress:===========================>  90%] [Cov:===============================>   89%]
[Progress:===========================>  90%] [Cov:===============================>   89%]
[Progress:===========================>  90%] [Cov:===============================>   89%]
[Progress:===========================>  90%] [Cov:===============================>   89%]
[Progress:===========================>  90%] [Cov:===============================>   89%]
[Progress:===========================>  90%] [Cov:===============================>   89%]
[Progress:===========================>  90%] [Cov:===============================>   89%]
[Progress:===========================>  90%] [Cov:===============================>   89%]
[Progress:===========================>  90%] [Cov:===============================>   89%]
[Progress:===========================>  90%] [Cov:===============================>   89%]
[Progress:===========================>  90%] [Cov:===============================>   89%]
[Progress:===========================>  91%] [Cov:===============================>   89%]
[Progress:===========================>  91%] [Cov:===============================>   89%]
[Progress:===========================>  91%] [Cov:===============================>   89%]
[Progress:===========================>  91%] [Cov:===============================>   89%]
[Progress:===========================>  91%] [Cov:===============================>   89%]
[Progress:===========================>  91%] [Cov:===============================>   89%]
[Progress:===========================>  91%] [Cov:===============================>   89%]
[Progress:===========================>  91%] [Cov:===============================>   89%]
[Progress:===========================>  91%] [Cov:===============================>   89%]
[Progress:===========================>  91%] [Cov:===============================>   89%]
[Progress:===========================>  91%] [Cov:===============================>   89%]
[Progress:===========================>  91%] [Cov:===============================>   89%]
[Progress:===========================>  91%] [Cov:===============================>   89%]
[Progress:===========================>  91%] [Cov:===============================>   89%]
[Progress:===========================>  91%] [Cov:===============================>   89%]
[Progress:===========================>  93%] [Cov:===============================>   89%]
[Progress:===========================>  93%] [Cov:===============================>   89%]
[Progress:===========================>  93%] [Cov:===============================>   89%]
[Progress:===========================>  93%] [Cov:===============================>   89%]
[Progress:===========================>  93%] [Cov:===============================>   89%]
[Progress:===========================>  93%] [Cov:===============================>   89%]
[Progress:===========================>  93%] [Cov:===============================>   89%]
[Progress:===========================>  93%] [Cov:===============================>   89%]
[Progress:===========================>  93%] [Cov:===============================>   89%]
[Progress:===========================>  93%] [Cov:===============================>   89%]
[Progress:===========================>  93%] [Cov:===============================>   89%]
[Progress:===========================>  93%] [Cov:===============================>   89%]
[Progress:===========================>  93%] [Cov:===============================>   89%]
[Progress:===========================>  93%] [Cov:===============================>   89%]
[Progress:===========================>  93%] [Cov:===============================>   89%]
[Progress:============================> 95%] [Cov:===============================>   89%]
[Progress:============================> 95%] [Cov:===============================>   89%]
[Progress:============================> 95%] [Cov:===============================>   89%]
[Progress:============================> 95%] [Cov:===============================>   89%]
[Progress:============================> 95%] [Cov:===============================>   89%]
[Progress:============================> 95%] [Cov:===============================>   89%]
[Progress:============================> 95%] [Cov:===============================>   89%]
[Progress:============================> 95%] [Cov:===============================>   89%]
[Progress:============================> 95%] [Cov:===============================>   89%]
[Progress:============================> 95%] [Cov:===============================>   89%]
[Progress:============================> 95%] [Cov:===============================>   89%]
[Progress:============================> 95%] [Cov:===============================>   89%]
[Progress:============================> 95%] [Cov:===============================>   89%]
[Progress:============================> 95%] [Cov:===============================>   89%]
[Progress:============================> 95%] [Cov:===============================>   89%]
[Progress:============================> 96%] [Cov:===============================>   89%]
[Progress:============================> 96%] [Cov:===============================>   89%]
[Progress:============================> 96%] [Cov:===============================>   89%]
[Progress:============================> 96%] [Cov:===============================>   89%]
[Progress:============================> 96%] [Cov:===============================>   89%]
[Progress:============================> 96%] [Cov:===============================>   89%]
[Progress:============================> 96%] [Cov:===============================>   89%]
[Progress:============================> 96%] [Cov:===============================>   89%]
[Progress:============================> 96%] [Cov:===============================>   89%]
[Progress:============================> 96%] [Cov:===============================>   89%]
[Progress:============================> 96%] [Cov:===============================>   89%]
[Progress:============================> 96%] [Cov:===============================>   89%]
[Progress:============================> 96%] [Cov:===============================>   89%]
[Progress:============================> 96%] [Cov:===============================>   89%]
[Progress:============================> 96%] [Cov:===============================>   89%]
[Progress:=============================>98%] [Cov:===============================>   89%]
[Progress:=============================>98%] [Cov:===============================>   89%]
[Progress:=============================>98%] [Cov:===============================>   89%]
[Progress:=============================>98%] [Cov:===============================>   89%]
[Progress:=============================>98%] [Cov:===============================>   89%]
[Progress:=============================>98%] [Cov:===============================>   89%]
[Progress:=============================>98%] [Cov:===============================>   89%]
[Progress:=============================>98%] [Cov:===============================>   89%]
[Progress:=============================>98%] [Cov:===============================>   89%]
[Progress:=============================>98%] [Cov:===============================>   89%]
[Progress:=============================>98%] [Cov:===============================>   89%]
[Progress:=============================>98%] [Cov:===============================>   89%]
[Progress:=============================>98%] [Cov:===============================>   89%]
[Progress:=============================>98%] [Cov:===============================>   89%]
[Progress:=============================>98%] [Cov:===============================>   89%]
[Progress:==============================100%] [Cov:===============================>   89%]
[Progress:==============================100%] [Cov:===============================>   89%]
[Progress:==============================100%] [Cov:===============================>   89%]
[Progress:==============================100%] [Cov:===============================>   89%]
[Progress:==============================100%] [Cov:===============================>   89%]
[Progress:==============================100%] [Cov:===============================>   89%]
[Progress:==============================100%] [Cov:===============================>   89%]
[Progress:==============================100%] [Cov:===============================>   89%]
[Progress:==============================100%] [Cov:===============================>   89%]
[Progress:==============================100%] [Cov:===============================>   89%]
[Progress:==============================100%] [Cov:===============================>   89%]
[Progress:==============================100%] [Cov:===============================>   89%]
[Progress:==============================100%] [Cov:===============================>   89%]
[Progress:==============================100%] [Cov:===============================>   89%]
[Progress:==============================100%] [Cov:===============================>   89%]
[Progress:==============================100%] [Cov:===============================>   89%]
* Search finished after 61s and 683 generations, 252256 statements, best individual has fitness: 38.02941176284323
* Minimizing test suite
* Going to analyze the coverage criteria
* Coverage analysis for criterion LINE
* Coverage of criterion LINE: 84%
* Total number of goals: 171
* Number of covered goals: 143
* Coverage analysis for criterion BRANCH
* Coverage of criterion BRANCH: 82%
* Total number of goals: 122
* Number of covered goals: 100
* Coverage analysis for criterion EXCEPTION
* Coverage of criterion EXCEPTION: 100%
* Total number of goals: 33
* Number of covered goals: 33
* Generated 53 tests with total length 114
* Resulting test suite's coverage: 90% (average coverage for all fitness functions)
* Generating assertions
* Resulting test suite's mutation score: 25%
* Compiling and checking tests
* Writing tests to file
* Writing JUnit test case 'TarUtils_ESTest' to /work/evo_out/Compress_27f/budget60_seed1/tests
* Done!

* Computation finished

[exit=0 timeout=False time=74.1s]

$ javac -nowarn -cp /work/Compress_27f/target/classes:/opt/defects4j/framework/projects/lib/junit-4.12-hamcrest-1.3.jar:/opt/defects4j/framework/projects/Compress/lib/org/tukaani/xz/1.5/xz-1.5.jar:/work/Compress_27f/target/classes:/work/Compress_27f/target/test-classes:/opt/evosuite/evosuite-standalone-runtime-1.2.0.jar -d /work/evo_out/Compress_27f/budget60_seed1/classes /work/evo_out/Compress_27f/budget60_seed1/tests/org/apache/commons/compress/archivers/tar/TarUtils_ESTest.java /work/evo_out/Compress_27f/budget60_seed1/tests/org/apache/commons/compress/archivers/tar/TarUtils_ESTest_scaffolding.java

[exit=0 timeout=False time=0.6s]

$ java -jar /opt/jacoco/lib/jacococli.jar instrument /work/Compress_27f/target/classes --dest /work/evo_out/Compress_27f/budget60_seed1/instrumented
[INFO] 191 classes instrumented to /work/evo_out/Compress_27f/budget60_seed1/instrumented.

[exit=0 timeout=False time=0.3s]

$ java -Djacoco-agent.destfile=/workspace/EvoSuite/Result_Round1/Compress_27/budget60_seed1/jacoco.exec -cp /work/evo_out/Compress_27f/budget60_seed1/instrumented:/work/evo_out/Compress_27f/budget60_seed1/classes:/opt/defects4j/framework/projects/lib/junit-4.12-hamcrest-1.3.jar:/opt/defects4j/framework/projects/Compress/lib/org/tukaani/xz/1.5/xz-1.5.jar:/work/Compress_27f/target/classes:/work/Compress_27f/target/test-classes:/opt/evosuite/evosuite-standalone-runtime-1.2.0.jar:/opt/jacoco/lib/jacocoagent.jar org.junit.runner.JUnitCore org.apache.commons.compress.archivers.tar.TarUtils_ESTest
JUnit version 4.12
.....................................................
Time: 0.424

OK (53 tests)

SLF4J: Failed to load class "org.slf4j.impl.StaticLoggerBinder".
SLF4J: Defaulting to no-operation (NOP) logger implementation
SLF4J: See http://www.slf4j.org/codes.html#StaticLoggerBinder for further details.
WARNING: An illegal reflective access operation has occurred
WARNING: Illegal reflective access by org.evosuite.runtime.GuiSupport (file:/opt/evosuite/evosuite-standalone-runtime-1.2.0.jar) to field java.awt.GraphicsEnvironment.headless
WARNING: Please consider reporting this to the maintainers of org.evosuite.runtime.GuiSupport
WARNING: Use --illegal-access=warn to enable warnings of further illegal reflective access operations
WARNING: All illegal access operations will be denied in a future release

[exit=0 timeout=False time=0.6s]

$ java -jar /opt/jacoco/lib/jacococli.jar report /workspace/EvoSuite/Result_Round1/Compress_27/budget60_seed1/jacoco.exec --classfiles /work/Compress_27f/target/classes --csv /workspace/EvoSuite/Result_Round1/Compress_27/budget60_seed1/jacoco.csv
[INFO] Loading execution data file /workspace/EvoSuite/Result_Round1/Compress_27/budget60_seed1/jacoco.exec.
[INFO] Analyzing 177 classes.

[exit=0 timeout=False time=0.3s]

$ java -cp /work/evo_out/Compress_27f/budget60_seed1/classes:/opt/defects4j/framework/projects/lib/junit-4.12-hamcrest-1.3.jar:/opt/defects4j/framework/projects/Compress/lib/org/tukaani/xz/1.5/xz-1.5.jar:/work/Compress_27b/target/classes:/work/Compress_27b/target/test-classes:/opt/evosuite/evosuite-standalone-runtime-1.2.0.jar org.junit.runner.JUnitCore org.apache.commons.compress.archivers.tar.TarUtils_ESTest
JUnit version 4.12
...............................E......................
Time: 0.396
There was 1 failure:
1) test44(org.apache.commons.compress.archivers.tar.TarUtils_ESTest)
org.evosuite.runtime.mock.java.lang.MockIllegalArgumentException: Invalid byte 32 at offset 1 in ' {NUL}{NUL}{NUL}' len=4
	at org.apache.commons.compress.archivers.tar.TarUtils.parseOctal(TarUtils.java:135)
	at org.apache.commons.compress.archivers.tar.TarUtils.parseOctalOrBinary(TarUtils.java:173)
	at org.apache.commons.compress.archivers.tar.TarUtils_ESTest.test44(TarUtils_ESTest.java:610)
	at java.base/jdk.internal.reflect.NativeMethodAccessorImpl.invoke0(Native Method)
	at java.base/jdk.internal.reflect.NativeMethodAccessorImpl.invoke(NativeMethodAccessorImpl.java:62)
	at java.base/jdk.internal.reflect.DelegatingMethodAccessorImpl.invoke(DelegatingMethodAccessorImpl.java:43)
	at java.base/java.lang.reflect.Method.invoke(Method.java:566)
	at org.junit.runners.model.FrameworkMethod$1.runReflectiveCall(FrameworkMethod.java:50)
	at org.junit.internal.runners.model.ReflectiveCallable.run(ReflectiveCallable.java:12)
	at org.junit.runners.model.FrameworkMethod.invokeExplosively(FrameworkMethod.java:47)
	at org.junit.internal.runners.statements.InvokeMethod.evaluate(InvokeMethod.java:17)
	at org.junit.internal.runners.statements.FailOnTimeout$CallableStatement.call(FailOnTimeout.java:298)
	at org.junit.internal.runners.statements.FailOnTimeout$CallableStatement.call(FailOnTimeout.java:292)
	at java.base/java.util.concurrent.FutureTask.run(FutureTask.java:264)
	at java.base/java.lang.Thread.run(Thread.java:829)

FAILURES!!!
Tests run: 53,  Failures: 1

SLF4J: Failed to load class "org.slf4j.impl.StaticLoggerBinder".
SLF4J: Defaulting to no-operation (NOP) logger implementation
SLF4J: See http://www.slf4j.org/codes.html#StaticLoggerBinder for further details.
WARNING: An illegal reflective access operation has occurred
WARNING: Illegal reflective access by org.evosuite.runtime.GuiSupport (file:/opt/evosuite/evosuite-standalone-runtime-1.2.0.jar) to field java.awt.GraphicsEnvironment.headless
WARNING: Please consider reporting this to the maintainers of org.evosuite.runtime.GuiSupport
WARNING: Use --illegal-access=warn to enable warnings of further illegal reflective access operations
WARNING: All illegal access operations will be denied in a future release

[exit=1 timeout=False time=0.6s]
