
$ defects4j checkout -p Math -v 67f -w /work/Math_67f
Checking out d4b02f6a to /work/Math_67f.................................... OK
Init local repository...................................................... OK
Tag post-fix revision...................................................... OK
Run post-checkout hook..................................................... OK
Excluding broken/flaky tests............................................... OK
Excluding broken/flaky tests............................................... OK
Excluding broken/flaky tests............................................... OK
Initialize fixed program version........................................... OK
Apply patch................................................................ OK
Initialize buggy program version........................................... OK
Diff d4b02f6a:1a637a44..................................................... OK
Apply patch................................................................ OK
Tag pre-fix revision....................................................... OK
Check out program version: Math-67f........................................ OK

[exit=0 timeout=False time=4.0s]

$ defects4j compile -w /work/Math_67f
Running ant (compile)...................................................... OK
Running ant (compile.tests)................................................ OK

[exit=0 timeout=False time=11.5s]

$ defects4j checkout -p Math -v 67b -w /work/Math_67b
Checking out d4b02f6a to /work/Math_67b.................................... OK
Init local repository...................................................... OK
Tag post-fix revision...................................................... OK
Run post-checkout hook..................................................... OK
Excluding broken/flaky tests............................................... OK
Excluding broken/flaky tests............................................... OK
Excluding broken/flaky tests............................................... OK
Initialize fixed program version........................................... OK
Apply patch................................................................ OK
Initialize buggy program version........................................... OK
Diff d4b02f6a:1a637a44..................................................... OK
Apply patch................................................................ OK
Tag pre-fix revision....................................................... OK
Check out program version: Math-67b........................................ OK

[exit=0 timeout=False time=4.1s]

$ defects4j compile -w /work/Math_67b
Running ant (compile)...................................................... OK
Running ant (compile.tests)................................................ OK

[exit=0 timeout=False time=11.9s]

$ java -Djava.awt.headless=true -cp /opt/defects4j/framework/projects/lib/junit-4.12-hamcrest-1.3.jar:/opt/evosuite/evosuite-1.2.0.jar:/work/Math_67f/target/classes:/work/Math_67f/target/test-classes org.evosuite.EvoSuite -generateSuite -class org.apache.commons.math.optimization.MultiStartUnivariateRealOptimizer -projectCP /opt/defects4j/framework/projects/lib/junit-4.12-hamcrest-1.3.jar:/work/Math_67f/target/classes:/work/Math_67f/target/test-classes -Dcriterion=LINE:BRANCH:EXCEPTION -Dsearch_budget=60 -seed 1 -Dtest_dir=/work/evo_out/Math_67f/budget60_seed1/tests -Dreport_dir=/work/evo_out/Math_67f/budget60_seed1/report
* EvoSuite 1.2.0
* Going to generate test cases for class: org.apache.commons.math.optimization.MultiStartUnivariateRealOptimizer
* Starting Client-0
* Connecting to master process on port 9922
* Analyzing classpath: 
  - /opt/defects4j/framework/projects/lib/junit-4.12-hamcrest-1.3.jar
  - /work/Math_67f/target/classes
  - /work/Math_67f/target/test-classes
* Finished analyzing classpath
* Generating tests for class org.apache.commons.math.optimization.MultiStartUnivariateRealOptimizer
* Test criteria:
  - Line Coverage
  - Branch Coverage
  - Exception
* Setting up search algorithm for whole suite generation
* Total number of test goals: 
  - Line 93

[Progress:>                             0%] [Cov:>                                  0%]  - Branch 51
  - Exception 0
* Using seed 1
* Starting evolution

[Progress:>                             0%] [Cov:===>                               11%]
[Progress:>                             0%] [Cov:======>                            19%]
[Progress:>                             0%] [Cov:==================>                52%]
[Progress:>                             0%] [Cov:========================>          71%]
[Progress:>                             1%] [Cov:=======>                           21%]
[Progress:>                             1%] [Cov:==============>                    41%]
[Progress:>                             1%] [Cov:==========================>        75%]
[Progress:>                             1%] [Cov:==========================>        76%]
[Progress:>                             3%] [Cov:=====>                             15%]
[Progress:>                             3%] [Cov:=========>                         28%]
[Progress:>                             3%] [Cov:=====================>             61%]
[Progress:>                             3%] [Cov:==========================>        77%]
[Progress:>                             3%] [Cov:============================>      80%]
[Progress:=>                            5%] [Cov:=======>                           22%]
[Progress:=>                            5%] [Cov:==============>                    40%]
[Progress:=>                            5%] [Cov:=========================>         74%]
[Progress:=>                            5%] [Cov:=============================>     83%]
[Progress:=>                            6%] [Cov:=======>                           21%]
[Progress:=>                            6%] [Cov:=============>                     38%]
[Progress:=>                            6%] [Cov:========================>          71%]
[Progress:=>                            6%] [Cov:=============================>     83%]
[Progress:==>                           8%] [Cov:=======================>           67%]
[Progress:==>                           8%] [Cov:=========================>         72%]
[Progress:==>                           8%] [Cov:==========================>        77%]
[Progress:==>                           8%] [Cov:===========================>       79%]
[Progress:==>                           8%] [Cov:============================>      80%]
[Progress:==>                           8%] [Cov:==============================>    87%]
[Progress:==>                           8%] [Cov:================================>  94%]
[Progress:===>                          10%] [Cov:================================>  94%]
[Progress:===>                          10%] [Cov:================================>  94%]
[Progress:===>                          11%] [Cov:================================>  94%]
[Progress:===>                          11%] [Cov:================================>  94%]
[Progress:===>                          11%] [Cov:=================================> 95%]
[Progress:===>                          13%] [Cov:================================>  94%]
[Progress:===>                          13%] [Cov:=================================> 95%]
[Progress:====>                         15%] [Cov:=================================> 95%]
[Progress:====>                         15%] [Cov:=================================> 95%]
[Progress:====>                         15%] [Cov:=================================> 95%]
[Progress:====>                         16%] [Cov:=================================> 95%]
[Progress:=====>                        18%] [Cov:=================================> 95%]
[Progress:=====>                        18%] [Cov:=================================> 95%]
[Progress:======>                       20%] [Cov:=================================> 95%]
[Progress:======>                       21%] [Cov:=================================> 95%]
[Progress:======>                       21%] [Cov:=================================> 95%]
[Progress:======>                       23%] [Cov:=================================> 95%]
[Progress:======>                       23%] [Cov:=================================> 95%]
[Progress:=======>                      25%] [Cov:=================================> 95%]
[Progress:=======>                      26%] [Cov:=================================> 95%]
[Progress:=======>                      26%] [Cov:=================================> 95%]
[Progress:========>                     28%] [Cov:=================================> 95%]
[Progress:=========>                    30%] [Cov:=================================> 95%]
[Progress:=========>                    30%] [Cov:=================================> 95%]
[Progress:=========>                    31%] [Cov:=================================> 95%]
[Progress:=========>                    31%] [Cov:=================================> 95%]
[Progress:=========>                    33%] [Cov:=================================> 95%]
[Progress:=========>                    33%] [Cov:=================================> 95%]
[Progress:==========>                   35%] [Cov:=================================> 95%]
[Progress:==========>                   35%] [Cov:=================================> 95%]
[Progress:==========>                   36%] [Cov:=================================> 95%]
[Progress:==========>                   36%] [Cov:=================================> 95%]
[Progress:===========>                  38%] [Cov:=================================> 95%]
[Progress:===========>                  38%] [Cov:=================================> 95%]
[Progress:============>                 40%] [Cov:=================================> 95%]
[Progress:============>                 40%] [Cov:=================================> 95%]
[Progress:============>                 41%] [Cov:=================================> 95%]
[Progress:============>                 41%] [Cov:=================================> 95%]
[Progress:============>                 43%] [Cov:=================================> 95%]
[Progress:============>                 43%] [Cov:=================================> 95%]
[Progress:=============>                45%] [Cov:=================================> 95%]
[Progress:=============>                45%] [Cov:=================================> 95%]
[Progress:=============>                46%] [Cov:=================================> 95%]
[Progress:==============>               48%] [Cov:=================================> 95%]
[Progress:==============>               48%] [Cov:=================================> 95%]
[Progress:===============>              50%] [Cov:=================================> 95%]
[Progress:===============>              50%] [Cov:=================================> 95%]
[Progress:===============>              51%] [Cov:=================================> 95%]
[Progress:===============>              51%] [Cov:=================================> 95%]
[Progress:===============>              53%] [Cov:=================================> 95%]
[Progress:===============>              53%] [Cov:=================================> 95%]
[Progress:================>             55%] [Cov:=================================> 95%]
[Progress:================>             56%] [Cov:=================================> 95%]
[Progress:================>             56%] [Cov:=================================> 95%]
[Progress:=================>            58%] [Cov:=================================> 95%]
[Progress:=================>            58%] [Cov:=================================> 95%]
[Progress:==================>           60%] [Cov:=================================> 95%]
[Progress:==================>           61%] [Cov:=================================> 95%]
[Progress:==================>           61%] [Cov:=================================> 95%]
[Progress:==================>           63%] [Cov:=================================> 95%]
[Progress:===================>          65%] [Cov:=================================> 95%]
[Progress:===================>          65%] [Cov:=================================> 95%]
[Progress:===================>          66%] [Cov:=================================> 95%]
[Progress:===================>          66%] [Cov:=================================> 95%]
[Progress:====================>         68%] [Cov:=================================> 95%]
[Progress:=====================>        70%] [Cov:=================================> 95%]
[Progress:=====================>        70%] [Cov:=================================> 95%]
[Progress:=====================>        71%] [Cov:=================================> 95%]
[Progress:=====================>        71%] [Cov:=================================> 95%]
[Progress:=====================>        73%] [Cov:=================================> 95%]
[Progress:======================>       75%] [Cov:=================================> 95%]
[Progress:======================>       76%] [Cov:=================================> 95%]
[Progress:======================>       76%] [Cov:=================================> 95%]
[Progress:=======================>      78%] [Cov:=================================> 95%]
[Progress:========================>     80%] [Cov:=================================> 95%]
[Progress:========================>     80%] [Cov:=================================> 95%]
[Progress:========================>     81%] [Cov:=================================> 95%]
[Progress:========================>     81%] [Cov:=================================> 95%]
[Progress:========================>     83%] [Cov:=================================> 95%]
[Progress:=========================>    85%] [Cov:=================================> 95%]
[Progress:=========================>    85%] [Cov:=================================> 95%]
[Progress:=========================>    86%] [Cov:=================================> 95%]
[Progress:==========================>   88%] [Cov:=================================> 95%]
[Progress:==========================>   88%] [Cov:=================================> 95%]
[Progress:===========================>  90%] [Cov:=================================> 95%]
[Progress:===========================>  90%] [Cov:=================================> 95%]
[Progress:===========================>  91%] [Cov:=================================> 95%]
[Progress:===========================>  93%] [Cov:=================================> 95%]
[Progress:===========================>  93%] [Cov:=================================> 95%]
[Progress:============================> 95%] [Cov:=================================> 95%]
[Progress:============================> 95%] [Cov:=================================> 95%]
[Progress:============================> 96%] [Cov:=================================> 95%]
[Progress:=============================>98%] [Cov:=================================> 95%]
[Progress:=============================>98%] [Cov:=================================> 95%]
[Progress:==============================100%] [Cov:=================================> 95%]
[Progress:==============================100%] [Cov:=================================> 95%]
[Progress:==============================100%] [Cov:=================================> 95%]
[Progress:==============================100%] [Cov:=================================> 95%]
* Search finished after 61s and 42 generations, 33998 statements, best individual has fitness: 1.9590909090909092
* Minimizing test suite
* Going to analyze the coverage criteria
* Coverage analysis for criterion LINE
* Coverage of criterion LINE: 89%
* Total number of goals: 93
* Number of covered goals: 83
* Coverage analysis for criterion BRANCH
* Coverage of criterion BRANCH: 98%
* Total number of goals: 51
* Number of covered goals: 50
* Coverage analysis for criterion EXCEPTION
* Coverage of criterion EXCEPTION: 100%
* Total number of goals: 19
* Number of covered goals: 19
* Generated 30 tests with total length 135
* Resulting test suite's coverage: 96% (average coverage for all fitness functions)
* Generating assertions
* Resulting test suite's mutation score: 35%
* Compiling and checking tests
* Writing tests to file
* Writing JUnit test case 'MultiStartUnivariateRealOptimizer_ESTest' to /work/evo_out/Math_67f/budget60_seed1/tests
* Done!

* Computation finished

[exit=0 timeout=False time=130.5s]

$ javac -nowarn -cp /work/Math_67f/target/classes:/opt/defects4j/framework/projects/lib/junit-4.12-hamcrest-1.3.jar:/work/Math_67f/target/classes:/work/Math_67f/target/test-classes:/opt/evosuite/evosuite-standalone-runtime-1.2.0.jar -d /work/evo_out/Math_67f/budget60_seed1/classes /work/evo_out/Math_67f/budget60_seed1/tests/org/apache/commons/math/optimization/MultiStartUnivariateRealOptimizer_ESTest.java /work/evo_out/Math_67f/budget60_seed1/tests/org/apache/commons/math/optimization/MultiStartUnivariateRealOptimizer_ESTest_scaffolding.java

[exit=0 timeout=False time=1.0s]

$ java -jar /opt/jacoco/lib/jacococli.jar instrument /work/Math_67f/target/classes --dest /work/evo_out/Math_67f/budget60_seed1/instrumented
[INFO] 594 classes instrumented to /work/evo_out/Math_67f/budget60_seed1/instrumented.

[exit=0 timeout=False time=0.7s]

$ java -Djacoco-agent.destfile=/workspace/EvoSuite/Result_Round1/Math_67/budget60_seed1/jacoco.exec -cp /work/evo_out/Math_67f/budget60_seed1/instrumented:/work/evo_out/Math_67f/budget60_seed1/classes:/opt/defects4j/framework/projects/lib/junit-4.12-hamcrest-1.3.jar:/work/Math_67f/target/classes:/work/Math_67f/target/test-classes:/opt/evosuite/evosuite-standalone-runtime-1.2.0.jar:/opt/jacoco/lib/jacocoagent.jar org.junit.runner.JUnitCore org.apache.commons.math.optimization.MultiStartUnivariateRealOptimizer_ESTest
JUnit version 4.12
..............................
Time: 1.572

OK (30 tests)

SLF4J: Failed to load class "org.slf4j.impl.StaticLoggerBinder".
SLF4J: Defaulting to no-operation (NOP) logger implementation
SLF4J: See http://www.slf4j.org/codes.html#StaticLoggerBinder for further details.
WARNING: An illegal reflective access operation has occurred
WARNING: Illegal reflective access by org.evosuite.runtime.GuiSupport (file:/opt/evosuite/evosuite-standalone-runtime-1.2.0.jar) to field java.awt.GraphicsEnvironment.headless
WARNING: Please consider reporting this to the maintainers of org.evosuite.runtime.GuiSupport
WARNING: Use --illegal-access=warn to enable warnings of further illegal reflective access operations
WARNING: All illegal access operations will be denied in a future release

[exit=0 timeout=False time=2.0s]

$ java -jar /opt/jacoco/lib/jacococli.jar report /workspace/EvoSuite/Result_Round1/Math_67/budget60_seed1/jacoco.exec --classfiles /work/Math_67f/target/classes --csv /workspace/EvoSuite/Result_Round1/Math_67/budget60_seed1/jacoco.csv
[INFO] Loading execution data file /workspace/EvoSuite/Result_Round1/Math_67/budget60_seed1/jacoco.exec.
[INFO] Analyzing 455 classes.

[exit=0 timeout=False time=0.6s]

$ java -cp /work/evo_out/Math_67f/budget60_seed1/classes:/opt/defects4j/framework/projects/lib/junit-4.12-hamcrest-1.3.jar:/work/Math_67b/target/classes:/work/Math_67b/target/test-classes:/opt/evosuite/evosuite-standalone-runtime-1.2.0.jar org.junit.runner.JUnitCore org.apache.commons.math.optimization.MultiStartUnivariateRealOptimizer_ESTest
JUnit version 4.12
..............................
Time: 1.519

OK (30 tests)

SLF4J: Failed to load class "org.slf4j.impl.StaticLoggerBinder".
SLF4J: Defaulting to no-operation (NOP) logger implementation
SLF4J: See http://www.slf4j.org/codes.html#StaticLoggerBinder for further details.
WARNING: An illegal reflective access operation has occurred
WARNING: Illegal reflective access by org.evosuite.runtime.GuiSupport (file:/opt/evosuite/evosuite-standalone-runtime-1.2.0.jar) to field java.awt.GraphicsEnvironment.headless
WARNING: Please consider reporting this to the maintainers of org.evosuite.runtime.GuiSupport
WARNING: Use --illegal-access=warn to enable warnings of further illegal reflective access operations
WARNING: All illegal access operations will be denied in a future release

[exit=0 timeout=False time=1.8s]
