
$ javac -nowarn -encoding UTF-8 -cp /work/Lang_35f/target/classes:/opt/defects4j/framework/projects/Lang/lib/junit/junit/4.7/junit-4.7.jar:/opt/defects4j/framework/projects/Lang/lib/org/easymock/easymock/2.5.2/easymock-2.5.2.jar:/work/Lang_35f/target/test-classes:/opt/defects4j/framework/projects/Lang/lib/cglib.jar:/opt/defects4j/framework/projects/Lang/lib/asm.jar:/opt/defects4j/framework/projects/Lang/lib/easymock.jar:/opt/defects4j/framework/projects/Lang/lib/commons-io.jar:/opt/defects4j/framework/projects/lib/junit-4.12-hamcrest-1.3.jar:/work/jqwik_harness:/workspace/lib/jqwik/jqwik-1.7.4.jar:/workspace/lib/jqwik/jqwik-api-1.7.4.jar:/workspace/lib/jqwik/jqwik-engine-1.7.4.jar -d /work/jqwik_out/Lang_35/auto_round1_tries200_seed2/classes_f /workspace/jqwik/Auto/Lang_35/org/apache/commons/lang3/ArrayUtils_AutoPbtTest.java

[exit=0 timeout=False time=8.4s]

$ javac -nowarn -encoding UTF-8 -cp /work/Lang_35b/target/classes:/opt/defects4j/framework/projects/Lang/lib/junit/junit/4.7/junit-4.7.jar:/opt/defects4j/framework/projects/Lang/lib/org/easymock/easymock/2.5.2/easymock-2.5.2.jar:/work/Lang_35b/target/test-classes:/opt/defects4j/framework/projects/Lang/lib/cglib.jar:/opt/defects4j/framework/projects/Lang/lib/asm.jar:/opt/defects4j/framework/projects/Lang/lib/easymock.jar:/opt/defects4j/framework/projects/Lang/lib/commons-io.jar:/opt/defects4j/framework/projects/lib/junit-4.12-hamcrest-1.3.jar:/work/jqwik_harness:/workspace/lib/jqwik/jqwik-1.7.4.jar:/workspace/lib/jqwik/jqwik-api-1.7.4.jar:/workspace/lib/jqwik/jqwik-engine-1.7.4.jar -d /work/jqwik_out/Lang_35/auto_round1_tries200_seed2/classes_b /workspace/jqwik/Auto/Lang_35/org/apache/commons/lang3/ArrayUtils_AutoPbtTest.java

[exit=0 timeout=False time=8.8s]

$ java -Djava.awt.headless=true -Xss4m -Xmx1g -Dpbt.seed=2 -Dpbt.tries=200 -Dpbt.snapshot.dir=/work/jqwik_out/Lang_35/auto_round1_tries200_seed2/snapshots -Dpbt.propertyBudgetMs=5000 -Dpbt.mask=/work/Lang_35f:/work/Lang_35b:/work/jqwik_out/Lang_35/auto_round1_tries200_seed2/classes_f:/work/jqwik_out/Lang_35/auto_round1_tries200_seed2/classes_b -Dpbt.mode=record -jar /workspace/lib/jqwik/junit-platform-console-standalone-1.9.3.jar --disable-banner --details tree --class-path /work/jqwik_out/Lang_35/auto_round1_tries200_seed2/classes_f:/work/Lang_35f/target/classes:/opt/defects4j/framework/projects/Lang/lib/junit/junit/4.7/junit-4.7.jar:/opt/defects4j/framework/projects/Lang/lib/org/easymock/easymock/2.5.2/easymock-2.5.2.jar:/work/Lang_35f/target/test-classes:/opt/defects4j/framework/projects/Lang/lib/cglib.jar:/opt/defects4j/framework/projects/Lang/lib/asm.jar:/opt/defects4j/framework/projects/Lang/lib/easymock.jar:/opt/defects4j/framework/projects/Lang/lib/commons-io.jar:/opt/defects4j/framework/projects/lib/junit-4.12-hamcrest-1.3.jar:/work/jqwik_harness:/workspace/lib/jqwik/jqwik-1.7.4.jar:/workspace/lib/jqwik/jqwik-api-1.7.4.jar:/workspace/lib/jqwik/jqwik-engine-1.7.4.jar --scan-class-path /work/jqwik_out/Lang_35/auto_round1_tries200_seed2/classes_f --include-classname .* --include-engine jqwik --config jqwik.database=/workspace/jqwik/Result_auto_Round1/Lang_35/tries200_seed2/reports_record/jqwik-database --config jqwik.tries.default=200 --reports-dir /workspace/jqwik/Result_auto_Round1/Lang_35/tries200_seed2/reports_record
  ├─[0m [34mm076 isSameLength[0m [32m✔[0m
[36m      ├─[0m [34mm089 lastIndexOf[0m [32m✔[0m
[36m      ├─[0m [34mm023 addAll[0m [32m✔[0m
[36m      ├─[0m [34mm034 contains[0m [32m✔[0m
[36m      ├─[0m [34mm097 lastIndexOf[0m [32m✔[0m
[36m      ├─[0m [34mm126 subarray[0m [32m✔[0m
[36m      ├─[0m [34mm117 reverse[0m [32m✔[0m
[36m      ├─[0m [34mm041 indexOf[0m [32m✔[0m
[36m      ├─[0m [34mm037 getLength[0m [32m✔[0m
[36m      ├─[0m [34mm033 contains[0m [32m✔[0m
[36m      ├─[0m [34mm111 removeElement[0m [32m✔[0m
[36m      ├─[0m [34mm125 subarray[0m [32m✔[0m
[36m      ├─[0m [34mm088 lastIndexOf[0m [32m✔[0m
[36m      ├─[0m [34mm058 isEmpty[0m [32m✔[0m
[36m      ├─[0m [34mm096 lastIndexOf[0m [32m✔[0m
[36m      ├─[0m [34mm048 indexOf[0m [32m✔[0m
[36m      ├─[0m [34mm101 remove[0m [32m✔[0m
[36m      ├─[0m [34mm122 reverse[0m [32m✔[0m
[36m      ├─[0m [34mm032 contains[0m [32m✔[0m
[36m      ├─[0m [34mm075 isSameLength[0m [32m✔[0m
[36m      ├─[0m [34mm079 lastIndexOf[0m [32m✔[0m
[36m      ├─[0m [34mm114 removeElement[0m [32m✔[0m
[36m      ├─[0m [34mm106 remove[0m [32m✔[0m
[36m      ├─[0m [34mm063 isEmpty[0m [32m✔[0m
[36m      ├─[0m [34mm087 lastIndexOf[0m [32m✔[0m
[36m      ├─[0m [34mm038 indexOf[0m [32m✔[0m
[36m      ├─[0m [34mm031 contains[0m [32m✔[0m
[36m      ├─[0m [34mm053 indexOf[0m [32m✔[0m
[36m      ├─[0m [34mm095 lastIndexOf[0m [32m✔[0m
[36m      ├─[0m [34mm078 lastIndexOf[0m [32m✔[0m
[36m      ├─[0m [34mm021 addAll[0m [32m✔[0m
[36m      ├─[0m [34mm098 remove[0m [32m✔[0m
[36m      ├─[0m [34mm119 reverse[0m [32m✔[0m
[36m      ├─[0m [34mm030 contains[0m [32m✔[0m
[36m      ├─[0m [34mm043 indexOf[0m [32m✔[0m
[36m      ├─[0m [34mm086 lastIndexOf[0m [32m✔[0m
[36m      ├─[0m [34mm029 contains[0m [32m✔[0m
[36m      ├─[0m [34mm026 addAll[0m [32m✔[0m
[36m      ├─[0m [34mm094 lastIndexOf[0m [32m✔[0m
[36m      ├─[0m [34mm074 isSameLength[0m [32m✔[0m
[36m      ├─[0m [34mm028 contains[0m [32m✔[0m
[36m      ├─[0m [34mm124 reverse[0m [32m✔[0m
[36m      ├─[0m [34mm085 lastIndexOf[0m [32m✔[0m
[36m      ├─[0m [34mm107 removeElement[0m [32m✔[0m
[36m      ├─[0m [34mm093 lastIndexOf[0m [32m✔[0m
[36m      ├─[0m [34mm065 isEmpty[0m [32m✔[0m
[36m      ├─[0m [34mm069 isSameLength[0m [32m✔[0m
[36m      ├─[0m [34mm027 contains[0m [32m✔[0m
[36m      ├─[0m [34mm055 indexOf[0m [32m✔[0m
[36m      ├─[0m [34mm104 remove[0m [32m✔[0m
[36m      ├─[0m [34mm000 add[0m [32m✔[0m
[36m      ├─[0m [34mm001 add[0m [32m✔[0m
[36m      ├─[0m [34mm002 add[0m [32m✔[0m
[36m      ├─[0m [34mm003 add[0m [32m✔[0m
[36m      ├─[0m [34mm004 add[0m [32m✔[0m
[36m      ├─[0m [34mm005 add[0m [32m✔[0m
[36m      ├─[0m [34mm006 add[0m [32m✔[0m
[36m      ├─[0m [34mm007 add[0m [32m✔[0m
[36m      ├─[0m [34mm008 add[0m [32m✔[0m
[36m      ├─[0m [34mm009 add[0m [32m✔[0m
[36m      ├─[0m [34mm010 add[0m [32m✔[0m
[36m      ├─[0m [34mm011 add[0m [32m✔[0m
[36m      ├─[0m [34mm012 add[0m [32m✔[0m
[36m      ├─[0m [34mm013 add[0m [32m✔[0m
[36m      ├─[0m [34mm014 add[0m [32m✔[0m
[36m      ├─[0m [34mm015 add[0m [32m✔[0m
[36m      ├─[0m [34mm016 add[0m [32m✔[0m
[36m      ├─[0m [34mm017 add[0m [32m✔[0m
[36m      └─[0m [34mm084 lastIndexOf[0m [32m✔[0m

Test run finished after 60527 ms
[         2 containers found      ]
[         0 containers skipped    ]
[         2 containers started    ]
[         0 containers aborted    ]
[         2 containers successful ]
[         0 containers failed     ]
[       150 tests found           ]
[         0 tests skipped         ]
[       150 tests started         ]
[         0 tests aborted         ]
[       150 tests successful      ]
[         0 tests failed          ]


[exit=0 timeout=False time=70.1s]

$ java -Djava.awt.headless=true -Xss4m -Xmx1g -Dpbt.seed=2 -Dpbt.tries=200 -Dpbt.snapshot.dir=/work/jqwik_out/Lang_35/auto_round1_tries200_seed2/snapshots -Dpbt.propertyBudgetMs=5000 -Dpbt.mask=/work/Lang_35f:/work/Lang_35b:/work/jqwik_out/Lang_35/auto_round1_tries200_seed2/classes_f:/work/jqwik_out/Lang_35/auto_round1_tries200_seed2/classes_b -Dpbt.mode=check -javaagent:/opt/jacoco/lib/jacocoagent.jar=destfile=/workspace/jqwik/Result_auto_Round1/Lang_35/tries200_seed2/jacoco.exec -jar /workspace/lib/jqwik/junit-platform-console-standalone-1.9.3.jar --disable-banner --details tree --class-path /work/jqwik_out/Lang_35/auto_round1_tries200_seed2/classes_f:/work/Lang_35f/target/classes:/opt/defects4j/framework/projects/Lang/lib/junit/junit/4.7/junit-4.7.jar:/opt/defects4j/framework/projects/Lang/lib/org/easymock/easymock/2.5.2/easymock-2.5.2.jar:/work/Lang_35f/target/test-classes:/opt/defects4j/framework/projects/Lang/lib/cglib.jar:/opt/defects4j/framework/projects/Lang/lib/asm.jar:/opt/defects4j/framework/projects/Lang/lib/easymock.jar:/opt/defects4j/framework/projects/Lang/lib/commons-io.jar:/opt/defects4j/framework/projects/lib/junit-4.12-hamcrest-1.3.jar:/work/jqwik_harness:/workspace/lib/jqwik/jqwik-1.7.4.jar:/workspace/lib/jqwik/jqwik-api-1.7.4.jar:/workspace/lib/jqwik/jqwik-engine-1.7.4.jar --scan-class-path /work/jqwik_out/Lang_35/auto_round1_tries200_seed2/classes_f --include-classname .* --include-engine jqwik --config jqwik.database=/workspace/jqwik/Result_auto_Round1/Lang_35/tries200_seed2/reports_fixed/jqwik-database --config jqwik.tries.default=200 --reports-dir /workspace/jqwik/Result_auto_Round1/Lang_35/tries200_seed2/reports_fixed
  ├─[0m [34mm076 isSameLength[0m [32m✔[0m
[36m      ├─[0m [34mm089 lastIndexOf[0m [32m✔[0m
[36m      ├─[0m [34mm023 addAll[0m [32m✔[0m
[36m      ├─[0m [34mm034 contains[0m [32m✔[0m
[36m      ├─[0m [34mm097 lastIndexOf[0m [32m✔[0m
[36m      ├─[0m [34mm126 subarray[0m [32m✔[0m
[36m      ├─[0m [34mm117 reverse[0m [32m✔[0m
[36m      ├─[0m [34mm041 indexOf[0m [32m✔[0m
[36m      ├─[0m [34mm037 getLength[0m [32m✔[0m
[36m      ├─[0m [34mm033 contains[0m [32m✔[0m
[36m      ├─[0m [34mm111 removeElement[0m [32m✔[0m
[36m      ├─[0m [34mm125 subarray[0m [32m✔[0m
[36m      ├─[0m [34mm088 lastIndexOf[0m [32m✔[0m
[36m      ├─[0m [34mm058 isEmpty[0m [32m✔[0m
[36m      ├─[0m [34mm096 lastIndexOf[0m [32m✔[0m
[36m      ├─[0m [34mm048 indexOf[0m [32m✔[0m
[36m      ├─[0m [34mm101 remove[0m [32m✔[0m
[36m      ├─[0m [34mm122 reverse[0m [32m✔[0m
[36m      ├─[0m [34mm032 contains[0m [32m✔[0m
[36m      ├─[0m [34mm075 isSameLength[0m [32m✔[0m
[36m      ├─[0m [34mm079 lastIndexOf[0m [32m✔[0m
[36m      ├─[0m [34mm114 removeElement[0m [32m✔[0m
[36m      ├─[0m [34mm106 remove[0m [32m✔[0m
[36m      ├─[0m [34mm063 isEmpty[0m [32m✔[0m
[36m      ├─[0m [34mm087 lastIndexOf[0m [32m✔[0m
[36m      ├─[0m [34mm038 indexOf[0m [32m✔[0m
[36m      ├─[0m [34mm031 contains[0m [32m✔[0m
[36m      ├─[0m [34mm053 indexOf[0m [32m✔[0m
[36m      ├─[0m [34mm095 lastIndexOf[0m [32m✔[0m
[36m      ├─[0m [34mm078 lastIndexOf[0m [32m✔[0m
[36m      ├─[0m [34mm021 addAll[0m [32m✔[0m
[36m      ├─[0m [34mm098 remove[0m [32m✔[0m
[36m      ├─[0m [34mm119 reverse[0m [32m✔[0m
[36m      ├─[0m [34mm030 contains[0m [32m✔[0m
[36m      ├─[0m [34mm043 indexOf[0m [32m✔[0m
[36m      ├─[0m [34mm086 lastIndexOf[0m [32m✔[0m
[36m      ├─[0m [34mm029 contains[0m [32m✔[0m
[36m      ├─[0m [34mm026 addAll[0m [32m✔[0m
[36m      ├─[0m [34mm094 lastIndexOf[0m [32m✔[0m
[36m      ├─[0m [34mm074 isSameLength[0m [32m✔[0m
[36m      ├─[0m [34mm028 contains[0m [32m✔[0m
[36m      ├─[0m [34mm124 reverse[0m [32m✔[0m
[36m      ├─[0m [34mm085 lastIndexOf[0m [32m✔[0m
[36m      ├─[0m [34mm107 removeElement[0m [32m✔[0m
[36m      ├─[0m [34mm093 lastIndexOf[0m [32m✔[0m
[36m      ├─[0m [34mm065 isEmpty[0m [32m✔[0m
[36m      ├─[0m [34mm069 isSameLength[0m [32m✔[0m
[36m      ├─[0m [34mm027 contains[0m [32m✔[0m
[36m      ├─[0m [34mm055 indexOf[0m [32m✔[0m
[36m      ├─[0m [34mm104 remove[0m [32m✔[0m
[36m      ├─[0m [34mm000 add[0m [32m✔[0m
[36m      ├─[0m [34mm001 add[0m [32m✔[0m
[36m      ├─[0m [34mm002 add[0m [32m✔[0m
[36m      ├─[0m [34mm003 add[0m [32m✔[0m
[36m      ├─[0m [34mm004 add[0m [32m✔[0m
[36m      ├─[0m [34mm005 add[0m [32m✔[0m
[36m      ├─[0m [34mm006 add[0m [32m✔[0m
[36m      ├─[0m [34mm007 add[0m [32m✔[0m
[36m      ├─[0m [34mm008 add[0m [32m✔[0m
[36m      ├─[0m [34mm009 add[0m [32m✔[0m
[36m      ├─[0m [34mm010 add[0m [32m✔[0m
[36m      ├─[0m [34mm011 add[0m [32m✔[0m
[36m      ├─[0m [34mm012 add[0m [32m✔[0m
[36m      ├─[0m [34mm013 add[0m [32m✔[0m
[36m      ├─[0m [34mm014 add[0m [32m✔[0m
[36m      ├─[0m [34mm015 add[0m [32m✔[0m
[36m      ├─[0m [34mm016 add[0m [32m✔[0m
[36m      ├─[0m [34mm017 add[0m [32m✔[0m
[36m      └─[0m [34mm084 lastIndexOf[0m [32m✔[0m

Test run finished after 77784 ms
[         2 containers found      ]
[         0 containers skipped    ]
[         2 containers started    ]
[         0 containers aborted    ]
[         2 containers successful ]
[         0 containers failed     ]
[       150 tests found           ]
[         0 tests skipped         ]
[       150 tests started         ]
[         0 tests aborted         ]
[       150 tests successful      ]
[         0 tests failed          ]


[exit=0 timeout=False time=107.0s]

$ java -jar /opt/jacoco/lib/jacococli.jar report /workspace/jqwik/Result_auto_Round1/Lang_35/tries200_seed2/jacoco.exec --classfiles /work/Lang_35f/target/classes --csv /workspace/jqwik/Result_auto_Round1/Lang_35/tries200_seed2/jacoco.csv
[INFO] Loading execution data file /workspace/jqwik/Result_auto_Round1/Lang_35/tries200_seed2/jacoco.exec.
[INFO] Analyzing 119 classes.

[exit=0 timeout=False time=4.4s]

$ java -Djava.awt.headless=true -Xss4m -Xmx1g -Dpbt.seed=2 -Dpbt.tries=200 -Dpbt.snapshot.dir=/work/jqwik_out/Lang_35/auto_round1_tries200_seed2/snapshots -Dpbt.propertyBudgetMs=5000 -Dpbt.mask=/work/Lang_35f:/work/Lang_35b:/work/jqwik_out/Lang_35/auto_round1_tries200_seed2/classes_f:/work/jqwik_out/Lang_35/auto_round1_tries200_seed2/classes_b -Dpbt.mode=check -jar /workspace/lib/jqwik/junit-platform-console-standalone-1.9.3.jar --disable-banner --details tree --class-path /work/jqwik_out/Lang_35/auto_round1_tries200_seed2/classes_b:/work/Lang_35b/target/classes:/opt/defects4j/framework/projects/Lang/lib/junit/junit/4.7/junit-4.7.jar:/opt/defects4j/framework/projects/Lang/lib/org/easymock/easymock/2.5.2/easymock-2.5.2.jar:/work/Lang_35b/target/test-classes:/opt/defects4j/framework/projects/Lang/lib/cglib.jar:/opt/defects4j/framework/projects/Lang/lib/asm.jar:/opt/defects4j/framework/projects/Lang/lib/easymock.jar:/opt/defects4j/framework/projects/Lang/lib/commons-io.jar:/opt/defects4j/framework/projects/lib/junit-4.12-hamcrest-1.3.jar:/work/jqwik_harness:/workspace/lib/jqwik/jqwik-1.7.4.jar:/workspace/lib/jqwik/jqwik-api-1.7.4.jar:/workspace/lib/jqwik/jqwik-engine-1.7.4.jar --scan-class-path /work/jqwik_out/Lang_35/auto_round1_tries200_seed2/classes_b --include-classname .* --include-engine jqwik --config jqwik.database=/workspace/jqwik/Result_auto_Round1/Lang_35/tries200_seed2/reports_buggy/jqwik-database --config jqwik.tries.default=200 --reports-dir /workspace/jqwik/Result_auto_Round1/Lang_35/tries200_seed2/reports_buggy
36m      ├─[0m [34mm030 contains[0m [32m✔[0m
[36m      ├─[0m [34mm043 indexOf[0m [32m✔[0m
[36m      ├─[0m [34mm086 lastIndexOf[0m [32m✔[0m
[36m      ├─[0m [34mm029 contains[0m [32m✔[0m
[36m      ├─[0m [34mm026 addAll[0m [32m✔[0m
[36m      ├─[0m [34mm094 lastIndexOf[0m [32m✔[0m
[36m      ├─[0m [34mm074 isSameLength[0m [32m✔[0m
[36m      ├─[0m [34mm028 contains[0m [32m✔[0m
[36m      ├─[0m [34mm124 reverse[0m [32m✔[0m
[36m      ├─[0m [34mm085 lastIndexOf[0m [32m✔[0m
[36m      ├─[0m [34mm107 removeElement[0m [32m✔[0m
[36m      ├─[0m [34mm093 lastIndexOf[0m [32m✔[0m
[36m      ├─[0m [34mm065 isEmpty[0m [32m✔[0m
[36m      ├─[0m [34mm069 isSameLength[0m [32m✔[0m
[36m      ├─[0m [34mm027 contains[0m [32m✔[0m
[36m      ├─[0m [34mm055 indexOf[0m [32m✔[0m
[36m      ├─[0m [34mm104 remove[0m [32m✔[0m
[36m      ├─[0m [34mm000 add[0m [32m✔[0m
[36m      ├─[0m [34mm001 add[0m [32m✔[0m
[36m      ├─[0m [34mm002 add[0m [32m✔[0m
[36m      ├─[0m [34mm003 add[0m [32m✔[0m
[36m      ├─[0m [34mm004 add[0m [32m✔[0m
[36m      ├─[0m [34mm005 add[0m [32m✔[0m
[36m      ├─[0m [34mm006 add[0m [32m✔[0m
[36m      ├─[0m [34mm007 add[0m [32m✔[0m
[36m      ├─[0m [34mm008 add[0m [32m✔[0m
[36m      ├─[0m [34mm009 add[0m [32m✔[0m
[36m      ├─[0m [34mm010 add[0m [32m✔[0m
[36m      ├─[0m [34mm011 add[0m [32m✔[0m
[36m      ├─[0m [31mm012 add[0m [31m✘[0m [31m[regression] org.apache.commons.lang3.ArrayUtils.add(java.lang.Object[],int,java.lang.Object)[0m
[36m      │     [0m[31m     input:    add[null, Integer:7, null][0m
[36m      │     [0m[31m     expected: throws java.lang.IllegalArgumentException[0m
[36m      │     [0m[31m     actual:   ret=Object[null][0m
[36m      ├─[0m [34mm013 add[0m [32m✔[0m
[36m      ├─[0m [34mm014 add[0m [32m✔[0m
[36m      ├─[0m [34mm015 add[0m [32m✔[0m
[36m      ├─[0m [34mm016 add[0m [32m✔[0m
[36m      ├─[0m [34mm017 add[0m [32m✔[0m
[36m      └─[0m [34mm084 lastIndexOf[0m [32m✔[0m

Failures (1):
  jqwik (JUnit Platform):ArrayUtils AutoPbtTest:m012 add
    MethodSource [className = 'org.apache.commons.lang3.ArrayUtils_AutoPbtTest', methodName = 'm012_add', methodParameterTypes = 'pbt.auto.AutoTarget$Call']
    => java.lang.AssertionError: [regression] org.apache.commons.lang3.ArrayUtils.add(java.lang.Object[],int,java.lang.Object)
  input:    add[null, Integer:7, null]
  expected: throws java.lang.IllegalArgumentException
  actual:   ret=Object[null]
       pbt.auto.AutoTarget.check(AutoTarget.java:127)
       org.apache.commons.lang3.ArrayUtils_AutoPbtTest.m012_add(ArrayUtils_AutoPbtTest.java:135)
       jdk.internal.reflect.GeneratedMethodAccessor305.invoke(Unknown Source)
       java.base/jdk.internal.reflect.DelegatingMethodAccessorImpl.invoke(DelegatingMethodAccessorImpl.java:43)
       java.base/java.lang.reflect.Method.invoke(Method.java:566)
       org.junit.platform.commons.util.ReflectionUtils.invokeMethod(ReflectionUtils.java:727)
       org.junit.platform.commons.support.ReflectionSupport.invokeMethod(ReflectionSupport.java:198)
       net.jqwik.engine.execution.CheckedPropertyFactory.lambda$createRawFunction$1(CheckedPropertyFactory.java:84)
       net.jqwik.engine.execution.CheckedPropertyFactory.lambda$createRawFunction$2(CheckedPropertyFactory.java:91)
       net.jqwik.engine.properties.CheckedFunction.execute(CheckedFunction.java:17)
       [...]

Test run finished after 65215 ms
[         2 containers found      ]
[         0 containers skipped    ]
[         2 containers started    ]
[         0 containers aborted    ]
[         2 containers successful ]
[         0 containers failed     ]
[       150 tests found           ]
[         0 tests skipped         ]
[       150 tests started         ]
[         0 tests aborted         ]
[       149 tests successful      ]
[         1 tests failed          ]


[exit=1 timeout=False time=72.0s]
