
$ javac -nowarn -encoding UTF-8 -cp /work/Time_2f/target/classes:/opt/defects4j/framework/projects/Time/lib/org/joda/joda-convert/1.2/joda-convert-1.2.jar:/opt/defects4j/framework/projects/Time/lib/junit/junit/3.8.2/junit-3.8.2.jar:/work/Time_2f/target/test-classes:/work/jqwik_harness:/workspace/lib/jqwik/jqwik-1.7.4.jar:/workspace/lib/jqwik/jqwik-api-1.7.4.jar:/workspace/lib/jqwik/jqwik-engine-1.7.4.jar -d /work/jqwik_out/Time_2/auto_round1_tries200_seed3/classes_f /workspace/jqwik/Auto/Time_2/org/joda/time/Partial_AutoPbtTest.java /workspace/jqwik/Auto/Time_2/org/joda/time/field/UnsupportedDurationField_AutoPbtTest.java

[exit=0 timeout=False time=6.8s]

$ javac -nowarn -encoding UTF-8 -cp /work/Time_2b/target/classes:/opt/defects4j/framework/projects/Time/lib/org/joda/joda-convert/1.2/joda-convert-1.2.jar:/opt/defects4j/framework/projects/Time/lib/junit/junit/3.8.2/junit-3.8.2.jar:/work/Time_2b/target/test-classes:/work/jqwik_harness:/workspace/lib/jqwik/jqwik-1.7.4.jar:/workspace/lib/jqwik/jqwik-api-1.7.4.jar:/workspace/lib/jqwik/jqwik-engine-1.7.4.jar -d /work/jqwik_out/Time_2/auto_round1_tries200_seed3/classes_b /workspace/jqwik/Auto/Time_2/org/joda/time/Partial_AutoPbtTest.java /workspace/jqwik/Auto/Time_2/org/joda/time/field/UnsupportedDurationField_AutoPbtTest.java

[exit=0 timeout=False time=7.1s]

$ java -Djava.awt.headless=true -Xss4m -Xmx1g -Dpbt.seed=3 -Dpbt.tries=200 -Dpbt.snapshot.dir=/work/jqwik_out/Time_2/auto_round1_tries200_seed3/snapshots -Dpbt.propertyBudgetMs=5000 -Dpbt.mask=/work/Time_2f:/work/Time_2b:/work/jqwik_out/Time_2/auto_round1_tries200_seed3/classes_f:/work/jqwik_out/Time_2/auto_round1_tries200_seed3/classes_b -Dpbt.mode=record -jar /workspace/lib/jqwik/junit-platform-console-standalone-1.9.3.jar --disable-banner --details tree --class-path /work/jqwik_out/Time_2/auto_round1_tries200_seed3/classes_f:/work/Time_2f/target/classes:/opt/defects4j/framework/projects/Time/lib/org/joda/joda-convert/1.2/joda-convert-1.2.jar:/opt/defects4j/framework/projects/Time/lib/junit/junit/3.8.2/junit-3.8.2.jar:/work/Time_2f/target/test-classes:/work/jqwik_harness:/workspace/lib/jqwik/jqwik-1.7.4.jar:/workspace/lib/jqwik/jqwik-api-1.7.4.jar:/workspace/lib/jqwik/jqwik-engine-1.7.4.jar --scan-class-path /work/jqwik_out/Time_2/auto_round1_tries200_seed3/classes_f --include-classname .* --include-engine jqwik --config jqwik.database=/workspace/jqwik/Result_auto_Round1/Time_2/tries200_seed3/reports_record/jqwik-database --config jqwik.tries.default=200 --reports-dir /workspace/jqwik/Result_auto_Round1/Time_2/tries200_seed3/reports_record
 are not explicitly generated
seed = 3                      | random seed to reproduce generated values


timestamp = 2026-09-27T07:36:46.874031, UnsupportedDurationField AutoPbtTest:m001 add = 
                              |-----------------------jqwik-----------------------
tries = 200                   | # of calls to property
checks = 200                  | # of not rejected calls
generation = RANDOMIZED       | parameters are randomly generated
after-failure = SAMPLE_FIRST  | try previously failed sample, then previous seed
when-fixed-seed = ALLOW       | fixing the random seed is allowed
edge-cases#mode = NONE        | edge cases are not explicitly generated
seed = 3                      | random seed to reproduce generated values


[36m╷[0m
[36m└─[0m [36mjqwik (JUnit Platform)[0m [32m✔[0m
[36m   ├─[0m [36mPartial AutoPbtTest[0m [32m✔[0m
[36m   │  ├─[0m [34mm006 getValues[0m [32m✔[0m
[36m   │  ├─[0m [34mm015 toString[0m [32m✔[0m
[36m   │  ├─[0m [34mm014 toString[0m [32m✔[0m
[36m   │  ├─[0m [34mm009 minus[0m [32m✔[0m
[36m   │  ├─[0m [34mm013 toString[0m [32m✔[0m
[36m   │  ├─[0m [34mm022 withPeriodAdded[0m [32m✔[0m
[36m   │  ├─[0m [34mm007 isMatch[0m [32m✔[0m
[36m   │  ├─[0m [34mm003 getFieldTypes[0m [32m✔[0m
[36m   │  ├─[0m [34mm005 getValue[0m [32m✔[0m
[36m   │  ├─[0m [34mm018 withChronologyRetainFields[0m [32m✔[0m
[36m   │  ├─[0m [34mm011 property[0m [32m✔[0m
[36m   │  ├─[0m [34mm010 plus[0m [32m✔[0m
[36m   │  ├─[0m [34mm021 withFieldAdded[0m [32m✔[0m
[36m   │  ├─[0m [34mm012 size[0m [32m✔[0m
[36m   │  ├─[0m [34mm017 with[0m [32m✔[0m
[36m   │  ├─[0m [34mm016 toStringList[0m [32m✔[0m
[36m   │  ├─[0m [34mm001 getField[0m [32m✔[0m
[36m   │  ├─[0m [34mm020 withFieldAddWrapped[0m [32m✔[0m
[36m   │  ├─[0m [34mm004 getFormatter[0m [32m✔[0m
[36m   │  ├─[0m [34mm023 without[0m [32m✔[0m
[36m   │  ├─[0m [34mm000 getChronology[0m [32m✔[0m
[36m   │  ├─[0m [34mm019 withField[0m [32m✔[0m
[36m   │  ├─[0m [34mm002 getFieldType[0m [32m✔[0m
[36m   │  └─[0m [34mm008 isMatch[0m [32m✔[0m
[36m   └─[0m [36mUnsupportedDurationField AutoPbtTest[0m [32m✔[0m
[36m      ├─[0m [34mm004 getDifference[0m [32m✔[0m
[36m      ├─[0m [34mm015 getValue[0m [32m✔[0m
[36m      ├─[0m [34mm005 getDifferenceAsLong[0m [32m✔[0m
[36m      ├─[0m [34mm014 getValue[0m [32m✔[0m
[36m      ├─[0m [34mm008 getMillis[0m [32m✔[0m
[36m      ├─[0m [34mm002 compareTo[0m [32m✔[0m
[36m      ├─[0m [34mm020 isSupported[0m [32m✔[0m
[36m      ├─[0m [34mm011 getName[0m [32m✔[0m
[36m      ├─[0m [34mm019 isPrecise[0m [32m✔[0m
[36m      ├─[0m [34mm018 hashCode[0m [32m✔[0m
[36m      ├─[0m [34mm006 getInstance[0m [32m✔[0m
[36m      ├─[0m [34mm003 equals[0m [32m✔[0m
[36m      ├─[0m [34mm017 getValueAsLong[0m [32m✔[0m
[36m      ├─[0m [34mm010 getMillis[0m [32m✔[0m
[36m      ├─[0m [34mm013 getUnitMillis[0m [32m✔[0m
[36m      ├─[0m [34mm007 getMillis[0m [32m✔[0m
[36m      ├─[0m [34mm016 getValueAsLong[0m [32m✔[0m
[36m      ├─[0m [34mcontract equalsHashCode[0m [32m✔[0m
[36m      ├─[0m [34mm009 getMillis[0m [32m✔[0m
[36m      ├─[0m [34mcontract compareTo[0m [32m✔[0m
[36m      ├─[0m [34mm012 getType[0m [32m✔[0m
[36m      ├─[0m [34mm021 toString[0m [32m✔[0m
[36m      ├─[0m [34mm000 add[0m [32m✔[0m
[36m      └─[0m [34mm001 add[0m [32m✔[0m

Test run finished after 23235 ms
[         3 containers found      ]
[         0 containers skipped    ]
[         3 containers started    ]
[         0 containers aborted    ]
[         3 containers successful ]
[         0 containers failed     ]
[        48 tests found           ]
[         0 tests skipped         ]
[        48 tests started         ]
[         0 tests aborted         ]
[        48 tests successful      ]
[         0 tests failed          ]


[exit=0 timeout=False time=31.2s]

$ java -Djava.awt.headless=true -Xss4m -Xmx1g -Dpbt.seed=3 -Dpbt.tries=200 -Dpbt.snapshot.dir=/work/jqwik_out/Time_2/auto_round1_tries200_seed3/snapshots -Dpbt.propertyBudgetMs=5000 -Dpbt.mask=/work/Time_2f:/work/Time_2b:/work/jqwik_out/Time_2/auto_round1_tries200_seed3/classes_f:/work/jqwik_out/Time_2/auto_round1_tries200_seed3/classes_b -Dpbt.mode=check -javaagent:/opt/jacoco/lib/jacocoagent.jar=destfile=/workspace/jqwik/Result_auto_Round1/Time_2/tries200_seed3/jacoco.exec -jar /workspace/lib/jqwik/junit-platform-console-standalone-1.9.3.jar --disable-banner --details tree --class-path /work/jqwik_out/Time_2/auto_round1_tries200_seed3/classes_f:/work/Time_2f/target/classes:/opt/defects4j/framework/projects/Time/lib/org/joda/joda-convert/1.2/joda-convert-1.2.jar:/opt/defects4j/framework/projects/Time/lib/junit/junit/3.8.2/junit-3.8.2.jar:/work/Time_2f/target/test-classes:/work/jqwik_harness:/workspace/lib/jqwik/jqwik-1.7.4.jar:/workspace/lib/jqwik/jqwik-api-1.7.4.jar:/workspace/lib/jqwik/jqwik-engine-1.7.4.jar --scan-class-path /work/jqwik_out/Time_2/auto_round1_tries200_seed3/classes_f --include-classname .* --include-engine jqwik --config jqwik.database=/workspace/jqwik/Result_auto_Round1/Time_2/tries200_seed3/reports_fixed/jqwik-database --config jqwik.tries.default=200 --reports-dir /workspace/jqwik/Result_auto_Round1/Time_2/tries200_seed3/reports_fixed
 are not explicitly generated
seed = 3                      | random seed to reproduce generated values


timestamp = 2026-09-27T07:37:23.126523, UnsupportedDurationField AutoPbtTest:m001 add = 
                              |-----------------------jqwik-----------------------
tries = 200                   | # of calls to property
checks = 200                  | # of not rejected calls
generation = RANDOMIZED       | parameters are randomly generated
after-failure = SAMPLE_FIRST  | try previously failed sample, then previous seed
when-fixed-seed = ALLOW       | fixing the random seed is allowed
edge-cases#mode = NONE        | edge cases are not explicitly generated
seed = 3                      | random seed to reproduce generated values


[36m╷[0m
[36m└─[0m [36mjqwik (JUnit Platform)[0m [32m✔[0m
[36m   ├─[0m [36mPartial AutoPbtTest[0m [32m✔[0m
[36m   │  ├─[0m [34mm006 getValues[0m [32m✔[0m
[36m   │  ├─[0m [34mm015 toString[0m [32m✔[0m
[36m   │  ├─[0m [34mm014 toString[0m [32m✔[0m
[36m   │  ├─[0m [34mm009 minus[0m [32m✔[0m
[36m   │  ├─[0m [34mm013 toString[0m [32m✔[0m
[36m   │  ├─[0m [34mm022 withPeriodAdded[0m [32m✔[0m
[36m   │  ├─[0m [34mm007 isMatch[0m [32m✔[0m
[36m   │  ├─[0m [34mm003 getFieldTypes[0m [32m✔[0m
[36m   │  ├─[0m [34mm005 getValue[0m [32m✔[0m
[36m   │  ├─[0m [34mm018 withChronologyRetainFields[0m [32m✔[0m
[36m   │  ├─[0m [34mm011 property[0m [32m✔[0m
[36m   │  ├─[0m [34mm010 plus[0m [32m✔[0m
[36m   │  ├─[0m [34mm021 withFieldAdded[0m [32m✔[0m
[36m   │  ├─[0m [34mm012 size[0m [32m✔[0m
[36m   │  ├─[0m [34mm017 with[0m [32m✔[0m
[36m   │  ├─[0m [34mm016 toStringList[0m [32m✔[0m
[36m   │  ├─[0m [34mm001 getField[0m [32m✔[0m
[36m   │  ├─[0m [34mm020 withFieldAddWrapped[0m [32m✔[0m
[36m   │  ├─[0m [34mm004 getFormatter[0m [32m✔[0m
[36m   │  ├─[0m [34mm023 without[0m [32m✔[0m
[36m   │  ├─[0m [34mm000 getChronology[0m [32m✔[0m
[36m   │  ├─[0m [34mm019 withField[0m [32m✔[0m
[36m   │  ├─[0m [34mm002 getFieldType[0m [32m✔[0m
[36m   │  └─[0m [34mm008 isMatch[0m [32m✔[0m
[36m   └─[0m [36mUnsupportedDurationField AutoPbtTest[0m [32m✔[0m
[36m      ├─[0m [34mm004 getDifference[0m [32m✔[0m
[36m      ├─[0m [34mm015 getValue[0m [32m✔[0m
[36m      ├─[0m [34mm005 getDifferenceAsLong[0m [32m✔[0m
[36m      ├─[0m [34mm014 getValue[0m [32m✔[0m
[36m      ├─[0m [34mm008 getMillis[0m [32m✔[0m
[36m      ├─[0m [34mm002 compareTo[0m [32m✔[0m
[36m      ├─[0m [34mm020 isSupported[0m [32m✔[0m
[36m      ├─[0m [34mm011 getName[0m [32m✔[0m
[36m      ├─[0m [34mm019 isPrecise[0m [32m✔[0m
[36m      ├─[0m [34mm018 hashCode[0m [32m✔[0m
[36m      ├─[0m [34mm006 getInstance[0m [32m✔[0m
[36m      ├─[0m [34mm003 equals[0m [32m✔[0m
[36m      ├─[0m [34mm017 getValueAsLong[0m [32m✔[0m
[36m      ├─[0m [34mm010 getMillis[0m [32m✔[0m
[36m      ├─[0m [34mm013 getUnitMillis[0m [32m✔[0m
[36m      ├─[0m [34mm007 getMillis[0m [32m✔[0m
[36m      ├─[0m [34mm016 getValueAsLong[0m [32m✔[0m
[36m      ├─[0m [34mcontract equalsHashCode[0m [32m✔[0m
[36m      ├─[0m [34mm009 getMillis[0m [32m✔[0m
[36m      ├─[0m [34mcontract compareTo[0m [32m✔[0m
[36m      ├─[0m [34mm012 getType[0m [32m✔[0m
[36m      ├─[0m [34mm021 toString[0m [32m✔[0m
[36m      ├─[0m [34mm000 add[0m [32m✔[0m
[36m      └─[0m [34mm001 add[0m [32m✔[0m

Test run finished after 26880 ms
[         3 containers found      ]
[         0 containers skipped    ]
[         3 containers started    ]
[         0 containers aborted    ]
[         3 containers successful ]
[         0 containers failed     ]
[        48 tests found           ]
[         0 tests skipped         ]
[        48 tests started         ]
[         0 tests aborted         ]
[        48 tests successful      ]
[         0 tests failed          ]


[exit=0 timeout=False time=50.0s]

$ java -jar /opt/jacoco/lib/jacococli.jar report /workspace/jqwik/Result_auto_Round1/Time_2/tries200_seed3/jacoco.exec --classfiles /work/Time_2f/target/classes --csv /workspace/jqwik/Result_auto_Round1/Time_2/tries200_seed3/jacoco.csv
[INFO] Loading execution data file /workspace/jqwik/Result_auto_Round1/Time_2/tries200_seed3/jacoco.exec.
[INFO] Analyzing 208 classes.

[exit=0 timeout=False time=4.6s]

$ java -Djava.awt.headless=true -Xss4m -Xmx1g -Dpbt.seed=3 -Dpbt.tries=200 -Dpbt.snapshot.dir=/work/jqwik_out/Time_2/auto_round1_tries200_seed3/snapshots -Dpbt.propertyBudgetMs=5000 -Dpbt.mask=/work/Time_2f:/work/Time_2b:/work/jqwik_out/Time_2/auto_round1_tries200_seed3/classes_f:/work/jqwik_out/Time_2/auto_round1_tries200_seed3/classes_b -Dpbt.mode=check -jar /workspace/lib/jqwik/junit-platform-console-standalone-1.9.3.jar --disable-banner --details tree --class-path /work/jqwik_out/Time_2/auto_round1_tries200_seed3/classes_b:/work/Time_2b/target/classes:/opt/defects4j/framework/projects/Time/lib/org/joda/joda-convert/1.2/joda-convert-1.2.jar:/opt/defects4j/framework/projects/Time/lib/junit/junit/3.8.2/junit-3.8.2.jar:/work/Time_2b/target/test-classes:/work/jqwik_harness:/workspace/lib/jqwik/jqwik-1.7.4.jar:/workspace/lib/jqwik/jqwik-api-1.7.4.jar:/workspace/lib/jqwik/jqwik-engine-1.7.4.jar --scan-class-path /work/jqwik_out/Time_2/auto_round1_tries200_seed3/classes_b --include-classname .* --include-engine jqwik --config jqwik.database=/workspace/jqwik/Result_auto_Round1/Time_2/tries200_seed3/reports_buggy/jqwik-database --config jqwik.tries.default=200 --reports-dir /workspace/jqwik/Result_auto_Round1/Time_2/tries200_seed3/reports_buggy
tTest[0m [32m✔[0m
[36m      ├─[0m [34mm004 getDifference[0m [32m✔[0m
[36m      ├─[0m [34mm015 getValue[0m [32m✔[0m
[36m      ├─[0m [34mm005 getDifferenceAsLong[0m [32m✔[0m
[36m      ├─[0m [34mm014 getValue[0m [32m✔[0m
[36m      ├─[0m [34mm008 getMillis[0m [32m✔[0m
[36m      ├─[0m [31mm002 compareTo[0m [31m✘[0m [31m[regression] org.joda.time.field.UnsupportedDurationField.compareTo(org.joda.time.DurationField)[0m
[36m      │     [0m[31m     input:    new UnsupportedDurationField.getInstance[new DurationFieldType.centuries[]].compareTo[null][0m
[36m      │     [0m[31m     expected: throws java.lang.NullPointerException | this=UnsupportedDurationField:UnsupportedDurationField[centuries][0m
[36m      │     [0m[31m     actual:   ret=Integer:0 | this=UnsupportedDurationField:UnsupportedDurationField[centuries][0m
[36m      ├─[0m [34mm020 isSupported[0m [32m✔[0m
[36m      ├─[0m [34mm011 getName[0m [32m✔[0m
[36m      ├─[0m [34mm019 isPrecise[0m [32m✔[0m
[36m      ├─[0m [34mm018 hashCode[0m [32m✔[0m
[36m      ├─[0m [34mm006 getInstance[0m [32m✔[0m
[36m      ├─[0m [34mm003 equals[0m [32m✔[0m
[36m      ├─[0m [34mm017 getValueAsLong[0m [32m✔[0m
[36m      ├─[0m [34mm010 getMillis[0m [32m✔[0m
[36m      ├─[0m [34mm013 getUnitMillis[0m [32m✔[0m
[36m      ├─[0m [34mm007 getMillis[0m [32m✔[0m
[36m      ├─[0m [34mm016 getValueAsLong[0m [32m✔[0m
[36m      ├─[0m [34mcontract equalsHashCode[0m [32m✔[0m
[36m      ├─[0m [34mm009 getMillis[0m [32m✔[0m
[36m      ├─[0m [34mcontract compareTo[0m [32m✔[0m
[36m      ├─[0m [34mm012 getType[0m [32m✔[0m
[36m      ├─[0m [34mm021 toString[0m [32m✔[0m
[36m      ├─[0m [34mm000 add[0m [32m✔[0m
[36m      └─[0m [34mm001 add[0m [32m✔[0m

Failures (1):
  jqwik (JUnit Platform):UnsupportedDurationField AutoPbtTest:m002 compareTo
    MethodSource [className = 'org.joda.time.field.UnsupportedDurationField_AutoPbtTest', methodName = 'm002_compareTo', methodParameterTypes = 'pbt.auto.AutoTarget$Call']
    => java.lang.AssertionError: [regression] org.joda.time.field.UnsupportedDurationField.compareTo(org.joda.time.DurationField)
  input:    new UnsupportedDurationField.getInstance[new DurationFieldType.centuries[]].compareTo[null]
  expected: throws java.lang.NullPointerException | this=UnsupportedDurationField:UnsupportedDurationField[centuries]
  actual:   ret=Integer:0 | this=UnsupportedDurationField:UnsupportedDurationField[centuries]
       pbt.auto.AutoTarget.check(AutoTarget.java:127)
       org.joda.time.field.UnsupportedDurationField_AutoPbtTest.m002_compareTo(UnsupportedDurationField_AutoPbtTest.java:35)
       java.base/jdk.internal.reflect.NativeMethodAccessorImpl.invoke0(Native Method)
       java.base/jdk.internal.reflect.NativeMethodAccessorImpl.invoke(NativeMethodAccessorImpl.java:62)
       java.base/jdk.internal.reflect.DelegatingMethodAccessorImpl.invoke(DelegatingMethodAccessorImpl.java:43)
       java.base/java.lang.reflect.Method.invoke(Method.java:566)
       org.junit.platform.commons.util.ReflectionUtils.invokeMethod(ReflectionUtils.java:727)
       org.junit.platform.commons.support.ReflectionSupport.invokeMethod(ReflectionSupport.java:198)
       net.jqwik.engine.execution.CheckedPropertyFactory.lambda$createRawFunction$1(CheckedPropertyFactory.java:84)
       net.jqwik.engine.execution.CheckedPropertyFactory.lambda$createRawFunction$2(CheckedPropertyFactory.java:91)
       [...]

Test run finished after 25027 ms
[         3 containers found      ]
[         0 containers skipped    ]
[         3 containers started    ]
[         0 containers aborted    ]
[         3 containers successful ]
[         0 containers failed     ]
[        48 tests found           ]
[         0 tests skipped         ]
[        48 tests started         ]
[         0 tests aborted         ]
[        47 tests successful      ]
[         1 tests failed          ]


[exit=1 timeout=False time=31.5s]
