
$ defects4j compile -w /work/Lang_38f
Running ant (compile)...................................................... OK
Running ant (compile.tests)................................................ OK

[exit=0 timeout=False time=0.9s]

$ defects4j compile -w /work/Lang_38b
Running ant (compile)...................................................... OK
Running ant (compile.tests)................................................ OK

[exit=0 timeout=False time=1.0s]

$ java -jar /opt/evosuite/evosuite-1.2.0.jar -generateSuite -class org.apache.commons.lang3.time.FastDateFormat -projectCP /work/Lang_38f/target/classes:/work/Lang_38f/target/classes -Dcriterion=LINE:BRANCH:EXCEPTION -Dsearch_budget=120 -seed 1 -Dtest_dir=/work/evo_out/Lang_38f/budget120_seed1/tests -Dreport_dir=/work/evo_out/Lang_38f/budget120_seed1/report
* EvoSuite 1.2.0
* Going to generate test cases for class: org.apache.commons.lang3.time.FastDateFormat
* Starting Client-0
* Connecting to master process on port 9922
* Analyzing classpath: 
  - /work/Lang_38f/target/classes
  - /work/Lang_38f/target/classes
[MASTER] 09:32:14.254 [logback-1] WARN  InheritanceTree - Class not in inheritance graph: java.util.Locale$IsoCountryCode
* Finished analyzing classpath
* Generating tests for class org.apache.commons.lang3.time.FastDateFormat
* Test criteria:
  - Line Coverage
  - Branch Coverage
  - Exception
* Setting up search algorithm for whole suite generation
* Total number of test goals: 
  - Line 455
  - Branch 444
  - Exception 0

[Progress:>                             0%] [Cov:>                                  0%]* Using seed 1
* Starting evolution

[Progress:>                             0%] [Cov:======>                            18%]
[Progress:>                             0%] [Cov:===========>                       34%]
[Progress:>                             0%] [Cov:=======================>           67%]
[Progress:>                             1%] [Cov:===>                               10%]
[Progress:>                             1%] [Cov:=======>                           22%]
[Progress:>                             1%] [Cov:===================>               55%]
[Progress:>                             1%] [Cov:=====================>             61%]
[Progress:>                             1%] [Cov:======================>            63%]
[Progress:>                             1%] [Cov:======================>            65%]
[Progress:>                             1%] [Cov:========================>          71%]
[Progress:>                             1%] [Cov:========================>          71%]
[Progress:>                             2%] [Cov:=================>                 49%]
[Progress:>                             2%] [Cov:=================>                 51%]
[Progress:>                             2%] [Cov:===================>               57%]
[Progress:>                             2%] [Cov:=====================>             62%]
[Progress:>                             2%] [Cov:=======================>           67%]
[Progress:>                             2%] [Cov:=======================>           68%]
[Progress:>                             2%] [Cov:========================>          69%]
[Progress:>                             2%] [Cov:========================>          71%]
[Progress:>                             2%] [Cov:============================>      80%]
[Progress:>                             3%] [Cov:============================>      80%]
[Progress:>                             3%] [Cov:============================>      81%]
[Progress:>                             3%] [Cov:============================>      81%]
[Progress:>                             3%] [Cov:============================>      81%]
[Progress:=>                            4%] [Cov:============================>      81%]
[Progress:=>                            4%] [Cov:============================>      81%]
[Progress:=>                            4%] [Cov:============================>      81%]
[Progress:=>                            5%] [Cov:============================>      81%]
[Progress:=>                            5%] [Cov:============================>      81%]
[Progress:=>                            5%] [Cov:============================>      81%]
[Progress:=>                            5%] [Cov:============================>      82%]
[Progress:=>                            5%] [Cov:============================>      82%]
[Progress:=>                            5%] [Cov:============================>      82%]
[Progress:=>                            5%] [Cov:============================>      82%]
[Progress:=>                            6%] [Cov:============================>      82%]
[Progress:=>                            6%] [Cov:============================>      82%]
[Progress:=>                            6%] [Cov:============================>      82%]
[Progress:==>                           7%] [Cov:============================>      82%]
[Progress:==>                           7%] [Cov:============================>      82%]
[Progress:==>                           7%] [Cov:============================>      82%]
[Progress:==>                           8%] [Cov:============================>      82%]
[Progress:==>                           8%] [Cov:============================>      82%]
[Progress:==>                           8%] [Cov:============================>      82%]
[Progress:==>                           9%] [Cov:============================>      82%]
[Progress:==>                           9%] [Cov:============================>      82%]
[Progress:===>                          10%] [Cov:============================>      82%]
[Progress:===>                          10%] [Cov:============================>      82%]
[Progress:===>                          10%] [Cov:============================>      82%]
[Progress:===>                          10%] [Cov:============================>      82%]
[Progress:===>                          11%] [Cov:============================>      82%]
[Progress:===>                          11%] [Cov:============================>      82%]
[Progress:===>                          11%] [Cov:============================>      82%]
[Progress:===>                          11%] [Cov:=============================>     83%]
[Progress:===>                          12%] [Cov:============================>      82%]
[Progress:===>                          12%] [Cov:=============================>     83%]
[Progress:===>                          13%] [Cov:=============================>     83%]
[Progress:===>                          13%] [Cov:=============================>     83%]
[Progress:===>                          13%] [Cov:=============================>     83%]
[Progress:====>                         14%] [Cov:=============================>     83%]
[Progress:====>                         14%] [Cov:=============================>     83%]
[Progress:====>                         15%] [Cov:=============================>     83%]
[Progress:====>                         15%] [Cov:=============================>     83%]
[Progress:====>                         15%] [Cov:=============================>     83%]
[Progress:====>                         15%] [Cov:=============================>     83%]
[Progress:====>                         16%] [Cov:=============================>     83%]
[Progress:=====>                        17%] [Cov:=============================>     83%]
[Progress:=====>                        17%] [Cov:=============================>     83%]
[Progress:=====>                        18%] [Cov:=============================>     83%]
[Progress:=====>                        18%] [Cov:=============================>     83%]
[Progress:=====>                        18%] [Cov:=============================>     83%]
[Progress:=====>                        19%] [Cov:=============================>     83%]
[Progress:=====>                        19%] [Cov:=============================>     83%]
[Progress:======>                       20%] [Cov:=============================>     83%]
[Progress:======>                       20%] [Cov:=============================>     83%]
[Progress:======>                       20%] [Cov:=============================>     83%][MASTER] 09:32:40.544 [logback-1] WARN  TestCluster - Failed to check cache for java.util.List<E> : Type points to itself

[Progress:======>                       21%] [Cov:=============================>     83%]
[Progress:======>                       21%] [Cov:=============================>     83%]
[Progress:======>                       22%] [Cov:=============================>     83%]
[Progress:======>                       22%] [Cov:=============================>     83%]
[Progress:======>                       22%] [Cov:=============================>     83%]
[Progress:======>                       23%] [Cov:=============================>     83%]
[Progress:======>                       23%] [Cov:=============================>     83%]
[Progress:=======>                      24%] [Cov:=============================>     83%]
[Progress:=======>                      24%] [Cov:=============================>     83%]
[Progress:=======>                      25%] [Cov:=============================>     83%]
[Progress:=======>                      25%] [Cov:=============================>     83%]
[Progress:=======>                      25%] [Cov:=============================>     83%]
[Progress:=======>                      25%] [Cov:=============================>     83%]
[Progress:=======>                      26%] [Cov:=============================>     83%]
[Progress:=======>                      26%] [Cov:=============================>     83%]
[Progress:========>                     27%] [Cov:=============================>     83%]
[Progress:========>                     27%] [Cov:=============================>     83%]
[Progress:========>                     28%] [Cov:=============================>     83%]
[Progress:========>                     28%] [Cov:=============================>     83%]
[Progress:========>                     29%] [Cov:=============================>     83%]
[Progress:========>                     29%] [Cov:=============================>     83%]
[Progress:========>                     29%] [Cov:=============================>     83%]
[Progress:========>                     29%] [Cov:=============================>     84%]
[Progress:=========>                    30%] [Cov:=============================>     83%]
[Progress:=========>                    30%] [Cov:=============================>     84%]
[Progress:=========>                    30%] [Cov:=============================>     84%]
[Progress:=========>                    31%] [Cov:=============================>     84%]
[Progress:=========>                    31%] [Cov:=============================>     84%]
[Progress:=========>                    32%] [Cov:=============================>     84%]
[Progress:=========>                    32%] [Cov:=============================>     84%]
[Progress:=========>                    33%] [Cov:=============================>     84%]
[Progress:=========>                    33%] [Cov:=============================>     84%]
[Progress:==========>                   34%] [Cov:=============================>     84%]
[Progress:==========>                   34%] [Cov:=============================>     84%]
[Progress:==========>                   35%] [Cov:=============================>     84%]
[Progress:==========>                   35%] [Cov:=============================>     84%]
[Progress:==========>                   35%] [Cov:=============================>     84%]
[Progress:==========>                   35%] [Cov:=============================>     84%]
[Progress:==========>                   36%] [Cov:=============================>     84%]
[Progress:==========>                   36%] [Cov:=============================>     84%]
[Progress:==========>                   36%] [Cov:=============================>     84%]
[Progress:===========>                  37%] [Cov:=============================>     84%]
[Progress:===========>                  37%] [Cov:=============================>     84%]
[Progress:===========>                  38%] [Cov:=============================>     84%]
[Progress:===========>                  38%] [Cov:=============================>     84%]
[Progress:===========>                  39%] [Cov:=============================>     84%]
[Progress:===========>                  39%] [Cov:=============================>     84%]
[Progress:============>                 40%] [Cov:=============================>     84%]
[Progress:============>                 40%] [Cov:=============================>     84%]
[Progress:============>                 40%] [Cov:=============================>     84%]
[Progress:============>                 40%] [Cov:=============================>     84%]
[Progress:============>                 41%] [Cov:=============================>     84%]
[Progress:============>                 41%] [Cov:=============================>     84%]
[Progress:============>                 42%] [Cov:=============================>     84%]
[Progress:============>                 42%] [Cov:=============================>     84%]
[Progress:============>                 42%] [Cov:=============================>     84%]
[Progress:============>                 43%] [Cov:=============================>     84%]
[Progress:============>                 43%] [Cov:=============================>     84%]
[Progress:=============>                44%] [Cov:=============================>     84%]
[Progress:=============>                44%] [Cov:=============================>     84%]
[Progress:=============>                44%] [Cov:=============================>     84%]
[Progress:=============>                45%] [Cov:=============================>     84%]
[Progress:=============>                45%] [Cov:=============================>     84%]
[Progress:=============>                45%] [Cov:=============================>     84%]
[Progress:=============>                46%] [Cov:=============================>     84%]
[Progress:=============>                46%] [Cov:=============================>     84%]
[Progress:=============>                46%] [Cov:=============================>     84%]
[Progress:==============>               47%] [Cov:=============================>     84%]
[Progress:==============>               48%] [Cov:=============================>     84%]
[Progress:==============>               48%] [Cov:=============================>     84%]
[Progress:==============>               49%] [Cov:=============================>     84%]
[Progress:===============>              50%] [Cov:=============================>     84%]
[Progress:===============>              50%] [Cov:=============================>     84%]
[Progress:===============>              50%] [Cov:=============================>     84%]
[Progress:===============>              51%] [Cov:=============================>     84%]
[Progress:===============>              51%] [Cov:=============================>     85%]
[Progress:===============>              52%] [Cov:=============================>     85%]
[Progress:===============>              52%] [Cov:=============================>     85%]
[Progress:===============>              53%] [Cov:=============================>     85%]
[Progress:===============>              53%] [Cov:=============================>     85%]
[Progress:================>             54%] [Cov:=============================>     85%]
[Progress:================>             54%] [Cov:=============================>     85%]
[Progress:================>             54%] [Cov:=============================>     85%]
[Progress:================>             55%] [Cov:=============================>     85%]
[Progress:================>             55%] [Cov:=============================>     85%]
[Progress:================>             55%] [Cov:=============================>     85%]
[Progress:================>             56%] [Cov:=============================>     85%]
[Progress:================>             56%] [Cov:=============================>     85%]
[Progress:=================>            57%] [Cov:=============================>     85%]
[Progress:=================>            57%] [Cov:=============================>     85%]
[Progress:=================>            58%] [Cov:=============================>     85%]
[Progress:=================>            58%] [Cov:=============================>     85%]
[Progress:=================>            59%] [Cov:=============================>     85%]
[Progress:=================>            59%] [Cov:=============================>     85%]
[Progress:=================>            59%] [Cov:=============================>     85%]
[Progress:==================>           60%] [Cov:=============================>     85%]
[Progress:==================>           60%] [Cov:=============================>     85%]
[Progress:==================>           60%] [Cov:=============================>     85%]
[Progress:==================>           61%] [Cov:=============================>     85%]
[Progress:==================>           61%] [Cov:=============================>     85%]
[Progress:==================>           61%] [Cov:=============================>     85%]
[Progress:==================>           62%] [Cov:=============================>     85%]
[Progress:==================>           62%] [Cov:=============================>     85%]
[Progress:==================>           63%] [Cov:=============================>     85%]
[Progress:==================>           63%] [Cov:=============================>     85%]
[Progress:===================>          64%] [Cov:=============================>     85%]
[Progress:===================>          64%] [Cov:=============================>     85%]
[Progress:===================>          65%] [Cov:=============================>     85%]
[Progress:===================>          65%] [Cov:=============================>     85%]
[Progress:===================>          65%] [Cov:=============================>     85%]
[Progress:===================>          66%] [Cov:=============================>     85%]
[Progress:===================>          66%] [Cov:=============================>     85%]
[Progress:====================>         67%] [Cov:=============================>     85%]
[Progress:====================>         67%] [Cov:=============================>     85%]
[Progress:====================>         68%] [Cov:=============================>     85%]
[Progress:====================>         68%] [Cov:=============================>     85%]
[Progress:====================>         69%] [Cov:=============================>     85%]
[Progress:====================>         69%] [Cov:=============================>     85%]
[Progress:=====================>        70%] [Cov:=============================>     85%]
[Progress:=====================>        70%] [Cov:=============================>     85%]
[Progress:=====================>        70%] [Cov:=============================>     85%]
[Progress:=====================>        70%] [Cov:=============================>     85%]
[Progress:=====================>        71%] [Cov:=============================>     85%]
[Progress:=====================>        71%] [Cov:=============================>     85%]
[Progress:=====================>        72%] [Cov:=============================>     85%]
[Progress:=====================>        72%] [Cov:=============================>     85%]
[Progress:=====================>        73%] [Cov:=============================>     85%]
[Progress:=====================>        73%] [Cov:=============================>     85%]
[Progress:======================>       74%] [Cov:=============================>     85%]
[Progress:======================>       74%] [Cov:=============================>     85%]
[Progress:======================>       75%] [Cov:=============================>     85%]
[Progress:======================>       75%] [Cov:=============================>     85%]
[Progress:======================>       75%] [Cov:=============================>     85%]
[Progress:======================>       76%] [Cov:=============================>     85%]
[Progress:======================>       76%] [Cov:=============================>     85%]
[Progress:=======================>      77%] [Cov:=============================>     85%]
[Progress:=======================>      77%] [Cov:=============================>     85%]
[Progress:=======================>      78%] [Cov:=============================>     85%]
[Progress:=======================>      78%] [Cov:=============================>     85%]
[Progress:=======================>      78%] [Cov:=============================>     85%]
[Progress:=======================>      79%] [Cov:=============================>     85%]
[Progress:=======================>      79%] [Cov:=============================>     85%]
[Progress:========================>     80%] [Cov:=============================>     85%]
[Progress:========================>     80%] [Cov:=============================>     85%]
[Progress:========================>     80%] [Cov:=============================>     85%]
[Progress:========================>     81%] [Cov:=============================>     85%]
[Progress:========================>     81%] [Cov:=============================>     85%]
[Progress:========================>     81%] [Cov:=============================>     85%]
[Progress:========================>     82%] [Cov:=============================>     85%]
[Progress:========================>     82%] [Cov:=============================>     85%]
[Progress:========================>     83%] [Cov:=============================>     85%]
[Progress:========================>     83%] [Cov:=============================>     85%]
[Progress:=========================>    84%] [Cov:=============================>     85%]
[Progress:=========================>    84%] [Cov:=============================>     85%]
[Progress:=========================>    85%] [Cov:=============================>     85%]
[Progress:=========================>    85%] [Cov:=============================>     85%]
[Progress:=========================>    85%] [Cov:=============================>     85%]
[Progress:=========================>    85%] [Cov:==============================>    86%]
[Progress:=========================>    86%] [Cov:=============================>     85%]
[Progress:=========================>    86%] [Cov:==============================>    86%]
[Progress:==========================>   87%] [Cov:==============================>    86%]
[Progress:==========================>   87%] [Cov:==============================>    86%]
[Progress:==========================>   88%] [Cov:==============================>    86%]
[Progress:==========================>   88%] [Cov:==============================>    86%]
[Progress:==========================>   89%] [Cov:==============================>    86%]
[Progress:==========================>   89%] [Cov:==============================>    86%]
[Progress:===========================>  90%] [Cov:==============================>    86%]
[Progress:===========================>  90%] [Cov:==============================>    86%]
[Progress:===========================>  90%] [Cov:==============================>    86%]
[Progress:===========================>  90%] [Cov:==============================>    86%]
[Progress:===========================>  91%] [Cov:==============================>    86%]
[Progress:===========================>  91%] [Cov:==============================>    86%]
[Progress:===========================>  92%] [Cov:==============================>    86%]
[Progress:===========================>  92%] [Cov:==============================>    86%]
[Progress:===========================>  92%] [Cov:==============================>    86%]
[Progress:===========================>  93%] [Cov:==============================>    86%]
[Progress:===========================>  93%] [Cov:==============================>    86%]
[Progress:============================> 94%] [Cov:==============================>    86%]
[Progress:============================> 94%] [Cov:==============================>    87%]
[Progress:============================> 94%] [Cov:==============================>    87%]
[Progress:============================> 95%] [Cov:==============================>    87%]
[Progress:============================> 95%] [Cov:==============================>    87%]
[Progress:============================> 95%] [Cov:==============================>    87%]
[Progress:============================> 96%] [Cov:==============================>    87%]
[Progress:============================> 96%] [Cov:==============================>    87%]
[Progress:=============================>97%] [Cov:==============================>    87%]
[Progress:=============================>97%] [Cov:==============================>    87%]
[Progress:=============================>98%] [Cov:==============================>    87%]
[Progress:=============================>98%] [Cov:==============================>    87%]
[Progress:=============================>98%] [Cov:==============================>    87%]
[Progress:=============================>99%] [Cov:==============================>    87%]
[Progress:=============================>99%] [Cov:==============================>    87%]
[Progress:==============================100%] [Cov:==============================>    87%]
[Progress:==============================100%] [Cov:==============================>    87%]
[Progress:==============================100%] [Cov:==============================>    87%]
[Progress:==============================100%] [Cov:==============================>    87%]
* Search finished after 121s and 155 generations, 67070 statements, best individual has fitness: 115.5973029299921
* Computation finished
[MASTER] 09:32:16.327 [logback-2] ERROR ClientNodeImpl - Cannot inform master of change of state
java.rmi.ServerException: RemoteException occurred in server thread; nested exception is: 
	java.rmi.UnmarshalException: error unmarshalling arguments; nested exception is: 
	java.lang.ClassNotFoundException: Class not found: org/apache/commons/lang3/time/FastDateFormat$Pair: java.lang.NullPointerException: Class not found org/apache/commons/lang3/time/FastDateFormat$Pair
	at java.rmi/sun.rmi.server.UnicastServerRef.dispatch(UnicastServerRef.java:391)
	at java.rmi/sun.rmi.transport.Transport$1.run(Transport.java:200)
	at java.rmi/sun.rmi.transport.Transport$1.run(Transport.java:197)
	at java.base/java.security.AccessController.doPrivileged(Native Method)
	at java.rmi/sun.rmi.transport.Transport.serviceCall(Transport.java:196)
	at java.rmi/sun.rmi.transport.tcp.TCPTransport.handleMessages(TCPTransport.java:562)
	at java.rmi/sun.rmi.transport.tcp.TCPTransport$ConnectionHandler.run0(TCPTransport.java:796)
	at java.rmi/sun.rmi.transport.tcp.TCPTransport$ConnectionHandler.lambda$run$0(TCPTransport.java:677)
	at java.base/java.security.AccessController.doPrivileged(Native Method)
	at java.rmi/sun.rmi.transport.tcp.TCPTransport$ConnectionHandler.run(TCPTransport.java:676)
	at java.base/java.util.concurrent.ThreadPoolExecutor.runWorker(ThreadPoolExecutor.java:1128)
	at java.base/java.util.concurrent.ThreadPoolExecutor$Worker.run(ThreadPoolExecutor.java:628)
	at java.base/java.lang.Thread.run(Thread.java:829)
	at java.rmi/sun.rmi.transport.StreamRemoteCall.exceptionReceivedFromServer(StreamRemoteCall.java:303)
	at java.rmi/sun.rmi.transport.StreamRemoteCall.executeCall(StreamRemoteCall.java:279)
	at java.rmi/sun.rmi.server.UnicastRef.invoke(UnicastRef.java:164)
	at java.rmi/java.rmi.server.RemoteObjectInvocationHandler.invokeRemoteMethod(RemoteObjectInvocationHandler.java:217)
	at java.rmi/java.rmi.server.RemoteObjectInvocationHandler.invoke(RemoteObjectInvocationHandler.java:162)
	at com.sun.proxy.$Proxy7.evosuite_collectStatistics(Unknown Source)
	at org.evosuite.rmi.service.ClientNodeImpl.updateStatistics(ClientNodeImpl.java:251)
	at org.evosuite.statistics.StatisticsSender.sendIndividualToMaster(StatisticsSender.java:62)
	at org.evosuite.statistics.StatisticsListener.lambda$new$0(StatisticsListener.java:76)
	at java.base/java.lang.Thread.run(Thread.java:829)
Caused by: java.rmi.UnmarshalException: error unmarshalling arguments; nested exception is: 
	java.lang.ClassNotFoundException: Class not found: org/apache/commons/lang3/time/FastDateFormat$Pair: java.lang.NullPointerException: Class not found org/apache/commons/lang3/time/FastDateFormat$Pair
	at java.rmi/sun.rmi.server.UnicastServerRef.dispatch(UnicastServerRef.java:350)
	at java.rmi/sun.rmi.transport.Transport$1.run(Transport.java:200)
	at java.rmi/sun.rmi.transport.Transport$1.run(Transport.java:197)
	at java.base/java.security.AccessController.doPrivileged(Native Method)
	at java.rmi/sun.rmi.transport.Transport.serviceCall(Transport.java:196)
	at java.rmi/sun.rmi.transport.tcp.TCPTransport.handleMessages(TCPTransport.java:562)
	at java.rmi/sun.rmi.transport.tcp.TCPTransport$ConnectionHandler.run0(TCPTransport.java:796)
	at java.rmi/sun.rmi.transport.tcp.TCPTransport$ConnectionHandler.lambda$run$0(TCPTransport.java:677)
	at java.base/java.security.AccessController.doPrivileged(Native Method)
	at java.rmi/sun.rmi.transport.tcp.TCPTransport$ConnectionHandler.run(TCPTransport.java:676)
	at java.base/java.util.concurrent.ThreadPoolExecutor.runWorker(ThreadPoolExecutor.java:1128)
	at java.base/java.util.concurrent.ThreadPoolExecutor$Worker.run(ThreadPoolExecutor.java:628)
	... 1 common frames omitted
Caused by: java.lang.ClassNotFoundException: Class not found: org/apache/commons/lang3/time/FastDateFormat$Pair: java.lang.NullPointerException: Class not found org/apache/commons/lang3/time/FastDateFormat$Pair
	at org.evosuite.instrumentation.InstrumentingClassLoader.instrumentClass(InstrumentingClassLoader.java:158)
	at org.evosuite.instrumentation.InstrumentingClassLoader.loadClass(InstrumentingClassLoader.java:126)
	at org.evosuite.utils.generic.GenericClassImpl.getClass(GenericClassImpl.java:139)
	at org.evosuite.utils.generic.GenericClassImpl.getClass(GenericClassImpl.java:105)
	at org.evosuite.utils.generic.GenericClassImpl.readObject(GenericClassImpl.java:1671)
	at jdk.internal.reflect.GeneratedMethodAccessor4.invoke(Unknown Source)
	at java.base/jdk.internal.reflect.DelegatingMethodAccessorImpl.invoke(DelegatingMethodAccessorImpl.java:43)
	at java.base/java.lang.reflect.Method.invoke(Method.java:566)
	at java.base/java.io.ObjectStreamClass.invokeReadObject(ObjectStreamClass.java:1046)
	at java.base/java.io.ObjectInputStream.readSerialData(ObjectInputStream.java:2357)
	at java.base/java.io.ObjectInputStream.readOrdinaryObject(ObjectInputStream.java:2228)
	at java.base/java.io.ObjectInputStream.readObject0(ObjectInputStream.java:1687)
	at java.base/java.io.ObjectInputStream.defaultReadFields(ObjectInputStream.java:2496)
	at java.base/java.io.ObjectInputStream.readSerialData(ObjectInputStream.java:2390)
	at java.base/java.io.ObjectInputStream.readOrdinaryObject(ObjectInputStream.java:2228)
	at java.base/java.io.ObjectInputStream.readObject0(ObjectInputStream.java:1687)
	at java.base/java.io.ObjectInputStream.defaultReadFields(ObjectInputStream.java:2496)
	at java.base/java.io.ObjectInputStream.readSerialData(ObjectInputStream.java:2390)
	at java.base/java.io.ObjectInputStream.readOrdinaryObject(ObjectInputStream.java:2228)
	at java.base/java.io.ObjectInputStream.readObject0(ObjectInputStream.java:1687)
	at java.base/java.io.ObjectInputStream.readObject(ObjectInputStream.java:489)
	at java.base/java.io.ObjectInputStream.readObject(ObjectInputStream.java:447)
	at java.base/java.util.ArrayList.readObject(ArrayList.java:929)
	at java.base/jdk.internal.reflect.NativeMethodAccessorImpl.invoke0(Native Method)
	at java.base/jdk.internal.reflect.NativeMethodAccessorImpl.invoke(NativeMethodAccessorImpl.java:62)
	at java.base/jdk.internal.reflect.DelegatingMethodAccessorImpl.invoke(DelegatingMethodAccessorImpl.java:43)
	at java.base/java.lang.reflect.Method.invoke(Method.java:566)
	at java.base/java.io.ObjectStreamClass.invokeReadObject(ObjectStreamClass.java:1046)
	at java.base/java.io.ObjectInputStream.readSerialData(ObjectInputStream.java:2357)
	at java.base/java.io.ObjectInputStream.readOrdinaryObject(ObjectInputStream.java:2228)
	at java.base/java.io.ObjectInputStream.readObject0(ObjectInputStream.java:1687)
	at java.base/java.io.ObjectInputStream.defaultReadFields(ObjectInputStream.java:2496)
	at java.base/java.io.ObjectInputStream.readSerialData(ObjectInputStream.java:2390)
	at java.base/java.io.ObjectInputStream.readOrdinaryObject(ObjectInputStream.java:2228)
	at java.base/java.io.ObjectInputStream.readObject0(ObjectInputStream.java:1687)
	at java.base/java.io.ObjectInputStream.defaultReadFields(ObjectInputStream.java:2496)
	at java.base/java.io.ObjectInputStream.defaultReadObject(ObjectInputStream.java:625)
	at org.evosuite.testcase.DefaultTestCase.readObject(DefaultTestCase.java:1217)
	at java.base/jdk.internal.reflect.NativeMethodAccessorImpl.invoke0(Native Method)
	at java.base/jdk.internal.reflect.NativeMethodAccessorImpl.invoke(NativeMethodAccessorImpl.java:62)
	at java.base/jdk.internal.reflect.DelegatingMethodAccessorImpl.invoke(DelegatingMethodAccessorImpl.java:43)
	at java.base/java.lang.reflect.Method.invoke(Method.java:566)
	at java.base/java.io.ObjectStreamClass.invokeReadObject(ObjectStreamClass.java:1046)
	at java.base/java.io.ObjectInputStream.readSerialData(ObjectInputStream.java:2357)
	at java.base/java.io.ObjectInputStream.readOrdinaryObject(ObjectInputStream.java:2228)
	at java.base/java.io.ObjectInputStream.readObject0(ObjectInputStream.java:1687)
	at java.base/java.io.ObjectInputStream.defaultReadFields(ObjectInputStream.java:2496)
	at java.base/java.io.ObjectInputStream.readSerialData(ObjectInputStream.java:2390)
	at java.base/java.io.ObjectInputStream.readOrdinaryObject(ObjectInputStream.java:2228)
	at java.base/java.io.ObjectInputStream.readObject0(ObjectInputStream.java:1687)
	at java.base/java.io.ObjectInputStream.readObject(ObjectInputStream.java:489)
	at java.base/java.io.ObjectInputStream.readObject(ObjectInputStream.java:447)
	at java.base/java.util.ArrayList.readObject(ArrayList.java:929)
	at java.base/jdk.internal.reflect.NativeMethodAccessorImpl.invoke0(Native Method)
	at java.base/jdk.internal.reflect.NativeMethodAccessorImpl.invoke(NativeMethodAccessorImpl.java:62)
	at java.base/jdk.internal.reflect.DelegatingMethodAccessorImpl.invoke(DelegatingMethodAccessorImpl.java:43)
	at java.base/java.lang.reflect.Method.invoke(Method.java:566)
	at java.base/java.io.ObjectStreamClass.invokeReadObject(ObjectStreamClass.java:1046)
	at java.base/java.io.ObjectInputStream.readSerialData(ObjectInputStream.java:2357)
	at java.base/java.io.ObjectInputStream.readOrdinaryObject(ObjectInputStream.java:2228)
	at java.base/java.io.ObjectInputStream.readObject0(ObjectInputStream.java:1687)
	at java.base/java.io.ObjectInputStream.defaultReadFields(ObjectInputStream.java:2496)
	at java.base/java.io.ObjectInputStream.readSerialData(ObjectInputStream.java:2390)
	at java.base/java.io.ObjectInputStream.readOrdinaryObject(ObjectInputStream.java:2228)
	at java.base/java.io.ObjectInputStream.readObject0(ObjectInputStream.java:1687)
	at java.base/java.io.ObjectInputStream.readObject(ObjectInputStream.java:489)
	at java.base/java.io.ObjectInputStream.readObject(ObjectInputStream.java:447)
	at java.rmi/sun.rmi.server.UnicastRef.unmarshalValue(UnicastRef.java:327)
	at java.rmi/sun.rmi.server.UnicastServerRef.dispatch(UnicastServerRef.java:339)
	... 12 common frames omitted
Caused by: java.lang.RuntimeException: Class not found: org/apache/commons/lang3/time/FastDateFormat$Pair: java.lang.NullPointerException: Class not found org/apache/commons/lang3/time/FastDateFormat$Pair
	at org.evosuite.runtime.util.ComputeClassWriter.getCommonSuperClass(ComputeClassWriter.java:56)
	at org.evosuite.shaded.org.objectweb.asm.SymbolTable.addMergedType(SymbolTable.java:1202)
	at org.evosuite.shaded.org.objectweb.asm.Frame.merge(Frame.java:1299)
	at org.evosuite.shaded.org.objectweb.asm.Frame.merge(Frame.java:1197)
	at org.evosuite.shaded.org.objectweb.asm.MethodWriter.computeAllFrames(MethodWriter.java:1610)
	at org.evosuite.shaded.org.objectweb.asm.MethodWriter.visitMaxs(MethodWriter.java:1546)
	at org.evosuite.shaded.org.objectweb.asm.MethodVisitor.visitMaxs(MethodVisitor.java:773)
	at org.evosuite.shaded.org.objectweb.asm.MethodVisitor.visitMaxs(MethodVisitor.java:773)
	at org.evosuite.shaded.org.objectweb.asm.MethodVisitor.visitMaxs(MethodVisitor.java:773)
	at org.evosuite.runtime.instrumentation.LoopCounterMethodAdapter.visitMaxs(LoopCounterMethodAdapter.java:48)
	at org.evosuite.shaded.org.objectweb.asm.MethodVisitor.visitMaxs(MethodVisitor.java:773)
	at org.evosuite.shaded.org.objectweb.asm.commons.LocalVariablesSorter.visitMaxs(LocalVariablesSorter.java:148)
	at org.evosuite.instrumentation.MethodEntryAdapter.visitMaxs(MethodEntryAdapter.java:115)
	at org.evosuite.shaded.org.objectweb.asm.MethodVisitor.visitMaxs(MethodVisitor.java:773)
	at org.evosuite.instrumentation.LineNumberMethodAdapter.visitMaxs(LineNumberMethodAdapter.java:134)
	at org.evosuite.shaded.org.objectweb.asm.MethodVisitor.visitMaxs(MethodVisitor.java:773)
	at org.evosuite.shaded.org.objectweb.asm.commons.LocalVariablesSorter.visitMaxs(LocalVariablesSorter.java:148)
	at org.evosuite.shaded.org.objectweb.asm.MethodVisitor.visitMaxs(MethodVisitor.java:773)
	at org.evosuite.shaded.org.objectweb.asm.tree.MethodNode.accept(MethodNode.java:769)
	at org.evosuite.shaded.org.objectweb.asm.commons.JSRInlinerAdapter.visitEnd(JSRInlinerAdapter.java:158)
	at org.evosuite.shaded.org.objectweb.asm.tree.MethodNode.accept(MethodNode.java:772)
	at org.evosuite.graphs.cfg.CFGMethodAdapter.visitEnd(CFGMethodAdapter.java:249)
	at org.evosuite.shaded.org.objectweb.asm.MethodVisitor.visitEnd(MethodVisitor.java:783)
	at org.evosuite.shaded.org.objectweb.asm.MethodVisitor.visitEnd(MethodVisitor.java:783)
	at org.evosuite.shaded.org.objectweb.asm.tree.MethodNode.accept(MethodNode.java:772)
	at org.evosuite.shaded.org.objectweb.asm.tree.MethodNode.accept(MethodNode.java:649)
	at org.evosuite.shaded.org.objectweb.asm.tree.ClassNode.accept(ClassNode.java:452)
	at org.evosuite.instrumentation.BytecodeInstrumentation.transformBytes(BytecodeInstrumentation.java:282)
	at org.evosuite.instrumentation.InstrumentingClassLoader.getTransformedBytes(InstrumentingClassLoader.java:135)
	at org.evosuite.instrumentation.InstrumentingClassLoader.instrumentClass(InstrumentingClassLoader.java:149)
	... 80 common frames omitted
Caused by: java.lang.NullPointerException: Class not found org/apache/commons/lang3/time/FastDateFormat$Pair
	at org.evosuite.runtime.util.ComputeClassWriter.typeInfo(ComputeClassWriter.java:179)
	at org.evosuite.runtime.util.ComputeClassWriter.getCommonSuperClass(ComputeClassWriter.java:53)
	... 109 common frames omitted
[MASTER] 09:34:17.918 [logback-2] ERROR ClientNodeImpl - Cannot inform master of change of state
java.rmi.ServerException: RemoteException occurred in server thread; nested exception is: 
	java.rmi.UnmarshalException: error unmarshalling arguments; nested exception is: 
	java.lang.ClassNotFoundException: expect to get instruction without BasicBlock already set
	at java.rmi/sun.rmi.server.UnicastServerRef.dispatch(UnicastServerRef.java:391)
	at java.rmi/sun.rmi.transport.Transport$1.run(Transport.java:200)
	at java.rmi/sun.rmi.transport.Transport$1.run(Transport.java:197)
	at java.base/java.security.AccessController.doPrivileged(Native Method)
	at java.rmi/sun.rmi.transport.Transport.serviceCall(Transport.java:196)
	at java.rmi/sun.rmi.transport.tcp.TCPTransport.handleMessages(TCPTransport.java:562)
	at java.rmi/sun.rmi.transport.tcp.TCPTransport$ConnectionHandler.run0(TCPTransport.java:796)
	at java.rmi/sun.rmi.transport.tcp.TCPTransport$ConnectionHandler.lambda$run$0(TCPTransport.java:677)
	at java.base/java.security.AccessController.doPrivileged(Native Method)
	at java.rmi/sun.rmi.transport.tcp.TCPTransport$ConnectionHandler.run(TCPTransport.java:676)
	at java.base/java.util.concurrent.ThreadPoolExecutor.runWorker(ThreadPoolExecutor.java:1128)
	at java.base/java.util.concurrent.ThreadPoolExecutor$Worker.run(ThreadPoolExecutor.java:628)
	at java.base/java.lang.Thread.run(Thread.java:829)
	at java.rmi/sun.rmi.transport.StreamRemoteCall.exceptionReceivedFromServer(StreamRemoteCall.java:303)
	at java.rmi/sun.rmi.transport.StreamRemoteCall.executeCall(StreamRemoteCall.java:279)
	at java.rmi/sun.rmi.server.UnicastRef.invoke(UnicastRef.java:164)
	at java.rmi/java.rmi.server.RemoteObjectInvocationHandler.invokeRemoteMethod(RemoteObjectInvocationHandler.java:217)
	at java.rmi/java.rmi.server.RemoteObjectInvocationHandler.invoke(RemoteObjectInvocationHandler.java:162)
	at com.sun.proxy.$Proxy7.evosuite_collectStatistics(Unknown Source)
	at org.evosuite.rmi.service.ClientNodeImpl.updateStatistics(ClientNodeImpl.java:251)
	at org.evosuite.statistics.StatisticsSender.sendIndividualToMaster(StatisticsSender.java:62)
	at org.evosuite.statistics.StatisticsSender.executedAndThenSendIndividualToMaster(StatisticsSender.java:91)
	at org.evosuite.TestSuiteGenerator.generateTests(TestSuiteGenerator.java:636)
	at org.evosuite.TestSuiteGenerator.generateTestSuite(TestSuiteGenerator.java:208)
	at org.evosuite.rmi.service.ClientNodeImpl.lambda$startNewSearch$0(ClientNodeImpl.java:140)
	at java.base/java.util.concurrent.Executors$RunnableAdapter.call(Executors.java:515)
	at java.base/java.util.concurrent.FutureTask.run(FutureTask.java:264)
	at java.base/java.util.concurrent.ThreadPoolExecutor.runWorker(ThreadPoolExecutor.java:1128)
	at java.base/java.util.concurrent.ThreadPoolExecutor$Worker.run(ThreadPoolExecutor.java:628)
	at java.base/java.lang.Thread.run(Thread.java:829)
Caused by: java.rmi.UnmarshalException: error unmarshalling arguments; nested exception is: 
	java.lang.ClassNotFoundException: expect to get instruction without BasicBlock already set
	at java.rmi/sun.rmi.server.UnicastServerRef.dispatch(UnicastServerRef.java:350)
	at java.rmi/sun.rmi.transport.Transport$1.run(Transport.java:200)
	at java.rmi/sun.rmi.transport.Transport$1.run(Transport.java:197)
	at java.base/java.security.AccessController.doPrivileged(Native Method)
	at java.rmi/sun.rmi.transport.Transport.serviceCall(Transport.java:196)
	at java.rmi/sun.rmi.transport.tcp.TCPTransport.handleMessages(TCPTransport.java:562)
	at java.rmi/sun.rmi.transport.tcp.TCPTransport$ConnectionHandler.run0(TCPTransport.java:796)
	at java.rmi/sun.rmi.transport.tcp.TCPTransport$ConnectionHandler.lambda$run$0(TCPTransport.java:677)
	at java.base/java.security.AccessController.doPrivileged(Native Method)
	at java.rmi/sun.rmi.transport.tcp.TCPTransport$ConnectionHandler.run(TCPTransport.java:676)
	... 3 common frames omitted
Caused by: java.lang.ClassNotFoundException: expect to get instruction without BasicBlock already set
	at org.evosuite.instrumentation.InstrumentingClassLoader.instrumentClass(InstrumentingClassLoader.java:158)
	at org.evosuite.instrumentation.InstrumentingClassLoader.loadClass(InstrumentingClassLoader.java:126)
	at org.evosuite.utils.generic.GenericClassImpl.getClass(GenericClassImpl.java:139)
	at org.evosuite.utils.generic.GenericClassImpl.getClass(GenericClassImpl.java:105)
	at org.evosuite.utils.generic.GenericClassImpl.readObject(GenericClassImpl.java:1671)
	at jdk.internal.reflect.GeneratedMethodAccessor4.invoke(Unknown Source)
	at java.base/jdk.internal.reflect.DelegatingMethodAccessorImpl.invoke(DelegatingMethodAccessorImpl.java:43)
	at java.base/java.lang.reflect.Method.invoke(Method.java:566)
	at java.base/java.io.ObjectStreamClass.invokeReadObject(ObjectStreamClass.java:1046)
	at java.base/java.io.ObjectInputStream.readSerialData(ObjectInputStream.java:2357)
	at java.base/java.io.ObjectInputStream.readOrdinaryObject(ObjectInputStream.java:2228)
	at java.base/java.io.ObjectInputStream.readObject0(ObjectInputStream.java:1687)
	at java.base/java.io.ObjectInputStream.defaultReadFields(ObjectInputStream.java:2496)
	at java.base/java.io.ObjectInputStream.readSerialData(ObjectInputStream.java:2390)
	at java.base/java.io.ObjectInputStream.readOrdinaryObject(ObjectInputStream.java:2228)
	at java.base/java.io.ObjectInputStream.readObject0(ObjectInputStream.java:1687)
	at java.base/java.io.ObjectInputStream.defaultReadFields(ObjectInputStream.java:2496)
	at java.base/java.io.ObjectInputStream.readSerialData(ObjectInputStream.java:2390)
	at java.base/java.io.ObjectInputStream.readOrdinaryObject(ObjectInputStream.java:2228)
	at java.base/java.io.ObjectInputStream.readObject0(ObjectInputStream.java:1687)
	at java.base/java.io.ObjectInputStream.readObject(ObjectInputStream.java:489)
	at java.base/java.io.ObjectInputStream.readObject(ObjectInputStream.java:447)
	at java.base/java.util.ArrayList.readObject(ArrayList.java:929)
	at java.base/jdk.internal.reflect.GeneratedMethodAccessor5.invoke(Unknown Source)
	at java.base/jdk.internal.reflect.DelegatingMethodAccessorImpl.invoke(DelegatingMethodAccessorImpl.java:43)
	at java.base/java.lang.reflect.Method.invoke(Method.java:566)
	at java.base/java.io.ObjectStreamClass.invokeReadObject(ObjectStreamClass.java:1046)
	at java.base/java.io.ObjectInputStream.readSerialData(ObjectInputStream.java:2357)
	at java.base/java.io.ObjectInputStream.readOrdinaryObject(ObjectInputStream.java:2228)
	at java.base/java.io.ObjectInputStream.readObject0(ObjectInputStream.java:1687)
	at java.base/java.io.ObjectInputStream.defaultReadFields(ObjectInputStream.java:2496)
	at java.base/java.io.ObjectInputStream.readSerialData(ObjectInputStream.java:2390)
	at java.base/java.io.ObjectInputStream.readOrdinaryObject(ObjectInputStream.java:2228)
	at java.base/java.io.ObjectInputStream.readObject0(ObjectInputStream.java:1687)
	at java.base/java.io.ObjectInputStream.defaultReadFields(ObjectInputStream.java:2496)
	at java.base/java.io.ObjectInputStream.defaultReadObject(ObjectInputStream.java:625)
	at org.evosuite.testcase.DefaultTestCase.readObject(DefaultTestCase.java:1217)
	at java.base/jdk.internal.reflect.NativeMethodAccessorImpl.invoke0(Native Method)
	at java.base/jdk.internal.reflect.NativeMethodAccessorImpl.invoke(NativeMethodAccessorImpl.java:62)
	at java.base/jdk.internal.reflect.DelegatingMethodAccessorImpl.invoke(DelegatingMethodAccessorImpl.java:43)
	at java.base/java.lang.reflect.Method.invoke(Method.java:566)
	at java.base/java.io.ObjectStreamClass.invokeReadObject(ObjectStreamClass.java:1046)
	at java.base/java.io.ObjectInputStream.readSerialData(ObjectInputStream.java:2357)
	at java.base/java.io.ObjectInputStream.readOrdinaryObject(ObjectInputStream.java:2228)
	at java.base/java.io.ObjectInputStream.readObject0(ObjectInputStream.java:1687)
	at java.base/java.io.ObjectInputStream.defaultReadFields(ObjectInputStream.java:2496)
	at java.base/java.io.ObjectInputStream.readSerialData(ObjectInputStream.java:2390)
	at java.base/java.io.ObjectInputStream.readOrdinaryObject(ObjectInputStream.java:2228)
	at java.base/java.io.ObjectInputStream.readObject0(ObjectInputStream.java:1687)
	at java.base/java.io.ObjectInputStream.readObject(ObjectInputStream.java:489)
	at java.base/java.io.ObjectInputStream.readObject(ObjectInputStream.java:447)
	at java.base/java.util.ArrayList.readObject(ArrayList.java:929)
	at java.base/jdk.internal.reflect.GeneratedMethodAccessor5.invoke(Unknown Source)
	at java.base/jdk.internal.reflect.DelegatingMethodAccessorImpl.invoke(DelegatingMethodAccessorImpl.java:43)
	at java.base/java.lang.reflect.Method.invoke(Method.java:566)
	at java.base/java.io.ObjectStreamClass.invokeReadObject(ObjectStreamClass.java:1046)
	at java.base/java.io.ObjectInputStream.readSerialData(ObjectInputStream.java:2357)
	at java.base/java.io.ObjectInputStream.readOrdinaryObject(ObjectInputStream.java:2228)
	at java.base/java.io.ObjectInputStream.readObject0(ObjectInputStream.java:1687)
	at java.base/java.io.ObjectInputStream.defaultReadFields(ObjectInputStream.java:2496)
	at java.base/java.io.ObjectInputStream.readSerialData(ObjectInputStream.java:2390)
	at java.base/java.io.ObjectInputStream.readOrdinaryObject(ObjectInputStream.java:2228)
	at java.base/java.io.ObjectInputStream.readObject0(ObjectInputStream.java:1687)
	at java.base/java.io.ObjectInputStream.readObject(ObjectInputStream.java:489)
	at java.base/java.io.ObjectInputStream.readObject(ObjectInputStream.java:447)
	at java.rmi/sun.rmi.server.UnicastRef.unmarshalValue(UnicastRef.java:327)
	at java.rmi/sun.rmi.server.UnicastServerRef.dispatch(UnicastServerRef.java:339)
	... 12 common frames omitted
Caused by: java.lang.IllegalArgumentException: expect to get instruction without BasicBlock already set
	at org.evosuite.graphs.cfg.BasicBlock.appendInstruction(BasicBlock.java:225)
	at org.evosuite.graphs.cfg.BasicBlock.setInstructions(BasicBlock.java:206)
	at org.evosuite.graphs.cfg.BasicBlock.<init>(BasicBlock.java:106)
	at org.evosuite.graphs.cfg.RawControlFlowGraph.determineBasicBlockFor(RawControlFlowGraph.java:314)
	at org.evosuite.graphs.cfg.ActualControlFlowGraph.computeNodes(ActualControlFlowGraph.java:295)
	at org.evosuite.graphs.cfg.ActualControlFlowGraph.computeGraph(ActualControlFlowGraph.java:262)
	at org.evosuite.graphs.cfg.ActualControlFlowGraph.<init>(ActualControlFlowGraph.java:97)
	at org.evosuite.graphs.cfg.CFGGenerator.computeActualCFG(CFGGenerator.java:218)
	at org.evosuite.graphs.cfg.CFGGenerator.registerCFGs(CFGGenerator.java:102)
	at org.evosuite.graphs.cfg.CFGMethodAdapter.visitEnd(CFGMethodAdapter.java:219)
	at org.evosuite.shaded.org.objectweb.asm.MethodVisitor.visitEnd(MethodVisitor.java:783)
	at org.evosuite.shaded.org.objectweb.asm.MethodVisitor.visitEnd(MethodVisitor.java:783)
	at org.evosuite.shaded.org.objectweb.asm.tree.MethodNode.accept(MethodNode.java:772)
	at org.evosuite.shaded.org.objectweb.asm.tree.MethodNode.accept(MethodNode.java:649)
	at org.evosuite.shaded.org.objectweb.asm.tree.ClassNode.accept(ClassNode.java:452)
	at org.evosuite.instrumentation.BytecodeInstrumentation.transformBytes(BytecodeInstrumentation.java:282)
	at org.evosuite.instrumentation.InstrumentingClassLoader.getTransformedBytes(InstrumentingClassLoader.java:135)
	at org.evosuite.instrumentation.InstrumentingClassLoader.instrumentClass(InstrumentingClassLoader.java:149)
	... 78 common frames omitted
[MASTER] 09:34:17.918 [logback-2] ERROR ClientNodeImpl - Error when generating tests for: org.apache.commons.lang3.time.FastDateFormat with seed 1. Configuration id : null
java.lang.IllegalStateException: java.rmi.ServerException: RemoteException occurred in server thread; nested exception is: 
	java.rmi.UnmarshalException: error unmarshalling arguments; nested exception is: 
	java.lang.ClassNotFoundException: expect to get instruction without BasicBlock already set
	at org.evosuite.rmi.service.ClientNodeImpl.updateStatistics(ClientNodeImpl.java:254)
	at org.evosuite.statistics.StatisticsSender.sendIndividualToMaster(StatisticsSender.java:62)
	at org.evosuite.statistics.StatisticsSender.executedAndThenSendIndividualToMaster(StatisticsSender.java:91)
	at org.evosuite.TestSuiteGenerator.generateTests(TestSuiteGenerator.java:636)
	at org.evosuite.TestSuiteGenerator.generateTestSuite(TestSuiteGenerator.java:208)
	at org.evosuite.rmi.service.ClientNodeImpl.lambda$startNewSearch$0(ClientNodeImpl.java:140)
	at java.base/java.util.concurrent.Executors$RunnableAdapter.call(Executors.java:515)
	at java.base/java.util.concurrent.FutureTask.run(FutureTask.java:264)
	at java.base/java.util.concurrent.ThreadPoolExecutor.runWorker(ThreadPoolExecutor.java:1128)
	at java.base/java.util.concurrent.ThreadPoolExecutor$Worker.run(ThreadPoolExecutor.java:628)
	at java.base/java.lang.Thread.run(Thread.java:829)
Caused by: java.rmi.ServerException: RemoteException occurred in server thread; nested exception is: 
	java.rmi.UnmarshalException: error unmarshalling arguments; nested exception is: 
	java.lang.ClassNotFoundException: expect to get instruction without BasicBlock already set
	at java.rmi/sun.rmi.server.UnicastServerRef.dispatch(UnicastServerRef.java:391)
	at java.rmi/sun.rmi.transport.Transport$1.run(Transport.java:200)
	at java.rmi/sun.rmi.transport.Transport$1.run(Transport.java:197)
	at java.base/java.security.AccessController.doPrivileged(Native Method)
	at java.rmi/sun.rmi.transport.Transport.serviceCall(Transport.java:196)
	at java.rmi/sun.rmi.transport.tcp.TCPTransport.handleMessages(TCPTransport.java:562)
	at java.rmi/sun.rmi.transport.tcp.TCPTransport$ConnectionHandler.run0(TCPTransport.java:796)
	at java.rmi/sun.rmi.transport.tcp.TCPTransport$ConnectionHandler.lambda$run$0(TCPTransport.java:677)
	at java.base/java.security.AccessController.doPrivileged(Native Method)
	at java.rmi/sun.rmi.transport.tcp.TCPTransport$ConnectionHandler.run(TCPTransport.java:676)
	at java.base/java.util.concurrent.ThreadPoolExecutor.runWorker(ThreadPoolExecutor.java:1128)
	at java.base/java.util.concurrent.ThreadPoolExecutor$Worker.run(ThreadPoolExecutor.java:628)
	at java.base/java.lang.Thread.run(Thread.java:829)
	at java.rmi/sun.rmi.transport.StreamRemoteCall.exceptionReceivedFromServer(StreamRemoteCall.java:303)
	at java.rmi/sun.rmi.transport.StreamRemoteCall.executeCall(StreamRemoteCall.java:279)
	at java.rmi/sun.rmi.server.UnicastRef.invoke(UnicastRef.java:164)
	at java.rmi/java.rmi.server.RemoteObjectInvocationHandler.invokeRemoteMethod(RemoteObjectInvocationHandler.java:217)
	at java.rmi/java.rmi.server.RemoteObjectInvocationHandler.invoke(RemoteObjectInvocationHandler.java:162)
	at com.sun.proxy.$Proxy7.evosuite_collectStatistics(Unknown Source)
	at org.evosuite.rmi.service.ClientNodeImpl.updateStatistics(ClientNodeImpl.java:251)
	... 10 common frames omitted
Caused by: java.rmi.UnmarshalException: error unmarshalling arguments; nested exception is: 
	java.lang.ClassNotFoundException: expect to get instruction without BasicBlock already set
	at java.rmi/sun.rmi.server.UnicastServerRef.dispatch(UnicastServerRef.java:350)
	at java.rmi/sun.rmi.transport.Transport$1.run(Transport.java:200)
	at java.rmi/sun.rmi.transport.Transport$1.run(Transport.java:197)
	at java.base/java.security.AccessController.doPrivileged(Native Method)
	at java.rmi/sun.rmi.transport.Transport.serviceCall(Transport.java:196)
	at java.rmi/sun.rmi.transport.tcp.TCPTransport.handleMessages(TCPTransport.java:562)
	at java.rmi/sun.rmi.transport.tcp.TCPTransport$ConnectionHandler.run0(TCPTransport.java:796)
	at java.rmi/sun.rmi.transport.tcp.TCPTransport$ConnectionHandler.lambda$run$0(TCPTransport.java:677)
	at java.base/java.security.AccessController.doPrivileged(Native Method)
	at java.rmi/sun.rmi.transport.tcp.TCPTransport$ConnectionHandler.run(TCPTransport.java:676)
	... 3 common frames omitted
Caused by: java.lang.ClassNotFoundException: expect to get instruction without BasicBlock already set
	at org.evosuite.instrumentation.InstrumentingClassLoader.instrumentClass(InstrumentingClassLoader.java:158)
	at org.evosuite.instrumentation.InstrumentingClassLoader.loadClass(InstrumentingClassLoader.java:126)
	at org.evosuite.utils.generic.GenericClassImpl.getClass(GenericClassImpl.java:139)
	at org.evosuite.utils.generic.GenericClassImpl.getClass(GenericClassImpl.java:105)
	at org.evosuite.utils.generic.GenericClassImpl.readObject(GenericClassImpl.java:1671)
	at jdk.internal.reflect.GeneratedMethodAccessor4.invoke(Unknown Source)
	at java.base/jdk.internal.reflect.DelegatingMethodAccessorImpl.invoke(DelegatingMethodAccessorImpl.java:43)
	at java.base/java.lang.reflect.Method.invoke(Method.java:566)
	at java.base/java.io.ObjectStreamClass.invokeReadObject(ObjectStreamClass.java:1046)
	at java.base/java.io.ObjectInputStream.readSerialData(ObjectInputStream.java:2357)
	at java.base/java.io.ObjectInputStream.readOrdinaryObject(ObjectInputStream.java:2228)
	at java.base/java.io.ObjectInputStream.readObject0(ObjectInputStream.java:1687)
	at java.base/java.io.ObjectInputStream.defaultReadFields(ObjectInputStream.java:2496)
	at java.base/java.io.ObjectInputStream.readSerialData(ObjectInputStream.java:2390)
	at java.base/java.io.ObjectInputStream.readOrdinaryObject(ObjectInputStream.java:2228)
	at java.base/java.io.ObjectInputStream.readObject0(ObjectInputStream.java:1687)
	at java.base/java.io.ObjectInputStream.defaultReadFields(ObjectInputStream.java:2496)
	at java.base/java.io.ObjectInputStream.readSerialData(ObjectInputStream.java:2390)
	at java.base/java.io.ObjectInputStream.readOrdinaryObject(ObjectInputStream.java:2228)
	at java.base/java.io.ObjectInputStream.readObject0(ObjectInputStream.java:1687)
	at java.base/java.io.ObjectInputStream.readObject(ObjectInputStream.java:489)
	at java.base/java.io.ObjectInputStream.readObject(ObjectInputStream.java:447)
	at java.base/java.util.ArrayList.readObject(ArrayList.java:929)
	at java.base/jdk.internal.reflect.GeneratedMethodAccessor5.invoke(Unknown Source)
	at java.base/jdk.internal.reflect.DelegatingMethodAccessorImpl.invoke(DelegatingMethodAccessorImpl.java:43)
	at java.base/java.lang.reflect.Method.invoke(Method.java:566)
	at java.base/java.io.ObjectStreamClass.invokeReadObject(ObjectStreamClass.java:1046)
	at java.base/java.io.ObjectInputStream.readSerialData(ObjectInputStream.java:2357)
	at java.base/java.io.ObjectInputStream.readOrdinaryObject(ObjectInputStream.java:2228)
	at java.base/java.io.ObjectInputStream.readObject0(ObjectInputStream.java:1687)
	at java.base/java.io.ObjectInputStream.defaultReadFields(ObjectInputStream.java:2496)
	at java.base/java.io.ObjectInputStream.readSerialData(ObjectInputStream.java:2390)
	at java.base/java.io.ObjectInputStream.readOrdinaryObject(ObjectInputStream.java:2228)
	at java.base/java.io.ObjectInputStream.readObject0(ObjectInputStream.java:1687)
	at java.base/java.io.ObjectInputStream.defaultReadFields(ObjectInputStream.java:2496)
	at java.base/java.io.ObjectInputStream.defaultReadObject(ObjectInputStream.java:625)
	at org.evosuite.testcase.DefaultTestCase.readObject(DefaultTestCase.java:1217)
	at java.base/jdk.internal.reflect.NativeMethodAccessorImpl.invoke0(Native Method)
	at java.base/jdk.internal.reflect.NativeMethodAccessorImpl.invoke(NativeMethodAccessorImpl.java:62)
	at java.base/jdk.internal.reflect.DelegatingMethodAccessorImpl.invoke(DelegatingMethodAccessorImpl.java:43)
	at java.base/java.lang.reflect.Method.invoke(Method.java:566)
	at java.base/java.io.ObjectStreamClass.invokeReadObject(ObjectStreamClass.java:1046)
	at java.base/java.io.ObjectInputStream.readSerialData(ObjectInputStream.java:2357)
	at java.base/java.io.ObjectInputStream.readOrdinaryObject(ObjectInputStream.java:2228)
	at java.base/java.io.ObjectInputStream.readObject0(ObjectInputStream.java:1687)
	at java.base/java.io.ObjectInputStream.defaultReadFields(ObjectInputStream.java:2496)
	at java.base/java.io.ObjectInputStream.readSerialData(ObjectInputStream.java:2390)
	at java.base/java.io.ObjectInputStream.readOrdinaryObject(ObjectInputStream.java:2228)
	at java.base/java.io.ObjectInputStream.readObject0(ObjectInputStream.java:1687)
	at java.base/java.io.ObjectInputStream.readObject(ObjectInputStream.java:489)
	at java.base/java.io.ObjectInputStream.readObject(ObjectInputStream.java:447)
	at java.base/java.util.ArrayList.readObject(ArrayList.java:929)
	at java.base/jdk.internal.reflect.GeneratedMethodAccessor5.invoke(Unknown Source)
	at java.base/jdk.internal.reflect.DelegatingMethodAccessorImpl.invoke(DelegatingMethodAccessorImpl.java:43)
	at java.base/java.lang.reflect.Method.invoke(Method.java:566)
	at java.base/java.io.ObjectStreamClass.invokeReadObject(ObjectStreamClass.java:1046)
	at java.base/java.io.ObjectInputStream.readSerialData(ObjectInputStream.java:2357)
	at java.base/java.io.ObjectInputStream.readOrdinaryObject(ObjectInputStream.java:2228)
	at java.base/java.io.ObjectInputStream.readObject0(ObjectInputStream.java:1687)
	at java.base/java.io.ObjectInputStream.defaultReadFields(ObjectInputStream.java:2496)
	at java.base/java.io.ObjectInputStream.readSerialData(ObjectInputStream.java:2390)
	at java.base/java.io.ObjectInputStream.readOrdinaryObject(ObjectInputStream.java:2228)
	at java.base/java.io.ObjectInputStream.readObject0(ObjectInputStream.java:1687)
	at java.base/java.io.ObjectInputStream.readObject(ObjectInputStream.java:489)
	at java.base/java.io.ObjectInputStream.readObject(ObjectInputStream.java:447)
	at java.rmi/sun.rmi.server.UnicastRef.unmarshalValue(UnicastRef.java:327)
	at java.rmi/sun.rmi.server.UnicastServerRef.dispatch(UnicastServerRef.java:339)
	... 12 common frames omitted
Caused by: java.lang.IllegalArgumentException: expect to get instruction without BasicBlock already set
	at org.evosuite.graphs.cfg.BasicBlock.appendInstruction(BasicBlock.java:225)
	at org.evosuite.graphs.cfg.BasicBlock.setInstructions(BasicBlock.java:206)
	at org.evosuite.graphs.cfg.BasicBlock.<init>(BasicBlock.java:106)
	at org.evosuite.graphs.cfg.RawControlFlowGraph.determineBasicBlockFor(RawControlFlowGraph.java:314)
	at org.evosuite.graphs.cfg.ActualControlFlowGraph.computeNodes(ActualControlFlowGraph.java:295)
	at org.evosuite.graphs.cfg.ActualControlFlowGraph.computeGraph(ActualControlFlowGraph.java:262)
	at org.evosuite.graphs.cfg.ActualControlFlowGraph.<init>(ActualControlFlowGraph.java:97)
	at org.evosuite.graphs.cfg.CFGGenerator.computeActualCFG(CFGGenerator.java:218)
	at org.evosuite.graphs.cfg.CFGGenerator.registerCFGs(CFGGenerator.java:102)
	at org.evosuite.graphs.cfg.CFGMethodAdapter.visitEnd(CFGMethodAdapter.java:219)
	at org.evosuite.shaded.org.objectweb.asm.MethodVisitor.visitEnd(MethodVisitor.java:783)
	at org.evosuite.shaded.org.objectweb.asm.MethodVisitor.visitEnd(MethodVisitor.java:783)
	at org.evosuite.shaded.org.objectweb.asm.tree.MethodNode.accept(MethodNode.java:772)
	at org.evosuite.shaded.org.objectweb.asm.tree.MethodNode.accept(MethodNode.java:649)
	at org.evosuite.shaded.org.objectweb.asm.tree.ClassNode.accept(ClassNode.java:452)
	at org.evosuite.instrumentation.BytecodeInstrumentation.transformBytes(BytecodeInstrumentation.java:282)
	at org.evosuite.instrumentation.InstrumentingClassLoader.getTransformedBytes(InstrumentingClassLoader.java:135)
	at org.evosuite.instrumentation.InstrumentingClassLoader.instrumentClass(InstrumentingClassLoader.java:149)
	... 78 common frames omitted
[MASTER] 09:34:18.027 [main] ERROR SearchStatistics - No statistics has been saved because EvoSuite failed to generate any test case
[MASTER] 09:34:18.129 [main] ERROR TestGeneration - failed to write statistics data

[exit=0 timeout=False time=126.8s]
