
$ defects4j compile -w /work/Compress_20f
Running ant (compile)...................................................... OK
Running ant (compile.tests)................................................ OK

[exit=0 timeout=False time=0.8s]

$ defects4j compile -w /work/Compress_20b
Running ant (compile)...................................................... OK
Running ant (compile.tests)................................................ OK

[exit=0 timeout=False time=0.8s]

$ java -Djava.awt.headless=true -cp /opt/defects4j/framework/projects/lib/junit-4.12-hamcrest-1.3.jar:/opt/evosuite/evosuite-1.2.0.jar:/work/Compress_20f/target/classes:/opt/defects4j/framework/projects/Compress/lib/org/tukaani/xz/1.3/xz-1.3.jar:/work/Compress_20f/target/test-classes org.evosuite.EvoSuite -generateSuite -class org.apache.commons.compress.archivers.cpio.CpioArchiveInputStream -projectCP /opt/defects4j/framework/projects/lib/junit-4.12-hamcrest-1.3.jar:/work/Compress_20f/target/classes:/opt/defects4j/framework/projects/Compress/lib/org/tukaani/xz/1.3/xz-1.3.jar:/work/Compress_20f/target/test-classes -Dcriterion=LINE:BRANCH:EXCEPTION -Dsearch_budget=120 -seed 1 -Dtest_dir=/work/evo_out/Compress_20f/budget120_seed1/tests -Dreport_dir=/work/evo_out/Compress_20f/budget120_seed1/report
* EvoSuite 1.2.0
* Going to generate test cases for class: org.apache.commons.compress.archivers.cpio.CpioArchiveInputStream
* Starting Client-0
* Connecting to master process on port 9922
* Analyzing classpath: 
  - /opt/defects4j/framework/projects/lib/junit-4.12-hamcrest-1.3.jar
  - /work/Compress_20f/target/classes
  - /opt/defects4j/framework/projects/Compress/lib/org/tukaani/xz/1.3/xz-1.3.jar
  - /work/Compress_20f/target/test-classes
[MASTER] 20:05:43.807 [logback-1] WARN  InheritanceTree - Class not in inheritance graph: java.io.ObjectInputFilter
[MASTER] 20:05:43.963 [logback-1] WARN  InheritanceTree - Class not in inheritance graph: java.util.Locale$IsoCountryCode
* Finished analyzing classpath
* Generating tests for class org.apache.commons.compress.archivers.cpio.CpioArchiveInputStream
* Test criteria:
  - Line Coverage
  - Branch Coverage
  - Exception
* Setting up search algorithm for whole suite generation
* Total number of test goals: 
  - Line 213
  - Branch 120
  - Exception 0

[Progress:>                             0%] [Cov:>                                  0%]* Using seed 1
* Starting evolution

[Progress:>                             0%] [Cov:==>                                6%]
[Progress:>                             0%] [Cov:===>                               10%]
[Progress:>                             0%] [Cov:===============>                   43%]
[Progress:>                             0%] [Cov:=================>                 49%]
[Progress:=>                            5%] [Cov:=>                                 4%]
[Progress:=>                            5%] [Cov:==>                                8%]
[Progress:=>                            5%] [Cov:==============>                    41%]
[Progress:=>                            5%] [Cov:===============>                   45%]
[Progress:==>                           9%] [Cov:=>                                 3%]
[Progress:==>                           9%] [Cov:=>                                 4%]
[Progress:==>                           9%] [Cov:=============>                     38%]
[Progress:==>                           9%] [Cov:==============>                    42%]
[Progress:==>                           9%] [Cov:=================>                 50%]
[Progress:===>                          13%] [Cov:=>                                 4%]
[Progress:===>                          13%] [Cov:==>                                8%]
[Progress:===>                          13%] [Cov:==============>                    41%]
[Progress:===>                          13%] [Cov:================>                  46%]
[Progress:===>                          13%] [Cov:================>                  47%]
[Progress:===>                          13%] [Cov:================>                  48%]
[Progress:===>                          13%] [Cov:=================>                 50%]
[Progress:===>                          13%] [Cov:===================>               56%]
[Progress:=====>                        17%] [Cov:===================>               56%]
[Progress:=====>                        17%] [Cov:===================>               56%]
[Progress:=====>                        18%] [Cov:===================>               56%]
[Progress:=====>                        18%] [Cov:===================>               56%]
[Progress:=====>                        18%] [Cov:===================>               56%]
[Progress:=====>                        18%] [Cov:===================>               56%]
[Progress:=====>                        18%] [Cov:===================>               56%]
[Progress:=====>                        18%] [Cov:===================>               56%]
[Progress:=====>                        19%] [Cov:===================>               56%]
[Progress:=====>                        19%] [Cov:===================>               56%]
[Progress:=====>                        19%] [Cov:===================>               56%]
[Progress:======>                       23%] [Cov:===================>               56%]
[Progress:======>                       23%] [Cov:===================>               56%]
[Progress:======>                       23%] [Cov:===================>               56%]
[Progress:======>                       23%] [Cov:===================>               56%]
[Progress:========>                     27%] [Cov:===================>               56%]
[Progress:========>                     27%] [Cov:===================>               56%]
[Progress:=========>                    32%] [Cov:===================>               56%]
[Progress:=========>                    32%] [Cov:===================>               56%]
[Progress:==========>                   36%] [Cov:===================>               56%]
[Progress:==========>                   36%] [Cov:===================>               56%]
[Progress:============>                 40%] [Cov:===================>               56%]
[Progress:============>                 40%] [Cov:===================>               56%]
[Progress:=============>                45%] [Cov:===================>               56%]
[Progress:=============>                45%] [Cov:===================>               56%]
[Progress:=============>                45%] [Cov:===================>               56%]
[Progress:=============>                45%] [Cov:===================>               56%]
[Progress:=============>                45%] [Cov:===================>               56%]
[Progress:=============>                45%] [Cov:===================>               56%]
[Progress:===============>              50%] [Cov:===================>               56%]
[Progress:===============>              50%] [Cov:===================>               56%]
[Progress:================>             54%] [Cov:===================>               56%]
[Progress:================>             54%] [Cov:===================>               56%]
[Progress:================>             55%] [Cov:===================>               56%]
[Progress:================>             55%] [Cov:===================>               56%]
[Progress:================>             55%] [Cov:===================>               56%]
[Progress:================>             55%] [Cov:===================>               56%]
[Progress:=================>            59%] [Cov:===================>               56%]
[Progress:==================>           63%] [Cov:===================>               56%]
[Progress:==================>           63%] [Cov:===================>               56%]
[Progress:==================>           63%] [Cov:===================>               56%]
[Progress:===================>          64%] [Cov:===================>               56%]
[Progress:===================>          64%] [Cov:===================>               56%]
[Progress:===================>          64%] [Cov:===================>               56%]
[Progress:====================>         68%] [Cov:===================>               56%]
[Progress:====================>         68%] [Cov:===================>               56%]
[Progress:====================>         68%] [Cov:===================>               56%]
[Progress:=====================>        72%] [Cov:===================>               56%]
[Progress:=====================>        72%] [Cov:===================>               56%]
[Progress:======================>       76%] [Cov:===================>               56%]
[Progress:=======================>      78%] [Cov:===================>               56%]
[Progress:=======================>      78%] [Cov:===================>               56%]
[Progress:=======================>      79%] [Cov:===================>               56%]
[Progress:========================>     83%] [Cov:===================>               56%]
[Progress:========================>     83%] [Cov:===================>               56%]
[Progress:========================>     83%] [Cov:===================>               56%]
[Progress:========================>     83%] [Cov:===================>               56%]
[Progress:========================>     83%] [Cov:===================>               56%]
[Progress:========================>     83%] [Cov:===================>               56%]
[Progress:=========================>    84%] [Cov:===================>               56%]
[Progress:==========================>   88%] [Cov:===================>               56%]
[Progress:==========================>   88%] [Cov:===================>               56%]
[Progress:==========================>   88%] [Cov:===================>               56%]
[Progress:==========================>   88%] [Cov:===================>               56%]
[Progress:==========================>   88%] [Cov:===================>               56%]
[Progress:===========================>  92%] [Cov:===================>               56%]
[Progress:===========================>  93%] [Cov:===================>               56%]
[Progress:===========================>  93%] [Cov:===================>               56%]
[Progress:===========================>  93%] [Cov:===================>               56%]
[Progress:===========================>  93%] [Cov:===================>               56%]
[Progress:===========================>  93%] [Cov:===================>               56%]
[Progress:=============================>97%] [Cov:===================>               56%]
[Progress:==============================100%] [Cov:===================>               56%]
[Progress:==============================100%] [Cov:===================>               56%]
* Search finished after 128s and 48 generations, 28052 statements, best individual has fitness: 147.55162926892316
* Minimizing test suite
* Going to analyze the coverage criteria
* Coverage analysis for criterion LINE
* Coverage of criterion LINE: 35%
* Total number of goals: 213
* Number of covered goals: 75
* Coverage analysis for criterion BRANCH
* Coverage of criterion BRANCH: 34%
* Total number of goals: 120
* Number of covered goals: 41
* Coverage analysis for criterion EXCEPTION
* Coverage of criterion EXCEPTION: 100%
* Total number of goals: 16
* Number of covered goals: 16
* Generated 26 tests with total length 91
* Resulting test suite's coverage: 56% (average coverage for all fitness functions)
* Generating assertions
* Resulting test suite's mutation score: 7%
* Compiling and checking tests
* Writing tests to file
* Writing JUnit test case 'CpioArchiveInputStream_ESTest' to /work/evo_out/Compress_20f/budget120_seed1/tests
* Done!

* Computation finished

[exit=0 timeout=False time=167.8s]

$ javac -nowarn -cp /work/Compress_20f/target/classes:/opt/defects4j/framework/projects/lib/junit-4.12-hamcrest-1.3.jar:/opt/defects4j/framework/projects/Compress/lib/org/tukaani/xz/1.3/xz-1.3.jar:/work/Compress_20f/target/classes:/work/Compress_20f/target/test-classes:/opt/evosuite/evosuite-standalone-runtime-1.2.0.jar -d /work/evo_out/Compress_20f/budget120_seed1/classes /work/evo_out/Compress_20f/budget120_seed1/tests/org/apache/commons/compress/archivers/cpio/CpioArchiveInputStream_ESTest.java /work/evo_out/Compress_20f/budget120_seed1/tests/org/apache/commons/compress/archivers/cpio/CpioArchiveInputStream_ESTest_scaffolding.java
Note: /work/evo_out/Compress_20f/budget120_seed1/tests/org/apache/commons/compress/archivers/cpio/CpioArchiveInputStream_ESTest.java uses unchecked or unsafe operations.
Note: Recompile with -Xlint:unchecked for details.

[exit=0 timeout=False time=0.6s]

$ java -jar /opt/jacoco/lib/jacococli.jar instrument /work/Compress_20f/target/classes --dest /work/evo_out/Compress_20f/budget120_seed1/instrumented
[INFO] 165 classes instrumented to /work/evo_out/Compress_20f/budget120_seed1/instrumented.

[exit=0 timeout=False time=0.3s]

$ java -Djacoco-agent.destfile=/workspace/EvoSuite/Result_Round2/Compress_20/budget120_seed1/jacoco.exec -cp /work/evo_out/Compress_20f/budget120_seed1/instrumented:/work/evo_out/Compress_20f/budget120_seed1/classes:/opt/defects4j/framework/projects/lib/junit-4.12-hamcrest-1.3.jar:/opt/defects4j/framework/projects/Compress/lib/org/tukaani/xz/1.3/xz-1.3.jar:/work/Compress_20f/target/classes:/work/Compress_20f/target/test-classes:/opt/evosuite/evosuite-standalone-runtime-1.2.0.jar:/opt/jacoco/lib/jacocoagent.jar org.junit.runner.JUnitCore org.apache.commons.compress.archivers.cpio.CpioArchiveInputStream_ESTest
JUnit version 4.12
..........................
Time: 0.652

OK (26 tests)

SLF4J: Failed to load class "org.slf4j.impl.StaticLoggerBinder".
SLF4J: Defaulting to no-operation (NOP) logger implementation
SLF4J: See http://www.slf4j.org/codes.html#StaticLoggerBinder for further details.
WARNING: An illegal reflective access operation has occurred
WARNING: Illegal reflective access by org.evosuite.runtime.GuiSupport (file:/opt/evosuite/evosuite-standalone-runtime-1.2.0.jar) to field java.awt.GraphicsEnvironment.headless
WARNING: Please consider reporting this to the maintainers of org.evosuite.runtime.GuiSupport
WARNING: Use --illegal-access=warn to enable warnings of further illegal reflective access operations
WARNING: All illegal access operations will be denied in a future release

[exit=0 timeout=False time=0.9s]

$ java -jar /opt/jacoco/lib/jacococli.jar report /workspace/EvoSuite/Result_Round2/Compress_20/budget120_seed1/jacoco.exec --classfiles /work/Compress_20f/target/classes --csv /workspace/EvoSuite/Result_Round2/Compress_20/budget120_seed1/jacoco.csv
[INFO] Loading execution data file /workspace/EvoSuite/Result_Round2/Compress_20/budget120_seed1/jacoco.exec.
[INFO] Analyzing 152 classes.

[exit=0 timeout=False time=0.3s]

$ java -cp /work/evo_out/Compress_20f/budget120_seed1/classes:/opt/defects4j/framework/projects/lib/junit-4.12-hamcrest-1.3.jar:/opt/defects4j/framework/projects/Compress/lib/org/tukaani/xz/1.3/xz-1.3.jar:/work/Compress_20b/target/classes:/work/Compress_20b/target/test-classes:/opt/evosuite/evosuite-standalone-runtime-1.2.0.jar org.junit.runner.JUnitCore org.apache.commons.compress.archivers.cpio.CpioArchiveInputStream_ESTest
JUnit version 4.12
..........................
Time: 0.614

OK (26 tests)

SLF4J: Failed to load class "org.slf4j.impl.StaticLoggerBinder".
SLF4J: Defaulting to no-operation (NOP) logger implementation
SLF4J: See http://www.slf4j.org/codes.html#StaticLoggerBinder for further details.
WARNING: An illegal reflective access operation has occurred
WARNING: Illegal reflective access by org.evosuite.runtime.GuiSupport (file:/opt/evosuite/evosuite-standalone-runtime-1.2.0.jar) to field java.awt.GraphicsEnvironment.headless
WARNING: Please consider reporting this to the maintainers of org.evosuite.runtime.GuiSupport
WARNING: Use --illegal-access=warn to enable warnings of further illegal reflective access operations
WARNING: All illegal access operations will be denied in a future release

[exit=0 timeout=False time=0.8s]
