
$ javac -nowarn -encoding UTF-8 -cp /work/Closure_118f/build/classes:/work/Closure_118f/lib/args4j.jar:/work/Closure_118f/lib/guava.jar:/work/Closure_118f/lib/json.jar:/work/Closure_118f/lib/jsr305.jar:/work/Closure_118f/lib/protobuf-java.jar:/work/Closure_118f/build/lib/rhino.jar:/work/Closure_118f/lib/ant.jar:/work/Closure_118f/lib/ant-launcher.jar:/work/Closure_118f/lib/caja-r4314.jar:/work/Closure_118f/lib/jarjar.jar:/work/Closure_118f/lib/junit.jar:/work/Closure_118f/build/test:/work/jqwik_harness:/workspace/lib/jqwik/jqwik-1.7.4.jar:/workspace/lib/jqwik/jqwik-api-1.7.4.jar:/workspace/lib/jqwik/jqwik-engine-1.7.4.jar -d /work/jqwik_out/Closure_118/auto_round2_tries1000_seed3/classes_f /workspace/jqwik/Auto/Closure_118/com/google/javascript/jscomp/DisambiguateProperties_AutoPbtTest.java

[exit=0 timeout=False time=1.0s]

$ javac -nowarn -encoding UTF-8 -cp /work/Closure_118b/build/classes:/work/Closure_118b/lib/args4j.jar:/work/Closure_118b/lib/guava.jar:/work/Closure_118b/lib/json.jar:/work/Closure_118b/lib/jsr305.jar:/work/Closure_118b/lib/protobuf-java.jar:/work/Closure_118b/build/lib/rhino.jar:/work/Closure_118b/lib/ant.jar:/work/Closure_118b/lib/ant-launcher.jar:/work/Closure_118b/lib/caja-r4314.jar:/work/Closure_118b/lib/jarjar.jar:/work/Closure_118b/lib/junit.jar:/work/Closure_118b/build/test:/work/jqwik_harness:/workspace/lib/jqwik/jqwik-1.7.4.jar:/workspace/lib/jqwik/jqwik-api-1.7.4.jar:/workspace/lib/jqwik/jqwik-engine-1.7.4.jar -d /work/jqwik_out/Closure_118/auto_round2_tries1000_seed3/classes_b /workspace/jqwik/Auto/Closure_118/com/google/javascript/jscomp/DisambiguateProperties_AutoPbtTest.java

[exit=0 timeout=False time=1.0s]

$ java -Djava.awt.headless=true -Xss4m -Xmx1g -Dpbt.seed=3 -Dpbt.tries=1000 -Dpbt.snapshot.dir=/work/jqwik_out/Closure_118/auto_round2_tries1000_seed3/snapshots -Dpbt.propertyBudgetMs=5000 -Dpbt.mask=/work/Closure_118f:/work/Closure_118b:/work/jqwik_out/Closure_118/auto_round2_tries1000_seed3/classes_f:/work/jqwik_out/Closure_118/auto_round2_tries1000_seed3/classes_b -Dpbt.mode=record -jar /workspace/lib/jqwik/junit-platform-console-standalone-1.9.3.jar --disable-banner --details tree --class-path /work/jqwik_out/Closure_118/auto_round2_tries1000_seed3/classes_f:/work/Closure_118f/build/classes:/work/Closure_118f/lib/args4j.jar:/work/Closure_118f/lib/guava.jar:/work/Closure_118f/lib/json.jar:/work/Closure_118f/lib/jsr305.jar:/work/Closure_118f/lib/protobuf-java.jar:/work/Closure_118f/build/lib/rhino.jar:/work/Closure_118f/lib/ant.jar:/work/Closure_118f/lib/ant-launcher.jar:/work/Closure_118f/lib/caja-r4314.jar:/work/Closure_118f/lib/jarjar.jar:/work/Closure_118f/lib/junit.jar:/work/Closure_118f/build/test:/work/jqwik_harness:/workspace/lib/jqwik/jqwik-1.7.4.jar:/workspace/lib/jqwik/jqwik-api-1.7.4.jar:/workspace/lib/jqwik/jqwik-engine-1.7.4.jar --scan-class-path /work/jqwik_out/Closure_118/auto_round2_tries1000_seed3/classes_f --include-classname .* --include-engine jqwik --config jqwik.database=/workspace/jqwik/Result_auto_Round2/Closure_118/tries1000_seed3/reports_record/jqwik-database --config jqwik.tries.default=1000 --reports-dir /workspace/jqwik/Result_auto_Round2/Closure_118/tries1000_seed3/reports_record
lls
generation = RANDOMIZED       | parameters are randomly generated
after-failure = SAMPLE_FIRST  | try previously failed sample, then previous seed
when-fixed-seed = ALLOW       | fixing the random seed is allowed
edge-cases#mode = NONE        | edge cases are not explicitly generated
seed = 3                      | random seed to reproduce generated values


timestamp = 2026-09-30T23:50:51.337335, DisambiguateProperties AutoPbtTest:m000 forConcreteTypeSystem = 
                              |-----------------------jqwik-----------------------
tries = 1000                  | # of calls to property
checks = 1000                 | # of not rejected calls
generation = RANDOMIZED       | parameters are randomly generated
after-failure = SAMPLE_FIRST  | try previously failed sample, then previous seed
when-fixed-seed = ALLOW       | fixing the random seed is allowed
edge-cases#mode = NONE        | edge cases are not explicitly generated
seed = 3                      | random seed to reproduce generated values


timestamp = 2026-09-30T23:50:51.694674, DisambiguateProperties AutoPbtTest:m002 getProperty = 
                              |-----------------------jqwik-----------------------
tries = 1000                  | # of calls to property
checks = 1000                 | # of not rejected calls
generation = RANDOMIZED       | parameters are randomly generated
after-failure = SAMPLE_FIRST  | try previously failed sample, then previous seed
when-fixed-seed = ALLOW       | fixing the random seed is allowed
edge-cases#mode = NONE        | edge cases are not explicitly generated
seed = 3                      | random seed to reproduce generated values


timestamp = 2026-09-30T23:50:52.369098, DisambiguateProperties AutoPbtTest:m005 process = 
                              |-----------------------jqwik-----------------------
tries = 1000                  | # of calls to property
checks = 1000                 | # of not rejected calls
generation = RANDOMIZED       | parameters are randomly generated
after-failure = SAMPLE_FIRST  | try previously failed sample, then previous seed
when-fixed-seed = ALLOW       | fixing the random seed is allowed
edge-cases#mode = NONE        | edge cases are not explicitly generated
seed = 3                      | random seed to reproduce generated values


timestamp = 2026-09-30T23:50:52.740623, DisambiguateProperties AutoPbtTest:m006 renameProperties = 
                              |-----------------------jqwik-----------------------
tries = 1000                  | # of calls to property
checks = 1000                 | # of not rejected calls
generation = RANDOMIZED       | parameters are randomly generated
after-failure = SAMPLE_FIRST  | try previously failed sample, then previous seed
when-fixed-seed = ALLOW       | fixing the random seed is allowed
edge-cases#mode = NONE        | edge cases are not explicitly generated
seed = 3                      | random seed to reproduce generated values


[36m╷[0m
[36m└─[0m [36mjqwik (JUnit Platform)[0m [32m✔[0m
[36m   └─[0m [36mDisambiguateProperties AutoPbtTest[0m [32m✔[0m
[36m      ├─[0m [34mm003 getRenamedTypesForTesting[0m [32m✔[0m
[36m      ├─[0m [34mm004 getTypeWithProperty[0m [32m✔[0m
[36m      ├─[0m [34mm001 forJSTypeSystem[0m [32m✔[0m
[36m      ├─[0m [34mm000 forConcreteTypeSystem[0m [32m✔[0m
[36m      ├─[0m [34mm002 getProperty[0m [32m✔[0m
[36m      ├─[0m [34mm005 process[0m [32m✔[0m
[36m      └─[0m [34mm006 renameProperties[0m [32m✔[0m

Test run finished after 4484 ms
[         2 containers found      ]
[         0 containers skipped    ]
[         2 containers started    ]
[         0 containers aborted    ]
[         2 containers successful ]
[         0 containers failed     ]
[         7 tests found           ]
[         0 tests skipped         ]
[         7 tests started         ]
[         0 tests aborted         ]
[         7 tests successful      ]
[         0 tests failed          ]


[exit=0 timeout=False time=5.6s]

$ java -Djava.awt.headless=true -Xss4m -Xmx1g -Dpbt.seed=3 -Dpbt.tries=1000 -Dpbt.snapshot.dir=/work/jqwik_out/Closure_118/auto_round2_tries1000_seed3/snapshots -Dpbt.propertyBudgetMs=5000 -Dpbt.mask=/work/Closure_118f:/work/Closure_118b:/work/jqwik_out/Closure_118/auto_round2_tries1000_seed3/classes_f:/work/jqwik_out/Closure_118/auto_round2_tries1000_seed3/classes_b -Dpbt.mode=check -javaagent:/opt/jacoco/lib/jacocoagent.jar=destfile=/workspace/jqwik/Result_auto_Round2/Closure_118/tries1000_seed3/jacoco.exec -jar /workspace/lib/jqwik/junit-platform-console-standalone-1.9.3.jar --disable-banner --details tree --class-path /work/jqwik_out/Closure_118/auto_round2_tries1000_seed3/classes_f:/work/Closure_118f/build/classes:/work/Closure_118f/lib/args4j.jar:/work/Closure_118f/lib/guava.jar:/work/Closure_118f/lib/json.jar:/work/Closure_118f/lib/jsr305.jar:/work/Closure_118f/lib/protobuf-java.jar:/work/Closure_118f/build/lib/rhino.jar:/work/Closure_118f/lib/ant.jar:/work/Closure_118f/lib/ant-launcher.jar:/work/Closure_118f/lib/caja-r4314.jar:/work/Closure_118f/lib/jarjar.jar:/work/Closure_118f/lib/junit.jar:/work/Closure_118f/build/test:/work/jqwik_harness:/workspace/lib/jqwik/jqwik-1.7.4.jar:/workspace/lib/jqwik/jqwik-api-1.7.4.jar:/workspace/lib/jqwik/jqwik-engine-1.7.4.jar --scan-class-path /work/jqwik_out/Closure_118/auto_round2_tries1000_seed3/classes_f --include-classname .* --include-engine jqwik --config jqwik.database=/workspace/jqwik/Result_auto_Round2/Closure_118/tries1000_seed3/reports_fixed/jqwik-database --config jqwik.tries.default=1000 --reports-dir /workspace/jqwik/Result_auto_Round2/Closure_118/tries1000_seed3/reports_fixed
lls
generation = RANDOMIZED       | parameters are randomly generated
after-failure = SAMPLE_FIRST  | try previously failed sample, then previous seed
when-fixed-seed = ALLOW       | fixing the random seed is allowed
edge-cases#mode = NONE        | edge cases are not explicitly generated
seed = 3                      | random seed to reproduce generated values


timestamp = 2026-09-30T23:50:58.342246, DisambiguateProperties AutoPbtTest:m000 forConcreteTypeSystem = 
                              |-----------------------jqwik-----------------------
tries = 1000                  | # of calls to property
checks = 1000                 | # of not rejected calls
generation = RANDOMIZED       | parameters are randomly generated
after-failure = SAMPLE_FIRST  | try previously failed sample, then previous seed
when-fixed-seed = ALLOW       | fixing the random seed is allowed
edge-cases#mode = NONE        | edge cases are not explicitly generated
seed = 3                      | random seed to reproduce generated values


timestamp = 2026-09-30T23:50:58.882174, DisambiguateProperties AutoPbtTest:m002 getProperty = 
                              |-----------------------jqwik-----------------------
tries = 1000                  | # of calls to property
checks = 1000                 | # of not rejected calls
generation = RANDOMIZED       | parameters are randomly generated
after-failure = SAMPLE_FIRST  | try previously failed sample, then previous seed
when-fixed-seed = ALLOW       | fixing the random seed is allowed
edge-cases#mode = NONE        | edge cases are not explicitly generated
seed = 3                      | random seed to reproduce generated values


timestamp = 2026-09-30T23:50:59.703082, DisambiguateProperties AutoPbtTest:m005 process = 
                              |-----------------------jqwik-----------------------
tries = 1000                  | # of calls to property
checks = 1000                 | # of not rejected calls
generation = RANDOMIZED       | parameters are randomly generated
after-failure = SAMPLE_FIRST  | try previously failed sample, then previous seed
when-fixed-seed = ALLOW       | fixing the random seed is allowed
edge-cases#mode = NONE        | edge cases are not explicitly generated
seed = 3                      | random seed to reproduce generated values


timestamp = 2026-09-30T23:50:59.983159, DisambiguateProperties AutoPbtTest:m006 renameProperties = 
                              |-----------------------jqwik-----------------------
tries = 1000                  | # of calls to property
checks = 1000                 | # of not rejected calls
generation = RANDOMIZED       | parameters are randomly generated
after-failure = SAMPLE_FIRST  | try previously failed sample, then previous seed
when-fixed-seed = ALLOW       | fixing the random seed is allowed
edge-cases#mode = NONE        | edge cases are not explicitly generated
seed = 3                      | random seed to reproduce generated values


[36m╷[0m
[36m└─[0m [36mjqwik (JUnit Platform)[0m [32m✔[0m
[36m   └─[0m [36mDisambiguateProperties AutoPbtTest[0m [32m✔[0m
[36m      ├─[0m [34mm003 getRenamedTypesForTesting[0m [32m✔[0m
[36m      ├─[0m [34mm004 getTypeWithProperty[0m [32m✔[0m
[36m      ├─[0m [34mm001 forJSTypeSystem[0m [32m✔[0m
[36m      ├─[0m [34mm000 forConcreteTypeSystem[0m [32m✔[0m
[36m      ├─[0m [34mm002 getProperty[0m [32m✔[0m
[36m      ├─[0m [34mm005 process[0m [32m✔[0m
[36m      └─[0m [34mm006 renameProperties[0m [32m✔[0m

Test run finished after 5529 ms
[         2 containers found      ]
[         0 containers skipped    ]
[         2 containers started    ]
[         0 containers aborted    ]
[         2 containers successful ]
[         0 containers failed     ]
[         7 tests found           ]
[         0 tests skipped         ]
[         7 tests started         ]
[         0 tests aborted         ]
[         7 tests successful      ]
[         0 tests failed          ]


[exit=0 timeout=False time=12.5s]

$ java -jar /opt/jacoco/lib/jacococli.jar report /workspace/jqwik/Result_auto_Round2/Closure_118/tries1000_seed3/jacoco.exec --classfiles /work/Closure_118f/build/classes --csv /workspace/jqwik/Result_auto_Round2/Closure_118/tries1000_seed3/jacoco.csv
[INFO] Loading execution data file /workspace/jqwik/Result_auto_Round2/Closure_118/tries1000_seed3/jacoco.exec.
[INFO] Analyzing 1225 classes.

[exit=0 timeout=False time=1.0s]

$ java -Djava.awt.headless=true -Xss4m -Xmx1g -Dpbt.seed=3 -Dpbt.tries=1000 -Dpbt.snapshot.dir=/work/jqwik_out/Closure_118/auto_round2_tries1000_seed3/snapshots -Dpbt.propertyBudgetMs=5000 -Dpbt.mask=/work/Closure_118f:/work/Closure_118b:/work/jqwik_out/Closure_118/auto_round2_tries1000_seed3/classes_f:/work/jqwik_out/Closure_118/auto_round2_tries1000_seed3/classes_b -Dpbt.mode=check -jar /workspace/lib/jqwik/junit-platform-console-standalone-1.9.3.jar --disable-banner --details tree --class-path /work/jqwik_out/Closure_118/auto_round2_tries1000_seed3/classes_b:/work/Closure_118b/build/classes:/work/Closure_118b/lib/args4j.jar:/work/Closure_118b/lib/guava.jar:/work/Closure_118b/lib/json.jar:/work/Closure_118b/lib/jsr305.jar:/work/Closure_118b/lib/protobuf-java.jar:/work/Closure_118b/build/lib/rhino.jar:/work/Closure_118b/lib/ant.jar:/work/Closure_118b/lib/ant-launcher.jar:/work/Closure_118b/lib/caja-r4314.jar:/work/Closure_118b/lib/jarjar.jar:/work/Closure_118b/lib/junit.jar:/work/Closure_118b/build/test:/work/jqwik_harness:/workspace/lib/jqwik/jqwik-1.7.4.jar:/workspace/lib/jqwik/jqwik-api-1.7.4.jar:/workspace/lib/jqwik/jqwik-engine-1.7.4.jar --scan-class-path /work/jqwik_out/Closure_118/auto_round2_tries1000_seed3/classes_b --include-classname .* --include-engine jqwik --config jqwik.database=/workspace/jqwik/Result_auto_Round2/Closure_118/tries1000_seed3/reports_buggy/jqwik-database --config jqwik.tries.default=1000 --reports-dir /workspace/jqwik/Result_auto_Round2/Closure_118/tries1000_seed3/reports_buggy
lls
generation = RANDOMIZED       | parameters are randomly generated
after-failure = SAMPLE_FIRST  | try previously failed sample, then previous seed
when-fixed-seed = ALLOW       | fixing the random seed is allowed
edge-cases#mode = NONE        | edge cases are not explicitly generated
seed = 3                      | random seed to reproduce generated values


timestamp = 2026-09-30T23:51:11.811531, DisambiguateProperties AutoPbtTest:m000 forConcreteTypeSystem = 
                              |-----------------------jqwik-----------------------
tries = 1000                  | # of calls to property
checks = 1000                 | # of not rejected calls
generation = RANDOMIZED       | parameters are randomly generated
after-failure = SAMPLE_FIRST  | try previously failed sample, then previous seed
when-fixed-seed = ALLOW       | fixing the random seed is allowed
edge-cases#mode = NONE        | edge cases are not explicitly generated
seed = 3                      | random seed to reproduce generated values


timestamp = 2026-09-30T23:51:12.227827, DisambiguateProperties AutoPbtTest:m002 getProperty = 
                              |-----------------------jqwik-----------------------
tries = 1000                  | # of calls to property
checks = 1000                 | # of not rejected calls
generation = RANDOMIZED       | parameters are randomly generated
after-failure = SAMPLE_FIRST  | try previously failed sample, then previous seed
when-fixed-seed = ALLOW       | fixing the random seed is allowed
edge-cases#mode = NONE        | edge cases are not explicitly generated
seed = 3                      | random seed to reproduce generated values


timestamp = 2026-09-30T23:51:12.932838, DisambiguateProperties AutoPbtTest:m005 process = 
                              |-----------------------jqwik-----------------------
tries = 1000                  | # of calls to property
checks = 1000                 | # of not rejected calls
generation = RANDOMIZED       | parameters are randomly generated
after-failure = SAMPLE_FIRST  | try previously failed sample, then previous seed
when-fixed-seed = ALLOW       | fixing the random seed is allowed
edge-cases#mode = NONE        | edge cases are not explicitly generated
seed = 3                      | random seed to reproduce generated values


timestamp = 2026-09-30T23:51:13.316801, DisambiguateProperties AutoPbtTest:m006 renameProperties = 
                              |-----------------------jqwik-----------------------
tries = 1000                  | # of calls to property
checks = 1000                 | # of not rejected calls
generation = RANDOMIZED       | parameters are randomly generated
after-failure = SAMPLE_FIRST  | try previously failed sample, then previous seed
when-fixed-seed = ALLOW       | fixing the random seed is allowed
edge-cases#mode = NONE        | edge cases are not explicitly generated
seed = 3                      | random seed to reproduce generated values


[36m╷[0m
[36m└─[0m [36mjqwik (JUnit Platform)[0m [32m✔[0m
[36m   └─[0m [36mDisambiguateProperties AutoPbtTest[0m [32m✔[0m
[36m      ├─[0m [34mm003 getRenamedTypesForTesting[0m [32m✔[0m
[36m      ├─[0m [34mm004 getTypeWithProperty[0m [32m✔[0m
[36m      ├─[0m [34mm001 forJSTypeSystem[0m [32m✔[0m
[36m      ├─[0m [34mm000 forConcreteTypeSystem[0m [32m✔[0m
[36m      ├─[0m [34mm002 getProperty[0m [32m✔[0m
[36m      ├─[0m [34mm005 process[0m [32m✔[0m
[36m      └─[0m [34mm006 renameProperties[0m [32m✔[0m

Test run finished after 4700 ms
[         2 containers found      ]
[         0 containers skipped    ]
[         2 containers started    ]
[         0 containers aborted    ]
[         2 containers successful ]
[         0 containers failed     ]
[         7 tests found           ]
[         0 tests skipped         ]
[         7 tests started         ]
[         0 tests aborted         ]
[         7 tests successful      ]
[         0 tests failed          ]


[exit=0 timeout=False time=5.8s]
