
$ defects4j compile -w /work/Mockito_29f
Running ant (compile)...................................................... OK
Running ant (compile.tests)................................................ OK

[exit=0 timeout=False time=9.6s]

$ defects4j compile -w /work/Mockito_29b
Running ant (compile)...................................................... OK
Running ant (compile.tests)................................................ OK

[exit=0 timeout=False time=9.9s]

$ java -Djava.awt.headless=true -cp /opt/defects4j/framework/projects/lib/junit-4.12-hamcrest-1.3.jar:/opt/evosuite/evosuite-1.2.0.jar:/work/Mockito_29f/target/classes:/opt/defects4j/framework/projects/Mockito/lib/asm-all-5.0.4.jar:/opt/defects4j/framework/projects/Mockito/lib/assertj-core-2.1.0.jar:/opt/defects4j/framework/projects/Mockito/lib/cglib-and-asm-1.0.jar:/opt/defects4j/framework/projects/Mockito/lib/cobertura-2.0.3.jar:/opt/defects4j/framework/projects/Mockito/lib/fest-assert-1.3.jar:/opt/defects4j/framework/projects/Mockito/lib/fest-util-1.1.4.jar:/opt/defects4j/framework/projects/Mockito/lib/hamcrest-all-1.3.jar:/opt/defects4j/framework/projects/Mockito/lib/hamcrest-core-1.1.jar:/opt/defects4j/framework/projects/Mockito/lib/objenesis-2.1.jar:/opt/defects4j/framework/projects/Mockito/lib/objenesis-2.2.jar:/opt/defects4j/framework/projects/Mockito/lib/powermock-reflect-1.2.5.jar:/work/Mockito_29f/target/test-classes org.evosuite.EvoSuite -generateSuite -class org.mockito.internal.matchers.Same -projectCP /opt/defects4j/framework/projects/lib/junit-4.12-hamcrest-1.3.jar:/work/Mockito_29f/target/classes:/opt/defects4j/framework/projects/Mockito/lib/asm-all-5.0.4.jar:/opt/defects4j/framework/projects/Mockito/lib/assertj-core-2.1.0.jar:/opt/defects4j/framework/projects/Mockito/lib/cglib-and-asm-1.0.jar:/opt/defects4j/framework/projects/Mockito/lib/cobertura-2.0.3.jar:/opt/defects4j/framework/projects/Mockito/lib/fest-assert-1.3.jar:/opt/defects4j/framework/projects/Mockito/lib/fest-util-1.1.4.jar:/opt/defects4j/framework/projects/Mockito/lib/hamcrest-all-1.3.jar:/opt/defects4j/framework/projects/Mockito/lib/hamcrest-core-1.1.jar:/opt/defects4j/framework/projects/Mockito/lib/objenesis-2.1.jar:/opt/defects4j/framework/projects/Mockito/lib/objenesis-2.2.jar:/opt/defects4j/framework/projects/Mockito/lib/powermock-reflect-1.2.5.jar:/work/Mockito_29f/target/test-classes -Dcriterion=LINE:BRANCH:EXCEPTION -Dsearch_budget=120 -seed 1 -Dtest_dir=/work/evo_out/Mockito_29f/budget120_seed1/tests -Dreport_dir=/work/evo_out/Mockito_29f/budget120_seed1/report
* EvoSuite 1.2.0
* Going to generate test cases for class: org.mockito.internal.matchers.Same
* Starting Client-0
* Connecting to master process on port 9922
* Analyzing classpath: 
  - /opt/defects4j/framework/projects/lib/junit-4.12-hamcrest-1.3.jar
  - /work/Mockito_29f/target/classes
  - /opt/defects4j/framework/projects/Mockito/lib/asm-all-5.0.4.jar
  - /opt/defects4j/framework/projects/Mockito/lib/assertj-core-2.1.0.jar
  - /opt/defects4j/framework/projects/Mockito/lib/cglib-and-asm-1.0.jar
  - /opt/defects4j/framework/projects/Mockito/lib/cobertura-2.0.3.jar
  - /opt/defects4j/framework/projects/Mockito/lib/fest-assert-1.3.jar
  - /opt/defects4j/framework/projects/Mockito/lib/fest-util-1.1.4.jar
  - /opt/defects4j/framework/projects/Mockito/lib/hamcrest-all-1.3.jar
  - /opt/defects4j/framework/projects/Mockito/lib/hamcrest-core-1.1.jar
  - /opt/defects4j/framework/projects/Mockito/lib/objenesis-2.1.jar
  - /opt/defects4j/framework/projects/Mockito/lib/objenesis-2.2.jar
  - /opt/defects4j/framework/projects/Mockito/lib/powermock-reflect-1.2.5.jar
  - /work/Mockito_29f/target/test-classes
[MASTER] 16:13:16.396 [logback-1] WARN  InheritanceTree - Class not in inheritance graph: java.util.Locale$IsoCountryCode
[MASTER] 16:13:16.483 [logback-1] WARN  InheritanceTree - Class not in inheritance graph: java.lang.module.ModuleFinder
* Finished analyzing classpath
* Generating tests for class org.mockito.internal.matchers.Same
* Test criteria:
  - Line Coverage
  - Branch Coverage
  - Exception
* Setting up search algorithm for whole suite generation
* Total number of test goals: 
  - Line 15
  - Branch 9
  - Exception 0
* Using seed 1

[Progress:>                             0%] [Cov:>                                  0%]* Starting evolution
[MASTER] 16:13:16.961 [logback-1] WARN  TestCluster - Failed to check cache for org.hamcrest.collection.IsEmptyCollection<E> : Type points to itself

[Progress:>                             0%] [Cov:==========>                        31%]
[Progress:>                             0%] [Cov:===================>               57%]
[Progress:>                             0%] [Cov:===============================>   90%]
[Progress:>                             0%] [Cov:================================>  94%]
[Progress:>                             1%] [Cov:==========>                        31%]
[Progress:>                             1%] [Cov:===================>               57%]
[Progress:>                             1%] [Cov:===============================>   90%]
[Progress:>                             1%] [Cov:================================>  94%][MASTER] 16:13:19.050 [logback-1] WARN  TestCluster - Failed to check cache for java.util.Comparator<T> : Type points to itself

[Progress:>                             1%] [Cov:================================>  94%]
[Progress:>                             1%] [Cov:================================>  94%]
[Progress:>                             2%] [Cov:================================>  94%]
[Progress:>                             2%] [Cov:================================>  94%]
[Progress:>                             2%] [Cov:================================>  94%]
[Progress:>                             2%] [Cov:================================>  94%]
[Progress:>                             2%] [Cov:================================>  94%]
[Progress:>                             2%] [Cov:================================>  94%]
[Progress:>                             2%] [Cov:================================>  94%]
[Progress:>                             3%] [Cov:================================>  94%]
[Progress:>                             3%] [Cov:================================>  94%]
[Progress:>                             3%] [Cov:================================>  94%]
[Progress:>                             3%] [Cov:================================>  94%]
[Progress:>                             3%] [Cov:================================>  94%]
[Progress:>                             3%] [Cov:================================>  94%]
[Progress:>                             3%] [Cov:================================>  94%]
[Progress:>                             3%] [Cov:================================>  94%]
[Progress:>                             3%] [Cov:================================>  94%]
[Progress:>                             3%] [Cov:================================>  94%]
[Progress:>                             3%] [Cov:================================>  94%]
[Progress:>                             3%] [Cov:================================>  94%]
[Progress:>                             3%] [Cov:================================>  94%]
[Progress:>                             3%] [Cov:================================>  94%]
[Progress:>                             3%] [Cov:================================>  94%]
[Progress:=>                            4%] [Cov:================================>  94%]
[Progress:=>                            4%] [Cov:================================>  94%]
[Progress:=>                            4%] [Cov:================================>  94%]
[Progress:=>                            4%] [Cov:================================>  94%]
[Progress:=>                            4%] [Cov:================================>  94%]
[Progress:=>                            4%] [Cov:================================>  94%]
[Progress:=>                            4%] [Cov:================================>  94%]
[Progress:=>                            4%] [Cov:================================>  94%]
[Progress:=>                            4%] [Cov:================================>  94%]
[Progress:=>                            4%] [Cov:================================>  94%]
[Progress:=>                            4%] [Cov:================================>  94%]
[Progress:=>                            4%] [Cov:================================>  94%]
[Progress:=>                            4%] [Cov:================================>  94%]
[Progress:=>                            4%] [Cov:================================>  94%]
[Progress:=>                            4%] [Cov:================================>  94%]
[Progress:=>                            4%] [Cov:================================>  94%]
[Progress:=>                            4%] [Cov:================================>  94%]
[Progress:=>                            4%] [Cov:================================>  94%]
[Progress:=>                            5%] [Cov:================================>  94%]
[Progress:=>                            5%] [Cov:================================>  94%]
[Progress:=>                            5%] [Cov:================================>  94%]
[Progress:=>                            5%] [Cov:================================>  94%]
[Progress:=>                            5%] [Cov:================================>  94%]
[Progress:=>                            5%] [Cov:================================>  94%]
[Progress:=>                            5%] [Cov:================================>  94%]
[Progress:=>                            5%] [Cov:================================>  94%]
[Progress:=>                            5%] [Cov:================================>  94%]
[Progress:=>                            5%] [Cov:================================>  94%]
[Progress:=>                            5%] [Cov:================================>  94%]
[Progress:=>                            5%] [Cov:================================>  94%]
[Progress:=>                            5%] [Cov:================================>  94%]
[Progress:=>                            5%] [Cov:================================>  94%]
[Progress:=>                            5%] [Cov:================================>  94%]
[Progress:=>                            5%] [Cov:================================>  94%]
[Progress:=>                            5%] [Cov:================================>  94%]
[Progress:=>                            5%] [Cov:================================>  94%]
[Progress:=>                            5%] [Cov:================================>  94%]
[Progress:=>                            5%] [Cov:================================>  94%]
[Progress:=>                            5%] [Cov:================================>  94%]
[Progress:=>                            5%] [Cov:================================>  94%]
[Progress:=>                            5%] [Cov:================================>  94%]
[Progress:=>                            5%] [Cov:================================>  94%]
[Progress:=>                            5%] [Cov:================================>  94%]
[Progress:=>                            5%] [Cov:================================>  94%]
[Progress:=>                            5%] [Cov:================================>  94%]
[Progress:=>                            5%] [Cov:================================>  94%]
[Progress:=>                            5%] [Cov:================================>  94%]
[Progress:=>                            5%] [Cov:================================>  94%]
[Progress:=>                            5%] [Cov:================================>  94%]
[Progress:=>                            5%] [Cov:================================>  94%]
[Progress:=>                            5%] [Cov:================================>  94%]
[Progress:=>                            5%] [Cov:================================>  94%]
[Progress:=>                            5%] [Cov:================================>  94%]
[Progress:=>                            5%] [Cov:================================>  94%]
[Progress:=>                            5%] [Cov:================================>  94%]
[Progress:=>                            5%] [Cov:================================>  94%]
[Progress:=>                            5%] [Cov:================================>  94%]
[Progress:=>                            5%] [Cov:================================>  94%]
[Progress:=>                            5%] [Cov:================================>  94%]
[Progress:=>                            5%] [Cov:================================>  94%]
[Progress:=>                            5%] [Cov:================================>  94%]
[Progress:=>                            5%] [Cov:================================>  94%]
[Progress:=>                            5%] [Cov:================================>  94%]
[Progress:=>                            6%] [Cov:================================>  94%]
[Progress:=>                            6%] [Cov:================================>  94%]
[Progress:=>                            6%] [Cov:================================>  94%]
[Progress:=>                            6%] [Cov:================================>  94%]
[Progress:=>                            6%] [Cov:================================>  94%]
[Progress:=>                            6%] [Cov:================================>  94%]
[Progress:=>                            6%] [Cov:================================>  94%]
[Progress:=>                            6%] [Cov:================================>  94%]
[Progress:=>                            6%] [Cov:================================>  94%]
[Progress:=>                            6%] [Cov:================================>  94%]
[Progress:=>                            6%] [Cov:================================>  94%]
[Progress:=>                            6%] [Cov:================================>  94%]
[Progress:=>                            6%] [Cov:================================>  94%]
[Progress:=>                            6%] [Cov:================================>  94%]
[Progress:=>                            6%] [Cov:================================>  94%]
[Progress:=>                            6%] [Cov:================================>  94%]
[Progress:=>                            6%] [Cov:================================>  94%]
[Progress:=>                            6%] [Cov:================================>  94%]
[Progress:=>                            6%] [Cov:================================>  94%]
[Progress:=>                            6%] [Cov:================================>  94%]
[Progress:=>                            6%] [Cov:================================>  94%]
[Progress:=>                            6%] [Cov:================================>  94%]
[Progress:=>                            6%] [Cov:================================>  94%]
[Progress:=>                            6%] [Cov:================================>  94%]
[Progress:=>                            6%] [Cov:================================>  94%]
[Progress:=>                            6%] [Cov:================================>  94%]
[Progress:=>                            6%] [Cov:================================>  94%]
[Progress:==>                           7%] [Cov:================================>  94%]
[Progress:==>                           7%] [Cov:================================>  94%]
[Progress:==>                           7%] [Cov:================================>  94%]
[Progress:==>                           7%] [Cov:================================>  94%]
[Progress:==>                           7%] [Cov:================================>  94%]
[Progress:==>                           7%] [Cov:================================>  94%]
[Progress:==>                           7%] [Cov:================================>  94%]
[Progress:==>                           7%] [Cov:================================>  94%]
[Progress:==>                           7%] [Cov:================================>  94%]
[Progress:==>                           7%] [Cov:================================>  94%]
[Progress:==>                           7%] [Cov:================================>  94%]
[Progress:==>                           7%] [Cov:================================>  94%]
[Progress:==>                           7%] [Cov:================================>  94%]
[Progress:==>                           7%] [Cov:================================>  94%]
[Progress:==>                           7%] [Cov:================================>  94%]
[Progress:==>                           7%] [Cov:================================>  94%]
[Progress:==>                           7%] [Cov:================================>  94%]
[Progress:==>                           7%] [Cov:================================>  94%]
[Progress:==>                           7%] [Cov:================================>  94%]
[Progress:==>                           7%] [Cov:================================>  94%]
[Progress:==>                           7%] [Cov:================================>  94%]
[Progress:==>                           7%] [Cov:================================>  94%]
[Progress:==>                           7%] [Cov:================================>  94%]
[Progress:==>                           7%] [Cov:================================>  94%]
[Progress:==>                           7%] [Cov:================================>  94%]
[Progress:==>                           7%] [Cov:================================>  94%]
[Progress:==>                           7%] [Cov:================================>  94%]
[Progress:==>                           7%] [Cov:================================>  94%]
[Progress:==>                           8%] [Cov:================================>  94%]
[Progress:==>                           8%] [Cov:================================>  94%]
[Progress:==>                           8%] [Cov:================================>  94%]
[Progress:==>                           8%] [Cov:================================>  94%]
[Progress:==>                           8%] [Cov:================================>  94%]
[Progress:==>                           8%] [Cov:================================>  94%]
[Progress:==>                           8%] [Cov:================================>  94%]
[Progress:==>                           8%] [Cov:================================>  94%]
[Progress:==>                           8%] [Cov:================================>  94%]
[Progress:==>                           8%] [Cov:================================>  94%]
[Progress:==>                           8%] [Cov:================================>  94%]
[Progress:==>                           8%] [Cov:================================>  94%]
[Progress:==>                           8%] [Cov:================================>  94%]
[Progress:==>                           8%] [Cov:================================>  94%]
[Progress:==>                           8%] [Cov:================================>  94%]
[Progress:==>                           8%] [Cov:================================>  94%]
[Progress:==>                           8%] [Cov:================================>  94%]
[Progress:==>                           8%] [Cov:================================>  94%]
[Progress:==>                           8%] [Cov:================================>  94%]
[Progress:==>                           8%] [Cov:================================>  94%]
[Progress:==>                           8%] [Cov:================================>  94%]
[Progress:==>                           8%] [Cov:================================>  94%]
[Progress:==>                           8%] [Cov:================================>  94%]
[Progress:==>                           8%] [Cov:================================>  94%]
[Progress:==>                           8%] [Cov:================================>  94%]
[Progress:==>                           8%] [Cov:================================>  94%]
[Progress:==>                           8%] [Cov:================================>  94%]
[Progress:==>                           9%] [Cov:================================>  94%]
[Progress:==>                           9%] [Cov:================================>  94%]
[Progress:==>                           9%] [Cov:================================>  94%]
[Progress:==>                           9%] [Cov:================================>  94%]
[Progress:==>                           9%] [Cov:================================>  94%]
[Progress:==>                           9%] [Cov:================================>  94%]
[Progress:==>                           9%] [Cov:================================>  94%]
[Progress:==>                           9%] [Cov:================================>  94%]
[Progress:==>                           9%] [Cov:================================>  94%]
[Progress:==>                           9%] [Cov:================================>  94%]
[Progress:==>                           9%] [Cov:================================>  94%]
[Progress:==>                           9%] [Cov:================================>  94%]
[Progress:==>                           9%] [Cov:================================>  94%]
[Progress:==>                           9%] [Cov:================================>  94%]
[Progress:==>                           9%] [Cov:================================>  94%]
[Progress:==>                           9%] [Cov:================================>  94%]
[Progress:==>                           9%] [Cov:================================>  94%]
[Progress:==>                           9%] [Cov:================================>  94%]
[Progress:==>                           9%] [Cov:================================>  94%]
[Progress:==>                           9%] [Cov:================================>  94%]
[Progress:==>                           9%] [Cov:================================>  94%]
[Progress:==>                           9%] [Cov:================================>  94%]
[Progress:==>                           9%] [Cov:================================>  94%]
[Progress:==>                           9%] [Cov:================================>  94%]
[Progress:==>                           9%] [Cov:================================>  94%]
[Progress:==>                           9%] [Cov:================================>  94%]
[Progress:==>                           9%] [Cov:================================>  94%]
[Progress:==>                           9%] [Cov:================================>  94%]
[Progress:==>                           9%] [Cov:================================>  94%]
[Progress:==>                           9%] [Cov:================================>  94%]
[Progress:===>                          10%] [Cov:================================>  94%]
[Progress:===>                          10%] [Cov:================================>  94%]
[Progress:===>                          10%] [Cov:================================>  94%]
[Progress:===>                          10%] [Cov:================================>  94%]
[Progress:===>                          10%] [Cov:================================>  94%]
[Progress:===>                          10%] [Cov:================================>  94%]
[Progress:===>                          10%] [Cov:================================>  94%]
[Progress:===>                          10%] [Cov:================================>  94%]
[Progress:===>                          10%] [Cov:================================>  94%]
[Progress:===>                          10%] [Cov:================================>  94%]
[Progress:===>                          10%] [Cov:================================>  94%]
[Progress:===>                          10%] [Cov:================================>  94%]
[Progress:===>                          10%] [Cov:================================>  94%]
[Progress:===>                          10%] [Cov:================================>  94%]
[Progress:===>                          10%] [Cov:================================>  94%]
[Progress:===>                          10%] [Cov:================================>  94%]
[Progress:===>                          10%] [Cov:================================>  94%]
[Progress:===>                          10%] [Cov:================================>  94%]
[Progress:===>                          10%] [Cov:================================>  94%]
[Progress:===>                          10%] [Cov:================================>  94%]
[Progress:===>                          10%] [Cov:================================>  94%]
[Progress:===>                          10%] [Cov:================================>  94%]
[Progress:===>                          10%] [Cov:================================>  94%]
[Progress:===>                          10%] [Cov:================================>  94%]
[Progress:===>                          10%] [Cov:================================>  94%]
[Progress:===>                          10%] [Cov:================================>  94%]
[Progress:===>                          10%] [Cov:================================>  94%]
[Progress:===>                          10%] [Cov:================================>  94%]
[Progress:===>                          10%] [Cov:================================>  94%]
[Progress:===>                          10%] [Cov:================================>  94%]
[Progress:===>                          10%] [Cov:================================>  94%]
[Progress:===>                          10%] [Cov:================================>  94%]
[Progress:===>                          10%] [Cov:================================>  94%]
[Progress:===>                          10%] [Cov:================================>  94%]
[Progress:===>                          10%] [Cov:================================>  94%]
[Progress:===>                          10%] [Cov:================================>  94%]
[Progress:===>                          10%] [Cov:================================>  94%]
[Progress:===>                          10%] [Cov:================================>  94%]
[Progress:===>                          10%] [Cov:================================>  94%]
[Progress:===>                          10%] [Cov:================================>  94%]
[Progress:===>                          10%] [Cov:================================>  94%]
[Progress:===>                          10%] [Cov:================================>  94%]
[Progress:===>                          10%] [Cov:================================>  94%]
[Progress:===>                          10%] [Cov:================================>  94%]
[Progress:===>                          10%] [Cov:================================>  94%]
[Progress:===>                          10%] [Cov:================================>  94%]
[Progress:===>                          10%] [Cov:================================>  94%]
[Progress:===>                          10%] [Cov:================================>  94%]
[Progress:===>                          10%] [Cov:================================>  94%]
[Progress:===>                          10%] [Cov:================================>  94%]
[Progress:===>                          10%] [Cov:================================>  94%]
[Progress:===>                          10%] [Cov:================================>  94%]
[Progress:===>                          10%] [Cov:================================>  94%]
[Progress:===>                          10%] [Cov:================================>  94%]
[Progress:===>                          10%] [Cov:================================>  94%]
[Progress:===>                          11%] [Cov:================================>  94%]
[Progress:===>                          11%] [Cov:================================>  94%]
[Progress:===>                          11%] [Cov:================================>  94%]
[Progress:===>                          11%] [Cov:================================>  94%]
[Progress:===>                          11%] [Cov:================================>  94%]
[Progress:===>                          11%] [Cov:================================>  94%]
[Progress:===>                          11%] [Cov:================================>  94%]
[Progress:===>                          11%] [Cov:================================>  94%]
[Progress:===>                          11%] [Cov:================================>  94%]
[Progress:===>                          11%] [Cov:================================>  94%]
[Progress:===>                          11%] [Cov:================================>  94%]
[Progress:===>                          11%] [Cov:================================>  94%]
[Progress:===>                          11%] [Cov:================================>  94%]
[Progress:===>                          11%] [Cov:================================>  94%]
[Progress:===>                          11%] [Cov:================================>  94%]
[Progress:===>                          11%] [Cov:================================>  94%]
[Progress:===>                          11%] [Cov:================================>  94%]
[Progress:===>                          11%] [Cov:================================>  94%]
[Progress:===>                          11%] [Cov:================================>  94%]
[Progress:===>                          11%] [Cov:================================>  94%]
[Progress:===>                          11%] [Cov:================================>  94%]
[Progress:===>                          11%] [Cov:================================>  94%]
[Progress:===>                          11%] [Cov:================================>  94%]
[Progress:===>                          11%] [Cov:================================>  94%]
[Progress:===>                          11%] [Cov:================================>  94%]
[Progress:===>                          11%] [Cov:================================>  94%]
[Progress:===>                          11%] [Cov:================================>  94%]
[Progress:===>                          11%] [Cov:================================>  94%]
[Progress:===>                          11%] [Cov:================================>  94%]
[Progress:===>                          12%] [Cov:================================>  94%]
[Progress:===>                          12%] [Cov:================================>  94%]
[Progress:===>                          12%] [Cov:================================>  94%]
[Progress:===>                          12%] [Cov:================================>  94%]
[Progress:===>                          12%] [Cov:================================>  94%]
[Progress:===>                          12%] [Cov:================================>  94%]
[Progress:===>                          12%] [Cov:================================>  94%]
[Progress:===>                          12%] [Cov:================================>  94%]
[Progress:===>                          12%] [Cov:================================>  94%]
[Progress:===>                          12%] [Cov:================================>  94%]
[Progress:===>                          12%] [Cov:================================>  94%]
[Progress:===>                          12%] [Cov:================================>  94%]
[Progress:===>                          12%] [Cov:================================>  94%]
[Progress:===>                          12%] [Cov:================================>  94%]
[Progress:===>                          12%] [Cov:================================>  94%]
[Progress:===>                          12%] [Cov:================================>  94%]
[Progress:===>                          12%] [Cov:================================>  94%]
[Progress:===>                          12%] [Cov:================================>  94%]
[Progress:===>                          12%] [Cov:================================>  94%]
[Progress:===>                          12%] [Cov:================================>  94%]
[Progress:===>                          12%] [Cov:================================>  94%]
[Progress:===>                          12%] [Cov:================================>  94%]
[Progress:===>                          12%] [Cov:================================>  94%]
[Progress:===>                          12%] [Cov:================================>  94%]
[Progress:===>                          12%] [Cov:================================>  94%]
[Progress:===>                          12%] [Cov:================================>  94%]
[Progress:===>                          12%] [Cov:================================>  94%]
[Progress:===>                          12%] [Cov:================================>  94%]
[Progress:===>                          12%] [Cov:================================>  94%]
[Progress:===>                          12%] [Cov:================================>  94%]
[Progress:===>                          13%] [Cov:================================>  94%]
[Progress:===>                          13%] [Cov:================================>  94%]
[Progress:===>                          13%] [Cov:================================>  94%]
[Progress:===>                          13%] [Cov:================================>  94%]
[Progress:===>                          13%] [Cov:================================>  94%]
[Progress:===>                          13%] [Cov:================================>  94%]
[Progress:===>                          13%] [Cov:================================>  94%]
[Progress:===>                          13%] [Cov:================================>  94%]
[Progress:===>                          13%] [Cov:================================>  94%]
[Progress:===>                          13%] [Cov:================================>  94%]
[Progress:===>                          13%] [Cov:================================>  94%]
[Progress:===>                          13%] [Cov:================================>  94%]
[Progress:===>                          13%] [Cov:================================>  94%]
[Progress:===>                          13%] [Cov:================================>  94%]
[Progress:===>                          13%] [Cov:================================>  94%]
[Progress:===>                          13%] [Cov:================================>  94%]
[Progress:===>                          13%] [Cov:================================>  94%]
[Progress:===>                          13%] [Cov:================================>  94%]
[Progress:===>                          13%] [Cov:================================>  94%]
[Progress:===>                          13%] [Cov:================================>  94%]
[Progress:===>                          13%] [Cov:================================>  94%]
[Progress:===>                          13%] [Cov:================================>  94%]
[Progress:===>                          13%] [Cov:================================>  94%]
[Progress:===>                          13%] [Cov:================================>  94%]
[Progress:===>                          13%] [Cov:================================>  94%]
[Progress:===>                          13%] [Cov:================================>  94%]
[Progress:===>                          13%] [Cov:================================>  94%]
[Progress:===>                          13%] [Cov:================================>  94%]
[Progress:===>                          13%] [Cov:================================>  94%]
[Progress:===>                          13%] [Cov:================================>  94%]
[Progress:===>                          13%] [Cov:================================>  94%]
[Progress:===>                          13%] [Cov:================================>  94%]
[Progress:====>                         14%] [Cov:================================>  94%]
[Progress:====>                         14%] [Cov:================================>  94%]
[Progress:====>                         14%] [Cov:================================>  94%]
[Progress:====>                         14%] [Cov:================================>  94%]
[Progress:====>                         14%] [Cov:================================>  94%]
[Progress:====>                         14%] [Cov:================================>  94%]
[Progress:====>                         14%] [Cov:================================>  94%]
[Progress:====>                         14%] [Cov:================================>  94%]
[Progress:====>                         14%] [Cov:================================>  94%]
[Progress:====>                         14%] [Cov:================================>  94%]
[Progress:====>                         14%] [Cov:================================>  94%]
[Progress:====>                         14%] [Cov:================================>  94%]
[Progress:====>                         14%] [Cov:================================>  94%]
[Progress:====>                         14%] [Cov:================================>  94%]
[Progress:====>                         14%] [Cov:================================>  94%]
[Progress:====>                         14%] [Cov:================================>  94%]
[Progress:====>                         14%] [Cov:================================>  94%]
[Progress:====>                         14%] [Cov:================================>  94%]
[Progress:====>                         14%] [Cov:================================>  94%]
[Progress:====>                         14%] [Cov:================================>  94%]
[Progress:====>                         14%] [Cov:================================>  94%]
[Progress:====>                         14%] [Cov:================================>  94%]
[Progress:====>                         14%] [Cov:================================>  94%]
[Progress:====>                         14%] [Cov:================================>  94%]
[Progress:====>                         14%] [Cov:================================>  94%]
[Progress:====>                         14%] [Cov:================================>  94%]
[Progress:====>                         14%] [Cov:================================>  94%]
[Progress:====>                         14%] [Cov:================================>  94%]
[Progress:====>                         14%] [Cov:================================>  94%]
[Progress:====>                         15%] [Cov:================================>  94%]
[Progress:====>                         15%] [Cov:================================>  94%]
[Progress:====>                         15%] [Cov:================================>  94%]
[Progress:====>                         15%] [Cov:================================>  94%]
[Progress:====>                         15%] [Cov:================================>  94%]
[Progress:====>                         15%] [Cov:================================>  94%]
[Progress:====>                         15%] [Cov:================================>  94%]
[Progress:====>                         15%] [Cov:================================>  94%]
[Progress:====>                         15%] [Cov:================================>  94%]
[Progress:====>                         15%] [Cov:================================>  94%]
[Progress:====>                         15%] [Cov:================================>  94%]
[Progress:====>                         15%] [Cov:================================>  94%]
[Progress:====>                         15%] [Cov:================================>  94%]
[Progress:====>                         15%] [Cov:================================>  94%]
[Progress:====>                         15%] [Cov:================================>  94%]
[Progress:====>                         15%] [Cov:================================>  94%]
[Progress:====>                         15%] [Cov:================================>  94%]
[Progress:====>                         15%] [Cov:================================>  94%]
[Progress:====>                         15%] [Cov:================================>  94%]
[Progress:====>                         15%] [Cov:================================>  94%]
[Progress:====>                         15%] [Cov:================================>  94%]
[Progress:====>                         15%] [Cov:================================>  94%]
[Progress:====>                         15%] [Cov:================================>  94%]
[Progress:====>                         15%] [Cov:================================>  94%]
[Progress:====>                         15%] [Cov:================================>  94%]
[Progress:====>                         15%] [Cov:================================>  94%]
[Progress:====>                         15%] [Cov:================================>  94%]
[Progress:====>                         15%] [Cov:================================>  94%]
[Progress:====>                         15%] [Cov:================================>  94%]
[Progress:====>                         15%] [Cov:================================>  94%]
[Progress:====>                         15%] [Cov:================================>  94%]
[Progress:====>                         15%] [Cov:================================>  94%]
[Progress:====>                         15%] [Cov:================================>  94%]
[Progress:====>                         15%] [Cov:================================>  94%]
[Progress:====>                         15%] [Cov:================================>  94%]
[Progress:====>                         15%] [Cov:================================>  94%]
[Progress:====>                         15%] [Cov:================================>  94%]
[Progress:====>                         15%] [Cov:================================>  94%]
[Progress:====>                         15%] [Cov:================================>  94%]
[Progress:====>                         15%] [Cov:================================>  94%]
[Progress:====>                         15%] [Cov:================================>  94%]
[Progress:====>                         15%] [Cov:================================>  94%]
[Progress:====>                         15%] [Cov:================================>  94%]
[Progress:====>                         15%] [Cov:================================>  94%]
[Progress:====>                         15%] [Cov:================================>  94%]
[Progress:====>                         15%] [Cov:================================>  94%]
[Progress:====>                         15%] [Cov:================================>  94%]
[Progress:====>                         15%] [Cov:================================>  94%]
[Progress:====>                         15%] [Cov:================================>  94%]
[Progress:====>                         15%] [Cov:================================>  94%]
[Progress:====>                         15%] [Cov:================================>  94%]
[Progress:====>                         15%] [Cov:================================>  94%]
[Progress:====>                         15%] [Cov:================================>  94%]
[Progress:====>                         15%] [Cov:================================>  94%]
[Progress:====>                         15%] [Cov:================================>  94%]
[Progress:====>                         15%] [Cov:================================>  94%]
[Progress:====>                         15%] [Cov:================================>  94%]
[Progress:====>                         15%] [Cov:================================>  94%]
[Progress:====>                         15%] [Cov:================================>  94%]
[Progress:====>                         16%] [Cov:================================>  94%]
[Progress:====>                         16%] [Cov:================================>  94%]
[Progress:====>                         16%] [Cov:================================>  94%]
[Progress:====>                         16%] [Cov:================================>  94%]
[Progress:====>                         16%] [Cov:================================>  94%]
[Progress:====>                         16%] [Cov:================================>  94%]
[Progress:====>                         16%] [Cov:================================>  94%]
[Progress:====>                         16%] [Cov:================================>  94%]
[Progress:====>                         16%] [Cov:================================>  94%]
[Progress:====>                         16%] [Cov:================================>  94%]
[Progress:====>                         16%] [Cov:================================>  94%]
[Progress:====>                         16%] [Cov:================================>  94%]
[Progress:====>                         16%] [Cov:================================>  94%]
[Progress:====>                         16%] [Cov:================================>  94%]
[Progress:====>                         16%] [Cov:================================>  94%]
[Progress:====>                         16%] [Cov:================================>  94%]
[Progress:====>                         16%] [Cov:================================>  94%]
[Progress:====>                         16%] [Cov:================================>  94%]
[Progress:====>                         16%] [Cov:================================>  94%]
[Progress:====>                         16%] [Cov:================================>  94%]
[Progress:====>                         16%] [Cov:================================>  94%]
[Progress:====>                         16%] [Cov:================================>  94%]
[Progress:====>                         16%] [Cov:================================>  94%]
[Progress:====>                         16%] [Cov:================================>  94%]
[Progress:====>                         16%] [Cov:================================>  94%]
[Progress:====>                         16%] [Cov:================================>  94%]
[Progress:====>                         16%] [Cov:================================>  94%]
[Progress:====>                         16%] [Cov:================================>  94%]
[Progress:=====>                        17%] [Cov:================================>  94%]
[Progress:=====>                        17%] [Cov:================================>  94%]
[Progress:=====>                        17%] [Cov:================================>  94%]
[Progress:=====>                        17%] [Cov:================================>  94%]
[Progress:=====>                        17%] [Cov:================================>  94%]
[Progress:=====>                        17%] [Cov:================================>  94%]
[Progress:=====>                        17%] [Cov:================================>  94%]
[Progress:=====>                        17%] [Cov:================================>  94%]
[Progress:=====>                        17%] [Cov:================================>  94%]
[Progress:=====>                        17%] [Cov:================================>  94%]
[Progress:=====>                        17%] [Cov:================================>  94%]
[Progress:=====>                        17%] [Cov:================================>  94%]
[Progress:=====>                        17%] [Cov:================================>  94%]
[Progress:=====>                        17%] [Cov:================================>  94%]
[Progress:=====>                        17%] [Cov:================================>  94%]
[Progress:=====>                        17%] [Cov:================================>  94%]
[Progress:=====>                        17%] [Cov:================================>  94%]
[Progress:=====>                        17%] [Cov:================================>  94%]
[Progress:=====>                        17%] [Cov:================================>  94%]
[Progress:=====>                        17%] [Cov:================================>  94%]
[Progress:=====>                        17%] [Cov:================================>  94%]
[Progress:=====>                        17%] [Cov:================================>  94%]
[Progress:=====>                        17%] [Cov:================================>  94%]
[Progress:=====>                        17%] [Cov:================================>  94%]
[Progress:=====>                        17%] [Cov:================================>  94%]
[Progress:=====>                        17%] [Cov:================================>  94%]
[Progress:=====>                        17%] [Cov:================================>  94%]
[Progress:=====>                        17%] [Cov:================================>  94%]
[Progress:=====>                        17%] [Cov:================================>  94%]
[Progress:=====>                        17%] [Cov:================================>  94%]
[Progress:=====>                        17%] [Cov:================================>  94%]
[Progress:=====>                        18%] [Cov:================================>  94%]
[Progress:=====>                        18%] [Cov:================================>  94%]
[Progress:=====>                        18%] [Cov:================================>  94%]
[Progress:=====>                        18%] [Cov:================================>  94%]
[Progress:=====>                        18%] [Cov:================================>  94%]
[Progress:=====>                        18%] [Cov:================================>  94%]
[Progress:=====>                        18%] [Cov:================================>  94%]
[Progress:=====>                        18%] [Cov:================================>  94%]
[Progress:=====>                        18%] [Cov:================================>  94%]
[Progress:=====>                        18%] [Cov:================================>  94%]
[Progress:=====>                        18%] [Cov:================================>  94%]
[Progress:=====>                        18%] [Cov:================================>  94%]
[Progress:=====>                        18%] [Cov:================================>  94%]
[Progress:=====>                        18%] [Cov:================================>  94%]
[Progress:=====>                        18%] [Cov:================================>  94%]
[Progress:=====>                        18%] [Cov:================================>  94%]
[Progress:=====>                        18%] [Cov:================================>  94%]
[Progress:=====>                        18%] [Cov:================================>  94%]
[Progress:=====>                        18%] [Cov:================================>  94%]
[Progress:=====>                        18%] [Cov:================================>  94%]
[Progress:=====>                        18%] [Cov:================================>  94%]
[Progress:=====>                        18%] [Cov:================================>  94%]
[Progress:=====>                        18%] [Cov:================================>  94%]
[Progress:=====>                        18%] [Cov:================================>  94%]
[Progress:=====>                        18%] [Cov:================================>  94%]
[Progress:=====>                        18%] [Cov:================================>  94%]
[Progress:=====>                        18%] [Cov:================================>  94%]
[Progress:=====>                        18%] [Cov:================================>  94%][MASTER] 16:13:39.547 [logback-1] WARN  TestCluster - Failed to check cache for org.hamcrest.Matcher<T> : Type points to itself

[Progress:=====>                        18%] [Cov:================================>  94%]
[Progress:=====>                        18%] [Cov:================================>  94%]
[Progress:=====>                        18%] [Cov:================================>  94%]
[Progress:=====>                        19%] [Cov:================================>  94%]
[Progress:=====>                        19%] [Cov:================================>  94%]
[Progress:=====>                        19%] [Cov:================================>  94%]
[Progress:=====>                        19%] [Cov:================================>  94%]
[Progress:=====>                        19%] [Cov:================================>  94%]
[Progress:=====>                        19%] [Cov:================================>  94%]
[Progress:=====>                        19%] [Cov:================================>  94%]
[Progress:=====>                        19%] [Cov:================================>  94%]
[Progress:=====>                        19%] [Cov:================================>  94%]
[Progress:=====>                        19%] [Cov:================================>  94%]
[Progress:=====>                        19%] [Cov:================================>  94%]
[Progress:=====>                        19%] [Cov:================================>  94%]
[Progress:=====>                        19%] [Cov:================================>  94%]
[Progress:=====>                        19%] [Cov:================================>  94%]
[Progress:=====>                        19%] [Cov:================================>  94%]
[Progress:=====>                        19%] [Cov:================================>  94%]
[Progress:=====>                        19%] [Cov:================================>  94%]
[Progress:=====>                        19%] [Cov:================================>  94%]
[Progress:=====>                        19%] [Cov:================================>  94%]
[Progress:=====>                        19%] [Cov:================================>  94%]
[Progress:=====>                        19%] [Cov:================================>  94%]
[Progress:=====>                        19%] [Cov:================================>  94%]
[Progress:=====>                        19%] [Cov:================================>  94%]
[Progress:=====>                        19%] [Cov:================================>  94%]
[Progress:=====>                        19%] [Cov:================================>  94%]
[Progress:=====>                        19%] [Cov:================================>  94%]
[Progress:=====>                        19%] [Cov:================================>  94%]
[Progress:=====>                        19%] [Cov:================================>  94%]
[Progress:=====>                        19%] [Cov:================================>  94%]
[Progress:======>                       20%] [Cov:================================>  94%]
[Progress:======>                       20%] [Cov:================================>  94%]
[Progress:======>                       20%] [Cov:================================>  94%]
[Progress:======>                       20%] [Cov:================================>  94%]
[Progress:======>                       20%] [Cov:================================>  94%]
[Progress:======>                       20%] [Cov:================================>  94%]
[Progress:======>                       20%] [Cov:================================>  94%]
[Progress:======>                       20%] [Cov:================================>  94%]
[Progress:======>                       20%] [Cov:================================>  94%]
[Progress:======>                       20%] [Cov:================================>  94%]
[Progress:======>                       20%] [Cov:================================>  94%]
[Progress:======>                       20%] [Cov:================================>  94%]
[Progress:======>                       20%] [Cov:================================>  94%]
[Progress:======>                       20%] [Cov:================================>  94%]
[Progress:======>                       20%] [Cov:================================>  94%]
[Progress:======>                       20%] [Cov:================================>  94%]
[Progress:======>                       20%] [Cov:================================>  94%]
[Progress:======>                       20%] [Cov:================================>  94%]
[Progress:======>                       20%] [Cov:================================>  94%]
[Progress:======>                       20%] [Cov:================================>  94%]
[Progress:======>                       20%] [Cov:================================>  94%]
[Progress:======>                       20%] [Cov:================================>  94%]
[Progress:======>                       20%] [Cov:================================>  94%]
[Progress:======>                       20%] [Cov:================================>  94%]
[Progress:======>                       20%] [Cov:================================>  94%]
[Progress:======>                       20%] [Cov:================================>  94%]
[Progress:======>                       20%] [Cov:================================>  94%]
[Progress:======>                       20%] [Cov:================================>  94%]
[Progress:======>                       20%] [Cov:================================>  94%]
[Progress:======>                       20%] [Cov:================================>  94%]
[Progress:======>                       20%] [Cov:================================>  94%]
[Progress:======>                       20%] [Cov:================================>  94%]
[Progress:======>                       20%] [Cov:================================>  94%]
[Progress:======>                       20%] [Cov:================================>  94%]
[Progress:======>                       20%] [Cov:================================>  94%]
[Progress:======>                       20%] [Cov:================================>  94%]
[Progress:======>                       20%] [Cov:================================>  94%]
[Progress:======>                       20%] [Cov:================================>  94%]
[Progress:======>                       20%] [Cov:================================>  94%]
[Progress:======>                       20%] [Cov:================================>  94%]
[Progress:======>                       20%] [Cov:================================>  94%]
[Progress:======>                       20%] [Cov:================================>  94%]
[Progress:======>                       20%] [Cov:================================>  94%]
[Progress:======>                       20%] [Cov:================================>  94%]
[Progress:======>                       20%] [Cov:================================>  94%]
[Progress:======>                       20%] [Cov:================================>  94%]
[Progress:======>                       20%] [Cov:================================>  94%]
[Progress:======>                       20%] [Cov:================================>  94%]
[Progress:======>                       20%] [Cov:================================>  94%]
[Progress:======>                       20%] [Cov:================================>  94%]
[Progress:======>                       20%] [Cov:================================>  94%]
[Progress:======>                       20%] [Cov:================================>  94%]
[Progress:======>                       20%] [Cov:================================>  94%]
[Progress:======>                       20%] [Cov:================================>  94%]
[Progress:======>                       20%] [Cov:================================>  94%]
[Progress:======>                       20%] [Cov:================================>  94%]
[Progress:======>                       20%] [Cov:================================>  94%]
[Progress:======>                       20%] [Cov:================================>  94%]
[Progress:======>                       20%] [Cov:================================>  94%]
[Progress:======>                       20%] [Cov:================================>  94%]
[Progress:======>                       20%] [Cov:================================>  94%]
[Progress:======>                       20%] [Cov:================================>  94%]
[Progress:======>                       21%] [Cov:================================>  94%]
[Progress:======>                       21%] [Cov:================================>  94%]
[Progress:======>                       21%] [Cov:================================>  94%]
[Progress:======>                       21%] [Cov:================================>  94%]
[Progress:======>                       21%] [Cov:================================>  94%]
[Progress:======>                       21%] [Cov:================================>  94%]
[Progress:======>                       21%] [Cov:================================>  94%]
[Progress:======>                       21%] [Cov:================================>  94%]
[Progress:======>                       21%] [Cov:================================>  94%]
[Progress:======>                       21%] [Cov:================================>  94%]
[Progress:======>                       21%] [Cov:================================>  94%]
[Progress:======>                       21%] [Cov:================================>  94%]
[Progress:======>                       21%] [Cov:================================>  94%]
[Progress:======>                       21%] [Cov:================================>  94%]
[Progress:======>                       21%] [Cov:================================>  94%]
[Progress:======>                       21%] [Cov:================================>  94%]
[Progress:======>                       21%] [Cov:================================>  94%]
[Progress:======>                       21%] [Cov:================================>  94%]
[Progress:======>                       21%] [Cov:================================>  94%]
[Progress:======>                       21%] [Cov:================================>  94%]
[Progress:======>                       21%] [Cov:=================================> 96%]
[Progress:======>                       21%] [Cov:===================================100%]
[Progress:======>                       21%] [Cov:===================================100%]
[Progress:======>                       21%] [Cov:===================================100%]
[Progress:======>                       21%] [Cov:===================================100%]
[Progress:======>                       21%] [Cov:===================================100%]
[Progress:======>                       21%] [Cov:===================================100%]
[Progress:======>                       21%] [Cov:===================================100%]
[Progress:======>                       21%] [Cov:===================================100%]
* Search finished after 27s and 620 generations, 163494 statements, best individual has fitness: 0.25
* Minimizing test suite
* Going to analyze the coverage criteria
* Coverage analysis for criterion LINE
* Coverage of criterion LINE: 100%
* Total number of goals: 15
* Number of covered goals: 15
* Coverage analysis for criterion BRANCH
* Coverage of criterion BRANCH: 100%
* Total number of goals: 9
* Number of covered goals: 9
* Coverage analysis for criterion EXCEPTION
* Coverage of criterion EXCEPTION: 100%
* Total number of goals: 3
* Number of covered goals: 3
* Generated 7 tests with total length 26
* Resulting test suite's coverage: 100% (average coverage for all fitness functions)
* Generating assertions
* Resulting test suite's mutation score: 27%
* Compiling and checking tests
* Writing tests to file
* Writing JUnit test case 'Same_ESTest' to /work/evo_out/Mockito_29f/budget120_seed1/tests
* Done!

* Computation finished

[exit=0 timeout=False time=33.8s]

$ javac -nowarn -cp /work/Mockito_29f/target/classes:/opt/defects4j/framework/projects/lib/junit-4.12-hamcrest-1.3.jar:/work/Mockito_29f/target/classes:/work/Mockito_29f/target/test-classes:/opt/defects4j/framework/projects/Mockito/lib/asm-all-5.0.4.jar:/opt/defects4j/framework/projects/Mockito/lib/assertj-core-2.1.0.jar:/opt/defects4j/framework/projects/Mockito/lib/cglib-and-asm-1.0.jar:/opt/defects4j/framework/projects/Mockito/lib/cobertura-2.0.3.jar:/opt/defects4j/framework/projects/Mockito/lib/fest-assert-1.3.jar:/opt/defects4j/framework/projects/Mockito/lib/fest-util-1.1.4.jar:/opt/defects4j/framework/projects/Mockito/lib/objenesis-2.1.jar:/opt/defects4j/framework/projects/Mockito/lib/objenesis-2.2.jar:/opt/defects4j/framework/projects/Mockito/lib/powermock-reflect-1.2.5.jar:/opt/evosuite/evosuite-standalone-runtime-1.2.0.jar -d /work/evo_out/Mockito_29f/budget120_seed1/classes /work/evo_out/Mockito_29f/budget120_seed1/tests/org/mockito/internal/matchers/Same_ESTest.java /work/evo_out/Mockito_29f/budget120_seed1/tests/org/mockito/internal/matchers/Same_ESTest_scaffolding.java

[exit=0 timeout=False time=0.8s]

$ java -jar /opt/jacoco/lib/jacococli.jar instrument /work/Mockito_29f/target/classes --dest /work/evo_out/Mockito_29f/budget120_seed1/instrumented
[INFO] 267 classes instrumented to /work/evo_out/Mockito_29f/budget120_seed1/instrumented.

[exit=0 timeout=False time=0.4s]

$ java -Djacoco-agent.destfile=/workspace/EvoSuite/Result_Round2/Mockito_29/budget120_seed1/jacoco.exec -cp /work/evo_out/Mockito_29f/budget120_seed1/instrumented:/work/evo_out/Mockito_29f/budget120_seed1/classes:/opt/defects4j/framework/projects/lib/junit-4.12-hamcrest-1.3.jar:/work/Mockito_29f/target/classes:/work/Mockito_29f/target/test-classes:/opt/defects4j/framework/projects/Mockito/lib/asm-all-5.0.4.jar:/opt/defects4j/framework/projects/Mockito/lib/assertj-core-2.1.0.jar:/opt/defects4j/framework/projects/Mockito/lib/cglib-and-asm-1.0.jar:/opt/defects4j/framework/projects/Mockito/lib/cobertura-2.0.3.jar:/opt/defects4j/framework/projects/Mockito/lib/fest-assert-1.3.jar:/opt/defects4j/framework/projects/Mockito/lib/fest-util-1.1.4.jar:/opt/defects4j/framework/projects/Mockito/lib/objenesis-2.1.jar:/opt/defects4j/framework/projects/Mockito/lib/objenesis-2.2.jar:/opt/defects4j/framework/projects/Mockito/lib/powermock-reflect-1.2.5.jar:/opt/evosuite/evosuite-standalone-runtime-1.2.0.jar:/opt/jacoco/lib/jacocoagent.jar org.junit.runner.JUnitCore org.mockito.internal.matchers.Same_ESTest
JUnit version 4.12
.......
Time: 0.381

OK (7 tests)

SLF4J: Failed to load class "org.slf4j.impl.StaticLoggerBinder".
SLF4J: Defaulting to no-operation (NOP) logger implementation
SLF4J: See http://www.slf4j.org/codes.html#StaticLoggerBinder for further details.
WARNING: An illegal reflective access operation has occurred
WARNING: Illegal reflective access by org.evosuite.runtime.GuiSupport (file:/opt/evosuite/evosuite-standalone-runtime-1.2.0.jar) to field java.awt.GraphicsEnvironment.headless
WARNING: Please consider reporting this to the maintainers of org.evosuite.runtime.GuiSupport
WARNING: Use --illegal-access=warn to enable warnings of further illegal reflective access operations
WARNING: All illegal access operations will be denied in a future release

[exit=0 timeout=False time=0.7s]

$ java -jar /opt/jacoco/lib/jacococli.jar report /workspace/EvoSuite/Result_Round2/Mockito_29/budget120_seed1/jacoco.exec --classfiles /work/Mockito_29f/target/classes --csv /workspace/EvoSuite/Result_Round2/Mockito_29/budget120_seed1/jacoco.csv
[INFO] Loading execution data file /workspace/EvoSuite/Result_Round2/Mockito_29/budget120_seed1/jacoco.exec.
[INFO] Analyzing 212 classes.

[exit=0 timeout=False time=0.3s]

$ java -cp /work/evo_out/Mockito_29f/budget120_seed1/classes:/opt/defects4j/framework/projects/lib/junit-4.12-hamcrest-1.3.jar:/work/Mockito_29b/target/classes:/work/Mockito_29b/target/test-classes:/opt/defects4j/framework/projects/Mockito/lib/asm-all-5.0.4.jar:/opt/defects4j/framework/projects/Mockito/lib/assertj-core-2.1.0.jar:/opt/defects4j/framework/projects/Mockito/lib/cglib-and-asm-1.0.jar:/opt/defects4j/framework/projects/Mockito/lib/cobertura-2.0.3.jar:/opt/defects4j/framework/projects/Mockito/lib/fest-assert-1.3.jar:/opt/defects4j/framework/projects/Mockito/lib/fest-util-1.1.4.jar:/opt/defects4j/framework/projects/Mockito/lib/objenesis-2.1.jar:/opt/defects4j/framework/projects/Mockito/lib/objenesis-2.2.jar:/opt/defects4j/framework/projects/Mockito/lib/powermock-reflect-1.2.5.jar:/opt/evosuite/evosuite-standalone-runtime-1.2.0.jar org.junit.runner.JUnitCore org.mockito.internal.matchers.Same_ESTest
JUnit version 4.12
..E.....
Time: 0.384
There was 1 failure:
1) test1(org.mockito.internal.matchers.Same_ESTest)
java.lang.NullPointerException
	at org.evosuite.runtime.System.toString(System.java:240)
	at org.mockito.internal.matchers.Same.describeTo(Same.java:29)
	at org.mockito.internal.matchers.Same_ESTest.test1(Same_ESTest.java:53)
	at java.base/jdk.internal.reflect.NativeMethodAccessorImpl.invoke0(Native Method)
	at java.base/jdk.internal.reflect.NativeMethodAccessorImpl.invoke(NativeMethodAccessorImpl.java:62)
	at java.base/jdk.internal.reflect.DelegatingMethodAccessorImpl.invoke(DelegatingMethodAccessorImpl.java:43)
	at java.base/java.lang.reflect.Method.invoke(Method.java:566)
	at org.junit.runners.model.FrameworkMethod$1.runReflectiveCall(FrameworkMethod.java:50)
	at org.junit.internal.runners.model.ReflectiveCallable.run(ReflectiveCallable.java:12)
	at org.junit.runners.model.FrameworkMethod.invokeExplosively(FrameworkMethod.java:47)
	at org.junit.internal.runners.statements.InvokeMethod.evaluate(InvokeMethod.java:17)
	at org.junit.internal.runners.statements.FailOnTimeout$CallableStatement.call(FailOnTimeout.java:298)
	at org.junit.internal.runners.statements.FailOnTimeout$CallableStatement.call(FailOnTimeout.java:292)
	at java.base/java.util.concurrent.FutureTask.run(FutureTask.java:264)
	at java.base/java.lang.Thread.run(Thread.java:829)

FAILURES!!!
Tests run: 7,  Failures: 1

SLF4J: Failed to load class "org.slf4j.impl.StaticLoggerBinder".
SLF4J: Defaulting to no-operation (NOP) logger implementation
SLF4J: See http://www.slf4j.org/codes.html#StaticLoggerBinder for further details.
WARNING: An illegal reflective access operation has occurred
WARNING: Illegal reflective access by org.evosuite.runtime.GuiSupport (file:/opt/evosuite/evosuite-standalone-runtime-1.2.0.jar) to field java.awt.GraphicsEnvironment.headless
WARNING: Please consider reporting this to the maintainers of org.evosuite.runtime.GuiSupport
WARNING: Use --illegal-access=warn to enable warnings of further illegal reflective access operations
WARNING: All illegal access operations will be denied in a future release

[exit=1 timeout=False time=0.7s]
