
$ defects4j checkout -p Closure -v 166f -w /work/Closure_166f
Checking out 8d583551 to /work/Closure_166f................................ OK
Init local repository...................................................... OK
Tag post-fix revision...................................................... OK
sed: can't read /work/Closure_166f/lib/rhino/src/mozilla/js/rhino/build.properties: No such file or directory
sed: can't read /work/Closure_166f/lib/rhino/src/mozilla/js/rhino/build.properties: No such file or directory
Run post-checkout hook..................................................... OK
Excluding broken/flaky tests............................................... OK
Excluding broken/flaky tests............................................... OK
Initialize fixed program version........................................... OK
Apply patch................................................................ OK
Initialize buggy program version........................................... OK
Diff 8d583551:4f663a93..................................................... OK
Apply patch................................................................ OK
Tag pre-fix revision....................................................... OK
Check out program version: Closure-166f.................................... OK

[exit=0 timeout=False time=3.4s]

$ defects4j compile -w /work/Closure_166f
Running ant (compile)...................................................... OK
Running ant (compile.tests)................................................ OK

[exit=0 timeout=False time=24.8s]

$ defects4j checkout -p Closure -v 166b -w /work/Closure_166b
Checking out 8d583551 to /work/Closure_166b................................ OK
Init local repository...................................................... OK
Tag post-fix revision...................................................... OK
sed: can't read /work/Closure_166b/lib/rhino/src/mozilla/js/rhino/build.properties: No such file or directory
sed: can't read /work/Closure_166b/lib/rhino/src/mozilla/js/rhino/build.properties: No such file or directory
Run post-checkout hook..................................................... OK
Excluding broken/flaky tests............................................... OK
Excluding broken/flaky tests............................................... OK
Initialize fixed program version........................................... OK
Apply patch................................................................ OK
Initialize buggy program version........................................... OK
Diff 8d583551:4f663a93..................................................... OK
Apply patch................................................................ OK
Tag pre-fix revision....................................................... OK
Check out program version: Closure-166b.................................... OK

[exit=0 timeout=False time=4.0s]

$ defects4j compile -w /work/Closure_166b
Running ant (compile)...................................................... OK
Running ant (compile.tests)................................................ OK

[exit=0 timeout=False time=19.2s]

$ java -cp /work/jqwik_harness:/workspace/lib/jqwik/jqwik-1.7.4.jar:/workspace/lib/jqwik/jqwik-api-1.7.4.jar:/workspace/lib/jqwik/jqwik-engine-1.7.4.jar pbt.auto.Generate --targets com.google.javascript.rhino.jstype.PrototypeObjectType --fixed-cp /work/Closure_166f/build/classes:/work/Closure_166f/lib/args4j.jar:/work/Closure_166f/lib/guava.jar:/work/Closure_166f/lib/json.jar:/work/Closure_166f/lib/jsr305.jar:/work/Closure_166f/lib/protobuf-java.jar:/work/Closure_166f/build/lib/rhino.jar:/work/Closure_166f/lib/ant.jar:/work/Closure_166f/lib/ant-launcher.jar:/work/Closure_166f/lib/caja-r4314.jar:/work/Closure_166f/lib/jarjar.jar:/work/Closure_166f/lib/junit.jar:/work/Closure_166f/build/test --buggy-cp /work/Closure_166b/build/classes:/work/Closure_166b/lib/args4j.jar:/work/Closure_166b/lib/guava.jar:/work/Closure_166b/lib/json.jar:/work/Closure_166b/lib/jsr305.jar:/work/Closure_166b/lib/protobuf-java.jar:/work/Closure_166b/build/lib/rhino.jar:/work/Closure_166b/lib/ant.jar:/work/Closure_166b/lib/ant-launcher.jar:/work/Closure_166b/lib/caja-r4314.jar:/work/Closure_166b/lib/jarjar.jar:/work/Closure_166b/lib/junit.jar:/work/Closure_166b/build/test --out /workspace/jqwik/Auto/Closure_166 --max-methods 150
generated test classes: 1 / 1

[exit=0 timeout=False time=0.3s]

$ javac -nowarn -encoding UTF-8 -cp /work/Closure_166f/build/classes:/work/Closure_166f/lib/args4j.jar:/work/Closure_166f/lib/guava.jar:/work/Closure_166f/lib/json.jar:/work/Closure_166f/lib/jsr305.jar:/work/Closure_166f/lib/protobuf-java.jar:/work/Closure_166f/build/lib/rhino.jar:/work/Closure_166f/lib/ant.jar:/work/Closure_166f/lib/ant-launcher.jar:/work/Closure_166f/lib/caja-r4314.jar:/work/Closure_166f/lib/jarjar.jar:/work/Closure_166f/lib/junit.jar:/work/Closure_166f/build/test:/work/jqwik_harness:/workspace/lib/jqwik/jqwik-1.7.4.jar:/workspace/lib/jqwik/jqwik-api-1.7.4.jar:/workspace/lib/jqwik/jqwik-engine-1.7.4.jar -d /work/jqwik_out/Closure_166/auto_round1_tries200_seed1/classes_f /workspace/jqwik/Auto/Closure_166/com/google/javascript/rhino/jstype/PrototypeObjectType_AutoPbtTest.java

[exit=0 timeout=False time=1.3s]

$ javac -nowarn -encoding UTF-8 -cp /work/Closure_166b/build/classes:/work/Closure_166b/lib/args4j.jar:/work/Closure_166b/lib/guava.jar:/work/Closure_166b/lib/json.jar:/work/Closure_166b/lib/jsr305.jar:/work/Closure_166b/lib/protobuf-java.jar:/work/Closure_166b/build/lib/rhino.jar:/work/Closure_166b/lib/ant.jar:/work/Closure_166b/lib/ant-launcher.jar:/work/Closure_166b/lib/caja-r4314.jar:/work/Closure_166b/lib/jarjar.jar:/work/Closure_166b/lib/junit.jar:/work/Closure_166b/build/test:/work/jqwik_harness:/workspace/lib/jqwik/jqwik-1.7.4.jar:/workspace/lib/jqwik/jqwik-api-1.7.4.jar:/workspace/lib/jqwik/jqwik-engine-1.7.4.jar -d /work/jqwik_out/Closure_166/auto_round1_tries200_seed1/classes_b /workspace/jqwik/Auto/Closure_166/com/google/javascript/rhino/jstype/PrototypeObjectType_AutoPbtTest.java

[exit=0 timeout=False time=1.7s]

$ java -Djava.awt.headless=true -Xss4m -Xmx1g -Dpbt.seed=1 -Dpbt.tries=200 -Dpbt.snapshot.dir=/work/jqwik_out/Closure_166/auto_round1_tries200_seed1/snapshots -Dpbt.propertyBudgetMs=5000 -Dpbt.mask=/work/Closure_166f:/work/Closure_166b:/work/jqwik_out/Closure_166/auto_round1_tries200_seed1/classes_f:/work/jqwik_out/Closure_166/auto_round1_tries200_seed1/classes_b -Dpbt.mode=record -jar /workspace/lib/jqwik/junit-platform-console-standalone-1.9.3.jar --disable-banner --details tree --class-path /work/jqwik_out/Closure_166/auto_round1_tries200_seed1/classes_f:/work/Closure_166f/build/classes:/work/Closure_166f/lib/args4j.jar:/work/Closure_166f/lib/guava.jar:/work/Closure_166f/lib/json.jar:/work/Closure_166f/lib/jsr305.jar:/work/Closure_166f/lib/protobuf-java.jar:/work/Closure_166f/build/lib/rhino.jar:/work/Closure_166f/lib/ant.jar:/work/Closure_166f/lib/ant-launcher.jar:/work/Closure_166f/lib/caja-r4314.jar:/work/Closure_166f/lib/jarjar.jar:/work/Closure_166f/lib/junit.jar:/work/Closure_166f/build/test:/work/jqwik_harness:/workspace/lib/jqwik/jqwik-1.7.4.jar:/workspace/lib/jqwik/jqwik-api-1.7.4.jar:/workspace/lib/jqwik/jqwik-engine-1.7.4.jar --scan-class-path /work/jqwik_out/Closure_166/auto_round1_tries200_seed1/classes_f --include-classname .* --include-engine jqwik --config jqwik.database=/workspace/jqwik/Result_auto_Round1/Closure_166/tries200_seed1/reports_record/jqwik-database --config jqwik.tries.default=200 --reports-dir /workspace/jqwik/Result_auto_Round1/Closure_166/tries200_seed1/reports_record
| # of calls to property
checks = 200                  | # of not rejected calls
generation = RANDOMIZED       | parameters are randomly generated
after-failure = SAMPLE_FIRST  | try previously failed sample, then previous seed
when-fixed-seed = ALLOW       | fixing the random seed is allowed
edge-cases#mode = NONE        | edge cases are not explicitly generated
seed = 1                      | random seed to reproduce generated values


timestamp = 2026-09-30T22:34:26.630143, PrototypeObjectType AutoPbtTest:m037 unboxesTo = 
                              |-----------------------jqwik-----------------------
tries = 200                   | # of calls to property
checks = 200                  | # of not rejected calls
generation = RANDOMIZED       | parameters are randomly generated
after-failure = SAMPLE_FIRST  | try previously failed sample, then previous seed
when-fixed-seed = ALLOW       | fixing the random seed is allowed
edge-cases#mode = NONE        | edge cases are not explicitly generated
seed = 1                      | random seed to reproduce generated values


[36m╷[0m
[36m└─[0m [36mjqwik (JUnit Platform)[0m [32m✔[0m
[36m   └─[0m [36mPrototypeObjectType AutoPbtTest[0m [32m✔[0m
[36m      ├─[0m [34mm020 isPrettyPrint[0m [32m✔[0m
[36m      ├─[0m [34mm009 getOwnerFunction[0m [32m✔[0m
[36m      ├─[0m [34mm010 getPropertiesCount[0m [32m✔[0m
[36m      ├─[0m [34mm030 removeProperty[0m [32m✔[0m
[36m      ├─[0m [34mm005 getCtorImplementedInterfaces[0m [32m✔[0m
[36m      ├─[0m [34mm014 getSlot[0m [32m✔[0m
[36m      ├─[0m [34mm001 collectPropertyNames[0m [32m✔[0m
[36m      ├─[0m [34mm026 matchRecordTypeConstraint[0m [32m✔[0m
[36m      ├─[0m [34mm004 getCtorExtendedInterfaces[0m [32m✔[0m
[36m      ├─[0m [34mm017 hasProperty[0m [32m✔[0m
[36m      ├─[0m [34mm002 defineProperty[0m [32m✔[0m
[36m      ├─[0m [34mm024 isSubtype[0m [32m✔[0m
[36m      ├─[0m [34mm025 matchConstraint[0m [32m✔[0m
[36m      ├─[0m [34mm000 canBeCalled[0m [32m✔[0m
[36m      ├─[0m [34mm018 hasReferenceName[0m [32m✔[0m
[36m      ├─[0m [34mm015 hasCachedValues[0m [32m✔[0m
[36m      ├─[0m [34mm033 setOwnerFunction[0m [32m✔[0m
[36m      ├─[0m [34mm019 isNativeObjectType[0m [32m✔[0m
[36m      ├─[0m [34mm007 getOwnPropertyJSDocInfo[0m [32m✔[0m
[36m      ├─[0m [34mm023 isPropertyTypeInferred[0m [32m✔[0m
[36m      ├─[0m [34mm032 setImplicitPrototype[0m [32m✔[0m
[36m      ├─[0m [34mm028 matchesObjectContext[0m [32m✔[0m
[36m      ├─[0m [34mm011 getPropertyNode[0m [32m✔[0m
[36m      ├─[0m [34mm022 isPropertyTypeDeclared[0m [32m✔[0m
[36m      ├─[0m [34mm031 resolveInternal[0m [32m✔[0m
[36m      ├─[0m [34mm036 toStringHelper[0m [32m✔[0m
[36m      ├─[0m [34mm003 getConstructor[0m [32m✔[0m
[36m      ├─[0m [34mm035 setPropertyJSDocInfo[0m [32m✔[0m
[36m      ├─[0m [34mm013 getReferenceName[0m [32m✔[0m
[36m      ├─[0m [34mm008 getOwnPropertyNames[0m [32m✔[0m
[36m      ├─[0m [34mm016 hasOwnProperty[0m [32m✔[0m
[36m      ├─[0m [34mm034 setPrettyPrint[0m [32m✔[0m
[36m      ├─[0m [34mm021 isPropertyInExterns[0m [32m✔[0m
[36m      ├─[0m [34mm027 matchesNumberContext[0m [32m✔[0m
[36m      ├─[0m [34mm006 getImplicitPrototype[0m [32m✔[0m
[36m      ├─[0m [34mm012 getPropertyType[0m [32m✔[0m
[36m      ├─[0m [34mm029 matchesStringContext[0m [32m✔[0m
[36m      └─[0m [34mm037 unboxesTo[0m [32m✔[0m

Test run finished after 6043 ms
[         2 containers found      ]
[         0 containers skipped    ]
[         2 containers started    ]
[         0 containers aborted    ]
[         2 containers successful ]
[         0 containers failed     ]
[        38 tests found           ]
[         0 tests skipped         ]
[        38 tests started         ]
[         0 tests aborted         ]
[        38 tests successful      ]
[         0 tests failed          ]


[exit=0 timeout=False time=7.8s]

$ java -Djava.awt.headless=true -Xss4m -Xmx1g -Dpbt.seed=1 -Dpbt.tries=200 -Dpbt.snapshot.dir=/work/jqwik_out/Closure_166/auto_round1_tries200_seed1/snapshots -Dpbt.propertyBudgetMs=5000 -Dpbt.mask=/work/Closure_166f:/work/Closure_166b:/work/jqwik_out/Closure_166/auto_round1_tries200_seed1/classes_f:/work/jqwik_out/Closure_166/auto_round1_tries200_seed1/classes_b -Dpbt.mode=check -javaagent:/opt/jacoco/lib/jacocoagent.jar=destfile=/workspace/jqwik/Result_auto_Round1/Closure_166/tries200_seed1/jacoco.exec -jar /workspace/lib/jqwik/junit-platform-console-standalone-1.9.3.jar --disable-banner --details tree --class-path /work/jqwik_out/Closure_166/auto_round1_tries200_seed1/classes_f:/work/Closure_166f/build/classes:/work/Closure_166f/lib/args4j.jar:/work/Closure_166f/lib/guava.jar:/work/Closure_166f/lib/json.jar:/work/Closure_166f/lib/jsr305.jar:/work/Closure_166f/lib/protobuf-java.jar:/work/Closure_166f/build/lib/rhino.jar:/work/Closure_166f/lib/ant.jar:/work/Closure_166f/lib/ant-launcher.jar:/work/Closure_166f/lib/caja-r4314.jar:/work/Closure_166f/lib/jarjar.jar:/work/Closure_166f/lib/junit.jar:/work/Closure_166f/build/test:/work/jqwik_harness:/workspace/lib/jqwik/jqwik-1.7.4.jar:/workspace/lib/jqwik/jqwik-api-1.7.4.jar:/workspace/lib/jqwik/jqwik-engine-1.7.4.jar --scan-class-path /work/jqwik_out/Closure_166/auto_round1_tries200_seed1/classes_f --include-classname .* --include-engine jqwik --config jqwik.database=/workspace/jqwik/Result_auto_Round1/Closure_166/tries200_seed1/reports_fixed/jqwik-database --config jqwik.tries.default=200 --reports-dir /workspace/jqwik/Result_auto_Round1/Closure_166/tries200_seed1/reports_fixed
| # of calls to property
checks = 200                  | # of not rejected calls
generation = RANDOMIZED       | parameters are randomly generated
after-failure = SAMPLE_FIRST  | try previously failed sample, then previous seed
when-fixed-seed = ALLOW       | fixing the random seed is allowed
edge-cases#mode = NONE        | edge cases are not explicitly generated
seed = 1                      | random seed to reproduce generated values


timestamp = 2026-09-30T22:34:34.628222, PrototypeObjectType AutoPbtTest:m037 unboxesTo = 
                              |-----------------------jqwik-----------------------
tries = 200                   | # of calls to property
checks = 200                  | # of not rejected calls
generation = RANDOMIZED       | parameters are randomly generated
after-failure = SAMPLE_FIRST  | try previously failed sample, then previous seed
when-fixed-seed = ALLOW       | fixing the random seed is allowed
edge-cases#mode = NONE        | edge cases are not explicitly generated
seed = 1                      | random seed to reproduce generated values


[36m╷[0m
[36m└─[0m [36mjqwik (JUnit Platform)[0m [32m✔[0m
[36m   └─[0m [36mPrototypeObjectType AutoPbtTest[0m [32m✔[0m
[36m      ├─[0m [34mm020 isPrettyPrint[0m [32m✔[0m
[36m      ├─[0m [34mm009 getOwnerFunction[0m [32m✔[0m
[36m      ├─[0m [34mm010 getPropertiesCount[0m [32m✔[0m
[36m      ├─[0m [34mm030 removeProperty[0m [32m✔[0m
[36m      ├─[0m [34mm005 getCtorImplementedInterfaces[0m [32m✔[0m
[36m      ├─[0m [34mm014 getSlot[0m [32m✔[0m
[36m      ├─[0m [34mm001 collectPropertyNames[0m [32m✔[0m
[36m      ├─[0m [34mm026 matchRecordTypeConstraint[0m [32m✔[0m
[36m      ├─[0m [34mm004 getCtorExtendedInterfaces[0m [32m✔[0m
[36m      ├─[0m [34mm017 hasProperty[0m [32m✔[0m
[36m      ├─[0m [34mm002 defineProperty[0m [32m✔[0m
[36m      ├─[0m [34mm024 isSubtype[0m [32m✔[0m
[36m      ├─[0m [34mm025 matchConstraint[0m [32m✔[0m
[36m      ├─[0m [34mm000 canBeCalled[0m [32m✔[0m
[36m      ├─[0m [34mm018 hasReferenceName[0m [32m✔[0m
[36m      ├─[0m [34mm015 hasCachedValues[0m [32m✔[0m
[36m      ├─[0m [34mm033 setOwnerFunction[0m [32m✔[0m
[36m      ├─[0m [34mm019 isNativeObjectType[0m [32m✔[0m
[36m      ├─[0m [34mm007 getOwnPropertyJSDocInfo[0m [32m✔[0m
[36m      ├─[0m [34mm023 isPropertyTypeInferred[0m [32m✔[0m
[36m      ├─[0m [34mm032 setImplicitPrototype[0m [32m✔[0m
[36m      ├─[0m [34mm028 matchesObjectContext[0m [32m✔[0m
[36m      ├─[0m [34mm011 getPropertyNode[0m [32m✔[0m
[36m      ├─[0m [34mm022 isPropertyTypeDeclared[0m [32m✔[0m
[36m      ├─[0m [34mm031 resolveInternal[0m [32m✔[0m
[36m      ├─[0m [34mm036 toStringHelper[0m [32m✔[0m
[36m      ├─[0m [34mm003 getConstructor[0m [32m✔[0m
[36m      ├─[0m [34mm035 setPropertyJSDocInfo[0m [32m✔[0m
[36m      ├─[0m [34mm013 getReferenceName[0m [32m✔[0m
[36m      ├─[0m [34mm008 getOwnPropertyNames[0m [32m✔[0m
[36m      ├─[0m [34mm016 hasOwnProperty[0m [32m✔[0m
[36m      ├─[0m [34mm034 setPrettyPrint[0m [32m✔[0m
[36m      ├─[0m [34mm021 isPropertyInExterns[0m [32m✔[0m
[36m      ├─[0m [34mm027 matchesNumberContext[0m [32m✔[0m
[36m      ├─[0m [34mm006 getImplicitPrototype[0m [32m✔[0m
[36m      ├─[0m [34mm012 getPropertyType[0m [32m✔[0m
[36m      ├─[0m [34mm029 matchesStringContext[0m [32m✔[0m
[36m      └─[0m [34mm037 unboxesTo[0m [32m✔[0m

Test run finished after 5686 ms
[         2 containers found      ]
[         0 containers skipped    ]
[         2 containers started    ]
[         0 containers aborted    ]
[         2 containers successful ]
[         0 containers failed     ]
[        38 tests found           ]
[         0 tests skipped         ]
[        38 tests started         ]
[         0 tests aborted         ]
[        38 tests successful      ]
[         0 tests failed          ]


[exit=0 timeout=False time=15.0s]

$ java -jar /opt/jacoco/lib/jacococli.jar report /workspace/jqwik/Result_auto_Round1/Closure_166/tries200_seed1/jacoco.exec --classfiles /work/Closure_166f/build/classes --csv /workspace/jqwik/Result_auto_Round1/Closure_166/tries200_seed1/jacoco.csv
[INFO] Loading execution data file /workspace/jqwik/Result_auto_Round1/Closure_166/tries200_seed1/jacoco.exec.
[INFO] Analyzing 1163 classes.

[exit=0 timeout=False time=0.9s]

$ java -Djava.awt.headless=true -Xss4m -Xmx1g -Dpbt.seed=1 -Dpbt.tries=200 -Dpbt.snapshot.dir=/work/jqwik_out/Closure_166/auto_round1_tries200_seed1/snapshots -Dpbt.propertyBudgetMs=5000 -Dpbt.mask=/work/Closure_166f:/work/Closure_166b:/work/jqwik_out/Closure_166/auto_round1_tries200_seed1/classes_f:/work/jqwik_out/Closure_166/auto_round1_tries200_seed1/classes_b -Dpbt.mode=check -jar /workspace/lib/jqwik/junit-platform-console-standalone-1.9.3.jar --disable-banner --details tree --class-path /work/jqwik_out/Closure_166/auto_round1_tries200_seed1/classes_b:/work/Closure_166b/build/classes:/work/Closure_166b/lib/args4j.jar:/work/Closure_166b/lib/guava.jar:/work/Closure_166b/lib/json.jar:/work/Closure_166b/lib/jsr305.jar:/work/Closure_166b/lib/protobuf-java.jar:/work/Closure_166b/build/lib/rhino.jar:/work/Closure_166b/lib/ant.jar:/work/Closure_166b/lib/ant-launcher.jar:/work/Closure_166b/lib/caja-r4314.jar:/work/Closure_166b/lib/jarjar.jar:/work/Closure_166b/lib/junit.jar:/work/Closure_166b/build/test:/work/jqwik_harness:/workspace/lib/jqwik/jqwik-1.7.4.jar:/workspace/lib/jqwik/jqwik-api-1.7.4.jar:/workspace/lib/jqwik/jqwik-engine-1.7.4.jar --scan-class-path /work/jqwik_out/Closure_166/auto_round1_tries200_seed1/classes_b --include-classname .* --include-engine jqwik --config jqwik.database=/workspace/jqwik/Result_auto_Round1/Closure_166/tries200_seed1/reports_buggy/jqwik-database --config jqwik.tries.default=200 --reports-dir /workspace/jqwik/Result_auto_Round1/Closure_166/tries200_seed1/reports_buggy
| # of calls to property
checks = 200                  | # of not rejected calls
generation = RANDOMIZED       | parameters are randomly generated
after-failure = SAMPLE_FIRST  | try previously failed sample, then previous seed
when-fixed-seed = ALLOW       | fixing the random seed is allowed
edge-cases#mode = NONE        | edge cases are not explicitly generated
seed = 1                      | random seed to reproduce generated values


timestamp = 2026-09-30T22:34:50.643851, PrototypeObjectType AutoPbtTest:m037 unboxesTo = 
                              |-----------------------jqwik-----------------------
tries = 200                   | # of calls to property
checks = 200                  | # of not rejected calls
generation = RANDOMIZED       | parameters are randomly generated
after-failure = SAMPLE_FIRST  | try previously failed sample, then previous seed
when-fixed-seed = ALLOW       | fixing the random seed is allowed
edge-cases#mode = NONE        | edge cases are not explicitly generated
seed = 1                      | random seed to reproduce generated values


[36m╷[0m
[36m└─[0m [36mjqwik (JUnit Platform)[0m [32m✔[0m
[36m   └─[0m [36mPrototypeObjectType AutoPbtTest[0m [32m✔[0m
[36m      ├─[0m [34mm020 isPrettyPrint[0m [32m✔[0m
[36m      ├─[0m [34mm009 getOwnerFunction[0m [32m✔[0m
[36m      ├─[0m [34mm010 getPropertiesCount[0m [32m✔[0m
[36m      ├─[0m [34mm030 removeProperty[0m [32m✔[0m
[36m      ├─[0m [34mm005 getCtorImplementedInterfaces[0m [32m✔[0m
[36m      ├─[0m [34mm014 getSlot[0m [32m✔[0m
[36m      ├─[0m [34mm001 collectPropertyNames[0m [32m✔[0m
[36m      ├─[0m [34mm026 matchRecordTypeConstraint[0m [32m✔[0m
[36m      ├─[0m [34mm004 getCtorExtendedInterfaces[0m [32m✔[0m
[36m      ├─[0m [34mm017 hasProperty[0m [32m✔[0m
[36m      ├─[0m [34mm002 defineProperty[0m [32m✔[0m
[36m      ├─[0m [34mm024 isSubtype[0m [32m✔[0m
[36m      ├─[0m [34mm025 matchConstraint[0m [32m✔[0m
[36m      ├─[0m [34mm000 canBeCalled[0m [32m✔[0m
[36m      ├─[0m [34mm018 hasReferenceName[0m [32m✔[0m
[36m      ├─[0m [34mm015 hasCachedValues[0m [32m✔[0m
[36m      ├─[0m [34mm033 setOwnerFunction[0m [32m✔[0m
[36m      ├─[0m [34mm019 isNativeObjectType[0m [32m✔[0m
[36m      ├─[0m [34mm007 getOwnPropertyJSDocInfo[0m [32m✔[0m
[36m      ├─[0m [34mm023 isPropertyTypeInferred[0m [32m✔[0m
[36m      ├─[0m [34mm032 setImplicitPrototype[0m [32m✔[0m
[36m      ├─[0m [34mm028 matchesObjectContext[0m [32m✔[0m
[36m      ├─[0m [34mm011 getPropertyNode[0m [32m✔[0m
[36m      ├─[0m [34mm022 isPropertyTypeDeclared[0m [32m✔[0m
[36m      ├─[0m [34mm031 resolveInternal[0m [32m✔[0m
[36m      ├─[0m [34mm036 toStringHelper[0m [32m✔[0m
[36m      ├─[0m [34mm003 getConstructor[0m [32m✔[0m
[36m      ├─[0m [34mm035 setPropertyJSDocInfo[0m [32m✔[0m
[36m      ├─[0m [34mm013 getReferenceName[0m [32m✔[0m
[36m      ├─[0m [34mm008 getOwnPropertyNames[0m [32m✔[0m
[36m      ├─[0m [34mm016 hasOwnProperty[0m [32m✔[0m
[36m      ├─[0m [34mm034 setPrettyPrint[0m [32m✔[0m
[36m      ├─[0m [34mm021 isPropertyInExterns[0m [32m✔[0m
[36m      ├─[0m [34mm027 matchesNumberContext[0m [32m✔[0m
[36m      ├─[0m [34mm006 getImplicitPrototype[0m [32m✔[0m
[36m      ├─[0m [34mm012 getPropertyType[0m [32m✔[0m
[36m      ├─[0m [34mm029 matchesStringContext[0m [32m✔[0m
[36m      └─[0m [34mm037 unboxesTo[0m [32m✔[0m

Test run finished after 5594 ms
[         2 containers found      ]
[         0 containers skipped    ]
[         2 containers started    ]
[         0 containers aborted    ]
[         2 containers successful ]
[         0 containers failed     ]
[        38 tests found           ]
[         0 tests skipped         ]
[        38 tests started         ]
[         0 tests aborted         ]
[        38 tests successful      ]
[         0 tests failed          ]


[exit=0 timeout=False time=6.9s]
