
$ javac -nowarn -encoding UTF-8 -cp /work/Closure_104f/build/classes:/work/Closure_104f/lib/ant_deploy.jar:/work/Closure_104f/lib/google_common_deploy.jar:/work/Closure_104f/lib/hamcrest-core-1.1.jar:/work/Closure_104f/lib/junit4-core.jar:/work/Closure_104f/lib/junit4-legacy.jar:/work/Closure_104f/lib/libtrunk_rhino_parser_jarjared.jar:/work/Closure_104f/lib/protobuf_deploy.jar:/work/Closure_104f/build/test:/work/jqwik_harness:/workspace/lib/jqwik/jqwik-1.7.4.jar:/workspace/lib/jqwik/jqwik-api-1.7.4.jar:/workspace/lib/jqwik/jqwik-engine-1.7.4.jar -d /work/jqwik_out/Closure_104/auto_round2_tries1000_seed1/classes_f /workspace/jqwik/Auto/Closure_104/com/google/javascript/rhino/jstype/UnionType_AutoPbtTest.java

[exit=0 timeout=False time=1.0s]

$ javac -nowarn -encoding UTF-8 -cp /work/Closure_104b/build/classes:/work/Closure_104b/lib/ant_deploy.jar:/work/Closure_104b/lib/google_common_deploy.jar:/work/Closure_104b/lib/hamcrest-core-1.1.jar:/work/Closure_104b/lib/junit4-core.jar:/work/Closure_104b/lib/junit4-legacy.jar:/work/Closure_104b/lib/libtrunk_rhino_parser_jarjared.jar:/work/Closure_104b/lib/protobuf_deploy.jar:/work/Closure_104b/build/test:/work/jqwik_harness:/workspace/lib/jqwik/jqwik-1.7.4.jar:/workspace/lib/jqwik/jqwik-api-1.7.4.jar:/workspace/lib/jqwik/jqwik-engine-1.7.4.jar -d /work/jqwik_out/Closure_104/auto_round2_tries1000_seed1/classes_b /workspace/jqwik/Auto/Closure_104/com/google/javascript/rhino/jstype/UnionType_AutoPbtTest.java

[exit=0 timeout=False time=0.9s]

$ java -Djava.awt.headless=true -Xss4m -Xmx1g -Dpbt.seed=1 -Dpbt.tries=1000 -Dpbt.snapshot.dir=/work/jqwik_out/Closure_104/auto_round2_tries1000_seed1/snapshots -Dpbt.propertyBudgetMs=5000 -Dpbt.mask=/work/Closure_104f:/work/Closure_104b:/work/jqwik_out/Closure_104/auto_round2_tries1000_seed1/classes_f:/work/jqwik_out/Closure_104/auto_round2_tries1000_seed1/classes_b -Dpbt.mode=record -jar /workspace/lib/jqwik/junit-platform-console-standalone-1.9.3.jar --disable-banner --details tree --class-path /work/jqwik_out/Closure_104/auto_round2_tries1000_seed1/classes_f:/work/Closure_104f/build/classes:/work/Closure_104f/lib/ant_deploy.jar:/work/Closure_104f/lib/google_common_deploy.jar:/work/Closure_104f/lib/hamcrest-core-1.1.jar:/work/Closure_104f/lib/junit4-core.jar:/work/Closure_104f/lib/junit4-legacy.jar:/work/Closure_104f/lib/libtrunk_rhino_parser_jarjared.jar:/work/Closure_104f/lib/protobuf_deploy.jar:/work/Closure_104f/build/test:/work/jqwik_harness:/workspace/lib/jqwik/jqwik-1.7.4.jar:/workspace/lib/jqwik/jqwik-api-1.7.4.jar:/workspace/lib/jqwik/jqwik-engine-1.7.4.jar --scan-class-path /work/jqwik_out/Closure_104/auto_round2_tries1000_seed1/classes_f --include-classname .* --include-engine jqwik --config jqwik.database=/workspace/jqwik/Result_auto_Round2/Closure_104/tries1000_seed1/reports_record/jqwik-database --config jqwik.tries.default=1000 --reports-dir /workspace/jqwik/Result_auto_Round2/Closure_104/tries1000_seed1/reports_record
RANDOMIZED       | parameters are randomly generated
after-failure = SAMPLE_FIRST  | try previously failed sample, then previous seed
when-fixed-seed = ALLOW       | fixing the random seed is allowed
edge-cases#mode = NONE        | edge cases are not explicitly generated
seed = 1                      | random seed to reproduce generated values


timestamp = 2026-09-30T23:41:45.599787, UnionType AutoPbtTest:m017 isSubtype = 
                              |-----------------------jqwik-----------------------
tries = 1000                  | # of calls to property
checks = 1000                 | # of not rejected calls
generation = RANDOMIZED       | parameters are randomly generated
after-failure = SAMPLE_FIRST  | try previously failed sample, then previous seed
when-fixed-seed = ALLOW       | fixing the random seed is allowed
edge-cases#mode = NONE        | edge cases are not explicitly generated
seed = 1                      | random seed to reproduce generated values


timestamp = 2026-09-30T23:41:45.799628, UnionType AutoPbtTest:m015 isNullable = 
                              |-----------------------jqwik-----------------------
tries = 1000                  | # of calls to property
checks = 1000                 | # of not rejected calls
generation = RANDOMIZED       | parameters are randomly generated
after-failure = SAMPLE_FIRST  | try previously failed sample, then previous seed
when-fixed-seed = ALLOW       | fixing the random seed is allowed
edge-cases#mode = NONE        | edge cases are not explicitly generated
seed = 1                      | random seed to reproduce generated values


[36m╷[0m
[36m└─[0m [36mjqwik (JUnit Platform)[0m [32m✔[0m
[36m   └─[0m [36mUnionType AutoPbtTest[0m [32m✔[0m
[36m      ├─[0m [34mm002 contains[0m [32m✔[0m
[36m      ├─[0m [34mm026 testForEquality[0m [32m✔[0m
[36m      ├─[0m [34mm000 canAssignTo[0m [32m✔[0m
[36m      ├─[0m [34mm005 forgiveUnknownNames[0m [32m✔[0m
[36m      ├─[0m [34mm006 getAlternates[0m [32m✔[0m
[36m      ├─[0m [34mm001 canBeCalled[0m [32m✔[0m
[36m      ├─[0m [34mm020 matchesNumberContext[0m [32m✔[0m
[36m      ├─[0m [34mm022 matchesStringContext[0m [32m✔[0m
[36m      ├─[0m [34mm019 isUnknownType[0m [32m✔[0m
[36m      ├─[0m [34mm012 getTypesUnderInequality[0m [32m✔[0m
[36m      ├─[0m [34mm009 getRestrictedTypeGivenToBooleanOutcome[0m [32m✔[0m
[36m      ├─[0m [34mm016 isObject[0m [32m✔[0m
[36m      ├─[0m [34mm004 findPropertyType[0m [32m✔[0m
[36m      ├─[0m [34mm011 getTypesUnderEquality[0m [32m✔[0m
[36m      ├─[0m [34mm003 equals[0m [32m✔[0m
[36m      ├─[0m [34mm025 restrictByNotNullOrUndefined[0m [32m✔[0m
[36m      ├─[0m [34mm010 getRestrictedUnion[0m [32m✔[0m
[36m      ├─[0m [34mm027 toString[0m [32m✔[0m
[36m      ├─[0m [34mm014 hashCode[0m [32m✔[0m
[36m      ├─[0m [34mm013 getTypesUnderShallowInequality[0m [32m✔[0m
[36m      ├─[0m [34mcontract equalsHashCode[0m [32m✔[0m
[36m      ├─[0m [34mm018 isUnionType[0m [32m✔[0m
[36m      ├─[0m [34mm023 meet[0m [32m✔[0m
[36m      ├─[0m [34mm028 visit[0m [32m✔[0m
[36m      ├─[0m [34mm024 resolveInternal[0m [32m✔[0m
[36m      ├─[0m [34mm007 getLeastSupertype[0m [32m✔[0m
[36m      ├─[0m [34mm021 matchesObjectContext[0m [32m✔[0m
[36m      ├─[0m [34mm008 getPossibleToBooleanOutcomes[0m [32m✔[0m
[36m      ├─[0m [34mm017 isSubtype[0m [32m✔[0m
[36m      └─[0m [34mm015 isNullable[0m [32m✔[0m

Test run finished after 11529 ms
[         2 containers found      ]
[         0 containers skipped    ]
[         2 containers started    ]
[         0 containers aborted    ]
[         2 containers successful ]
[         0 containers failed     ]
[        30 tests found           ]
[         0 tests skipped         ]
[        30 tests started         ]
[         0 tests aborted         ]
[        30 tests successful      ]
[         0 tests failed          ]


[exit=0 timeout=False time=12.6s]

$ java -Djava.awt.headless=true -Xss4m -Xmx1g -Dpbt.seed=1 -Dpbt.tries=1000 -Dpbt.snapshot.dir=/work/jqwik_out/Closure_104/auto_round2_tries1000_seed1/snapshots -Dpbt.propertyBudgetMs=5000 -Dpbt.mask=/work/Closure_104f:/work/Closure_104b:/work/jqwik_out/Closure_104/auto_round2_tries1000_seed1/classes_f:/work/jqwik_out/Closure_104/auto_round2_tries1000_seed1/classes_b -Dpbt.mode=check -javaagent:/opt/jacoco/lib/jacocoagent.jar=destfile=/workspace/jqwik/Result_auto_Round2/Closure_104/tries1000_seed1/jacoco.exec -jar /workspace/lib/jqwik/junit-platform-console-standalone-1.9.3.jar --disable-banner --details tree --class-path /work/jqwik_out/Closure_104/auto_round2_tries1000_seed1/classes_f:/work/Closure_104f/build/classes:/work/Closure_104f/lib/ant_deploy.jar:/work/Closure_104f/lib/google_common_deploy.jar:/work/Closure_104f/lib/hamcrest-core-1.1.jar:/work/Closure_104f/lib/junit4-core.jar:/work/Closure_104f/lib/junit4-legacy.jar:/work/Closure_104f/lib/libtrunk_rhino_parser_jarjared.jar:/work/Closure_104f/lib/protobuf_deploy.jar:/work/Closure_104f/build/test:/work/jqwik_harness:/workspace/lib/jqwik/jqwik-1.7.4.jar:/workspace/lib/jqwik/jqwik-api-1.7.4.jar:/workspace/lib/jqwik/jqwik-engine-1.7.4.jar --scan-class-path /work/jqwik_out/Closure_104/auto_round2_tries1000_seed1/classes_f --include-classname .* --include-engine jqwik --config jqwik.database=/workspace/jqwik/Result_auto_Round2/Closure_104/tries1000_seed1/reports_fixed/jqwik-database --config jqwik.tries.default=1000 --reports-dir /workspace/jqwik/Result_auto_Round2/Closure_104/tries1000_seed1/reports_fixed
RANDOMIZED       | parameters are randomly generated
after-failure = SAMPLE_FIRST  | try previously failed sample, then previous seed
when-fixed-seed = ALLOW       | fixing the random seed is allowed
edge-cases#mode = NONE        | edge cases are not explicitly generated
seed = 1                      | random seed to reproduce generated values


timestamp = 2026-09-30T23:42:01.712640, UnionType AutoPbtTest:m017 isSubtype = 
                              |-----------------------jqwik-----------------------
tries = 1000                  | # of calls to property
checks = 1000                 | # of not rejected calls
generation = RANDOMIZED       | parameters are randomly generated
after-failure = SAMPLE_FIRST  | try previously failed sample, then previous seed
when-fixed-seed = ALLOW       | fixing the random seed is allowed
edge-cases#mode = NONE        | edge cases are not explicitly generated
seed = 1                      | random seed to reproduce generated values


timestamp = 2026-09-30T23:42:02.012315, UnionType AutoPbtTest:m015 isNullable = 
                              |-----------------------jqwik-----------------------
tries = 1000                  | # of calls to property
checks = 1000                 | # of not rejected calls
generation = RANDOMIZED       | parameters are randomly generated
after-failure = SAMPLE_FIRST  | try previously failed sample, then previous seed
when-fixed-seed = ALLOW       | fixing the random seed is allowed
edge-cases#mode = NONE        | edge cases are not explicitly generated
seed = 1                      | random seed to reproduce generated values


[36m╷[0m
[36m└─[0m [36mjqwik (JUnit Platform)[0m [32m✔[0m
[36m   └─[0m [36mUnionType AutoPbtTest[0m [32m✔[0m
[36m      ├─[0m [34mm002 contains[0m [32m✔[0m
[36m      ├─[0m [34mm026 testForEquality[0m [32m✔[0m
[36m      ├─[0m [34mm000 canAssignTo[0m [32m✔[0m
[36m      ├─[0m [34mm005 forgiveUnknownNames[0m [32m✔[0m
[36m      ├─[0m [34mm006 getAlternates[0m [32m✔[0m
[36m      ├─[0m [34mm001 canBeCalled[0m [32m✔[0m
[36m      ├─[0m [34mm020 matchesNumberContext[0m [32m✔[0m
[36m      ├─[0m [34mm022 matchesStringContext[0m [32m✔[0m
[36m      ├─[0m [34mm019 isUnknownType[0m [32m✔[0m
[36m      ├─[0m [34mm012 getTypesUnderInequality[0m [32m✔[0m
[36m      ├─[0m [34mm009 getRestrictedTypeGivenToBooleanOutcome[0m [32m✔[0m
[36m      ├─[0m [34mm016 isObject[0m [32m✔[0m
[36m      ├─[0m [34mm004 findPropertyType[0m [32m✔[0m
[36m      ├─[0m [34mm011 getTypesUnderEquality[0m [32m✔[0m
[36m      ├─[0m [34mm003 equals[0m [32m✔[0m
[36m      ├─[0m [34mm025 restrictByNotNullOrUndefined[0m [32m✔[0m
[36m      ├─[0m [34mm010 getRestrictedUnion[0m [32m✔[0m
[36m      ├─[0m [34mm027 toString[0m [32m✔[0m
[36m      ├─[0m [34mm014 hashCode[0m [32m✔[0m
[36m      ├─[0m [34mm013 getTypesUnderShallowInequality[0m [32m✔[0m
[36m      ├─[0m [34mcontract equalsHashCode[0m [32m✔[0m
[36m      ├─[0m [34mm018 isUnionType[0m [32m✔[0m
[36m      ├─[0m [34mm023 meet[0m [32m✔[0m
[36m      ├─[0m [34mm028 visit[0m [32m✔[0m
[36m      ├─[0m [34mm024 resolveInternal[0m [32m✔[0m
[36m      ├─[0m [34mm007 getLeastSupertype[0m [32m✔[0m
[36m      ├─[0m [34mm021 matchesObjectContext[0m [32m✔[0m
[36m      ├─[0m [34mm008 getPossibleToBooleanOutcomes[0m [32m✔[0m
[36m      ├─[0m [34mm017 isSubtype[0m [32m✔[0m
[36m      └─[0m [34mm015 isNullable[0m [32m✔[0m

Test run finished after 14425 ms
[         2 containers found      ]
[         0 containers skipped    ]
[         2 containers started    ]
[         0 containers aborted    ]
[         2 containers successful ]
[         0 containers failed     ]
[        30 tests found           ]
[         0 tests skipped         ]
[        30 tests started         ]
[         0 tests aborted         ]
[        30 tests successful      ]
[         0 tests failed          ]


[exit=0 timeout=False time=24.3s]

$ java -jar /opt/jacoco/lib/jacococli.jar report /workspace/jqwik/Result_auto_Round2/Closure_104/tries1000_seed1/jacoco.exec --classfiles /work/Closure_104f/build/classes --csv /workspace/jqwik/Result_auto_Round2/Closure_104/tries1000_seed1/jacoco.csv
[INFO] Loading execution data file /workspace/jqwik/Result_auto_Round2/Closure_104/tries1000_seed1/jacoco.exec.
[INFO] Analyzing 843 classes.

[exit=0 timeout=False time=1.2s]

$ java -Djava.awt.headless=true -Xss4m -Xmx1g -Dpbt.seed=1 -Dpbt.tries=1000 -Dpbt.snapshot.dir=/work/jqwik_out/Closure_104/auto_round2_tries1000_seed1/snapshots -Dpbt.propertyBudgetMs=5000 -Dpbt.mask=/work/Closure_104f:/work/Closure_104b:/work/jqwik_out/Closure_104/auto_round2_tries1000_seed1/classes_f:/work/jqwik_out/Closure_104/auto_round2_tries1000_seed1/classes_b -Dpbt.mode=check -jar /workspace/lib/jqwik/junit-platform-console-standalone-1.9.3.jar --disable-banner --details tree --class-path /work/jqwik_out/Closure_104/auto_round2_tries1000_seed1/classes_b:/work/Closure_104b/build/classes:/work/Closure_104b/lib/ant_deploy.jar:/work/Closure_104b/lib/google_common_deploy.jar:/work/Closure_104b/lib/hamcrest-core-1.1.jar:/work/Closure_104b/lib/junit4-core.jar:/work/Closure_104b/lib/junit4-legacy.jar:/work/Closure_104b/lib/libtrunk_rhino_parser_jarjared.jar:/work/Closure_104b/lib/protobuf_deploy.jar:/work/Closure_104b/build/test:/work/jqwik_harness:/workspace/lib/jqwik/jqwik-1.7.4.jar:/workspace/lib/jqwik/jqwik-api-1.7.4.jar:/workspace/lib/jqwik/jqwik-engine-1.7.4.jar --scan-class-path /work/jqwik_out/Closure_104/auto_round2_tries1000_seed1/classes_b --include-classname .* --include-engine jqwik --config jqwik.database=/workspace/jqwik/Result_auto_Round2/Closure_104/tries1000_seed1/reports_buggy/jqwik-database --config jqwik.tries.default=1000 --reports-dir /workspace/jqwik/Result_auto_Round2/Closure_104/tries1000_seed1/reports_buggy
RANDOMIZED       | parameters are randomly generated
after-failure = SAMPLE_FIRST  | try previously failed sample, then previous seed
when-fixed-seed = ALLOW       | fixing the random seed is allowed
edge-cases#mode = NONE        | edge cases are not explicitly generated
seed = 1                      | random seed to reproduce generated values


timestamp = 2026-09-30T23:42:25.059809, UnionType AutoPbtTest:m017 isSubtype = 
                              |-----------------------jqwik-----------------------
tries = 1000                  | # of calls to property
checks = 1000                 | # of not rejected calls
generation = RANDOMIZED       | parameters are randomly generated
after-failure = SAMPLE_FIRST  | try previously failed sample, then previous seed
when-fixed-seed = ALLOW       | fixing the random seed is allowed
edge-cases#mode = NONE        | edge cases are not explicitly generated
seed = 1                      | random seed to reproduce generated values


timestamp = 2026-09-30T23:42:25.208835, UnionType AutoPbtTest:m015 isNullable = 
                              |-----------------------jqwik-----------------------
tries = 1000                  | # of calls to property
checks = 1000                 | # of not rejected calls
generation = RANDOMIZED       | parameters are randomly generated
after-failure = SAMPLE_FIRST  | try previously failed sample, then previous seed
when-fixed-seed = ALLOW       | fixing the random seed is allowed
edge-cases#mode = NONE        | edge cases are not explicitly generated
seed = 1                      | random seed to reproduce generated values


[36m╷[0m
[36m└─[0m [36mjqwik (JUnit Platform)[0m [32m✔[0m
[36m   └─[0m [36mUnionType AutoPbtTest[0m [32m✔[0m
[36m      ├─[0m [34mm002 contains[0m [32m✔[0m
[36m      ├─[0m [34mm026 testForEquality[0m [32m✔[0m
[36m      ├─[0m [34mm000 canAssignTo[0m [32m✔[0m
[36m      ├─[0m [34mm005 forgiveUnknownNames[0m [32m✔[0m
[36m      ├─[0m [34mm006 getAlternates[0m [32m✔[0m
[36m      ├─[0m [34mm001 canBeCalled[0m [32m✔[0m
[36m      ├─[0m [34mm020 matchesNumberContext[0m [32m✔[0m
[36m      ├─[0m [34mm022 matchesStringContext[0m [32m✔[0m
[36m      ├─[0m [34mm019 isUnknownType[0m [32m✔[0m
[36m      ├─[0m [34mm012 getTypesUnderInequality[0m [32m✔[0m
[36m      ├─[0m [34mm009 getRestrictedTypeGivenToBooleanOutcome[0m [32m✔[0m
[36m      ├─[0m [34mm016 isObject[0m [32m✔[0m
[36m      ├─[0m [34mm004 findPropertyType[0m [32m✔[0m
[36m      ├─[0m [34mm011 getTypesUnderEquality[0m [32m✔[0m
[36m      ├─[0m [34mm003 equals[0m [32m✔[0m
[36m      ├─[0m [34mm025 restrictByNotNullOrUndefined[0m [32m✔[0m
[36m      ├─[0m [34mm010 getRestrictedUnion[0m [32m✔[0m
[36m      ├─[0m [34mm027 toString[0m [32m✔[0m
[36m      ├─[0m [34mm014 hashCode[0m [32m✔[0m
[36m      ├─[0m [34mm013 getTypesUnderShallowInequality[0m [32m✔[0m
[36m      ├─[0m [34mcontract equalsHashCode[0m [32m✔[0m
[36m      ├─[0m [34mm018 isUnionType[0m [32m✔[0m
[36m      ├─[0m [34mm023 meet[0m [32m✔[0m
[36m      ├─[0m [34mm028 visit[0m [32m✔[0m
[36m      ├─[0m [34mm024 resolveInternal[0m [32m✔[0m
[36m      ├─[0m [34mm007 getLeastSupertype[0m [32m✔[0m
[36m      ├─[0m [34mm021 matchesObjectContext[0m [32m✔[0m
[36m      ├─[0m [34mm008 getPossibleToBooleanOutcomes[0m [32m✔[0m
[36m      ├─[0m [34mm017 isSubtype[0m [32m✔[0m
[36m      └─[0m [34mm015 isNullable[0m [32m✔[0m

Test run finished after 11689 ms
[         2 containers found      ]
[         0 containers skipped    ]
[         2 containers started    ]
[         0 containers aborted    ]
[         2 containers successful ]
[         0 containers failed     ]
[        30 tests found           ]
[         0 tests skipped         ]
[        30 tests started         ]
[         0 tests aborted         ]
[        30 tests successful      ]
[         0 tests failed          ]


[exit=0 timeout=False time=12.9s]
