
$ defects4j checkout -p Csv -v 3f -w /work/Csv_3f
Checking out 2c612082 to /work/Csv_3f...................................... OK
Init local repository...................................................... OK
Tag post-fix revision...................................................... OK
Copy generated Ant build file.............................................. OK
Run post-checkout hook..................................................... OK
Backing up build file: /work/Csv_3f/maven-build.xml........................ OK
Initialize fixed program version........................................... OK
Apply patch................................................................ OK
Initialize buggy program version........................................... OK
Diff 2c612082:e3198089..................................................... OK
Apply patch................................................................ OK
Tag pre-fix revision....................................................... OK
Check out program version: Csv-3f.......................................... OK

[exit=0 timeout=False time=1.8s]

$ defects4j compile -w /work/Csv_3f
Running ant (compile)...................................................... OK
Running ant (compile.tests)................................................ OK

[exit=0 timeout=False time=9.8s]

$ defects4j checkout -p Csv -v 3b -w /work/Csv_3b
Checking out 2c612082 to /work/Csv_3b...................................... OK
Init local repository...................................................... OK
Tag post-fix revision...................................................... OK
Copy generated Ant build file.............................................. OK
Run post-checkout hook..................................................... OK
Backing up build file: /work/Csv_3b/maven-build.xml........................ OK
Initialize fixed program version........................................... OK
Apply patch................................................................ OK
Initialize buggy program version........................................... OK
Diff 2c612082:e3198089..................................................... OK
Apply patch................................................................ OK
Tag pre-fix revision....................................................... OK
Check out program version: Csv-3b.......................................... OK

[exit=0 timeout=False time=4.5s]

$ defects4j compile -w /work/Csv_3b
Running ant (compile)...................................................... OK
Running ant (compile.tests)................................................ OK

[exit=0 timeout=False time=9.6s]

$ java -cp /work/jqwik_harness:/workspace/lib/jqwik/jqwik-1.7.4.jar:/workspace/lib/jqwik/jqwik-api-1.7.4.jar:/workspace/lib/jqwik/jqwik-engine-1.7.4.jar pbt.auto.Generate --targets org.apache.commons.csv.Lexer --fixed-cp /work/Csv_3f/target/classes:/opt/defects4j/framework/projects/Csv/lib/junit/junit/4.11/junit-4.11.jar:/opt/defects4j/framework/projects/Csv/lib/org/hamcrest/hamcrest-core/1.3/hamcrest-core-1.3.jar:/opt/defects4j/framework/projects/Csv/lib/commons-io/commons-io/2.2/commons-io-2.2.jar:/opt/defects4j/framework/projects/Csv/lib/com/h2database/h2/1.3.168/h2-1.3.168.jar:/work/Csv_3f/target/test-classes:/opt/defects4j/framework/projects/lib/junit-4.12-hamcrest-1.3.jar:/opt/defects4j/framework/projects/Csv/lib/com/csvreader/1.0/javacsv.jar:/opt/defects4j/framework/projects/Csv/lib/com/generationjava/io/1.0/gj-csv-1.0.jar:/opt/defects4j/framework/projects/Csv/lib/com/h2database/h2/1.4.180/h2-1.4.180.jar:/opt/defects4j/framework/projects/Csv/lib/com/h2database/h2/1.4.181/h2-1.4.181.jar:/opt/defects4j/framework/projects/Csv/lib/com/h2database/h2/1.4.182/h2-1.4.182.jar:/opt/defects4j/framework/projects/Csv/lib/com/h2database/h2/1.4.196/h2-1.4.196.jar:/opt/defects4j/framework/projects/Csv/lib/com/h2database/h2/1.4.198/h2-1.4.198.jar:/opt/defects4j/framework/projects/Csv/lib/com/opencsv/4.0/opencsv-4.0.jar:/opt/defects4j/framework/projects/Csv/lib/commons-io/commons-io/2.4/commons-io-2.4.jar:/opt/defects4j/framework/projects/Csv/lib/commons-io/commons-io/2.5/commons-io-2.5.jar:/opt/defects4j/framework/projects/Csv/lib/commons-io/commons-io/2.6/commons-io-2.6.jar:/opt/defects4j/framework/projects/Csv/lib/junit/junit/3.8.1/junit-3.8.1.jar:/opt/defects4j/framework/projects/Csv/lib/junit/junit/4.10/junit-4.10.jar:/opt/defects4j/framework/projects/Csv/lib/junit/junit/4.12/junit-4.12.jar:/opt/defects4j/framework/projects/Csv/lib/org/apache/commons/commons-lang3/3.4/commons-lang3-3.4.jar:/opt/defects4j/framework/projects/Csv/lib/org/apache/commons/commons-lang3/3.6/commons-lang3-3.6.jar:/opt/defects4j/framework/projects/Csv/lib/org/apache/commons/commons-lang3/3.7/commons-lang3-3.7.jar:/opt/defects4j/framework/projects/Csv/lib/org/apache/commons/commons-lang3/3.8.1/commons-lang3-3.8.1.jar:/opt/defects4j/framework/projects/Csv/lib/org/hamcrest/hamcrest-core/1.1/hamcrest-core-1.1.jar:/opt/defects4j/framework/projects/Csv/lib/org/mockito/mockito-all/1.10.19/mockito-all-1.10.19.jar:/opt/defects4j/framework/projects/Csv/lib/org/mockito/mockito-all/1.9.5/mockito-all-1.9.5.jar:/opt/defects4j/framework/projects/Csv/lib/org/openjdk/jmh/1.21/jmh-core-1.21.jar:/opt/defects4j/framework/projects/Csv/lib/org/skife/csv/1.0/csv-1.0.jar:/opt/defects4j/framework/projects/Csv/lib/org/supercsv/2.4.0/super-csv-2.4.0.jar --buggy-cp /work/Csv_3b/target/classes:/opt/defects4j/framework/projects/Csv/lib/junit/junit/4.11/junit-4.11.jar:/opt/defects4j/framework/projects/Csv/lib/org/hamcrest/hamcrest-core/1.3/hamcrest-core-1.3.jar:/opt/defects4j/framework/projects/Csv/lib/commons-io/commons-io/2.2/commons-io-2.2.jar:/opt/defects4j/framework/projects/Csv/lib/com/h2database/h2/1.3.168/h2-1.3.168.jar:/work/Csv_3b/target/test-classes:/opt/defects4j/framework/projects/lib/junit-4.12-hamcrest-1.3.jar:/opt/defects4j/framework/projects/Csv/lib/com/csvreader/1.0/javacsv.jar:/opt/defects4j/framework/projects/Csv/lib/com/generationjava/io/1.0/gj-csv-1.0.jar:/opt/defects4j/framework/projects/Csv/lib/com/h2database/h2/1.4.180/h2-1.4.180.jar:/opt/defects4j/framework/projects/Csv/lib/com/h2database/h2/1.4.181/h2-1.4.181.jar:/opt/defects4j/framework/projects/Csv/lib/com/h2database/h2/1.4.182/h2-1.4.182.jar:/opt/defects4j/framework/projects/Csv/lib/com/h2database/h2/1.4.196/h2-1.4.196.jar:/opt/defects4j/framework/projects/Csv/lib/com/h2database/h2/1.4.198/h2-1.4.198.jar:/opt/defects4j/framework/projects/Csv/lib/com/opencsv/4.0/opencsv-4.0.jar:/opt/defects4j/framework/projects/Csv/lib/commons-io/commons-io/2.4/commons-io-2.4.jar:/opt/defects4j/framework/projects/Csv/lib/commons-io/commons-io/2.5/commons-io-2.5.jar:/opt/defects4j/framework/projects/Csv/lib/commons-io/commons-io/2.6/commons-io-2.6.jar:/opt/defects4j/framework/projects/Csv/lib/junit/junit/3.8.1/junit-3.8.1.jar:/opt/defects4j/framework/projects/Csv/lib/junit/junit/4.10/junit-4.10.jar:/opt/defects4j/framework/projects/Csv/lib/junit/junit/4.12/junit-4.12.jar:/opt/defects4j/framework/projects/Csv/lib/org/apache/commons/commons-lang3/3.4/commons-lang3-3.4.jar:/opt/defects4j/framework/projects/Csv/lib/org/apache/commons/commons-lang3/3.6/commons-lang3-3.6.jar:/opt/defects4j/framework/projects/Csv/lib/org/apache/commons/commons-lang3/3.7/commons-lang3-3.7.jar:/opt/defects4j/framework/projects/Csv/lib/org/apache/commons/commons-lang3/3.8.1/commons-lang3-3.8.1.jar:/opt/defects4j/framework/projects/Csv/lib/org/hamcrest/hamcrest-core/1.1/hamcrest-core-1.1.jar:/opt/defects4j/framework/projects/Csv/lib/org/mockito/mockito-all/1.10.19/mockito-all-1.10.19.jar:/opt/defects4j/framework/projects/Csv/lib/org/mockito/mockito-all/1.9.5/mockito-all-1.9.5.jar:/opt/defects4j/framework/projects/Csv/lib/org/openjdk/jmh/1.21/jmh-core-1.21.jar:/opt/defects4j/framework/projects/Csv/lib/org/skife/csv/1.0/csv-1.0.jar:/opt/defects4j/framework/projects/Csv/lib/org/supercsv/2.4.0/super-csv-2.4.0.jar --out /workspace/jqwik/Auto/Csv_3 --max-methods 150
generated test classes: 0 / 1

[exit=0 timeout=False time=0.5s]
