
$ defects4j checkout -p Lang -v 29f -w /work/Lang_29f
Checking out eb79f7c6 to /work/Lang_29f.................................... OK
Init local repository...................................................... OK
Tag post-fix revision...................................................... OK
Apply patch................................................................ OK
Copy generated Ant build file.............................................. OK
Run post-checkout hook..................................................... OK
Excluding broken/flaky tests............................................... OK
Excluding broken/flaky tests............................................... OK
Excluding broken/flaky tests............................................... OK
Backing up build file: /work/Lang_29f/maven-build.xml...................... OK
Initialize fixed program version........................................... OK
Apply patch................................................................ OK
Initialize buggy program version........................................... OK
Diff eb79f7c6:2d9a9ae5..................................................... OK
Apply patch................................................................ OK
Tag pre-fix revision....................................................... OK
Check out program version: Lang-29f........................................ OK

[exit=0 timeout=False time=10.3s]

$ defects4j compile -w /work/Lang_29f
Running ant (compile)...................................................... OK
Running ant (compile.tests)................................................ OK

[exit=0 timeout=False time=87.0s]

$ defects4j compile -w /work/Lang_29b
Running ant (compile)...................................................... OK
Running ant (compile.tests)................................................ OK

[exit=0 timeout=False time=11.9s]

$ java -cp /work/jqwik_harness:/workspace/lib/jqwik/jqwik-1.7.4.jar:/workspace/lib/jqwik/jqwik-api-1.7.4.jar:/workspace/lib/jqwik/jqwik-engine-1.7.4.jar pbt.auto.Generate --targets org.apache.commons.lang3.SystemUtils --fixed-cp /work/Lang_29f/target/classes:/opt/defects4j/framework/projects/Lang/lib/junit/junit/4.7/junit-4.7.jar:/opt/defects4j/framework/projects/Lang/lib/org/easymock/easymock/2.5.2/easymock-2.5.2.jar:/work/Lang_29f/target/test-classes:/opt/defects4j/framework/projects/Lang/lib/cglib.jar:/opt/defects4j/framework/projects/Lang/lib/asm.jar:/opt/defects4j/framework/projects/Lang/lib/easymock.jar:/opt/defects4j/framework/projects/Lang/lib/commons-io.jar:/opt/defects4j/framework/projects/lib/junit-4.12-hamcrest-1.3.jar --buggy-cp /work/Lang_29b/target/classes:/opt/defects4j/framework/projects/Lang/lib/junit/junit/4.7/junit-4.7.jar:/opt/defects4j/framework/projects/Lang/lib/org/easymock/easymock/2.5.2/easymock-2.5.2.jar:/work/Lang_29b/target/test-classes:/opt/defects4j/framework/projects/Lang/lib/cglib.jar:/opt/defects4j/framework/projects/Lang/lib/asm.jar:/opt/defects4j/framework/projects/Lang/lib/easymock.jar:/opt/defects4j/framework/projects/Lang/lib/commons-io.jar:/opt/defects4j/framework/projects/lib/junit-4.12-hamcrest-1.3.jar --out /workspace/jqwik/Auto/Lang_29 --max-methods 150
generated test classes: 1 / 1

[exit=0 timeout=False time=1.5s]

$ javac -nowarn -encoding UTF-8 -cp /work/Lang_29f/target/classes:/opt/defects4j/framework/projects/Lang/lib/junit/junit/4.7/junit-4.7.jar:/opt/defects4j/framework/projects/Lang/lib/org/easymock/easymock/2.5.2/easymock-2.5.2.jar:/work/Lang_29f/target/test-classes:/opt/defects4j/framework/projects/Lang/lib/cglib.jar:/opt/defects4j/framework/projects/Lang/lib/asm.jar:/opt/defects4j/framework/projects/Lang/lib/easymock.jar:/opt/defects4j/framework/projects/Lang/lib/commons-io.jar:/opt/defects4j/framework/projects/lib/junit-4.12-hamcrest-1.3.jar:/work/jqwik_harness:/workspace/lib/jqwik/jqwik-1.7.4.jar:/workspace/lib/jqwik/jqwik-api-1.7.4.jar:/workspace/lib/jqwik/jqwik-engine-1.7.4.jar -d /work/jqwik_out/Lang_29/auto_round1_tries200_seed1/classes_f /workspace/jqwik/Auto/Lang_29/org/apache/commons/lang3/SystemUtils_AutoPbtTest.java

[exit=0 timeout=False time=9.1s]

$ javac -nowarn -encoding UTF-8 -cp /work/Lang_29b/target/classes:/opt/defects4j/framework/projects/Lang/lib/junit/junit/4.7/junit-4.7.jar:/opt/defects4j/framework/projects/Lang/lib/org/easymock/easymock/2.5.2/easymock-2.5.2.jar:/work/Lang_29b/target/test-classes:/opt/defects4j/framework/projects/Lang/lib/cglib.jar:/opt/defects4j/framework/projects/Lang/lib/asm.jar:/opt/defects4j/framework/projects/Lang/lib/easymock.jar:/opt/defects4j/framework/projects/Lang/lib/commons-io.jar:/opt/defects4j/framework/projects/lib/junit-4.12-hamcrest-1.3.jar:/work/jqwik_harness:/workspace/lib/jqwik/jqwik-1.7.4.jar:/workspace/lib/jqwik/jqwik-api-1.7.4.jar:/workspace/lib/jqwik/jqwik-engine-1.7.4.jar -d /work/jqwik_out/Lang_29/auto_round1_tries200_seed1/classes_b /workspace/jqwik/Auto/Lang_29/org/apache/commons/lang3/SystemUtils_AutoPbtTest.java

[exit=0 timeout=False time=9.7s]

$ java -Djava.awt.headless=true -Xss4m -Xmx1g -Dpbt.seed=1 -Dpbt.tries=200 -Dpbt.snapshot.dir=/work/jqwik_out/Lang_29/auto_round1_tries200_seed1/snapshots -Dpbt.propertyBudgetMs=5000 -Dpbt.mask=/work/Lang_29f:/work/Lang_29b:/work/jqwik_out/Lang_29/auto_round1_tries200_seed1/classes_f:/work/jqwik_out/Lang_29/auto_round1_tries200_seed1/classes_b -Dpbt.mode=record -jar /workspace/lib/jqwik/junit-platform-console-standalone-1.9.3.jar --disable-banner --details tree --class-path /work/jqwik_out/Lang_29/auto_round1_tries200_seed1/classes_f:/work/Lang_29f/target/classes:/opt/defects4j/framework/projects/Lang/lib/junit/junit/4.7/junit-4.7.jar:/opt/defects4j/framework/projects/Lang/lib/org/easymock/easymock/2.5.2/easymock-2.5.2.jar:/work/Lang_29f/target/test-classes:/opt/defects4j/framework/projects/Lang/lib/cglib.jar:/opt/defects4j/framework/projects/Lang/lib/asm.jar:/opt/defects4j/framework/projects/Lang/lib/easymock.jar:/opt/defects4j/framework/projects/Lang/lib/commons-io.jar:/opt/defects4j/framework/projects/lib/junit-4.12-hamcrest-1.3.jar:/work/jqwik_harness:/workspace/lib/jqwik/jqwik-1.7.4.jar:/workspace/lib/jqwik/jqwik-api-1.7.4.jar:/workspace/lib/jqwik/jqwik-engine-1.7.4.jar --scan-class-path /work/jqwik_out/Lang_29/auto_round1_tries200_seed1/classes_f --include-classname .* --include-engine jqwik --config jqwik.database=/workspace/jqwik/Result_auto_Round1/Lang_29/tries200_seed1/reports_record/jqwik-database --config jqwik.tries.default=200 --reports-dir /workspace/jqwik/Result_auto_Round1/Lang_29/tries200_seed1/reports_record
                  | random seed to reproduce generated values


timestamp = 2026-09-26T10:34:45.767681, SystemUtils AutoPbtTest:m009 isOSNameMatch = 
                              |-----------------------jqwik-----------------------
tries = 200                   | # of calls to property
checks = 200                  | # of not rejected calls
generation = RANDOMIZED       | parameters are randomly generated
after-failure = SAMPLE_FIRST  | try previously failed sample, then previous seed
when-fixed-seed = ALLOW       | fixing the random seed is allowed
edge-cases#mode = NONE        | edge cases are not explicitly generated
seed = 1                      | random seed to reproduce generated values


timestamp = 2026-09-26T10:34:45.782115, SystemUtils AutoPbtTest:m000 getJavaHome = 
                              |-----------------------jqwik-----------------------
tries = 1                     | # of calls to property
checks = 1                    | # of not rejected calls
generation = EXHAUSTIVE       | parameters are exhaustively generated
after-failure = SAMPLE_FIRST  | try previously failed sample, then previous seed
when-fixed-seed = ALLOW       | fixing the random seed is allowed
edge-cases#mode = NONE        | edge cases are not explicitly generated
seed = 1                      | random seed to reproduce generated values


timestamp = 2026-09-26T10:34:45.826570, SystemUtils AutoPbtTest:m002 getUserDir = 
                              |-----------------------jqwik-----------------------
tries = 1                     | # of calls to property
checks = 1                    | # of not rejected calls
generation = EXHAUSTIVE       | parameters are exhaustively generated
after-failure = SAMPLE_FIRST  | try previously failed sample, then previous seed
when-fixed-seed = ALLOW       | fixing the random seed is allowed
edge-cases#mode = NONE        | edge cases are not explicitly generated
seed = 1                      | random seed to reproduce generated values


timestamp = 2026-09-26T10:34:46.427262, SystemUtils AutoPbtTest:m005 isJavaVersionAtLeast = 
                              |-----------------------jqwik-----------------------
tries = 200                   | # of calls to property
checks = 200                  | # of not rejected calls
generation = RANDOMIZED       | parameters are randomly generated
after-failure = SAMPLE_FIRST  | try previously failed sample, then previous seed
when-fixed-seed = ALLOW       | fixing the random seed is allowed
edge-cases#mode = NONE        | edge cases are not explicitly generated
seed = 1                      | random seed to reproduce generated values


[36m╷[0m
[36m└─[0m [36mjqwik (JUnit Platform)[0m [32m✔[0m
[36m   └─[0m [36mSystemUtils AutoPbtTest[0m [32m✔[0m
[36m      ├─[0m [34mm012 toJavaVersionIntArray[0m [32m✔[0m
[36m      ├─[0m [34mm010 toJavaVersionFloat[0m [32m✔[0m
[36m      ├─[0m [34mm011 toJavaVersionInt[0m [32m✔[0m
[36m      ├─[0m [34mm007 isJavaVersionMatch[0m [32m✔[0m
[36m      ├─[0m [34mm004 isJavaAwtHeadless[0m [32m✔[0m
[36m      ├─[0m [34mm006 isJavaVersionAtLeast[0m [32m✔[0m
[36m      ├─[0m [34mm008 isOSMatch[0m [32m✔[0m
[36m      ├─[0m [34mm003 getUserHome[0m [32m✔[0m
[36m      ├─[0m [34mm001 getJavaIoTmpDir[0m [32m✔[0m
[36m      ├─[0m [34mm009 isOSNameMatch[0m [32m✔[0m
[36m      ├─[0m [34mm000 getJavaHome[0m [32m✔[0m
[36m      ├─[0m [34mm002 getUserDir[0m [32m✔[0m
[36m      └─[0m [34mm005 isJavaVersionAtLeast[0m [32m✔[0m

Test run finished after 9466 ms
[         2 containers found      ]
[         0 containers skipped    ]
[         2 containers started    ]
[         0 containers aborted    ]
[         2 containers successful ]
[         0 containers failed     ]
[        13 tests found           ]
[         0 tests skipped         ]
[        13 tests started         ]
[         0 tests aborted         ]
[        13 tests successful      ]
[         0 tests failed          ]


[exit=0 timeout=False time=17.0s]

$ java -Djava.awt.headless=true -Xss4m -Xmx1g -Dpbt.seed=1 -Dpbt.tries=200 -Dpbt.snapshot.dir=/work/jqwik_out/Lang_29/auto_round1_tries200_seed1/snapshots -Dpbt.propertyBudgetMs=5000 -Dpbt.mask=/work/Lang_29f:/work/Lang_29b:/work/jqwik_out/Lang_29/auto_round1_tries200_seed1/classes_f:/work/jqwik_out/Lang_29/auto_round1_tries200_seed1/classes_b -Dpbt.mode=check -javaagent:/opt/jacoco/lib/jacocoagent.jar=destfile=/workspace/jqwik/Result_auto_Round1/Lang_29/tries200_seed1/jacoco.exec -jar /workspace/lib/jqwik/junit-platform-console-standalone-1.9.3.jar --disable-banner --details tree --class-path /work/jqwik_out/Lang_29/auto_round1_tries200_seed1/classes_f:/work/Lang_29f/target/classes:/opt/defects4j/framework/projects/Lang/lib/junit/junit/4.7/junit-4.7.jar:/opt/defects4j/framework/projects/Lang/lib/org/easymock/easymock/2.5.2/easymock-2.5.2.jar:/work/Lang_29f/target/test-classes:/opt/defects4j/framework/projects/Lang/lib/cglib.jar:/opt/defects4j/framework/projects/Lang/lib/asm.jar:/opt/defects4j/framework/projects/Lang/lib/easymock.jar:/opt/defects4j/framework/projects/Lang/lib/commons-io.jar:/opt/defects4j/framework/projects/lib/junit-4.12-hamcrest-1.3.jar:/work/jqwik_harness:/workspace/lib/jqwik/jqwik-1.7.4.jar:/workspace/lib/jqwik/jqwik-api-1.7.4.jar:/workspace/lib/jqwik/jqwik-engine-1.7.4.jar --scan-class-path /work/jqwik_out/Lang_29/auto_round1_tries200_seed1/classes_f --include-classname .* --include-engine jqwik --config jqwik.database=/workspace/jqwik/Result_auto_Round1/Lang_29/tries200_seed1/reports_fixed/jqwik-database --config jqwik.tries.default=200 --reports-dir /workspace/jqwik/Result_auto_Round1/Lang_29/tries200_seed1/reports_fixed
                 | random seed to reproduce generated values


timestamp = 2026-09-26T10:35:14.217693, SystemUtils AutoPbtTest:m009 isOSNameMatch = 
                              |-----------------------jqwik-----------------------
tries = 200                   | # of calls to property
checks = 200                  | # of not rejected calls
generation = RANDOMIZED       | parameters are randomly generated
after-failure = SAMPLE_FIRST  | try previously failed sample, then previous seed
when-fixed-seed = ALLOW       | fixing the random seed is allowed
edge-cases#mode = NONE        | edge cases are not explicitly generated
seed = 1                      | random seed to reproduce generated values


timestamp = 2026-09-26T10:35:14.283102, SystemUtils AutoPbtTest:m000 getJavaHome = 
                              |-----------------------jqwik-----------------------
tries = 1                     | # of calls to property
checks = 1                    | # of not rejected calls
generation = EXHAUSTIVE       | parameters are exhaustively generated
after-failure = SAMPLE_FIRST  | try previously failed sample, then previous seed
when-fixed-seed = ALLOW       | fixing the random seed is allowed
edge-cases#mode = NONE        | edge cases are not explicitly generated
seed = 1                      | random seed to reproduce generated values


timestamp = 2026-09-26T10:35:14.312333, SystemUtils AutoPbtTest:m002 getUserDir = 
                              |-----------------------jqwik-----------------------
tries = 1                     | # of calls to property
checks = 1                    | # of not rejected calls
generation = EXHAUSTIVE       | parameters are exhaustively generated
after-failure = SAMPLE_FIRST  | try previously failed sample, then previous seed
when-fixed-seed = ALLOW       | fixing the random seed is allowed
edge-cases#mode = NONE        | edge cases are not explicitly generated
seed = 1                      | random seed to reproduce generated values


timestamp = 2026-09-26T10:35:15.228398, SystemUtils AutoPbtTest:m005 isJavaVersionAtLeast = 
                              |-----------------------jqwik-----------------------
tries = 200                   | # of calls to property
checks = 200                  | # of not rejected calls
generation = RANDOMIZED       | parameters are randomly generated
after-failure = SAMPLE_FIRST  | try previously failed sample, then previous seed
when-fixed-seed = ALLOW       | fixing the random seed is allowed
edge-cases#mode = NONE        | edge cases are not explicitly generated
seed = 1                      | random seed to reproduce generated values


[36m╷[0m
[36m└─[0m [36mjqwik (JUnit Platform)[0m [32m✔[0m
[36m   └─[0m [36mSystemUtils AutoPbtTest[0m [32m✔[0m
[36m      ├─[0m [34mm012 toJavaVersionIntArray[0m [32m✔[0m
[36m      ├─[0m [34mm010 toJavaVersionFloat[0m [32m✔[0m
[36m      ├─[0m [34mm011 toJavaVersionInt[0m [32m✔[0m
[36m      ├─[0m [34mm007 isJavaVersionMatch[0m [32m✔[0m
[36m      ├─[0m [34mm004 isJavaAwtHeadless[0m [32m✔[0m
[36m      ├─[0m [34mm006 isJavaVersionAtLeast[0m [32m✔[0m
[36m      ├─[0m [34mm008 isOSMatch[0m [32m✔[0m
[36m      ├─[0m [34mm003 getUserHome[0m [32m✔[0m
[36m      ├─[0m [34mm001 getJavaIoTmpDir[0m [32m✔[0m
[36m      ├─[0m [34mm009 isOSNameMatch[0m [32m✔[0m
[36m      ├─[0m [34mm000 getJavaHome[0m [32m✔[0m
[36m      ├─[0m [34mm002 getUserDir[0m [32m✔[0m
[36m      └─[0m [34mm005 isJavaVersionAtLeast[0m [32m✔[0m

Test run finished after 16313 ms
[         2 containers found      ]
[         0 containers skipped    ]
[         2 containers started    ]
[         0 containers aborted    ]
[         2 containers successful ]
[         0 containers failed     ]
[        13 tests found           ]
[         0 tests skipped         ]
[        13 tests started         ]
[         0 tests aborted         ]
[        13 tests successful      ]
[         0 tests failed          ]


[exit=0 timeout=False time=49.2s]

$ java -jar /opt/jacoco/lib/jacococli.jar report /workspace/jqwik/Result_auto_Round1/Lang_29/tries200_seed1/jacoco.exec --classfiles /work/Lang_29f/target/classes --csv /workspace/jqwik/Result_auto_Round1/Lang_29/tries200_seed1/jacoco.csv
[INFO] Loading execution data file /workspace/jqwik/Result_auto_Round1/Lang_29/tries200_seed1/jacoco.exec.
[INFO] Analyzing 125 classes.

[exit=0 timeout=False time=2.6s]

$ java -Djava.awt.headless=true -Xss4m -Xmx1g -Dpbt.seed=1 -Dpbt.tries=200 -Dpbt.snapshot.dir=/work/jqwik_out/Lang_29/auto_round1_tries200_seed1/snapshots -Dpbt.propertyBudgetMs=5000 -Dpbt.mask=/work/Lang_29f:/work/Lang_29b:/work/jqwik_out/Lang_29/auto_round1_tries200_seed1/classes_f:/work/jqwik_out/Lang_29/auto_round1_tries200_seed1/classes_b -Dpbt.mode=check -jar /workspace/lib/jqwik/junit-platform-console-standalone-1.9.3.jar --disable-banner --details tree --class-path /work/jqwik_out/Lang_29/auto_round1_tries200_seed1/classes_b:/work/Lang_29b/target/classes:/opt/defects4j/framework/projects/Lang/lib/junit/junit/4.7/junit-4.7.jar:/opt/defects4j/framework/projects/Lang/lib/org/easymock/easymock/2.5.2/easymock-2.5.2.jar:/work/Lang_29b/target/test-classes:/opt/defects4j/framework/projects/Lang/lib/cglib.jar:/opt/defects4j/framework/projects/Lang/lib/asm.jar:/opt/defects4j/framework/projects/Lang/lib/easymock.jar:/opt/defects4j/framework/projects/Lang/lib/commons-io.jar:/opt/defects4j/framework/projects/lib/junit-4.12-hamcrest-1.3.jar:/work/jqwik_harness:/workspace/lib/jqwik/jqwik-1.7.4.jar:/workspace/lib/jqwik/jqwik-api-1.7.4.jar:/workspace/lib/jqwik/jqwik-engine-1.7.4.jar --scan-class-path /work/jqwik_out/Lang_29/auto_round1_tries200_seed1/classes_b --include-classname .* --include-engine jqwik --config jqwik.database=/workspace/jqwik/Result_auto_Round1/Lang_29/tries200_seed1/reports_buggy/jqwik-database --config jqwik.tries.default=200 --reports-dir /workspace/jqwik/Result_auto_Round1/Lang_29/tries200_seed1/reports_buggy
e, then previous seed
when-fixed-seed = ALLOW       | fixing the random seed is allowed
edge-cases#mode = NONE        | edge cases are not explicitly generated
seed = 1                      | random seed to reproduce generated values


timestamp = 2026-09-26T10:36:00.122361, SystemUtils AutoPbtTest:m005 isJavaVersionAtLeast = 
                              |-----------------------jqwik-----------------------
tries = 200                   | # of calls to property
checks = 200                  | # of not rejected calls
generation = RANDOMIZED       | parameters are randomly generated
after-failure = SAMPLE_FIRST  | try previously failed sample, then previous seed
when-fixed-seed = ALLOW       | fixing the random seed is allowed
edge-cases#mode = NONE        | edge cases are not explicitly generated
seed = 1                      | random seed to reproduce generated values


[36m╷[0m
[36m└─[0m [36mjqwik (JUnit Platform)[0m [32m✔[0m
[36m   └─[0m [36mSystemUtils AutoPbtTest[0m [32m✔[0m
[36m      ├─[0m [34mm012 toJavaVersionIntArray[0m [32m✔[0m
[36m      ├─[0m [34mm010 toJavaVersionFloat[0m [32m✔[0m
[36m      ├─[0m [31mm011 toJavaVersionInt[0m [31m✘[0m [31m[regression] org.apache.commons.lang3.SystemUtils.toJavaVersionInt(java.lang.String)[0m
[36m      │     [0m[31m     input:    toJavaVersionInt["-0xCd3d157feda119"][0m
[36m      │     [0m[31m     expected: ret=Integer:187[0m
[36m      │     [0m[31m     actual:   ret=Float:187.0[0m
[36m      ├─[0m [34mm007 isJavaVersionMatch[0m [32m✔[0m
[36m      ├─[0m [34mm004 isJavaAwtHeadless[0m [32m✔[0m
[36m      ├─[0m [34mm006 isJavaVersionAtLeast[0m [32m✔[0m
[36m      ├─[0m [34mm008 isOSMatch[0m [32m✔[0m
[36m      ├─[0m [34mm003 getUserHome[0m [32m✔[0m
[36m      ├─[0m [34mm001 getJavaIoTmpDir[0m [32m✔[0m
[36m      ├─[0m [34mm009 isOSNameMatch[0m [32m✔[0m
[36m      ├─[0m [34mm000 getJavaHome[0m [32m✔[0m
[36m      ├─[0m [34mm002 getUserDir[0m [32m✔[0m
[36m      └─[0m [34mm005 isJavaVersionAtLeast[0m [32m✔[0m

Failures (1):
  jqwik (JUnit Platform):SystemUtils AutoPbtTest:m011 toJavaVersionInt
    MethodSource [className = 'org.apache.commons.lang3.SystemUtils_AutoPbtTest', methodName = 'm011_toJavaVersionInt', methodParameterTypes = 'pbt.auto.AutoTarget$Call']
    => java.lang.AssertionError: [regression] org.apache.commons.lang3.SystemUtils.toJavaVersionInt(java.lang.String)
  input:    toJavaVersionInt["-0xCd3d157feda119"]
  expected: ret=Integer:187
  actual:   ret=Float:187.0
       pbt.auto.AutoTarget.check(AutoTarget.java:127)
       org.apache.commons.lang3.SystemUtils_AutoPbtTest.m011_toJavaVersionInt(SystemUtils_AutoPbtTest.java:125)
       java.base/jdk.internal.reflect.NativeMethodAccessorImpl.invoke0(Native Method)
       java.base/jdk.internal.reflect.NativeMethodAccessorImpl.invoke(NativeMethodAccessorImpl.java:62)
       java.base/jdk.internal.reflect.DelegatingMethodAccessorImpl.invoke(DelegatingMethodAccessorImpl.java:43)
       java.base/java.lang.reflect.Method.invoke(Method.java:566)
       org.junit.platform.commons.util.ReflectionUtils.invokeMethod(ReflectionUtils.java:727)
       org.junit.platform.commons.support.ReflectionSupport.invokeMethod(ReflectionSupport.java:198)
       net.jqwik.engine.execution.CheckedPropertyFactory.lambda$createRawFunction$1(CheckedPropertyFactory.java:84)
       net.jqwik.engine.execution.CheckedPropertyFactory.lambda$createRawFunction$2(CheckedPropertyFactory.java:91)
       [...]

Test run finished after 9371 ms
[         2 containers found      ]
[         0 containers skipped    ]
[         2 containers started    ]
[         0 containers aborted    ]
[         2 containers successful ]
[         0 containers failed     ]
[        13 tests found           ]
[         0 tests skipped         ]
[        13 tests started         ]
[         0 tests aborted         ]
[        12 tests successful      ]
[         1 tests failed          ]


[exit=1 timeout=False time=16.0s]
